
[1m[46m RUN [49m[22m [36mv4.0.13 [39m[90mC:/Users/DrawF/OneDrive/Projects/CodingProjects/XIVProjects/xivdyetools-web-app[39m

[90mstdout[2m | src/components/__tests__/dye-search-box.test.ts
[22m[39mΓ£à Dye database loaded: 136 dyes

[90mstdout[2m | src/components/__tests__/dye-search-box.test.ts
[22m[39mDetected browser locale: en

[90mstdout[2m | src/components/__tests__/dye-search-box.test.ts
[22m[39mLoaded web app translations for: en

[90mstdout[2m | src/components/__tests__/dye-search-box.test.ts
[22m[39mLocale changed to: en

[90mstdout[2m | src/components/__tests__/dye-search-box.test.ts
[22m[39mLanguage service initialized: en

 [32mΓ£ô[39m src/components/__tests__/dye-search-box.test.ts [2m([22m[2m7 tests[22m[2m)[22m[32m 60[2mms[22m[39m
node.exe : [31mΓÄ»ΓÄ»ΓÄ»ΓÄ»ΓÄ»ΓÄ»[39m[1m[41m Unhandled Errors 
[49m[22m[31mΓÄ»ΓÄ»ΓÄ»ΓÄ»ΓÄ»ΓÄ»[39m
At line:1 char:1
+ & "C:\Program Files\nodejs/node.exe" 
"C:\Users\DrawF\AppData\Roaming\ ...
+ 
~~~~~~~~~~~~~~~~~~~~~~~~~~~~~~~~~~~~~~~~~~~~~~~~~~~~~~~~~~~~~~~~~~~~~
    + CategoryInfo          : NotSpecified: ([31mΓÄ»ΓÄ»ΓÄ»Γ...»ΓÄ»Γ 
   Ä»ΓÄ»[39m:String) [], RemoteException
    + FullyQualifiedErrorId : NativeCommandError
 
[31m[1m
Vitest caught 1 unhandled error during the test run.
This might cause false positive tests. Resolve unhandled errors to 
make sure your tests are not affected.[22m[39m

[31mΓÄ»ΓÄ»ΓÄ»ΓÄ»[39m[1m[41m Unhandled Rejection 
[49m[22m[31mΓÄ»ΓÄ»ΓÄ»ΓÄ»ΓÄ»[39m
[31m[1mTypeError[22m: __vite_ssr_import_2__.logger.debug is not a 
function[39m
[36m [2mΓ¥»[22m 
src/services/api-service-wrapper.ts:[2m215:16[22m[39m
    [90m213| [39m      [35mvoid[39m [33mAPIService[39m[33m.[3
9mcacheBackend[33m.[39m[34minitialize[39m()[33m.[39m[34mthen[
39m(() [33m=>[39m {
    [90m214| [39m        
[33mAPIService[39m[33m.[39minitialized [33m=[39m 
[35mtrue[39m[33m;[39m
    [90m215| [39m        
logger[33m.[39m[34mdebug[39m([32m'IndexedDB cache backend 
initialized'[39m)[33m;[39m
    [90m   | [39m               [31m^[39m
    [90m216| [39m      })[33m;[39m
    [90m217| [39m    }
[90m [2mΓ¥»[22m processTicksAndRejections 
node:internal/process/task_queues:[2m105:5[22m[39m

[31mThis error originated in 
"[1msrc/components/__tests__/dye-search-box.test.ts[22m" test 
file. It doesn't mean the error was thrown inside the file itself, 
but while it was running.[39m
[31mΓÄ»ΓÄ»ΓÄ»ΓÄ»ΓÄ»ΓÄ»ΓÄ»ΓÄ»ΓÄ»ΓÄ»ΓÄ»ΓÄ»ΓÄ»ΓÄ»ΓÄ»ΓÄ»ΓÄ»ΓÄ»ΓÄ»ΓÄ»ΓÄ»Γ
Ä»ΓÄ»ΓÄ»ΓÄ»ΓÄ»ΓÄ»ΓÄ»ΓÄ»ΓÄ»[39m


[2m Test Files [22m [1m[32m1 passed[39m[22m[90m (1)[39m
[2m      Tests [22m [1m[32m7 passed[39m[22m[90m (7)[39m
[2m     Errors [22m [1m[31m1 error[39m[22m
[2m   Start at [22m 01:03:00
[2m   Duration [22m 2.71s[2m (transform 323ms, setup 186ms, collect 601ms, tests 60ms, environment 1.15s, prepare 21ms)[22m

