
> xivdyetools@2.4.8 test
> vitest --run --reporter=verbose


[1m[46m RUN [49m[22m [36mv4.0.13 [39m[90mC:/Users/DrawF/OneDrive/Projects/CodingProjects/XIVProjects/xivdyetools-web-app[39m

[90mstdout[2m | src/components/__tests__/app-layout.test.ts
[22m[39mΓ£à Dye database loaded: 136 dyes

[90mstdout[2m | src/components/__tests__/harmony-type.test.ts
[22m[39mΓ£à Dye database loaded: 136 dyes

[90mstdout[2m | src/components/__tests__/dye-selector.test.ts
[22m[39mΓ£à Dye database loaded: 136 dyes

 [32mΓ£ô[39m src/components/__tests__/harmony-generator-tool.test.ts[2m > [22mHarmonyGeneratorTool[2m > [22madds companion dyes in expanded mode even when only one match exists[32m 3[2mms[22m[39m
 [32mΓ£ô[39m src/components/__tests__/harmony-generator-tool.test.ts[2m > [22mHarmonyGeneratorTool[2m > [22mrenders two triadic matches when service returns both companions[32m 34[2mms[22m[39m
 [32mΓ£ô[39m src/components/__tests__/harmony-generator-tool.test.ts[2m > [22mHarmonyGeneratorTool[2m > [22mgetSimpleModeLimit method[2m > [22mshould return 2 for complementary harmony[32m 8[2mms[22m[39m
 [32mΓ£ô[39m src/components/__tests__/harmony-generator-tool.test.ts[2m > [22mHarmonyGeneratorTool[2m > [22mgetSimpleModeLimit method[2m > [22mshould return 3 for analogous harmony[32m 6[2mms[22m[39m
 [32mΓ£ô[39m src/components/__tests__/harmony-generator-tool.test.ts[2m > [22mHarmonyGeneratorTool[2m > [22mgetSimpleModeLimit method[2m > [22mshould return 3 for triadic harmony[32m 6[2mms[22m[39m
 [32mΓ£ô[39m src/components/__tests__/harmony-generator-tool.test.ts[2m > [22mHarmonyGeneratorTool[2m > [22mgetSimpleModeLimit method[2m > [22mshould return 4 for tetradic harmony[32m 8[2mms[22m[39m
 [32mΓ£ô[39m src/components/__tests__/harmony-generator-tool.test.ts[2m > [22mHarmonyGeneratorTool[2m > [22mgetSimpleModeLimit method[2m > [22mshould return 4 for square harmony[32m 7[2mms[22m[39m
 [32mΓ£ô[39m src/components/__tests__/harmony-generator-tool.test.ts[2m > [22mHarmonyGeneratorTool[2m > [22mgetSimpleModeLimit method[2m > [22mshould return 3 for monochromatic harmony[32m 8[2mms[22m[39m
 [32mΓ£ô[39m src/components/__tests__/harmony-generator-tool.test.ts[2m > [22mHarmonyGeneratorTool[2m > [22mgetSimpleModeLimit method[2m > [22mshould return 6 for unknown harmony type[32m 8[2mms[22m[39m
 [32mΓ£ô[39m src/components/__tests__/harmony-generator-tool.test.ts[2m > [22mHarmonyGeneratorTool[2m > [22mapplySuggestionsMode method[2m > [22mshould limit dyes in simple mode[32m 7[2mms[22m[39m
 [32mΓ£ô[39m src/components/__tests__/harmony-generator-tool.test.ts[2m > [22mHarmonyGeneratorTool[2m > [22mapplySuggestionsMode method[2m > [22mshould sort dyes by deviance[32m 7[2mms[22m[39m
 [32mΓ£ô[39m src/components/__tests__/harmony-generator-tool.test.ts[2m > [22mHarmonyGeneratorTool[2m > [22mcalculateHueDeviance method[2m > [22mshould return 0 for same colors[32m 9[2mms[22m[39m
 [32mΓ£ô[39m src/components/__tests__/harmony-generator-tool.test.ts[2m > [22mHarmonyGeneratorTool[2m > [22mcalculateHueDeviance method[2m > [22mshould return finite deviance for different colors[32m 9[2mms[22m[39m
 [32mΓ£ô[39m src/components/__tests__/harmony-generator-tool.test.ts[2m > [22mHarmonyGeneratorTool[2m > [22mapplyDyeFilters method[2m > [22mshould keep non-excluded dyes[32m 10[2mms[22m[39m
 [32mΓ£ô[39m src/components/__tests__/harmony-generator-tool.test.ts[2m > [22mHarmonyGeneratorTool[2m > [22mgetState method[2m > [22mshould return baseColor[32m 6[2mms[22m[39m
 [32mΓ£ô[39m src/components/__tests__/harmony-generator-tool.test.ts[2m > [22mHarmonyGeneratorTool[2m > [22mgetState method[2m > [22mshould return showPrices[32m 6[2mms[22m[39m
 [32mΓ£ô[39m src/components/__tests__/harmony-generator-tool.test.ts[2m > [22mHarmonyGeneratorTool[2m > [22mgetState method[2m > [22mshould return harmoniesGenerated count[32m 6[2mms[22m[39m
 [32mΓ£ô[39m src/components/__tests__/harmony-generator-tool.test.ts[2m > [22mHarmonyGeneratorTool[2m > [22mgetPaletteData method[2m > [22mshould return palette data with base dye[32m 6[2mms[22m[39m
 [32mΓ£ô[39m src/components/__tests__/harmony-generator-tool.test.ts[2m > [22mHarmonyGeneratorTool[2m > [22mgetPaletteData method[2m > [22mshould return empty groups initially[32m 5[2mms[22m[39m
 [32mΓ£ô[39m src/components/__tests__/harmony-generator-tool.test.ts[2m > [22mHarmonyGeneratorTool[2m > [22mlifecycle[2m > [22mshould render component successfully[32m 5[2mms[22m[39m
 [32mΓ£ô[39m src/components/__tests__/harmony-generator-tool.test.ts[2m > [22mHarmonyGeneratorTool[2m > [22mlifecycle[2m > [22mshould cleanup on destroy[32m 5[2mms[22m[39m
 [32mΓ£ô[39m src/components/__tests__/harmony-generator-tool.test.ts[2m > [22mHarmonyGeneratorTool[2m > [22mlifecycle[2m > [22mshould handle update cycle[32m 7[2mms[22m[39m
 [32mΓ£ô[39m src/components/__tests__/harmony-generator-tool.test.ts[2m > [22mHarmonyGeneratorTool[2m > [22mcomponent state[2m > [22mshould have default suggestionsMode of simple[32m 5[2mms[22m[39m
 [32mΓ£ô[39m src/components/__tests__/harmony-generator-tool.test.ts[2m > [22mHarmonyGeneratorTool[2m > [22mcomponent state[2m > [22mshould have default baseColor as empty string[32m 7[2mms[22m[39m
 [32mΓ£ô[39m src/components/__tests__/harmony-generator-tool.test.ts[2m > [22mHarmonyGeneratorTool[2m > [22mcomponent state[2m > [22mshould have showPrices default to false[32m 7[2mms[22m[39m
 [32mΓ£ô[39m src/components/__tests__/harmony-generator-tool.test.ts[2m > [22mHarmonyGeneratorTool[2m > [22mcomponent state[2m > [22mshould have empty priceData initially[32m 5[2mms[22m[39m
 [32mΓ£ô[39m src/components/__tests__/harmony-generator-tool.test.ts[2m > [22mHarmonyGeneratorTool[2m > [22mharmony type coverage[2m > [22mshould return 3 for split-complementary harmony[32m 6[2mms[22m[39m
 [32mΓ£ô[39m src/components/__tests__/harmony-generator-tool.test.ts[2m > [22mHarmonyGeneratorTool[2m > [22mharmony type coverage[2m > [22mshould return 4 for compound harmony[32m 11[2mms[22m[39m
 [32mΓ£ô[39m src/components/__tests__/harmony-generator-tool.test.ts[2m > [22mHarmonyGeneratorTool[2m > [22mharmony type coverage[2m > [22mshould return 3 for shades harmony[32m 4[2mms[22m[39m
 [32mΓ£ô[39m src/components/__tests__/harmony-generator-tool.test.ts[2m > [22mHarmonyGeneratorTool[2m > [22mtoggleCompanionSection branch coverage[2m > [22mshould show companion section when suggestionsMode is expanded[32m 4[2mms[22m[39m
 [32mΓ£ô[39m src/components/__tests__/harmony-generator-tool.test.ts[2m > [22mHarmonyGeneratorTool[2m > [22mtoggleCompanionSection branch coverage[2m > [22mshould hide companion section when suggestionsMode is simple[32m 4[2mms[22m[39m
 [32mΓ£ô[39m src/components/__tests__/harmony-generator-tool.test.ts[2m > [22mHarmonyGeneratorTool[2m > [22mtoggleCompanionSection branch coverage[2m > [22mshould handle missing companion section gracefully[32m 4[2mms[22m[39m
 [32mΓ£ô[39m src/components/__tests__/harmony-generator-tool.test.ts[2m > [22mHarmonyGeneratorTool[2m > [22mcalculateHueDeviance branch coverage[2m > [22mshould handle empty offsets array[32m 4[2mms[22m[39m
 [32mΓ£ô[39m src/components/__tests__/harmony-generator-tool.test.ts[2m > [22mHarmonyGeneratorTool[2m > [22mcalculateHueDeviance branch coverage[2m > [22mshould handle wrap-around hue values (359 vs 1)[32m 4[2mms[22m[39m
 [32mΓ£ô[39m src/components/__tests__/harmony-generator-tool.test.ts[2m > [22mHarmonyGeneratorTool[2m > [22mcalculateHueDeviance branch coverage[2m > [22mshould find minimum deviance across multiple offsets[32m 4[2mms[22m[39m
 [32mΓ£ô[39m src/components/__tests__/harmony-generator-tool.test.ts[2m > [22mHarmonyGeneratorTool[2m > [22misDyeExcluded branch coverage[2m > [22mshould return false when dyeFilters is null[32m 7[2mms[22m[39m
 [32mΓ£ô[39m src/components/__tests__/harmony-generator-tool.test.ts[2m > [22mHarmonyGeneratorTool[2m > [22mreplaceExcludedDyes branch coverage[2m > [22mshould keep non-excluded dyes as-is[32m 4[2mms[22m[39m
 [32mΓ£ô[39m src/components/__tests__/harmony-generator-tool.test.ts[2m > [22mHarmonyGeneratorTool[2m > [22mreplaceExcludedDyes branch coverage[2m > [22mshould skip Facewear dyes when finding alternatives[32m 4[2mms[22m[39m
 [32mΓ£ô[39m src/components/__tests__/harmony-generator-tool.test.ts[2m > [22mHarmonyGeneratorTool[2m > [22mupdateCompanionDyesDisplay branch coverage[2m > [22mshould not throw when display element does not exist[32m 5[2mms[22m[39m
 [32mΓ£ô[39m src/components/__tests__/harmony-generator-tool.test.ts[2m > [22mHarmonyGeneratorTool[2m > [22mupdateCompanionDyesDisplay branch coverage[2m > [22mshould update display when element exists[32m 5[2mms[22m[39m
 [32mΓ£ô[39m src/components/__tests__/harmony-generator-tool.test.ts[2m > [22mHarmonyGeneratorTool[2m > [22mupdateCompanionDyesCount branch coverage[2m > [22mshould not update when companionDyesInput is null[32m 4[2mms[22m[39m
 [32mΓ£ô[39m src/components/__tests__/harmony-generator-tool.test.ts[2m > [22mHarmonyGeneratorTool[2m > [22mupdateCompanionDyesCount branch coverage[2m > [22mshould update count when input exists[32m 4[2mms[22m[39m
 [32mΓ£ô[39m src/components/__tests__/harmony-generator-tool.test.ts[2m > [22mHarmonyGeneratorTool[2m > [22mloadCompanionDyesCount branch coverage[2m > [22mshould clamp value to minimum[32m 6[2mms[22m[39m
 [32mΓ£ô[39m src/components/__tests__/harmony-generator-tool.test.ts[2m > [22mHarmonyGeneratorTool[2m > [22mloadSuggestionsMode branch coverage[2m > [22mshould check correct radio button when found[32m 6[2mms[22m[39m
 [32mΓ£ô[39m src/components/__tests__/harmony-generator-tool.test.ts[2m > [22mHarmonyGeneratorTool[2m > [22mloadSuggestionsMode branch coverage[2m > [22mshould handle missing radio button gracefully[32m 9[2mms[22m[39m
 [32mΓ£ô[39m src/components/__tests__/harmony-generator-tool.test.ts[2m > [22mHarmonyGeneratorTool[2m > [22mupdateSuggestionsMode branch coverage[2m > [22mshould update mode when radio is checked[32m 4[2mms[22m[39m
 [32mΓ£ô[39m src/components/__tests__/harmony-generator-tool.test.ts[2m > [22mHarmonyGeneratorTool[2m > [22mupdateSuggestionsMode branch coverage[2m > [22mshould break loop after finding checked radio[32m 4[2mms[22m[39m
 [32mΓ£ô[39m src/components/__tests__/harmony-generator-tool.test.ts[2m > [22mHarmonyGeneratorTool[2m > [22mapplySuggestionsMode expanded mode branch coverage[2m > [22mshould stop adding companions when no more dyes available[32m 6[2mms[22m[39m
 [32mΓ£ô[39m src/components/__tests__/harmony-generator-tool.test.ts[2m > [22mHarmonyGeneratorTool[2m > [22mapplySuggestionsMode expanded mode branch coverage[2m > [22mshould skip used dye IDs in companion search[32m 6[2mms[22m[39m
 [32mΓ£ô[39m src/components/__tests__/harmony-generator-tool.test.ts[2m > [22mHarmonyGeneratorTool[2m > [22mgetPaletteData branch coverage[2m > [22mshould include groups with dyes[32m 9[2mms[22m[39m
 [32mΓ£ô[39m src/components/__tests__/harmony-generator-tool.test.ts[2m > [22mHarmonyGeneratorTool[2m > [22mgetPaletteData branch coverage[2m > [22mshould skip harmony groups with empty dyes array[32m 6[2mms[22m[39m
 [32mΓ£ô[39m src/components/__tests__/harmony-generator-tool.test.ts[2m > [22mHarmonyGeneratorTool[2m > [22mupdateAllDisplays branch coverage[2m > [22mshould update all displays with price data[32m 6[2mms[22m[39m
 [32mΓ£ô[39m src/components/__tests__/harmony-generator-tool.test.ts[2m > [22mHarmonyGeneratorTool[2m > [22mupdateAllDisplays branch coverage[2m > [22mshould handle empty harmonyDisplays[32m 4[2mms[22m[39m
 [32mΓ£ô[39m src/components/__tests__/harmony-generator-tool.test.ts[2m > [22mHarmonyGeneratorTool[2m > [22mbindEvents function coverage[2m > [22mshould call bindEvents without throwing[32m 14[2mms[22m[39m
 [32mΓ£ô[39m src/components/__tests__/harmony-generator-tool.test.ts[2m > [22mHarmonyGeneratorTool[2m > [22mbindEvents function coverage[2m > [22mshould initialize dye selector during bindEvents[32m 6[2mms[22m[39m
 [32mΓ£ô[39m src/components/__tests__/harmony-generator-tool.test.ts[2m > [22mHarmonyGeneratorTool[2m > [22mbindEvents function coverage[2m > [22mshould handle hex input value changes[32m 6[2mms[22m[39m
 [32mΓ£ô[39m src/components/__tests__/harmony-generator-tool.test.ts[2m > [22mHarmonyGeneratorTool[2m > [22mbindEvents function coverage[2m > [22mshould handle color picker value changes[32m 4[2mms[22m[39m
 [32mΓ£ô[39m src/components/__tests__/harmony-generator-tool.test.ts[2m > [22mHarmonyGeneratorTool[2m > [22mbindEvents function coverage[2m > [22mshould handle generate button click[32m 10[2mms[22m[39m
 [32mΓ£ô[39m src/components/__tests__/harmony-generator-tool.test.ts[2m > [22mHarmonyGeneratorTool[2m > [22mbindEvents function coverage[2m > [22mshould handle suggestions mode radio changes[32m 11[2mms[22m[39m
[90mstdout[2m | src/components/__tests__/color-matcher-tool.test.ts
[22m[39mΓ£à Dye database loaded: 136 dyes

 [32mΓ£ô[39m src/components/__tests__/harmony-generator-tool.test.ts[2m > [22mHarmonyGeneratorTool[2m > [22mbindEvents function coverage[2m > [22mshould handle companion dyes input changes[32m 7[2mms[22m[39m
 [32mΓ£ô[39m src/components/__tests__/harmony-generator-tool.test.ts[2m > [22mHarmonyGeneratorTool[2m > [22mbindEvents function coverage[2m > [22mshould handle invalid hex input gracefully[32m 6[2mms[22m[39m
 [32mΓ£ô[39m src/components/__tests__/harmony-generator-tool.test.ts[2m > [22mHarmonyGeneratorTool[2m > [22mbindEvents function coverage[2m > [22mshould handle missing hexInput and colorPicker gracefully[32m 4[2mms[22m[39m
 [32mΓ£ô[39m src/components/__tests__/harmony-generator-tool.test.ts[2m > [22mHarmonyGeneratorTool[2m > [22mbindEvents function coverage[2m > [22mshould handle missing generateBtn gracefully[32m 4[2mms[22m[39m
 [32mΓ£ô[39m src/components/__tests__/harmony-generator-tool.test.ts[2m > [22mHarmonyGeneratorTool[2m > [22monMount function coverage[2m > [22mshould call onMount without throwing[32m 3[2mms[22m[39m
 [32mΓ£ô[39m src/components/__tests__/harmony-generator-tool.test.ts[2m > [22mHarmonyGeneratorTool[2m > [22monMount function coverage[2m > [22mshould generate harmonies after onMount with delay[32m 158[2mms[22m[39m
 [32mΓ£ô[39m src/components/__tests__/harmony-generator-tool.test.ts[2m > [22mHarmonyGeneratorTool[2m > [22monMount function coverage[2m > [22mshould subscribe to language changes[32m 4[2mms[22m[39m
 [31m├ù[39m src/components/__tests__/harmony-generator-tool.test.ts[2m > [22mHarmonyGeneratorTool[2m > [22mfetchPricesForCurrentDyes function coverage[2m > [22mshould return early when marketBoard is null[32m 11[2mms[22m[39m
[31m   ΓåÆ component.fetchPricesForCurrentDyes is not a function[39m
 [31m├ù[39m src/components/__tests__/harmony-generator-tool.test.ts[2m > [22mHarmonyGeneratorTool[2m > [22mfetchPricesForCurrentDyes function coverage[2m > [22mshould return early when showPrices is false[32m 4[2mms[22m[39m
[31m   ΓåÆ component.fetchPricesForCurrentDyes is not a function[39m
[90mstdout[2m | src/components/__tests__/dye-comparison-tool.test.ts
[22m[39mΓ£à Dye database loaded: 136 dyes

[90mstdout[2m | src/components/__tests__/dye-mixer-tool.test.ts
[22m[39mΓ£à Dye database loaded: 136 dyes

 [32mΓ£ô[39m src/services/__tests__/secure-storage.test.ts[2m > [22mSecureStorage[2m > [22mBasic Operations[2m > [22mshould store and retrieve items with integrity checks[32m 7[2mms[22m[39m
 [32mΓ£ô[39m src/services/__tests__/secure-storage.test.ts[2m > [22mSecureStorage[2m > [22mBasic Operations[2m > [22mshould store and retrieve objects[32m 2[2mms[22m[39m
 [32mΓ£ô[39m src/services/__tests__/secure-storage.test.ts[2m > [22mSecureStorage[2m > [22mBasic Operations[2m > [22mshould return default value for non-existent keys[32m 1[2mms[22m[39m
 [32mΓ£ô[39m src/services/__tests__/secure-storage.test.ts[2m > [22mSecureStorage[2m > [22mBasic Operations[2m > [22mshould remove items[32m 2[2mms[22m[39m
 [32mΓ£ô[39m src/services/__tests__/secure-storage.test.ts[2m > [22mSecureStorage[2m > [22mBasic Operations[2m > [22mshould clear all items[32m 4[2mms[22m[39m
 [32mΓ£ô[39m src/services/__tests__/secure-storage.test.ts[2m > [22mSecureStorage[2m > [22mIntegrity Checks[2m > [22mshould detect tampered data[32m 2[2mms[22m[39m
 [32mΓ£ô[39m src/services/__tests__/secure-storage.test.ts[2m > [22mSecureStorage[2m > [22mIntegrity Checks[2m > [22mshould handle corrupted entry structure[32m 1[2mms[22m[39m
 [32mΓ£ô[39m src/services/__tests__/secure-storage.test.ts[2m > [22mSecureStorage[2m > [22mIntegrity Checks[2m > [22mshould verify checksum on read[32m 1[2mms[22m[39m
 [32mΓ£ô[39m src/services/__tests__/secure-storage.test.ts[2m > [22mSecureStorage[2m > [22mSize Limits[2m > [22mshould return size limit[32m 0[2mms[22m[39m
 [32mΓ£ô[39m src/services/__tests__/secure-storage.test.ts[2m > [22mSecureStorage[2m > [22mSize Limits[2m > [22mshould return current cache size[32m 1[2mms[22m[39m
 [32mΓ£ô[39m src/services/__tests__/secure-storage.test.ts[2m > [22mSecureStorage[2m > [22mCleanup[2m > [22mshould clean up corrupted entries[32m 1[2mms[22m[39m
 [32mΓ£ô[39m src/services/__tests__/secure-storage.test.ts[2m > [22mSecureStorage[2m > [22mCleanup[2m > [22mshould return 0 when no corrupted entries[32m 2[2mms[22m[39m
 [32mΓ£ô[39m src/services/__tests__/secure-storage.test.ts[2m > [22mSecureStorage[2m > [22mError Handling[2m > [22mshould handle unavailable localStorage[32m 1[2mms[22m[39m
 [32mΓ£ô[39m src/services/__tests__/secure-storage.test.ts[2m > [22mSecureStorage[2m > [22mLRU Cache Eviction[2m > [22mshould evict oldest entries when cache exceeds limit[32m 31[2mms[22m[39m
 [31m├ù[39m src/components/__tests__/harmony-generator-tool.test.ts[2m > [22mHarmonyGeneratorTool[2m > [22mfetchPricesForCurrentDyes function coverage[2m > [22mshould collect unique dyes from harmony displays[32m 5[2mms[22m[39m
[31m   ΓåÆ component.fetchPricesForCurrentDyes is not a function[39m
 [31m├ù[39m src/components/__tests__/harmony-generator-tool.test.ts[2m > [22mHarmonyGeneratorTool[2m > [22mfetchPricesForCurrentDyes function coverage[2m > [22mshould update all displays after fetching prices[32m 4[2mms[22m[39m
[31m   ΓåÆ component.fetchPricesForCurrentDyes is not a function[39m
 [31m├ù[39m src/components/__tests__/harmony-generator-tool.test.ts[2m > [22mHarmonyGeneratorTool[2m > [22mfetchPricesForCurrentDyes function coverage[2m > [22mshould avoid duplicate dyes when collecting from displays[32m 5[2mms[22m[39m
[31m   ΓåÆ component.fetchPricesForCurrentDyes is not a function[39m
 [32mΓ£ô[39m src/components/__tests__/harmony-generator-tool.test.ts[2m > [22mHarmonyGeneratorTool[2m > [22mdestroy with child components[2m > [22mshould destroy dyeSelector if exists[32m 5[2mms[22m[39m
 [31m├ù[39m src/components/__tests__/harmony-generator-tool.test.ts[2m > [22mHarmonyGeneratorTool[2m > [22mdestroy with child components[2m > [22mshould destroy marketBoard if exists[32m 5[2mms[22m[39m
[31m   ΓåÆ expected "vi.fn()" to be called at least once[39m
 [31m├ù[39m src/components/__tests__/harmony-generator-tool.test.ts[2m > [22mHarmonyGeneratorTool[2m > [22mdestroy with child components[2m > [22mshould destroy paletteExporter if exists[32m 4[2mms[22m[39m
[31m   ΓåÆ expected "vi.fn()" to be called at least once[39m
 [32mΓ£ô[39m src/components/__tests__/harmony-generator-tool.test.ts[2m > [22mHarmonyGeneratorTool[2m > [22mdestroy with child components[2m > [22mshould destroy all harmony displays[32m 6[2mms[22m[39m
 [32mΓ£ô[39m src/components/__tests__/harmony-generator-tool.test.ts[2m > [22mHarmonyGeneratorTool[2m > [22mdestroy with child components[2m > [22mshould handle destroy when all child components are null[32m 4[2mms[22m[39m
 [32mΓ£ô[39m src/components/__tests__/harmony-generator-tool.test.ts[2m > [22mHarmonyGeneratorTool[2m > [22mgenerateHarmonies error handling[2m > [22mshould handle error in harmony generation gracefully[32m 6[2mms[22m[39m
 [32mΓ£ô[39m src/components/__tests__/harmony-generator-tool.test.ts[2m > [22mHarmonyGeneratorTool[2m > [22mgenerateHarmonies error handling[2m > [22mshould fetch prices after generating harmonies when enabled[32m 5[2mms[22m[39m
 [32mΓ£ô[39m src/components/__tests__/harmony-generator-tool.test.ts[2m > [22mHarmonyGeneratorTool[2m > [22mgenerateHarmonies error handling[2m > [22mshould update palette exporter after generating harmonies[32m 3[2mms[22m[39m
 [32mΓ£ô[39m src/components/__tests__/harmony-generator-tool.test.ts[2m > [22mHarmonyGeneratorTool[2m > [22mgenerateHarmonies error handling[2m > [22mshould handle missing harmony container gracefully[32m 5[2mms[22m[39m
 [32mΓ£ô[39m src/components/__tests__/harmony-generator-tool.test.ts[2m > [22mHarmonyGeneratorTool[2m > [22mrender methods coverage[2m > [22mshould create input section with all elements[32m 4[2mms[22m[39m
 [32mΓ£ô[39m src/components/__tests__/harmony-generator-tool.test.ts[2m > [22mHarmonyGeneratorTool[2m > [22mrender methods coverage[2m > [22mshould create options section with filters container[32m 3[2mms[22m[39m
 [32mΓ£ô[39m src/components/__tests__/harmony-generator-tool.test.ts[2m > [22mHarmonyGeneratorTool[2m > [22mrender methods coverage[2m > [22mshould create harmony grid containers[32m 5[2mms[22m[39m
 [32mΓ£ô[39m src/components/__tests__/harmony-generator-tool.test.ts[2m > [22mHarmonyGeneratorTool[2m > [22mrender methods coverage[2m > [22mshould add hover effects to generate button[32m 9[2mms[22m[39m
 [32mΓ£ô[39m src/services/__tests__/secure-storage.test.ts[2m > [22mSecureStorage[2m > [22mLRU Cache Eviction[2m > [22mshould sort entries by timestamp for eviction[32m 31[2mms[22m[39m
 [32mΓ£ô[39m src/services/__tests__/secure-storage.test.ts[2m > [22mSecureStorage[2m > [22mChecksum Generation[2m > [22mshould generate consistent checksums for same data[32m 1[2mms[22m[39m
 [32mΓ£ô[39m src/services/__tests__/secure-storage.test.ts[2m > [22mSecureStorage[2m > [22mChecksum Generation[2m > [22mshould generate different checksums for different data[32m 1[2mms[22m[39m
 [32mΓ£ô[39m src/services/__tests__/secure-storage.test.ts[2m > [22mSecureStorage[2m > [22mChecksum Generation[2m > [22mshould handle checksum generation for objects[32m 1[2mms[22m[39m
 [32mΓ£ô[39m src/services/__tests__/secure-storage.test.ts[2m > [22mSecureStorage[2m > [22mIntegrity Verification[2m > [22mshould detect checksum mismatch[32m 1[2mms[22m[39m
 [32mΓ£ô[39m src/services/__tests__/secure-storage.test.ts[2m > [22mSecureStorage[2m > [22mIntegrity Verification[2m > [22mshould handle missing checksum field[32m 1[2mms[22m[39m
 [32mΓ£ô[39m src/services/__tests__/secure-storage.test.ts[2m > [22mSecureStorage[2m > [22mIntegrity Verification[2m > [22mshould handle missing timestamp field[32m 0[2mms[22m[39m
 [32mΓ£ô[39m src/services/__tests__/secure-storage.test.ts[2m > [22mSecureStorage[2m > [22mIntegrity Verification[2m > [22mshould verify object integrity[32m 1[2mms[22m[39m
 [32mΓ£ô[39m src/services/__tests__/secure-storage.test.ts[2m > [22mSecureStorage[2m > [22mSize Enforcement[2m > [22mshould get cache size limit[32m 0[2mms[22m[39m
 [32mΓ£ô[39m src/services/__tests__/secure-storage.test.ts[2m > [22mSecureStorage[2m > [22mSize Enforcement[2m > [22mshould track cache size changes[32m 1[2mms[22m[39m
 [32mΓ£ô[39m src/services/__tests__/secure-storage.test.ts[2m > [22mSecureStorage[2m > [22mSize Enforcement[2m > [22mshould handle size enforcement with no entries to evict[32m 1[2mms[22m[39m
 [32mΓ£ô[39m src/services/__tests__/secure-storage.test.ts[2m > [22mSecureStorage[2m > [22mSize Enforcement[2m > [22mshould handle entries without timestamp during eviction[32m 1[2mms[22m[39m
 [32mΓ£ô[39m src/services/__tests__/secure-storage.test.ts[2m > [22mSecureStorage[2m > [22mCleanup Edge Cases[2m > [22mshould handle cleanup with mixed valid and invalid entries[32m 2[2mms[22m[39m
 [32mΓ£ô[39m src/services/__tests__/secure-storage.test.ts[2m > [22mSecureStorage[2m > [22mCleanup Edge Cases[2m > [22mshould handle cleanup when all entries are valid[32m 1[2mms[22m[39m
 [32mΓ£ô[39m src/services/__tests__/secure-storage.test.ts[2m > [22mSecureStorage[2m > [22mCleanup Edge Cases[2m > [22mshould handle cleanup with corrupted checksum[32m 1[2mms[22m[39m
 [32mΓ£ô[39m src/services/__tests__/secure-storage.test.ts[2m > [22mSecureStorage[2m > [22mCleanup Edge Cases[2m > [22mshould handle cleanup errors gracefully[32m 1[2mms[22m[39m
 [32mΓ£ô[39m src/services/__tests__/secure-storage.test.ts[2m > [22mSecureStorage[2m > [22mError Recovery[2m > [22mshould handle setItem when storage throws[32m 0[2mms[22m[39m
 [32mΓ£ô[39m src/services/__tests__/secure-storage.test.ts[2m > [22mSecureStorage[2m > [22mError Recovery[2m > [22mshould handle getItem with corrupted entry structure[32m 1[2mms[22m[39m
 [32mΓ£ô[39m src/services/__tests__/secure-storage.test.ts[2m > [22mSecureStorage[2m > [22mError Recovery[2m > [22mshould handle checksum verification error[32m 1[2mms[22m[39m
 [32mΓ£ô[39m src/services/__tests__/secure-storage.test.ts[2m > [22mSecureStorage[2m > [22mError Recovery[2m > [22mshould handle large dataset during cleanup[32m 48[2mms[22m[39m
 [32mΓ£ô[39m src/services/__tests__/secure-storage.test.ts[2m > [22mSecureStorage[2m > [22mSecureStorage.getItem catch block (lines 492-495)[2m > [22mshould return default value when getItem throws due to JSON parse error[32m 1[2mms[22m[39m
 [32mΓ£ô[39m src/services/__tests__/secure-storage.test.ts[2m > [22mSecureStorage[2m > [22mSecureStorage.getItem catch block (lines 492-495)[2m > [22mshould remove entry and return default when verifyChecksum throws[32m 1[2mms[22m[39m
[90mstdout[2m | src/components/__tests__/dye-filters.test.ts
[22m[39mΓ£à Dye database loaded: 136 dyes

 [32mΓ£ô[39m src/services/__tests__/secure-storage.test.ts[2m > [22mSecureStorage[2m > [22menforceSizeLimit break condition (line 544)[2m > [22mshould break from eviction loop when size is under limit[32m 41[2mms[22m[39m
 [32mΓ£ô[39m src/services/__tests__/secure-storage.test.ts[2m > [22mSecureStorage[2m > [22menforceSizeLimit break condition (line 544)[2m > [22mshould iterate through entries and break when enough space is freed[32m 77[2mms[22m[39m
 [32mΓ£ô[39m src/services/__tests__/secure-storage.test.ts[2m > [22mSecureStorage[2m > [22menforceSizeLimit error handling (line 554)[2m > [22mshould catch and handle errors during size enforcement[32m 2[2mms[22m[39m
 [31m├ù[39m src/services/__tests__/secure-storage.test.ts[2m > [22mSecureStorage[2m > [22menforceSizeLimit error handling (line 554)[2m > [22mshould log warning when enforceSizeLimit fails[32m 9[2mms[22m[39m
[31m   ΓåÆ expected "warn" to be called at least once[39m
 [32mΓ£ô[39m src/components/__tests__/dye-selector.test.ts[2m > [22mDyeSelector[2m > [22mInitialization[2m > [22mshould initialize with default options[32m 43[2mms[22m[39m
 [32mΓ£ô[39m src/components/__tests__/dye-selector.test.ts[2m > [22mDyeSelector[2m > [22mInitialization[2m > [22mshould accept custom options[32m 13[2mms[22m[39m
 [32mΓ£ô[39m src/components/__tests__/dye-selector.test.ts[2m > [22mDyeSelector[2m > [22mInitialization[2m > [22mshould initialize with empty selection[32m 9[2mms[22m[39m
 [32mΓ£ô[39m src/components/__tests__/dye-selector.test.ts[2m > [22mDyeSelector[2m > [22mRendering[2m > [22mshould render search input[32m 12[2mms[22m[39m
 [32mΓ£ô[39m src/components/__tests__/dye-selector.test.ts[2m > [22mDyeSelector[2m > [22mRendering[2m > [22mshould render clear button[32m 10[2mms[22m[39m
 [32mΓ£ô[39m src/components/__tests__/harmony-type.test.ts[2m > [22mHarmonyType Component[2m > [22mInitialization[2m > [22mshould create component with required properties[32m 34[2mms[22m[39m
 [32mΓ£ô[39m src/components/__tests__/harmony-type.test.ts[2m > [22mHarmonyType Component[2m > [22mInitialization[2m > [22mshould initialize without matched dyes[32m 7[2mms[22m[39m
 [32mΓ£ô[39m src/components/__tests__/dye-selector.test.ts[2m > [22mDyeSelector[2m > [22mRendering[2m > [22mshould render category buttons when showCategories is true[32m 9[2mms[22m[39m
 [32mΓ£ô[39m src/components/__tests__/dye-selector.test.ts[2m > [22mDyeSelector[2m > [22mRendering[2m > [22mshould not render category buttons when showCategories is false[32m 5[2mms[22m[39m
 [31m├ù[39m src/components/__tests__/dye-selector.test.ts[2m > [22mDyeSelector[2m > [22mRendering[2m > [22mshould render dye cards[32m 18[2mms[22m[39m
[31m   ΓåÆ expected 0 to be greater than 0[39m
 [31m├ù[39m src/components/__tests__/dye-selector.test.ts[2m > [22mDyeSelector[2m > [22mRendering[2m > [22mshould render selected dyes counter when allowMultiple is true[32m 11[2mms[22m[39m
[31m   ΓåÆ expected '' to contain 'Selected: 0/4'[39m
 [32mΓ£ô[39m src/components/__tests__/dye-selector.test.ts[2m > [22mDyeSelector[2m > [22mRendering[2m > [22mshould exclude Facewear category by default[32m 8[2mms[22m[39m
 [32mΓ£ô[39m src/components/__tests__/dye-selector.test.ts[2m > [22mDyeSelector[2m > [22mRendering[2m > [22mshould highlight Neutral category by default[32m 8[2mms[22m[39m
[90mstdout[2m | src/components/__tests__/theme-switcher.test.ts
[22m[39mΓ£à Dye database loaded: 136 dyes

 [32mΓ£ô[39m src/components/__tests__/harmony-type.test.ts[2m > [22mHarmonyType Component[2m > [22mInitialization[2m > [22mshould initialize with matched dyes[32m 94[2mms[22m[39m
 [32mΓ£ô[39m src/components/__tests__/harmony-type.test.ts[2m > [22mHarmonyType Component[2m > [22mInitialization[2m > [22mshould initialize with prices disabled by default[32m 5[2mms[22m[39m
 [32mΓ£ô[39m src/components/__tests__/harmony-type.test.ts[2m > [22mHarmonyType Component[2m > [22mInitialization[2m > [22mshould initialize with prices enabled[32m 5[2mms[22m[39m
 [32mΓ£ô[39m src/components/__tests__/harmony-type.test.ts[2m > [22mHarmonyType Component[2m > [22mRendering[2m > [22mshould render header with harmony info[32m 6[2mms[22m[39m
 [32mΓ£ô[39m src/components/__tests__/harmony-type.test.ts[2m > [22mHarmonyType Component[2m > [22mRendering[2m > [22mshould display matched dyes when provided[32m 44[2mms[22m[39m
 [32mΓ£ô[39m src/components/__tests__/harmony-type.test.ts[2m > [22mHarmonyType Component[2m > [22mRendering[2m > [22mshould display correct dye names[32m 35[2mms[22m[39m
[90mstdout[2m | src/components/__tests__/color-wheel-display.test.ts
[22m[39mΓ£à Dye database loaded: 136 dyes

 [32mΓ£ô[39m src/components/__tests__/app-layout.test.ts[2m > [22mAppLayout[2m > [22mRendering[2m > [22mshould render main app container with correct classes[32m 132[2mms[22m[39m
 [32mΓ£ô[39m src/components/__tests__/app-layout.test.ts[2m > [22mAppLayout[2m > [22mRendering[2m > [22mshould render header element[32m 31[2mms[22m[39m
 [32mΓ£ô[39m src/components/__tests__/app-layout.test.ts[2m > [22mAppLayout[2m > [22mRendering[2m > [22mshould render sticky header[32m 24[2mms[22m[39m
[90mstdout[2m | src/components/__tests__/image-upload-display.test.ts
[22m[39mΓ£à Dye database loaded: 136 dyes

[90mstdout[2m | src/components/__tests__/color-interpolation-display.test.ts
[22m[39mΓ£à Dye database loaded: 136 dyes

[90mstdout[2m | src/services/__tests__/api-service-wrapper.test.ts[2m > [22m[2mAPIService Wrapper[2m > [22m[2mclearCache[2m > [22m[2mshould clear cache without throwing
[22m[39mΓ£à Price cache cleared

[90mstdout[2m | src/components/__tests__/accessibility-checker-tool.test.ts
[22m[39mΓ£à Dye database loaded: 136 dyes

 [32mΓ£ô[39m src/components/__tests__/dye-selector.test.ts[2m > [22mDyeSelector[2m > [22mSearch Functionality[2m > [22mshould filter dyes by search query[32m 78[2mms[22m[39m
 [32mΓ£ô[39m src/services/__tests__/language-service.test.ts[2m > [22mLanguageService[2m > [22mgetCurrentLocale[2m > [22mshould return current locale code[32m 3[2mms[22m[39m
 [32mΓ£ô[39m src/services/__tests__/language-service.test.ts[2m > [22mLanguageService[2m > [22mgetCurrentLocaleDisplay[2m > [22mshould return locale display info[32m 1[2mms[22m[39m
 [32mΓ£ô[39m src/services/__tests__/language-service.test.ts[2m > [22mLanguageService[2m > [22mgetCurrentLocaleDisplay[2m > [22mshould return display info matching current locale[32m 0[2mms[22m[39m
 [32mΓ£ô[39m src/services/__tests__/language-service.test.ts[2m > [22mLanguageService[2m > [22msetLocale[2m > [22mshould change the current locale[32m 28[2mms[22m[39m
 [32mΓ£ô[39m src/services/__tests__/language-service.test.ts[2m > [22mLanguageService[2m > [22msetLocale[2m > [22mshould save locale to storage[32m 19[2mms[22m[39m
 [32mΓ£ô[39m src/services/__tests__/language-service.test.ts[2m > [22mLanguageService[2m > [22msetLocale[2m > [22mshould notify all subscribers[32m 26[2mms[22m[39m
 [32mΓ£ô[39m src/services/__tests__/language-service.test.ts[2m > [22mLanguageService[2m > [22msetLocale[2m > [22mshould fall back to default for invalid locale[32m 1[2mms[22m[39m
 [32mΓ£ô[39m src/services/__tests__/language-service.test.ts[2m > [22mLanguageService[2m > [22msetLocale[2m > [22mshould handle listener errors gracefully[32m 11[2mms[22m[39m
 [32mΓ£ô[39m src/services/__tests__/language-service.test.ts[2m > [22mLanguageService[2m > [22msubscribe[2m > [22mshould add listener and return unsubscribe function[32m 1[2mms[22m[39m
 [32mΓ£ô[39m src/services/__tests__/language-service.test.ts[2m > [22mLanguageService[2m > [22msubscribe[2m > [22mshould remove listener when unsubscribe is called[32m 1[2mms[22m[39m
 [32mΓ£ô[39m src/services/__tests__/language-service.test.ts[2m > [22mLanguageService[2m > [22msubscribe[2m > [22mshould support multiple subscribers[32m 1[2mms[22m[39m
 [32mΓ£ô[39m src/services/__tests__/language-service.test.ts[2m > [22mLanguageService[2m > [22mt (translation)[2m > [22mshould return key if translation not found[32m 0[2mms[22m[39m
 [32mΓ£ô[39m src/services/__tests__/language-service.test.ts[2m > [22mLanguageService[2m > [22mtInterpolate[2m > [22mshould return key with placeholders replaced if translation not found[32m 0[2mms[22m[39m
 [32mΓ£ô[39m src/services/__tests__/language-service.test.ts[2m > [22mLanguageService[2m > [22mgetDyeName[2m > [22mshould return dye name or null for non-existent ID[32m 0[2mms[22m[39m
 [32mΓ£ô[39m src/services/__tests__/language-service.test.ts[2m > [22mLanguageService[2m > [22mgetDyeName[2m > [22mshould return localized name for valid dye ID[32m 0[2mms[22m[39m
 [32mΓ£ô[39m src/services/__tests__/language-service.test.ts[2m > [22mLanguageService[2m > [22mgetCategory[2m > [22mshould return localized category[32m 0[2mms[22m[39m
 [32mΓ£ô[39m src/services/__tests__/language-service.test.ts[2m > [22mLanguageService[2m > [22mgetAcquisition[2m > [22mshould return localized acquisition[32m 0[2mms[22m[39m
 [32mΓ£ô[39m src/components/__tests__/harmony-type.test.ts[2m > [22mHarmonyType Component[2m > [22mRendering[2m > [22mshould apply card styling classes[32m 6[2mms[22m[39m
 [32mΓ£ô[39m src/components/__tests__/harmony-type.test.ts[2m > [22mHarmonyType Component[2m > [22mRendering[2m > [22mshould apply theme-aware styling[32m 5[2mms[22m[39m
 [32mΓ£ô[39m src/components/__tests__/harmony-type.test.ts[2m > [22mHarmonyType Component[2m > [22mState Management[2m > [22mshould maintain harmony info through lifecycle[32m 9[2mms[22m[39m
 [32mΓ£ô[39m src/components/__tests__/harmony-type.test.ts[2m > [22mHarmonyType Component[2m > [22mState Management[2m > [22mshould handle empty matched dyes gracefully[32m 3[2mms[22m[39m
 [32mΓ£ô[39m src/components/__tests__/harmony-type.test.ts[2m > [22mHarmonyType Component[2m > [22mState Management[2m > [22mshould handle multiple matched dyes[32m 82[2mms[22m[39m
 [32mΓ£ô[39m src/components/__tests__/offline-banner.test.ts[2m > [22mOfflineBanner[2m > [22mSingleton Pattern[2m > [22mshould return the same instance[32m 13[2mms[22m[39m
 [32mΓ£ô[39m src/components/__tests__/offline-banner.test.ts[2m > [22mOfflineBanner[2m > [22mInitialization[2m > [22mshould create banner element on initialize[32m 9[2mms[22m[39m
 [32mΓ£ô[39m src/components/__tests__/offline-banner.test.ts[2m > [22mOfflineBanner[2m > [22mInitialization[2m > [22mshould set proper ARIA attributes[32m 4[2mms[22m[39m
 [32mΓ£ô[39m src/components/__tests__/offline-banner.test.ts[2m > [22mOfflineBanner[2m > [22mInitialization[2m > [22mshould have message text[32m 3[2mms[22m[39m
 [32mΓ£ô[39m src/components/__tests__/offline-banner.test.ts[2m > [22mOfflineBanner[2m > [22mInitialization[2m > [22mshould have dismiss button[32m 5[2mms[22m[39m
 [32mΓ£ô[39m src/components/__tests__/offline-banner.test.ts[2m > [22mOfflineBanner[2m > [22mOnline/Offline Status[2m > [22mshould return correct online status[32m 1[2mms[22m[39m
 [32mΓ£ô[39m src/components/__tests__/offline-banner.test.ts[2m > [22mOfflineBanner[2m > [22mOnline/Offline Status[2m > [22mshould show banner when offline event fires[32m 3[2mms[22m[39m
 [32mΓ£ô[39m src/components/__tests__/offline-banner.test.ts[2m > [22mOfflineBanner[2m > [22mOnline/Offline Status[2m > [22mshould hide banner when online event fires[32m 3[2mms[22m[39m
 [32mΓ£ô[39m src/components/__tests__/offline-banner.test.ts[2m > [22mOfflineBanner[2m > [22mShow/Hide Banner[2m > [22mshould show banner with showBanner()[32m 2[2mms[22m[39m
 [32mΓ£ô[39m src/components/__tests__/offline-banner.test.ts[2m > [22mOfflineBanner[2m > [22mShow/Hide Banner[2m > [22mshould hide banner with hideBanner()[32m 1[2mms[22m[39m
 [32mΓ£ô[39m src/components/__tests__/offline-banner.test.ts[2m > [22mOfflineBanner[2m > [22mShow/Hide Banner[2m > [22mshould add body padding when shown[32m 2[2mms[22m[39m
 [31m├ù[39m src/components/__tests__/offline-banner.test.ts[2m > [22mOfflineBanner[2m > [22mShow/Hide Banner[2m > [22mshould remove body padding when hidden[32m 10[2mms[22m[39m
[31m   ΓåÆ expected '0px' to be '0' // Object.is equality[39m
 [32mΓ£ô[39m src/components/__tests__/offline-banner.test.ts[2m > [22mOfflineBanner[2m > [22mDismiss Button[2m > [22mshould hide banner when dismiss clicked[32m 6[2mms[22m[39m
 [32mΓ£ô[39m src/components/__tests__/offline-banner.test.ts[2m > [22mOfflineBanner[2m > [22mStatus Change Subscription[2m > [22mshould call callback on online event[32m 16[2mms[22m[39m
 [32mΓ£ô[39m src/components/__tests__/offline-banner.test.ts[2m > [22mOfflineBanner[2m > [22mStatus Change Subscription[2m > [22mshould call callback on offline event[32m 6[2mms[22m[39m
 [32mΓ£ô[39m src/components/__tests__/offline-banner.test.ts[2m > [22mOfflineBanner[2m > [22mStatus Change Subscription[2m > [22mshould stop receiving events after unsubscribe[32m 2[2mms[22m[39m
 [32mΓ£ô[39m src/components/__tests__/offline-banner.test.ts[2m > [22mOfflineBanner[2m > [22mUpdate Message[2m > [22mshould update banner message text[32m 3[2mms[22m[39m
 [32mΓ£ô[39m src/components/__tests__/offline-banner.test.ts[2m > [22mOfflineBanner[2m > [22mCleanup[2m > [22mshould remove banner on destroy[32m 2[2mms[22m[39m
 [31m├ù[39m src/components/__tests__/offline-banner.test.ts[2m > [22mOfflineBanner[2m > [22mCleanup[2m > [22mshould reset body padding on destroy[32m 9[2mms[22m[39m
[31m   ΓåÆ expected '0px' to be '0' // Object.is equality[39m
 [32mΓ£ô[39m src/components/__tests__/offline-banner.test.ts[2m > [22mOfflineBanner[2m > [22mCleanup[2m > [22mshould reset singleton instance on destroy[32m 1[2mms[22m[39m
 [32mΓ£ô[39m src/components/__tests__/app-layout.test.ts[2m > [22mAppLayout[2m > [22mRendering[2m > [22mshould render main content area[32m 54[2mms[22m[39m
 [32mΓ£ô[39m src/components/__tests__/app-layout.test.ts[2m > [22mAppLayout[2m > [22mRendering[2m > [22mshould render footer element[32m 40[2mms[22m[39m
 [32mΓ£ô[39m src/services/__tests__/api-service-wrapper.test.ts[2m > [22mAPIService Wrapper[2m > [22mgetInstance[2m > [22mshould return a singleton instance[32m 3[2mms[22m[39m
 [32mΓ£ô[39m src/services/__tests__/api-service-wrapper.test.ts[2m > [22mAPIService Wrapper[2m > [22mgetInstance[2m > [22mshould create new instance after reset[32m 2[2mms[22m[39m
 [32mΓ£ô[39m src/services/__tests__/api-service-wrapper.test.ts[2m > [22mAPIService Wrapper[2m > [22mgetInstance[2m > [22mshould return an instance with required methods[32m 0[2mms[22m[39m
 [32mΓ£ô[39m src/services/__tests__/api-service-wrapper.test.ts[2m > [22mAPIService Wrapper[2m > [22mresetInstance[2m > [22mshould reset the singleton[32m 1[2mms[22m[39m
 [32mΓ£ô[39m src/services/__tests__/api-service-wrapper.test.ts[2m > [22mAPIService Wrapper[2m > [22mformatPrice[2m > [22mshould format prices with G suffix[32m 29[2mms[22m[39m
 [32mΓ£ô[39m src/services/__tests__/api-service-wrapper.test.ts[2m > [22mAPIService Wrapper[2m > [22mformatPrice[2m > [22mshould handle zero[32m 1[2mms[22m[39m
 [32mΓ£ô[39m src/services/__tests__/api-service-wrapper.test.ts[2m > [22mAPIService Wrapper[2m > [22mformatPrice[2m > [22mshould handle large numbers with formatting[32m 1[2mms[22m[39m
 [32mΓ£ô[39m src/services/__tests__/api-service-wrapper.test.ts[2m > [22mAPIService Wrapper[2m > [22mclearCache[2m > [22mshould clear cache without throwing[32m 3[2mms[22m[39m
 [32mΓ£ô[39m src/services/__tests__/language-service.test.ts[2m > [22mLanguageService[2m > [22mgetHarmonyType[2m > [22mshould return localized harmony type[32m 1[2mms[22m[39m
 [32mΓ£ô[39m src/services/__tests__/language-service.test.ts[2m > [22mLanguageService[2m > [22mgetVisionType[2m > [22mshould return localized vision type[32m 0[2mms[22m[39m
 [32mΓ£ô[39m src/services/__tests__/language-service.test.ts[2m > [22mLanguageService[2m > [22mgetLabel[2m > [22mshould return localized label[32m 0[2mms[22m[39m
 [32mΓ£ô[39m src/services/__tests__/language-service.test.ts[2m > [22mLanguageService[2m > [22mgetAvailableLocales[2m > [22mshould return all available locale display info[32m 0[2mms[22m[39m
 [32mΓ£ô[39m src/services/__tests__/language-service.test.ts[2m > [22mLanguageService[2m > [22misValidLocale[2m > [22mshould return true for valid locales[32m 0[2mms[22m[39m
 [32mΓ£ô[39m src/services/__tests__/language-service.test.ts[2m > [22mLanguageService[2m > [22misValidLocale[2m > [22mshould return false for invalid locales[32m 0[2mms[22m[39m
 [32mΓ£ô[39m src/services/__tests__/language-service.test.ts[2m > [22mLanguageService[2m > [22mpreloadLocales[2m > [22mshould preload multiple locales without error[32m 0[2mms[22m[39m
 [32mΓ£ô[39m src/services/__tests__/language-service.test.ts[2m > [22mLanguageService[2m > [22mpreloadLocales[2m > [22mshould handle empty array[32m 0[2mms[22m[39m
 [32mΓ£ô[39m src/services/__tests__/language-service.test.ts[2m > [22mLanguageService[2m > [22mclearCache[2m > [22mshould clear cached translations without error[32m 0[2mms[22m[39m
 [32mΓ£ô[39m src/services/__tests__/language-service.test.ts[2m > [22mLanguageService[2m > [22misReady[2m > [22mshould return boolean indicating initialization state[32m 0[2mms[22m[39m
 [32mΓ£ô[39m src/services/__tests__/language-service.test.ts[2m > [22mLanguageService Translation Fallback[2m > [22mt() method English fallback[2m > [22mshould fall back to English when key not in current locale[32m 5[2mms[22m[39m
 [32mΓ£ô[39m src/services/__tests__/language-service.test.ts[2m > [22mLanguageService Translation Fallback[2m > [22mt() method English fallback[2m > [22mshould use current locale value when available[32m 0[2mms[22m[39m
 [32mΓ£ô[39m src/services/__tests__/language-service.test.ts[2m > [22mLanguageService Translation Fallback[2m > [22mt() method English fallback[2m > [22mshould return key when translation not found in any locale[32m 0[2mms[22m[39m
 [32mΓ£ô[39m src/services/__tests__/language-service.test.ts[2m > [22mLanguageService Translation Fallback[2m > [22mgetNestedValue edge cases (via t())[2m > [22mshould handle deeply nested missing keys[32m 0[2mms[22m[39m
 [32mΓ£ô[39m src/services/__tests__/language-service.test.ts[2m > [22mLanguageService Translation Fallback[2m > [22mgetNestedValue edge cases (via t())[2m > [22mshould handle single-level missing keys[32m 0[2mms[22m[39m
 [32mΓ£ô[39m src/services/__tests__/language-service.test.ts[2m > [22mLanguageService Browser Locale Detection[2m > [22mdetectBrowserLocale edge cases[2m > [22mshould handle IE-style userLanguage property[32m 2[2mms[22m[39m
 [32mΓ£ô[39m src/services/__tests__/language-service.test.ts[2m > [22mLanguageService Browser Locale Detection[2m > [22mdetectBrowserLocale edge cases[2m > [22mshould handle unsupported browser language gracefully[32m 1[2mms[22m[39m
 [32mΓ£ô[39m src/services/__tests__/language-service.test.ts[2m > [22mLanguageService Browser Locale Detection[2m > [22mdetectBrowserLocale edge cases[2m > [22mshould handle navigator.language with region code[32m 1[2mms[22m[39m
 [32mΓ£ô[39m src/services/__tests__/language-service.test.ts[2m > [22mLanguageService Preload and Cache[2m > [22mpreloadLocales behavior[2m > [22mshould skip already cached locales[32m 0[2mms[22m[39m
 [32mΓ£ô[39m src/services/__tests__/language-service.test.ts[2m > [22mLanguageService Preload and Cache[2m > [22mpreloadLocales behavior[2m > [22mshould handle mixed cached and uncached locales[32m 2[2mms[22m[39m
 [32mΓ£ô[39m src/services/__tests__/language-service.test.ts[2m > [22mLanguageService Preload and Cache[2m > [22mclearCache behavior[2m > [22mshould clear translation cache[32m 1[2mms[22m[39m
 [32mΓ£ô[39m src/services/__tests__/language-service.test.ts[2m > [22mLanguageService tInterpolate[2m > [22minterpolation behavior[2m > [22mshould replace multiple occurrences of same placeholder[32m 0[2mms[22m[39m
 [32mΓ£ô[39m src/services/__tests__/language-service.test.ts[2m > [22mLanguageService tInterpolate[2m > [22minterpolation behavior[2m > [22mshould handle numeric values[32m 0[2mms[22m[39m
 [32mΓ£ô[39m src/services/__tests__/language-service.test.ts[2m > [22mLanguageService tInterpolate[2m > [22minterpolation behavior[2m > [22mshould leave unreplaced placeholders if param not provided[32m 0[2mms[22m[39m
 [32mΓ£ô[39m src/services/__tests__/language-service.test.ts[2m > [22mLanguageService tInterpolate[2m > [22minterpolation behavior[2m > [22mshould handle empty params object[32m 0[2mms[22m[39m
 [32mΓ£ô[39m src/services/__tests__/language-service.test.ts[2m > [22mLanguageService getCurrentLocaleDisplay[2m > [22mshould return valid display info for all supported locales[32m 22[2mms[22m[39m
 [32mΓ£ô[39m src/services/__tests__/language-service.test.ts[2m > [22mnavigator access error handling[2m > [22mshould handle navigator throwing during language detection[32m 0[2mms[22m[39m
 [32mΓ£ô[39m src/services/__tests__/language-service.test.ts[2m > [22munsupported language handling[2m > [22mshould log info when browser language is not supported[32m 0[2mms[22m[39m
 [32mΓ£ô[39m src/services/__tests__/language-service.test.ts[2m > [22mtranslation loading resilience[2m > [22mshould continue working even after clearCache[32m 3[2mms[22m[39m
 [32mΓ£ô[39m src/services/__tests__/language-service.test.ts[2m > [22mtranslation loading resilience[2m > [22mshould handle rapid locale switching[32m 2[2mms[22m[39m
 [32mΓ£ô[39m src/services/__tests__/language-service.test.ts[2m > [22mLanguageService Subscription Edge Cases[2m > [22mshould handle multiple subscribe/unsubscribe cycles[32m 1[2mms[22m[39m
 [32mΓ£ô[39m src/services/__tests__/language-service.test.ts[2m > [22mLanguageService Subscription Edge Cases[2m > [22mshould handle unsubscribe called multiple times[32m 0[2mms[22m[39m
 [32mΓ£ô[39m src/services/__tests__/language-service.test.ts[2m > [22mLanguageService Translation Loading Failures[2m > [22mloadWebAppTranslations English fallback path (lines 277-286)[2m > [22mshould attempt English fallback when non-English locale fails to load[32m 2[2mms[22m[39m
 [32mΓ£ô[39m src/services/__tests__/language-service.test.ts[2m > [22mLanguageService Translation Loading Failures[2m > [22mloadWebAppTranslations English fallback path (lines 277-286)[2m > [22mshould handle case where English is already cached during fallback[32m 1[2mms[22m[39m
 [31m├ù[39m src/services/__tests__/language-service.test.ts[2m > [22mLanguageService Browser Locale Detection Branches[2m > [22munsupported browser language path (lines 259-260)[2m > [22mshould log info and return default when browser language is unsupported[32m 9[2mms[22m[39m
[31m   ΓåÆ expected "info" to be called at least once[39m
 [32mΓ£ô[39m src/services/__tests__/language-service.test.ts[2m > [22mLanguageService Browser Locale Detection Branches[2m > [22munsupported browser language path (lines 259-260)[2m > [22mshould handle language code extraction from locale string[32m 1[2mms[22m[39m
 [32mΓ£ô[39m src/services/__tests__/language-service.test.ts[2m > [22mLanguageService Browser Locale Detection Branches[2m > [22mnavigator access error path (lines 261-263)[2m > [22mshould handle navigator proxy that throws on language access[32m 1[2mms[22m[39m
 [32mΓ£ô[39m src/services/__tests__/language-service.test.ts[2m > [22mLanguageService Browser Locale Detection Branches[2m > [22mnavigator access error path (lines 261-263)[2m > [22mshould handle undefined navigator.language with userLanguage fallback[32m 1[2mms[22m[39m
 [32mΓ£ô[39m src/services/__tests__/language-service.test.ts[2m > [22mLanguageService Browser Locale Detection Branches[2m > [22mnavigator access error path (lines 261-263)[2m > [22mshould handle both navigator.language and userLanguage being undefined[32m 1[2mms[22m[39m
 [32mΓ£ô[39m src/components/__tests__/dye-selector.test.ts[2m > [22mDyeSelector[2m > [22mSearch Functionality[2m > [22mshould be case-insensitive[32m 78[2mms[22m[39m
 [32mΓ£ô[39m src/components/__tests__/harmony-type.test.ts[2m > [22mHarmonyType Component[2m > [22mState Management[2m > [22mshould display different harmony types correctly[32m 3[2mms[22m[39m
 [32mΓ£ô[39m src/components/__tests__/harmony-type.test.ts[2m > [22mHarmonyType Component[2m > [22mEdge Cases[2m > [22mshould handle very long dye names[32m 30[2mms[22m[39m
 [32mΓ£ô[39m src/components/__tests__/harmony-type.test.ts[2m > [22mHarmonyType Component[2m > [22mEdge Cases[2m > [22mshould handle special characters in dye names[32m 40[2mms[22m[39m
 [32mΓ£ô[39m src/components/__tests__/harmony-type.test.ts[2m > [22mHarmonyType Component[2m > [22mEdge Cases[2m > [22mshould handle very high deviance values[32m 28[2mms[22m[39m
 [32mΓ£ô[39m src/components/__tests__/app-layout.test.ts[2m > [22mAppLayout[2m > [22mHeader[2m > [22mshould render logo image with responsive picture element[32m 59[2mms[22m[39m
 [32mΓ£ô[39m src/components/__tests__/app-layout.test.ts[2m > [22mAppLayout[2m > [22mHeader[2m > [22mshould render title[32m 30[2mms[22m[39m
 [32mΓ£ô[39m src/components/__tests__/app-layout.test.ts[2m > [22mAppLayout[2m > [22mHeader[2m > [22mshould render version[32m 36[2mms[22m[39m
 [32mΓ£ô[39m src/components/__tests__/app-layout.test.ts[2m > [22mAppLayout[2m > [22mHeader[2m > [22mshould render tools dropdown container[32m 26[2mms[22m[39m
 [32mΓ£ô[39m src/components/__tests__/harmony-type.test.ts[2m > [22mHarmonyType Component[2m > [22mEdge Cases[2m > [22mshould handle various color formats[32m 2[2mms[22m[39m
 [32mΓ£ô[39m src/components/__tests__/harmony-type.test.ts[2m > [22mHarmonyType Component[2m > [22mLifecycle[2m > [22mshould properly initialize and destroy[32m 3[2mms[22m[39m
 [32mΓ£ô[39m src/components/__tests__/harmony-type.test.ts[2m > [22mHarmonyType Component[2m > [22mLifecycle[2m > [22mshould handle multiple update cycles[32m 10[2mms[22m[39m
 [32mΓ£ô[39m src/components/__tests__/harmony-type.test.ts[2m > [22mHarmonyType Component[2m > [22mLifecycle[2m > [22mshould cleanup resources on destroy[32m 2[2mms[22m[39m
 [32mΓ£ô[39m src/components/__tests__/harmony-type.test.ts[2m > [22mHarmonyType Component[2m > [22mAccessibility[2m > [22mshould have semantic HTML structure[32m 2[2mms[22m[39m
 [32mΓ£ô[39m src/components/__tests__/harmony-type.test.ts[2m > [22mHarmonyType Component[2m > [22mAccessibility[2m > [22mshould display harmony information clearly[32m 3[2mms[22m[39m
 [32mΓ£ô[39m src/components/__tests__/harmony-type.test.ts[2m > [22mHarmonyType Component[2m > [22mAccessibility[2m > [22mshould have proper text contrast[32m 2[2mms[22m[39m
 [32mΓ£ô[39m src/components/__tests__/harmony-type.test.ts[2m > [22mHarmonyType Component[2m > [22mbindEvents function coverage[2m > [22mshould call bindEvents without throwing[32m 45[2mms[22m[39m
 [32mΓ£ô[39m src/components/__tests__/dye-selector.test.ts[2m > [22mDyeSelector[2m > [22mSearch Functionality[2m > [22mshould update results as user types[32m 154[2mms[22m[39m
 [32mΓ£ô[39m src/components/__tests__/app-layout.test.ts[2m > [22mAppLayout[2m > [22mHeader[2m > [22mshould render theme switcher container[32m 27[2mms[22m[39m
 [32mΓ£ô[39m src/components/__tests__/app-layout.test.ts[2m > [22mAppLayout[2m > [22mHeader[2m > [22mshould render tools dropdown and theme switcher in right container[32m 28[2mms[22m[39m
 [32mΓ£ô[39m src/components/__tests__/app-layout.test.ts[2m > [22mAppLayout[2m > [22mFooter[2m > [22mshould render copyright info[32m 24[2mms[22m[39m
 [32mΓ£ô[39m src/components/__tests__/app-layout.test.ts[2m > [22mAppLayout[2m > [22mFooter[2m > [22mshould render build tools info[32m 20[2mms[22m[39m
 [32mΓ£ô[39m src/components/__tests__/app-layout.test.ts[2m > [22mAppLayout[2m > [22mFooter[2m > [22mshould render social links[32m 26[2mms[22m[39m
 [32mΓ£ô[39m src/components/__tests__/harmony-type.test.ts[2m > [22mHarmonyType Component[2m > [22mbindEvents function coverage[2m > [22mshould emit dye-selected event when dye swatch is clicked[32m 35[2mms[22m[39m
 [32mΓ£ô[39m src/components/__tests__/harmony-type.test.ts[2m > [22mHarmonyType Component[2m > [22mbindEvents function coverage[2m > [22mshould not throw when no dye items exist[32m 3[2mms[22m[39m
 [32mΓ£ô[39m src/components/__tests__/harmony-type.test.ts[2m > [22mHarmonyType Component[2m > [22mbindEvents function coverage[2m > [22mshould handle multiple dye swatches[32m 43[2mms[22m[39m
 [32mΓ£ô[39m src/components/__tests__/harmony-type.test.ts[2m > [22mHarmonyType Component[2m > [22mupdateDyes function coverage[2m > [22mshould update matched dyes[32m 40[2mms[22m[39m
 [32mΓ£ô[39m src/components/__tests__/dye-selector.test.ts[2m > [22mDyeSelector[2m > [22mSearch Functionality[2m > [22mshould preserve search input value during updates[32m 141[2mms[22m[39m
 [32mΓ£ô[39m src/components/__tests__/app-layout.test.ts[2m > [22mAppLayout[2m > [22mFooter[2m > [22mshould render GitHub link[32m 24[2mms[22m[39m
 [32mΓ£ô[39m src/components/__tests__/app-layout.test.ts[2m > [22mAppLayout[2m > [22mFooter[2m > [22mshould render X/Twitter link[32m 37[2mms[22m[39m
 [32mΓ£ô[39m src/components/__tests__/app-layout.test.ts[2m > [22mAppLayout[2m > [22mFooter[2m > [22mshould render Twitch link[32m 22[2mms[22m[39m
 [32mΓ£ô[39m src/components/__tests__/app-layout.test.ts[2m > [22mAppLayout[2m > [22mFooter[2m > [22mshould render BlueSky link[32m 21[2mms[22m[39m
 [32mΓ£ô[39m src/components/__tests__/harmony-type.test.ts[2m > [22mHarmonyType Component[2m > [22mupdateDyes function coverage[2m > [22mshould re-render after updating dyes[32m 47[2mms[22m[39m
 [32mΓ£ô[39m src/components/__tests__/harmony-type.test.ts[2m > [22mHarmonyType Component[2m > [22mupdateDyes function coverage[2m > [22mshould handle updating to empty dyes[32m 20[2mms[22m[39m
 [32mΓ£ô[39m src/components/__tests__/harmony-type.test.ts[2m > [22mHarmonyType Component[2m > [22mupdateBaseColor function coverage[2m > [22mshould update base color[32m 4[2mms[22m[39m
 [32mΓ£ô[39m src/components/__tests__/color-matcher-tool.test.ts[2m > [22mColorMatcherTool[2m > [22mrenders key sections after initialization[32m 58[2mms[22m[39m
 [32mΓ£ô[39m src/components/__tests__/color-matcher-tool.test.ts[2m > [22mColorMatcherTool[2m > [22mupdates sample size value on slider input[32m 20[2mms[22m[39m
 [32mΓ£ô[39m src/components/__tests__/app-layout.test.ts[2m > [22mAppLayout[2m > [22mFooter[2m > [22mshould render Discord link[32m 26[2mms[22m[39m
 [32mΓ£ô[39m src/components/__tests__/app-layout.test.ts[2m > [22mAppLayout[2m > [22mFooter[2m > [22mshould render Patreon link[32m 20[2mms[22m[39m
 [32mΓ£ô[39m src/components/__tests__/app-layout.test.ts[2m > [22mAppLayout[2m > [22mFooter[2m > [22mshould render all social links with noopener noreferrer[32m 23[2mms[22m[39m
 [32mΓ£ô[39m src/components/__tests__/app-layout.test.ts[2m > [22mAppLayout[2m > [22mFooter[2m > [22mshould render creator info[32m 21[2mms[22m[39m
 [32mΓ£ô[39m src/components/__tests__/app-layout.test.ts[2m > [22mAppLayout[2m > [22mFooter[2m > [22mshould render FFXIV copyright disclaimer[32m 24[2mms[22m[39m
 [32mΓ£ô[39m src/components/__tests__/color-matcher-tool.test.ts[2m > [22mColorMatcherTool[2m > [22mhandles toggle-prices events and updates internal state[32m 18[2mms[22m[39m
 [31m├ù[39m src/components/__tests__/color-matcher-tool.test.ts[2m > [22mColorMatcherTool[2m > [22mdelegates to ImageZoomController when image-loaded event fires[32m 30[2mms[22m[39m
[31m   ΓåÆ expected "vi.fn()" to be called with arguments: [ <img></img> ][90m

Number of calls: [1m0[22m
[31m[39m
 [32mΓ£ô[39m src/components/__tests__/color-matcher-tool.test.ts[2m > [22mColorMatcherTool[2m > [22mmatchColor method[2m > [22mshould populate matchedDyes array after matching[32m 48[2mms[22m[39m
 [32mΓ£ô[39m src/components/__tests__/dye-mixer-tool.test.ts[2m > [22mDyeMixerTool[2m > [22mshows instruction message when updateInterpolation runs without two dyes[32m 52[2mms[22m[39m
 [32mΓ£ô[39m src/components/__tests__/dye-mixer-tool.test.ts[2m > [22mDyeMixerTool[2m > [22mupdates step count value and triggers interpolation on slider input[32m 25[2mms[22m[39m
 [32mΓ£ô[39m src/components/__tests__/harmony-type.test.ts[2m > [22mHarmonyType Component[2m > [22mupdateBaseColor function coverage[2m > [22mshould re-render after updating base color[32m 91[2mms[22m[39m
 [32mΓ£ô[39m src/components/__tests__/harmony-type.test.ts[2m > [22mHarmonyType Component[2m > [22msetPriceData function coverage[2m > [22mshould set price data[32m 82[2mms[22m[39m
 [32mΓ£ô[39m src/components/__tests__/dye-comparison-tool.test.ts[2m > [22mDyeComparisonTool Component[2m > [22mInitialization[2m > [22mshould create component successfully[32m 23[2mms[22m[39m
 [32mΓ£ô[39m src/components/__tests__/dye-comparison-tool.test.ts[2m > [22mDyeComparisonTool Component[2m > [22mInitialization[2m > [22mshould render main layout[32m 4[2mms[22m[39m
 [32mΓ£ô[39m src/components/__tests__/dye-comparison-tool.test.ts[2m > [22mDyeComparisonTool Component[2m > [22mInitialization[2m > [22mshould display dye selection controls[32m 5[2mms[22m[39m
 [32mΓ£ô[39m src/components/__tests__/dye-comparison-tool.test.ts[2m > [22mDyeComparisonTool Component[2m > [22mDye Selection[2m > [22mshould provide selector for 4 dyes[32m 4[2mms[22m[39m
 [32mΓ£ô[39m src/components/__tests__/dye-comparison-tool.test.ts[2m > [22mDyeComparisonTool Component[2m > [22mDye Selection[2m > [22mshould allow selecting dyes[32m 4[2mms[22m[39m
 [32mΓ£ô[39m src/components/__tests__/dye-comparison-tool.test.ts[2m > [22mDyeComparisonTool Component[2m > [22mDye Selection[2m > [22mshould display selected dye colors[32m 3[2mms[22m[39m
 [32mΓ£ô[39m src/components/__tests__/dye-comparison-tool.test.ts[2m > [22mDyeComparisonTool Component[2m > [22mDye Selection[2m > [22mshould handle no dyes selected gracefully[32m 7[2mms[22m[39m
 [32mΓ£ô[39m src/components/__tests__/dye-comparison-tool.test.ts[2m > [22mDyeComparisonTool Component[2m > [22mDye Selection[2m > [22mshould support up to 4 dyes comparison[32m 4[2mms[22m[39m
 [32mΓ£ô[39m src/components/__tests__/dye-comparison-tool.test.ts[2m > [22mDyeComparisonTool Component[2m > [22mColor Distance Matrix[2m > [22mshould display distance matrix visualization[32m 9[2mms[22m[39m
 [32mΓ£ô[39m src/components/__tests__/dye-comparison-tool.test.ts[2m > [22mDyeComparisonTool Component[2m > [22mColor Distance Matrix[2m > [22mshould calculate color distances between dyes[32m 4[2mms[22m[39m
 [32mΓ£ô[39m src/components/__tests__/dye-comparison-tool.test.ts[2m > [22mDyeComparisonTool Component[2m > [22mColor Distance Matrix[2m > [22mshould show distance values in table format[32m 3[2mms[22m[39m
 [32mΓ£ô[39m src/components/__tests__/dye-comparison-tool.test.ts[2m > [22mDyeComparisonTool Component[2m > [22mColor Distance Matrix[2m > [22mshould use color coding (green/yellow/red)[32m 2[2mms[22m[39m
 [32mΓ£ô[39m src/components/__tests__/dye-comparison-tool.test.ts[2m > [22mDyeComparisonTool Component[2m > [22mColor Distance Matrix[2m > [22mshould handle self-comparison (diagonal zeros)[32m 2[2mms[22m[39m
 [32mΓ£ô[39m src/components/__tests__/dye-comparison-tool.test.ts[2m > [22mDyeComparisonTool Component[2m > [22mHue-Saturation Chart[2m > [22mshould display 2D hue-saturation chart[32m 3[2mms[22m[39m
 [32mΓ£ô[39m src/components/__tests__/dye-comparison-tool.test.ts[2m > [22mDyeComparisonTool Component[2m > [22mHue-Saturation Chart[2m > [22mshould render canvas-based visualization[32m 5[2mms[22m[39m
 [32mΓ£ô[39m src/components/__tests__/dye-comparison-tool.test.ts[2m > [22mDyeComparisonTool Component[2m > [22mHue-Saturation Chart[2m > [22mshould plot dyes on chart axes[32m 3[2mms[22m[39m
 [32mΓ£ô[39m src/components/__tests__/dye-comparison-tool.test.ts[2m > [22mDyeComparisonTool Component[2m > [22mHue-Saturation Chart[2m > [22mshould handle zoom controls[32m 3[2mms[22m[39m
 [32mΓ£ô[39m src/components/__tests__/dye-comparison-tool.test.ts[2m > [22mDyeComparisonTool Component[2m > [22mBrightness Chart[2m > [22mshould display 1D brightness chart[32m 4[2mms[22m[39m
 [32mΓ£ô[39m src/components/__tests__/app-layout.test.ts[2m > [22mAppLayout[2m > [22mContent Management[2m > [22mshould get content container[32m 21[2mms[22m[39m
 [32mΓ£ô[39m src/components/__tests__/app-layout.test.ts[2m > [22mAppLayout[2m > [22mContent Management[2m > [22mshould set content with HTMLElement[32m 22[2mms[22m[39m
 [32mΓ£ô[39m src/components/__tests__/app-layout.test.ts[2m > [22mAppLayout[2m > [22mContent Management[2m > [22mshould set content with string[32m 20[2mms[22m[39m
 [32mΓ£ô[39m src/components/__tests__/app-layout.test.ts[2m > [22mAppLayout[2m > [22mContent Management[2m > [22mshould clear previous content when setting new content[32m 26[2mms[22m[39m
 [32mΓ£ô[39m src/components/__tests__/app-layout.test.ts[2m > [22mAppLayout[2m > [22mContent Management[2m > [22mshould handle setting content multiple times[32m 24[2mms[22m[39m
 [32mΓ£ô[39m src/components/__tests__/color-matcher-tool.test.ts[2m > [22mColorMatcherTool[2m > [22mmatchColor method[2m > [22mshould store lastSampledColor when matching[32m 22[2mms[22m[39m
 [32mΓ£ô[39m src/components/__tests__/color-matcher-tool.test.ts[2m > [22mColorMatcherTool[2m > [22mmatchColor method[2m > [22mshould display best match section in results[32m 19[2mms[22m[39m
 [32mΓ£ô[39m src/components/__tests__/color-matcher-tool.test.ts[2m > [22mColorMatcherTool[2m > [22mmatchColor method[2m > [22mshould display similar dyes count[32m 22[2mms[22m[39m
 [32mΓ£ô[39m src/components/__tests__/color-matcher-tool.test.ts[2m > [22mColorMatcherTool[2m > [22mmatchColor method[2m > [22mshould handle no closest dye found[32m 22[2mms[22m[39m
 [32mΓ£ô[39m src/components/__tests__/color-matcher-tool.test.ts[2m > [22mColorMatcherTool[2m > [22mmatchColor method[2m > [22mshould call findClosestDye with correct hex[32m 22[2mms[22m[39m
 [32mΓ£ô[39m src/components/__tests__/color-matcher-tool.test.ts[2m > [22mColorMatcherTool[2m > [22mrenderDyeCard method[2m > [22mshould create card element with dye info[32m 8[2mms[22m[39m
 [32mΓ£ô[39m src/components/__tests__/dye-mixer-tool.test.ts[2m > [22mDyeMixerTool[2m > [22minvokes interpolation when two dyes are selected[32m 31[2mms[22m[39m
 [32mΓ£ô[39m src/components/__tests__/dye-mixer-tool.test.ts[2m > [22mDyeMixerTool[2m > [22mswitches color space when radio buttons change[32m 11[2mms[22m[39m
 [32mΓ£ô[39m src/components/__tests__/dye-mixer-tool.test.ts[2m > [22mDyeMixerTool[2m > [22mcalculateInterpolation method[2m > [22mshould return array of interpolation steps[32m 27[2mms[22m[39m
 [32mΓ£ô[39m src/components/__tests__/dye-mixer-tool.test.ts[2m > [22mDyeMixerTool[2m > [22mcalculateInterpolation method[2m > [22mshould include position values from 0 to 1[32m 14[2mms[22m[39m
 [32mΓ£ô[39m src/components/__tests__/dye-mixer-tool.test.ts[2m > [22mDyeMixerTool[2m > [22mcalculateInterpolation method[2m > [22mshould calculate theoretical colors in RGB mode[32m 14[2mms[22m[39m
 [32mΓ£ô[39m src/components/__tests__/dye-mixer-tool.test.ts[2m > [22mDyeMixerTool[2m > [22mcalculateInterpolation method[2m > [22mshould calculate theoretical colors in HSV mode[32m 14[2mms[22m[39m
 [32mΓ£ô[39m src/components/__tests__/dye-mixer-tool.test.ts[2m > [22mDyeMixerTool[2m > [22mcalculateInterpolation method[2m > [22mshould include matched dye for each step[32m 10[2mms[22m[39m
 [32mΓ£ô[39m src/components/__tests__/dye-selector.test.ts[2m > [22mDyeSelector[2m > [22mCategory Filtering[2m > [22mshould filter dyes by category[32m 162[2mms[22m[39m
 [32mΓ£ô[39m src/components/__tests__/harmony-type.test.ts[2m > [22mHarmonyType Component[2m > [22msetPriceData function coverage[2m > [22mshould display prices after setting price data[32m 46[2mms[22m[39m
 [32mΓ£ô[39m src/components/__tests__/harmony-type.test.ts[2m > [22mHarmonyType Component[2m > [22msetPriceData function coverage[2m > [22mshould display N/A when price data is missing[32m 57[2mms[22m[39m
 [32mΓ£ô[39m src/components/__tests__/dye-comparison-tool.test.ts[2m > [22mDyeComparisonTool Component[2m > [22mBrightness Chart[2m > [22mshould show brightness distribution[32m 7[2mms[22m[39m
 [32mΓ£ô[39m src/components/__tests__/dye-comparison-tool.test.ts[2m > [22mDyeComparisonTool Component[2m > [22mBrightness Chart[2m > [22mshould scale brightness axis 0-100[32m 6[2mms[22m[39m
 [32mΓ£ô[39m src/components/__tests__/dye-comparison-tool.test.ts[2m > [22mDyeComparisonTool Component[2m > [22mDye Information Display[2m > [22mshould display dye names[32m 3[2mms[22m[39m
 [32mΓ£ô[39m src/components/__tests__/dye-comparison-tool.test.ts[2m > [22mDyeComparisonTool Component[2m > [22mDye Information Display[2m > [22mshould show hex color codes[32m 2[2mms[22m[39m
 [32mΓ£ô[39m src/components/__tests__/dye-comparison-tool.test.ts[2m > [22mDyeComparisonTool Component[2m > [22mDye Information Display[2m > [22mshould display RGB values[32m 8[2mms[22m[39m
 [32mΓ£ô[39m src/components/__tests__/dye-comparison-tool.test.ts[2m > [22mDyeComparisonTool Component[2m > [22mDye Information Display[2m > [22mshould show dye categories[32m 2[2mms[22m[39m
 [32mΓ£ô[39m src/components/__tests__/dye-comparison-tool.test.ts[2m > [22mDyeComparisonTool Component[2m > [22mDye Information Display[2m > [22mshould display acquisition methods[32m 2[2mms[22m[39m
 [32mΓ£ô[39m src/components/__tests__/dye-comparison-tool.test.ts[2m > [22mDyeComparisonTool Component[2m > [22mExport Functionality[2m > [22mshould provide export options[32m 2[2mms[22m[39m
 [32mΓ£ô[39m src/components/__tests__/dye-comparison-tool.test.ts[2m > [22mDyeComparisonTool Component[2m > [22mExport Functionality[2m > [22mshould export as JSON format[32m 7[2mms[22m[39m
 [32mΓ£ô[39m src/components/__tests__/dye-comparison-tool.test.ts[2m > [22mDyeComparisonTool Component[2m > [22mExport Functionality[2m > [22mshould export as CSS format[32m 3[2mms[22m[39m
 [32mΓ£ô[39m src/components/__tests__/dye-comparison-tool.test.ts[2m > [22mDyeComparisonTool Component[2m > [22mExport Functionality[2m > [22mshould generate valid export data[32m 2[2mms[22m[39m
 [32mΓ£ô[39m src/components/__tests__/dye-comparison-tool.test.ts[2m > [22mDyeComparisonTool Component[2m > [22mExport Functionality[2m > [22mshould allow copying hex codes[32m 2[2mms[22m[39m
 [32mΓ£ô[39m src/components/__tests__/dye-comparison-tool.test.ts[2m > [22mDyeComparisonTool Component[2m > [22mMarket Board Integration[2m > [22mshould display dye prices when available[32m 2[2mms[22m[39m
 [32mΓ£ô[39m src/components/__tests__/dye-comparison-tool.test.ts[2m > [22mDyeComparisonTool Component[2m > [22mMarket Board Integration[2m > [22mshould handle missing price data gracefully[32m 2[2mms[22m[39m
 [32mΓ£ô[39m src/components/__tests__/dye-comparison-tool.test.ts[2m > [22mDyeComparisonTool Component[2m > [22mMarket Board Integration[2m > [22mshould update prices when toggled[32m 2[2mms[22m[39m
 [32mΓ£ô[39m src/components/__tests__/dye-comparison-tool.test.ts[2m > [22mDyeComparisonTool Component[2m > [22mState Management[2m > [22mshould maintain selected dyes[32m 2[2mms[22m[39m
 [32mΓ£ô[39m src/components/__tests__/dye-comparison-tool.test.ts[2m > [22mDyeComparisonTool Component[2m > [22mState Management[2m > [22mshould update all charts when dyes change[32m 6[2mms[22m[39m
 [32mΓ£ô[39m src/components/__tests__/dye-comparison-tool.test.ts[2m > [22mDyeComparisonTool Component[2m > [22mState Management[2m > [22mshould handle partial dye selection[32m 5[2mms[22m[39m
 [32mΓ£ô[39m src/components/__tests__/dye-comparison-tool.test.ts[2m > [22mDyeComparisonTool Component[2m > [22mState Management[2m > [22mshould handle empty selection[32m 3[2mms[22m[39m
 [32mΓ£ô[39m src/components/__tests__/dye-comparison-tool.test.ts[2m > [22mDyeComparisonTool Component[2m > [22mLifecycle[2m > [22mshould initialize without errors[32m 4[2mms[22m[39m
 [32mΓ£ô[39m src/components/__tests__/dye-comparison-tool.test.ts[2m > [22mDyeComparisonTool Component[2m > [22mLifecycle[2m > [22mshould handle update cycles[32m 4[2mms[22m[39m
 [32mΓ£ô[39m src/components/__tests__/dye-comparison-tool.test.ts[2m > [22mDyeComparisonTool Component[2m > [22mLifecycle[2m > [22mshould cleanup resources on destroy[32m 3[2mms[22m[39m
 [32mΓ£ô[39m src/components/__tests__/dye-comparison-tool.test.ts[2m > [22mDyeComparisonTool Component[2m > [22mLifecycle[2m > [22mshould properly cleanup canvas contexts[32m 3[2mms[22m[39m
 [32mΓ£ô[39m src/components/__tests__/dye-comparison-tool.test.ts[2m > [22mDyeComparisonTool Component[2m > [22mAccessibility[2m > [22mshould have semantic HTML structure[32m 5[2mms[22m[39m
 [32mΓ£ô[39m src/components/__tests__/dye-comparison-tool.test.ts[2m > [22mDyeComparisonTool Component[2m > [22mAccessibility[2m > [22mshould provide alt text for charts[32m 5[2mms[22m[39m
 [32mΓ£ô[39m src/components/__tests__/dye-comparison-tool.test.ts[2m > [22mDyeComparisonTool Component[2m > [22mAccessibility[2m > [22mshould have keyboard navigation support[32m 4[2mms[22m[39m
 [32mΓ£ô[39m src/components/__tests__/app-layout.test.ts[2m > [22mAppLayout[2m > [22mContent Management[2m > [22mshould handle setting empty string content[32m 23[2mms[22m[39m
 [32mΓ£ô[39m src/components/__tests__/app-layout.test.ts[2m > [22mAppLayout[2m > [22mContent Management[2m > [22mshould handle setting content with complex HTML element[32m 18[2mms[22m[39m
 [32mΓ£ô[39m src/components/__tests__/app-layout.test.ts[2m > [22mAppLayout[2m > [22mChild Component Management[2m > [22mshould initialize theme switcher in onMount[32m 21[2mms[22m[39m
 [32mΓ£ô[39m src/components/__tests__/app-layout.test.ts[2m > [22mAppLayout[2m > [22mChild Component Management[2m > [22mshould render theme switcher component[32m 24[2mms[22m[39m
 [32mΓ£ô[39m src/components/__tests__/app-layout.test.ts[2m > [22mAppLayout[2m > [22mChild Component Management[2m > [22mshould destroy theme switcher when component is destroyed[32m 21[2mms[22m[39m
 [32mΓ£ô[39m src/components/__tests__/app-layout.test.ts[2m > [22mAppLayout[2m > [22mChild Component Management[2m > [22mshould handle destroy when theme switcher is null[32m 4[2mms[22m[39m
node.exe : [90mstderr[2m | src/components/__tests__/tutorial-spotlight.test.ts[2m > 
[22m[2mTutorialSpotlight[2m > [22m[2mInitialization[2m > [22m[2mshould create spotlight container
At line:1 char:1
+ & "C:\Program Files\nodejs/node.exe" "C:\Users\DrawF\AppData\Roaming\ ...
+ ~~~~~~~~~~~~~~~~~~~~~~~~~~~~~~~~~~~~~~~~~~~~~~~~~~~~~~~~~~~~~~~~~~~~~
    + CategoryInfo          : NotSpecified: ([90mstderr[2m...light container:String) [], RemoteException
    + FullyQualifiedErrorId : NativeCommandError
 
[22m[39mBaseComponent.on: Target is not HTMLElement, Document, or Window [36m<ref *1>[39m Object [global] {
  global: [36m[Circular *1][39m,
  clearImmediate: [Function: clearImmediate] {
    hadOwnProperty: [33mtrue[39m,
    clock: {
      now: [33m1764681222996[39m,
      Date: [36m[Function][39m,
      loopLimit: [33m10000[39m,
      Intl: [36m[Object][39m,
      requestIdleCallback: [36m[Function: requestIdleCallback][39m,
      cancelIdleCallback: [36m[Function: cancelIdleCallback][39m,
      setTimeout: [36m[Function][39m,
      clearTimeout: [36m[Function][39m,
      nextTick: [36m[Function: nextTick][39m,
      queueMicrotask: [36m[Function: queueMicrotask][39m,
      setInterval: [36m[Function][39m,
      clearInterval: [36m[Function][39m,
      setImmediate: [36m[Function][39m,
      clearImmediate: [36m[Function][39m,
      countTimers: [36m[Function: countTimers][39m,
      requestAnimationFrame: [36m[Function][39m,
      cancelAnimationFrame: [36m[Function][39m,
      runMicrotasks: [36m[Function: runMicrotasks][39m,
      tick: [36m[Function: tick][39m,
      tickAsync: [36m[Function: tickAsync][39m,
      next: [36m[Function: next][39m,
      nextAsync: [36m[Function: nextAsync][39m,
      runAll: [36m[Function: runAll][39m,
      runToFrame: [36m[Function: runToFrame][39m,
      runAllAsync: [36m[Function: runAllAsync][39m,
      runToLast: [36m[Function: runToLast][39m,
      runToLastAsync: [36m[Function: runToLastAsync][39m,
      reset: [36m[Function: reset][39m,
      setSystemTime: [36m[Function: setSystemTime][39m,
      jump: [36m[Function: jump][39m,
      performance: [36m[Object: null prototype][39m,
      hrtime: [36m[Function][39m,
      shouldClearNativeTimers: [33mtrue[39m,
      uninstall: [36m[Function (anonymous)][39m,
      abortListenerMap: Map(0) {},
      methods: [36m[Array][39m,
      _setTimeout: [36m[Function][39m,
      _clearTimeout: [36m[Function: clearTimeout][39m,
      _setInterval: [36m[Function: setInterval][39m,
      _clearInterval: [36m[Function: clearInterval][39m,
      _Date: [36m[Function: Date][39m,
      _setImmediate: [36m[Function][39m,
      _clearImmediate: [36m[Function: clearImmediate][39m,
      _hrtime: [36m[Function][39m,
      _performance: [36m[Performance][39m,
      _requestAnimationFrame: [36m[Function: bound ][39m,
      _cancelAnimationFrame: [36m[Function: bound ][39m,
      _Intl: Object [Intl] {}
    }
  },
  setImmediate: [Function: setImmediate] {
    hadOwnProperty: [33mtrue[39m,
    clock: {
      now: [33m1764681222996[39m,
      Date: [36m[Function][39m,
      loopLimit: [33m10000[39m,
      Intl: [36m[Object][39m,
      requestIdleCallback: [36m[Function: requestIdleCallback][39m,
      cancelIdleCallback: [36m[Function: cancelIdleCallback][39m,
      setTimeout: [36m[Function][39m,
      clearTimeout: [36m[Function][39m,
      nextTick: [36m[Function: nextTick][39m,
      queueMicrotask: [36m[Function: queueMicrotask][39m,
      setInterval: [36m[Function][39m,
      clearInterval: [36m[Function][39m,
      setImmediate: [36m[Function][39m,
      clearImmediate: [36m[Function][39m,
      countTimers: [36m[Function: countTimers][39m,
      requestAnimationFrame: [36m[Function][39m,
      cancelAnimationFrame: [36m[Function][39m,
      runMicrotasks: [36m[Function: runMicrotasks][39m,
      tick: [36m[Function: tick][39m,
      tickAsync: [36m[Function: tickAsync][39m,
      next: [36m[Function: next][39m,
      nextAsync: [36m[Function: nextAsync][39m,
      runAll: [36m[Function: runAll][39m,
      runToFrame: [36m[Function: runToFrame][39m,
      runAllAsync: [36m[Function: runAllAsync][39m,
      runToLast: [36m[Function: runToLast][39m,
      runToLastAsync: [36m[Function: runToLastAsync][39m,
      reset: [36m[Function: reset][39m,
      setSystemTime: [36m[Function: setSystemTime][39m,
      jump: [36m[Function: jump][39m,
      performance: [36m[Object: null prototype][39m,
      hrtime: [36m[Function][39m,
      shouldClearNativeTimers: [33mtrue[39m,
      uninstall: [36m[Function (anonymous)][39m,
      abortListenerMap: Map(0) {},
      methods: [36m[Array][39m,
      _setTimeout: [36m[Function][39m,
      _clearTimeout: [36m[Function: clearTimeout][39m,
      _setInterval: [36m[Function: setInterval][39m,
      _clearInterval: [36m[Function: clearInterval][39m,
      _Date: [36m[Function: Date][39m,
      _setImmediate: [36m[Function][39m,
      _clearImmediate: [36m[Function: clearImmediate][39m,
      _hrtime: [36m[Function][39m,
      _performance: [36m[Performance][39m,
      _requestAnimationFrame: [36m[Function: bound ][39m,
      _cancelAnimationFrame: [36m[Function: bound ][39m,
      _Intl: Object [Intl] {}
    },
    [[32mSymbol(nodejs.util.promisify.custom)[39m]: [36m[Function: promisifiedSetImmediate][39m
  },
  clearInterval: [Function: clearInterval] {
    hadOwnProperty: [33mtrue[39m,
    clock: {
      now: [33m1764681222996[39m,
      Date: [36m[Function][39m,
      loopLimit: [33m10000[39m,
      Intl: [36m[Object][39m,
      requestIdleCallback: [36m[Function: requestIdleCallback][39m,
      cancelIdleCallback: [36m[Function: cancelIdleCallback][39m,
      setTimeout: [36m[Function][39m,
      clearTimeout: [36m[Function][39m,
      nextTick: [36m[Function: nextTick][39m,
      queueMicrotask: [36m[Function: queueMicrotask][39m,
      setInterval: [36m[Function][39m,
      clearInterval: [36m[Function][39m,
      setImmediate: [36m[Function][39m,
      clearImmediate: [36m[Function][39m,
      countTimers: [36m[Function: countTimers][39m,
      requestAnimationFrame: [36m[Function][39m,
      cancelAnimationFrame: [36m[Function][39m,
      runMicrotasks: [36m[Function: runMicrotasks][39m,
      tick: [36m[Function: tick][39m,
      tickAsync: [36m[Function: tickAsync][39m,
      next: [36m[Function: next][39m,
      nextAsync: [36m[Function: nextAsync][39m,
      runAll: [36m[Function: runAll][39m,
      runToFrame: [36m[Function: runToFrame][39m,
      runAllAsync: [36m[Function: runAllAsync][39m,
      runToLast: [36m[Function: runToLast][39m,
      runToLastAsync: [36m[Function: runToLastAsync][39m,
      reset: [36m[Function: reset][39m,
      setSystemTime: [36m[Function: setSystemTime][39m,
      jump: [36m[Function: jump][39m,
      performance: [36m[Object: null prototype][39m,
      hrtime: [36m[Function][39m,
      shouldClearNativeTimers: [33mtrue[39m,
      uninstall: [36m[Function (anonymous)][39m,
      abortListenerMap: Map(0) {},
      methods: [36m[Array][39m,
      _setTimeout: [36m[Function][39m,
      _clearTimeout: [36m[Function: clearTimeout][39m,
      _setInterval: [36m[Function: setInterval][39m,
      _clearInterval: [36m[Function: clearInterval][39m,
      _Date: [36m[Function: Date][39m,
      _setImmediate: [36m[Function][39m,
      _clearImmediate: [36m[Function: clearImmediate][39m,
      _hrtime: [36m[Function][39m,
      _performance: [36m[Performance][39m,
      _requestAnimationFrame: [36m[Function: bound ][39m,
      _cancelAnimationFrame: [36m[Function: bound ][39m,
      _Intl: Object [Intl] {}
    }
  },
  clearTimeout: [Function: clearTimeout] {
    hadOwnProperty: [33mtrue[39m,
    clock: {
      now: [33m1764681222996[39m,
      Date: [36m[Function][39m,
      loopLimit: [33m10000[39m,
      Intl: [36m[Object][39m,
      requestIdleCallback: [36m[Function: requestIdleCallback][39m,
      cancelIdleCallback: [36m[Function: cancelIdleCallback][39m,
      setTimeout: [36m[Function][39m,
      clearTimeout: [36m[Function][39m,
      nextTick: [36m[Function: nextTick][39m,
      queueMicrotask: [36m[Function: queueMicrotask][39m,
      setInterval: [36m[Function][39m,
      clearInterval: [36m[Function][39m,
      setImmediate: [36m[Function][39m,
      clearImmediate: [36m[Function][39m,
      countTimers: [36m[Function: countTimers][39m,
      requestAnimationFrame: [36m[Function][39m,
      cancelAnimationFrame: [36m[Function][39m,
      runMicrotasks: [36m[Function: runMicrotasks][39m,
      tick: [36m[Function: tick][39m,
      tickAsync: [36m[Function: tickAsync][39m,
      next: [36m[Function: next][39m,
      nextAsync: [36m[Function: nextAsync][39m,
      runAll: [36m[Function: runAll][39m,
      runToFrame: [36m[Function: runToFrame][39m,
      runAllAsync: [36m[Function: runAllAsync][39m,
      runToLast: [36m[Function: runToLast][39m,
      runToLastAsync: [36m[Function: runToLastAsync][39m,
      reset: [36m[Function: reset][39m,
      setSystemTime: [36m[Function: setSystemTime][39m,
      jump: [36m[Function: jump][39m,
      performance: [36m[Object: null prototype][39m,
      hrtime: [36m[Function][39m,
      shouldClearNativeTimers: [33mtrue[39m,
      uninstall: [36m[Function (anonymous)][39m,
      abortListenerMap: Map(0) {},
      methods: [36m[Array][39m,
      _setTimeout: [36m[Function][39m,
      _clearTimeout: [36m[Function: clearTimeout][39m,
      _setInterval: [36m[Function: setInterval][39m,
      _clearInterval: [36m[Function: clearInterval][39m,
      _Date: [36m[Function: Date][39m,
      _setImmediate: [36m[Function][39m,
      _clearImmediate: [36m[Function: clearImmediate][39m,
      _hrtime: [36m[Function][39m,
      _performance: [36m[Performance][39m,
      _requestAnimationFrame: [36m[Function: bound ][39m,
      _cancelAnimationFrame: [36m[Function: bound ][39m,
      _Intl: Object [Intl] {}
    }
  },
  setInterval: [Function: setInterval] {
    hadOwnProperty: [33mtrue[39m,
    clock: {
      now: [33m1764681222996[39m,
      Date: [36m[Function][39m,
      loopLimit: [33m10000[39m,
      Intl: [36m[Object][39m,
      requestIdleCallback: [36m[Function: requestIdleCallback][39m,
      cancelIdleCallback: [36m[Function: cancelIdleCallback][39m,
      setTimeout: [36m[Function][39m,
      clearTimeout: [36m[Function][39m,
      nextTick: [36m[Function: nextTick][39m,
      queueMicrotask: [36m[Function: queueMicrotask][39m,
      setInterval: [36m[Function][39m,
      clearInterval: [36m[Function][39m,
      setImmediate: [36m[Function][39m,
      clearImmediate: [36m[Function][39m,
      countTimers: [36m[Function: countTimers][39m,
      requestAnimationFrame: [36m[Function][39m,
      cancelAnimationFrame: [36m[Function][39m,
      runMicrotasks: [36m[Function: runMicrotasks][39m,
      tick: [36m[Function: tick][39m,
      tickAsync: [36m[Function: tickAsync][39m,
      next: [36m[Function: next][39m,
      nextAsync: [36m[Function: nextAsync][39m,
      runAll: [36m[Function: runAll][39m,
      runToFrame: [36m[Function: runToFrame][39m,
      runAllAsync: [36m[Function: runAllAsync][39m,
      runToLast: [36m[Function: runToLast][39m,
      runToLastAsync: [36m[Function: runToLastAsync][39m,
      reset: [36m[Function: reset][39m,
      setSystemTime: [36m[Function: setSystemTime][39m,
      jump: [36m[Function: jump][39m,
      performance: [36m[Object: null prototype][39m,
      hrtime: [36m[Function][39m,
      shouldClearNativeTimers: [33mtrue[39m,
      uninstall: [36m[Function (anonymous)][39m,
      abortListenerMap: Map(0) {},
      methods: [36m[Array][39m,
      _setTimeout: [36m[Function][39m,
      _clearTimeout: [36m[Function: clearTimeout][39m,
      _setInterval: [36m[Function: setInterval][39m,
      _clearInterval: [36m[Function: clearInterval][39m,
      _Date: [36m[Function: Date][39m,
      _setImmediate: [36m[Function][39m,
      _clearImmediate: [36m[Function: clearImmediate][39m,
      _hrtime: [36m[Function][39m,
      _performance: [36m[Performance][39m,
      _requestAnimationFrame: [36m[Function: bound ][39m,
      _cancelAnimationFrame: [36m[Function: bound ][39m,
      _Intl: Object [Intl] {}
    }
  },
  setTimeout: [Function: setTimeout] {
    hadOwnProperty: [33mtrue[39m,
    clock: {
      now: [33m1764681222996[39m,
      Date: [36m[Function][39m,
      loopLimit: [33m10000[39m,
      Intl: [36m[Object][39m,
      requestIdleCallback: [36m[Function: requestIdleCallback][39m,
      cancelIdleCallback: [36m[Function: cancelIdleCallback][39m,
      setTimeout: [36m[Function][39m,
      clearTimeout: [36m[Function][39m,
      nextTick: [36m[Function: nextTick][39m,
      queueMicrotask: [36m[Function: queueMicrotask][39m,
      setInterval: [36m[Function][39m,
      clearInterval: [36m[Function][39m,
      setImmediate: [36m[Function][39m,
      clearImmediate: [36m[Function][39m,
      countTimers: [36m[Function: countTimers][39m,
      requestAnimationFrame: [36m[Function][39m,
      cancelAnimationFrame: [36m[Function][39m,
      runMicrotasks: [36m[Function: runMicrotasks][39m,
      tick: [36m[Function: tick][39m,
      tickAsync: [36m[Function: tickAsync][39m,
      next: [36m[Function: next][39m,
      nextAsync: [36m[Function: nextAsync][39m,
      runAll: [36m[Function: runAll][39m,
      runToFrame: [36m[Function: runToFrame][39m,
      runAllAsync: [36m[Function: runAllAsync][39m,
      runToLast: [36m[Function: runToLast][39m,
      runToLastAsync: [36m[Function: runToLastAsync][39m,
      reset: [36m[Function: reset][39m,
      setSystemTime: [36m[Function: setSystemTime][39m,
      jump: [36m[Function: jump][39m,
      performance: [36m[Object: null prototype][39m,
      hrtime: [36m[Function][39m,
      shouldClearNativeTimers: [33mtrue[39m,
      uninstall: [36m[Function (anonymous)][39m,
      abortListenerMap: Map(0) {},
      methods: [36m[Array][39m,
      _setTimeout: [36m[Function][39m,
      _clearTimeout: [36m[Function: clearTimeout][39m,
      _setInterval: [36m[Function: setInterval][39m,
      _clearInterval: [36m[Function: clearInterval][39m,
      _Date: [36m[Function: Date][39m,
      _setImmediate: [36m[Function][39m,
      _clearImmediate: [36m[Function: clearImmediate][39m,
      _hrtime: [36m[Function][39m,
      _performance: [36m[Performance][39m,
      _requestAnimationFrame: [36m[Function: bound ][39m,
      _cancelAnimationFrame: [36m[Function: bound ][39m,
      _Intl: Object [Intl] {}
    },
    [[32mSymbol(nodejs.util.promisify.custom)[39m]: [36m[Function: promisifiedSetTimeout][39m
  },
  queueMicrotask: [36m[Function: queueMicrotask][39m,
  structuredClone: [36m[Function: structuredClone][39m,
  atob: [36m[Function: atob][39m,
  btoa: [36m[Function: btoa][39m,
  performance: [36m[Getter/Setter][39m,
  fetch: [36m[Function: fetch][39m,
  navigator: [36m[Getter/Setter][39m,
  crypto: [36m[Getter][39m,
  window: [36m[Circular *1][39m,
  self: [36m[Circular *1][39m,
  top: [36m[Circular *1][39m,
  parent: [36m[Circular *1][39m,
  jsdom: JSDOM {
    [[32mSymbol(window)[39m]: [36m<ref *2>[39m Window {
      StyleSheet: [36m[Function: StyleSheet][39m,
      MediaList: [36m[Function: MediaList][39m,
      CSSStyleSheet: [36m[Function: CSSStyleSheet][39m,
      CSSRule: [36m[Function][39m,
      CSSStyleRule: [36m[Function][39m,
      CSSMediaRule: [36m[Function: CSSMediaRule][39m,
      CSSImportRule: [36m[Function: CSSImportRule][39m,
      CSSStyleDeclaration: [36m[class CSSStyleDeclaration][39m,
      XPathException: [36m[Function][39m,
      XPathExpression: [36m[Function: XPathExpression][39m,
      XPathResult: [36m[Function][39m,
      XPathEvaluator: [36m[Function: XPathEvaluator][39m,
      onafterprint: [36m[Getter/Setter][39m,
      onbeforeprint: [36m[Getter/Setter][39m,
      onbeforeunload: [36m[Getter/Setter][39m,
      onhashchange: [36m[Getter/Setter][39m,
      onlanguagechange: [36m[Getter/Setter][39m,
      onmessage: [36m[Getter/Setter][39m,
      onmessageerror: [36m[Getter/Setter][39m,
      onoffline: [36m[Getter/Setter][39m,
      ononline: [36m[Getter/Setter][39m,
      onpagehide: [36m[Getter/Setter][39m,
      onpageshow: [36m[Getter/Setter][39m,
      onpopstate: [36m[Getter/Setter][39m,
      onrejectionhandled: [36m[Getter/Setter][39m,
      onstorage: [36m[Getter/Setter][39m,
      onunhandledrejection: [36m[Getter/Setter][39m,
      onunload: [36m[Getter/Setter][39m,
      onblur: [36m[Getter/Setter][39m,
      onerror: [36m[Getter/Setter][39m,
      onfocus: [36m[Getter/Setter][39m,
      onload: [36m[Getter/Setter][39m,
      onresize: [36m[Getter/Setter][39m,
      onscroll: [36m[Getter/Setter][39m,
      onabort: [36m[Getter/Setter][39m,
      onauxclick: [36m[Getter/Setter][39m,
      onbeforeinput: [36m[Getter/Setter][39m,
      onbeforematch: [36m[Getter/Setter][39m,
      onbeforetoggle: [36m[Getter/Setter][39m,
      oncancel: [36m[Getter/Setter][39m,
      oncanplay: [36m[Getter/Setter][39m,
      oncanplaythrough: [36m[Getter/Setter][39m,
      onchange: [36m[Getter/Setter][39m,
      onclick: [36m[Getter/Setter][39m,
      onclose: [36m[Getter/Setter][39m,
      oncontextlost: [36m[Getter/Setter][39m,
      oncontextmenu: [36m[Getter/Setter][39m,
      oncontextrestored: [36m[Getter/Setter][39m,
      oncopy: [36m[Getter/Setter][39m,
      oncuechange: [36m[Getter/Setter][39m,
      oncut: [36m[Getter/Setter][39m,
      ondblclick: [36m[Getter/Setter][39m,
      ondrag: [36m[Getter/Setter][39m,
      ondragend: [36m[Getter/Setter][39m,
      ondragenter: [36m[Getter/Setter][39m,
      ondragleave: [36m[Getter/Setter][39m,
      ondragover: [36m[Getter/Setter][39m,
      ondragstart: [36m[Getter/Setter][39m,
      ondrop: [36m[Getter/Setter][39m,
      ondurationchange: [36m[Getter/Setter][39m,
      onemptied: [36m[Getter/Setter][39m,
      onended: [36m[Getter/Setter][39m,
      onformdata: [36m[Getter/Setter][39m,
      oninput: [36m[Getter/Setter][39m,
      oninvalid: [36m[Getter/Setter][39m,
      onkeydown: [36m[Getter/Setter][39m,
      onkeypress: [36m[Getter/Setter][39m,
      onkeyup: [36m[Getter/Setter][39m,
      onloadeddata: [36m[Getter/Setter][39m,
      onloadedmetadata: [36m[Getter/Setter][39m,
      onloadstart: [36m[Getter/Setter][39m,
      onmousedown: [36m[Getter/Setter][39m,
      onmouseenter: [36m[Getter/Setter][39m,
      onmouseleave: [36m[Getter/Setter][39m,
      onmousemove: [36m[Getter/Setter][39m,
      onmouseout: [36m[Getter/Setter][39m,
      onmouseover: [36m[Getter/Setter][39m,
      onmouseup: [36m[Getter/Setter][39m,
      onpaste: [36m[Getter/Setter][39m,
      onpause: [36m[Getter/Setter][39m,
      onplay: [36m[Getter/Setter][39m,
      onplaying: [36m[Getter/Setter][39m,
      onprogress: [36m[Getter/Setter][39m,
      onratechange: [36m[Getter/Setter][39m,
      onreset: [36m[Getter/Setter][39m,
      onscrollend: [36m[Getter/Setter][39m,
      onsecuritypolicyviolation: [36m[Getter/Setter][39m,
      onseeked: [36m[Getter/Setter][39m,
      onseeking: [36m[Getter/Setter][39m,
      onselect: [36m[Getter/Setter][39m,
      onslotchange: [36m[Getter/Setter][39m,
      onstalled: [36m[Getter/Setter][39m,
      onsubmit: [36m[Getter/Setter][39m,
      onsuspend: [36m[Getter/Setter][39m,
      ontimeupdate: [36m[Getter/Setter][39m,
      ontoggle: [36m[Getter/Setter][39m,
      onvolumechange: [36m[Getter/Setter][39m,
      onwaiting: [36m[Getter/Setter][39m,
      onwebkitanimationend: [36m[Getter/Setter][39m,
      onwebkitanimationiteration: [36m[Getter/Setter][39m,
      onwebkitanimationstart: [36m[Getter/Setter][39m,
      onwebkittransitionend: [36m[Getter/Setter][39m,
      onwheel: [36m[Getter/Setter][39m,
      ontouchstart: [36m[Getter/Setter][39m,
      ontouchend: [36m[Getter/Setter][39m,
      ontouchmove: [36m[Getter/Setter][39m,
      ontouchcancel: [36m[Getter/Setter][39m,
      _registeredHandlers: Set(0) {},
      _eventHandlers: [Object: null prototype] {},
      onautocomplete: [36m[Getter/Setter][39m,
      onautocompleteerror: [36m[Getter/Setter][39m,
      onsort: [36m[Getter/Setter][39m,
      _globalObject: [36m[Circular *2][39m,
      _resourceLoader: [36m[NoOpResourceLoader][39m,
      _globalProxy: [36m[Object [Window]][39m,
      _document: [36m[Document][39m,
      _origin: [32m'http://localhost:3000'[39m,
      _sessionHistory: [36m[SessionHistory][39m,
      _virtualConsole: [36m[VirtualConsole][39m,
      _runScripts: [32m'dangerously'[39m,
      _top: [36m[Object [Window]][39m,
      _parent: [36m[Object [Window]][39m,
      _frameElement: [1mnull[22m,
      _length: [33m0[39m,
      _currentEvent: [90mundefined[39m,
      _pretendToBeVisual: [33mtrue[39m,
      _storageQuota: [33m5000000[39m,
      _commonForOrigin: [36m[Object][39m,
      _currentOriginData: [36m[Object][39m,
      _localStorage: Storage {},
      _sessionStorage: Storage {},
      _selection: [36m[SelectionImpl][39m,
      getSelection: [36m[Function (anonymous)][39m,
      _customElementRegistry: CustomElementRegistry {},
      length: [36m[Getter/Setter][39m,
      window: [36m[Getter][39m,
      frameElement: [36m[Getter][39m,
      frames: [36m[Getter/Setter][39m,
      self: [36m[Getter/Setter][39m,
      parent: [36m[Getter/Setter][39m,
      top: [36m[Getter][39m,
      document: [36m[Getter][39m,
      external: [36m[Getter/Setter][39m,
      location: [36m[Getter/Setter][39m,
      history: [36m[Getter][39m,
      navigator: [36m[Getter][39m,
      locationbar: [36m[Getter/Setter][39m,
      menubar: [36m[Getter/Setter][39m,
      personalbar: [36m[Getter/Setter][39m,
      scrollbars: [36m[Getter/Setter][39m,
      statusbar: [36m[Getter/Setter][39m,
      toolbar: [36m[Getter/Setter][39m,
      performance: [36m[Getter][39m,
      screen: [36m[Getter/Setter][39m,
      crypto: [36m[Getter][39m,
      origin: [36m[Getter/Setter][39m,
      localStorage: [36m[Getter][39m,
      sessionStorage: [36m[Getter][39m,
      customElements: [36m[Getter][39m,
      event: [36m[Getter/Setter][39m,
      setTimeout: [36m[Function (anonymous)][39m,
      setInterval: [36m[Function (anonymous)][39m,
      clearTimeout: [36m[Function (anonymous)][39m,
      clearInterval: [36m[Function (anonymous)][39m,
      queueMicrotask: [36m[Function (anonymous)][39m,
      requestAnimationFrame: [36m[Function (anonymous)][39m,
      cancelAnimationFrame: [36m[Function (anonymous)][39m,
      postMessage: [36m[Function (anonymous)][39m,
      atob: [36m[Function (anonymous)][39m,
      btoa: [36m[Function (anonymous)][39m,
      stop: [36m[Function (anonymous)][39m,
      close: [36m[Function (anonymous)][39m,
      getComputedStyle: [36m[Function (anonymous)][39m,
      captureEvents: [36m[Function (anonymous)][39m,
      releaseEvents: [36m[Function (anonymous)][39m,
      console: [36m[Object][39m,
      name: [32m''[39m,
      status: [32m''[39m,
      devicePixelRatio: [33m1[39m,
      innerWidth: [33m1024[39m,
      innerHeight: [33m768[39m,
      outerWidth: [33m1024[39m,
      outerHeight: [33m768[39m,
      pageXOffset: [33m0[39m,
      pageYOffset: [33m0[39m,
      screenX: [33m0[39m,
      screenLeft: [33m0[39m,
      screenY: [33m0[39m,
      screenTop: [33m0[39m,
      scrollX: [33m0[39m,
      scrollY: [33m0[39m,
      alert: [36m[Function (anonymous)][39m,
      blur: [36m[Function (anonymous)][39m,
      confirm: [36m[Function (anonymous)][39m,
      focus: [36m[Function (anonymous)][39m,
      moveBy: [36m[Function (anonymous)][39m,
      moveTo: [36m[Function (anonymous)][39m,
      open: [36m[Function (anonymous)][39m,
      print: [36m[Function (anonymous)][39m,
      prompt: [36m[Function (anonymous)][39m,
      resizeBy: [36m[Function (anonymous)][39m,
      resizeTo: [36m[Function (anonymous)][39m,
      scroll: [36m[Function (anonymous)][39m,
      scrollBy: [36m[Function (anonymous)][39m,
      scrollTo: [36m[Function (anonymous)][39m,
      [32m'test-container'[39m: [36m[Getter/Setter][39m,
      [32m'tutorial-target'[39m: [36m[Getter/Setter][39m,
      [[32mSymbol([webidl2js] constructor registry)[39m]: [36m[Object: null prototype][39m,
      [[32mSymbol(named property tracker)[39m]: [36m[NamedPropertiesTracker][39m
    }
  },
  suite: [Function: chain] {
    each: [36m[Function (anonymous)][39m,
    for: [36m[Function (anonymous)][39m,
    skipIf: [36m[Function (anonymous)][39m,
    runIf: [36m[Function (anonymous)][39m,
    withContext: [36m[Function (anonymous)][39m,
    setContext: [36m[Function (anonymous)][39m,
    mergeContext: [36m[Function (anonymous)][39m,
    fn: [Function: suiteFn] {
      each: [36m[Function (anonymous)][39m,
      for: [36m[Function (anonymous)][39m,
      skipIf: [36m[Function (anonymous)][39m,
      runIf: [36m[Function (anonymous)][39m
    }
  },
  test: [Function: chain] {
    each: [36m[Function (anonymous)][39m,
    for: [36m[Function (anonymous)][39m,
    skipIf: [36m[Function (anonymous)][39m,
    runIf: [36m[Function (anonymous)][39m,
    scoped: [36m[Function (anonymous)][39m,
    extend: [36m[Function (anonymous)][39m,
    beforeEach: [36m[Function: beforeEach][39m,
    afterEach: [36m[Function: afterEach][39m,
    beforeAll: [36m[Function: beforeAll][39m,
    afterAll: [36m[Function: afterAll][39m,
    withContext: [36m[Function (anonymous)][39m,
    setContext: [36m[Function (anonymous)][39m,
    mergeContext: [36m[Function (anonymous)][39m,
    fn: [Function (anonymous)] {
      each: [36m[Function (anonymous)][39m,
      for: [36m[Function (anonymous)][39m,
      skipIf: [36m[Function (anonymous)][39m,
      runIf: [36m[Function (anonymous)][39m,
      scoped: [36m[Function (anonymous)][39m,
      extend: [36m[Function (anonymous)][39m,
      beforeEach: [36m[Function: beforeEach][39m,
      afterEach: [36m[Function: afterEach][39m,
      beforeAll: [36m[Function: beforeAll][39m,
      afterAll: [36m[Function: afterAll][39m
    }
  },
  describe: [Function: chain] {
    each: [36m[Function (anonymous)][39m,
    for: [36m[Function (anonymous)][39m,
    skipIf: [36m[Function (anonymous)][39m,
    runIf: [36m[Function (anonymous)][39m,
    withContext: [36m[Function (anonymous)][39m,
    setContext: [36m[Function (anonymous)][39m,
    mergeContext: [36m[Function (anonymous)][39m,
    fn: [Function: suiteFn] {
      each: [36m[Function (anonymous)][39m,
      for: [36m[Function (anonymous)][39m,
      skipIf: [36m[Function (anonymous)][39m,
      runIf: [36m[Function (anonymous)][39m
    }
  },
  it: [Function: chain] {
    each: [36m[Function (anonymous)][39m,
    for: [36m[Function (anonymous)][39m,
    skipIf: [36m[Function (anonymous)][39m,
    runIf: [36m[Function (anonymous)][39m,
    scoped: [36m[Function (anonymous)][39m,
    extend: [36m[Function (anonymous)][39m,
    beforeEach: [36m[Function: beforeEach][39m,
    afterEach: [36m[Function: afterEach][39m,
    beforeAll: [36m[Function: beforeAll][39m,
    afterAll: [36m[Function: afterAll][39m,
    withContext: [36m[Function (anonymous)][39m,
    setContext: [36m[Function (anonymous)][39m,
    mergeContext: [36m[Function (anonymous)][39m,
    fn: [Function (anonymous)] {
      each: [36m[Function (anonymous)][39m,
      for: [36m[Function (anonymous)][39m,
      skipIf: [36m[Function (anonymous)][39m,
      runIf: [36m[Function (anonymous)][39m,
      scoped: [36m[Function (anonymous)][39m,
      extend: [36m[Function (anonymous)][39m,
      beforeEach: [36m[Function: beforeEach][39m,
      afterEach: [36m[Function: afterEach][39m,
      beforeAll: [36m[Function: beforeAll][39m,
      afterAll: [36m[Function: afterAll][39m
    }
  },
  chai: [Module: null prototype] {
    Assertion: [36m[class Assertion][39m,
    AssertionError: [36m[class AssertionError extends Error][39m,
    Should: [36m[Function: loadShould][39m,
    assert: [Function: assert] {
      fail: [36m[Function (anonymous)][39m,
      isOk: [36m[Function (anonymous)][39m,
      isNotOk: [36m[Function (anonymous)][39m,
      equal: [36m[Function (anonymous)][39m,
      notEqual: [36m[Function (anonymous)][39m,
      strictEqual: [36m[Function (anonymous)][39m,
      notStrictEqual: [36m[Function (anonymous)][39m,
      deepStrictEqual: [36m[Function (anonymous)][39m,
      deepEqual: [36m[Function (anonymous)][39m,
      notDeepEqual: [36m[Function (anonymous)][39m,
      isAbove: [36m[Function (anonymous)][39m,
      isAtLeast: [36m[Function (anonymous)][39m,
      isBelow: [36m[Function (anonymous)][39m,
      isAtMost: [36m[Function (anonymous)][39m,
      isTrue: [36m[Function (anonymous)][39m,
      isNotTrue: [36m[Function (anonymous)][39m,
      isFalse: [36m[Function (anonymous)][39m,
      isNotFalse: [36m[Function (anonymous)][39m,
      isNull: [36m[Function (anonymous)][39m,
      isNotNull: [36m[Function (anonymous)][39m,
      isNaN: [36m[Function (anonymous)][39m,
      isNotNaN: [36m[Function (anonymous)][39m,
      exists: [36m[Function (anonymous)][39m,
      notExists: [36m[Function (anonymous)][39m,
      isUndefined: [36m[Function (anonymous)][39m,
      isDefined: [36m[Function (anonymous)][39m,
      isCallable: [36m[Function (anonymous)][39m,
      isNotCallable: [36m[Function (anonymous)][39m,
      isObject: [36m[Function (anonymous)][39m,
      isNotObject: [36m[Function (anonymous)][39m,
      isArray: [36m[Function (anonymous)][39m,
      isNotArray: [36m[Function (anonymous)][39m,
      isString: [36m[Function (anonymous)][39m,
      isNotString: [36m[Function (anonymous)][39m,
      isNumber: [36m[Function (anonymous)][39m,
      isNotNumber: [36m[Function (anonymous)][39m,
      isNumeric: [36m[Function (anonymous)][39m,
      isNotNumeric: [36m[Function (anonymous)][39m,
      isFinite: [36m[Function (anonymous)][39m,
      isBoolean: [36m[Function (anonymous)][39m,
      isNotBoolean: [36m[Function (anonymous)][39m,
      typeOf: [36m[Function (anonymous)][39m,
      notTypeOf: [36m[Function (anonymous)][39m,
      instanceOf: [36m[Function (anonymous)][39m,
      notInstanceOf: [36m[Function (anonymous)][39m,
      include: [36m[Function (anonymous)][39m,
      notInclude: [36m[Function (anonymous)][39m,
      deepInclude: [36m[Function (anonymous)][39m,
      notDeepInclude: [36m[Function (anonymous)][39m,
      nestedInclude: [36m[Function (anonymous)][39m,
      notNestedInclude: [36m[Function (anonymous)][39m,
      deepNestedInclude: [36m[Function (anonymous)][39m,
      notDeepNestedInclude: [36m[Function (anonymous)][39m,
      ownInclude: [36m[Function (anonymous)][39m,
      notOwnInclude: [36m[Function (anonymous)][39m,
      deepOwnInclude: [36m[Function (anonymous)][39m,
      notDeepOwnInclude: [36m[Function (anonymous)][39m,
      match: [36m[Function (anonymous)][39m,
      notMatch: [36m[Function (anonymous)][39m,
      property: [36m[Function (anonymous)][39m,
      notProperty: [36m[Function (anonymous)][39m,
      propertyVal: [36m[Function (anonymous)][39m,
      notPropertyVal: [36m[Function (anonymous)][39m,
      deepPropertyVal: [36m[Function (anonymous)][39m,
      notDeepPropertyVal: [36m[Function (anonymous)][39m,
      ownProperty: [36m[Function (anonymous)][39m,
      notOwnProperty: [36m[Function (anonymous)][39m,
      ownPropertyVal: [36m[Function (anonymous)][39m,
      notOwnPropertyVal: [36m[Function (anonymous)][39m,
      deepOwnPropertyVal: [36m[Function (anonymous)][39m,
      notDeepOwnPropertyVal: [36m[Function (anonymous)][39m,
      nestedProperty: [36m[Function (anonymous)][39m,
      notNestedProperty: [36m[Function (anonymous)][39m,
      nestedPropertyVal: [36m[Function (anonymous)][39m,
      notNestedPropertyVal: [36m[Function (anonymous)][39m,
      deepNestedPropertyVal: [36m[Function (anonymous)][39m,
      notDeepNestedPropertyVal: [36m[Function (anonymous)][39m,
      lengthOf: [36m[Function (anonymous)][39m,
      hasAnyKeys: [36m[Function (anonymous)][39m,
      hasAllKeys: [36m[Function (anonymous)][39m,
      containsAllKeys: [36m[Function (anonymous)][39m,
      doesNotHaveAnyKeys: [36m[Function (anonymous)][39m,
      doesNotHaveAllKeys: [36m[Function (anonymous)][39m,
      hasAnyDeepKeys: [36m[Function (anonymous)][39m,
      hasAllDeepKeys: [36m[Function (anonymous)][39m,
      containsAllDeepKeys: [36m[Function (anonymous)][39m,
      doesNotHaveAnyDeepKeys: [36m[Function (anonymous)][39m,
      doesNotHaveAllDeepKeys: [36m[Function (anonymous)][39m,
      throws: [36m[Function (anonymous)][39m,
      doesNotThrow: [36m[Function (anonymous)][39m,
      operator: [36m[Function (anonymous)][39m,
      closeTo: [36m[Function (anonymous)][39m,
      approximately: [36m[Function (anonymous)][39m,
      sameMembers: [36m[Function (anonymous)][39m,
      notSameMembers: [36m[Function (anonymous)][39m,
      sameDeepMembers: [36m[Function (anonymous)][39m,
      notSameDeepMembers: [36m[Function (anonymous)][39m,
      sameOrderedMembers: [36m[Function (anonymous)][39m,
      notSameOrderedMembers: [36m[Function (anonymous)][39m,
      sameDeepOrderedMembers: [36m[Function (anonymous)][39m,
      notSameDeepOrderedMembers: [36m[Function (anonymous)][39m,
      includeMembers: [36m[Function (anonymous)][39m,
      notIncludeMembers: [36m[Function (anonymous)][39m,
      includeDeepMembers: [36m[Function (anonymous)][39m,
      notIncludeDeepMembers: [36m[Function (anonymous)][39m,
      includeOrderedMembers: [36m[Function (anonymous)][39m,
      notIncludeOrderedMembers: [36m[Function (anonymous)][39m,
      includeDeepOrderedMembers: [36m[Function (anonymous)][39m,
      notIncludeDeepOrderedMembers: [36m[Function (anonymous)][39m,
      oneOf: [36m[Function (anonymous)][39m,
      isIterable: [36m[Function (anonymous)][39m,
      changes: [36m[Function (anonymous)][39m,
      changesBy: [36m[Function (anonymous)][39m,
      doesNotChange: [36m[Function (anonymous)][39m,
      changesButNotBy: [36m[Function (anonymous)][39m,
      increases: [36m[Function (anonymous)][39m,
      increasesBy: [36m[Function (anonymous)][39m,
      doesNotIncrease: [36m[Function (anonymous)][39m,
      increasesButNotBy: [36m[Function (anonymous)][39m,
      decreases: [36m[Function (anonymous)][39m,
      decreasesBy: [36m[Function (anonymous)][39m,
      doesNotDecrease: [36m[Function (anonymous)][39m,
      doesNotDecreaseBy: [36m[Function (anonymous)][39m,
      decreasesButNotBy: [36m[Function (anonymous)][39m,
      ifError: [36m[Function (anonymous)][39m,
      isExtensible: [36m[Function (anonymous)][39m,
      isNotExtensible: [36m[Function (anonymous)][39m,
      isSealed: [36m[Function (anonymous)][39m,
      isNotSealed: [36m[Function (anonymous)][39m,
      isFrozen: [36m[Function (anonymous)][39m,
      isNotFrozen: [36m[Function (anonymous)][39m,
      isEmpty: [36m[Function (anonymous)][39m,
      isNotEmpty: [36m[Function (anonymous)][39m,
      containsSubset: [36m[Function (anonymous)][39m,
      doesNotContainSubset: [36m[Function (anonymous)][39m,
      ok: [36m[Function (anonymous)][39m,
      notOk: [36m[Function (anonymous)][39m,
      throw: [36m[Function (anonymous)][39m,
      Throw: [36m[Function (anonymous)][39m,
      extensible: [36m[Function (anonymous)][39m,
      notExtensible: [36m[Function (anonymous)][39m,
      sealed: [36m[Function (anonymous)][39m,
      notSealed: [36m[Function (anonymous)][39m,
      frozen: [36m[Function (anonymous)][39m,
      notFrozen: [36m[Function (anonymous)][39m,
      empty: [36m[Function (anonymous)][39m,
      notEmpty: [36m[Function (anonymous)][39m,
      isFunction: [36m[Function (anonymous)][39m,
      isNotFunction: [36m[Function (anonymous)][39m,
      containSubset: [36m[Function (anonymous)][39m
    },
    config: {
      includeStack: [33mfalse[39m,
      showDiff: [33mtrue[39m,
      truncateThreshold: [33m40[39m,
      useProxy: [33mtrue[39m,
      proxyExcludedKeys: [36m[Array][39m,
      deepEqual: [1mnull[22m
    },
    expect: [Function: expect] {
      fail: [36m[Function (anonymous)][39m,
      extend: [36m[Function: methodWrapper][39m,
      addSnapshotSerializer: [36m[Function: methodWrapper][39m,
      anything: [36m[Function: methodWrapper][39m,
      any: [36m[Function: methodWrapper][39m,
      stringContaining: [36m[Function: methodWrapper][39m,
      objectContaining: [36m[Function: methodWrapper][39m,
      arrayContaining: [36m[Function: methodWrapper][39m,
      stringMatching: [36m[Function: methodWrapper][39m,
      closeTo: [36m[Function: methodWrapper][39m,
      schemaMatching: [36m[Function: methodWrapper][39m,
      not: [36m[Object][39m,
      __flags: [36m[Object: null prototype][39m
    },
    should: [36m[Function: loadShould][39m,
    use: [36m[Function: use][39m,
    util: {
      addChainableMethod: [36m[Getter][39m,
      addLengthGuard: [36m[Getter][39m,
      addMethod: [36m[Getter][39m,
      addProperty: [36m[Getter][39m,
      checkError: [36m[Getter][39m,
      compareByInspect: [36m[Getter][39m,
      eql: [36m[Getter][39m,
      events: [36m[Getter][39m,
      expectTypes: [36m[Getter][39m,
      flag: [36m[Getter][39m,
      getActual: [36m[Getter][39m,
      getMessage: [36m[Getter][39m,
      getName: [36m[Getter][39m,
      getOperator: [36m[Getter][39m,
      getOwnEnumerableProperties: [36m[Getter][39m,
      getOwnEnumerablePropertySymbols: [36m[Getter][39m,
      getPathInfo: [36m[Getter][39m,
      hasProperty: [36m[Getter][39m,
      inspect: [36m[Getter][39m,
      isNaN: [36m[Getter][39m,
      isNumeric: [36m[Getter][39m,
      isProxyEnabled: [36m[Getter][39m,
      isRegExp: [36m[Getter][39m,
      objDisplay: [36m[Getter][39m,
      overwriteChainableMethod: [36m[Getter][39m,
      overwriteMethod: [36m[Getter][39m,
      overwriteProperty: [36m[Getter][39m,
      proxify: [36m[Getter][39m,
      test: [36m[Getter][39m,
      transferFlags: [36m[Getter][39m,
      type: [36m[Getter][39m
    }
  },
  expect: [Function: expect] {
    fail: [36m[Function (anonymous)][39m,
    extend: [36m[Function (anonymous)][39m,
    addSnapshotSerializer: [36m[Function: methodWrapper][39m,
    anything: [36m[Function: methodWrapper][39m,
    any: [36m[Function: methodWrapper][39m,
    stringContaining: [36m[Function: methodWrapper][39m,
    objectContaining: [36m[Function: methodWrapper][39m,
    arrayContaining: [36m[Function: methodWrapper][39m,
    stringMatching: [36m[Function: methodWrapper][39m,
    closeTo: [36m[Function: methodWrapper][39m,
    schemaMatching: [36m[Function: methodWrapper][39m,
    not: {
      stringContaining: [36m[Function: stringContaining][39m,
      objectContaining: [36m[Function: objectContaining][39m,
      arrayContaining: [36m[Function: arrayContaining][39m,
      stringMatching: [36m[Function: stringMatching][39m,
      closeTo: [36m[Function: closeTo][39m,
      schemaMatching: [36m[Function: schemaMatching][39m,
      toSatisfy: [36m[Function: value][39m,
      toBeOneOf: [36m[Function: value][39m
    },
    getState: [36m[Function (anonymous)][39m,
    setState: [36m[Function (anonymous)][39m,
    assert: [Function: assert] {
      fail: [36m[Function (anonymous)][39m,
      isOk: [36m[Function (anonymous)][39m,
      isNotOk: [36m[Function (anonymous)][39m,
      equal: [36m[Function (anonymous)][39m,
      notEqual: [36m[Function (anonymous)][39m,
      strictEqual: [36m[Function (anonymous)][39m,
      notStrictEqual: [36m[Function (anonymous)][39m,
      deepStrictEqual: [36m[Function (anonymous)][39m,
      deepEqual: [36m[Function (anonymous)][39m,
      notDeepEqual: [36m[Function (anonymous)][39m,
      isAbove: [36m[Function (anonymous)][39m,
      isAtLeast: [36m[Function (anonymous)][39m,
      isBelow: [36m[Function (anonymous)][39m,
      isAtMost: [36m[Function (anonymous)][39m,
      isTrue: [36m[Function (anonymous)][39m,
      isNotTrue: [36m[Function (anonymous)][39m,
      isFalse: [36m[Function (anonymous)][39m,
      isNotFalse: [36m[Function (anonymous)][39m,
      isNull: [36m[Function (anonymous)][39m,
      isNotNull: [36m[Function (anonymous)][39m,
      isNaN: [36m[Function (anonymous)][39m,
      isNotNaN: [36m[Function (anonymous)][39m,
      exists: [36m[Function (anonymous)][39m,
      notExists: [36m[Function (anonymous)][39m,
      isUndefined: [36m[Function (anonymous)][39m,
      isDefined: [36m[Function (anonymous)][39m,
      isCallable: [36m[Function (anonymous)][39m,
      isNotCallable: [36m[Function (anonymous)][39m,
      isObject: [36m[Function (anonymous)][39m,
      isNotObject: [36m[Function (anonymous)][39m,
      isArray: [36m[Function (anonymous)][39m,
      isNotArray: [36m[Function (anonymous)][39m,
      isString: [36m[Function (anonymous)][39m,
      isNotString: [36m[Function (anonymous)][39m,
      isNumber: [36m[Function (anonymous)][39m,
      isNotNumber: [36m[Function (anonymous)][39m,
      isNumeric: [36m[Function (anonymous)][39m,
      isNotNumeric: [36m[Function (anonymous)][39m,
      isFinite: [36m[Function (anonymous)][39m,
      isBoolean: [36m[Function (anonymous)][39m,
      isNotBoolean: [36m[Function (anonymous)][39m,
      typeOf: [36m[Function (anonymous)][39m,
      notTypeOf: [36m[Function (anonymous)][39m,
      instanceOf: [36m[Function (anonymous)][39m,
      notInstanceOf: [36m[Function (anonymous)][39m,
      include: [36m[Function (anonymous)][39m,
      notInclude: [36m[Function (anonymous)][39m,
      deepInclude: [36m[Function (anonymous)][39m,
      notDeepInclude: [36m[Function (anonymous)][39m,
      nestedInclude: [36m[Function (anonymous)][39m,
      notNestedInclude: [36m[Function (anonymous)][39m,
      deepNestedInclude: [36m[Function (anonymous)][39m,
      notDeepNestedInclude: [36m[Function (anonymous)][39m,
      ownInclude: [36m[Function (anonymous)][39m,
      notOwnInclude: [36m[Function (anonymous)][39m,
      deepOwnInclude: [36m[Function (anonymous)][39m,
      notDeepOwnInclude: [36m[Function (anonymous)][39m,
      match: [36m[Function (anonymous)][39m,
      notMatch: [36m[Function (anonymous)][39m,
      property: [36m[Function (anonymous)][39m,
      notProperty: [36m[Function (anonymous)][39m,
      propertyVal: [36m[Function (anonymous)][39m,
      notPropertyVal: [36m[Function (anonymous)][39m,
      deepPropertyVal: [36m[Function (anonymous)][39m,
      notDeepPropertyVal: [36m[Function (anonymous)][39m,
      ownProperty: [36m[Function (anonymous)][39m,
      notOwnProperty: [36m[Function (anonymous)][39m,
      ownPropertyVal: [36m[Function (anonymous)][39m,
      notOwnPropertyVal: [36m[Function (anonymous)][39m,
      deepOwnPropertyVal: [36m[Function (anonymous)][39m,
      notDeepOwnPropertyVal: [36m[Function (anonymous)][39m,
      nestedProperty: [36m[Function (anonymous)][39m,
      notNestedProperty: [36m[Function (anonymous)][39m,
      nestedPropertyVal: [36m[Function (anonymous)][39m,
      notNestedPropertyVal: [36m[Function (anonymous)][39m,
      deepNestedPropertyVal: [36m[Function (anonymous)][39m,
      notDeepNestedPropertyVal: [36m[Function (anonymous)][39m,
      lengthOf: [36m[Function (anonymous)][39m,
      hasAnyKeys: [36m[Function (anonymous)][39m,
      hasAllKeys: [36m[Function (anonymous)][39m,
      containsAllKeys: [36m[Function (anonymous)][39m,
      doesNotHaveAnyKeys: [36m[Function (anonymous)][39m,
      doesNotHaveAllKeys: [36m[Function (anonymous)][39m,
      hasAnyDeepKeys: [36m[Function (anonymous)][39m,
      hasAllDeepKeys: [36m[Function (anonymous)][39m,
      containsAllDeepKeys: [36m[Function (anonymous)][39m,
      doesNotHaveAnyDeepKeys: [36m[Function (anonymous)][39m,
      doesNotHaveAllDeepKeys: [36m[Function (anonymous)][39m,
      throws: [36m[Function (anonymous)][39m,
      doesNotThrow: [36m[Function (anonymous)][39m,
      operator: [36m[Function (anonymous)][39m,
      closeTo: [36m[Function (anonymous)][39m,
      approximately: [36m[Function (anonymous)][39m,
      sameMembers: [36m[Function (anonymous)][39m,
      notSameMembers: [36m[Function (anonymous)][39m,
      sameDeepMembers: [36m[Function (anonymous)][39m,
      notSameDeepMembers: [36m[Function (anonymous)][39m,
      sameOrderedMembers: [36m[Function (anonymous)][39m,
      notSameOrderedMembers: [36m[Function (anonymous)][39m,
      sameDeepOrderedMembers: [36m[Function (anonymous)][39m,
      notSameDeepOrderedMembers: [36m[Function (anonymous)][39m,
      includeMembers: [36m[Function (anonymous)][39m,
      notIncludeMembers: [36m[Function (anonymous)][39m,
      includeDeepMembers: [36m[Function (anonymous)][39m,
      notIncludeDeepMembers: [36m[Function (anonymous)][39m,
      includeOrderedMembers: [36m[Function (anonymous)][39m,
      notIncludeOrderedMembers: [36m[Function (anonymous)][39m,
      includeDeepOrderedMembers: [36m[Function (anonymous)][39m,
      notIncludeDeepOrderedMembers: [36m[Function (anonymous)][39m,
      oneOf: [36m[Function (anonymous)][39m,
      isIterable: [36m[Function (anonymous)][39m,
      changes: [36m[Function (anonymous)][39m,
      changesBy: [36m[Function (anonymous)][39m,
      doesNotChange: [36m[Function (anonymous)][39m,
      changesButNotBy: [36m[Function (anonymous)][39m,
      increases: [36m[Function (anonymous)][39m,
      increasesBy: [36m[Function (anonymous)][39m,
      doesNotIncrease: [36m[Function (anonymous)][39m,
      increasesButNotBy: [36m[Function (anonymous)][39m,
      decreases: [36m[Function (anonymous)][39m,
      decreasesBy: [36m[Function (anonymous)][39m,
      doesNotDecrease: [36m[Function (anonymous)][39m,
      doesNotDecreaseBy: [36m[Function (anonymous)][39m,
      decreasesButNotBy: [36m[Function (anonymous)][39m,
      ifError: [36m[Function (anonymous)][39m,
      isExtensible: [36m[Function (anonymous)][39m,
      isNotExtensible: [36m[Function (anonymous)][39m,
      isSealed: [36m[Function (anonymous)][39m,
      isNotSealed: [36m[Function (anonymous)][39m,
      isFrozen: [36m[Function (anonymous)][39m,
      isNotFrozen: [36m[Function (anonymous)][39m,
      isEmpty: [36m[Function (anonymous)][39m,
      isNotEmpty: [36m[Function (anonymous)][39m,
      containsSubset: [36m[Function (anonymous)][39m,
      doesNotContainSubset: [36m[Function (anonymous)][39m,
      ok: [36m[Function (anonymous)][39m,
      notOk: [36m[Function (anonymous)][39m,
      throw: [36m[Function (anonymous)][39m,
      Throw: [36m[Function (anonymous)][39m,
      extensible: [36m[Function (anonymous)][39m,
      notExtensible: [36m[Function (anonymous)][39m,
      sealed: [36m[Function (anonymous)][39m,
      notSealed: [36m[Function (anonymous)][39m,
      frozen: [36m[Function (anonymous)][39m,
      notFrozen: [36m[Function (anonymous)][39m,
      empty: [36m[Function (anonymous)][39m,
      notEmpty: [36m[Function (anonymous)][39m,
      isFunction: [36m[Function (anonymous)][39m,
      isNotFunction: [36m[Function (anonymous)][39m,
      containSubset: [36m[Function (anonymous)][39m
    },
    addEqualityTesters: [36m[Function (anonymous)][39m,
    soft: [36m[Function (anonymous)][39m,
    poll: [36m[Function: poll][39m,
    unreachable: [36m[Function (anonymous)][39m,
    assertions: [36m[Function: methodWrapper][39m,
    hasAssertions: [36m[Function: methodWrapper][39m,
    toSatisfy: [36m[Function: customMatcher][39m,
    toBeOneOf: [36m[Function: customMatcher][39m
  },
  assert: [Function: assert] {
    fail: [36m[Function (anonymous)][39m,
    isOk: [36m[Function (anonymous)][39m,
    isNotOk: [36m[Function (anonymous)][39m,
    equal: [36m[Function (anonymous)][39m,
    notEqual: [36m[Function (anonymous)][39m,
    strictEqual: [36m[Function (anonymous)][39m,
    notStrictEqual: [36m[Function (anonymous)][39m,
    deepStrictEqual: [36m[Function (anonymous)][39m,
    deepEqual: [36m[Function (anonymous)][39m,
    notDeepEqual: [36m[Function (anonymous)][39m,
    isAbove: [36m[Function (anonymous)][39m,
    isAtLeast: [36m[Function (anonymous)][39m,
    isBelow: [36m[Function (anonymous)][39m,
    isAtMost: [36m[Function (anonymous)][39m,
    isTrue: [36m[Function (anonymous)][39m,
    isNotTrue: [36m[Function (anonymous)][39m,
    isFalse: [36m[Function (anonymous)][39m,
    isNotFalse: [36m[Function (anonymous)][39m,
    isNull: [36m[Function (anonymous)][39m,
    isNotNull: [36m[Function (anonymous)][39m,
    isNaN: [36m[Function (anonymous)][39m,
    isNotNaN: [36m[Function (anonymous)][39m,
    exists: [36m[Function (anonymous)][39m,
    notExists: [36m[Function (anonymous)][39m,
    isUndefined: [36m[Function (anonymous)][39m,
    isDefined: [36m[Function (anonymous)][39m,
    isCallable: [36m[Function (anonymous)][39m,
    isNotCallable: [36m[Function (anonymous)][39m,
    isObject: [36m[Function (anonymous)][39m,
    isNotObject: [36m[Function (anonymous)][39m,
    isArray: [36m[Function (anonymous)][39m,
    isNotArray: [36m[Function (anonymous)][39m,
    isString: [36m[Function (anonymous)][39m,
    isNotString: [36m[Function (anonymous)][39m,
    isNumber: [36m[Function (anonymous)][39m,
    isNotNumber: [36m[Function (anonymous)][39m,
    isNumeric: [36m[Function (anonymous)][39m,
    isNotNumeric: [36m[Function (anonymous)][39m,
    isFinite: [36m[Function (anonymous)][39m,
    isBoolean: [36m[Function (anonymous)][39m,
    isNotBoolean: [36m[Function (anonymous)][39m,
    typeOf: [36m[Function (anonymous)][39m,
    notTypeOf: [36m[Function (anonymous)][39m,
    instanceOf: [36m[Function (anonymous)][39m,
    notInstanceOf: [36m[Function (anonymous)][39m,
    include: [36m[Function (anonymous)][39m,
    notInclude: [36m[Function (anonymous)][39m,
    deepInclude: [36m[Function (anonymous)][39m,
    notDeepInclude: [36m[Function (anonymous)][39m,
    nestedInclude: [36m[Function (anonymous)][39m,
    notNestedInclude: [36m[Function (anonymous)][39m,
    deepNestedInclude: [36m[Function (anonymous)][39m,
    notDeepNestedInclude: [36m[Function (anonymous)][39m,
    ownInclude: [36m[Function (anonymous)][39m,
    notOwnInclude: [36m[Function (anonymous)][39m,
    deepOwnInclude: [36m[Function (anonymous)][39m,
    notDeepOwnInclude: [36m[Function (anonymous)][39m,
    match: [36m[Function (anonymous)][39m,
    notMatch: [36m[Function (anonymous)][39m,
    property: [36m[Function (anonymous)][39m,
    notProperty: [36m[Function (anonymous)][39m,
    propertyVal: [36m[Function (anonymous)][39m,
    notPropertyVal: [36m[Function (anonymous)][39m,
    deepPropertyVal: [36m[Function (anonymous)][39m,
    notDeepPropertyVal: [36m[Function (anonymous)][39m,
    ownProperty: [36m[Function (anonymous)][39m,
    notOwnProperty: [36m[Function (anonymous)][39m,
    ownPropertyVal: [36m[Function (anonymous)][39m,
    notOwnPropertyVal: [36m[Function (anonymous)][39m,
    deepOwnPropertyVal: [36m[Function (anonymous)][39m,
    notDeepOwnPropertyVal: [36m[Function (anonymous)][39m,
    nestedProperty: [36m[Function (anonymous)][39m,
    notNestedProperty: [36m[Function (anonymous)][39m,
    nestedPropertyVal: [36m[Function (anonymous)][39m,
    notNestedPropertyVal: [36m[Function (anonymous)][39m,
    deepNestedPropertyVal: [36m[Function (anonymous)][39m,
    notDeepNestedPropertyVal: [36m[Function (anonymous)][39m,
    lengthOf: [36m[Function (anonymous)][39m,
    hasAnyKeys: [36m[Function (anonymous)][39m,
    hasAllKeys: [36m[Function (anonymous)][39m,
    containsAllKeys: [36m[Function (anonymous)][39m,
    doesNotHaveAnyKeys: [36m[Function (anonymous)][39m,
    doesNotHaveAllKeys: [36m[Function (anonymous)][39m,
    hasAnyDeepKeys: [36m[Function (anonymous)][39m,
    hasAllDeepKeys: [36m[Function (anonymous)][39m,
    containsAllDeepKeys: [36m[Function (anonymous)][39m,
    doesNotHaveAnyDeepKeys: [36m[Function (anonymous)][39m,
    doesNotHaveAllDeepKeys: [36m[Function (anonymous)][39m,
    throws: [36m[Function (anonymous)][39m,
    doesNotThrow: [36m[Function (anonymous)][39m,
    operator: [36m[Function (anonymous)][39m,
    closeTo: [36m[Function (anonymous)][39m,
    approximately: [36m[Function (anonymous)][39m,
    sameMembers: [36m[Function (anonymous)][39m,
    notSameMembers: [36m[Function (anonymous)][39m,
    sameDeepMembers: [36m[Function (anonymous)][39m,
    notSameDeepMembers: [36m[Function (anonymous)][39m,
    sameOrderedMembers: [36m[Function (anonymous)][39m,
    notSameOrderedMembers: [36m[Function (anonymous)][39m,
    sameDeepOrderedMembers: [36m[Function (anonymous)][39m,
    notSameDeepOrderedMembers: [36m[Function (anonymous)][39m,
    includeMembers: [36m[Function (anonymous)][39m,
    notIncludeMembers: [36m[Function (anonymous)][39m,
    includeDeepMembers: [36m[Function (anonymous)][39m,
    notIncludeDeepMembers: [36m[Function (anonymous)][39m,
    includeOrderedMembers: [36m[Function (anonymous)][39m,
    notIncludeOrderedMembers: [36m[Function (anonymous)][39m,
    includeDeepOrderedMembers: [36m[Function (anonymous)][39m,
    notIncludeDeepOrderedMembers: [36m[Function (anonymous)][39m,
    oneOf: [36m[Function (anonymous)][39m,
    isIterable: [36m[Function (anonymous)][39m,
    changes: [36m[Function (anonymous)][39m,
    changesBy: [36m[Function (anonymous)][39m,
    doesNotChange: [36m[Function (anonymous)][39m,
    changesButNotBy: [36m[Function (anonymous)][39m,
    increases: [36m[Function (anonymous)][39m,
    increasesBy: [36m[Function (anonymous)][39m,
    doesNotIncrease: [36m[Function (anonymous)][39m,
    increasesButNotBy: [36m[Function (anonymous)][39m,
    decreases: [36m[Function (anonymous)][39m,
    decreasesBy: [36m[Function (anonymous)][39m,
    doesNotDecrease: [36m[Function (anonymous)][39m,
    doesNotDecreaseBy: [36m[Function (anonymous)][39m,
    decreasesButNotBy: [36m[Function (anonymous)][39m,
    ifError: [36m[Function (anonymous)][39m,
    isExtensible: [36m[Function (anonymous)][39m,
    isNotExtensible: [36m[Function (anonymous)][39m,
    isSealed: [36m[Function (anonymous)][39m,
    isNotSealed: [36m[Function (anonymous)][39m,
    isFrozen: [36m[Function (anonymous)][39m,
    isNotFrozen: [36m[Function (anonymous)][39m,
    isEmpty: [36m[Function (anonymous)][39m,
    isNotEmpty: [36m[Function (anonymous)][39m,
    containsSubset: [36m[Function (anonymous)][39m,
    doesNotContainSubset: [36m[Function (anonymous)][39m,
    ok: [36m[Function (anonymous)][39m,
    notOk: [36m[Function (anonymous)][39m,
    throw: [36m[Function (anonymous)][39m,
    Throw: [36m[Function (anonymous)][39m,
    extensible: [36m[Function (anonymous)][39m,
    notExtensible: [36m[Function (anonymous)][39m,
    sealed: [36m[Function (anonymous)][39m,
    notSealed: [36m[Function (anonymous)][39m,
    frozen: [36m[Function (anonymous)][39m,
    notFrozen: [36m[Function (anonymous)][39m,
    empty: [36m[Function (anonymous)][39m,
    notEmpty: [36m[Function (anonymous)][39m,
    isFunction: [36m[Function (anonymous)][39m,
    isNotFunction: [36m[Function (anonymous)][39m,
    containSubset: [36m[Function (anonymous)][39m
  },
  expectTypeOf: [36m[Function: expectTypeOf][39m,
  assertType: [36m[Function: assertType][39m,
  vitest: {
    useFakeTimers: [36m[Function: useFakeTimers][39m,
    isFakeTimers: [36m[Function: isFakeTimers][39m,
    useRealTimers: [36m[Function: useRealTimers][39m,
    runOnlyPendingTimers: [36m[Function: runOnlyPendingTimers][39m,
    runOnlyPendingTimersAsync: [36m[AsyncFunction: runOnlyPendingTimersAsync][39m,
    runAllTimers: [36m[Function: runAllTimers][39m,
    runAllTimersAsync: [36m[AsyncFunction: runAllTimersAsync][39m,
    runAllTicks: [36m[Function: runAllTicks][39m,
    advanceTimersByTime: [36m[Function: advanceTimersByTime][39m,
    advanceTimersByTimeAsync: [36m[AsyncFunction: advanceTimersByTimeAsync][39m,
    advanceTimersToNextTimer: [36m[Function: advanceTimersToNextTimer][39m,
    advanceTimersToNextTimerAsync: [36m[AsyncFunction: advanceTimersToNextTimerAsync][39m,
    advanceTimersToNextFrame: [36m[Function: advanceTimersToNextFrame][39m,
    getTimerCount: [36m[Function: getTimerCount][39m,
    setSystemTime: [36m[Function: setSystemTime][39m,
    getMockedSystemTime: [36m[Function: getMockedSystemTime][39m,
    getRealSystemTime: [36m[Function: getRealSystemTime][39m,
    clearAllTimers: [36m[Function: clearAllTimers][39m,
    spyOn: [36m[Function: spyOn][39m,
    fn: [36m[Function: fn][39m,
    waitFor: [36m[Function: waitFor][39m,
    waitUntil: [36m[Function: waitUntil][39m,
    hoisted: [36m[Function: hoisted][39m,
    mock: [36m[Function: mock][39m,
    unmock: [36m[Function: unmock][39m,
    doMock: [36m[Function: doMock][39m,
    doUnmock: [36m[Function: doUnmock][39m,
    importActual: [36m[AsyncFunction: importActual][39m,
    importMock: [36m[AsyncFunction: importMock][39m,
    mockObject: [36m[Function: mockObject][39m,
    mocked: [36m[Function: mocked][39m,
    isMockFunction: [36m[Function: isMockFunction][39m,
    clearAllMocks: [36m[Function: clearAllMocks][39m,
    resetAllMocks: [36m[Function: resetAllMocks][39m,
    restoreAllMocks: [36m[Function: restoreAllMocks][39m,
    stubGlobal: [36m[Function: stubGlobal][39m,
    stubEnv: [36m[Function: stubEnv][39m,
    unstubAllGlobals: [36m[Function: unstubAllGlobals][39m,
    unstubAllEnvs: [36m[Function: unstubAllEnvs][39m,
    resetModules: [36m[Function: resetModules][39m,
    dynamicImportSettled: [36m[AsyncFunction: dynamicImportSettled][39m,
    setConfig: [36m[Function: setConfig][39m,
    resetConfig: [36m[Function: resetConfig][39m
  },
  vi: {
    useFakeTimers: [36m[Function: useFakeTimers][39m,
    isFakeTimers: [36m[Function: isFakeTimers][39m,
    useRealTimers: [36m[Function: useRealTimers][39m,
    runOnlyPendingTimers: [36m[Function: runOnlyPendingTimers][39m,
    runOnlyPendingTimersAsync: [36m[AsyncFunction: runOnlyPendingTimersAsync][39m,
    runAllTimers: [36m[Function: runAllTimers][39m,
    runAllTimersAsync: [36m[AsyncFunction: runAllTimersAsync][39m,
    runAllTicks: [36m[Function: runAllTicks][39m,
    advanceTimersByTime: [36m[Function: advanceTimersByTime][39m,
    advanceTimersByTimeAsync: [36m[AsyncFunction: advanceTimersByTimeAsync][39m,
    advanceTimersToNextTimer: [36m[Function: advanceTimersToNextTimer][39m,
    advanceTimersToNextTimerAsync: [36m[AsyncFunction: advanceTimersToNextTimerAsync][39m,
    advanceTimersToNextFrame: [36m[Function: advanceTimersToNextFrame][39m,
    getTimerCount: [36m[Function: getTimerCount][39m,
    setSystemTime: [36m[Function: setSystemTime][39m,
    getMockedSystemTime: [36m[Function: getMockedSystemTime][39m,
    getRealSystemTime: [36m[Function: getRealSystemTime][39m,
    clearAllTimers: [36m[Function: clearAllTimers][39m,
    spyOn: [36m[Function: spyOn][39m,
    fn: [36m[Function: fn][39m,
    waitFor: [36m[Function: waitFor][39m,
    waitUntil: [36m[Function: waitUntil][39m,
    hoisted: [36m[Function: hoisted][39m,
    mock: [36m[Function: mock][39m,
    unmock: [36m[Function: unmock][39m,
    doMock: [36m[Function: doMock][39m,
    doUnmock: [36m[Function: doUnmock][39m,
    importActual: [36m[AsyncFunction: importActual][39m,
    importMock: [36m[AsyncFunction: importMock][39m,
    mockObject: [36m[Function: mockObject][39m,
    mocked: [36m[Function: mocked][39m,
    isMockFunction: [36m[Function: isMockFunction][39m,
    clearAllMocks: [36m[Function: clearAllMocks][39m,
    resetAllMocks: [36m[Function: resetAllMocks][39m,
    restoreAllMocks: [36m[Function: restoreAllMocks][39m,
    stubGlobal: [36m[Function: stubGlobal][39m,
    stubEnv: [36m[Function: stubEnv][39m,
    unstubAllGlobals: [36m[Function: unstubAllGlobals][39m,
    unstubAllEnvs: [36m[Function: unstubAllEnvs][39m,
    resetModules: [36m[Function: resetModules][39m,
    dynamicImportSettled: [36m[AsyncFunction: dynamicImportSettled][39m,
    setConfig: [36m[Function: setConfig][39m,
    resetConfig: [36m[Function: resetConfig][39m
  },
  beforeAll: [36m[Function: beforeAll][39m,
  afterAll: [36m[Function: afterAll][39m,
  beforeEach: [36m[Function: beforeEach][39m,
  afterEach: [36m[Function: afterEach][39m,
  onTestFinished: [36m[Function (anonymous)][39m,
  onTestFailed: [36m[Function (anonymous)][39m,
  __vitest_required__: {
    util: {
      _errnoException: [36m[Function: _errnoException][39m,
      _exceptionWithHostPort: [36m[Function: _exceptionWithHostPort][39m,
      _extend: [36m[Function: deprecated][39m,
      callbackify: [36m[Function: callbackify][39m,
      debug: [36m[Function: debuglog][39m,
      debuglog: [36m[Function: debuglog][39m,
      deprecate: [36m[Function: deprecate][39m,
      format: [36m[Function: format][39m,
      styleText: [36m[Function: styleText][39m,
      formatWithOptions: [36m[Function: formatWithOptions][39m,
      getCallSite: [36m[Function: deprecated][39m,
      getCallSites: [36m[Function: getCallSites][39m,
      getSystemErrorMap: [36m[Function: getSystemErrorMap][39m,
      getSystemErrorName: [36m[Function: getSystemErrorName][39m,
      getSystemErrorMessage: [36m[Function: getSystemErrorMessage][39m,
      inherits: [36m[Function: inherits][39m,
      inspect: [36m[Function][39m,
      isArray: [36m[Function: deprecated][39m,
 [32mΓ£ô[39m src/components/__tests__/dye-preview-overlay.test.ts[2m > [22mDyePreviewOverlay[2m > [22mInitialization[2m > [22mshould create component[32m 17[2mms[22m[39m
      isBoolean: [36m[Function: deprecated][39m,
      isBuffer: [36m[Function: deprecated][39m,
      isDeepStrictEqual: [36m[Function: isDeepStrictEqual][39m,
      isNull: [36m[Function: deprecated][39m,
      isNullOrUndefined: [36m[Function: deprecated][39m,
      isNumber: [36m[Function: deprecated][39m,
      isString: [36m[Function: deprecated][39m,
      isSymbol: [36m[Function: deprecated][39m,
      isUndefined: [36m[Function: deprecated][39m,
      isRegExp: [36m[Function: deprecated][39m,
      isObject: [36m[Function: deprecated][39m,
      isDate: [36m[Function: deprecated][39m,
      isError: [36m[Function: deprecated][39m,
      isFunction: [36m[Function: deprecated][39m,
      isPrimitive: [36m[Function: deprecated][39m,
      log: [36m[Function: deprecated][39m,
      promisify: [36m[Function][39m,
      stripVTControlCharacters: [36m[Function: stripVTControlCharacters][39m,
      toUSVString: [36m[Function: toUSVString][39m,
      transferableAbortSignal: [36m[Getter][39m,
      transferableAbortController: [36m[Getter][39m,
      aborted: [36m[Getter][39m,
      types: [36m[Object][39m,
      parseEnv: [36m[Function: parseEnv][39m,
      parseArgs: [36m[Function: parseArgs][39m,
      TextDecoder: [36m[class TextDecoder][39m,
      TextEncoder: [36m[class TextEncoder][39m,
      MIMEType: [36m[class MIMEType][39m,
      MIMEParams: [36m[class MIMEParams][39m,
      diff: [36m[Function: diff][39m,
      setTraceSigInt: [36m[Function: setTraceSigInt][39m
    },
    timers: {
      setTimeout: [36m[Function][39m,
      clearTimeout: [36m[Function: clearTimeout][39m,
      setImmediate: [36m[Function][39m,
      clearImmediate: [36m[Function: clearImmediate][39m,
      setInterval: [36m[Function: setInterval][39m,
      clearInterval: [36m[Function: clearInterval][39m,
      _unrefActive: [36m[Function: deprecated][39m,
      active: [36m[Function: deprecated][39m,
      unenroll: [36m[Function: deprecated][39m,
      enroll: [36m[Function: deprecated][39m,
      promises: [36m[Getter][39m
    },
    timersPromises: {
      setTimeout: [36m[Function: setTimeout][39m,
      setImmediate: [36m[Function: setImmediate][39m,
      setInterval: [36m[AsyncGeneratorFunction: setInterval][39m,
 [32mΓ£ô[39m src/components/__tests__/dye-preview-overlay.test.ts[2m > [22mDyePreviewOverlay[2m > [22mInitialization[2m > [22mshould render nothing initially[32m 3[2mms[22m[39m
 [32mΓ£ô[39m src/components/__tests__/color-matcher-tool.test.ts[2m > [22mColorMatcherTool[2m > [22mrenderDyeCard method[2m > [22mshould include sampled color swatch[32m 11[2mms[22m[39m
 [32mΓ£ô[39m src/components/__tests__/color-matcher-tool.test.ts[2m > [22mColorMatcherTool[2m > [22mrenderDyeCard method[2m > [22mshould include dye color swatch[32m 13[2mms[22m[39m
 [32mΓ£ô[39m src/components/__tests__/color-matcher-tool.test.ts[2m > [22mColorMatcherTool[2m > [22mrenderDyeCard method[2m > [22mshould include category badge[32m 13[2mms[22m[39m
 [32mΓ£ô[39m src/components/__tests__/color-matcher-tool.test.ts[2m > [22mColorMatcherTool[2m > [22mrenderDyeCard method[2m > [22mshould include copy hex button[32m 9[2mms[22m[39m
 [32mΓ£ô[39m src/components/__tests__/color-matcher-tool.test.ts[2m > [22mColorMatcherTool[2m > [22mrenderDyeCard method[2m > [22mshould display price when showPrices is true and price exists[32m 50[2mms[22m[39m
 [32mΓ£ô[39m src/components/__tests__/color-matcher-tool.test.ts[2m > [22mColorMatcherTool[2m > [22mrenderDyeCard method[2m > [22mshould display N/A when showPrices is true but no price data[32m 8[2mms[22m[39m
 [32mΓ£ô[39m src/components/__tests__/dye-mixer-tool.test.ts[2m > [22mDyeMixerTool[2m > [22mcalculateInterpolation method[2m > [22mshould calculate distance for each step[32m 11[2mms[22m[39m
 [32mΓ£ô[39m src/components/__tests__/dye-mixer-tool.test.ts[2m > [22mDyeMixerTool[2m > [22mgetPaletteData method[2m > [22mshould return palette data with base dye[32m 9[2mms[22m[39m
 [32mΓ£ô[39m src/components/__tests__/dye-mixer-tool.test.ts[2m > [22mDyeMixerTool[2m > [22mgetPaletteData method[2m > [22mshould include end dye in groups[32m 13[2mms[22m[39m
 [32mΓ£ô[39m src/components/__tests__/dye-mixer-tool.test.ts[2m > [22mDyeMixerTool[2m > [22mgetPaletteData method[2m > [22mshould include step dyes in groups[32m 8[2mms[22m[39m
 [32mΓ£ô[39m src/components/__tests__/dye-mixer-tool.test.ts[2m > [22mDyeMixerTool[2m > [22mgetPaletteData method[2m > [22mshould include metadata[32m 7[2mms[22m[39m
 [32mΓ£ô[39m src/components/__tests__/dye-mixer-tool.test.ts[2m > [22mDyeMixerTool[2m > [22mgetState method[2m > [22mshould return selectedDyeCount[32m 7[2mms[22m[39m
 [32mΓ£ô[39m src/components/__tests__/dye-mixer-tool.test.ts[2m > [22mDyeMixerTool[2m > [22mgetState method[2m > [22mshould return selectedDyeNames[32m 7[2mms[22m[39m
 [32mΓ£ô[39m src/components/__tests__/dye-mixer-tool.test.ts[2m > [22mDyeMixerTool[2m > [22mgetState method[2m > [22mshould return stepCount[32m 7[2mms[22m[39m
 [32mΓ£ô[39m src/components/__tests__/dye-mixer-tool.test.ts[2m > [22mDyeMixerTool[2m > [22mgetState method[2m > [22mshould return colorSpace[32m 9[2mms[22m[39m
 [32mΓ£ô[39m src/components/__tests__/dye-mixer-tool.test.ts[2m > [22mDyeMixerTool[2m > [22mupdateInterpolation method[2m > [22mshould show instruction when less than 2 dyes selected[32m 6[2mms[22m[39m
 [32mΓ£ô[39m src/components/__tests__/dye-mixer-tool.test.ts[2m > [22mDyeMixerTool[2m > [22mupdateInterpolation method[2m > [22mshould clear currentSteps when less than 2 dyes[32m 10[2mms[22m[39m
 [32mΓ£ô[39m src/components/__tests__/dye-mixer-tool.test.ts[2m > [22mDyeMixerTool[2m > [22mtoggleSavedGradientsPanel method[2m > [22mshould toggle panel visibility[32m 13[2mms[22m[39m
 [32mΓ£ô[39m src/components/__tests__/dye-comparison-tool.test.ts[2m > [22mDyeComparisonTool Component[2m > [22mEdge Cases[2m > [22mshould handle comparing similar colors[32m 7[2mms[22m[39m
 [32mΓ£ô[39m src/components/__tests__/dye-comparison-tool.test.ts[2m > [22mDyeComparisonTool Component[2m > [22mEdge Cases[2m > [22mshould handle comparing very different colors[32m 4[2mms[22m[39m
 [32mΓ£ô[39m src/components/__tests__/dye-comparison-tool.test.ts[2m > [22mDyeComparisonTool Component[2m > [22mEdge Cases[2m > [22mshould handle single dye comparison[32m 2[2mms[22m[39m
 [32mΓ£ô[39m src/components/__tests__/dye-comparison-tool.test.ts[2m > [22mDyeComparisonTool Component[2m > [22mEdge Cases[2m > [22mshould handle maximum dyes (4)[32m 3[2mms[22m[39m
 [32mΓ£ô[39m src/components/__tests__/dye-comparison-tool.test.ts[2m > [22mDyeComparisonTool Component[2m > [22mgenerateJsonExport method[2m > [22mshould generate valid JSON string[32m 6[2mms[22m[39m
 [32mΓ£ô[39m src/components/__tests__/dye-comparison-tool.test.ts[2m > [22mDyeComparisonTool Component[2m > [22mgenerateJsonExport method[2m > [22mshould include all dye properties[32m 3[2mms[22m[39m
 [32mΓ£ô[39m src/components/__tests__/dye-comparison-tool.test.ts[2m > [22mDyeComparisonTool Component[2m > [22mgenerateJsonExport method[2m > [22mshould calculate statistics for multiple dyes[32m 3[2mms[22m[39m
 [32mΓ£ô[39m src/components/__tests__/dye-comparison-tool.test.ts[2m > [22mDyeComparisonTool Component[2m > [22mgenerateCssExport method[2m > [22mshould generate valid CSS with :root[32m 3[2mms[22m[39m
 [32mΓ£ô[39m src/components/__tests__/dye-comparison-tool.test.ts[2m > [22mDyeComparisonTool Component[2m > [22mgenerateCssExport method[2m > [22mshould include dye hex variables[32m 2[2mms[22m[39m
 [32mΓ£ô[39m src/components/__tests__/dye-comparison-tool.test.ts[2m > [22mDyeComparisonTool Component[2m > [22mgenerateCssExport method[2m > [22mshould include dye name variables[32m 2[2mms[22m[39m
 [32mΓ£ô[39m src/components/__tests__/dye-comparison-tool.test.ts[2m > [22mDyeComparisonTool Component[2m > [22mgenerateCssExport method[2m > [22mshould number dyes sequentially[32m 2[2mms[22m[39m
 [32mΓ£ô[39m src/components/__tests__/dye-comparison-tool.test.ts[2m > [22mDyeComparisonTool Component[2m > [22mrenderStatCard method[2m > [22mshould create a card element[32m 2[2mms[22m[39m
 [32mΓ£ô[39m src/components/__tests__/dye-comparison-tool.test.ts[2m > [22mDyeComparisonTool Component[2m > [22mrenderStatCard method[2m > [22mshould include label text[32m 2[2mms[22m[39m
 [32mΓ£ô[39m src/components/__tests__/dye-comparison-tool.test.ts[2m > [22mDyeComparisonTool Component[2m > [22mrenderStatCard method[2m > [22mshould include value text[32m 2[2mms[22m[39m
 [32mΓ£ô[39m src/components/__tests__/dye-comparison-tool.test.ts[2m > [22mDyeComparisonTool Component[2m > [22mgetState method[2m > [22mshould return selectedDyeCount[32m 2[2mms[22m[39m
 [32mΓ£ô[39m src/components/__tests__/dye-comparison-tool.test.ts[2m > [22mDyeComparisonTool Component[2m > [22mgetState method[2m > [22mshould return selectedDyeNames array[32m 3[2mms[22m[39m
 [32mΓ£ô[39m src/components/__tests__/dye-comparison-tool.test.ts[2m > [22mDyeComparisonTool Component[2m > [22mgetState method[2m > [22mshould return empty array for no selection[32m 3[2mms[22m[39m
 [32mΓ£ô[39m src/components/__tests__/dye-comparison-tool.test.ts[2m > [22mDyeComparisonTool Component[2m > [22mupdateSummary method[2m > [22mshould show empty message when no dyes selected[32m 14[2mms[22m[39m
 [32mΓ£ô[39m src/components/__tests__/dye-comparison-tool.test.ts[2m > [22mDyeComparisonTool Component[2m > [22mupdateSummary method[2m > [22mshould display selected dye names[32m 27[2mms[22m[39m
 [32mΓ£ô[39m src/components/__tests__/dye-filters.test.ts[2m > [22mDyeFilters[2m > [22mrendering[2m > [22mshould render the filters section[32m 21[2mms[22m[39m
 [32mΓ£ô[39m src/components/__tests__/dye-filters.test.ts[2m > [22mDyeFilters[2m > [22mrendering[2m > [22mshould render collapsible header[32m 14[2mms[22m[39m
 [32mΓ£ô[39m src/components/__tests__/dye-filters.test.ts[2m > [22mDyeFilters[2m > [22mrendering[2m > [22mshould render all filter checkboxes[32m 9[2mms[22m[39m
 [32mΓ£ô[39m src/components/__tests__/dye-filters.test.ts[2m > [22mDyeFilters[2m > [22mrendering[2m > [22mshould render filter labels[32m 5[2mms[22m[39m
 [32mΓ£ô[39m src/components/__tests__/dye-filters.test.ts[2m > [22mDyeFilters[2m > [22mrendering[2m > [22mshould render toggle chevron[32m 7[2mms[22m[39m
 [32mΓ£ô[39m src/components/__tests__/dye-filters.test.ts[2m > [22mDyeFilters[2m > [22mrendering[2m > [22mshould start collapsed by default[32m 10[2mms[22m[39m
 [32mΓ£ô[39m src/components/__tests__/dye-filters.test.ts[2m > [22mDyeFilters[2m > [22mtoggle behavior[2m > [22mshould expand filters on header click[32m 23[2mms[22m[39m
 [32mΓ£ô[39m src/components/__tests__/harmony-type.test.ts[2m > [22mHarmonyType Component[2m > [22mupdateShowPrices function coverage[2m > [22mshould toggle prices on[32m 49[2mms[22m[39m
 [32mΓ£ô[39m src/components/__tests__/harmony-type.test.ts[2m > [22mHarmonyType Component[2m > [22mupdateShowPrices function coverage[2m > [22mshould toggle prices off[32m 44[2mms[22m[39m
 [32mΓ£ô[39m src/components/__tests__/harmony-type.test.ts[2m > [22mHarmonyType Component[2m > [22mgetDyes function coverage[2m > [22mshould return empty array when no dyes[32m 8[2mms[22m[39m
 [32mΓ£ô[39m src/components/__tests__/harmony-type.test.ts[2m > [22mHarmonyType Component[2m > [22mgetDyes function coverage[2m > [22mshould return array of dyes[32m 33[2mms[22m[39m
 [32mΓ£ô[39m src/components/__tests__/dye-selector.test.ts[2m > [22mDyeSelector[2m > [22mCategory Filtering[2m > [22mshould show all dyes when "All" is selected[33m 310[2mms[22m[39m
      scheduler: [36m[Scheduler][39m
    }
  },
  ch: [33m107[39m,
  ResizeObserver: [36m[class ResizeObserverMock][39m,
  [[32mSymbol(vitest:SAFE_TIMERS)[39m]: {
    nextTick: [36m[Function: nextTick][39m,
    setTimeout: [Function: setTimeout] {
      [[32mSymbol(nodejs.util.promisify.custom)[39m]: [36m[Getter][39m
    },
    setInterval: [36m[Function: setInterval][39m,
    clearInterval: [36m[Function: clearInterval][39m,
    clearTimeout: [36m[Function: clearTimeout][39m,
    setImmediate: [Function: setImmediate] {
      [[32mSymbol(nodejs.util.promisify.custom)[39m]: [36m[Getter][39m
    },
    clearImmediate: [36m[Function: clearImmediate][39m,
    queueMicrotask: [36m[Function: queueMicrotask][39m
  }
}

[90mstderr[2m | src/components/__tests__/tutorial-spotlight.test.ts[2m > [22m[2mTutorialSpotlight[2m > 
[22m[2mInitialization[2m > [22m[2mshould set proper ARIA attributes
[22m[39mBaseComponent.on: Target is not HTMLElement, Document, or Window [36m<ref *1>[39m Object [global] {
  global: [36m[Circular *1][39m,
  clearImmediate: [Function: clearImmediate] {
    hadOwnProperty: [33mtrue[39m,
    clock: {
      now: [33m1764681223040[39m,
      Date: [36m[Function][39m,
      loopLimit: [33m10000[39m,
      Intl: [36m[Object][39m,
      requestIdleCallback: [36m[Function: requestIdleCallback][39m,
      cancelIdleCallback: [36m[Function: cancelIdleCallback][39m,
      setTimeout: [36m[Function][39m,
      clearTimeout: [36m[Function][39m,
      nextTick: [36m[Function: nextTick][39m,
      queueMicrotask: [36m[Function: queueMicrotask][39m,
      setInterval: [36m[Function][39m,
      clearInterval: [36m[Function][39m,
      setImmediate: [36m[Function][39m,
      clearImmediate: [36m[Function][39m,
      countTimers: [36m[Function: countTimers][39m,
      requestAnimationFrame: [36m[Function][39m,
      cancelAnimationFrame: [36m[Function][39m,
      runMicrotasks: [36m[Function: runMicrotasks][39m,
      tick: [36m[Function: tick][39m,
      tickAsync: [36m[Function: tickAsync][39m,
      next: [36m[Function: next][39m,
      nextAsync: [36m[Function: nextAsync][39m,
      runAll: [36m[Function: runAll][39m,
      runToFrame: [36m[Function: runToFrame][39m,
      runAllAsync: [36m[Function: runAllAsync][39m,
      runToLast: [36m[Function: runToLast][39m,
      runToLastAsync: [36m[Function: runToLastAsync][39m,
      reset: [36m[Function: reset][39m,
      setSystemTime: [36m[Function: setSystemTime][39m,
      jump: [36m[Function: jump][39m,
      performance: [36m[Object: null prototype][39m,
      hrtime: [36m[Function][39m,
      shouldClearNativeTimers: [33mtrue[39m,
      uninstall: [36m[Function (anonymous)][39m,
      abortListenerMap: Map(0) {},
      methods: [36m[Array][39m,
      _setTimeout: [36m[Function][39m,
      _clearTimeout: [36m[Function: clearTimeout][39m,
      _setInterval: [36m[Function: setInterval][39m,
      _clearInterval: [36m[Function: clearInterval][39m,
      _Date: [36m[Function: Date][39m,
      _setImmediate: [36m[Function][39m,
      _clearImmediate: [36m[Function: clearImmediate][39m,
      _hrtime: [36m[Function][39m,
      _performance: [36m[Performance][39m,
      _requestAnimationFrame: [36m[Function: bound ][39m,
      _cancelAnimationFrame: [36m[Function: bound ][39m,
      _Intl: Object [Intl] {}
    }
  },
  setImmediate: [Function: setImmediate] {
    hadOwnProperty: [33mtrue[39m,
    clock: {
      now: [33m1764681223040[39m,
      Date: [36m[Function][39m,
      loopLimit: [33m10000[39m,
      Intl: [36m[Object][39m,
      requestIdleCallback: [36m[Function: requestIdleCallback][39m,
      cancelIdleCallback: [36m[Function: cancelIdleCallback][39m,
      setTimeout: [36m[Function][39m,
      clearTimeout: [36m[Function][39m,
      nextTick: [36m[Function: nextTick][39m,
      queueMicrotask: [36m[Function: queueMicrotask][39m,
      setInterval: [36m[Function][39m,
      clearInterval: [36m[Function][39m,
      setImmediate: [36m[Function][39m,
      clearImmediate: [36m[Function][39m,
      countTimers: [36m[Function: countTimers][39m,
      requestAnimationFrame: [36m[Function][39m,
      cancelAnimationFrame: [36m[Function][39m,
      runMicrotasks: [36m[Function: runMicrotasks][39m,
      tick: [36m[Function: tick][39m,
      tickAsync: [36m[Function: tickAsync][39m,
      next: [36m[Function: next][39m,
      nextAsync: [36m[Function: nextAsync][39m,
      runAll: [36m[Function: runAll][39m,
      runToFrame: [36m[Function: runToFrame][39m,
      runAllAsync: [36m[Function: runAllAsync][39m,
      runToLast: [36m[Function: runToLast][39m,
      runToLastAsync: [36m[Function: runToLastAsync][39m,
      reset: [36m[Function: reset][39m,
      setSystemTime: [36m[Function: setSystemTime][39m,
      jump: [36m[Function: jump][39m,
      performance: [36m[Object: null prototype][39m,
      hrtime: [36m[Function][39m,
      shouldClearNativeTimers: [33mtrue[39m,
      uninstall: [36m[Function (anonymous)][39m,
      abortListenerMap: Map(0) {},
      methods: [36m[Array][39m,
      _setTimeout: [36m[Function][39m,
      _clearTimeout: [36m[Function: clearTimeout][39m,
      _setInterval: [36m[Function: setInterval][39m,
      _clearInterval: [36m[Function: clearInterval][39m,
      _Date: [36m[Function: Date][39m,
      _setImmediate: [36m[Function][39m,
      _clearImmediate: [36m[Function: clearImmediate][39m,
      _hrtime: [36m[Function][39m,
      _performance: [36m[Performance][39m,
      _requestAnimationFrame: [36m[Function: bound ][39m,
      _cancelAnimationFrame: [36m[Function: bound ][39m,
      _Intl: Object [Intl] {}
    },
    [[32mSymbol(nodejs.util.promisify.custom)[39m]: [36m[Function: promisifiedSetImmediate][39m
  },
  clearInterval: [Function: clearInterval] {
    hadOwnProperty: [33mtrue[39m,
    clock: {
      now: [33m1764681223040[39m,
      Date: [36m[Function][39m,
      loopLimit: [33m10000[39m,
      Intl: [36m[Object][39m,
      requestIdleCallback: [36m[Function: requestIdleCallback][39m,
      cancelIdleCallback: [36m[Function: cancelIdleCallback][39m,
      setTimeout: [36m[Function][39m,
      clearTimeout: [36m[Function][39m,
      nextTick: [36m[Function: nextTick][39m,
      queueMicrotask: [36m[Function: queueMicrotask][39m,
      setInterval: [36m[Function][39m,
      clearInterval: [36m[Function][39m,
      setImmediate: [36m[Function][39m,
      clearImmediate: [36m[Function][39m,
      countTimers: [36m[Function: countTimers][39m,
      requestAnimationFrame: [36m[Function][39m,
      cancelAnimationFrame: [36m[Function][39m,
      runMicrotasks: [36m[Function: runMicrotasks][39m,
      tick: [36m[Function: tick][39m,
      tickAsync: [36m[Function: tickAsync][39m,
      next: [36m[Function: next][39m,
      nextAsync: [36m[Function: nextAsync][39m,
      runAll: [36m[Function: runAll][39m,
      runToFrame: [36m[Function: runToFrame][39m,
      runAllAsync: [36m[Function: runAllAsync][39m,
      runToLast: [36m[Function: runToLast][39m,
      runToLastAsync: [36m[Function: runToLastAsync][39m,
      reset: [36m[Function: reset][39m,
      setSystemTime: [36m[Function: setSystemTime][39m,
      jump: [36m[Function: jump][39m,
      performance: [36m[Object: null prototype][39m,
      hrtime: [36m[Function][39m,
      shouldClearNativeTimers: [33mtrue[39m,
      uninstall: [36m[Function (anonymous)][39m,
      abortListenerMap: Map(0) {},
      methods: [36m[Array][39m,
      _setTimeout: [36m[Function][39m,
      _clearTimeout: [36m[Function: clearTimeout][39m,
      _setInterval: [36m[Function: setInterval][39m,
      _clearInterval: [36m[Function: clearInterval][39m,
      _Date: [36m[Function: Date][39m,
      _setImmediate: [36m[Function][39m,
      _clearImmediate: [36m[Function: clearImmediate][39m,
      _hrtime: [36m[Function][39m,
      _performance: [36m[Performance][39m,
      _requestAnimationFrame: [36m[Function: bound ][39m,
      _cancelAnimationFrame: [36m[Function: bound ][39m,
      _Intl: Object [Intl] {}
    }
  },
  clearTimeout: [Function: clearTimeout] {
    hadOwnProperty: [33mtrue[39m,
    clock: {
      now: [33m1764681223040[39m,
      Date: [36m[Function][39m,
      loopLimit: [33m10000[39m,
      Intl: [36m[Object][39m,
      requestIdleCallback: [36m[Function: requestIdleCallback][39m,
      cancelIdleCallback: [36m[Function: cancelIdleCallback][39m,
      setTimeout: [36m[Function][39m,
      clearTimeout: [36m[Function][39m,
      nextTick: [36m[Function: nextTick][39m,
      queueMicrotask: [36m[Function: queueMicrotask][39m,
      setInterval: [36m[Function][39m,
      clearInterval: [36m[Function][39m,
      setImmediate: [36m[Function][39m,
      clearImmediate: [36m[Function][39m,
      countTimers: [36m[Function: countTimers][39m,
      requestAnimationFrame: [36m[Function][39m,
      cancelAnimationFrame: [36m[Function][39m,
      runMicrotasks: [36m[Function: runMicrotasks][39m,
      tick: [36m[Function: tick][39m,
      tickAsync: [36m[Function: tickAsync][39m,
      next: [36m[Function: next][39m,
      nextAsync: [36m[Function: nextAsync][39m,
      runAll: [36m[Function: runAll][39m,
      runToFrame: [36m[Function: runToFrame][39m,
      runAllAsync: [36m[Function: runAllAsync][39m,
      runToLast: [36m[Function: runToLast][39m,
      runToLastAsync: [36m[Function: runToLastAsync][39m,
      reset: [36m[Function: reset][39m,
      setSystemTime: [36m[Function: setSystemTime][39m,
      jump: [36m[Function: jump][39m,
      performance: [36m[Object: null prototype][39m,
      hrtime: [36m[Function][39m,
      shouldClearNativeTimers: [33mtrue[39m,
      uninstall: [36m[Function (anonymous)][39m,
      abortListenerMap: Map(0) {},
      methods: [36m[Array][39m,
      _setTimeout: [36m[Function][39m,
      _clearTimeout: [36m[Function: clearTimeout][39m,
      _setInterval: [36m[Function: setInterval][39m,
      _clearInterval: [36m[Function: clearInterval][39m,
      _Date: [36m[Function: Date][39m,
      _setImmediate: [36m[Function][39m,
      _clearImmediate: [36m[Function: clearImmediate][39m,
      _hrtime: [36m[Function][39m,
      _performance: [36m[Performance][39m,
      _requestAnimationFrame: [36m[Function: bound ][39m,
      _cancelAnimationFrame: [36m[Function: bound ][39m,
      _Intl: Object [Intl] {}
    }
  },
  setInterval: [Function: setInterval] {
    hadOwnProperty: [33mtrue[39m,
    clock: {
      now: [33m1764681223040[39m,
      Date: [36m[Function][39m,
      loopLimit: [33m10000[39m,
      Intl: [36m[Object][39m,
      requestIdleCallback: [36m[Function: requestIdleCallback][39m,
      cancelIdleCallback: [36m[Function: cancelIdleCallback][39m,
      setTimeout: [36m[Function][39m,
      clearTimeout: [36m[Function][39m,
      nextTick: [36m[Function: nextTick][39m,
      queueMicrotask: [36m[Function: queueMicrotask][39m,
      setInterval: [36m[Function][39m,
      clearInterval: [36m[Function][39m,
      setImmediate: [36m[Function][39m,
      clearImmediate: [36m[Function][39m,
      countTimers: [36m[Function: countTimers][39m,
      requestAnimationFrame: [36m[Function][39m,
      cancelAnimationFrame: [36m[Function][39m,
      runMicrotasks: [36m[Function: runMicrotasks][39m,
      tick: [36m[Function: tick][39m,
      tickAsync: [36m[Function: tickAsync][39m,
      next: [36m[Function: next][39m,
      nextAsync: [36m[Function: nextAsync][39m,
      runAll: [36m[Function: runAll][39m,
      runToFrame: [36m[Function: runToFrame][39m,
      runAllAsync: [36m[Function: runAllAsync][39m,
      runToLast: [36m[Function: runToLast][39m,
      runToLastAsync: [36m[Function: runToLastAsync][39m,
      reset: [36m[Function: reset][39m,
      setSystemTime: [36m[Function: setSystemTime][39m,
      jump: [36m[Function: jump][39m,
      performance: [36m[Object: null prototype][39m,
      hrtime: [36m[Function][39m,
      shouldClearNativeTimers: [33mtrue[39m,
      uninstall: [36m[Function (anonymous)][39m,
      abortListenerMap: Map(0) {},
      methods: [36m[Array][39m,
      _setTimeout: [36m[Function][39m,
      _clearTimeout: [36m[Function: clearTimeout][39m,
      _setInterval: [36m[Function: setInterval][39m,
      _clearInterval: [36m[Function: clearInterval][39m,
      _Date: [36m[Function: Date][39m,
      _setImmediate: [36m[Function][39m,
      _clearImmediate: [36m[Function: clearImmediate][39m,
      _hrtime: [36m[Function][39m,
      _performance: [36m[Performance][39m,
      _requestAnimationFrame: [36m[Function: bound ][39m,
      _cancelAnimationFrame: [36m[Function: bound ][39m,
      _Intl: Object [Intl] {}
    }
  },
  setTimeout: [Function: setTimeout] {
    hadOwnProperty: [33mtrue[39m,
    clock: {
      now: [33m1764681223040[39m,
      Date: [36m[Function][39m,
      loopLimit: [33m10000[39m,
      Intl: [36m[Object][39m,
      requestIdleCallback: [36m[Function: requestIdleCallback][39m,
      cancelIdleCallback: [36m[Function: cancelIdleCallback][39m,
      setTimeout: [36m[Function][39m,
      clearTimeout: [36m[Function][39m,
      nextTick: [36m[Function: nextTick][39m,
      queueMicrotask: [36m[Function: queueMicrotask][39m,
      setInterval: [36m[Function][39m,
      clearInterval: [36m[Function][39m,
      setImmediate: [36m[Function][39m,
      clearImmediate: [36m[Function][39m,
      countTimers: [36m[Function: countTimers][39m,
      requestAnimationFrame: [36m[Function][39m,
      cancelAnimationFrame: [36m[Function][39m,
      runMicrotasks: [36m[Function: runMicrotasks][39m,
      tick: [36m[Function: tick][39m,
      tickAsync: [36m[Function: tickAsync][39m,
      next: [36m[Function: next][39m,
      nextAsync: [36m[Function: nextAsync][39m,
      runAll: [36m[Function: runAll][39m,
      runToFrame: [36m[Function: runToFrame][39m,
      runAllAsync: [36m[Function: runAllAsync][39m,
      runToLast: [36m[Function: runToLast][39m,
      runToLastAsync: [36m[Function: runToLastAsync][39m,
      reset: [36m[Function: reset][39m,
      setSystemTime: [36m[Function: setSystemTime][39m,
      jump: [36m[Function: jump][39m,
      performance: [36m[Object: null prototype][39m,
      hrtime: [36m[Function][39m,
      shouldClearNativeTimers: [33mtrue[39m,
      uninstall: [36m[Function (anonymous)][39m,
      abortListenerMap: Map(0) {},
      methods: [36m[Array][39m,
      _setTimeout: [36m[Function][39m,
      _clearTimeout: [36m[Function: clearTimeout][39m,
      _setInterval: [36m[Function: setInterval][39m,
      _clearInterval: [36m[Function: clearInterval][39m,
      _Date: [36m[Function: Date][39m,
      _setImmediate: [36m[Function][39m,
      _clearImmediate: [36m[Function: clearImmediate][39m,
      _hrtime: [36m[Function][39m,
      _performance: [36m[Performance][39m,
      _requestAnimationFrame: [36m[Function: bound ][39m,
      _cancelAnimationFrame: [36m[Function: bound ][39m,
      _Intl: Object [Intl] {}
    },
    [[32mSymbol(nodejs.util.promisify.custom)[39m]: [36m[Function: promisifiedSetTimeout][39m
  },
  queueMicrotask: [36m[Function: queueMicrotask][39m,
  structuredClone: [36m[Function: structuredClone][39m,
  atob: [36m[Function: atob][39m,
  btoa: [36m[Function: btoa][39m,
  performance: [36m[Getter/Setter][39m,
  fetch: [36m[Function: fetch][39m,
  navigator: [36m[Getter/Setter][39m,
  crypto: [36m[Getter][39m,
  window: [36m[Circular *1][39m,
  self: [36m[Circular *1][39m,
  top: [36m[Circular *1][39m,
  parent: [36m[Circular *1][39m,
  jsdom: JSDOM {
    [[32mSymbol(window)[39m]: [36m<ref *2>[39m Window {
      StyleSheet: [36m[Function: StyleSheet][39m,
      MediaList: [36m[Function: MediaList][39m,
      CSSStyleSheet: [36m[Function: CSSStyleSheet][39m,
      CSSRule: [36m[Function][39m,
      CSSStyleRule: [36m[Function][39m,
      CSSMediaRule: [36m[Function: CSSMediaRule][39m,
      CSSImportRule: [36m[Function: CSSImportRule][39m,
      CSSStyleDeclaration: [36m[class CSSStyleDeclaration][39m,
      XPathException: [36m[Function][39m,
      XPathExpression: [36m[Function: XPathExpression][39m,
      XPathResult: [36m[Function][39m,
      XPathEvaluator: [36m[Function: XPathEvaluator][39m,
      onafterprint: [36m[Getter/Setter][39m,
      onbeforeprint: [36m[Getter/Setter][39m,
      onbeforeunload: [36m[Getter/Setter][39m,
      onhashchange: [36m[Getter/Setter][39m,
      onlanguagechange: [36m[Getter/Setter][39m,
      onmessage: [36m[Getter/Setter][39m,
      onmessageerror: [36m[Getter/Setter][39m,
      onoffline: [36m[Getter/Setter][39m,
      ononline: [36m[Getter/Setter][39m,
      onpagehide: [36m[Getter/Setter][39m,
      onpageshow: [36m[Getter/Setter][39m,
      onpopstate: [36m[Getter/Setter][39m,
      onrejectionhandled: [36m[Getter/Setter][39m,
      onstorage: [36m[Getter/Setter][39m,
      onunhandledrejection: [36m[Getter/Setter][39m,
      onunload: [36m[Getter/Setter][39m,
      onblur: [36m[Getter/Setter][39m,
      onerror: [36m[Getter/Setter][39m,
      onfocus: [36m[Getter/Setter][39m,
      onload: [36m[Getter/Setter][39m,
      onresize: [36m[Getter/Setter][39m,
      onscroll: [36m[Getter/Setter][39m,
      onabort: [36m[Getter/Setter][39m,
      onauxclick: [36m[Getter/Setter][39m,
      onbeforeinput: [36m[Getter/Setter][39m,
      onbeforematch: [36m[Getter/Setter][39m,
      onbeforetoggle: [36m[Getter/Setter][39m,
      oncancel: [36m[Getter/Setter][39m,
      oncanplay: [36m[Getter/Setter][39m,
      oncanplaythrough: [36m[Getter/Setter][39m,
      onchange: [36m[Getter/Setter][39m,
      onclick: [36m[Getter/Setter][39m,
      onclose: [36m[Getter/Setter][39m,
      oncontextlost: [36m[Getter/Setter][39m,
      oncontextmenu: [36m[Getter/Setter][39m,
      oncontextrestored: [36m[Getter/Setter][39m,
      oncopy: [36m[Getter/Setter][39m,
      oncuechange: [36m[Getter/Setter][39m,
      oncut: [36m[Getter/Setter][39m,
      ondblclick: [36m[Getter/Setter][39m,
      ondrag: [36m[Getter/Setter][39m,
      ondragend: [36m[Getter/Setter][39m,
      ondragenter: [36m[Getter/Setter][39m,
      ondragleave: [36m[Getter/Setter][39m,
      ondragover: [36m[Getter/Setter][39m,
      ondragstart: [36m[Getter/Setter][39m,
      ondrop: [36m[Getter/Setter][39m,
      ondurationchange: [36m[Getter/Setter][39m,
      onemptied: [36m[Getter/Setter][39m,
      onended: [36m[Getter/Setter][39m,
      onformdata: [36m[Getter/Setter][39m,
      oninput: [36m[Getter/Setter][39m,
      oninvalid: [36m[Getter/Setter][39m,
      onkeydown: [36m[Getter/Setter][39m,
      onkeypress: [36m[Getter/Setter][39m,
      onkeyup: [36m[Getter/Setter][39m,
      onloadeddata: [36m[Getter/Setter][39m,
      onloadedmetadata: [36m[Getter/Setter][39m,
      onloadstart: [36m[Getter/Setter][39m,
      onmousedown: [36m[Getter/Setter][39m,
      onmouseenter: [36m[Getter/Setter][39m,
      onmouseleave: [36m[Getter/Setter][39m,
      onmousemove: [36m[Getter/Setter][39m,
      onmouseout: [36m[Getter/Setter][39m,
      onmouseover: [36m[Getter/Setter][39m,
      onmouseup: [36m[Getter/Setter][39m,
      onpaste: [36m[Getter/Setter][39m,
      onpause: [36m[Getter/Setter][39m,
      onplay: [36m[Getter/Setter][39m,
      onplaying: [36m[Getter/Setter][39m,
      onprogress: [36m[Getter/Setter][39m,
      onratechange: [36m[Getter/Setter][39m,
      onreset: [36m[Getter/Setter][39m,
      onscrollend: [36m[Getter/Setter][39m,
      onsecuritypolicyviolation: [36m[Getter/Setter][39m,
      onseeked: [36m[Getter/Setter][39m,
      onseeking: [36m[Getter/Setter][39m,
      onselect: [36m[Getter/Setter][39m,
      onslotchange: [36m[Getter/Setter][39m,
      onstalled: [36m[Getter/Setter][39m,
      onsubmit: [36m[Getter/Setter][39m,
      onsuspend: [36m[Getter/Setter][39m,
      ontimeupdate: [36m[Getter/Setter][39m,
      ontoggle: [36m[Getter/Setter][39m,
      onvolumechange: [36m[Getter/Setter][39m,
      onwaiting: [36m[Getter/Setter][39m,
      onwebkitanimationend: [36m[Getter/Setter][39m,
      onwebkitanimationiteration: [36m[Getter/Setter][39m,
      onwebkitanimationstart: [36m[Getter/Setter][39m,
      onwebkittransitionend: [36m[Getter/Setter][39m,
      onwheel: [36m[Getter/Setter][39m,
      ontouchstart: [36m[Getter/Setter][39m,
      ontouchend: [36m[Getter/Setter][39m,
      ontouchmove: [36m[Getter/Setter][39m,
      ontouchcancel: [36m[Getter/Setter][39m,
      _registeredHandlers: Set(0) {},
      _eventHandlers: [Object: null prototype] {},
      onautocomplete: [36m[Getter/Setter][39m,
      onautocompleteerror: [36m[Getter/Setter][39m,
      onsort: [36m[Getter/Setter][39m,
      _globalObject: [36m[Circular *2][39m,
      _resourceLoader: [36m[NoOpResourceLoader][39m,
      _globalProxy: [36m[Object [Window]][39m,
      _document: [36m[Document][39m,
      _origin: [32m'http://localhost:3000'[39m,
      _sessionHistory: [36m[SessionHistory][39m,
      _virtualConsole: [36m[VirtualConsole][39m,
      _runScripts: [32m'dangerously'[39m,
      _top: [36m[Object [Window]][39m,
      _parent: [36m[Object [Window]][39m,
      _frameElement: [1mnull[22m,
      _length: [33m0[39m,
      _currentEvent: [90mundefined[39m,
      _pretendToBeVisual: [33mtrue[39m,
      _storageQuota: [33m5000000[39m,
      _commonForOrigin: [36m[Object][39m,
      _currentOriginData: [36m[Object][39m,
      _localStorage: Storage {},
      _sessionStorage: Storage {},
      _selection: [36m[SelectionImpl][39m,
      getSelection: [36m[Function (anonymous)][39m,
      _customElementRegistry: CustomElementRegistry {},
      length: [36m[Getter/Setter][39m,
      window: [36m[Getter][39m,
      frameElement: [36m[Getter][39m,
      frames: [36m[Getter/Setter][39m,
      self: [36m[Getter/Setter][39m,
      parent: [36m[Getter/Setter][39m,
      top: [36m[Getter][39m,
      document: [36m[Getter][39m,
      external: [36m[Getter/Setter][39m,
      location: [36m[Getter/Setter][39m,
      history: [36m[Getter][39m,
      navigator: [36m[Getter][39m,
      locationbar: [36m[Getter/Setter][39m,
      menubar: [36m[Getter/Setter][39m,
      personalbar: [36m[Getter/Setter][39m,
      scrollbars: [36m[Getter/Setter][39m,
      statusbar: [36m[Getter/Setter][39m,
      toolbar: [36m[Getter/Setter][39m,
      performance: [36m[Getter][39m,
      screen: [36m[Getter/Setter][39m,
      crypto: [36m[Getter][39m,
      origin: [36m[Getter/Setter][39m,
      localStorage: [36m[Getter][39m,
      sessionStorage: [36m[Getter][39m,
      customElements: [36m[Getter][39m,
      event: [36m[Getter/Setter][39m,
      setTimeout: [36m[Function (anonymous)][39m,
      setInterval: [36m[Function (anonymous)][39m,
      clearTimeout: [36m[Function (anonymous)][39m,
      clearInterval: [36m[Function (anonymous)][39m,
      queueMicrotask: [36m[Function (anonymous)][39m,
      requestAnimationFrame: [36m[Function (anonymous)][39m,
      cancelAnimationFrame: [36m[Function (anonymous)][39m,
      postMessage: [36m[Function (anonymous)][39m,
      atob: [36m[Function (anonymous)][39m,
      btoa: [36m[Function (anonymous)][39m,
      stop: [36m[Function (anonymous)][39m,
      close: [36m[Function (anonymous)][39m,
      getComputedStyle: [36m[Function (anonymous)][39m,
      captureEvents: [36m[Function (anonymous)][39m,
      releaseEvents: [36m[Function (anonymous)][39m,
      console: [36m[Object][39m,
      name: [32m''[39m,
      status: [32m''[39m,
      devicePixelRatio: [33m1[39m,
      innerWidth: [33m1024[39m,
      innerHeight: [33m768[39m,
      outerWidth: [33m1024[39m,
      outerHeight: [33m768[39m,
      pageXOffset: [33m0[39m,
      pageYOffset: [33m0[39m,
      screenX: [33m0[39m,
      screenLeft: [33m0[39m,
      screenY: [33m0[39m,
      screenTop: [33m0[39m,
      scrollX: [33m0[39m,
      scrollY: [33m0[39m,
      alert: [36m[Function (anonymous)][39m,
      blur: [36m[Function (anonymous)][39m,
      confirm: [36m[Function (anonymous)][39m,
      focus: [36m[Function (anonymous)][39m,
      moveBy: [36m[Function (anonymous)][39m,
      moveTo: [36m[Function (anonymous)][39m,
      open: [36m[Function (anonymous)][39m,
      print: [36m[Function (anonymous)][39m,
      prompt: [36m[Function (anonymous)][39m,
      resizeBy: [36m[Function (anonymous)][39m,
      resizeTo: [36m[Function (anonymous)][39m,
      scroll: [36m[Function (anonymous)][39m,
      scrollBy: [36m[Function (anonymous)][39m,
      scrollTo: [36m[Function (anonymous)][39m,
      [32m'test-container'[39m: [36m[Getter/Setter][39m,
      [32m'tutorial-target'[39m: [36m[Getter/Setter][39m,
      [[32mSymbol([webidl2js] constructor registry)[39m]: [36m[Object: null prototype][39m,
      [[32mSymbol(named property tracker)[39m]: [36m[NamedPropertiesTracker][39m
    }
  },
  suite: [Function: chain] {
    each: [36m[Function (anonymous)][39m,
    for: [36m[Function (anonymous)][39m,
    skipIf: [36m[Function (anonymous)][39m,
    runIf: [36m[Function (anonymous)][39m,
    withContext: [36m[Function (anonymous)][39m,
    setContext: [36m[Function (anonymous)][39m,
    mergeContext: [36m[Function (anonymous)][39m,
    fn: [Function: suiteFn] {
      each: [36m[Function (anonymous)][39m,
      for: [36m[Function (anonymous)][39m,
      skipIf: [36m[Function (anonymous)][39m,
      runIf: [36m[Function (anonymous)][39m
    }
  },
  test: [Function: chain] {
    each: [36m[Function (anonymous)][39m,
    for: [36m[Function (anonymous)][39m,
    skipIf: [36m[Function (anonymous)][39m,
    runIf: [36m[Function (anonymous)][39m,
    scoped: [36m[Function (anonymous)][39m,
    extend: [36m[Function (anonymous)][39m,
    beforeEach: [36m[Function: beforeEach][39m,
    afterEach: [36m[Function: afterEach][39m,
    beforeAll: [36m[Function: beforeAll][39m,
    afterAll: [36m[Function: afterAll][39m,
    withContext: [36m[Function (anonymous)][39m,
    setContext: [36m[Function (anonymous)][39m,
    mergeContext: [36m[Function (anonymous)][39m,
    fn: [Function (anonymous)] {
      each: [36m[Function (anonymous)][39m,
      for: [36m[Function (anonymous)][39m,
      skipIf: [36m[Function (anonymous)][39m,
      runIf: [36m[Function (anonymous)][39m,
      scoped: [36m[Function (anonymous)][39m,
      extend: [36m[Function (anonymous)][39m,
      beforeEach: [36m[Function: beforeEach][39m,
      afterEach: [36m[Function: afterEach][39m,
      beforeAll: [36m[Function: beforeAll][39m,
      afterAll: [36m[Function: afterAll][39m
    }
  },
  describe: [Function: chain] {
    each: [36m[Function (anonymous)][39m,
    for: [36m[Function (anonymous)][39m,
    skipIf: [36m[Function (anonymous)][39m,
    runIf: [36m[Function (anonymous)][39m,
    withContext: [36m[Function (anonymous)][39m,
    setContext: [36m[Function (anonymous)][39m,
    mergeContext: [36m[Function (anonymous)][39m,
    fn: [Function: suiteFn] {
      each: [36m[Function (anonymous)][39m,
      for: [36m[Function (anonymous)][39m,
      skipIf: [36m[Function (anonymous)][39m,
      runIf: [36m[Function (anonymous)][39m
    }
  },
  it: [Function: chain] {
    each: [36m[Function (anonymous)][39m,
    for: [36m[Function (anonymous)][39m,
    skipIf: [36m[Function (anonymous)][39m,
    runIf: [36m[Function (anonymous)][39m,
    scoped: [36m[Function (anonymous)][39m,
    extend: [36m[Function (anonymous)][39m,
    beforeEach: [36m[Function: beforeEach][39m,
    afterEach: [36m[Function: afterEach][39m,
    beforeAll: [36m[Function: beforeAll][39m,
    afterAll: [36m[Function: afterAll][39m,
    withContext: [36m[Function (anonymous)][39m,
    setContext: [36m[Function (anonymous)][39m,
    mergeContext: [36m[Function (anonymous)][39m,
    fn: [Function (anonymous)] {
      each: [36m[Function (anonymous)][39m,
      for: [36m[Function (anonymous)][39m,
      skipIf: [36m[Function (anonymous)][39m,
      runIf: [36m[Function (anonymous)][39m,
      scoped: [36m[Function (anonymous)][39m,
      extend: [36m[Function (anonymous)][39m,
      beforeEach: [36m[Function: beforeEach][39m,
      afterEach: [36m[Function: afterEach][39m,
      beforeAll: [36m[Function: beforeAll][39m,
      afterAll: [36m[Function: afterAll][39m
    }
  },
  chai: [Module: null prototype] {
    Assertion: [36m[class Assertion][39m,
    AssertionError: [36m[class AssertionError extends Error][39m,
    Should: [36m[Function: loadShould][39m,
    assert: [Function: assert] {
      fail: [36m[Function (anonymous)][39m,
      isOk: [36m[Function (anonymous)][39m,
      isNotOk: [36m[Function (anonymous)][39m,
      equal: [36m[Function (anonymous)][39m,
      notEqual: [36m[Function (anonymous)][39m,
      strictEqual: [36m[Function (anonymous)][39m,
      notStrictEqual: [36m[Function (anonymous)][39m,
      deepStrictEqual: [36m[Function (anonymous)][39m,
      deepEqual: [36m[Function (anonymous)][39m,
      notDeepEqual: [36m[Function (anonymous)][39m,
      isAbove: [36m[Function (anonymous)][39m,
      isAtLeast: [36m[Function (anonymous)][39m,
      isBelow: [36m[Function (anonymous)][39m,
      isAtMost: [36m[Function (anonymous)][39m,
      isTrue: [36m[Function (anonymous)][39m,
      isNotTrue: [36m[Function (anonymous)][39m,
      isFalse: [36m[Function (anonymous)][39m,
      isNotFalse: [36m[Function (anonymous)][39m,
      isNull: [36m[Function (anonymous)][39m,
      isNotNull: [36m[Function (anonymous)][39m,
      isNaN: [36m[Function (anonymous)][39m,
      isNotNaN: [36m[Function (anonymous)][39m,
      exists: [36m[Function (anonymous)][39m,
      notExists: [36m[Function (anonymous)][39m,
      isUndefined: [36m[Function (anonymous)][39m,
      isDefined: [36m[Function (anonymous)][39m,
      isCallable: [36m[Function (anonymous)][39m,
      isNotCallable: [36m[Function (anonymous)][39m,
      isObject: [36m[Function (anonymous)][39m,
      isNotObject: [36m[Function (anonymous)][39m,
      isArray: [36m[Function (anonymous)][39m,
      isNotArray: [36m[Function (anonymous)][39m,
      isString: [36m[Function (anonymous)][39m,
      isNotString: [36m[Function (anonymous)][39m,
      isNumber: [36m[Function (anonymous)][39m,
      isNotNumber: [36m[Function (anonymous)][39m,
      isNumeric: [36m[Function (anonymous)][39m,
      isNotNumeric: [36m[Function (anonymous)][39m,
      isFinite: [36m[Function (anonymous)][39m,
      isBoolean: [36m[Function (anonymous)][39m,
      isNotBoolean: [36m[Function (anonymous)][39m,
      typeOf: [36m[Function (anonymous)][39m,
      notTypeOf: [36m[Function (anonymous)][39m,
      instanceOf: [36m[Function (anonymous)][39m,
      notInstanceOf: [36m[Function (anonymous)][39m,
      include: [36m[Function (anonymous)][39m,
      notInclude: [36m[Function (anonymous)][39m,
      deepInclude: [36m[Function (anonymous)][39m,
      notDeepInclude: [36m[Function (anonymous)][39m,
      nestedInclude: [36m[Function (anonymous)][39m,
      notNestedInclude: [36m[Function (anonymous)][39m,
      deepNestedInclude: [36m[Function (anonymous)][39m,
      notDeepNestedInclude: [36m[Function (anonymous)][39m,
      ownInclude: [36m[Function (anonymous)][39m,
      notOwnInclude: [36m[Function (anonymous)][39m,
      deepOwnInclude: [36m[Function (anonymous)][39m,
      notDeepOwnInclude: [36m[Function (anonymous)][39m,
      match: [36m[Function (anonymous)][39m,
      notMatch: [36m[Function (anonymous)][39m,
      property: [36m[Function (anonymous)][39m,
      notProperty: [36m[Function (anonymous)][39m,
      propertyVal: [36m[Function (anonymous)][39m,
      notPropertyVal: [36m[Function (anonymous)][39m,
      deepPropertyVal: [36m[Function (anonymous)][39m,
      notDeepPropertyVal: [36m[Function (anonymous)][39m,
      ownProperty: [36m[Function (anonymous)][39m,
      notOwnProperty: [36m[Function (anonymous)][39m,
      ownPropertyVal: [36m[Function (anonymous)][39m,
      notOwnPropertyVal: [36m[Function (anonymous)][39m,
      deepOwnPropertyVal: [36m[Function (anonymous)][39m,
      notDeepOwnPropertyVal: [36m[Function (anonymous)][39m,
      nestedProperty: [36m[Function (anonymous)][39m,
      notNestedProperty: [36m[Function (anonymous)][39m,
      nestedPropertyVal: [36m[Function (anonymous)][39m,
      notNestedPropertyVal: [36m[Function (anonymous)][39m,
      deepNestedPropertyVal: [36m[Function (anonymous)][39m,
      notDeepNestedPropertyVal: [36m[Function (anonymous)][39m,
      lengthOf: [36m[Function (anonymous)][39m,
      hasAnyKeys: [36m[Function (anonymous)][39m,
      hasAllKeys: [36m[Function (anonymous)][39m,
      containsAllKeys: [36m[Function (anonymous)][39m,
      doesNotHaveAnyKeys: [36m[Function (anonymous)][39m,
      doesNotHaveAllKeys: [36m[Function (anonymous)][39m,
      hasAnyDeepKeys: [36m[Function (anonymous)][39m,
      hasAllDeepKeys: [36m[Function (anonymous)][39m,
      containsAllDeepKeys: [36m[Function (anonymous)][39m,
      doesNotHaveAnyDeepKeys: [36m[Function (anonymous)][39m,
      doesNotHaveAllDeepKeys: [36m[Function (anonymous)][39m,
      throws: [36m[Function (anonymous)][39m,
      doesNotThrow: [36m[Function (anonymous)][39m,
      operator: [36m[Function (anonymous)][39m,
      closeTo: [36m[Function (anonymous)][39m,
      approximately: [36m[Function (anonymous)][39m,
      sameMembers: [36m[Function (anonymous)][39m,
      notSameMembers: [36m[Function (anonymous)][39m,
      sameDeepMembers: [36m[Function (anonymous)][39m,
      notSameDeepMembers: [36m[Function (anonymous)][39m,
      sameOrderedMembers: [36m[Function (anonymous)][39m,
      notSameOrderedMembers: [36m[Function (anonymous)][39m,
      sameDeepOrderedMembers: [36m[Function (anonymous)][39m,
      notSameDeepOrderedMembers: [36m[Function (anonymous)][39m,
      includeMembers: [36m[Function (anonymous)][39m,
      notIncludeMembers: [36m[Function (anonymous)][39m,
      includeDeepMembers: [36m[Function (anonymous)][39m,
      notIncludeDeepMembers: [36m[Function (anonymous)][39m,
      includeOrderedMembers: [36m[Function (anonymous)][39m,
      notIncludeOrderedMembers: [36m[Function (anonymous)][39m,
      includeDeepOrderedMembers: [36m[Function (anonymous)][39m,
      notIncludeDeepOrderedMembers: [36m[Function (anonymous)][39m,
      oneOf: [36m[Function (anonymous)][39m,
      isIterable: [36m[Function (anonymous)][39m,
      changes: [36m[Function (anonymous)][39m,
      changesBy: [36m[Function (anonymous)][39m,
      doesNotChange: [36m[Function (anonymous)][39m,
      changesButNotBy: [36m[Function (anonymous)][39m,
      increases: [36m[Function (anonymous)][39m,
      increasesBy: [36m[Function (anonymous)][39m,
      doesNotIncrease: [36m[Function (anonymous)][39m,
      increasesButNotBy: [36m[Function (anonymous)][39m,
      decreases: [36m[Function (anonymous)][39m,
      decreasesBy: [36m[Function (anonymous)][39m,
      doesNotDecrease: [36m[Function (anonymous)][39m,
      doesNotDecreaseBy: [36m[Function (anonymous)][39m,
      decreasesButNotBy: [36m[Function (anonymous)][39m,
      ifError: [36m[Function (anonymous)][39m,
      isExtensible: [36m[Function (anonymous)][39m,
      isNotExtensible: [36m[Function (anonymous)][39m,
      isSealed: [36m[Function (anonymous)][39m,
      isNotSealed: [36m[Function (anonymous)][39m,
      isFrozen: [36m[Function (anonymous)][39m,
      isNotFrozen: [36m[Function (anonymous)][39m,
      isEmpty: [36m[Function (anonymous)][39m,
      isNotEmpty: [36m[Function (anonymous)][39m,
      containsSubset: [36m[Function (anonymous)][39m,
      doesNotContainSubset: [36m[Function (anonymous)][39m,
      ok: [36m[Function (anonymous)][39m,
      notOk: [36m[Function (anonymous)][39m,
      throw: [36m[Function (anonymous)][39m,
      Throw: [36m[Function (anonymous)][39m,
      extensible: [36m[Function (anonymous)][39m,
      notExtensible: [36m[Function (anonymous)][39m,
      sealed: [36m[Function (anonymous)][39m,
      notSealed: [36m[Function (anonymous)][39m,
      frozen: [36m[Function (anonymous)][39m,
      notFrozen: [36m[Function (anonymous)][39m,
      empty: [36m[Function (anonymous)][39m,
      notEmpty: [36m[Function (anonymous)][39m,
      isFunction: [36m[Function (anonymous)][39m,
      isNotFunction: [36m[Function (anonymous)][39m,
      containSubset: [36m[Function (anonymous)][39m
    },
    config: {
      includeStack: [33mfalse[39m,
      showDiff: [33mtrue[39m,
      truncateThreshold: [33m40[39m,
      useProxy: [33mtrue[39m,
      proxyExcludedKeys: [36m[Array][39m,
      deepEqual: [1mnull[22m
    },
    expect: [Function: expect] {
      fail: [36m[Function (anonymous)][39m,
      extend: [36m[Function: methodWrapper][39m,
      addSnapshotSerializer: [36m[Function: methodWrapper][39m,
      anything: [36m[Function: methodWrapper][39m,
      any: [36m[Function: methodWrapper][39m,
      stringContaining: [36m[Function: methodWrapper][39m,
      objectContaining: [36m[Function: methodWrapper][39m,
      arrayContaining: [36m[Function: methodWrapper][39m,
      stringMatching: [36m[Function: methodWrapper][39m,
      closeTo: [36m[Function: methodWrapper][39m,
      schemaMatching: [36m[Function: methodWrapper][39m,
      not: [36m[Object][39m,
      __flags: [36m[Object: null prototype][39m
    },
    should: [36m[Function: loadShould][39m,
    use: [36m[Function: use][39m,
    util: {
      addChainableMethod: [36m[Getter][39m,
      addLengthGuard: [36m[Getter][39m,
      addMethod: [36m[Getter][39m,
      addProperty: [36m[Getter][39m,
      checkError: [36m[Getter][39m,
      compareByInspect: [36m[Getter][39m,
      eql: [36m[Getter][39m,
      events: [36m[Getter][39m,
      expectTypes: [36m[Getter][39m,
      flag: [36m[Getter][39m,
      getActual: [36m[Getter][39m,
      getMessage: [36m[Getter][39m,
      getName: [36m[Getter][39m,
      getOperator: [36m[Getter][39m,
      getOwnEnumerableProperties: [36m[Getter][39m,
      getOwnEnumerablePropertySymbols: [36m[Getter][39m,
      getPathInfo: [36m[Getter][39m,
      hasProperty: [36m[Getter][39m,
      inspect: [36m[Getter][39m,
      isNaN: [36m[Getter][39m,
      isNumeric: [36m[Getter][39m,
      isProxyEnabled: [36m[Getter][39m,
      isRegExp: [36m[Getter][39m,
      objDisplay: [36m[Getter][39m,
      overwriteChainableMethod: [36m[Getter][39m,
      overwriteMethod: [36m[Getter][39m,
      overwriteProperty: [36m[Getter][39m,
      proxify: [36m[Getter][39m,
      test: [36m[Getter][39m,
      transferFlags: [36m[Getter][39m,
      type: [36m[Getter][39m
    }
  },
  expect: [Function: expect] {
    fail: [36m[Function (anonymous)][39m,
    extend: [36m[Function (anonymous)][39m,
    addSnapshotSerializer: [36m[Function: methodWrapper][39m,
    anything: [36m[Function: methodWrapper][39m,
    any: [36m[Function: methodWrapper][39m,
    stringContaining: [36m[Function: methodWrapper][39m,
    objectContaining: [36m[Function: methodWrapper][39m,
    arrayContaining: [36m[Function: methodWrapper][39m,
    stringMatching: [36m[Function: methodWrapper][39m,
    closeTo: [36m[Function: methodWrapper][39m,
    schemaMatching: [36m[Function: methodWrapper][39m,
    not: {
      stringContaining: [36m[Function: stringContaining][39m,
      objectContaining: [36m[Function: objectContaining][39m,
      arrayContaining: [36m[Function: arrayContaining][39m,
      stringMatching: [36m[Function: stringMatching][39m,
      closeTo: [36m[Function: closeTo][39m,
      schemaMatching: [36m[Function: schemaMatching][39m,
      toSatisfy: [36m[Function: value][39m,
      toBeOneOf: [36m[Function: value][39m
    },
    getState: [36m[Function (anonymous)][39m,
    setState: [36m[Function (anonymous)][39m,
    assert: [Function: assert] {
      fail: [36m[Function (anonymous)][39m,
      isOk: [36m[Function (anonymous)][39m,
      isNotOk: [36m[Function (anonymous)][39m,
      equal: [36m[Function (anonymous)][39m,
      notEqual: [36m[Function (anonymous)][39m,
      strictEqual: [36m[Function (anonymous)][39m,
      notStrictEqual: [36m[Function (anonymous)][39m,
      deepStrictEqual: [36m[Function (anonymous)][39m,
      deepEqual: [36m[Function (anonymous)][39m,
      notDeepEqual: [36m[Function (anonymous)][39m,
      isAbove: [36m[Function (anonymous)][39m,
      isAtLeast: [36m[Function (anonymous)][39m,
      isBelow: [36m[Function (anonymous)][39m,
      isAtMost: [36m[Function (anonymous)][39m,
      isTrue: [36m[Function (anonymous)][39m,
      isNotTrue: [36m[Function (anonymous)][39m,
      isFalse: [36m[Function (anonymous)][39m,
      isNotFalse: [36m[Function (anonymous)][39m,
      isNull: [36m[Function (anonymous)][39m,
      isNotNull: [36m[Function (anonymous)][39m,
      isNaN: [36m[Function (anonymous)][39m,
      isNotNaN: [36m[Function (anonymous)][39m,
      exists: [36m[Function (anonymous)][39m,
      notExists: [36m[Function (anonymous)][39m,
      isUndefined: [36m[Function (anonymous)][39m,
      isDefined: [36m[Function (anonymous)][39m,
      isCallable: [36m[Function (anonymous)][39m,
      isNotCallable: [36m[Function (anonymous)][39m,
      isObject: [36m[Function (anonymous)][39m,
      isNotObject: [36m[Function (anonymous)][39m,
      isArray: [36m[Function (anonymous)][39m,
      isNotArray: [36m[Function (anonymous)][39m,
      isString: [36m[Function (anonymous)][39m,
      isNotString: [36m[Function (anonymous)][39m,
      isNumber: [36m[Function (anonymous)][39m,
      isNotNumber: [36m[Function (anonymous)][39m,
      isNumeric: [36m[Function (anonymous)][39m,
      isNotNumeric: [36m[Function (anonymous)][39m,
      isFinite: [36m[Function (anonymous)][39m,
      isBoolean: [36m[Function (anonymous)][39m,
      isNotBoolean: [36m[Function (anonymous)][39m,
      typeOf: [36m[Function (anonymous)][39m,
      notTypeOf: [36m[Function (anonymous)][39m,
      instanceOf: [36m[Function (anonymous)][39m,
      notInstanceOf: [36m[Function (anonymous)][39m,
      include: [36m[Function (anonymous)][39m,
      notInclude: [36m[Function (anonymous)][39m,
      deepInclude: [36m[Function (anonymous)][39m,
      notDeepInclude: [36m[Function (anonymous)][39m,
      nestedInclude: [36m[Function (anonymous)][39m,
      notNestedInclude: [36m[Function (anonymous)][39m,
      deepNestedInclude: [36m[Function (anonymous)][39m,
      notDeepNestedInclude: [36m[Function (anonymous)][39m,
      ownInclude: [36m[Function (anonymous)][39m,
      notOwnInclude: [36m[Function (anonymous)][39m,
      deepOwnInclude: [36m[Function (anonymous)][39m,
      notDeepOwnInclude: [36m[Function (anonymous)][39m,
      match: [36m[Function (anonymous)][39m,
      notMatch: [36m[Function (anonymous)][39m,
      property: [36m[Function (anonymous)][39m,
      notProperty: [36m[Function (anonymous)][39m,
      propertyVal: [36m[Function (anonymous)][39m,
      notPropertyVal: [36m[Function (anonymous)][39m,
      deepPropertyVal: [36m[Function (anonymous)][39m,
      notDeepPropertyVal: [36m[Function (anonymous)][39m,
      ownProperty: [36m[Function (anonymous)][39m,
      notOwnProperty: [36m[Function (anonymous)][39m,
      ownPropertyVal: [36m[Function (anonymous)][39m,
      notOwnPropertyVal: [36m[Function (anonymous)][39m,
      deepOwnPropertyVal: [36m[Function (anonymous)][39m,
      notDeepOwnPropertyVal: [36m[Function (anonymous)][39m,
      nestedProperty: [36m[Function (anonymous)][39m,
      notNestedProperty: [36m[Function (anonymous)][39m,
      nestedPropertyVal: [36m[Function (anonymous)][39m,
      notNestedPropertyVal: [36m[Function (anonymous)][39m,
      deepNestedPropertyVal: [36m[Function (anonymous)][39m,
      notDeepNestedPropertyVal: [36m[Function (anonymous)][39m,
      lengthOf: [36m[Function (anonymous)][39m,
      hasAnyKeys: [36m[Function (anonymous)][39m,
      hasAllKeys: [36m[Function (anonymous)][39m,
      containsAllKeys: [36m[Function (anonymous)][39m,
      doesNotHaveAnyKeys: [36m[Function (anonymous)][39m,
      doesNotHaveAllKeys: [36m[Function (anonymous)][39m,
      hasAnyDeepKeys: [36m[Function (anonymous)][39m,
      hasAllDeepKeys: [36m[Function (anonymous)][39m,
      containsAllDeepKeys: [36m[Function (anonymous)][39m,
      doesNotHaveAnyDeepKeys: [36m[Function (anonymous)][39m,
      doesNotHaveAllDeepKeys: [36m[Function (anonymous)][39m,
      throws: [36m[Function (anonymous)][39m,
      doesNotThrow: [36m[Function (anonymous)][39m,
      operator: [36m[Function (anonymous)][39m,
      closeTo: [36m[Function (anonymous)][39m,
      approximately: [36m[Function (anonymous)][39m,
      sameMembers: [36m[Function (anonymous)][39m,
      notSameMembers: [36m[Function (anonymous)][39m,
      sameDeepMembers: [36m[Function (anonymous)][39m,
      notSameDeepMembers: [36m[Function (anonymous)][39m,
      sameOrderedMembers: [36m[Function (anonymous)][39m,
      notSameOrderedMembers: [36m[Function (anonymous)][39m,
      sameDeepOrderedMembers: [36m[Function (anonymous)][39m,
      notSameDeepOrderedMembers: [36m[Function (anonymous)][39m,
      includeMembers: [36m[Function (anonymous)][39m,
      notIncludeMembers: [36m[Function (anonymous)][39m,
      includeDeepMembers: [36m[Function (anonymous)][39m,
      notIncludeDeepMembers: [36m[Function (anonymous)][39m,
      includeOrderedMembers: [36m[Function (anonymous)][39m,
      notIncludeOrderedMembers: [36m[Function (anonymous)][39m,
      includeDeepOrderedMembers: [36m[Function (anonymous)][39m,
      notIncludeDeepOrderedMembers: [36m[Function (anonymous)][39m,
      oneOf: [36m[Function (anonymous)][39m,
      isIterable: [36m[Function (anonymous)][39m,
      changes: [36m[Function (anonymous)][39m,
      changesBy: [36m[Function (anonymous)][39m,
      doesNotChange: [36m[Function (anonymous)][39m,
      changesButNotBy: [36m[Function (anonymous)][39m,
      increases: [36m[Function (anonymous)][39m,
      increasesBy: [36m[Function (anonymous)][39m,
      doesNotIncrease: [36m[Function (anonymous)][39m,
      increasesButNotBy: [36m[Function (anonymous)][39m,
      decreases: [36m[Function (anonymous)][39m,
      decreasesBy: [36m[Function (anonymous)][39m,
      doesNotDecrease: [36m[Function (anonymous)][39m,
      doesNotDecreaseBy: [36m[Function (anonymous)][39m,
      decreasesButNotBy: [36m[Function (anonymous)][39m,
      ifError: [36m[Function (anonymous)][39m,
      isExtensible: [36m[Function (anonymous)][39m,
      isNotExtensible: [36m[Function (anonymous)][39m,
      isSealed: [36m[Function (anonymous)][39m,
      isNotSealed: [36m[Function (anonymous)][39m,
      isFrozen: [36m[Function (anonymous)][39m,
      isNotFrozen: [36m[Function (anonymous)][39m,
      isEmpty: [36m[Function (anonymous)][39m,
      isNotEmpty: [36m[Function (anonymous)][39m,
      containsSubset: [36m[Function (anonymous)][39m,
      doesNotContainSubset: [36m[Function (anonymous)][39m,
      ok: [36m[Function (anonymous)][39m,
      notOk: [36m[Function (anonymous)][39m,
      throw: [36m[Function (anonymous)][39m,
      Throw: [36m[Function (anonymous)][39m,
      extensible: [36m[Function (anonymous)][39m,
      notExtensible: [36m[Function (anonymous)][39m,
      sealed: [36m[Function (anonymous)][39m,
      notSealed: [36m[Function (anonymous)][39m,
      frozen: [36m[Function (anonymous)][39m,
      notFrozen: [36m[Function (anonymous)][39m,
      empty: [36m[Function (anonymous)][39m,
      notEmpty: [36m[Function (anonymous)][39m,
      isFunction: [36m[Function (anonymous)][39m,
      isNotFunction: [36m[Function (anonymous)][39m,
      containSubset: [36m[Function (anonymous)][39m
    },
    addEqualityTesters: [36m[Function (anonymous)][39m,
    soft: [36m[Function (anonymous)][39m,
    poll: [36m[Function: poll][39m,
    unreachable: [36m[Function (anonymous)][39m,
    assertions: [36m[Function: methodWrapper][39m,
    hasAssertions: [36m[Function: methodWrapper][39m,
    toSatisfy: [36m[Function: customMatcher][39m,
    toBeOneOf: [36m[Function: customMatcher][39m
  },
  assert: [Function: assert] {
    fail: [36m[Function (anonymous)][39m,
    isOk: [36m[Function (anonymous)][39m,
    isNotOk: [36m[Function (anonymous)][39m,
    equal: [36m[Function (anonymous)][39m,
    notEqual: [36m[Function (anonymous)][39m,
    strictEqual: [36m[Function (anonymous)][39m,
    notStrictEqual: [36m[Function (anonymous)][39m,
    deepStrictEqual: [36m[Function (anonymous)][39m,
    deepEqual: [36m[Function (anonymous)][39m,
    notDeepEqual: [36m[Function (anonymous)][39m,
    isAbove: [36m[Function (anonymous)][39m,
    isAtLeast: [36m[Function (anonymous)][39m,
    isBelow: [36m[Function (anonymous)][39m,
    isAtMost: [36m[Function (anonymous)][39m,
    isTrue: [36m[Function (anonymous)][39m,
    isNotTrue: [36m[Function (anonymous)][39m,
    isFalse: [36m[Function (anonymous)][39m,
    isNotFalse: [36m[Function (anonymous)][39m,
    isNull: [36m[Function (anonymous)][39m,
    isNotNull: [36m[Function (anonymous)][39m,
    isNaN: [36m[Function (anonymous)][39m,
    isNotNaN: [36m[Function (anonymous)][39m,
    exists: [36m[Function (anonymous)][39m,
    notExists: [36m[Function (anonymous)][39m,
    isUndefined: [36m[Function (anonymous)][39m,
    isDefined: [36m[Function (anonymous)][39m,
    isCallable: [36m[Function (anonymous)][39m,
    isNotCallable: [36m[Function (anonymous)][39m,
    isObject: [36m[Function (anonymous)][39m,
    isNotObject: [36m[Function (anonymous)][39m,
    isArray: [36m[Function (anonymous)][39m,
    isNotArray: [36m[Function (anonymous)][39m,
    isString: [36m[Function (anonymous)][39m,
    isNotString: [36m[Function (anonymous)][39m,
    isNumber: [36m[Function (anonymous)][39m,
    isNotNumber: [36m[Function (anonymous)][39m,
    isNumeric: [36m[Function (anonymous)][39m,
    isNotNumeric: [36m[Function (anonymous)][39m,
    isFinite: [36m[Function (anonymous)][39m,
    isBoolean: [36m[Function (anonymous)][39m,
    isNotBoolean: [36m[Function (anonymous)][39m,
    typeOf: [36m[Function (anonymous)][39m,
    notTypeOf: [36m[Function (anonymous)][39m,
    instanceOf: [36m[Function (anonymous)][39m,
    notInstanceOf: [36m[Function (anonymous)][39m,
    include: [36m[Function (anonymous)][39m,
    notInclude: [36m[Function (anonymous)][39m,
    deepInclude: [36m[Function (anonymous)][39m,
    notDeepInclude: [36m[Function (anonymous)][39m,
    nestedInclude: [36m[Function (anonymous)][39m,
    notNestedInclude: [36m[Function (anonymous)][39m,
    deepNestedInclude: [36m[Function (anonymous)][39m,
    notDeepNestedInclude: [36m[Function (anonymous)][39m,
    ownInclude: [36m[Function (anonymous)][39m,
    notOwnInclude: [36m[Function (anonymous)][39m,
    deepOwnInclude: [36m[Function (anonymous)][39m,
    notDeepOwnInclude: [36m[Function (anonymous)][39m,
    match: [36m[Function (anonymous)][39m,
    notMatch: [36m[Function (anonymous)][39m,
    property: [36m[Function (anonymous)][39m,
    notProperty: [36m[Function (anonymous)][39m,
    propertyVal: [36m[Function (anonymous)][39m,
    notPropertyVal: [36m[Function (anonymous)][39m,
    deepPropertyVal: [36m[Function (anonymous)][39m,
    notDeepPropertyVal: [36m[Function (anonymous)][39m,
    ownProperty: [36m[Function (anonymous)][39m,
    notOwnProperty: [36m[Function (anonymous)][39m,
    ownPropertyVal: [36m[Function (anonymous)][39m,
    notOwnPropertyVal: [36m[Function (anonymous)][39m,
    deepOwnPropertyVal: [36m[Function (anonymous)][39m,
    notDeepOwnPropertyVal: [36m[Function (anonymous)][39m,
    nestedProperty: [36m[Function (anonymous)][39m,
    notNestedProperty: [36m[Function (anonymous)][39m,
    nestedPropertyVal: [36m[Function (anonymous)][39m,
    notNestedPropertyVal: [36m[Function (anonymous)][39m,
    deepNestedPropertyVal: [36m[Function (anonymous)][39m,
    notDeepNestedPropertyVal: [36m[Function (anonymous)][39m,
    lengthOf: [36m[Function (anonymous)][39m,
    hasAnyKeys: [36m[Function (anonymous)][39m,
    hasAllKeys: [36m[Function (anonymous)][39m,
    containsAllKeys: [36m[Function (anonymous)][39m,
    doesNotHaveAnyKeys: [36m[Function (anonymous)][39m,
    doesNotHaveAllKeys: [36m[Function (anonymous)][39m,
    hasAnyDeepKeys: [36m[Function (anonymous)][39m,
    hasAllDeepKeys: [36m[Function (anonymous)][39m,
    containsAllDeepKeys: [36m[Function (anonymous)][39m,
    doesNotHaveAnyDeepKeys: [36m[Function (anonymous)][39m,
    doesNotHaveAllDeepKeys: [36m[Function (anonymous)][39m,
    throws: [36m[Function (anonymous)][39m,
    doesNotThrow: [36m[Function (anonymous)][39m,
    operator: [36m[Function (anonymous)][39m,
    closeTo: [36m[Function (anonymous)][39m,
    approximately: [36m[Function (anonymous)][39m,
    sameMembers: [36m[Function (anonymous)][39m,
    notSameMembers: [36m[Function (anonymous)][39m,
    sameDeepMembers: [36m[Function (anonymous)][39m,
    notSameDeepMembers: [36m[Function (anonymous)][39m,
    sameOrderedMembers: [36m[Function (anonymous)][39m,
    notSameOrderedMembers: [36m[Function (anonymous)][39m,
    sameDeepOrderedMembers: [36m[Function (anonymous)][39m,
    notSameDeepOrderedMembers: [36m[Function (anonymous)][39m,
    includeMembers: [36m[Function (anonymous)][39m,
    notIncludeMembers: [36m[Function (anonymous)][39m,
    includeDeepMembers: [36m[Function (anonymous)][39m,
    notIncludeDeepMembers: [36m[Function (anonymous)][39m,
    includeOrderedMembers: [36m[Function (anonymous)][39m,
    notIncludeOrderedMembers: [36m[Function (anonymous)][39m,
    includeDeepOrderedMembers: [36m[Function (anonymous)][39m,
    notIncludeDeepOrderedMembers: [36m[Function (anonymous)][39m,
    oneOf: [36m[Function (anonymous)][39m,
    isIterable: [36m[Function (anonymous)][39m,
    changes: [36m[Function (anonymous)][39m,
    changesBy: [36m[Function (anonymous)][39m,
    doesNotChange: [36m[Function (anonymous)][39m,
    changesButNotBy: [36m[Function (anonymous)][39m,
    increases: [36m[Function (anonymous)][39m,
    increasesBy: [36m[Function (anonymous)][39m,
    doesNotIncrease: [36m[Function (anonymous)][39m,
    increasesButNotBy: [36m[Function (anonymous)][39m,
    decreases: [36m[Function (anonymous)][39m,
    decreasesBy: [36m[Function (anonymous)][39m,
    doesNotDecrease: [36m[Function (anonymous)][39m,
    doesNotDecreaseBy: [36m[Function (anonymous)][39m,
    decreasesButNotBy: [36m[Function (anonymous)][39m,
    ifError: [36m[Function (anonymous)][39m,
    isExtensible: [36m[Function (anonymous)][39m,
    isNotExtensible: [36m[Function (anonymous)][39m,
    isSealed: [36m[Function (anonymous)][39m,
    isNotSealed: [36m[Function (anonymous)][39m,
    isFrozen: [36m[Function (anonymous)][39m,
    isNotFrozen: [36m[Function (anonymous)][39m,
    isEmpty: [36m[Function (anonymous)][39m,
    isNotEmpty: [36m[Function (anonymous)][39m,
    containsSubset: [36m[Function (anonymous)][39m,
    doesNotContainSubset: [36m[Function (anonymous)][39m,
    ok: [36m[Function (anonymous)][39m,
    notOk: [36m[Function (anonymous)][39m,
    throw: [36m[Function (anonymous)][39m,
    Throw: [36m[Function (anonymous)][39m,
    extensible: [36m[Function (anonymous)][39m,
    notExtensible: [36m[Function (anonymous)][39m,
    sealed: [36m[Function (anonymous)][39m,
    notSealed: [36m[Function (anonymous)][39m,
    frozen: [36m[Function (anonymous)][39m,
    notFrozen: [36m[Function (anonymous)][39m,
    empty: [36m[Function (anonymous)][39m,
    notEmpty: [36m[Function (anonymous)][39m,
    isFunction: [36m[Function (anonymous)][39m,
    isNotFunction: [36m[Function (anonymous)][39m,
    containSubset: [36m[Function (anonymous)][39m
  },
  expectTypeOf: [36m[Function: expectTypeOf][39m,
  assertType: [36m[Function: assertType][39m,
  vitest: {
    useFakeTimers: [36m[Function: useFakeTimers][39m,
    isFakeTimers: [36m[Function: isFakeTimers][39m,
    useRealTimers: [36m[Function: useRealTimers][39m,
    runOnlyPendingTimers: [36m[Function: runOnlyPendingTimers][39m,
    runOnlyPendingTimersAsync: [36m[AsyncFunction: runOnlyPendingTimersAsync][39m,
    runAllTimers: [36m[Function: runAllTimers][39m,
    runAllTimersAsync: [36m[AsyncFunction: runAllTimersAsync][39m,
    runAllTicks: [36m[Function: runAllTicks][39m,
    advanceTimersByTime: [36m[Function: advanceTimersByTime][39m,
    advanceTimersByTimeAsync: [36m[AsyncFunction: advanceTimersByTimeAsync][39m,
    advanceTimersToNextTimer: [36m[Function: advanceTimersToNextTimer][39m,
    advanceTimersToNextTimerAsync: [36m[AsyncFunction: advanceTimersToNextTimerAsync][39m,
    advanceTimersToNextFrame: [36m[Function: advanceTimersToNextFrame][39m,
    getTimerCount: [36m[Function: getTimerCount][39m,
    setSystemTime: [36m[Function: setSystemTime][39m,
    getMockedSystemTime: [36m[Function: getMockedSystemTime][39m,
    getRealSystemTime: [36m[Function: getRealSystemTime][39m,
    clearAllTimers: [36m[Function: clearAllTimers][39m,
    spyOn: [36m[Function: spyOn][39m,
    fn: [36m[Function: fn][39m,
    waitFor: [36m[Function: waitFor][39m,
    waitUntil: [36m[Function: waitUntil][39m,
    hoisted: [36m[Function: hoisted][39m,
    mock: [36m[Function: mock][39m,
    unmock: [36m[Function: unmock][39m,
    doMock: [36m[Function: doMock][39m,
    doUnmock: [36m[Function: doUnmock][39m,
    importActual: [36m[AsyncFunction: importActual][39m,
    importMock: [36m[AsyncFunction: importMock][39m,
    mockObject: [36m[Function: mockObject][39m,
    mocked: [36m[Function: mocked][39m,
    isMockFunction: [36m[Function: isMockFunction][39m,
    clearAllMocks: [36m[Function: clearAllMocks][39m,
    resetAllMocks: [36m[Function: resetAllMocks][39m,
    restoreAllMocks: [36m[Function: restoreAllMocks][39m,
    stubGlobal: [36m[Function: stubGlobal][39m,
    stubEnv: [36m[Function: stubEnv][39m,
    unstubAllGlobals: [36m[Function: unstubAllGlobals][39m,
    unstubAllEnvs: [36m[Function: unstubAllEnvs][39m,
    resetModules: [36m[Function: resetModules][39m,
    dynamicImportSettled: [36m[AsyncFunction: dynamicImportSettled][39m,
    setConfig: [36m[Function: setConfig][39m,
    resetConfig: [36m[Function: resetConfig][39m
  },
  vi: {
    useFakeTimers: [36m[Function: useFakeTimers][39m,
    isFakeTimers: [36m[Function: isFakeTimers][39m,
    useRealTimers: [36m[Function: useRealTimers][39m,
    runOnlyPendingTimers: [36m[Function: runOnlyPendingTimers][39m,
    runOnlyPendingTimersAsync: [36m[AsyncFunction: runOnlyPendingTimersAsync][39m,
    runAllTimers: [36m[Function: runAllTimers][39m,
    runAllTimersAsync: [36m[AsyncFunction: runAllTimersAsync][39m,
    runAllTicks: [36m[Function: runAllTicks][39m,
    advanceTimersByTime: [36m[Function: advanceTimersByTime][39m,
    advanceTimersByTimeAsync: [36m[AsyncFunction: advanceTimersByTimeAsync][39m,
    advanceTimersToNextTimer: [36m[Function: advanceTimersToNextTimer][39m,
    advanceTimersToNextTimerAsync: [36m[AsyncFunction: advanceTimersToNextTimerAsync][39m,
    advanceTimersToNextFrame: [36m[Function: advanceTimersToNextFrame][39m,
    getTimerCount: [36m[Function: getTimerCount][39m,
    setSystemTime: [36m[Function: setSystemTime][39m,
    getMockedSystemTime: [36m[Function: getMockedSystemTime][39m,
    getRealSystemTime: [36m[Function: getRealSystemTime][39m,
    clearAllTimers: [36m[Function: clearAllTimers][39m,
    spyOn: [36m[Function: spyOn][39m,
    fn: [36m[Function: fn][39m,
    waitFor: [36m[Function: waitFor][39m,
    waitUntil: [36m[Function: waitUntil][39m,
    hoisted: [36m[Function: hoisted][39m,
    mock: [36m[Function: mock][39m,
    unmock: [36m[Function: unmock][39m,
    doMock: [36m[Function: doMock][39m,
    doUnmock: [36m[Function: doUnmock][39m,
    importActual: [36m[AsyncFunction: importActual][39m,
    importMock: [36m[AsyncFunction: importMock][39m,
    mockObject: [36m[Function: mockObject][39m,
    mocked: [36m[Function: mocked][39m,
    isMockFunction: [36m[Function: isMockFunction][39m,
    clearAllMocks: [36m[Function: clearAllMocks][39m,
    resetAllMocks: [36m[Function: resetAllMocks][39m,
    restoreAllMocks: [36m[Function: restoreAllMocks][39m,
    stubGlobal: [36m[Function: stubGlobal][39m,
    stubEnv: [36m[Function: stubEnv][39m,
    unstubAllGlobals: [36m[Function: unstubAllGlobals][39m,
    unstubAllEnvs: [36m[Function: unstubAllEnvs][39m,
    resetModules: [36m[Function: resetModules][39m,
    dynamicImportSettled: [36m[AsyncFunction: dynamicImportSettled][39m,
    setConfig: [36m[Function: setConfig][39m,
    resetConfig: [36m[Function: resetConfig][39m
  },
  beforeAll: [36m[Function: beforeAll][39m,
  afterAll: [36m[Function: afterAll][39m,
  beforeEach: [36m[Function: beforeEach][39m,
  afterEach: [36m[Function: afterEach][39m,
  onTestFinished: [36m[Function (anonymous)][39m,
  onTestFailed: [36m[Function (anonymous)][39m,
  __vitest_required__: {
    util: {
      _errnoException: [36m[Function: _errnoException][39m,
      _exceptionWithHostPort: [36m[Function: _exceptionWithHostPort][39m,
      _extend: [36m[Function: deprecated][39m,
      callbackify: [36m[Function: callbackify][39m,
      debug: [36m[Function: debuglog][39m,
      debuglog: [36m[Function: debuglog][39m,
      deprecate: [36m[Function: deprecate][39m,
      format: [36m[Function: format][39m,
      styleText: [36m[Function: styleText][39m,
      formatWithOptions: [36m[Function: formatWithOptions][39m,
      getCallSite: [36m[Function: deprecated][39m,
      getCallSites: [36m[Function: getCallSites][39m,
      getSystemErrorMap: [36m[Function: getSystemErrorMap][39m,
      getSystemErrorName: [36m[Function: getSystemErrorName][39m,
 [32mΓ£ô[39m src/components/__tests__/dye-preview-overlay.test.ts[2m > [22mDyePreviewOverlay[2m > [22mCanvas Container Setup[2m > [22mshould accept canvas container reference[32m 82[2mms[22m[39m
 [32mΓ£ô[39m src/components/__tests__/dye-preview-overlay.test.ts[2m > [22mDyePreviewOverlay[2m > [22mShow Preview[2m > [22mshould create overlay element when showing preview[32m 15[2mms[22m[39m
 [32mΓ£ô[39m src/components/__tests__/dye-preview-overlay.test.ts[2m > [22mDyePreviewOverlay[2m > [22mShow Preview[2m > [22mshould set proper ARIA attributes[32m 11[2mms[22m[39m
 [32mΓ£ô[39m src/components/__tests__/dye-preview-overlay.test.ts[2m > [22mDyePreviewOverlay[2m > [22mShow Preview[2m > [22mshould position overlay based on canvas coordinates[32m 16[2mms[22m[39m
 [32mΓ£ô[39m src/components/__tests__/dye-preview-overlay.test.ts[2m > [22mDyePreviewOverlay[2m > [22mShow Preview[2m > [22mshould display sampled color swatch[32m 26[2mms[22m[39m
 [32mΓ£ô[39m src/components/__tests__/color-matcher-tool.test.ts[2m > [22mColorMatcherTool[2m > [22mshowToast method[2m > [22mshould create toast container if not exists[32m 6[2mms[22m[39m
 [32mΓ£ô[39m src/components/__tests__/color-matcher-tool.test.ts[2m > [22mColorMatcherTool[2m > [22mshowToast method[2m > [22mshould display success toast with green background[32m 17[2mms[22m[39m
 [32mΓ£ô[39m src/components/__tests__/color-matcher-tool.test.ts[2m > [22mColorMatcherTool[2m > [22mshowToast method[2m > [22mshould display error toast with red background[32m 8[2mms[22m[39m
 [32mΓ£ô[39m src/components/__tests__/color-matcher-tool.test.ts[2m > [22mColorMatcherTool[2m > [22mshowToast method[2m > [22mshould display info toast with blue background[32m 7[2mms[22m[39m
 [32mΓ£ô[39m src/components/__tests__/color-matcher-tool.test.ts[2m > [22mColorMatcherTool[2m > [22mshowToast method[2m > [22mshould include message text in toast[32m 6[2mms[22m[39m
 [32mΓ£ô[39m src/components/__tests__/color-matcher-tool.test.ts[2m > [22mColorMatcherTool[2m > [22mgetState method[2m > [22mshould return matchedDyeCount[32m 6[2mms[22m[39m
 [32mΓ£ô[39m src/components/__tests__/color-matcher-tool.test.ts[2m > [22mColorMatcherTool[2m > [22mgetState method[2m > [22mshould return sampleSize[32m 9[2mms[22m[39m
 [32mΓ£ô[39m src/components/__tests__/color-matcher-tool.test.ts[2m > [22mColorMatcherTool[2m > [22mgetState method[2m > [22mshould return 0 for empty matchedDyes[32m 9[2mms[22m[39m
 [32mΓ£ô[39m src/components/__tests__/color-matcher-tool.test.ts[2m > [22mColorMatcherTool[2m > [22mevent handling[2m > [22mshould handle server-changed event[32m 9[2mms[22m[39m
 [32mΓ£ô[39m src/components/__tests__/color-matcher-tool.test.ts[2m > [22mColorMatcherTool[2m > [22mevent handling[2m > [22mshould handle categories-changed event[32m 6[2mms[22m[39m
 [32mΓ£ô[39m src/components/__tests__/dye-mixer-tool.test.ts[2m > [22mDyeMixerTool[2m > [22mtoggleSavedGradientsPanel method[2m > [22mshould update toggle button text[32m 17[2mms[22m[39m
 [31m├ù[39m src/components/__tests__/dye-mixer-tool.test.ts[2m > [22mDyeMixerTool[2m > [22mshowToast method[2m > [22mshould create toast container[32m 33[2mms[22m[39m
[31m   ΓåÆ instance.showToast is not a function[39m
 [31m├ù[39m src/components/__tests__/dye-mixer-tool.test.ts[2m > [22mDyeMixerTool[2m > [22mshowToast method[2m > [22mshould display message in toast[32m 15[2mms[22m[39m
[31m   ΓåÆ instance.showToast is not a function[39m
 [32mΓ£ô[39m src/components/__tests__/dye-mixer-tool.test.ts[2m > [22mDyeMixerTool[2m > [22mdisplaySavedGradients method[2m > [22mshould show no-saved-text when empty[32m 7[2mms[22m[39m
 [32mΓ£ô[39m src/components/__tests__/dye-mixer-tool.test.ts[2m > [22mDyeMixerTool[2m > [22mdisplaySavedGradients method[2m > [22mshould display saved gradients[32m 12[2mms[22m[39m
 [32mΓ£ô[39m src/components/__tests__/dye-mixer-tool.test.ts[2m > [22mDyeMixerTool[2m > [22mlifecycle[2m > [22mshould cleanup on destroy[32m 16[2mms[22m[39m
 [32mΓ£ô[39m src/components/__tests__/dye-comparison-tool.test.ts[2m > [22mDyeComparisonTool Component[2m > [22mupdateSummary method[2m > [22mshould show statistics for 2+ dyes[32m 24[2mms[22m[39m
 [32mΓ£ô[39m src/components/__tests__/dye-comparison-tool.test.ts[2m > [22mDyeComparisonTool Component[2m > [22mupdateSummary method[2m > [22mshould display prices when showPrices is true[32m 54[2mms[22m[39m
 [32mΓ£ô[39m src/components/__tests__/dye-comparison-tool.test.ts[2m > [22mDyeComparisonTool Component[2m > [22mupdateExport method[2m > [22mshould not render export section when no dyes[32m 5[2mms[22m[39m
 [32mΓ£ô[39m src/components/__tests__/dye-comparison-tool.test.ts[2m > [22mDyeComparisonTool Component[2m > [22mupdateExport method[2m > [22mshould render export buttons when dyes selected[32m 11[2mms[22m[39m
 [32mΓ£ô[39m src/components/__tests__/dye-comparison-tool.test.ts[2m > [22mDyeComparisonTool Component[2m > [22mupdateExport method[2m > [22mshould render export result textarea[32m 3[2mms[22m[39m
 [32mΓ£ô[39m src/components/__tests__/dye-comparison-tool.test.ts[2m > [22mDyeComparisonTool Component[2m > [22mupdateExport method[2m > [22mshould populate textarea when JSON button clicked[32m 6[2mms[22m[39m
 [32mΓ£ô[39m src/components/__tests__/dye-comparison-tool.test.ts[2m > [22mDyeComparisonTool Component[2m > [22mupdateExport method[2m > [22mshould populate textarea when CSS button clicked[32m 5[2mms[22m[39m
 [32mΓ£ô[39m src/components/__tests__/dye-filters.test.ts[2m > [22mDyeFilters[2m > [22mtoggle behavior[2m > [22mshould collapse filters on second click[32m 43[2mms[22m[39m
 [32mΓ£ô[39m src/components/__tests__/dye-filters.test.ts[2m > [22mDyeFilters[2m > [22mtoggle behavior[2m > [22mshould rotate chevron when expanded[32m 55[2mms[22m[39m
 [32mΓ£ô[39m src/components/__tests__/harmony-type.test.ts[2m > [22mHarmonyType Component[2m > [22mgetDyes function coverage[2m > [22mshould return dyes after update[32m 44[2mms[22m[39m
 [31m├ù[39m src/components/__tests__/harmony-type.test.ts[2m > [22mHarmonyType Component[2m > [22mgetState function coverage[2m > [22mshould return component state[32m 27[2mms[22m[39m
[31m   ΓåÆ expected undefined to be 1 // Object.is equality[39m
 [31m├ù[39m src/components/__tests__/harmony-type.test.ts[2m > [22mHarmonyType Component[2m > [22mgetState function coverage[2m > [22mshould return 0 dyeCount when no dyes[32m 3[2mms[22m[39m
[31m   ΓåÆ expected undefined to be +0 // Object.is equality[39m
 [31m├ù[39m src/components/__tests__/harmony-type.test.ts[2m > [22mHarmonyType Component[2m > [22mgetState function coverage[2m > [22mshould update state after updating dyes[32m 29[2mms[22m[39m
[31m   ΓåÆ expected undefined to be 2 // Object.is equality[39m
 [32mΓ£ô[39m src/components/__tests__/harmony-type.test.ts[2m > [22mHarmonyType Component[2m > [22mgetState function coverage[2m > [22mshould update state after updating base color[32m 3[2mms[22m[39m
 [32mΓ£ô[39m src/components/__tests__/harmony-type.test.ts[2m > [22mHarmonyType Component[2m > [22mgetDevianceColor function coverage[2m > [22mshould return green for very low deviance (Γëñ5)[32m 19[2mms[22m[39m
 [32mΓ£ô[39m src/components/__tests__/dye-selector.test.ts[2m > [22mDyeSelector[2m > [22mCategory Filtering[2m > [22mshould highlight active category button[32m 107[2mms[22m[39m
 [32mΓ£ô[39m src/components/__tests__/dye-selector.test.ts[2m > [22mDyeSelector[2m > [22mCategory Filtering[2m > [22mshould remove highlight from previously active category[32m 99[2mms[22m[39m
      getSystemErrorMessage: [36m[Function: getSystemErrorMessage][39m,
      inherits: [36m[Function: inherits][39m,
      inspect: [36m[Function][39m,
      isArray: [36m[Function: deprecated][39m,
      isBoolean: [36m[Function: deprecated][39m,
      isBuffer: [36m[Function: deprecated][39m,
      isDeepStrictEqual: [36m[Function: isDeepStrictEqual][39m,
      isNull: [36m[Function: deprecated][39m,
      isNullOrUndefined: [36m[Function: deprecated][39m,
      isNumber: [36m[Function: deprecated][39m,
      isString: [36m[Function: deprecated][39m,
      isSymbol: [36m[Function: deprecated][39m,
      isUndefined: [36m[Function: deprecated][39m,
      isRegExp: [36m[Function: deprecated][39m,
      isObject: [36m[Function: deprecated][39m,
      isDate: [36m[Function: deprecated][39m,
      isError: [36m[Function: deprecated][39m,
      isFunction: [36m[Function: deprecated][39m,
      isPrimitive: [36m[Function: deprecated][39m,
      log: [36m[Function: deprecated][39m,
      promisify: [36m[Function][39m,
      stripVTControlCharacters: [36m[Function: stripVTControlCharacters][39m,
      toUSVString: [36m[Function: toUSVString][39m,
      transferableAbortSignal: [36m[Getter][39m,
      transferableAbortController: [36m[Getter][39m,
      aborted: [36m[Getter][39m,
      types: [36m[Object][39m,
      parseEnv: [36m[Function: parseEnv][39m,
      parseArgs: [36m[Function: parseArgs][39m,
      TextDecoder: [36m[class TextDecoder][39m,
      TextEncoder: [36m[class TextEncoder][39m,
      MIMEType: [36m[class MIMEType][39m,
      MIMEParams: [36m[class MIMEParams][39m,
      diff: [36m[Function: diff][39m,
      setTraceSigInt: [36m[Function: setTraceSigInt][39m
    },
    timers: {
      setTimeout: [36m[Function][39m,
      clearTimeout: [36m[Function: clearTimeout][39m,
      setImmediate: [36m[Function][39m,
      clearImmediate: [36m[Function: clearImmediate][39m,
      setInterval: [36m[Function: setInterval][39m,
      clearInterval: [36m[Function: clearInterval][39m,
      _unrefActive: [36m[Function: deprecated][39m,
      active: [36m[Function: deprecated][39m,
      unenroll: [36m[Function: deprecated][39m,
      enroll: [36m[Function: deprecated][39m,
      promises: [36m[Getter][39m
    },
    timersPromises: {
      setTimeout: [36m[Function: setTimeout][39m,
      setImmediate: [36m[Function: setImmediate][39m,
      setInterval: [36m[AsyncGeneratorFunction: setInterval][39m,
      scheduler: [36m[Scheduler][39m
    }
  },
  ch: [33m107[39m,
  ResizeObserver: [36m[class ResizeObserverMock][39m,
  [[32mSymbol(vitest:SAFE_TIMERS)[39m]: {
    nextTick: [36m[Function: nextTick][39m,
    setTimeout: [Function: setTimeout] {
      [[32mSymbol(nodejs.util.promisify.custom)[39m]: [36m[Getter][39m
    },
    setInterval: [36m[Function: setInterval][39m,
    clearInterval: [36m[Function: clearInterval][39m,
    clearTimeout: [36m[Function: clearTimeout][39m,
    setImmediate: [Function: setImmediate] {
      [[32mSymbol(nodejs.util.promisify.custom)[39m]: [36m[Getter][39m
    },
    clearImmediate: [36m[Function: clearImmediate][39m,
    queueMicrotask: [36m[Function: queueMicrotask][39m
  }
}

[90mstderr[2m | src/components/__tests__/tutorial-spotlight.test.ts[2m > [22m[2mTutorialSpotlight[2m > 
[22m[2mInitialization[2m > [22m[2mshould be hidden initially
[22m[39mBaseComponent.on: Target is not HTMLElement, Document, or Window [36m<ref *1>[39m Object [global] {
  global: [36m[Circular *1][39m,
  clearImmediate: [Function: clearImmediate] {
    hadOwnProperty: [33mtrue[39m,
    clock: {
      now: [33m1764681223066[39m,
      Date: [36m[Function][39m,
      loopLimit: [33m10000[39m,
      Intl: [36m[Object][39m,
      requestIdleCallback: [36m[Function: requestIdleCallback][39m,
      cancelIdleCallback: [36m[Function: cancelIdleCallback][39m,
      setTimeout: [36m[Function][39m,
      clearTimeout: [36m[Function][39m,
      nextTick: [36m[Function: nextTick][39m,
      queueMicrotask: [36m[Function: queueMicrotask][39m,
      setInterval: [36m[Function][39m,
      clearInterval: [36m[Function][39m,
      setImmediate: [36m[Function][39m,
      clearImmediate: [36m[Function][39m,
      countTimers: [36m[Function: countTimers][39m,
      requestAnimationFrame: [36m[Function][39m,
      cancelAnimationFrame: [36m[Function][39m,
      runMicrotasks: [36m[Function: runMicrotasks][39m,
      tick: [36m[Function: tick][39m,
      tickAsync: [36m[Function: tickAsync][39m,
      next: [36m[Function: next][39m,
      nextAsync: [36m[Function: nextAsync][39m,
      runAll: [36m[Function: runAll][39m,
      runToFrame: [36m[Function: runToFrame][39m,
      runAllAsync: [36m[Function: runAllAsync][39m,
      runToLast: [36m[Function: runToLast][39m,
      runToLastAsync: [36m[Function: runToLastAsync][39m,
      reset: [36m[Function: reset][39m,
      setSystemTime: [36m[Function: setSystemTime][39m,
      jump: [36m[Function: jump][39m,
      performance: [36m[Object: null prototype][39m,
      hrtime: [36m[Function][39m,
      shouldClearNativeTimers: [33mtrue[39m,
      uninstall: [36m[Function (anonymous)][39m,
      abortListenerMap: Map(0) {},
      methods: [36m[Array][39m,
      _setTimeout: [36m[Function][39m,
      _clearTimeout: [36m[Function: clearTimeout][39m,
      _setInterval: [36m[Function: setInterval][39m,
      _clearInterval: [36m[Function: clearInterval][39m,
      _Date: [36m[Function: Date][39m,
      _setImmediate: [36m[Function][39m,
      _clearImmediate: [36m[Function: clearImmediate][39m,
      _hrtime: [36m[Function][39m,
      _performance: [36m[Performance][39m,
      _requestAnimationFrame: [36m[Function: bound ][39m,
      _cancelAnimationFrame: [36m[Function: bound ][39m,
      _Intl: Object [Intl] {}
    }
  },
  setImmediate: [Function: setImmediate] {
    hadOwnProperty: [33mtrue[39m,
    clock: {
      now: [33m1764681223066[39m,
      Date: [36m[Function][39m,
      loopLimit: [33m10000[39m,
      Intl: [36m[Object][39m,
      requestIdleCallback: [36m[Function: requestIdleCallback][39m,
      cancelIdleCallback: [36m[Function: cancelIdleCallback][39m,
      setTimeout: [36m[Function][39m,
      clearTimeout: [36m[Function][39m,
      nextTick: [36m[Function: nextTick][39m,
      queueMicrotask: [36m[Function: queueMicrotask][39m,
      setInterval: [36m[Function][39m,
      clearInterval: [36m[Function][39m,
      setImmediate: [36m[Function][39m,
      clearImmediate: [36m[Function][39m,
      countTimers: [36m[Function: countTimers][39m,
      requestAnimationFrame: [36m[Function][39m,
      cancelAnimationFrame: [36m[Function][39m,
      runMicrotasks: [36m[Function: runMicrotasks][39m,
      tick: [36m[Function: tick][39m,
      tickAsync: [36m[Function: tickAsync][39m,
      next: [36m[Function: next][39m,
      nextAsync: [36m[Function: nextAsync][39m,
      runAll: [36m[Function: runAll][39m,
      runToFrame: [36m[Function: runToFrame][39m,
      runAllAsync: [36m[Function: runAllAsync][39m,
      runToLast: [36m[Function: runToLast][39m,
      runToLastAsync: [36m[Function: runToLastAsync][39m,
      reset: [36m[Function: reset][39m,
      setSystemTime: [36m[Function: setSystemTime][39m,
      jump: [36m[Function: jump][39m,
      performance: [36m[Object: null prototype][39m,
      hrtime: [36m[Function][39m,
      shouldClearNativeTimers: [33mtrue[39m,
      uninstall: [36m[Function (anonymous)][39m,
      abortListenerMap: Map(0) {},
      methods: [36m[Array][39m,
      _setTimeout: [36m[Function][39m,
      _clearTimeout: [36m[Function: clearTimeout][39m,
      _setInterval: [36m[Function: setInterval][39m,
      _clearInterval: [36m[Function: clearInterval][39m,
      _Date: [36m[Function: Date][39m,
      _setImmediate: [36m[Function][39m,
      _clearImmediate: [36m[Function: clearImmediate][39m,
      _hrtime: [36m[Function][39m,
      _performance: [36m[Performance][39m,
      _requestAnimationFrame: [36m[Function: bound ][39m,
      _cancelAnimationFrame: [36m[Function: bound ][39m,
      _Intl: Object [Intl] {}
    },
    [[32mSymbol(nodejs.util.promisify.custom)[39m]: [36m[Function: promisifiedSetImmediate][39m
  },
  clearInterval: [Function: clearInterval] {
    hadOwnProperty: [33mtrue[39m,
    clock: {
      now: [33m1764681223066[39m,
      Date: [36m[Function][39m,
      loopLimit: [33m10000[39m,
      Intl: [36m[Object][39m,
      requestIdleCallback: [36m[Function: requestIdleCallback][39m,
      cancelIdleCallback: [36m[Function: cancelIdleCallback][39m,
      setTimeout: [36m[Function][39m,
      clearTimeout: [36m[Function][39m,
      nextTick: [36m[Function: nextTick][39m,
      queueMicrotask: [36m[Function: queueMicrotask][39m,
      setInterval: [36m[Function][39m,
      clearInterval: [36m[Function][39m,
      setImmediate: [36m[Function][39m,
      clearImmediate: [36m[Function][39m,
      countTimers: [36m[Function: countTimers][39m,
      requestAnimationFrame: [36m[Function][39m,
      cancelAnimationFrame: [36m[Function][39m,
      runMicrotasks: [36m[Function: runMicrotasks][39m,
      tick: [36m[Function: tick][39m,
      tickAsync: [36m[Function: tickAsync][39m,
      next: [36m[Function: next][39m,
      nextAsync: [36m[Function: nextAsync][39m,
      runAll: [36m[Function: runAll][39m,
      runToFrame: [36m[Function: runToFrame][39m,
      runAllAsync: [36m[Function: runAllAsync][39m,
      runToLast: [36m[Function: runToLast][39m,
      runToLastAsync: [36m[Function: runToLastAsync][39m,
      reset: [36m[Function: reset][39m,
      setSystemTime: [36m[Function: setSystemTime][39m,
      jump: [36m[Function: jump][39m,
      performance: [36m[Object: null prototype][39m,
      hrtime: [36m[Function][39m,
      shouldClearNativeTimers: [33mtrue[39m,
      uninstall: [36m[Function (anonymous)][39m,
      abortListenerMap: Map(0) {},
      methods: [36m[Array][39m,
      _setTimeout: [36m[Function][39m,
      _clearTimeout: [36m[Function: clearTimeout][39m,
      _setInterval: [36m[Function: setInterval][39m,
      _clearInterval: [36m[Function: clearInterval][39m,
      _Date: [36m[Function: Date][39m,
      _setImmediate: [36m[Function][39m,
      _clearImmediate: [36m[Function: clearImmediate][39m,
      _hrtime: [36m[Function][39m,
      _performance: [36m[Performance][39m,
      _requestAnimationFrame: [36m[Function: bound ][39m,
      _cancelAnimationFrame: [36m[Function: bound ][39m,
      _Intl: Object [Intl] {}
    }
  },
  clearTimeout: [Function: clearTimeout] {
    hadOwnProperty: [33mtrue[39m,
    clock: {
      now: [33m1764681223066[39m,
      Date: [36m[Function][39m,
      loopLimit: [33m10000[39m,
      Intl: [36m[Object][39m,
      requestIdleCallback: [36m[Function: requestIdleCallback][39m,
      cancelIdleCallback: [36m[Function: cancelIdleCallback][39m,
      setTimeout: [36m[Function][39m,
      clearTimeout: [36m[Function][39m,
      nextTick: [36m[Function: nextTick][39m,
      queueMicrotask: [36m[Function: queueMicrotask][39m,
      setInterval: [36m[Function][39m,
      clearInterval: [36m[Function][39m,
      setImmediate: [36m[Function][39m,
      clearImmediate: [36m[Function][39m,
      countTimers: [36m[Function: countTimers][39m,
      requestAnimationFrame: [36m[Function][39m,
      cancelAnimationFrame: [36m[Function][39m,
      runMicrotasks: [36m[Function: runMicrotasks][39m,
      tick: [36m[Function: tick][39m,
      tickAsync: [36m[Function: tickAsync][39m,
      next: [36m[Function: next][39m,
      nextAsync: [36m[Function: nextAsync][39m,
      runAll: [36m[Function: runAll][39m,
      runToFrame: [36m[Function: runToFrame][39m,
      runAllAsync: [36m[Function: runAllAsync][39m,
      runToLast: [36m[Function: runToLast][39m,
      runToLastAsync: [36m[Function: runToLastAsync][39m,
      reset: [36m[Function: reset][39m,
      setSystemTime: [36m[Function: setSystemTime][39m,
      jump: [36m[Function: jump][39m,
      performance: [36m[Object: null prototype][39m,
      hrtime: [36m[Function][39m,
      shouldClearNativeTimers: [33mtrue[39m,
      uninstall: [36m[Function (anonymous)][39m,
      abortListenerMap: Map(0) {},
      methods: [36m[Array][39m,
      _setTimeout: [36m[Function][39m,
      _clearTimeout: [36m[Function: clearTimeout][39m,
      _setInterval: [36m[Function: setInterval][39m,
      _clearInterval: [36m[Function: clearInterval][39m,
      _Date: [36m[Function: Date][39m,
      _setImmediate: [36m[Function][39m,
      _clearImmediate: [36m[Function: clearImmediate][39m,
      _hrtime: [36m[Function][39m,
      _performance: [36m[Performance][39m,
      _requestAnimationFrame: [36m[Function: bound ][39m,
      _cancelAnimationFrame: [36m[Function: bound ][39m,
      _Intl: Object [Intl] {}
    }
  },
  setInterval: [Function: setInterval] {
    hadOwnProperty: [33mtrue[39m,
    clock: {
      now: [33m1764681223066[39m,
      Date: [36m[Function][39m,
      loopLimit: [33m10000[39m,
      Intl: [36m[Object][39m,
      requestIdleCallback: [36m[Function: requestIdleCallback][39m,
      cancelIdleCallback: [36m[Function: cancelIdleCallback][39m,
      setTimeout: [36m[Function][39m,
      clearTimeout: [36m[Function][39m,
      nextTick: [36m[Function: nextTick][39m,
      queueMicrotask: [36m[Function: queueMicrotask][39m,
      setInterval: [36m[Function][39m,
      clearInterval: [36m[Function][39m,
      setImmediate: [36m[Function][39m,
      clearImmediate: [36m[Function][39m,
      countTimers: [36m[Function: countTimers][39m,
      requestAnimationFrame: [36m[Function][39m,
      cancelAnimationFrame: [36m[Function][39m,
      runMicrotasks: [36m[Function: runMicrotasks][39m,
      tick: [36m[Function: tick][39m,
      tickAsync: [36m[Function: tickAsync][39m,
      next: [36m[Function: next][39m,
      nextAsync: [36m[Function: nextAsync][39m,
      runAll: [36m[Function: runAll][39m,
      runToFrame: [36m[Function: runToFrame][39m,
      runAllAsync: [36m[Function: runAllAsync][39m,
      runToLast: [36m[Function: runToLast][39m,
      runToLastAsync: [36m[Function: runToLastAsync][39m,
      reset: [36m[Function: reset][39m,
      setSystemTime: [36m[Function: setSystemTime][39m,
      jump: [36m[Function: jump][39m,
      performance: [36m[Object: null prototype][39m,
      hrtime: [36m[Function][39m,
      shouldClearNativeTimers: [33mtrue[39m,
      uninstall: [36m[Function (anonymous)][39m,
      abortListenerMap: Map(0) {},
      methods: [36m[Array][39m,
      _setTimeout: [36m[Function][39m,
      _clearTimeout: [36m[Function: clearTimeout][39m,
      _setInterval: [36m[Function: setInterval][39m,
      _clearInterval: [36m[Function: clearInterval][39m,
      _Date: [36m[Function: Date][39m,
      _setImmediate: [36m[Function][39m,
      _clearImmediate: [36m[Function: clearImmediate][39m,
      _hrtime: [36m[Function][39m,
      _performance: [36m[Performance][39m,
      _requestAnimationFrame: [36m[Function: bound ][39m,
      _cancelAnimationFrame: [36m[Function: bound ][39m,
      _Intl: Object [Intl] {}
    }
  },
  setTimeout: [Function: setTimeout] {
    hadOwnProperty: [33mtrue[39m,
    clock: {
      now: [33m1764681223066[39m,
      Date: [36m[Function][39m,
      loopLimit: [33m10000[39m,
      Intl: [36m[Object][39m,
      requestIdleCallback: [36m[Function: requestIdleCallback][39m,
      cancelIdleCallback: [36m[Function: cancelIdleCallback][39m,
      setTimeout: [36m[Function][39m,
      clearTimeout: [36m[Function][39m,
      nextTick: [36m[Function: nextTick][39m,
      queueMicrotask: [36m[Function: queueMicrotask][39m,
      setInterval: [36m[Function][39m,
      clearInterval: [36m[Function][39m,
      setImmediate: [36m[Function][39m,
      clearImmediate: [36m[Function][39m,
      countTimers: [36m[Function: countTimers][39m,
      requestAnimationFrame: [36m[Function][39m,
      cancelAnimationFrame: [36m[Function][39m,
      runMicrotasks: [36m[Function: runMicrotasks][39m,
      tick: [36m[Function: tick][39m,
      tickAsync: [36m[Function: tickAsync][39m,
      next: [36m[Function: next][39m,
      nextAsync: [36m[Function: nextAsync][39m,
      runAll: [36m[Function: runAll][39m,
      runToFrame: [36m[Function: runToFrame][39m,
      runAllAsync: [36m[Function: runAllAsync][39m,
      runToLast: [36m[Function: runToLast][39m,
      runToLastAsync: [36m[Function: runToLastAsync][39m,
      reset: [36m[Function: reset][39m,
      setSystemTime: [36m[Function: setSystemTime][39m,
      jump: [36m[Function: jump][39m,
      performance: [36m[Object: null prototype][39m,
      hrtime: [36m[Function][39m,
      shouldClearNativeTimers: [33mtrue[39m,
      uninstall: [36m[Function (anonymous)][39m,
      abortListenerMap: Map(0) {},
      methods: [36m[Array][39m,
      _setTimeout: [36m[Function][39m,
      _clearTimeout: [36m[Function: clearTimeout][39m,
      _setInterval: [36m[Function: setInterval][39m,
      _clearInterval: [36m[Function: clearInterval][39m,
      _Date: [36m[Function: Date][39m,
      _setImmediate: [36m[Function][39m,
      _clearImmediate: [36m[Function: clearImmediate][39m,
      _hrtime: [36m[Function][39m,
      _performance: [36m[Performance][39m,
      _requestAnimationFrame: [36m[Function: bound ][39m,
      _cancelAnimationFrame: [36m[Function: bound ][39m,
      _Intl: Object [Intl] {}
    },
    [[32mSymbol(nodejs.util.promisify.custom)[39m]: [36m[Function: promisifiedSetTimeout][39m
  },
  queueMicrotask: [36m[Function: queueMicrotask][39m,
  structuredClone: [36m[Function: structuredClone][39m,
  atob: [36m[Function: atob][39m,
  btoa: [36m[Function: btoa][39m,
  performance: [36m[Getter/Setter][39m,
  fetch: [36m[Function: fetch][39m,
  navigator: [36m[Getter/Setter][39m,
  crypto: [36m[Getter][39m,
  window: [36m[Circular *1][39m,
  self: [36m[Circular *1][39m,
  top: [36m[Circular *1][39m,
  parent: [36m[Circular *1][39m,
  jsdom: JSDOM {
    [[32mSymbol(window)[39m]: [36m<ref *2>[39m Window {
      StyleSheet: [36m[Function: StyleSheet][39m,
      MediaList: [36m[Function: MediaList][39m,
      CSSStyleSheet: [36m[Function: CSSStyleSheet][39m,
      CSSRule: [36m[Function][39m,
      CSSStyleRule: [36m[Function][39m,
      CSSMediaRule: [36m[Function: CSSMediaRule][39m,
      CSSImportRule: [36m[Function: CSSImportRule][39m,
      CSSStyleDeclaration: [36m[class CSSStyleDeclaration][39m,
      XPathException: [36m[Function][39m,
      XPathExpression: [36m[Function: XPathExpression][39m,
      XPathResult: [36m[Function][39m,
      XPathEvaluator: [36m[Function: XPathEvaluator][39m,
      onafterprint: [36m[Getter/Setter][39m,
      onbeforeprint: [36m[Getter/Setter][39m,
      onbeforeunload: [36m[Getter/Setter][39m,
      onhashchange: [36m[Getter/Setter][39m,
      onlanguagechange: [36m[Getter/Setter][39m,
      onmessage: [36m[Getter/Setter][39m,
      onmessageerror: [36m[Getter/Setter][39m,
      onoffline: [36m[Getter/Setter][39m,
      ononline: [36m[Getter/Setter][39m,
      onpagehide: [36m[Getter/Setter][39m,
      onpageshow: [36m[Getter/Setter][39m,
      onpopstate: [36m[Getter/Setter][39m,
      onrejectionhandled: [36m[Getter/Setter][39m,
      onstorage: [36m[Getter/Setter][39m,
      onunhandledrejection: [36m[Getter/Setter][39m,
      onunload: [36m[Getter/Setter][39m,
      onblur: [36m[Getter/Setter][39m,
      onerror: [36m[Getter/Setter][39m,
      onfocus: [36m[Getter/Setter][39m,
      onload: [36m[Getter/Setter][39m,
      onresize: [36m[Getter/Setter][39m,
      onscroll: [36m[Getter/Setter][39m,
      onabort: [36m[Getter/Setter][39m,
      onauxclick: [36m[Getter/Setter][39m,
      onbeforeinput: [36m[Getter/Setter][39m,
      onbeforematch: [36m[Getter/Setter][39m,
      onbeforetoggle: [36m[Getter/Setter][39m,
      oncancel: [36m[Getter/Setter][39m,
      oncanplay: [36m[Getter/Setter][39m,
      oncanplaythrough: [36m[Getter/Setter][39m,
      onchange: [36m[Getter/Setter][39m,
      onclick: [36m[Getter/Setter][39m,
      onclose: [36m[Getter/Setter][39m,
      oncontextlost: [36m[Getter/Setter][39m,
      oncontextmenu: [36m[Getter/Setter][39m,
      oncontextrestored: [36m[Getter/Setter][39m,
      oncopy: [36m[Getter/Setter][39m,
      oncuechange: [36m[Getter/Setter][39m,
      oncut: [36m[Getter/Setter][39m,
      ondblclick: [36m[Getter/Setter][39m,
      ondrag: [36m[Getter/Setter][39m,
      ondragend: [36m[Getter/Setter][39m,
      ondragenter: [36m[Getter/Setter][39m,
      ondragleave: [36m[Getter/Setter][39m,
      ondragover: [36m[Getter/Setter][39m,
      ondragstart: [36m[Getter/Setter][39m,
      ondrop: [36m[Getter/Setter][39m,
      ondurationchange: [36m[Getter/Setter][39m,
      onemptied: [36m[Getter/Setter][39m,
      onended: [36m[Getter/Setter][39m,
      onformdata: [36m[Getter/Setter][39m,
      oninput: [36m[Getter/Setter][39m,
      oninvalid: [36m[Getter/Setter][39m,
      onkeydown: [36m[Getter/Setter][39m,
      onkeypress: [36m[Getter/Setter][39m,
      onkeyup: [36m[Getter/Setter][39m,
      onloadeddata: [36m[Getter/Setter][39m,
      onloadedmetadata: [36m[Getter/Setter][39m,
      onloadstart: [36m[Getter/Setter][39m,
      onmousedown: [36m[Getter/Setter][39m,
      onmouseenter: [36m[Getter/Setter][39m,
      onmouseleave: [36m[Getter/Setter][39m,
      onmousemove: [36m[Getter/Setter][39m,
      onmouseout: [36m[Getter/Setter][39m,
      onmouseover: [36m[Getter/Setter][39m,
      onmouseup: [36m[Getter/Setter][39m,
      onpaste: [36m[Getter/Setter][39m,
      onpause: [36m[Getter/Setter][39m,
      onplay: [36m[Getter/Setter][39m,
      onplaying: [36m[Getter/Setter][39m,
      onprogress: [36m[Getter/Setter][39m,
      onratechange: [36m[Getter/Setter][39m,
      onreset: [36m[Getter/Setter][39m,
      onscrollend: [36m[Getter/Setter][39m,
      onsecuritypolicyviolation: [36m[Getter/Setter][39m,
      onseeked: [36m[Getter/Setter][39m,
      onseeking: [36m[Getter/Setter][39m,
      onselect: [36m[Getter/Setter][39m,
      onslotchange: [36m[Getter/Setter][39m,
      onstalled: [36m[Getter/Setter][39m,
      onsubmit: [36m[Getter/Setter][39m,
      onsuspend: [36m[Getter/Setter][39m,
      ontimeupdate: [36m[Getter/Setter][39m,
      ontoggle: [36m[Getter/Setter][39m,
      onvolumechange: [36m[Getter/Setter][39m,
      onwaiting: [36m[Getter/Setter][39m,
      onwebkitanimationend: [36m[Getter/Setter][39m,
      onwebkitanimationiteration: [36m[Getter/Setter][39m,
      onwebkitanimationstart: [36m[Getter/Setter][39m,
      onwebkittransitionend: [36m[Getter/Setter][39m,
      onwheel: [36m[Getter/Setter][39m,
      ontouchstart: [36m[Getter/Setter][39m,
      ontouchend: [36m[Getter/Setter][39m,
      ontouchmove: [36m[Getter/Setter][39m,
      ontouchcancel: [36m[Getter/Setter][39m,
      _registeredHandlers: Set(0) {},
      _eventHandlers: [Object: null prototype] {},
      onautocomplete: [36m[Getter/Setter][39m,
      onautocompleteerror: [36m[Getter/Setter][39m,
      onsort: [36m[Getter/Setter][39m,
      _globalObject: [36m[Circular *2][39m,
      _resourceLoader: [36m[NoOpResourceLoader][39m,
      _globalProxy: [36m[Object [Window]][39m,
      _document: [36m[Document][39m,
      _origin: [32m'http://localhost:3000'[39m,
      _sessionHistory: [36m[SessionHistory][39m,
      _virtualConsole: [36m[VirtualConsole][39m,
      _runScripts: [32m'dangerously'[39m,
      _top: [36m[Object [Window]][39m,
      _parent: [36m[Object [Window]][39m,
      _frameElement: [1mnull[22m,
      _length: [33m0[39m,
      _currentEvent: [90mundefined[39m,
      _pretendToBeVisual: [33mtrue[39m,
      _storageQuota: [33m5000000[39m,
      _commonForOrigin: [36m[Object][39m,
      _currentOriginData: [36m[Object][39m,
      _localStorage: Storage {},
      _sessionStorage: Storage {},
      _selection: [36m[SelectionImpl][39m,
      getSelection: [36m[Function (anonymous)][39m,
      _customElementRegistry: CustomElementRegistry {},
      length: [36m[Getter/Setter][39m,
      window: [36m[Getter][39m,
      frameElement: [36m[Getter][39m,
      frames: [36m[Getter/Setter][39m,
      self: [36m[Getter/Setter][39m,
      parent: [36m[Getter/Setter][39m,
      top: [36m[Getter][39m,
      document: [36m[Getter][39m,
      external: [36m[Getter/Setter][39m,
      location: [36m[Getter/Setter][39m,
      history: [36m[Getter][39m,
      navigator: [36m[Getter][39m,
      locationbar: [36m[Getter/Setter][39m,
      menubar: [36m[Getter/Setter][39m,
      personalbar: [36m[Getter/Setter][39m,
      scrollbars: [36m[Getter/Setter][39m,
      statusbar: [36m[Getter/Setter][39m,
      toolbar: [36m[Getter/Setter][39m,
      performance: [36m[Getter][39m,
      screen: [36m[Getter/Setter][39m,
      crypto: [36m[Getter][39m,
      origin: [36m[Getter/Setter][39m,
      localStorage: [36m[Getter][39m,
      sessionStorage: [36m[Getter][39m,
      customElements: [36m[Getter][39m,
      event: [36m[Getter/Setter][39m,
      setTimeout: [36m[Function (anonymous)][39m,
      setInterval: [36m[Function (anonymous)][39m,
      clearTimeout: [36m[Function (anonymous)][39m,
      clearInterval: [36m[Function (anonymous)][39m,
      queueMicrotask: [36m[Function (anonymous)][39m,
      requestAnimationFrame: [36m[Function (anonymous)][39m,
      cancelAnimationFrame: [36m[Function (anonymous)][39m,
      postMessage: [36m[Function (anonymous)][39m,
      atob: [36m[Function (anonymous)][39m,
      btoa: [36m[Function (anonymous)][39m,
      stop: [36m[Function (anonymous)][39m,
      close: [36m[Function (anonymous)][39m,
      getComputedStyle: [36m[Function (anonymous)][39m,
      captureEvents: [36m[Function (anonymous)][39m,
      releaseEvents: [36m[Function (anonymous)][39m,
      console: [36m[Object][39m,
      name: [32m''[39m,
      status: [32m''[39m,
      devicePixelRatio: [33m1[39m,
      innerWidth: [33m1024[39m,
      innerHeight: [33m768[39m,
      outerWidth: [33m1024[39m,
      outerHeight: [33m768[39m,
      pageXOffset: [33m0[39m,
      pageYOffset: [33m0[39m,
      screenX: [33m0[39m,
      screenLeft: [33m0[39m,
      screenY: [33m0[39m,
      screenTop: [33m0[39m,
      scrollX: [33m0[39m,
      scrollY: [33m0[39m,
      alert: [36m[Function (anonymous)][39m,
      blur: [36m[Function (anonymous)][39m,
      confirm: [36m[Function (anonymous)][39m,
      focus: [36m[Function (anonymous)][39m,
      moveBy: [36m[Function (anonymous)][39m,
      moveTo: [36m[Function (anonymous)][39m,
      open: [36m[Function (anonymous)][39m,
      print: [36m[Function (anonymous)][39m,
      prompt: [36m[Function (anonymous)][39m,
      resizeBy: [36m[Function (anonymous)][39m,
      resizeTo: [36m[Function (anonymous)][39m,
      scroll: [36m[Function (anonymous)][39m,
      scrollBy: [36m[Function (anonymous)][39m,
      scrollTo: [36m[Function (anonymous)][39m,
      [32m'test-container'[39m: [36m[Getter/Setter][39m,
      [32m'tutorial-target'[39m: [36m[Getter/Setter][39m,
      [[32mSymbol([webidl2js] constructor registry)[39m]: [36m[Object: null prototype][39m,
      [[32mSymbol(named property tracker)[39m]: [36m[NamedPropertiesTracker][39m
    }
  },
  suite: [Function: chain] {
    each: [36m[Function (anonymous)][39m,
    for: [36m[Function (anonymous)][39m,
    skipIf: [36m[Function (anonymous)][39m,
    runIf: [36m[Function (anonymous)][39m,
    withContext: [36m[Function (anonymous)][39m,
    setContext: [36m[Function (anonymous)][39m,
    mergeContext: [36m[Function (anonymous)][39m,
    fn: [Function: suiteFn] {
      each: [36m[Function (anonymous)][39m,
      for: [36m[Function (anonymous)][39m,
      skipIf: [36m[Function (anonymous)][39m,
      runIf: [36m[Function (anonymous)][39m
    }
  },
  test: [Function: chain] {
    each: [36m[Function (anonymous)][39m,
    for: [36m[Function (anonymous)][39m,
    skipIf: [36m[Function (anonymous)][39m,
    runIf: [36m[Function (anonymous)][39m,
    scoped: [36m[Function (anonymous)][39m,
    extend: [36m[Function (anonymous)][39m,
    beforeEach: [36m[Function: beforeEach][39m,
    afterEach: [36m[Function: afterEach][39m,
    beforeAll: [36m[Function: beforeAll][39m,
    afterAll: [36m[Function: afterAll][39m,
    withContext: [36m[Function (anonymous)][39m,
    setContext: [36m[Function (anonymous)][39m,
    mergeContext: [36m[Function (anonymous)][39m,
    fn: [Function (anonymous)] {
      each: [36m[Function (anonymous)][39m,
      for: [36m[Function (anonymous)][39m,
      skipIf: [36m[Function (anonymous)][39m,
      runIf: [36m[Function (anonymous)][39m,
      scoped: [36m[Function (anonymous)][39m,
      extend: [36m[Function (anonymous)][39m,
      beforeEach: [36m[Function: beforeEach][39m,
      afterEach: [36m[Function: afterEach][39m,
      beforeAll: [36m[Function: beforeAll][39m,
      afterAll: [36m[Function: afterAll][39m
    }
  },
  describe: [Function: chain] {
    each: [36m[Function (anonymous)][39m,
    for: [36m[Function (anonymous)][39m,
    skipIf: [36m[Function (anonymous)][39m,
    runIf: [36m[Function (anonymous)][39m,
    withContext: [36m[Function (anonymous)][39m,
    setContext: [36m[Function (anonymous)][39m,
    mergeContext: [36m[Function (anonymous)][39m,
    fn: [Function: suiteFn] {
      each: [36m[Function (anonymous)][39m,
      for: [36m[Function (anonymous)][39m,
      skipIf: [36m[Function (anonymous)][39m,
      runIf: [36m[Function (anonymous)][39m
    }
  },
  it: [Function: chain] {
    each: [36m[Function (anonymous)][39m,
    for: [36m[Function (anonymous)][39m,
    skipIf: [36m[Function (anonymous)][39m,
    runIf: [36m[Function (anonymous)][39m,
    scoped: [36m[Function (anonymous)][39m,
    extend: [36m[Function (anonymous)][39m,
    beforeEach: [36m[Function: beforeEach][39m,
    afterEach: [36m[Function: afterEach][39m,
    beforeAll: [36m[Function: beforeAll][39m,
    afterAll: [36m[Function: afterAll][39m,
    withContext: [36m[Function (anonymous)][39m,
    setContext: [36m[Function (anonymous)][39m,
    mergeContext: [36m[Function (anonymous)][39m,
    fn: [Function (anonymous)] {
      each: [36m[Function (anonymous)][39m,
      for: [36m[Function (anonymous)][39m,
      skipIf: [36m[Function (anonymous)][39m,
      runIf: [36m[Function (anonymous)][39m,
      scoped: [36m[Function (anonymous)][39m,
      extend: [36m[Function (anonymous)][39m,
      beforeEach: [36m[Function: beforeEach][39m,
      afterEach: [36m[Function: afterEach][39m,
      beforeAll: [36m[Function: beforeAll][39m,
      afterAll: [36m[Function: afterAll][39m
    }
  },
  chai: [Module: null prototype] {
    Assertion: [36m[class Assertion][39m,
    AssertionError: [36m[class AssertionError extends Error][39m,
    Should: [36m[Function: loadShould][39m,
    assert: [Function: assert] {
      fail: [36m[Function (anonymous)][39m,
      isOk: [36m[Function (anonymous)][39m,
      isNotOk: [36m[Function (anonymous)][39m,
      equal: [36m[Function (anonymous)][39m,
      notEqual: [36m[Function (anonymous)][39m,
      strictEqual: [36m[Function (anonymous)][39m,
      notStrictEqual: [36m[Function (anonymous)][39m,
      deepStrictEqual: [36m[Function (anonymous)][39m,
      deepEqual: [36m[Function (anonymous)][39m,
      notDeepEqual: [36m[Function (anonymous)][39m,
      isAbove: [36m[Function (anonymous)][39m,
      isAtLeast: [36m[Function (anonymous)][39m,
      isBelow: [36m[Function (anonymous)][39m,
      isAtMost: [36m[Function (anonymous)][39m,
      isTrue: [36m[Function (anonymous)][39m,
      isNotTrue: [36m[Function (anonymous)][39m,
      isFalse: [36m[Function (anonymous)][39m,
      isNotFalse: [36m[Function (anonymous)][39m,
      isNull: [36m[Function (anonymous)][39m,
      isNotNull: [36m[Function (anonymous)][39m,
      isNaN: [36m[Function (anonymous)][39m,
      isNotNaN: [36m[Function (anonymous)][39m,
      exists: [36m[Function (anonymous)][39m,
      notExists: [36m[Function (anonymous)][39m,
      isUndefined: [36m[Function (anonymous)][39m,
      isDefined: [36m[Function (anonymous)][39m,
      isCallable: [36m[Function (anonymous)][39m,
      isNotCallable: [36m[Function (anonymous)][39m,
      isObject: [36m[Function (anonymous)][39m,
      isNotObject: [36m[Function (anonymous)][39m,
      isArray: [36m[Function (anonymous)][39m,
      isNotArray: [36m[Function (anonymous)][39m,
      isString: [36m[Function (anonymous)][39m,
      isNotString: [36m[Function (anonymous)][39m,
      isNumber: [36m[Function (anonymous)][39m,
      isNotNumber: [36m[Function (anonymous)][39m,
      isNumeric: [36m[Function (anonymous)][39m,
      isNotNumeric: [36m[Function (anonymous)][39m,
      isFinite: [36m[Function (anonymous)][39m,
      isBoolean: [36m[Function (anonymous)][39m,
      isNotBoolean: [36m[Function (anonymous)][39m,
      typeOf: [36m[Function (anonymous)][39m,
      notTypeOf: [36m[Function (anonymous)][39m,
      instanceOf: [36m[Function (anonymous)][39m,
      notInstanceOf: [36m[Function (anonymous)][39m,
      include: [36m[Function (anonymous)][39m,
      notInclude: [36m[Function (anonymous)][39m,
      deepInclude: [36m[Function (anonymous)][39m,
      notDeepInclude: [36m[Function (anonymous)][39m,
      nestedInclude: [36m[Function (anonymous)][39m,
      notNestedInclude: [36m[Function (anonymous)][39m,
      deepNestedInclude: [36m[Function (anonymous)][39m,
      notDeepNestedInclude: [36m[Function (anonymous)][39m,
      ownInclude: [36m[Function (anonymous)][39m,
      notOwnInclude: [36m[Function (anonymous)][39m,
      deepOwnInclude: [36m[Function (anonymous)][39m,
      notDeepOwnInclude: [36m[Function (anonymous)][39m,
      match: [36m[Function (anonymous)][39m,
      notMatch: [36m[Function (anonymous)][39m,
      property: [36m[Function (anonymous)][39m,
      notProperty: [36m[Function (anonymous)][39m,
      propertyVal: [36m[Function (anonymous)][39m,
      notPropertyVal: [36m[Function (anonymous)][39m,
      deepPropertyVal: [36m[Function (anonymous)][39m,
      notDeepPropertyVal: [36m[Function (anonymous)][39m,
      ownProperty: [36m[Function (anonymous)][39m,
      notOwnProperty: [36m[Function (anonymous)][39m,
      ownPropertyVal: [36m[Function (anonymous)][39m,
      notOwnPropertyVal: [36m[Function (anonymous)][39m,
      deepOwnPropertyVal: [36m[Function (anonymous)][39m,
      notDeepOwnPropertyVal: [36m[Function (anonymous)][39m,
      nestedProperty: [36m[Function (anonymous)][39m,
      notNestedProperty: [36m[Function (anonymous)][39m,
      nestedPropertyVal: [36m[Function (anonymous)][39m,
      notNestedPropertyVal: [36m[Function (anonymous)][39m,
      deepNestedPropertyVal: [36m[Function (anonymous)][39m,
      notDeepNestedPropertyVal: [36m[Function (anonymous)][39m,
      lengthOf: [36m[Function (anonymous)][39m,
      hasAnyKeys: [36m[Function (anonymous)][39m,
      hasAllKeys: [36m[Function (anonymous)][39m,
      containsAllKeys: [36m[Function (anonymous)][39m,
      doesNotHaveAnyKeys: [36m[Function (anonymous)][39m,
      doesNotHaveAllKeys: [36m[Function (anonymous)][39m,
      hasAnyDeepKeys: [36m[Function (anonymous)][39m,
      hasAllDeepKeys: [36m[Function (anonymous)][39m,
      containsAllDeepKeys: [36m[Function (anonymous)][39m,
      doesNotHaveAnyDeepKeys: [36m[Function (anonymous)][39m,
      doesNotHaveAllDeepKeys: [36m[Function (anonymous)][39m,
      throws: [36m[Function (anonymous)][39m,
      doesNotThrow: [36m[Function (anonymous)][39m,
      operator: [36m[Function (anonymous)][39m,
      closeTo: [36m[Function (anonymous)][39m,
      approximately: [36m[Function (anonymous)][39m,
      sameMembers: [36m[Function (anonymous)][39m,
      notSameMembers: [36m[Function (anonymous)][39m,
      sameDeepMembers: [36m[Function (anonymous)][39m,
      notSameDeepMembers: [36m[Function (anonymous)][39m,
      sameOrderedMembers: [36m[Function (anonymous)][39m,
      notSameOrderedMembers: [36m[Function (anonymous)][39m,
      sameDeepOrderedMembers: [36m[Function (anonymous)][39m,
      notSameDeepOrderedMembers: [36m[Function (anonymous)][39m,
      includeMembers: [36m[Function (anonymous)][39m,
      notIncludeMembers: [36m[Function (anonymous)][39m,
      includeDeepMembers: [36m[Function (anonymous)][39m,
      notIncludeDeepMembers: [36m[Function (anonymous)][39m,
      includeOrderedMembers: [36m[Function (anonymous)][39m,
      notIncludeOrderedMembers: [36m[Function (anonymous)][39m,
      includeDeepOrderedMembers: [36m[Function (anonymous)][39m,
      notIncludeDeepOrderedMembers: [36m[Function (anonymous)][39m,
      oneOf: [36m[Function (anonymous)][39m,
      isIterable: [36m[Function (anonymous)][39m,
      changes: [36m[Function (anonymous)][39m,
      changesBy: [36m[Function (anonymous)][39m,
      doesNotChange: [36m[Function (anonymous)][39m,
      changesButNotBy: [36m[Function (anonymous)][39m,
      increases: [36m[Function (anonymous)][39m,
      increasesBy: [36m[Function (anonymous)][39m,
      doesNotIncrease: [36m[Function (anonymous)][39m,
      increasesButNotBy: [36m[Function (anonymous)][39m,
      decreases: [36m[Function (anonymous)][39m,
      decreasesBy: [36m[Function (anonymous)][39m,
      doesNotDecrease: [36m[Function (anonymous)][39m,
      doesNotDecreaseBy: [36m[Function (anonymous)][39m,
      decreasesButNotBy: [36m[Function (anonymous)][39m,
      ifError: [36m[Function (anonymous)][39m,
      isExtensible: [36m[Function (anonymous)][39m,
      isNotExtensible: [36m[Function (anonymous)][39m,
      isSealed: [36m[Function (anonymous)][39m,
      isNotSealed: [36m[Function (anonymous)][39m,
      isFrozen: [36m[Function (anonymous)][39m,
      isNotFrozen: [36m[Function (anonymous)][39m,
      isEmpty: [36m[Function (anonymous)][39m,
      isNotEmpty: [36m[Function (anonymous)][39m,
      containsSubset: [36m[Function (anonymous)][39m,
      doesNotContainSubset: [36m[Function (anonymous)][39m,
      ok: [36m[Function (anonymous)][39m,
      notOk: [36m[Function (anonymous)][39m,
      throw: [36m[Function (anonymous)][39m,
      Throw: [36m[Function (anonymous)][39m,
      extensible: [36m[Function (anonymous)][39m,
      notExtensible: [36m[Function (anonymous)][39m,
      sealed: [36m[Function (anonymous)][39m,
      notSealed: [36m[Function (anonymous)][39m,
      frozen: [36m[Function (anonymous)][39m,
      notFrozen: [36m[Function (anonymous)][39m,
      empty: [36m[Function (anonymous)][39m,
      notEmpty: [36m[Function (anonymous)][39m,
      isFunction: [36m[Function (anonymous)][39m,
      isNotFunction: [36m[Function (anonymous)][39m,
      containSubset: [36m[Function (anonymous)][39m
    },
    config: {
      includeStack: [33mfalse[39m,
      showDiff: [33mtrue[39m,
      truncateThreshold: [33m40[39m,
      useProxy: [33mtrue[39m,
      proxyExcludedKeys: [36m[Array][39m,
      deepEqual: [1mnull[22m
    },
    expect: [Function: expect] {
      fail: [36m[Function (anonymous)][39m,
      extend: [36m[Function: methodWrapper][39m,
      addSnapshotSerializer: [36m[Function: methodWrapper][39m,
      anything: [36m[Function: methodWrapper][39m,
      any: [36m[Function: methodWrapper][39m,
      stringContaining: [36m[Function: methodWrapper][39m,
      objectContaining: [36m[Function: methodWrapper][39m,
      arrayContaining: [36m[Function: methodWrapper][39m,
      stringMatching: [36m[Function: methodWrapper][39m,
      closeTo: [36m[Function: methodWrapper][39m,
      schemaMatching: [36m[Function: methodWrapper][39m,
      not: [36m[Object][39m,
      __flags: [36m[Object: null prototype][39m
    },
    should: [36m[Function: loadShould][39m,
    use: [36m[Function: use][39m,
    util: {
      addChainableMethod: [36m[Getter][39m,
      addLengthGuard: [36m[Getter][39m,
      addMethod: [36m[Getter][39m,
      addProperty: [36m[Getter][39m,
      checkError: [36m[Getter][39m,
      compareByInspect: [36m[Getter][39m,
      eql: [36m[Getter][39m,
      events: [36m[Getter][39m,
      expectTypes: [36m[Getter][39m,
      flag: [36m[Getter][39m,
      getActual: [36m[Getter][39m,
      getMessage: [36m[Getter][39m,
      getName: [36m[Getter][39m,
      getOperator: [36m[Getter][39m,
      getOwnEnumerableProperties: [36m[Getter][39m,
      getOwnEnumerablePropertySymbols: [36m[Getter][39m,
      getPathInfo: [36m[Getter][39m,
      hasProperty: [36m[Getter][39m,
      inspect: [36m[Getter][39m,
      isNaN: [36m[Getter][39m,
      isNumeric: [36m[Getter][39m,
      isProxyEnabled: [36m[Getter][39m,
      isRegExp: [36m[Getter][39m,
      objDisplay: [36m[Getter][39m,
      overwriteChainableMethod: [36m[Getter][39m,
      overwriteMethod: [36m[Getter][39m,
      overwriteProperty: [36m[Getter][39m,
      proxify: [36m[Getter][39m,
      test: [36m[Getter][39m,
      transferFlags: [36m[Getter][39m,
      type: [36m[Getter][39m
    }
  },
  expect: [Function: expect] {
    fail: [36m[Function (anonymous)][39m,
    extend: [36m[Function (anonymous)][39m,
    addSnapshotSerializer: [36m[Function: methodWrapper][39m,
    anything: [36m[Function: methodWrapper][39m,
    any: [36m[Function: methodWrapper][39m,
    stringContaining: [36m[Function: methodWrapper][39m,
    objectContaining: [36m[Function: methodWrapper][39m,
    arrayContaining: [36m[Function: methodWrapper][39m,
    stringMatching: [36m[Function: methodWrapper][39m,
    closeTo: [36m[Function: methodWrapper][39m,
    schemaMatching: [36m[Function: methodWrapper][39m,
    not: {
      stringContaining: [36m[Function: stringContaining][39m,
      objectContaining: [36m[Function: objectContaining][39m,
      arrayContaining: [36m[Function: arrayContaining][39m,
      stringMatching: [36m[Function: stringMatching][39m,
      closeTo: [36m[Function: closeTo][39m,
      schemaMatching: [36m[Function: schemaMatching][39m,
      toSatisfy: [36m[Function: value][39m,
      toBeOneOf: [36m[Function: value][39m
    },
    getState: [36m[Function (anonymous)][39m,
    setState: [36m[Function (anonymous)][39m,
    assert: [Function: assert] {
      fail: [36m[Function (anonymous)][39m,
      isOk: [36m[Function (anonymous)][39m,
      isNotOk: [36m[Function (anonymous)][39m,
      equal: [36m[Function (anonymous)][39m,
      notEqual: [36m[Function (anonymous)][39m,
      strictEqual: [36m[Function (anonymous)][39m,
      notStrictEqual: [36m[Function (anonymous)][39m,
      deepStrictEqual: [36m[Function (anonymous)][39m,
      deepEqual: [36m[Function (anonymous)][39m,
      notDeepEqual: [36m[Function (anonymous)][39m,
      isAbove: [36m[Function (anonymous)][39m,
      isAtLeast: [36m[Function (anonymous)][39m,
      isBelow: [36m[Function (anonymous)][39m,
      isAtMost: [36m[Function (anonymous)][39m,
      isTrue: [36m[Function (anonymous)][39m,
      isNotTrue: [36m[Function (anonymous)][39m,
      isFalse: [36m[Function (anonymous)][39m,
      isNotFalse: [36m[Function (anonymous)][39m,
      isNull: [36m[Function (anonymous)][39m,
      isNotNull: [36m[Function (anonymous)][39m,
      isNaN: [36m[Function (anonymous)][39m,
      isNotNaN: [36m[Function (anonymous)][39m,
      exists: [36m[Function (anonymous)][39m,
      notExists: [36m[Function (anonymous)][39m,
      isUndefined: [36m[Function (anonymous)][39m,
      isDefined: [36m[Function (anonymous)][39m,
      isCallable: [36m[Function (anonymous)][39m,
      isNotCallable: [36m[Function (anonymous)][39m,
      isObject: [36m[Function (anonymous)][39m,
      isNotObject: [36m[Function (anonymous)][39m,
      isArray: [36m[Function (anonymous)][39m,
      isNotArray: [36m[Function (anonymous)][39m,
      isString: [36m[Function (anonymous)][39m,
      isNotString: [36m[Function (anonymous)][39m,
      isNumber: [36m[Function (anonymous)][39m,
      isNotNumber: [36m[Function (anonymous)][39m,
      isNumeric: [36m[Function (anonymous)][39m,
      isNotNumeric: [36m[Function (anonymous)][39m,
      isFinite: [36m[Function (anonymous)][39m,
      isBoolean: [36m[Function (anonymous)][39m,
      isNotBoolean: [36m[Function (anonymous)][39m,
      typeOf: [36m[Function (anonymous)][39m,
      notTypeOf: [36m[Function (anonymous)][39m,
      instanceOf: [36m[Function (anonymous)][39m,
      notInstanceOf: [36m[Function (anonymous)][39m,
      include: [36m[Function (anonymous)][39m,
      notInclude: [36m[Function (anonymous)][39m,
      deepInclude: [36m[Function (anonymous)][39m,
      notDeepInclude: [36m[Function (anonymous)][39m,
      nestedInclude: [36m[Function (anonymous)][39m,
      notNestedInclude: [36m[Function (anonymous)][39m,
      deepNestedInclude: [36m[Function (anonymous)][39m,
      notDeepNestedInclude: [36m[Function (anonymous)][39m,
      ownInclude: [36m[Function (anonymous)][39m,
      notOwnInclude: [36m[Function (anonymous)][39m,
      deepOwnInclude: [36m[Function (anonymous)][39m,
      notDeepOwnInclude: [36m[Function (anonymous)][39m,
      match: [36m[Function (anonymous)][39m,
      notMatch: [36m[Function (anonymous)][39m,
      property: [36m[Function (anonymous)][39m,
      notProperty: [36m[Function (anonymous)][39m,
      propertyVal: [36m[Function (anonymous)][39m,
      notPropertyVal: [36m[Function (anonymous)][39m,
      deepPropertyVal: [36m[Function (anonymous)][39m,
      notDeepPropertyVal: [36m[Function (anonymous)][39m,
      ownProperty: [36m[Function (anonymous)][39m,
      notOwnProperty: [36m[Function (anonymous)][39m,
      ownPropertyVal: [36m[Function (anonymous)][39m,
      notOwnPropertyVal: [36m[Function (anonymous)][39m,
      deepOwnPropertyVal: [36m[Function (anonymous)][39m,
      notDeepOwnPropertyVal: [36m[Function (anonymous)][39m,
      nestedProperty: [36m[Function (anonymous)][39m,
      notNestedProperty: [36m[Function (anonymous)][39m,
      nestedPropertyVal: [36m[Function (anonymous)][39m,
      notNestedPropertyVal: [36m[Function (anonymous)][39m,
      deepNestedPropertyVal: [36m[Function (anonymous)][39m,
      notDeepNestedPropertyVal: [36m[Function (anonymous)][39m,
      lengthOf: [36m[Function (anonymous)][39m,
      hasAnyKeys: [36m[Function (anonymous)][39m,
      hasAllKeys: [36m[Function (anonymous)][39m,
      containsAllKeys: [36m[Function (anonymous)][39m,
      doesNotHaveAnyKeys: [36m[Function (anonymous)][39m,
      doesNotHaveAllKeys: [36m[Function (anonymous)][39m,
      hasAnyDeepKeys: [36m[Function (anonymous)][39m,
      hasAllDeepKeys: [36m[Function (anonymous)][39m,
      containsAllDeepKeys: [36m[Function (anonymous)][39m,
      doesNotHaveAnyDeepKeys: [36m[Function (anonymous)][39m,
      doesNotHaveAllDeepKeys: [36m[Function (anonymous)][39m,
      throws: [36m[Function (anonymous)][39m,
      doesNotThrow: [36m[Function (anonymous)][39m,
      operator: [36m[Function (anonymous)][39m,
      closeTo: [36m[Function (anonymous)][39m,
      approximately: [36m[Function (anonymous)][39m,
      sameMembers: [36m[Function (anonymous)][39m,
      notSameMembers: [36m[Function (anonymous)][39m,
      sameDeepMembers: [36m[Function (anonymous)][39m,
      notSameDeepMembers: [36m[Function (anonymous)][39m,
      sameOrderedMembers: [36m[Function (anonymous)][39m,
      notSameOrderedMembers: [36m[Function (anonymous)][39m,
      sameDeepOrderedMembers: [36m[Function (anonymous)][39m,
      notSameDeepOrderedMembers: [36m[Function (anonymous)][39m,
      includeMembers: [36m[Function (anonymous)][39m,
      notIncludeMembers: [36m[Function (anonymous)][39m,
      includeDeepMembers: [36m[Function (anonymous)][39m,
      notIncludeDeepMembers: [36m[Function (anonymous)][39m,
      includeOrderedMembers: [36m[Function (anonymous)][39m,
      notIncludeOrderedMembers: [36m[Function (anonymous)][39m,
      includeDeepOrderedMembers: [36m[Function (anonymous)][39m,
      notIncludeDeepOrderedMembers: [36m[Function (anonymous)][39m,
      oneOf: [36m[Function (anonymous)][39m,
      isIterable: [36m[Function (anonymous)][39m,
      changes: [36m[Function (anonymous)][39m,
      changesBy: [36m[Function (anonymous)][39m,
      doesNotChange: [36m[Function (anonymous)][39m,
      changesButNotBy: [36m[Function (anonymous)][39m,
      increases: [36m[Function (anonymous)][39m,
      increasesBy: [36m[Function (anonymous)][39m,
      doesNotIncrease: [36m[Function (anonymous)][39m,
      increasesButNotBy: [36m[Function (anonymous)][39m,
      decreases: [36m[Function (anonymous)][39m,
      decreasesBy: [36m[Function (anonymous)][39m,
      doesNotDecrease: [36m[Function (anonymous)][39m,
      doesNotDecreaseBy: [36m[Function (anonymous)][39m,
      decreasesButNotBy: [36m[Function (anonymous)][39m,
      ifError: [36m[Function (anonymous)][39m,
      isExtensible: [36m[Function (anonymous)][39m,
      isNotExtensible: [36m[Function (anonymous)][39m,
      isSealed: [36m[Function (anonymous)][39m,
      isNotSealed: [36m[Function (anonymous)][39m,
      isFrozen: [36m[Function (anonymous)][39m,
      isNotFrozen: [36m[Function (anonymous)][39m,
      isEmpty: [36m[Function (anonymous)][39m,
      isNotEmpty: [36m[Function (anonymous)][39m,
      containsSubset: [36m[Function (anonymous)][39m,
      doesNotContainSubset: [36m[Function (anonymous)][39m,
      ok: [36m[Function (anonymous)][39m,
      notOk: [36m[Function (anonymous)][39m,
      throw: [36m[Function (anonymous)][39m,
      Throw: [36m[Function (anonymous)][39m,
      extensible: [36m[Function (anonymous)][39m,
      notExtensible: [36m[Function (anonymous)][39m,
      sealed: [36m[Function (anonymous)][39m,
      notSealed: [36m[Function (anonymous)][39m,
      frozen: [36m[Function (anonymous)][39m,
      notFrozen: [36m[Function (anonymous)][39m,
      empty: [36m[Function (anonymous)][39m,
      notEmpty: [36m[Function (anonymous)][39m,
      isFunction: [36m[Function (anonymous)][39m,
      isNotFunction: [36m[Function (anonymous)][39m,
      containSubset: [36m[Function (anonymous)][39m
    },
    addEqualityTesters: [36m[Function (anonymous)][39m,
    soft: [36m[Function (anonymous)][39m,
    poll: [36m[Function: poll][39m,
    unreachable: [36m[Function (anonymous)][39m,
    assertions: [36m[Function: methodWrapper][39m,
    hasAssertions: [36m[Function: methodWrapper][39m,
    toSatisfy: [36m[Function: customMatcher][39m,
    toBeOneOf: [36m[Function: customMatcher][39m
  },
  assert: [Function: assert] {
    fail: [36m[Function (anonymous)][39m,
    isOk: [36m[Function (anonymous)][39m,
    isNotOk: [36m[Function (anonymous)][39m,
    equal: [36m[Function (anonymous)][39m,
    notEqual: [36m[Function (anonymous)][39m,
    strictEqual: [36m[Function (anonymous)][39m,
    notStrictEqual: [36m[Function (anonymous)][39m,
    deepStrictEqual: [36m[Function (anonymous)][39m,
    deepEqual: [36m[Function (anonymous)][39m,
    notDeepEqual: [36m[Function (anonymous)][39m,
    isAbove: [36m[Function (anonymous)][39m,
    isAtLeast: [36m[Function (anonymous)][39m,
    isBelow: [36m[Function (anonymous)][39m,
    isAtMost: [36m[Function (anonymous)][39m,
    isTrue: [36m[Function (anonymous)][39m,
    isNotTrue: [36m[Function (anonymous)][39m,
    isFalse: [36m[Function (anonymous)][39m,
    isNotFalse: [36m[Function (anonymous)][39m,
    isNull: [36m[Function (anonymous)][39m,
    isNotNull: [36m[Function (anonymous)][39m,
    isNaN: [36m[Function (anonymous)][39m,
    isNotNaN: [36m[Function (anonymous)][39m,
    exists: [36m[Function (anonymous)][39m,
    notExists: [36m[Function (anonymous)][39m,
    isUndefined: [36m[Function (anonymous)][39m,
    isDefined: [36m[Function (anonymous)][39m,
    isCallable: [36m[Function (anonymous)][39m,
    isNotCallable: [36m[Function (anonymous)][39m,
    isObject: [36m[Function (anonymous)][39m,
    isNotObject: [36m[Function (anonymous)][39m,
    isArray: [36m[Function (anonymous)][39m,
    isNotArray: [36m[Function (anonymous)][39m,
    isString: [36m[Function (anonymous)][39m,
    isNotString: [36m[Function (anonymous)][39m,
    isNumber: [36m[Function (anonymous)][39m,
    isNotNumber: [36m[Function (anonymous)][39m,
    isNumeric: [36m[Function (anonymous)][39m,
    isNotNumeric: [36m[Function (anonymous)][39m,
    isFinite: [36m[Function (anonymous)][39m,
    isBoolean: [36m[Function (anonymous)][39m,
    isNotBoolean: [36m[Function (anonymous)][39m,
    typeOf: [36m[Function (anonymous)][39m,
    notTypeOf: [36m[Function (anonymous)][39m,
    instanceOf: [36m[Function (anonymous)][39m,
    notInstanceOf: [36m[Function (anonymous)][39m,
    include: [36m[Function (anonymous)][39m,
    notInclude: [36m[Function (anonymous)][39m,
    deepInclude: [36m[Function (anonymous)][39m,
    notDeepInclude: [36m[Function (anonymous)][39m,
    nestedInclude: [36m[Function (anonymous)][39m,
    notNestedInclude: [36m[Function (anonymous)][39m,
    deepNestedInclude: [36m[Function (anonymous)][39m,
    notDeepNestedInclude: [36m[Function (anonymous)][39m,
    ownInclude: [36m[Function (anonymous)][39m,
    notOwnInclude: [36m[Function (anonymous)][39m,
    deepOwnInclude: [36m[Function (anonymous)][39m,
    notDeepOwnInclude: [36m[Function (anonymous)][39m,
    match: [36m[Function (anonymous)][39m,
    notMatch: [36m[Function (anonymous)][39m,
    property: [36m[Function (anonymous)][39m,
    notProperty: [36m[Function (anonymous)][39m,
    propertyVal: [36m[Function (anonymous)][39m,
    notPropertyVal: [36m[Function (anonymous)][39m,
    deepPropertyVal: [36m[Function (anonymous)][39m,
    notDeepPropertyVal: [36m[Function (anonymous)][39m,
    ownProperty: [36m[Function (anonymous)][39m,
    notOwnProperty: [36m[Function (anonymous)][39m,
    ownPropertyVal: [36m[Function (anonymous)][39m,
    notOwnPropertyVal: [36m[Function (anonymous)][39m,
    deepOwnPropertyVal: [36m[Function (anonymous)][39m,
    notDeepOwnPropertyVal: [36m[Function (anonymous)][39m,
    nestedProperty: [36m[Function (anonymous)][39m,
    notNestedProperty: [36m[Function (anonymous)][39m,
    nestedPropertyVal: [36m[Function (anonymous)][39m,
    notNestedPropertyVal: [36m[Function (anonymous)][39m,
    deepNestedPropertyVal: [36m[Function (anonymous)][39m,
    notDeepNestedPropertyVal: [36m[Function (anonymous)][39m,
    lengthOf: [36m[Function (anonymous)][39m,
    hasAnyKeys: [36m[Function (anonymous)][39m,
    hasAllKeys: [36m[Function (anonymous)][39m,
    containsAllKeys: [36m[Function (anonymous)][39m,
    doesNotHaveAnyKeys: [36m[Function (anonymous)][39m,
    doesNotHaveAllKeys: [36m[Function (anonymous)][39m,
    hasAnyDeepKeys: [36m[Function (anonymous)][39m,
    hasAllDeepKeys: [36m[Function (anonymous)][39m,
    containsAllDeepKeys: [36m[Function (anonymous)][39m,
    doesNotHaveAnyDeepKeys: [36m[Function (anonymous)][39m,
    doesNotHaveAllDeepKeys: [36m[Function (anonymous)][39m,
    throws: [36m[Function (anonymous)][39m,
    doesNotThrow: [36m[Function (anonymous)][39m,
    operator: [36m[Function (anonymous)][39m,
    closeTo: [36m[Function (anonymous)][39m,
    approximately: [36m[Function (anonymous)][39m,
    sameMembers: [36m[Function (anonymous)][39m,
    notSameMembers: [36m[Function (anonymous)][39m,
    sameDeepMembers: [36m[Function (anonymous)][39m,
    notSameDeepMembers: [36m[Function (anonymous)][39m,
    sameOrderedMembers: [36m[Function (anonymous)][39m,
    notSameOrderedMembers: [36m[Function (anonymous)][39m,
    sameDeepOrderedMembers: [36m[Function (anonymous)][39m,
    notSameDeepOrderedMembers: [36m[Function (anonymous)][39m,
    includeMembers: [36m[Function (anonymous)][39m,
    notIncludeMembers: [36m[Function (anonymous)][39m,
    includeDeepMembers: [36m[Function (anonymous)][39m,
    notIncludeDeepMembers: [36m[Function (anonymous)][39m,
    includeOrderedMembers: [36m[Function (anonymous)][39m,
    notIncludeOrderedMembers: [36m[Function (anonymous)][39m,
    includeDeepOrderedMembers: [36m[Function (anonymous)][39m,
    notIncludeDeepOrderedMembers: [36m[Function (anonymous)][39m,
    oneOf: [36m[Function (anonymous)][39m,
    isIterable: [36m[Function (anonymous)][39m,
    changes: [36m[Function (anonymous)][39m,
    changesBy: [36m[Function (anonymous)][39m,
    doesNotChange: [36m[Function (anonymous)][39m,
    changesButNotBy: [36m[Function (anonymous)][39m,
    increases: [36m[Function (anonymous)][39m,
    increasesBy: [36m[Function (anonymous)][39m,
    doesNotIncrease: [36m[Function (anonymous)][39m,
    increasesButNotBy: [36m[Function (anonymous)][39m,
    decreases: [36m[Function (anonymous)][39m,
    decreasesBy: [36m[Function (anonymous)][39m,
    doesNotDecrease: [36m[Function (anonymous)][39m,
    doesNotDecreaseBy: [36m[Function (anonymous)][39m,
    decreasesButNotBy: [36m[Function (anonymous)][39m,
    ifError: [36m[Function (anonymous)][39m,
    isExtensible: [36m[Function (anonymous)][39m,
    isNotExtensible: [36m[Function (anonymous)][39m,
    isSealed: [36m[Function (anonymous)][39m,
    isNotSealed: [36m[Function (anonymous)][39m,
    isFrozen: [36m[Function (anonymous)][39m,
    isNotFrozen: [36m[Function (anonymous)][39m,
    isEmpty: [36m[Function (anonymous)][39m,
    isNotEmpty: [36m[Function (anonymous)][39m,
    containsSubset: [36m[Function (anonymous)][39m,
    doesNotContainSubset: [36m[Function (anonymous)][39m,
    ok: [36m[Function (anonymous)][39m,
    notOk: [36m[Function (anonymous)][39m,
    throw: [36m[Function (anonymous)][39m,
    Throw: [36m[Function (anonymous)][39m,
    extensible: [36m[Function (anonymous)][39m,
    notExtensible: [36m[Function (anonymous)][39m,
    sealed: [36m[Function (anonymous)][39m,
    notSealed: [36m[Function (anonymous)][39m,
    frozen: [36m[Function (anonymous)][39m,
    notFrozen: [36m[Function (anonymous)][39m,
    empty: [36m[Function (anonymous)][39m,
    notEmpty: [36m[Function (anonymous)][39m,
    isFunction: [36m[Function (anonymous)][39m,
    isNotFunction: [36m[Function (anonymous)][39m,
    containSubset: [36m[Function (anonymous)][39m
  },
  expectTypeOf: [36m[Function: expectTypeOf][39m,
  assertType: [36m[Function: assertType][39m,
  vitest: {
    useFakeTimers: [36m[Function: useFakeTimers][39m,
    isFakeTimers: [36m[Function: isFakeTimers][39m,
    useRealTimers: [36m[Function: useRealTimers][39m,
    runOnlyPendingTimers: [36m[Function: runOnlyPendingTimers][39m,
    runOnlyPendingTimersAsync: [36m[AsyncFunction: runOnlyPendingTimersAsync][39m,
    runAllTimers: [36m[Function: runAllTimers][39m,
    runAllTimersAsync: [36m[AsyncFunction: runAllTimersAsync][39m,
    runAllTicks: [36m[Function: runAllTicks][39m,
    advanceTimersByTime: [36m[Function: advanceTimersByTime][39m,
    advanceTimersByTimeAsync: [36m[AsyncFunction: advanceTimersByTimeAsync][39m,
    advanceTimersToNextTimer: [36m[Function: advanceTimersToNextTimer][39m,
    advanceTimersToNextTimerAsync: [36m[AsyncFunction: advanceTimersToNextTimerAsync][39m,
    advanceTimersToNextFrame: [36m[Function: advanceTimersToNextFrame][39m,
    getTimerCount: [36m[Function: getTimerCount][39m,
    setSystemTime: [36m[Function: setSystemTime][39m,
    getMockedSystemTime: [36m[Function: getMockedSystemTime][39m,
    getRealSystemTime: [36m[Function: getRealSystemTime][39m,
    clearAllTimers: [36m[Function: clearAllTimers][39m,
    spyOn: [36m[Function: spyOn][39m,
    fn: [36m[Function: fn][39m,
    waitFor: [36m[Function: waitFor][39m,
    waitUntil: [36m[Function: waitUntil][39m,
    hoisted: [36m[Function: hoisted][39m,
    mock: [36m[Function: mock][39m,
    unmock: [36m[Function: unmock][39m,
    doMock: [36m[Function: doMock][39m,
    doUnmock: [36m[Function: doUnmock][39m,
    importActual: [36m[AsyncFunction: importActual][39m,
    importMock: [36m[AsyncFunction: importMock][39m,
    mockObject: [36m[Function: mockObject][39m,
    mocked: [36m[Function: mocked][39m,
    isMockFunction: [36m[Function: isMockFunction][39m,
    clearAllMocks: [36m[Function: clearAllMocks][39m,
    resetAllMocks: [36m[Function: resetAllMocks][39m,
    restoreAllMocks: [36m[Function: restoreAllMocks][39m,
    stubGlobal: [36m[Function: stubGlobal][39m,
    stubEnv: [36m[Function: stubEnv][39m,
    unstubAllGlobals: [36m[Function: unstubAllGlobals][39m,
    unstubAllEnvs: [36m[Function: unstubAllEnvs][39m,
    resetModules: [36m[Function: resetModules][39m,
    dynamicImportSettled: [36m[AsyncFunction: dynamicImportSettled][39m,
    setConfig: [36m[Function: setConfig][39m,
    resetConfig: [36m[Function: resetConfig][39m
  },
  vi: {
    useFakeTimers: [36m[Function: useFakeTimers][39m,
    isFakeTimers: [36m[Function: isFakeTimers][39m,
    useRealTimers: [36m[Function: useRealTimers][39m,
    runOnlyPendingTimers: [36m[Function: runOnlyPendingTimers][39m,
    runOnlyPendingTimersAsync: [36m[AsyncFunction: runOnlyPendingTimersAsync][39m,
    runAllTimers: [36m[Function: runAllTimers][39m,
    runAllTimersAsync: [36m[AsyncFunction: runAllTimersAsync][39m,
    runAllTicks: [36m[Function: runAllTicks][39m,
    advanceTimersByTime: [36m[Function: advanceTimersByTime][39m,
    advanceTimersByTimeAsync: [36m[AsyncFunction: advanceTimersByTimeAsync][39m,
    advanceTimersToNextTimer: [36m[Function: advanceTimersToNextTimer][39m,
    advanceTimersToNextTimerAsync: [36m[AsyncFunction: advanceTimersToNextTimerAsync][39m,
    advanceTimersToNextFrame: [36m[Function: advanceTimersToNextFrame][39m,
    getTimerCount: [36m[Function: getTimerCount][39m,
    setSystemTime: [36m[Function: setSystemTime][39m,
    getMockedSystemTime: [36m[Function: getMockedSystemTime][39m,
    getRealSystemTime: [36m[Function: getRealSystemTime][39m,
    clearAllTimers: [36m[Function: clearAllTimers][39m,
    spyOn: [36m[Function: spyOn][39m,
    fn: [36m[Function: fn][39m,
    waitFor: [36m[Function: waitFor][39m,
    waitUntil: [36m[Function: waitUntil][39m,
    hoisted: [36m[Function: hoisted][39m,
    mock: [36m[Function: mock][39m,
    unmock: [36m[Function: unmock][39m,
    doMock: [36m[Function: doMock][39m,
    doUnmock: [36m[Function: doUnmock][39m,
    importActual: [36m[AsyncFunction: importActual][39m,
    importMock: [36m[AsyncFunction: importMock][39m,
    mockObject: [36m[Function: mockObject][39m,
    mocked: [36m[Function: mocked][39m,
    isMockFunction: [36m[Function: isMockFunction][39m,
    clearAllMocks: [36m[Function: clearAllMocks][39m,
    resetAllMocks: [36m[Function: resetAllMocks][39m,
    restoreAllMocks: [36m[Function: restoreAllMocks][39m,
    stubGlobal: [36m[Function: stubGlobal][39m,
    stubEnv: [36m[Function: stubEnv][39m,
    unstubAllGlobals: [36m[Function: unstubAllGlobals][39m,
    unstubAllEnvs: [36m[Function: unstubAllEnvs][39m,
    resetModules: [36m[Function: resetModules][39m,
    dynamicImportSettled: [36m[AsyncFunction: dynamicImportSettled][39m,
    setConfig: [36m[Function: setConfig][39m,
    resetConfig: [36m[Function: resetConfig][39m
  },
  beforeAll: [36m[Function: beforeAll][39m,
  afterAll: [36m[Function: afterAll][39m,
  beforeEach: [36m[Function: beforeEach][39m,
  afterEach: [36m[Function: afterEach][39m,
  onTestFinished: [36m[Function (anonymous)][39m,
  onTestFailed: [36m[Function (anonymous)][39m,
  __vitest_required__: {
    util: {
      _errnoException: [36m[Function: _errnoException][39m,
      _exceptionWithHostPort: [36m[Function: _exceptionWithHostPort][39m,
      _extend: [36m[Function: deprecated][39m,
      callbackify: [36m[Function: callbackify][39m,
      debug: [36m[Function: debuglog][39m,
      debuglog: [36m[Function: debuglog][39m,
      deprecate: [36m[Function: deprecate][39m,
      format: [36m[Function: format][39m,
      styleText: [36m[Function: styleText][39m,
      formatWithOptions: [36m[Function: formatWithOptions][39m,
      getCallSite: [36m[Function: deprecated][39m,
      getCallSites: [36m[Function: getCallSites][39m,
      getSystemErrorMap: [36m[Function: getSystemErrorMap][39m,
      getSystemErrorName: [36m[Function: getSystemErrorName][39m,
      getSystemErrorMessage: [36m[Function: getSystemErrorMessage][39m,
      inherits: [36m[Function: inherits][39m,
      inspect: [36m[Function][39m,
      isArray: [36m[Function: deprecated][39m,
      isBoolean: [36m[Function: deprecated][39m,
      isBuffer: [36m[Function: deprecated][39m,
      isDeepStrictEqual: [36m[Function: isDeepStrictEqual][39m,
      isNull: [36m[Function: deprecated][39m,
      isNullOrUndefined: [36m[Function: deprecated][39m,
      isNumber: [36m[Function: deprecated][39m,
      isString: [36m[Function: deprecated][39m,
      isSymbol: [36m[Function: deprecated][39m,
      isUndefined: [36m[Function: deprecated][39m,
      isRegExp: [36m[Function: deprecated][39m,
      isObject: [36m[Function: deprecated][39m,
      isDate: [36m[Function: deprecated][39m,
      isError: [36m[Function: deprecated][39m,
      isFunction: [36m[Function: deprecated][39m,
      isPrimitive: [36m[Function: deprecated][39m,
      log: [36m[Function: deprecated][39m,
      promisify: [36m[Function][39m,
      stripVTControlCharacters: [36m[Function: stripVTControlCharacters][39m,
      toUSVString: [36m[Function: toUSVString][39m,
      transferableAbortSignal: [36m[Getter][39m,
      transferableAbortController: [36m[Getter][39m,
      aborted: [36m[Getter][39m,
      types: [36m[Object][39m,
      parseEnv: [36m[Function: parseEnv][39m,
      parseArgs: [36m[Function: parseArgs][39m,
      TextDecoder: [36m[class TextDecoder][39m,
      TextEncoder: [36m[class TextEncoder][39m,
      MIMEType: [36m[class MIMEType][39m,
      MIMEParams: [36m[class MIMEParams][39m,
      diff: [36m[Function: diff][39m,
      setTraceSigInt: [36m[Function: setTraceSigInt][39m
    },
    timers: {
      setTimeout: [36m[Function][39m,
      clearTimeout: [36m[Function: clearTimeout][39m,
      setImmediate: [36m[Function][39m,
      clearImmediate: [36m[Function: clearImmediate][39m,
      setInterval: [36m[Function: setInterval][39m,
      clearInterval: [36m[Function: clearInterval][39m,
      _unrefActive: [36m[Function: deprecated][39m,
      active: [36m[Function: deprecated][39m,
      unenroll: [36m[Function: deprecated][39m,
      enroll: [36m[Function: deprecated][39m,
      promises: [36m[Getter][39m
    },
    timersPromises: {
      setTimeout: [36m[Function: setTimeout][39m,
      setImmediate: [36m[Function: setImmediate][39m,
      setInterval: [36m[AsyncGeneratorFunction: setInterval][39m,
      scheduler: [36m[Scheduler][39m
    }
  },
  ch: [33m107[39m,
  ResizeObserver: [36m[class ResizeObserverMock][39m,
  [[32mSymbol(vitest:SAFE_TIMERS)[39m]: {
    nextTick: [36m[Function: nextTick][39m,
    setTimeout: [Function: setTimeout] {
      [[32mSymbol(nodejs.util.promisify.custom)[39m]: [36m[Getter][39m
    },
    setInterval: [36m[Function: setInterval][39m,
    clearInterval: [36m[Function: clearInterval][39m,
    clearTimeout: [36m[Function: clearTimeout][39m,
    setImmediate: [Function: setImmediate] {
      [[32mSymbol(nodejs.util.promisify.custom)[39m]: [36m[Getter][39m
    },
    clearImmediate: [36m[Function: clearImmediate][39m,
    queueMicrotask: [36m[Function: queueMicrotask][39m
  }
}

[90mstdout[2m | src/components/__tests__/color-matcher-tool.test.ts[2m > [22m[2mColorMatcherTool[2m > [22m[2mlifecycle[2m > [22m[2mshould cleanup on destroy
[22m[39mDEBUG: render started

 [32mΓ£ô[39m src/components/__tests__/dye-mixer-tool.test.ts[2m > [22mDyeMixerTool[2m > [22mlifecycle[2m > [22mshould handle update cycle[32m 18[2mms[22m[39m
 [32mΓ£ô[39m src/components/__tests__/dye-mixer-tool.test.ts[2m > [22mDyeMixerTool[2m > [22mevent handling[2m > [22mshould handle selection-changed event[32m 7[2mms[22m[39m
 [32mΓ£ô[39m src/components/__tests__/dye-mixer-tool.test.ts[2m > [22mDyeMixerTool[2m > [22mevent handling[2m > [22mshould handle HSV radio change[32m 11[2mms[22m[39m
 [32mΓ£ô[39m src/components/__tests__/dye-mixer-tool.test.ts[2m > [22mDyeMixerTool[2m > [22mcalculateInterpolation branches[2m > [22mshould handle hue wraparound in HSV mode[32m 24[2mms[22m[39m
 [32mΓ£ô[39m src/components/__tests__/dye-mixer-tool.test.ts[2m > [22mDyeMixerTool[2m > [22mcalculateInterpolation branches[2m > [22mshould handle single step case[32m 10[2mms[22m[39m
 [32mΓ£ô[39m src/components/__tests__/dye-mixer-tool.test.ts[2m > [22mDyeMixerTool[2m > [22mcalculateInterpolation branches[2m > [22mshould handle null matchedDye[32m 6[2mms[22m[39m
 [31m├ù[39m src/components/__tests__/dye-mixer-tool.test.ts[2m > [22mDyeMixerTool[2m > [22msaveGradient branches[2m > [22mshould show error when less than 2 dyes[32m 8[2mms[22m[39m
[31m   ΓåÆ The property "showToast" is not defined on the object.[39m
 [32mΓ£ô[39m src/components/__tests__/dye-mixer-tool.test.ts[2m > [22mDyeMixerTool[2m > [22msaveGradient branches[2m > [22mshould return early when prompt cancelled[32m 9[2mms[22m[39m
 [31m├ù[39m src/components/__tests__/dye-mixer-tool.test.ts[2m > [22mDyeMixerTool[2m > [22mloadSavedGradient branches[2m > [22mshould show error for invalid index[32m 7[2mms[22m[39m
[31m   ΓåÆ The property "showToast" is not defined on the object.[39m
 [31m├ù[39m src/components/__tests__/dye-mixer-tool.test.ts[2m > [22mDyeMixerTool[2m > [22mloadSavedGradient branches[2m > [22mshould show error when dye not found[32m 13[2mms[22m[39m
[31m   ΓåÆ The property "showToast" is not defined on the object.[39m
 [32mΓ£ô[39m src/components/__tests__/dye-comparison-tool.test.ts[2m > [22mDyeComparisonTool Component[2m > [22mevent handling[2m > [22mshould update selectedDyes on selection-changed event[32m 34[2mms[22m[39m
 [32mΓ£ô[39m src/components/__tests__/dye-comparison-tool.test.ts[2m > [22mDyeComparisonTool Component[2m > [22mevent handling[2m > [22mshould handle toggle-prices event[32m 10[2mms[22m[39m
 [32mΓ£ô[39m src/components/__tests__/dye-comparison-tool.test.ts[2m > [22mDyeComparisonTool Component[2m > [22mevent handling[2m > [22mshould fetch prices on server-changed when showPrices is true[32m 10[2mms[22m[39m
 [32mΓ£ô[39m src/components/__tests__/dye-comparison-tool.test.ts[2m > [22mDyeComparisonTool Component[2m > [22mevent handling[2m > [22mshould fetch prices on refresh-requested[32m 4[2mms[22m[39m
 [32mΓ£ô[39m src/components/__tests__/dye-comparison-tool.test.ts[2m > [22mDyeComparisonTool Component[2m > [22mevent handling[2m > [22mshould not fetch prices when showPrices is false[32m 4[2mms[22m[39m
 [32mΓ£ô[39m src/components/__tests__/dye-comparison-tool.test.ts[2m > [22mDyeComparisonTool Component[2m > [22mlifecycle[2m > [22mshould initialize child components[32m 7[2mms[22m[39m
 [32mΓ£ô[39m src/components/__tests__/dye-comparison-tool.test.ts[2m > [22mDyeComparisonTool Component[2m > [22mlifecycle[2m > [22mshould cleanup on destroy[32m 4[2mms[22m[39m
 [32mΓ£ô[39m src/components/__tests__/dye-comparison-tool.test.ts[2m > [22mDyeComparisonTool Component[2m > [22mlifecycle[2m > [22mshould handle multiple update cycles[32m 12[2mms[22m[39m
 [31m├ù[39m src/components/__tests__/dye-comparison-tool.test.ts[2m > [22mDyeComparisonTool Component[2m > [22mfetchPricesForSelectedDyes branch coverage[2m > [22mshould return early when marketBoard is null[32m 10[2mms[22m[39m
[31m   ΓåÆ instance.fetchPricesForSelectedDyes is not a function[39m
 [31m├ù[39m src/components/__tests__/dye-comparison-tool.test.ts[2m > [22mDyeComparisonTool Component[2m > [22mfetchPricesForSelectedDyes branch coverage[2m > [22mshould return early when showPrices is false[32m 2[2mms[22m[39m
[31m   ΓåÆ instance.fetchPricesForSelectedDyes is not a function[39m
 [31m├ù[39m src/components/__tests__/dye-comparison-tool.test.ts[2m > [22mDyeComparisonTool Component[2m > [22mfetchPricesForSelectedDyes branch coverage[2m > [22mshould return early when selectedDyes is empty[32m 2[2mms[22m[39m
[31m   ΓåÆ instance.fetchPricesForSelectedDyes is not a function[39m
 [32mΓ£ô[39m src/components/__tests__/dye-comparison-tool.test.ts[2m > [22mDyeComparisonTool Component[2m > [22mupdateSummary branch coverage[2m > [22mshould return early when summaryContainer is null[32m 2[2mms[22m[39m
 [32mΓ£ô[39m src/components/__tests__/dye-comparison-tool.test.ts[2m > [22mDyeComparisonTool Component[2m > [22mupdateSummary branch coverage[2m > [22mshould not show statistics for single dye[32m 6[2mms[22m[39m
 [32mΓ£ô[39m src/components/__tests__/dye-comparison-tool.test.ts[2m > [22mDyeComparisonTool Component[2m > [22mupdateSummary branch coverage[2m > [22mshould not display price when priceData is empty[32m 7[2mms[22m[39m
 [32mΓ£ô[39m src/components/__tests__/dye-comparison-tool.test.ts[2m > [22mDyeComparisonTool Component[2m > [22mupdateSummary branch coverage[2m > [22mshould calculate hue range correctly[32m 14[2mms[22m[39m
 [31m├ù[39m src/components/__tests__/dye-filters.test.ts[2m > [22mDyeFilters[2m > [22mfilter logic[2m > [22mshould exclude metallic dyes when filter is enabled[32m 40[2mms[22m[39m
[31m   ΓåÆ expected false to be true // Object.is equality[39m
 [31m├ù[39m src/components/__tests__/dye-filters.test.ts[2m > [22mDyeFilters[2m > [22mfilter logic[2m > [22mshould exclude pastel dyes when filter is enabled[32m 21[2mms[22m[39m
[31m   ΓåÆ expected false to be true // Object.is equality[39m
 [31m├ù[39m src/components/__tests__/dye-filters.test.ts[2m > [22mDyeFilters[2m > [22mfilter logic[2m > [22mshould exclude dark dyes when filter is enabled[32m 18[2mms[22m[39m
[31m   ΓåÆ expected false to be true // Object.is equality[39m
 [31m├ù[39m src/components/__tests__/dye-filters.test.ts[2m > [22mDyeFilters[2m > [22mfilter logic[2m > [22mshould exclude cosmic dyes when filter is enabled[32m 15[2mms[22m[39m
[31m   ΓåÆ expected false to be true // Object.is equality[39m
 [32mΓ£ô[39m src/components/__tests__/dye-filters.test.ts[2m > [22mDyeFilters[2m > [22mfilter logic[2m > [22mshould have expensive filter checkbox[32m 4[2mms[22m[39m
 [32mΓ£ô[39m src/components/__tests__/dye-filters.test.ts[2m > [22mDyeFilters[2m > [22mfilter logic[2m > [22mshould not exclude any dyes when all filters are disabled[32m 3[2mms[22m[39m
 [31m├ù[39m src/components/__tests__/dye-filters.test.ts[2m > [22mDyeFilters[2m > [22mfilterDyes method[2m > [22mshould filter out excluded dyes from array[32m 17[2mms[22m[39m
[31m   ΓåÆ expected 4 to be 2 // Object.is equality[39m
 [32mΓ£ô[39m src/components/__tests__/dye-filters.test.ts[2m > [22mDyeFilters[2m > [22mfilterDyes method[2m > [22mshould return all dyes when no filters are enabled[32m 4[2mms[22m[39m
 [32mΓ£ô[39m src/components/__tests__/dye-filters.test.ts[2m > [22mDyeFilters[2m > [22mfilterDyes method[2m > [22mshould handle empty array[32m 5[2mms[22m[39m
 [32mΓ£ô[39m src/components/__tests__/harmony-type.test.ts[2m > [22mHarmonyType Component[2m > [22mgetDevianceColor function coverage[2m > [22mshould return blue for low deviance (Γëñ15)[32m 43[2mms[22m[39m
 [32mΓ£ô[39m src/components/__tests__/harmony-type.test.ts[2m > [22mHarmonyType Component[2m > [22mgetDevianceColor function coverage[2m > [22mshould return yellow for medium deviance (Γëñ30)[32m 36[2mms[22m[39m
 [32mΓ£ô[39m src/components/__tests__/harmony-type.test.ts[2m > [22mHarmonyType Component[2m > [22mgetDevianceColor function coverage[2m > [22mshould return red for high deviance (>30)[32m 24[2mms[22m[39m
 [32mΓ£ô[39m src/components/__tests__/harmony-type.test.ts[2m > [22mHarmonyType Component[2m > [22mgetDevianceColor function coverage[2m > [22mshould handle boundary value of exactly 5[32m 34[2mms[22m[39m
 [31m├ù[39m src/components/__tests__/dye-selector.test.ts[2m > [22mDyeSelector[2m > [22mDye Selection[2m > [22mshould select a dye when clicked[32m 17[2mms[22m[39m
[31m   ΓåÆ expected +0 to be 1 // Object.is equality[39m
 [31m├ù[39m src/components/__tests__/dye-selector.test.ts[2m > [22mDyeSelector[2m > [22mDye Selection[2m > [22mshould emit selection-changed event when dye is selected[32m 14[2mms[22m[39m
[31m   ΓåÆ expected "vi.fn()" to be called 1 times, but got 0 times[39m
 [31m├ù[39m src/components/__tests__/dye-selector.test.ts[2m > [22mDyeSelector[2m > [22mDye Selection[2m > [22mshould respect maxSelections limit[32m 9[2mms[22m[39m
[31m   ΓåÆ expected +0 to be 2 // Object.is equality[39m
 [31m├ù[39m src/components/__tests__/dye-selector.test.ts[2m > [22mDyeSelector[2m > [22mDye Selection[2m > [22mshould toggle selection when clicking same dye twice (no duplicates)[32m 16[2mms[22m[39m
[31m   ΓåÆ expected +0 to be 1 // Object.is equality[39m
 [31m├ù[39m src/components/__tests__/dye-selector.test.ts[2m > [22mDyeSelector[2m > [22mDye Selection[2m > [22mshould allow duplicates when allowDuplicates is true[32m 10[2mms[22m[39m
[31m   ΓåÆ expected +0 to be 1 // Object.is equality[39m
 [31m├ù[39m src/components/__tests__/dye-selector.test.ts[2m > [22mDyeSelector[2m > [22mDye Selection[2m > [22mshould only allow single selection when allowMultiple is false[32m 6[2mms[22m[39m
[31m   ΓåÆ expected +0 to be 1 // Object.is equality[39m
 [31m├ù[39m src/components/__tests__/dye-selector.test.ts[2m > [22mDyeSelector[2m > [22mDye Selection[2m > [22mshould update selected dyes counter[32m 5[2mms[22m[39m
[31m   ΓåÆ expected '' to contain '0/4'[39m
 [31m├ù[39m src/components/__tests__/dye-selector.test.ts[2m > [22mDyeSelector[2m > [22mDye Selection[2m > [22mshould display selected dye tags[32m 6[2mms[22m[39m
[31m   ΓåÆ expected +0 to be 1 // Object.is equality[39m
 [31m├ù[39m src/components/__tests__/dye-selector.test.ts[2m > [22mDyeSelector[2m > [22mClear Functionality[2m > [22mshould clear all selections when clear button is clicked[32m 13[2mms[22m[39m
[31m   ΓåÆ expected +0 to be 2 // Object.is equality[39m
 [32mΓ£ô[39m src/components/__tests__/app-layout.test.ts[2m > [22mAppLayout[2m > [22mState Management[2m > [22mshould return themeSwitcherInitialized as true after init[32m 20[2mms[22m[39m
 [32mΓ£ô[39m src/components/__tests__/app-layout.test.ts[2m > [22mAppLayout[2m > [22mState Management[2m > [22mshould return themeSwitcherInitialized as false before init[32m 2[2mms[22m[39m
 [32mΓ£ô[39m src/components/__tests__/app-layout.test.ts[2m > [22mAppLayout[2m > [22mLifecycle[2m > [22mshould initialize component correctly[32m 25[2mms[22m[39m
 [32mΓ£ô[39m src/components/__tests__/app-layout.test.ts[2m > [22mAppLayout[2m > [22mLifecycle[2m > [22mshould clean up event listeners on destroy[32m 2[2mms[22m[39m
 [32mΓ£ô[39m src/components/__tests__/app-layout.test.ts[2m > [22mAppLayout[2m > [22mLifecycle[2m > [22mshould update component correctly[32m 26[2mms[22m[39m
 [32mΓ£ô[39m src/components/__tests__/app-layout.test.ts[2m > [22mAppLayout[2m > [22mLifecycle[2m > [22mshould preserve content after update[32m 28[2mms[22m[39m
[90mstderr[2m | src/components/__tests__/tutorial-spotlight.test.ts[2m > [22m[2mTutorialSpotlight[2m > 
[22m[2mInitialization[2m > [22m[2mshould subscribe to TutorialService
[22m[39mBaseComponent.on: Target is not HTMLElement, Document, or Window [36m<ref *1>[39m Object [global] {
  global: [36m[Circular *1][39m,
  clearImmediate: [Function: clearImmediate] {
    hadOwnProperty: [33mtrue[39m,
    clock: {
      now: [33m1764681223079[39m,
      Date: [36m[Function][39m,
      loopLimit: [33m10000[39m,
      Intl: [36m[Object][39m,
      requestIdleCallback: [36m[Function: requestIdleCallback][39m,
      cancelIdleCallback: [36m[Function: cancelIdleCallback][39m,
      setTimeout: [36m[Function][39m,
      clearTimeout: [36m[Function][39m,
      nextTick: [36m[Function: nextTick][39m,
      queueMicrotask: [36m[Function: queueMicrotask][39m,
      setInterval: [36m[Function][39m,
      clearInterval: [36m[Function][39m,
      setImmediate: [36m[Function][39m,
      clearImmediate: [36m[Function][39m,
      countTimers: [36m[Function: countTimers][39m,
      requestAnimationFrame: [36m[Function][39m,
      cancelAnimationFrame: [36m[Function][39m,
      runMicrotasks: [36m[Function: runMicrotasks][39m,
      tick: [36m[Function: tick][39m,
      tickAsync: [36m[Function: tickAsync][39m,
      next: [36m[Function: next][39m,
      nextAsync: [36m[Function: nextAsync][39m,
      runAll: [36m[Function: runAll][39m,
      runToFrame: [36m[Function: runToFrame][39m,
      runAllAsync: [36m[Function: runAllAsync][39m,
      runToLast: [36m[Function: runToLast][39m,
      runToLastAsync: [36m[Function: runToLastAsync][39m,
      reset: [36m[Function: reset][39m,
      setSystemTime: [36m[Function: setSystemTime][39m,
      jump: [36m[Function: jump][39m,
      performance: [36m[Object: null prototype][39m,
      hrtime: [36m[Function][39m,
      shouldClearNativeTimers: [33mtrue[39m,
      uninstall: [36m[Function (anonymous)][39m,
      abortListenerMap: Map(0) {},
      methods: [36m[Array][39m,
      _setTimeout: [36m[Function][39m,
      _clearTimeout: [36m[Function: clearTimeout][39m,
      _setInterval: [36m[Function: setInterval][39m,
      _clearInterval: [36m[Function: clearInterval][39m,
      _Date: [36m[Function: Date][39m,
      _setImmediate: [36m[Function][39m,
      _clearImmediate: [36m[Function: clearImmediate][39m,
      _hrtime: [36m[Function][39m,
      _performance: [36m[Performance][39m,
      _requestAnimationFrame: [36m[Function: bound ][39m,
      _cancelAnimationFrame: [36m[Function: bound ][39m,
      _Intl: Object [Intl] {}
    }
  },
  setImmediate: [Function: setImmediate] {
    hadOwnProperty: [33mtrue[39m,
    clock: {
      now: [33m1764681223079[39m,
      Date: [36m[Function][39m,
      loopLimit: [33m10000[39m,
      Intl: [36m[Object][39m,
      requestIdleCallback: [36m[Function: requestIdleCallback][39m,
      cancelIdleCallback: [36m[Function: cancelIdleCallback][39m,
      setTimeout: [36m[Function][39m,
      clearTimeout: [36m[Function][39m,
      nextTick: [36m[Function: nextTick][39m,
      queueMicrotask: [36m[Function: queueMicrotask][39m,
      setInterval: [36m[Function][39m,
      clearInterval: [36m[Function][39m,
      setImmediate: [36m[Function][39m,
      clearImmediate: [36m[Function][39m,
      countTimers: [36m[Function: countTimers][39m,
      requestAnimationFrame: [36m[Function][39m,
      cancelAnimationFrame: [36m[Function][39m,
      runMicrotasks: [36m[Function: runMicrotasks][39m,
      tick: [36m[Function: tick][39m,
      tickAsync: [36m[Function: tickAsync][39m,
      next: [36m[Function: next][39m,
      nextAsync: [36m[Function: nextAsync][39m,
      runAll: [36m[Function: runAll][39m,
      runToFrame: [36m[Function: runToFrame][39m,
      runAllAsync: [36m[Function: runAllAsync][39m,
      runToLast: [36m[Function: runToLast][39m,
      runToLastAsync: [36m[Function: runToLastAsync][39m,
      reset: [36m[Function: reset][39m,
      setSystemTime: [36m[Function: setSystemTime][39m,
      jump: [36m[Function: jump][39m,
      performance: [36m[Object: null prototype][39m,
      hrtime: [36m[Function][39m,
      shouldClearNativeTimers: [33mtrue[39m,
      uninstall: [36m[Function (anonymous)][39m,
      abortListenerMap: Map(0) {},
      methods: [36m[Array][39m,
      _setTimeout: [36m[Function][39m,
      _clearTimeout: [36m[Function: clearTimeout][39m,
      _setInterval: [36m[Function: setInterval][39m,
      _clearInterval: [36m[Function: clearInterval][39m,
      _Date: [36m[Function: Date][39m,
      _setImmediate: [36m[Function][39m,
      _clearImmediate: [36m[Function: clearImmediate][39m,
      _hrtime: [36m[Function][39m,
      _performance: [36m[Performance][39m,
      _requestAnimationFrame: [36m[Function: bound ][39m,
      _cancelAnimationFrame: [36m[Function: bound ][39m,
      _Intl: Object [Intl] {}
    },
    [[32mSymbol(nodejs.util.promisify.custom)[39m]: [36m[Function: promisifiedSetImmediate][39m
  },
  clearInterval: [Function: clearInterval] {
    hadOwnProperty: [33mtrue[39m,
    clock: {
      now: [33m1764681223079[39m,
      Date: [36m[Function][39m,
      loopLimit: [33m10000[39m,
      Intl: [36m[Object][39m,
      requestIdleCallback: [36m[Function: requestIdleCallback][39m,
      cancelIdleCallback: [36m[Function: cancelIdleCallback][39m,
      setTimeout: [36m[Function][39m,
      clearTimeout: [36m[Function][39m,
      nextTick: [36m[Function: nextTick][39m,
      queueMicrotask: [36m[Function: queueMicrotask][39m,
      setInterval: [36m[Function][39m,
      clearInterval: [36m[Function][39m,
      setImmediate: [36m[Function][39m,
      clearImmediate: [36m[Function][39m,
      countTimers: [36m[Function: countTimers][39m,
      requestAnimationFrame: [36m[Function][39m,
      cancelAnimationFrame: [36m[Function][39m,
      runMicrotasks: [36m[Function: runMicrotasks][39m,
      tick: [36m[Function: tick][39m,
      tickAsync: [36m[Function: tickAsync][39m,
      next: [36m[Function: next][39m,
      nextAsync: [36m[Function: nextAsync][39m,
      runAll: [36m[Function: runAll][39m,
      runToFrame: [36m[Function: runToFrame][39m,
      runAllAsync: [36m[Function: runAllAsync][39m,
      runToLast: [36m[Function: runToLast][39m,
      runToLastAsync: [36m[Function: runToLastAsync][39m,
      reset: [36m[Function: reset][39m,
      setSystemTime: [36m[Function: setSystemTime][39m,
      jump: [36m[Function: jump][39m,
      performance: [36m[Object: null prototype][39m,
      hrtime: [36m[Function][39m,
      shouldClearNativeTimers: [33mtrue[39m,
      uninstall: [36m[Function (anonymous)][39m,
      abortListenerMap: Map(0) {},
      methods: [36m[Array][39m,
      _setTimeout: [36m[Function][39m,
      _clearTimeout: [36m[Function: clearTimeout][39m,
      _setInterval: [36m[Function: setInterval][39m,
      _clearInterval: [36m[Function: clearInterval][39m,
      _Date: [36m[Function: Date][39m,
      _setImmediate: [36m[Function][39m,
      _clearImmediate: [36m[Function: clearImmediate][39m,
      _hrtime: [36m[Function][39m,
      _performance: [36m[Performance][39m,
      _requestAnimationFrame: [36m[Function: bound ][39m,
      _cancelAnimationFrame: [36m[Function: bound ][39m,
      _Intl: Object [Intl] {}
    }
  },
  clearTimeout: [Function: clearTimeout] {
    hadOwnProperty: [33mtrue[39m,
    clock: {
      now: [33m1764681223079[39m,
      Date: [36m[Function][39m,
      loopLimit: [33m10000[39m,
      Intl: [36m[Object][39m,
      requestIdleCallback: [36m[Function: requestIdleCallback][39m,
      cancelIdleCallback: [36m[Function: cancelIdleCallback][39m,
      setTimeout: [36m[Function][39m,
      clearTimeout: [36m[Function][39m,
      nextTick: [36m[Function: nextTick][39m,
      queueMicrotask: [36m[Function: queueMicrotask][39m,
      setInterval: [36m[Function][39m,
      clearInterval: [36m[Function][39m,
      setImmediate: [36m[Function][39m,
      clearImmediate: [36m[Function][39m,
      countTimers: [36m[Function: countTimers][39m,
      requestAnimationFrame: [36m[Function][39m,
      cancelAnimationFrame: [36m[Function][39m,
      runMicrotasks: [36m[Function: runMicrotasks][39m,
      tick: [36m[Function: tick][39m,
      tickAsync: [36m[Function: tickAsync][39m,
      next: [36m[Function: next][39m,
      nextAsync: [36m[Function: nextAsync][39m,
      runAll: [36m[Function: runAll][39m,
      runToFrame: [36m[Function: runToFrame][39m,
      runAllAsync: [36m[Function: runAllAsync][39m,
      runToLast: [36m[Function: runToLast][39m,
      runToLastAsync: [36m[Function: runToLastAsync][39m,
      reset: [36m[Function: reset][39m,
      setSystemTime: [36m[Function: setSystemTime][39m,
      jump: [36m[Function: jump][39m,
      performance: [36m[Object: null prototype][39m,
      hrtime: [36m[Function][39m,
      shouldClearNativeTimers: [33mtrue[39m,
      uninstall: [36m[Function (anonymous)][39m,
      abortListenerMap: Map(0) {},
      methods: [36m[Array][39m,
      _setTimeout: [36m[Function][39m,
      _clearTimeout: [36m[Function: clearTimeout][39m,
      _setInterval: [36m[Function: setInterval][39m,
      _clearInterval: [36m[Function: clearInterval][39m,
      _Date: [36m[Function: Date][39m,
      _setImmediate: [36m[Function][39m,
      _clearImmediate: [36m[Function: clearImmediate][39m,
      _hrtime: [36m[Function][39m,
      _performance: [36m[Performance][39m,
      _requestAnimationFrame: [36m[Function: bound ][39m,
      _cancelAnimationFrame: [36m[Function: bound ][39m,
      _Intl: Object [Intl] {}
    }
  },
  setInterval: [Function: setInterval] {
    hadOwnProperty: [33mtrue[39m,
    clock: {
      now: [33m1764681223079[39m,
      Date: [36m[Function][39m,
      loopLimit: [33m10000[39m,
      Intl: [36m[Object][39m,
      requestIdleCallback: [36m[Function: requestIdleCallback][39m,
      cancelIdleCallback: [36m[Function: cancelIdleCallback][39m,
      setTimeout: [36m[Function][39m,
      clearTimeout: [36m[Function][39m,
      nextTick: [36m[Function: nextTick][39m,
      queueMicrotask: [36m[Function: queueMicrotask][39m,
      setInterval: [36m[Function][39m,
      clearInterval: [36m[Function][39m,
      setImmediate: [36m[Function][39m,
      clearImmediate: [36m[Function][39m,
      countTimers: [36m[Function: countTimers][39m,
      requestAnimationFrame: [36m[Function][39m,
      cancelAnimationFrame: [36m[Function][39m,
      runMicrotasks: [36m[Function: runMicrotasks][39m,
      tick: [36m[Function: tick][39m,
      tickAsync: [36m[Function: tickAsync][39m,
      next: [36m[Function: next][39m,
      nextAsync: [36m[Function: nextAsync][39m,
      runAll: [36m[Function: runAll][39m,
      runToFrame: [36m[Function: runToFrame][39m,
      runAllAsync: [36m[Function: runAllAsync][39m,
      runToLast: [36m[Function: runToLast][39m,
      runToLastAsync: [36m[Function: runToLastAsync][39m,
      reset: [36m[Function: reset][39m,
      setSystemTime: [36m[Function: setSystemTime][39m,
      jump: [36m[Function: jump][39m,
      performance: [36m[Object: null prototype][39m,
      hrtime: [36m[Function][39m,
      shouldClearNativeTimers: [33mtrue[39m,
      uninstall: [36m[Function (anonymous)][39m,
      abortListenerMap: Map(0) {},
      methods: [36m[Array][39m,
      _setTimeout: [36m[Function][39m,
      _clearTimeout: [36m[Function: clearTimeout][39m,
      _setInterval: [36m[Function: setInterval][39m,
      _clearInterval: [36m[Function: clearInterval][39m,
      _Date: [36m[Function: Date][39m,
      _setImmediate: [36m[Function][39m,
      _clearImmediate: [36m[Function: clearImmediate][39m,
      _hrtime: [36m[Function][39m,
      _performance: [36m[Performance][39m,
      _requestAnimationFrame: [36m[Function: bound ][39m,
      _cancelAnimationFrame: [36m[Function: bound ][39m,
      _Intl: Object [Intl] {}
    }
  },
  setTimeout: [Function: setTimeout] {
    hadOwnProperty: [33mtrue[39m,
    clock: {
      now: [33m1764681223079[39m,
      Date: [36m[Function][39m,
      loopLimit: [33m10000[39m,
      Intl: [36m[Object][39m,
      requestIdleCallback: [36m[Function: requestIdleCallback][39m,
      cancelIdleCallback: [36m[Function: cancelIdleCallback][39m,
      setTimeout: [36m[Function][39m,
      clearTimeout: [36m[Function][39m,
      nextTick: [36m[Function: nextTick][39m,
      queueMicrotask: [36m[Function: queueMicrotask][39m,
      setInterval: [36m[Function][39m,
      clearInterval: [36m[Function][39m,
      setImmediate: [36m[Function][39m,
      clearImmediate: [36m[Function][39m,
      countTimers: [36m[Function: countTimers][39m,
      requestAnimationFrame: [36m[Function][39m,
      cancelAnimationFrame: [36m[Function][39m,
      runMicrotasks: [36m[Function: runMicrotasks][39m,
      tick: [36m[Function: tick][39m,
      tickAsync: [36m[Function: tickAsync][39m,
      next: [36m[Function: next][39m,
      nextAsync: [36m[Function: nextAsync][39m,
      runAll: [36m[Function: runAll][39m,
      runToFrame: [36m[Function: runToFrame][39m,
      runAllAsync: [36m[Function: runAllAsync][39m,
      runToLast: [36m[Function: runToLast][39m,
      runToLastAsync: [36m[Function: runToLastAsync][39m,
      reset: [36m[Function: reset][39m,
      setSystemTime: [36m[Function: setSystemTime][39m,
      jump: [36m[Function: jump][39m,
      performance: [36m[Object: null prototype][39m,
      hrtime: [36m[Function][39m,
      shouldClearNativeTimers: [33mtrue[39m,
      uninstall: [36m[Function (anonymous)][39m,
      abortListenerMap: Map(0) {},
      methods: [36m[Array][39m,
      _setTimeout: [36m[Function][39m,
      _clearTimeout: [36m[Function: clearTimeout][39m,
      _setInterval: [36m[Function: setInterval][39m,
      _clearInterval: [36m[Function: clearInterval][39m,
      _Date: [36m[Function: Date][39m,
      _setImmediate: [36m[Function][39m,
      _clearImmediate: [36m[Function: clearImmediate][39m,
      _hrtime: [36m[Function][39m,
      _performance: [36m[Performance][39m,
      _requestAnimationFrame: [36m[Function: bound ][39m,
      _cancelAnimationFrame: [36m[Function: bound ][39m,
      _Intl: Object [Intl] {}
    },
    [[32mSymbol(nodejs.util.promisify.custom)[39m]: [36m[Function: promisifiedSetTimeout][39m
  },
  queueMicrotask: [36m[Function: queueMicrotask][39m,
  structuredClone: [36m[Function: structuredClone][39m,
  atob: [36m[Function: atob][39m,
  btoa: [36m[Function: btoa][39m,
  performance: [36m[Getter/Setter][39m,
  fetch: [36m[Function: fetch][39m,
  navigator: [36m[Getter/Setter][39m,
  crypto: [36m[Getter][39m,
  window: [36m[Circular *1][39m,
  self: [36m[Circular *1][39m,
  top: [36m[Circular *1][39m,
  parent: [36m[Circular *1][39m,
  jsdom: JSDOM {
    [[32mSymbol(window)[39m]: [36m<ref *2>[39m Window {
      StyleSheet: [36m[Function: StyleSheet][39m,
      MediaList: [36m[Function: MediaList][39m,
      CSSStyleSheet: [36m[Function: CSSStyleSheet][39m,
      CSSRule: [36m[Function][39m,
      CSSStyleRule: [36m[Function][39m,
      CSSMediaRule: [36m[Function: CSSMediaRule][39m,
      CSSImportRule: [36m[Function: CSSImportRule][39m,
      CSSStyleDeclaration: [36m[class CSSStyleDeclaration][39m,
      XPathException: [36m[Function][39m,
      XPathExpression: [36m[Function: XPathExpression][39m,
      XPathResult: [36m[Function][39m,
      XPathEvaluator: [36m[Function: XPathEvaluator][39m,
      onafterprint: [36m[Getter/Setter][39m,
      onbeforeprint: [36m[Getter/Setter][39m,
      onbeforeunload: [36m[Getter/Setter][39m,
      onhashchange: [36m[Getter/Setter][39m,
      onlanguagechange: [36m[Getter/Setter][39m,
      onmessage: [36m[Getter/Setter][39m,
      onmessageerror: [36m[Getter/Setter][39m,
      onoffline: [36m[Getter/Setter][39m,
      ononline: [36m[Getter/Setter][39m,
      onpagehide: [36m[Getter/Setter][39m,
      onpageshow: [36m[Getter/Setter][39m,
      onpopstate: [36m[Getter/Setter][39m,
      onrejectionhandled: [36m[Getter/Setter][39m,
      onstorage: [36m[Getter/Setter][39m,
      onunhandledrejection: [36m[Getter/Setter][39m,
      onunload: [36m[Getter/Setter][39m,
      onblur: [36m[Getter/Setter][39m,
      onerror: [36m[Getter/Setter][39m,
      onfocus: [36m[Getter/Setter][39m,
      onload: [36m[Getter/Setter][39m,
      onresize: [36m[Getter/Setter][39m,
      onscroll: [36m[Getter/Setter][39m,
      onabort: [36m[Getter/Setter][39m,
      onauxclick: [36m[Getter/Setter][39m,
      onbeforeinput: [36m[Getter/Setter][39m,
      onbeforematch: [36m[Getter/Setter][39m,
      onbeforetoggle: [36m[Getter/Setter][39m,
      oncancel: [36m[Getter/Setter][39m,
      oncanplay: [36m[Getter/Setter][39m,
      oncanplaythrough: [36m[Getter/Setter][39m,
      onchange: [36m[Getter/Setter][39m,
      onclick: [36m[Getter/Setter][39m,
      onclose: [36m[Getter/Setter][39m,
      oncontextlost: [36m[Getter/Setter][39m,
      oncontextmenu: [36m[Getter/Setter][39m,
      oncontextrestored: [36m[Getter/Setter][39m,
      oncopy: [36m[Getter/Setter][39m,
      oncuechange: [36m[Getter/Setter][39m,
      oncut: [36m[Getter/Setter][39m,
      ondblclick: [36m[Getter/Setter][39m,
      ondrag: [36m[Getter/Setter][39m,
      ondragend: [36m[Getter/Setter][39m,
      ondragenter: [36m[Getter/Setter][39m,
      ondragleave: [36m[Getter/Setter][39m,
      ondragover: [36m[Getter/Setter][39m,
      ondragstart: [36m[Getter/Setter][39m,
      ondrop: [36m[Getter/Setter][39m,
      ondurationchange: [36m[Getter/Setter][39m,
      onemptied: [36m[Getter/Setter][39m,
      onended: [36m[Getter/Setter][39m,
      onformdata: [36m[Getter/Setter][39m,
      oninput: [36m[Getter/Setter][39m,
      oninvalid: [36m[Getter/Setter][39m,
      onkeydown: [36m[Getter/Setter][39m,
      onkeypress: [36m[Getter/Setter][39m,
      onkeyup: [36m[Getter/Setter][39m,
      onloadeddata: [36m[Getter/Setter][39m,
      onloadedmetadata: [36m[Getter/Setter][39m,
      onloadstart: [36m[Getter/Setter][39m,
      onmousedown: [36m[Getter/Setter][39m,
      onmouseenter: [36m[Getter/Setter][39m,
      onmouseleave: [36m[Getter/Setter][39m,
      onmousemove: [36m[Getter/Setter][39m,
      onmouseout: [36m[Getter/Setter][39m,
      onmouseover: [36m[Getter/Setter][39m,
      onmouseup: [36m[Getter/Setter][39m,
      onpaste: [36m[Getter/Setter][39m,
      onpause: [36m[Getter/Setter][39m,
      onplay: [36m[Getter/Setter][39m,
      onplaying: [36m[Getter/Setter][39m,
      onprogress: [36m[Getter/Setter][39m,
      onratechange: [36m[Getter/Setter][39m,
      onreset: [36m[Getter/Setter][39m,
      onscrollend: [36m[Getter/Setter][39m,
      onsecuritypolicyviolation: [36m[Getter/Setter][39m,
      onseeked: [36m[Getter/Setter][39m,
      onseeking: [36m[Getter/Setter][39m,
      onselect: [36m[Getter/Setter][39m,
      onslotchange: [36m[Getter/Setter][39m,
      onstalled: [36m[Getter/Setter][39m,
      onsubmit: [36m[Getter/Setter][39m,
      onsuspend: [36m[Getter/Setter][39m,
      ontimeupdate: [36m[Getter/Setter][39m,
      ontoggle: [36m[Getter/Setter][39m,
      onvolumechange: [36m[Getter/Setter][39m,
      onwaiting: [36m[Getter/Setter][39m,
      onwebkitanimationend: [36m[Getter/Setter][39m,
      onwebkitanimationiteration: [36m[Getter/Setter][39m,
      onwebkitanimationstart: [36m[Getter/Setter][39m,
      onwebkittransitionend: [36m[Getter/Setter][39m,
      onwheel: [36m[Getter/Setter][39m,
      ontouchstart: [36m[Getter/Setter][39m,
      ontouchend: [36m[Getter/Setter][39m,
      ontouchmove: [36m[Getter/Setter][39m,
      ontouchcancel: [36m[Getter/Setter][39m,
      _registeredHandlers: Set(0) {},
      _eventHandlers: [Object: null prototype] {},
      onautocomplete: [36m[Getter/Setter][39m,
      onautocompleteerror: [36m[Getter/Setter][39m,
      onsort: [36m[Getter/Setter][39m,
      _globalObject: [36m[Circular *2][39m,
      _resourceLoader: [36m[NoOpResourceLoader][39m,
      _globalProxy: [36m[Object [Window]][39m,
      _document: [36m[Document][39m,
      _origin: [32m'http://localhost:3000'[39m,
      _sessionHistory: [36m[SessionHistory][39m,
      _virtualConsole: [36m[VirtualConsole][39m,
      _runScripts: [32m'dangerously'[39m,
      _top: [36m[Object [Window]][39m,
      _parent: [36m[Object [Window]][39m,
      _frameElement: [1mnull[22m,
      _length: [33m0[39m,
      _currentEvent: [90mundefined[39m,
      _pretendToBeVisual: [33mtrue[39m,
      _storageQuota: [33m5000000[39m,
      _commonForOrigin: [36m[Object][39m,
      _currentOriginData: [36m[Object][39m,
      _localStorage: Storage {},
      _sessionStorage: Storage {},
      _selection: [36m[SelectionImpl][39m,
      getSelection: [36m[Function (anonymous)][39m,
      _customElementRegistry: CustomElementRegistry {},
      length: [36m[Getter/Setter][39m,
      window: [36m[Getter][39m,
      frameElement: [36m[Getter][39m,
      frames: [36m[Getter/Setter][39m,
      self: [36m[Getter/Setter][39m,
      parent: [36m[Getter/Setter][39m,
      top: [36m[Getter][39m,
      document: [36m[Getter][39m,
      external: [36m[Getter/Setter][39m,
      location: [36m[Getter/Setter][39m,
      history: [36m[Getter][39m,
      navigator: [36m[Getter][39m,
      locationbar: [36m[Getter/Setter][39m,
      menubar: [36m[Getter/Setter][39m,
      personalbar: [36m[Getter/Setter][39m,
      scrollbars: [36m[Getter/Setter][39m,
      statusbar: [36m[Getter/Setter][39m,
      toolbar: [36m[Getter/Setter][39m,
      performance: [36m[Getter][39m,
      screen: [36m[Getter/Setter][39m,
      crypto: [36m[Getter][39m,
      origin: [36m[Getter/Setter][39m,
      localStorage: [36m[Getter][39m,
      sessionStorage: [36m[Getter][39m,
      customElements: [36m[Getter][39m,
      event: [36m[Getter/Setter][39m,
      setTimeout: [36m[Function (anonymous)][39m,
      setInterval: [36m[Function (anonymous)][39m,
      clearTimeout: [36m[Function (anonymous)][39m,
      clearInterval: [36m[Function (anonymous)][39m,
      queueMicrotask: [36m[Function (anonymous)][39m,
      requestAnimationFrame: [36m[Function (anonymous)][39m,
      cancelAnimationFrame: [36m[Function (anonymous)][39m,
      postMessage: [36m[Function (anonymous)][39m,
      atob: [36m[Function (anonymous)][39m,
      btoa: [36m[Function (anonymous)][39m,
      stop: [36m[Function (anonymous)][39m,
      close: [36m[Function (anonymous)][39m,
      getComputedStyle: [36m[Function (anonymous)][39m,
      captureEvents: [36m[Function (anonymous)][39m,
      releaseEvents: [36m[Function (anonymous)][39m,
      console: [36m[Object][39m,
      name: [32m''[39m,
      status: [32m''[39m,
      devicePixelRatio: [33m1[39m,
      innerWidth: [33m1024[39m,
      innerHeight: [33m768[39m,
      outerWidth: [33m1024[39m,
      outerHeight: [33m768[39m,
      pageXOffset: [33m0[39m,
      pageYOffset: [33m0[39m,
      screenX: [33m0[39m,
      screenLeft: [33m0[39m,
      screenY: [33m0[39m,
      screenTop: [33m0[39m,
      scrollX: [33m0[39m,
      scrollY: [33m0[39m,
      alert: [36m[Function (anonymous)][39m,
      blur: [36m[Function (anonymous)][39m,
      confirm: [36m[Function (anonymous)][39m,
      focus: [36m[Function (anonymous)][39m,
      moveBy: [36m[Function (anonymous)][39m,
      moveTo: [36m[Function (anonymous)][39m,
      open: [36m[Function (anonymous)][39m,
      print: [36m[Function (anonymous)][39m,
      prompt: [36m[Function (anonymous)][39m,
      resizeBy: [36m[Function (anonymous)][39m,
      resizeTo: [36m[Function (anonymous)][39m,
      scroll: [36m[Function (anonymous)][39m,
      scrollBy: [36m[Function (anonymous)][39m,
      scrollTo: [36m[Function (anonymous)][39m,
      [32m'test-container'[39m: [36m[Getter/Setter][39m,
      [32m'tutorial-target'[39m: [36m[Getter/Setter][39m,
      [[32mSymbol([webidl2js] constructor registry)[39m]: [36m[Object: null prototype][39m,
      [[32mSymbol(named property tracker)[39m]: [36m[NamedPropertiesTracker][39m
    }
  },
  suite: [Function: chain] {
    each: [36m[Function (anonymous)][39m,
    for: [36m[Function (anonymous)][39m,
    skipIf: [36m[Function (anonymous)][39m,
    runIf: [36m[Function (anonymous)][39m,
    withContext: [36m[Function (anonymous)][39m,
    setContext: [36m[Function (anonymous)][39m,
    mergeContext: [36m[Function (anonymous)][39m,
    fn: [Function: suiteFn] {
      each: [36m[Function (anonymous)][39m,
      for: [36m[Function (anonymous)][39m,
      skipIf: [36m[Function (anonymous)][39m,
      runIf: [36m[Function (anonymous)][39m
    }
  },
  test: [Function: chain] {
    each: [36m[Function (anonymous)][39m,
    for: [36m[Function (anonymous)][39m,
    skipIf: [36m[Function (anonymous)][39m,
    runIf: [36m[Function (anonymous)][39m,
    scoped: [36m[Function (anonymous)][39m,
    extend: [36m[Function (anonymous)][39m,
    beforeEach: [36m[Function: beforeEach][39m,
    afterEach: [36m[Function: afterEach][39m,
    beforeAll: [36m[Function: beforeAll][39m,
    afterAll: [36m[Function: afterAll][39m,
    withContext: [36m[Function (anonymous)][39m,
    setContext: [36m[Function (anonymous)][39m,
    mergeContext: [36m[Function (anonymous)][39m,
    fn: [Function (anonymous)] {
      each: [36m[Function (anonymous)][39m,
      for: [36m[Function (anonymous)][39m,
      skipIf: [36m[Function (anonymous)][39m,
      runIf: [36m[Function (anonymous)][39m,
      scoped: [36m[Function (anonymous)][39m,
      extend: [36m[Function (anonymous)][39m,
      beforeEach: [36m[Function: beforeEach][39m,
      afterEach: [36m[Function: afterEach][39m,
      beforeAll: [36m[Function: beforeAll][39m,
      afterAll: [36m[Function: afterAll][39m
    }
  },
  describe: [Function: chain] {
    each: [36m[Function (anonymous)][39m,
    for: [36m[Function (anonymous)][39m,
    skipIf: [36m[Function (anonymous)][39m,
    runIf: [36m[Function (anonymous)][39m,
    withContext: [36m[Function (anonymous)][39m,
    setContext: [36m[Function (anonymous)][39m,
    mergeContext: [36m[Function (anonymous)][39m,
    fn: [Function: suiteFn] {
      each: [36m[Function (anonymous)][39m,
      for: [36m[Function (anonymous)][39m,
      skipIf: [36m[Function (anonymous)][39m,
      runIf: [36m[Function (anonymous)][39m
    }
  },
  it: [Function: chain] {
    each: [36m[Function (anonymous)][39m,
    for: [36m[Function (anonymous)][39m,
    skipIf: [36m[Function (anonymous)][39m,
    runIf: [36m[Function (anonymous)][39m,
    scoped: [36m[Function (anonymous)][39m,
    extend: [36m[Function (anonymous)][39m,
    beforeEach: [36m[Function: beforeEach][39m,
    afterEach: [36m[Function: afterEach][39m,
    beforeAll: [36m[Function: beforeAll][39m,
    afterAll: [36m[Function: afterAll][39m,
    withContext: [36m[Function (anonymous)][39m,
    setContext: [36m[Function (anonymous)][39m,
    mergeContext: [36m[Function (anonymous)][39m,
    fn: [Function (anonymous)] {
      each: [36m[Function (anonymous)][39m,
      for: [36m[Function (anonymous)][39m,
      skipIf: [36m[Function (anonymous)][39m,
      runIf: [36m[Function (anonymous)][39m,
      scoped: [36m[Function (anonymous)][39m,
      extend: [36m[Function (anonymous)][39m,
      beforeEach: [36m[Function: beforeEach][39m,
      afterEach: [36m[Function: afterEach][39m,
      beforeAll: [36m[Function: beforeAll][39m,
      afterAll: [36m[Function: afterAll][39m
    }
  },
  chai: [Module: null prototype] {
    Assertion: [36m[class Assertion][39m,
    AssertionError: [36m[class AssertionError extends Error][39m,
    Should: [36m[Function: loadShould][39m,
    assert: [Function: assert] {
      fail: [36m[Function (anonymous)][39m,
      isOk: [36m[Function (anonymous)][39m,
      isNotOk: [36m[Function (anonymous)][39m,
      equal: [36m[Function (anonymous)][39m,
      notEqual: [36m[Function (anonymous)][39m,
      strictEqual: [36m[Function (anonymous)][39m,
      notStrictEqual: [36m[Function (anonymous)][39m,
      deepStrictEqual: [36m[Function (anonymous)][39m,
      deepEqual: [36m[Function (anonymous)][39m,
      notDeepEqual: [36m[Function (anonymous)][39m,
      isAbove: [36m[Function (anonymous)][39m,
      isAtLeast: [36m[Function (anonymous)][39m,
      isBelow: [36m[Function (anonymous)][39m,
      isAtMost: [36m[Function (anonymous)][39m,
      isTrue: [36m[Function (anonymous)][39m,
      isNotTrue: [36m[Function (anonymous)][39m,
      isFalse: [36m[Function (anonymous)][39m,
      isNotFalse: [36m[Function (anonymous)][39m,
      isNull: [36m[Function (anonymous)][39m,
      isNotNull: [36m[Function (anonymous)][39m,
      isNaN: [36m[Function (anonymous)][39m,
      isNotNaN: [36m[Function (anonymous)][39m,
      exists: [36m[Function (anonymous)][39m,
      notExists: [36m[Function (anonymous)][39m,
      isUndefined: [36m[Function (anonymous)][39m,
      isDefined: [36m[Function (anonymous)][39m,
      isCallable: [36m[Function (anonymous)][39m,
      isNotCallable: [36m[Function (anonymous)][39m,
      isObject: [36m[Function (anonymous)][39m,
      isNotObject: [36m[Function (anonymous)][39m,
      isArray: [36m[Function (anonymous)][39m,
      isNotArray: [36m[Function (anonymous)][39m,
      isString: [36m[Function (anonymous)][39m,
      isNotString: [36m[Function (anonymous)][39m,
      isNumber: [36m[Function (anonymous)][39m,
      isNotNumber: [36m[Function (anonymous)][39m,
      isNumeric: [36m[Function (anonymous)][39m,
      isNotNumeric: [36m[Function (anonymous)][39m,
      isFinite: [36m[Function (anonymous)][39m,
      isBoolean: [36m[Function (anonymous)][39m,
      isNotBoolean: [36m[Function (anonymous)][39m,
      typeOf: [36m[Function (anonymous)][39m,
      notTypeOf: [36m[Function (anonymous)][39m,
      instanceOf: [36m[Function (anonymous)][39m,
      notInstanceOf: [36m[Function (anonymous)][39m,
      include: [36m[Function (anonymous)][39m,
      notInclude: [36m[Function (anonymous)][39m,
      deepInclude: [36m[Function (anonymous)][39m,
      notDeepInclude: [36m[Function (anonymous)][39m,
      nestedInclude: [36m[Function (anonymous)][39m,
      notNestedInclude: [36m[Function (anonymous)][39m,
      deepNestedInclude: [36m[Function (anonymous)][39m,
      notDeepNestedInclude: [36m[Function (anonymous)][39m,
      ownInclude: [36m[Function (anonymous)][39m,
      notOwnInclude: [36m[Function (anonymous)][39m,
      deepOwnInclude: [36m[Function (anonymous)][39m,
      notDeepOwnInclude: [36m[Function (anonymous)][39m,
      match: [36m[Function (anonymous)][39m,
      notMatch: [36m[Function (anonymous)][39m,
      property: [36m[Function (anonymous)][39m,
      notProperty: [36m[Function (anonymous)][39m,
      propertyVal: [36m[Function (anonymous)][39m,
      notPropertyVal: [36m[Function (anonymous)][39m,
      deepPropertyVal: [36m[Function (anonymous)][39m,
      notDeepPropertyVal: [36m[Function (anonymous)][39m,
      ownProperty: [36m[Function (anonymous)][39m,
      notOwnProperty: [36m[Function (anonymous)][39m,
      ownPropertyVal: [36m[Function (anonymous)][39m,
      notOwnPropertyVal: [36m[Function (anonymous)][39m,
      deepOwnPropertyVal: [36m[Function (anonymous)][39m,
      notDeepOwnPropertyVal: [36m[Function (anonymous)][39m,
      nestedProperty: [36m[Function (anonymous)][39m,
      notNestedProperty: [36m[Function (anonymous)][39m,
      nestedPropertyVal: [36m[Function (anonymous)][39m,
      notNestedPropertyVal: [36m[Function (anonymous)][39m,
      deepNestedPropertyVal: [36m[Function (anonymous)][39m,
      notDeepNestedPropertyVal: [36m[Function (anonymous)][39m,
      lengthOf: [36m[Function (anonymous)][39m,
      hasAnyKeys: [36m[Function (anonymous)][39m,
      hasAllKeys: [36m[Function (anonymous)][39m,
      containsAllKeys: [36m[Function (anonymous)][39m,
      doesNotHaveAnyKeys: [36m[Function (anonymous)][39m,
      doesNotHaveAllKeys: [36m[Function (anonymous)][39m,
      hasAnyDeepKeys: [36m[Function (anonymous)][39m,
      hasAllDeepKeys: [36m[Function (anonymous)][39m,
      containsAllDeepKeys: [36m[Function (anonymous)][39m,
      doesNotHaveAnyDeepKeys: [36m[Function (anonymous)][39m,
      doesNotHaveAllDeepKeys: [36m[Function (anonymous)][39m,
      throws: [36m[Function (anonymous)][39m,
      doesNotThrow: [36m[Function (anonymous)][39m,
      operator: [36m[Function (anonymous)][39m,
      closeTo: [36m[Function (anonymous)][39m,
      approximately: [36m[Function (anonymous)][39m,
      sameMembers: [36m[Function (anonymous)][39m,
      notSameMembers: [36m[Function (anonymous)][39m,
      sameDeepMembers: [36m[Function (anonymous)][39m,
      notSameDeepMembers: [36m[Function (anonymous)][39m,
      sameOrderedMembers: [36m[Function (anonymous)][39m,
      notSameOrderedMembers: [36m[Function (anonymous)][39m,
      sameDeepOrderedMembers: [36m[Function (anonymous)][39m,
      notSameDeepOrderedMembers: [36m[Function (anonymous)][39m,
      includeMembers: [36m[Function (anonymous)][39m,
      notIncludeMembers: [36m[Function (anonymous)][39m,
      includeDeepMembers: [36m[Function (anonymous)][39m,
      notIncludeDeepMembers: [36m[Function (anonymous)][39m,
      includeOrderedMembers: [36m[Function (anonymous)][39m,
      notIncludeOrderedMembers: [36m[Function (anonymous)][39m,
      includeDeepOrderedMembers: [36m[Function (anonymous)][39m,
      notIncludeDeepOrderedMembers: [36m[Function (anonymous)][39m,
      oneOf: [36m[Function (anonymous)][39m,
      isIterable: [36m[Function (anonymous)][39m,
      changes: [36m[Function (anonymous)][39m,
      changesBy: [36m[Function (anonymous)][39m,
      doesNotChange: [36m[Function (anonymous)][39m,
      changesButNotBy: [36m[Function (anonymous)][39m,
      increases: [36m[Function (anonymous)][39m,
      increasesBy: [36m[Function (anonymous)][39m,
      doesNotIncrease: [36m[Function (anonymous)][39m,
      increasesButNotBy: [36m[Function (anonymous)][39m,
      decreases: [36m[Function (anonymous)][39m,
      decreasesBy: [36m[Function (anonymous)][39m,
      doesNotDecrease: [36m[Function (anonymous)][39m,
      doesNotDecreaseBy: [36m[Function (anonymous)][39m,
      decreasesButNotBy: [36m[Function (anonymous)][39m,
      ifError: [36m[Function (anonymous)][39m,
      isExtensible: [36m[Function (anonymous)][39m,
      isNotExtensible: [36m[Function (anonymous)][39m,
      isSealed: [36m[Function (anonymous)][39m,
      isNotSealed: [36m[Function (anonymous)][39m,
      isFrozen: [36m[Function (anonymous)][39m,
      isNotFrozen: [36m[Function (anonymous)][39m,
      isEmpty: [36m[Function (anonymous)][39m,
      isNotEmpty: [36m[Function (anonymous)][39m,
      containsSubset: [36m[Function (anonymous)][39m,
      doesNotContainSubset: [36m[Function (anonymous)][39m,
      ok: [36m[Function (anonymous)][39m,
      notOk: [36m[Function (anonymous)][39m,
      throw: [36m[Function (anonymous)][39m,
      Throw: [36m[Function (anonymous)][39m,
      extensible: [36m[Function (anonymous)][39m,
      notExtensible: [36m[Function (anonymous)][39m,
      sealed: [36m[Function (anonymous)][39m,
      notSealed: [36m[Function (anonymous)][39m,
      frozen: [36m[Function (anonymous)][39m,
      notFrozen: [36m[Function (anonymous)][39m,
      empty: [36m[Function (anonymous)][39m,
      notEmpty: [36m[Function (anonymous)][39m,
      isFunction: [36m[Function (anonymous)][39m,
      isNotFunction: [36m[Function (anonymous)][39m,
      containSubset: [36m[Function (anonymous)][39m
    },
    config: {
      includeStack: [33mfalse[39m,
      showDiff: [33mtrue[39m,
      truncateThreshold: [33m40[39m,
      useProxy: [33mtrue[39m,
      proxyExcludedKeys: [36m[Array][39m,
      deepEqual: [1mnull[22m
    },
    expect: [Function: expect] {
      fail: [36m[Function (anonymous)][39m,
      extend: [36m[Function: methodWrapper][39m,
      addSnapshotSerializer: [36m[Function: methodWrapper][39m,
      anything: [36m[Function: methodWrapper][39m,
      any: [36m[Function: methodWrapper][39m,
      stringContaining: [36m[Function: methodWrapper][39m,
      objectContaining: [36m[Function: methodWrapper][39m,
      arrayContaining: [36m[Function: methodWrapper][39m,
      stringMatching: [36m[Function: methodWrapper][39m,
      closeTo: [36m[Function: methodWrapper][39m,
      schemaMatching: [36m[Function: methodWrapper][39m,
      not: [36m[Object][39m,
      __flags: [36m[Object: null prototype][39m
    },
    should: [36m[Function: loadShould][39m,
    use: [36m[Function: use][39m,
    util: {
      addChainableMethod: [36m[Getter][39m,
      addLengthGuard: [36m[Getter][39m,
      addMethod: [36m[Getter][39m,
      addProperty: [36m[Getter][39m,
      checkError: [36m[Getter][39m,
      compareByInspect: [36m[Getter][39m,
      eql: [36m[Getter][39m,
      events: [36m[Getter][39m,
      expectTypes: [36m[Getter][39m,
      flag: [36m[Getter][39m,
      getActual: [36m[Getter][39m,
      getMessage: [36m[Getter][39m,
      getName: [36m[Getter][39m,
      getOperator: [36m[Getter][39m,
      getOwnEnumerableProperties: [36m[Getter][39m,
      getOwnEnumerablePropertySymbols: [36m[Getter][39m,
      getPathInfo: [36m[Getter][39m,
      hasProperty: [36m[Getter][39m,
      inspect: [36m[Getter][39m,
      isNaN: [36m[Getter][39m,
      isNumeric: [36m[Getter][39m,
      isProxyEnabled: [36m[Getter][39m,
      isRegExp: [36m[Getter][39m,
      objDisplay: [36m[Getter][39m,
      overwriteChainableMethod: [36m[Getter][39m,
      overwriteMethod: [36m[Getter][39m,
      overwriteProperty: [36m[Getter][39m,
      proxify: [36m[Getter][39m,
      test: [36m[Getter][39m,
      transferFlags: [36m[Getter][39m,
      type: [36m[Getter][39m
    }
  },
  expect: [Function: expect] {
    fail: [36m[Function (anonymous)][39m,
    extend: [36m[Function (anonymous)][39m,
    addSnapshotSerializer: [36m[Function: methodWrapper][39m,
    anything: [36m[Function: methodWrapper][39m,
    any: [36m[Function: methodWrapper][39m,
    stringContaining: [36m[Function: methodWrapper][39m,
    objectContaining: [36m[Function: methodWrapper][39m,
    arrayContaining: [36m[Function: methodWrapper][39m,
    stringMatching: [36m[Function: methodWrapper][39m,
    closeTo: [36m[Function: methodWrapper][39m,
    schemaMatching: [36m[Function: methodWrapper][39m,
    not: {
      stringContaining: [36m[Function: stringContaining][39m,
      objectContaining: [36m[Function: objectContaining][39m,
      arrayContaining: [36m[Function: arrayContaining][39m,
      stringMatching: [36m[Function: stringMatching][39m,
      closeTo: [36m[Function: closeTo][39m,
      schemaMatching: [36m[Function: schemaMatching][39m,
      toSatisfy: [36m[Function: value][39m,
      toBeOneOf: [36m[Function: value][39m
    },
    getState: [36m[Function (anonymous)][39m,
    setState: [36m[Function (anonymous)][39m,
    assert: [Function: assert] {
      fail: [36m[Function (anonymous)][39m,
      isOk: [36m[Function (anonymous)][39m,
      isNotOk: [36m[Function (anonymous)][39m,
      equal: [36m[Function (anonymous)][39m,
      notEqual: [36m[Function (anonymous)][39m,
      strictEqual: [36m[Function (anonymous)][39m,
      notStrictEqual: [36m[Function (anonymous)][39m,
      deepStrictEqual: [36m[Function (anonymous)][39m,
      deepEqual: [36m[Function (anonymous)][39m,
      notDeepEqual: [36m[Function (anonymous)][39m,
      isAbove: [36m[Function (anonymous)][39m,
      isAtLeast: [36m[Function (anonymous)][39m,
      isBelow: [36m[Function (anonymous)][39m,
      isAtMost: [36m[Function (anonymous)][39m,
      isTrue: [36m[Function (anonymous)][39m,
      isNotTrue: [36m[Function (anonymous)][39m,
      isFalse: [36m[Function (anonymous)][39m,
      isNotFalse: [36m[Function (anonymous)][39m,
      isNull: [36m[Function (anonymous)][39m,
      isNotNull: [36m[Function (anonymous)][39m,
      isNaN: [36m[Function (anonymous)][39m,
      isNotNaN: [36m[Function (anonymous)][39m,
      exists: [36m[Function (anonymous)][39m,
      notExists: [36m[Function (anonymous)][39m,
      isUndefined: [36m[Function (anonymous)][39m,
      isDefined: [36m[Function (anonymous)][39m,
      isCallable: [36m[Function (anonymous)][39m,
      isNotCallable: [36m[Function (anonymous)][39m,
      isObject: [36m[Function (anonymous)][39m,
      isNotObject: [36m[Function (anonymous)][39m,
      isArray: [36m[Function (anonymous)][39m,
      isNotArray: [36m[Function (anonymous)][39m,
      isString: [36m[Function (anonymous)][39m,
      isNotString: [36m[Function (anonymous)][39m,
      isNumber: [36m[Function (anonymous)][39m,
      isNotNumber: [36m[Function (anonymous)][39m,
      isNumeric: [36m[Function (anonymous)][39m,
      isNotNumeric: [36m[Function (anonymous)][39m,
      isFinite: [36m[Function (anonymous)][39m,
      isBoolean: [36m[Function (anonymous)][39m,
      isNotBoolean: [36m[Function (anonymous)][39m,
      typeOf: [36m[Function (anonymous)][39m,
      notTypeOf: [36m[Function (anonymous)][39m,
      instanceOf: [36m[Function (anonymous)][39m,
      notInstanceOf: [36m[Function (anonymous)][39m,
      include: [36m[Function (anonymous)][39m,
      notInclude: [36m[Function (anonymous)][39m,
      deepInclude: [36m[Function (anonymous)][39m,
      notDeepInclude: [36m[Function (anonymous)][39m,
      nestedInclude: [36m[Function (anonymous)][39m,
      notNestedInclude: [36m[Function (anonymous)][39m,
      deepNestedInclude: [36m[Function (anonymous)][39m,
      notDeepNestedInclude: [36m[Function (anonymous)][39m,
      ownInclude: [36m[Function (anonymous)][39m,
      notOwnInclude: [36m[Function (anonymous)][39m,
      deepOwnInclude: [36m[Function (anonymous)][39m,
      notDeepOwnInclude: [36m[Function (anonymous)][39m,
      match: [36m[Function (anonymous)][39m,
      notMatch: [36m[Function (anonymous)][39m,
      property: [36m[Function (anonymous)][39m,
      notProperty: [36m[Function (anonymous)][39m,
      propertyVal: [36m[Function (anonymous)][39m,
      notPropertyVal: [36m[Function (anonymous)][39m,
      deepPropertyVal: [36m[Function (anonymous)][39m,
      notDeepPropertyVal: [36m[Function (anonymous)][39m,
      ownProperty: [36m[Function (anonymous)][39m,
      notOwnProperty: [36m[Function (anonymous)][39m,
      ownPropertyVal: [36m[Function (anonymous)][39m,
      notOwnPropertyVal: [36m[Function (anonymous)][39m,
      deepOwnPropertyVal: [36m[Function (anonymous)][39m,
      notDeepOwnPropertyVal: [36m[Function (anonymous)][39m,
      nestedProperty: [36m[Function (anonymous)][39m,
      notNestedProperty: [36m[Function (anonymous)][39m,
      nestedPropertyVal: [36m[Function (anonymous)][39m,
      notNestedPropertyVal: [36m[Function (anonymous)][39m,
      deepNestedPropertyVal: [36m[Function (anonymous)][39m,
      notDeepNestedPropertyVal: [36m[Function (anonymous)][39m,
      lengthOf: [36m[Function (anonymous)][39m,
      hasAnyKeys: [36m[Function (anonymous)][39m,
      hasAllKeys: [36m[Function (anonymous)][39m,
      containsAllKeys: [36m[Function (anonymous)][39m,
      doesNotHaveAnyKeys: [36m[Function (anonymous)][39m,
      doesNotHaveAllKeys: [36m[Function (anonymous)][39m,
      hasAnyDeepKeys: [36m[Function (anonymous)][39m,
      hasAllDeepKeys: [36m[Function (anonymous)][39m,
      containsAllDeepKeys: [36m[Function (anonymous)][39m,
      doesNotHaveAnyDeepKeys: [36m[Function (anonymous)][39m,
      doesNotHaveAllDeepKeys: [36m[Function (anonymous)][39m,
      throws: [36m[Function (anonymous)][39m,
      doesNotThrow: [36m[Function (anonymous)][39m,
      operator: [36m[Function (anonymous)][39m,
      closeTo: [36m[Function (anonymous)][39m,
      approximately: [36m[Function (anonymous)][39m,
      sameMembers: [36m[Function (anonymous)][39m,
      notSameMembers: [36m[Function (anonymous)][39m,
      sameDeepMembers: [36m[Function (anonymous)][39m,
      notSameDeepMembers: [36m[Function (anonymous)][39m,
      sameOrderedMembers: [36m[Function (anonymous)][39m,
      notSameOrderedMembers: [36m[Function (anonymous)][39m,
      sameDeepOrderedMembers: [36m[Function (anonymous)][39m,
      notSameDeepOrderedMembers: [36m[Function (anonymous)][39m,
      includeMembers: [36m[Function (anonymous)][39m,
      notIncludeMembers: [36m[Function (anonymous)][39m,
      includeDeepMembers: [36m[Function (anonymous)][39m,
      notIncludeDeepMembers: [36m[Function (anonymous)][39m,
      includeOrderedMembers: [36m[Function (anonymous)][39m,
      notIncludeOrderedMembers: [36m[Function (anonymous)][39m,
      includeDeepOrderedMembers: [36m[Function (anonymous)][39m,
      notIncludeDeepOrderedMembers: [36m[Function (anonymous)][39m,
      oneOf: [36m[Function (anonymous)][39m,
      isIterable: [36m[Function (anonymous)][39m,
      changes: [36m[Function (anonymous)][39m,
      changesBy: [36m[Function (anonymous)][39m,
      doesNotChange: [36m[Function (anonymous)][39m,
      changesButNotBy: [36m[Function (anonymous)][39m,
      increases: [36m[Function (anonymous)][39m,
      increasesBy: [36m[Function (anonymous)][39m,
      doesNotIncrease: [36m[Function (anonymous)][39m,
      increasesButNotBy: [36m[Function (anonymous)][39m,
      decreases: [36m[Function (anonymous)][39m,
      decreasesBy: [36m[Function (anonymous)][39m,
      doesNotDecrease: [36m[Function (anonymous)][39m,
      doesNotDecreaseBy: [36m[Function (anonymous)][39m,
      decreasesButNotBy: [36m[Function (anonymous)][39m,
      ifError: [36m[Function (anonymous)][39m,
      isExtensible: [36m[Function (anonymous)][39m,
      isNotExtensible: [36m[Function (anonymous)][39m,
      isSealed: [36m[Function (anonymous)][39m,
      isNotSealed: [36m[Function (anonymous)][39m,
      isFrozen: [36m[Function (anonymous)][39m,
      isNotFrozen: [36m[Function (anonymous)][39m,
      isEmpty: [36m[Function (anonymous)][39m,
      isNotEmpty: [36m[Function (anonymous)][39m,
      containsSubset: [36m[Function (anonymous)][39m,
      doesNotContainSubset: [36m[Function (anonymous)][39m,
      ok: [36m[Function (anonymous)][39m,
      notOk: [36m[Function (anonymous)][39m,
      throw: [36m[Function (anonymous)][39m,
      Throw: [36m[Function (anonymous)][39m,
      extensible: [36m[Function (anonymous)][39m,
      notExtensible: [36m[Function (anonymous)][39m,
      sealed: [36m[Function (anonymous)][39m,
      notSealed: [36m[Function (anonymous)][39m,
      frozen: [36m[Function (anonymous)][39m,
      notFrozen: [36m[Function (anonymous)][39m,
      empty: [36m[Function (anonymous)][39m,
      notEmpty: [36m[Function (anonymous)][39m,
      isFunction: [36m[Function (anonymous)][39m,
      isNotFunction: [36m[Function (anonymous)][39m,
      containSubset: [36m[Function (anonymous)][39m
    },
    addEqualityTesters: [36m[Function (anonymous)][39m,
    soft: [36m[Function (anonymous)][39m,
    poll: [36m[Function: poll][39m,
    unreachable: [36m[Function (anonymous)][39m,
    assertions: [36m[Function: methodWrapper][39m,
    hasAssertions: [36m[Function: methodWrapper][39m,
    toSatisfy: [36m[Function: customMatcher][39m,
    toBeOneOf: [36m[Function: customMatcher][39m
  },
  assert: [Function: assert] {
    fail: [36m[Function (anonymous)][39m,
    isOk: [36m[Function (anonymous)][39m,
    isNotOk: [36m[Function (anonymous)][39m,
    equal: [36m[Function (anonymous)][39m,
    notEqual: [36m[Function (anonymous)][39m,
    strictEqual: [36m[Function (anonymous)][39m,
    notStrictEqual: [36m[Function (anonymous)][39m,
    deepStrictEqual: [36m[Function (anonymous)][39m,
    deepEqual: [36m[Function (anonymous)][39m,
    notDeepEqual: [36m[Function (anonymous)][39m,
    isAbove: [36m[Function (anonymous)][39m,
    isAtLeast: [36m[Function (anonymous)][39m,
    isBelow: [36m[Function (anonymous)][39m,
    isAtMost: [36m[Function (anonymous)][39m,
    isTrue: [36m[Function (anonymous)][39m,
    isNotTrue: [36m[Function (anonymous)][39m,
    isFalse: [36m[Function (anonymous)][39m,
    isNotFalse: [36m[Function (anonymous)][39m,
    isNull: [36m[Function (anonymous)][39m,
    isNotNull: [36m[Function (anonymous)][39m,
    isNaN: [36m[Function (anonymous)][39m,
    isNotNaN: [36m[Function (anonymous)][39m,
    exists: [36m[Function (anonymous)][39m,
    notExists: [36m[Function (anonymous)][39m,
    isUndefined: [36m[Function (anonymous)][39m,
    isDefined: [36m[Function (anonymous)][39m,
    isCallable: [36m[Function (anonymous)][39m,
    isNotCallable: [36m[Function (anonymous)][39m,
    isObject: [36m[Function (anonymous)][39m,
    isNotObject: [36m[Function (anonymous)][39m,
    isArray: [36m[Function (anonymous)][39m,
    isNotArray: [36m[Function (anonymous)][39m,
    isString: [36m[Function (anonymous)][39m,
    isNotString: [36m[Function (anonymous)][39m,
    isNumber: [36m[Function (anonymous)][39m,
    isNotNumber: [36m[Function (anonymous)][39m,
    isNumeric: [36m[Function (anonymous)][39m,
    isNotNumeric: [36m[Function (anonymous)][39m,
    isFinite: [36m[Function (anonymous)][39m,
    isBoolean: [36m[Function (anonymous)][39m,
    isNotBoolean: [36m[Function (anonymous)][39m,
    typeOf: [36m[Function (anonymous)][39m,
    notTypeOf: [36m[Function (anonymous)][39m,
    instanceOf: [36m[Function (anonymous)][39m,
    notInstanceOf: [36m[Function (anonymous)][39m,
    include: [36m[Function (anonymous)][39m,
    notInclude: [36m[Function (anonymous)][39m,
    deepInclude: [36m[Function (anonymous)][39m,
    notDeepInclude: [36m[Function (anonymous)][39m,
    nestedInclude: [36m[Function (anonymous)][39m,
    notNestedInclude: [36m[Function (anonymous)][39m,
    deepNestedInclude: [36m[Function (anonymous)][39m,
    notDeepNestedInclude: [36m[Function (anonymous)][39m,
    ownInclude: [36m[Function (anonymous)][39m,
    notOwnInclude: [36m[Function (anonymous)][39m,
    deepOwnInclude: [36m[Function (anonymous)][39m,
    notDeepOwnInclude: [36m[Function (anonymous)][39m,
    match: [36m[Function (anonymous)][39m,
    notMatch: [36m[Function (anonymous)][39m,
    property: [36m[Function (anonymous)][39m,
    notProperty: [36m[Function (anonymous)][39m,
    propertyVal: [36m[Function (anonymous)][39m,
    notPropertyVal: [36m[Function (anonymous)][39m,
    deepPropertyVal: [36m[Function (anonymous)][39m,
    notDeepPropertyVal: [36m[Function (anonymous)][39m,
    ownProperty: [36m[Function (anonymous)][39m,
    notOwnProperty: [36m[Function (anonymous)][39m,
    ownPropertyVal: [36m[Function (anonymous)][39m,
    notOwnPropertyVal: [36m[Function (anonymous)][39m,
    deepOwnPropertyVal: [36m[Function (anonymous)][39m,
    notDeepOwnPropertyVal: [36m[Function (anonymous)][39m,
    nestedProperty: [36m[Function (anonymous)][39m,
    notNestedProperty: [36m[Function (anonymous)][39m,
    nestedPropertyVal: [36m[Function (anonymous)][39m,
    notNestedPropertyVal: [36m[Function (anonymous)][39m,
    deepNestedPropertyVal: [36m[Function (anonymous)][39m,
    notDeepNestedPropertyVal: [36m[Function (anonymous)][39m,
    lengthOf: [36m[Function (anonymous)][39m,
    hasAnyKeys: [36m[Function (anonymous)][39m,
    hasAllKeys: [36m[Function (anonymous)][39m,
    containsAllKeys: [36m[Function (anonymous)][39m,
    doesNotHaveAnyKeys: [36m[Function (anonymous)][39m,
    doesNotHaveAllKeys: [36m[Function (anonymous)][39m,
    hasAnyDeepKeys: [36m[Function (anonymous)][39m,
    hasAllDeepKeys: [36m[Function (anonymous)][39m,
    containsAllDeepKeys: [36m[Function (anonymous)][39m,
    doesNotHaveAnyDeepKeys: [36m[Function (anonymous)][39m,
    doesNotHaveAllDeepKeys: [36m[Function (anonymous)][39m,
    throws: [36m[Function (anonymous)][39m,
    doesNotThrow: [36m[Function (anonymous)][39m,
    operator: [36m[Function (anonymous)][39m,
    closeTo: [36m[Function (anonymous)][39m,
    approximately: [36m[Function (anonymous)][39m,
    sameMembers: [36m[Function (anonymous)][39m,
    notSameMembers: [36m[Function (anonymous)][39m,
    sameDeepMembers: [36m[Function (anonymous)][39m,
    notSameDeepMembers: [36m[Function (anonymous)][39m,
    sameOrderedMembers: [36m[Function (anonymous)][39m,
    notSameOrderedMembers: [36m[Function (anonymous)][39m,
    sameDeepOrderedMembers: [36m[Function (anonymous)][39m,
    notSameDeepOrderedMembers: [36m[Function (anonymous)][39m,
    includeMembers: [36m[Function (anonymous)][39m,
    notIncludeMembers: [36m[Function (anonymous)][39m,
    includeDeepMembers: [36m[Function (anonymous)][39m,
    notIncludeDeepMembers: [36m[Function (anonymous)][39m,
    includeOrderedMembers: [36m[Function (anonymous)][39m,
    notIncludeOrderedMembers: [36m[Function (anonymous)][39m,
    includeDeepOrderedMembers: [36m[Function (anonymous)][39m,
    notIncludeDeepOrderedMembers: [36m[Function (anonymous)][39m,
    oneOf: [36m[Function (anonymous)][39m,
    isIterable: [36m[Function (anonymous)][39m,
    changes: [36m[Function (anonymous)][39m,
    changesBy: [36m[Function (anonymous)][39m,
    doesNotChange: [36m[Function (anonymous)][39m,
    changesButNotBy: [36m[Function (anonymous)][39m,
    increases: [36m[Function (anonymous)][39m,
    increasesBy: [36m[Function (anonymous)][39m,
    doesNotIncrease: [36m[Function (anonymous)][39m,
    increasesButNotBy: [36m[Function (anonymous)][39m,
    decreases: [36m[Function (anonymous)][39m,
    decreasesBy: [36m[Function (anonymous)][39m,
    doesNotDecrease: [36m[Function (anonymous)][39m,
    doesNotDecreaseBy: [36m[Function (anonymous)][39m,
    decreasesButNotBy: [36m[Function (anonymous)][39m,
    ifError: [36m[Function (anonymous)][39m,
    isExtensible: [36m[Function (anonymous)][39m,
    isNotExtensible: [36m[Function (anonymous)][39m,
    isSealed: [36m[Function (anonymous)][39m,
    isNotSealed: [36m[Function (anonymous)][39m,
    isFrozen: [36m[Function (anonymous)][39m,
    isNotFrozen: [36m[Function (anonymous)][39m,
    isEmpty: [36m[Function (anonymous)][39m,
    isNotEmpty: [36m[Function (anonymous)][39m,
    containsSubset: [36m[Function (anonymous)][39m,
    doesNotContainSubset: [36m[Function (anonymous)][39m,
    ok: [36m[Function (anonymous)][39m,
    notOk: [36m[Function (anonymous)][39m,
    throw: [36m[Function (anonymous)][39m,
    Throw: [36m[Function (anonymous)][39m,
    extensible: [36m[Function (anonymous)][39m,
    notExtensible: [36m[Function (anonymous)][39m,
    sealed: [36m[Function (anonymous)][39m,
    notSealed: [36m[Function (anonymous)][39m,
    frozen: [36m[Function (anonymous)][39m,
    notFrozen: [36m[Function (anonymous)][39m,
    empty: [36m[Function (anonymous)][39m,
    notEmpty: [36m[Function (anonymous)][39m,
    isFunction: [36m[Function (anonymous)][39m,
    isNotFunction: [36m[Function (anonymous)][39m,
    containSubset: [36m[Function (anonymous)][39m
  },
  expectTypeOf: [36m[Function: expectTypeOf][39m,
  assertType: [36m[Function: assertType][39m,
  vitest: {
    useFakeTimers: [36m[Function: useFakeTimers][39m,
    isFakeTimers: [36m[Function: isFakeTimers][39m,
    useRealTimers: [36m[Function: useRealTimers][39m,
    runOnlyPendingTimers: [36m[Function: runOnlyPendingTimers][39m,
    runOnlyPendingTimersAsync: [36m[AsyncFunction: runOnlyPendingTimersAsync][39m,
    runAllTimers: [36m[Function: runAllTimers][39m,
    runAllTimersAsync: [36m[AsyncFunction: runAllTimersAsync][39m,
    runAllTicks: [36m[Function: runAllTicks][39m,
    advanceTimersByTime: [36m[Function: advanceTimersByTime][39m,
    advanceTimersByTimeAsync: [36m[AsyncFunction: advanceTimersByTimeAsync][39m,
    advanceTimersToNextTimer: [36m[Function: advanceTimersToNextTimer][39m,
    advanceTimersToNextTimerAsync: [36m[AsyncFunction: advanceTimersToNextTimerAsync][39m,
    advanceTimersToNextFrame: [36m[Function: advanceTimersToNextFrame][39m,
    getTimerCount: [36m[Function: getTimerCount][39m,
    setSystemTime: [36m[Function: setSystemTime][39m,
    getMockedSystemTime: [36m[Function: getMockedSystemTime][39m,
    getRealSystemTime: [36m[Function: getRealSystemTime][39m,
    clearAllTimers: [36m[Function: clearAllTimers][39m,
    spyOn: [36m[Function: spyOn][39m,
    fn: [36m[Function: fn][39m,
    waitFor: [36m[Function: waitFor][39m,
    waitUntil: [36m[Function: waitUntil][39m,
    hoisted: [36m[Function: hoisted][39m,
    mock: [36m[Function: mock][39m,
    unmock: [36m[Function: unmock][39m,
    doMock: [36m[Function: doMock][39m,
    doUnmock: [36m[Function: doUnmock][39m,
    importActual: [36m[AsyncFunction: importActual][39m,
    importMock: [36m[AsyncFunction: importMock][39m,
    mockObject: [36m[Function: mockObject][39m,
    mocked: [36m[Function: mocked][39m,
    isMockFunction: [36m[Function: isMockFunction][39m,
    clearAllMocks: [36m[Function: clearAllMocks][39m,
    resetAllMocks: [36m[Function: resetAllMocks][39m,
    restoreAllMocks: [36m[Function: restoreAllMocks][39m,
    stubGlobal: [36m[Function: stubGlobal][39m,
    stubEnv: [36m[Function: stubEnv][39m,
    unstubAllGlobals: [36m[Function: unstubAllGlobals][39m,
    unstubAllEnvs: [36m[Function: unstubAllEnvs][39m,
    resetModules: [36m[Function: resetModules][39m,
    dynamicImportSettled: [36m[AsyncFunction: dynamicImportSettled][39m,
    setConfig: [36m[Function: setConfig][39m,
    resetConfig: [36m[Function: resetConfig][39m
  },
  vi: {
    useFakeTimers: [36m[Function: useFakeTimers][39m,
    isFakeTimers: [36m[Function: isFakeTimers][39m,
    useRealTimers: [36m[Function: useRealTimers][39m,
    runOnlyPendingTimers: [36m[Function: runOnlyPendingTimers][39m,
    runOnlyPendingTimersAsync: [36m[AsyncFunction: runOnlyPendingTimersAsync][39m,
    runAllTimers: [36m[Function: runAllTimers][39m,
    runAllTimersAsync: [36m[AsyncFunction: runAllTimersAsync][39m,
    runAllTicks: [36m[Function: runAllTicks][39m,
    advanceTimersByTime: [36m[Function: advanceTimersByTime][39m,
    advanceTimersByTimeAsync: [36m[AsyncFunction: advanceTimersByTimeAsync][39m,
    advanceTimersToNextTimer: [36m[Function: advanceTimersToNextTimer][39m,
    advanceTimersToNextTimerAsync: [36m[AsyncFunction: advanceTimersToNextTimerAsync][39m,
    advanceTimersToNextFrame: [36m[Function: advanceTimersToNextFrame][39m,
    getTimerCount: [36m[Function: getTimerCount][39m,
    setSystemTime: [36m[Function: setSystemTime][39m,
    getMockedSystemTime: [36m[Function: getMockedSystemTime][39m,
    getRealSystemTime: [36m[Function: getRealSystemTime][39m,
    clearAllTimers: [36m[Function: clearAllTimers][39m,
    spyOn: [36m[Function: spyOn][39m,
    fn: [36m[Function: fn][39m,
    waitFor: [36m[Function: waitFor][39m,
    waitUntil: [36m[Function: waitUntil][39m,
    hoisted: [36m[Function: hoisted][39m,
    mock: [36m[Function: mock][39m,
    unmock: [36m[Function: unmock][39m,
    doMock: [36m[Function: doMock][39m,
    doUnmock: [36m[Function: doUnmock][39m,
    importActual: [36m[AsyncFunction: importActual][39m,
    importMock: [36m[AsyncFunction: importMock][39m,
    mockObject: [36m[Function: mockObject][39m,
    mocked: [36m[Function: mocked][39m,
    isMockFunction: [36m[Function: isMockFunction][39m,
    clearAllMocks: [36m[Function: clearAllMocks][39m,
    resetAllMocks: [36m[Function: resetAllMocks][39m,
    restoreAllMocks: [36m[Function: restoreAllMocks][39m,
    stubGlobal: [36m[Function: stubGlobal][39m,
    stubEnv: [36m[Function: stubEnv][39m,
    unstubAllGlobals: [36m[Function: unstubAllGlobals][39m,
    unstubAllEnvs: [36m[Function: unstubAllEnvs][39m,
    resetModules: [36m[Function: resetModules][39m,
    dynamicImportSettled: [36m[AsyncFunction: dynamicImportSettled][39m,
    setConfig: [36m[Function: setConfig][39m,
    resetConfig: [36m[Function: resetConfig][39m
  },
  beforeAll: [36m[Function: beforeAll][39m,
  afterAll: [36m[Function: afterAll][39m,
  beforeEach: [36m[Function: beforeEach][39m,
  afterEach: [36m[Function: afterEach][39m,
  onTestFinished: [36m[Function (anonymous)][39m,
  onTestFailed: [36m[Function (anonymous)][39m,
  __vitest_required__: {
    util: {
      _errnoException: [36m[Function: _errnoException][39m,
      _exceptionWithHostPort: [36m[Function: _exceptionWithHostPort][39m,
      _extend: [36m[Function: deprecated][39m,
      callbackify: [36m[Function: callbackify][39m,
      debug: [36m[Function: debuglog][39m,
      debuglog: [36m[Function: debuglog][39m,
      deprecate: [36m[Function: deprecate][39m,
      format: [36m[Function: format][39m,
      styleText: [36m[Function: styleText][39m,
      formatWithOptions: [36m[Function: formatWithOptions][39m,
      getCallSite: [36m[Function: deprecated][39m,
      getCallSites: [36m[Function: getCallSites][39m,
      getSystemErrorMap: [36m[Function: getSystemErrorMap][39m,
      getSystemErrorName: [36m[Function: getSystemErrorName][39m,
      getSystemErrorMessage: [36m[Function: getSystemErrorMessage][39m,
      inherits: [36m[Function: inherits][39m,
      inspect: [36m[Function][39m,
      isArray: [36m[Function: deprecated][39m,
      isBoolean: [36m[Function: deprecated][39m,
      isBuffer: [36m[Function: deprecated][39m,
      isDeepStrictEqual: [36m[Function: isDeepStrictEqual][39m,
      isNull: [36m[Function: deprecated][39m,
      isNullOrUndefined: [36m[Function: deprecated][39m,
      isNumber: [36m[Function: deprecated][39m,
      isString: [36m[Function: deprecated][39m,
      isSymbol: [36m[Function: deprecated][39m,
      isUndefined: [36m[Function: deprecated][39m,
      isRegExp: [36m[Function: deprecated][39m,
 [32mΓ£ô[39m src/components/__tests__/dye-preview-overlay.test.ts[2m > [22mDyePreviewOverlay[2m > [22mShow Preview[2m > [22mshould display dye name[32m 42[2mms[22m[39m
 [32mΓ£ô[39m src/components/__tests__/dye-preview-overlay.test.ts[2m > [22mDyePreviewOverlay[2m > [22mShow Preview[2m > [22mshould display hex comparison[32m 9[2mms[22m[39m
 [31m├ù[39m src/components/__tests__/dye-preview-overlay.test.ts[2m > [22mDyePreviewOverlay[2m > [22mShow Preview[2m > [22mshould remove previous overlay before showing new one[32m 38[2mms[22m[39m
[31m   ΓåÆ A function to advance timers was called but the timers APIs are not mocked. Call `vi.useFakeTimers()` in the test file first.[39m
 [32mΓ£ô[39m src/components/__tests__/dye-preview-overlay.test.ts[2m > [22mDyePreviewOverlay[2m > [22mShow Preview[2m > [22mshould not create overlay if no canvas container[32m 2[2mms[22m[39m
 [32mΓ£ô[39m src/components/__tests__/dye-preview-overlay.test.ts[2m > [22mDyePreviewOverlay[2m > [22mHide Preview[2m > [22mshould fade out overlay[32m 11[2mms[22m[39m
 [32mΓ£ô[39m src/components/__tests__/dye-preview-overlay.test.ts[2m > [22mDyePreviewOverlay[2m > [22mHide Preview[2m > [22mshould remove overlay after animation[32m 7[2mms[22m[39m
 [32mΓ£ô[39m src/components/__tests__/dye-preview-overlay.test.ts[2m > [22mDyePreviewOverlay[2m > [22mHide Preview[2m > [22mshould do nothing if no overlay exists[32m 1[2mms[22m[39m
 [31m├ù[39m src/components/__tests__/dye-preview-overlay.test.ts[2m > [22mDyePreviewOverlay[2m > [22mViewport Boundary Handling[2m > [22mshould adjust position when near right edge[32m 7[2mms[22m[39m
[31m   ΓåÆ expected 1144 to be less than 1024[39m
 [32mΓ£ô[39m src/components/__tests__/dye-preview-overlay.test.ts[2m > [22mDyePreviewOverlay[2m > [22mViewport Boundary Handling[2m > [22mshould adjust position when near top edge[32m 5[2mms[22m[39m
 [32mΓ£ô[39m src/components/__tests__/dye-preview-overlay.test.ts[2m > [22mDyePreviewOverlay[2m > [22mCleanup[2m > [22mshould hide preview on unmount[32m 5[2mms[22m[39m
 [32mΓ£ô[39m src/components/__tests__/color-matcher-tool.test.ts[2m > [22mColorMatcherTool[2m > [22mevent handling[2m > [22mshould handle refresh-requested event[32m 52[2mms[22m[39m
 [32mΓ£ô[39m src/components/__tests__/color-matcher-tool.test.ts[2m > [22mColorMatcherTool[2m > [22mevent handling[2m > [22mshould not fetch prices when showPrices is false[32m 7[2mms[22m[39m
 [31m├ù[39m src/components/__tests__/color-matcher-tool.test.ts[2m > [22mColorMatcherTool[2m > [22mevent handling[2m > [22mshould handle color-selected event from color picker[32m 8[2mms[22m[39m
[31m   ΓåÆ expected "findClosestDye" to be called with arguments: [ '#AABBCC' ][90m

Number of calls: [1m0[22m
[31m[39m
 [32mΓ£ô[39m src/components/__tests__/color-matcher-tool.test.ts[2m > [22mColorMatcherTool[2m > [22mlifecycle[2m > [22mshould initialize all child components[32m 13[2mms[22m[39m
 [32mΓ£ô[39m src/components/__tests__/color-matcher-tool.test.ts[2m > [22mColorMatcherTool[2m > [22mlifecycle[2m > [22mshould cleanup on destroy[32m 7[2mms[22m[39m
 [32mΓ£ô[39m src/components/__tests__/color-matcher-tool.test.ts[2m > [22mColorMatcherTool[2m > [22mlifecycle[2m > [22mshould handle update cycle[32m 17[2mms[22m[39m
 [32mΓ£ô[39m src/components/__tests__/color-matcher-tool.test.ts[2m > [22mColorMatcherTool[2m > [22medge cases[2m > [22mshould handle empty results container gracefully[32m 8[2mms[22m[39m
 [32mΓ£ô[39m src/components/__tests__/color-matcher-tool.test.ts[2m > [22mColorMatcherTool[2m > [22medge cases[2m > [22mshould handle matchColor without results container[32m 20[2mms[22m[39m
 [32mΓ£ô[39m src/components/__tests__/color-matcher-tool.test.ts[2m > [22mColorMatcherTool[2m > [22mrefreshResults branch coverage[2m > [22mshould handle empty matchedDyes gracefully[32m 16[2mms[22m[39m
 [31m├ù[39m src/components/__tests__/dye-mixer-tool.test.ts[2m > [22mDyeMixerTool[2m > [22mdeleteSavedGradient branches[2m > [22mshould show error for invalid index[32m 14[2mms[22m[39m
[31m   ΓåÆ The property "showToast" is not defined on the object.[39m
 [31m├ù[39m src/components/__tests__/dye-mixer-tool.test.ts[2m > [22mDyeMixerTool[2m > [22mcopyShareUrl branches[2m > [22mshould show error when less than 2 dyes[32m 10[2mms[22m[39m
[31m   ΓåÆ The property "showToast" is not defined on the object.[39m
 [32mΓ£ô[39m src/components/__tests__/dye-mixer-tool.test.ts[2m > [22mDyeMixerTool[2m > [22mearly returns[2m > [22mshould handle toggleSavedGradientsPanel when container missing[32m 6[2mms[22m[39m
 [32mΓ£ô[39m src/components/__tests__/dye-mixer-tool.test.ts[2m > [22mDyeMixerTool[2m > [22mearly returns[2m > [22mshould handle updateInterpolation when container missing[32m 9[2mms[22m[39m
 [32mΓ£ô[39m src/components/__tests__/dye-mixer-tool.test.ts[2m > [22mDyeMixerTool[2m > [22mgetPaletteData edges[2m > [22mshould handle empty selectedDyes[32m 8[2mms[22m[39m
 [32mΓ£ô[39m src/components/__tests__/dye-mixer-tool.test.ts[2m > [22mDyeMixerTool[2m > [22mgetPaletteData edges[2m > [22mshould filter null matchedDye from steps[32m 12[2mms[22m[39m
 [32mΓ£ô[39m src/components/__tests__/dye-mixer-tool.test.ts[2m > [22mDyeMixerTool[2m > [22monMount method[2m > [22mshould subscribe to LanguageService changes[32m 6[2mms[22m[39m
 [31m├ù[39m src/components/__tests__/dye-mixer-tool.test.ts[2m > [22mDyeMixerTool[2m > [22monMount method[2m > [22mshould call update when language changes[32m 10[2mms[22m[39m
[31m   ΓåÆ expected "update" to be called at least once[39m
 [32mΓ£ô[39m src/components/__tests__/dye-mixer-tool.test.ts[2m > [22mDyeMixerTool[2m > [22monMount method[2m > [22mshould call updateInterpolation after timeout[32m 10[2mms[22m[39m
 [32mΓ£ô[39m src/components/__tests__/dye-mixer-tool.test.ts[2m > [22mDyeMixerTool[2m > [22mbindEvents child components[2m > [22mshould initialize DyeSelector[32m 6[2mms[22m[39m
 [32mΓ£ô[39m src/components/__tests__/dye-mixer-tool.test.ts[2m > [22mDyeMixerTool[2m > [22mbindEvents child components[2m > [22mshould initialize DyeFilters[32m 9[2mms[22m[39m
 [32mΓ£ô[39m src/components/__tests__/dye-mixer-tool.test.ts[2m > [22mDyeMixerTool[2m > [22mbindEvents child components[2m > [22mshould initialize PaletteExporter[32m 8[2mms[22m[39m
 [32mΓ£ô[39m src/components/__tests__/dye-filters.test.ts[2m > [22mDyeFilters[2m > [22mgetFilters[2m > [22mshould return current filter configuration[32m 11[2mms[22m[39m
 [32mΓ£ô[39m src/components/__tests__/dye-filters.test.ts[2m > [22mDyeFilters[2m > [22mgetFilters[2m > [22mshould return copy of filters (not reference)[32m 6[2mms[22m[39m
 [32mΓ£ô[39m src/components/__tests__/dye-filters.test.ts[2m > [22mDyeFilters[2m > [22mgetFilters[2m > [22mshould start with all filters disabled[32m 6[2mms[22m[39m
 [32mΓ£ô[39m src/components/__tests__/dye-filters.test.ts[2m > [22mDyeFilters[2m > [22msetFilters[2m > [22mshould update filter values via checkbox interaction[32m 30[2mms[22m[39m
 [32mΓ£ô[39m src/components/__tests__/dye-filters.test.ts[2m > [22mDyeFilters[2m > [22msetFilters[2m > [22mshould reflect checkbox state in filters[32m 17[2mms[22m[39m
 [32mΓ£ô[39m src/components/__tests__/dye-filters.test.ts[2m > [22mDyeFilters[2m > [22mevents[2m > [22mshould call onFilterChange callback when filters change[32m 5[2mms[22m[39m
 [32mΓ£ô[39m src/components/__tests__/dye-filters.test.ts[2m > [22mDyeFilters[2m > [22mevents[2m > [22mshould dispatch dye-filters-changed event[32m 6[2mms[22m[39m
 [32mΓ£ô[39m src/components/__tests__/dye-filters.test.ts[2m > [22mDyeFilters[2m > [22mevents[2m > [22mshould include filters in event detail[32m 17[2mms[22m[39m
 [32mΓ£ô[39m src/components/__tests__/dye-filters.test.ts[2m > [22mDyeFilters[2m > [22moptions[2m > [22mshould use custom storage key prefix[32m 6[2mms[22m[39m
 [31m├ù[39m src/components/__tests__/dye-selector.test.ts[2m > [22mDyeSelector[2m > [22mClear Functionality[2m > [22mshould emit selection-changed event when cleared[32m 22[2mms[22m[39m
[31m   ΓåÆ expected "vi.fn()" to be called 1 times, but got 2 times[39m
 [31m├ù[39m src/components/__tests__/dye-selector.test.ts[2m > [22mDyeSelector[2m > [22mRemove Dye[2m > [22mshould remove individual dyes from selection[32m 77[2mms[22m[39m
[31m   ΓåÆ expected +0 to be 2 // Object.is equality[39m
 [32mΓ£ô[39m src/components/__tests__/tutorial-spotlight.test.ts[2m > [22mTutorialSpotlight[2m > [22mInitialization[2m > [22mshould create spotlight container[32m 50[2mms[22m[39m
 [32mΓ£ô[39m src/components/__tests__/tutorial-spotlight.test.ts[2m > [22mTutorialSpotlight[2m > [22mInitialization[2m > [22mshould set proper ARIA attributes[32m 26[2mms[22m[39m
 [32mΓ£ô[39m src/components/__tests__/tutorial-spotlight.test.ts[2m > [22mTutorialSpotlight[2m > [22mInitialization[2m > [22mshould be hidden initially[32m 14[2mms[22m[39m
 [32mΓ£ô[39m src/components/__tests__/color-matcher-tool.test.ts[2m > [22mColorMatcherTool[2m > [22mrefreshResults branch coverage[2m > [22mshould handle missing results section[32m 6[2mms[22m[39m
 [32mΓ£ô[39m src/components/__tests__/color-matcher-tool.test.ts[2m > [22mColorMatcherTool[2m > [22mrefreshResults branch coverage[2m > [22mshould render other matches when present[32m 26[2mms[22m[39m
 [32mΓ£ô[39m src/components/__tests__/color-matcher-tool.test.ts[2m > [22mColorMatcherTool[2m > [22mrefreshResults branch coverage[2m > [22mshould use lastSampledColor for refreshing[32m 8[2mms[22m[39m
 [32mΓ£ô[39m src/components/__tests__/color-matcher-tool.test.ts[2m > [22mColorMatcherTool[2m > [22mmatchColor filter branch coverage[2m > [22mshould match without filters when dyeFilters is null[32m 12[2mms[22m[39m
      isObject: [36m[Function: deprecated][39m,
      isDate: [36m[Function: deprecated][39m,
      isError: [36m[Function: deprecated][39m,
      isFunction: [36m[Function: deprecated][39m,
      isPrimitive: [36m[Function: deprecated][39m,
      log: [36m[Function: deprecated][39m,
      promisify: [36m[Function][39m,
      stripVTControlCharacters: [36m[Function: stripVTControlCharacters][39m,
      toUSVString: [36m[Function: toUSVString][39m,
      transferableAbortSignal: [36m[Getter][39m,
      transferableAbortController: [36m[Getter][39m,
      aborted: [36m[Getter][39m,
      types: [36m[Object][39m,
      parseEnv: [36m[Function: parseEnv][39m,
      parseArgs: [36m[Function: parseArgs][39m,
      TextDecoder: [36m[class TextDecoder][39m,
      TextEncoder: [36m[class TextEncoder][39m,
      MIMEType: [36m[class MIMEType][39m,
      MIMEParams: [36m[class MIMEParams][39m,
      diff: [36m[Function: diff][39m,
      setTraceSigInt: [36m[Function: setTraceSigInt][39m
    },
    timers: {
      setTimeout: [36m[Function][39m,
      clearTimeout: [36m[Function: clearTimeout][39m,
      setImmediate: [36m[Function][39m,
      clearImmediate: [36m[Function: clearImmediate][39m,
      setInterval: [36m[Function: setInterval][39m,
      clearInterval: [36m[Function: clearInterval][39m,
      _unrefActive: [36m[Function: deprecated][39m,
      active: [36m[Function: deprecated][39m,
      unenroll: [36m[Function: deprecated][39m,
      enroll: [36m[Function: deprecated][39m,
      promises: [36m[Getter][39m
    },
    timersPromises: {
      setTimeout: [36m[Function: setTimeout][39m,
      setImmediate: [36m[Function: setImmediate][39m,
      setInterval: [36m[AsyncGeneratorFunction: setInterval][39m,
      scheduler: [36m[Scheduler][39m
    }
  },
  ch: [33m107[39m,
  ResizeObserver: [36m[class ResizeObserverMock][39m,
  [[32mSymbol(vitest:SAFE_TIMERS)[39m]: {
    nextTick: [36m[Function: nextTick][39m,
    setTimeout: [Function: setTimeout] {
      [[32mSymbol(nodejs.util.promisify.custom)[39m]: [36m[Getter][39m
    },
    setInterval: [36m[Function: setInterval][39m,
    clearInterval: [36m[Function: clearInterval][39m,
    clearTimeout: [36m[Function: clearTimeout][39m,
    setImmediate: [Function: setImmediate] {
      [[32mSymbol(nodejs.util.promisify.custom)[39m]: [36m[Getter][39m
    },
    clearImmediate: [36m[Function: clearImmediate][39m,
    queueMicrotask: [36m[Function: queueMicrotask][39m
  }
}

[90mstderr[2m | src/components/__tests__/tutorial-spotlight.test.ts[2m > [22m[2mTutorialSpotlight[2m > 
[22m[2mShow/Hide[2m > [22m[2mshould show when tutorial becomes active
[22m[39mBaseComponent.on: Target is not HTMLElement, Document, or Window [36m<ref *1>[39m Object [global] {
  global: [36m[Circular *1][39m,
  clearImmediate: [Function: clearImmediate] {
    hadOwnProperty: [33mtrue[39m,
    clock: {
      now: [33m1764681223098[39m,
      Date: [36m[Function][39m,
      loopLimit: [33m10000[39m,
      Intl: [36m[Object][39m,
      requestIdleCallback: [36m[Function: requestIdleCallback][39m,
      cancelIdleCallback: [36m[Function: cancelIdleCallback][39m,
      setTimeout: [36m[Function][39m,
      clearTimeout: [36m[Function][39m,
      nextTick: [36m[Function: nextTick][39m,
      queueMicrotask: [36m[Function: queueMicrotask][39m,
      setInterval: [36m[Function][39m,
      clearInterval: [36m[Function][39m,
      setImmediate: [36m[Function][39m,
      clearImmediate: [36m[Function][39m,
      countTimers: [36m[Function: countTimers][39m,
      requestAnimationFrame: [36m[Function][39m,
      cancelAnimationFrame: [36m[Function][39m,
      runMicrotasks: [36m[Function: runMicrotasks][39m,
      tick: [36m[Function: tick][39m,
      tickAsync: [36m[Function: tickAsync][39m,
      next: [36m[Function: next][39m,
      nextAsync: [36m[Function: nextAsync][39m,
      runAll: [36m[Function: runAll][39m,
      runToFrame: [36m[Function: runToFrame][39m,
      runAllAsync: [36m[Function: runAllAsync][39m,
      runToLast: [36m[Function: runToLast][39m,
      runToLastAsync: [36m[Function: runToLastAsync][39m,
      reset: [36m[Function: reset][39m,
      setSystemTime: [36m[Function: setSystemTime][39m,
      jump: [36m[Function: jump][39m,
      performance: [36m[Object: null prototype][39m,
      hrtime: [36m[Function][39m,
      shouldClearNativeTimers: [33mtrue[39m,
      uninstall: [36m[Function (anonymous)][39m,
      abortListenerMap: Map(0) {},
      methods: [36m[Array][39m,
      _setTimeout: [36m[Function][39m,
      _clearTimeout: [36m[Function: clearTimeout][39m,
      _setInterval: [36m[Function: setInterval][39m,
      _clearInterval: [36m[Function: clearInterval][39m,
      _Date: [36m[Function: Date][39m,
      _setImmediate: [36m[Function][39m,
      _clearImmediate: [36m[Function: clearImmediate][39m,
      _hrtime: [36m[Function][39m,
      _performance: [36m[Performance][39m,
      _requestAnimationFrame: [36m[Function: bound ][39m,
      _cancelAnimationFrame: [36m[Function: bound ][39m,
      _Intl: Object [Intl] {}
    }
  },
  setImmediate: [Function: setImmediate] {
    hadOwnProperty: [33mtrue[39m,
    clock: {
      now: [33m1764681223098[39m,
      Date: [36m[Function][39m,
      loopLimit: [33m10000[39m,
      Intl: [36m[Object][39m,
      requestIdleCallback: [36m[Function: requestIdleCallback][39m,
      cancelIdleCallback: [36m[Function: cancelIdleCallback][39m,
      setTimeout: [36m[Function][39m,
      clearTimeout: [36m[Function][39m,
      nextTick: [36m[Function: nextTick][39m,
      queueMicrotask: [36m[Function: queueMicrotask][39m,
      setInterval: [36m[Function][39m,
      clearInterval: [36m[Function][39m,
      setImmediate: [36m[Function][39m,
      clearImmediate: [36m[Function][39m,
      countTimers: [36m[Function: countTimers][39m,
      requestAnimationFrame: [36m[Function][39m,
      cancelAnimationFrame: [36m[Function][39m,
      runMicrotasks: [36m[Function: runMicrotasks][39m,
      tick: [36m[Function: tick][39m,
      tickAsync: [36m[Function: tickAsync][39m,
      next: [36m[Function: next][39m,
      nextAsync: [36m[Function: nextAsync][39m,
      runAll: [36m[Function: runAll][39m,
      runToFrame: [36m[Function: runToFrame][39m,
      runAllAsync: [36m[Function: runAllAsync][39m,
      runToLast: [36m[Function: runToLast][39m,
      runToLastAsync: [36m[Function: runToLastAsync][39m,
      reset: [36m[Function: reset][39m,
      setSystemTime: [36m[Function: setSystemTime][39m,
      jump: [36m[Function: jump][39m,
      performance: [36m[Object: null prototype][39m,
      hrtime: [36m[Function][39m,
      shouldClearNativeTimers: [33mtrue[39m,
      uninstall: [36m[Function (anonymous)][39m,
      abortListenerMap: Map(0) {},
      methods: [36m[Array][39m,
      _setTimeout: [36m[Function][39m,
      _clearTimeout: [36m[Function: clearTimeout][39m,
      _setInterval: [36m[Function: setInterval][39m,
      _clearInterval: [36m[Function: clearInterval][39m,
      _Date: [36m[Function: Date][39m,
      _setImmediate: [36m[Function][39m,
      _clearImmediate: [36m[Function: clearImmediate][39m,
      _hrtime: [36m[Function][39m,
      _performance: [36m[Performance][39m,
      _requestAnimationFrame: [36m[Function: bound ][39m,
      _cancelAnimationFrame: [36m[Function: bound ][39m,
      _Intl: Object [Intl] {}
    },
    [[32mSymbol(nodejs.util.promisify.custom)[39m]: [36m[Function: promisifiedSetImmediate][39m
  },
  clearInterval: [Function: clearInterval] {
    hadOwnProperty: [33mtrue[39m,
    clock: {
      now: [33m1764681223098[39m,
      Date: [36m[Function][39m,
      loopLimit: [33m10000[39m,
      Intl: [36m[Object][39m,
      requestIdleCallback: [36m[Function: requestIdleCallback][39m,
      cancelIdleCallback: [36m[Function: cancelIdleCallback][39m,
      setTimeout: [36m[Function][39m,
      clearTimeout: [36m[Function][39m,
      nextTick: [36m[Function: nextTick][39m,
      queueMicrotask: [36m[Function: queueMicrotask][39m,
      setInterval: [36m[Function][39m,
      clearInterval: [36m[Function][39m,
      setImmediate: [36m[Function][39m,
      clearImmediate: [36m[Function][39m,
      countTimers: [36m[Function: countTimers][39m,
      requestAnimationFrame: [36m[Function][39m,
      cancelAnimationFrame: [36m[Function][39m,
      runMicrotasks: [36m[Function: runMicrotasks][39m,
      tick: [36m[Function: tick][39m,
      tickAsync: [36m[Function: tickAsync][39m,
      next: [36m[Function: next][39m,
      nextAsync: [36m[Function: nextAsync][39m,
      runAll: [36m[Function: runAll][39m,
      runToFrame: [36m[Function: runToFrame][39m,
      runAllAsync: [36m[Function: runAllAsync][39m,
      runToLast: [36m[Function: runToLast][39m,
      runToLastAsync: [36m[Function: runToLastAsync][39m,
 [32mΓ£ô[39m src/components/__tests__/color-matcher-tool.test.ts[2m > [22mColorMatcherTool[2m > [22mmatchColor filter branch coverage[2m > [22mshould handle no similar dyes found[32m 7[2mms[22m[39m
 [32mΓ£ô[39m src/components/__tests__/color-matcher-tool.test.ts[2m > [22mColorMatcherTool[2m > [22mfetchPricesForMatchedDyes branch coverage[2m > [22mshould return early when marketBoard is null[32m 6[2mms[22m[39m
 [32mΓ£ô[39m src/components/__tests__/color-matcher-tool.test.ts[2m > [22mColorMatcherTool[2m > [22mfetchPricesForMatchedDyes branch coverage[2m > [22mshould return early when showPrices is false[32m 5[2mms[22m[39m
 [32mΓ£ô[39m src/components/__tests__/color-matcher-tool.test.ts[2m > [22mColorMatcherTool[2m > [22mfetchPricesForMatchedDyes branch coverage[2m > [22mshould return early when matchedDyes is empty[32m 6[2mms[22m[39m
 [32mΓ£ô[39m src/components/__tests__/color-matcher-tool.test.ts[2m > [22mColorMatcherTool[2m > [22mtoggle-prices event branch coverage[2m > [22mshould clear priceData when showPrices is toggled off[32m 8[2mms[22m[39m
 [32mΓ£ô[39m src/components/__tests__/color-matcher-tool.test.ts[2m > [22mColorMatcherTool[2m > [22mtoggle-prices event branch coverage[2m > [22mshould not fetch prices when matchedDyes is empty[32m 7[2mms[22m[39m
 [32mΓ£ô[39m src/components/__tests__/color-matcher-tool.test.ts[2m > [22mColorMatcherTool[2m > [22mrenderDyeCard branch coverage[2m > [22mshould not render price section when showPrices is false[32m 6[2mms[22m[39m
 [31m├ù[39m src/components/__tests__/dye-mixer-tool.test.ts[2m > [22mDyeMixerTool[2m > [22mbindEvents child components[2m > [22mshould bind save button click handler[32m 7[2mms[22m[39m
[31m   ΓåÆ The property "showToast" is not defined on the object.[39m
 [31m├ù[39m src/components/__tests__/dye-mixer-tool.test.ts[2m > [22mDyeMixerTool[2m > [22mbindEvents child components[2m > [22mshould bind share button click handler[32m 12[2mms[22m[39m
[31m   ΓåÆ The property "showToast" is not defined on the object.[39m
 [32mΓ£ô[39m src/components/__tests__/dye-mixer-tool.test.ts[2m > [22mDyeMixerTool[2m > [22mbindEvents child components[2m > [22mshould bind toggle button click handler[32m 7[2mms[22m[39m
 [32mΓ£ô[39m src/components/__tests__/dye-mixer-tool.test.ts[2m > [22mDyeMixerTool[2m > [22mdestroy with child components[2m > [22mshould destroy DyeSelector when it exists[32m 5[2mms[22m[39m
 [32mΓ£ô[39m src/components/__tests__/dye-mixer-tool.test.ts[2m > [22mDyeMixerTool[2m > [22mdestroy with child components[2m > [22mshould destroy PaletteExporter when it exists[32m 14[2mms[22m[39m
 [32mΓ£ô[39m src/components/__tests__/dye-mixer-tool.test.ts[2m > [22mDyeMixerTool[2m > [22mdestroy with child components[2m > [22mshould destroy interpolationDisplay when it exists[32m 9[2mms[22m[39m
 [31m├ù[39m src/components/__tests__/dye-mixer-tool.test.ts[2m > [22mDyeMixerTool[2m > [22msaveGradient success path[2m > [22mshould save gradient to localStorage when valid[32m 6[2mms[22m[39m
[31m   ΓåÆ The property "showToast" is not defined on the object.[39m
 [32mΓ£ô[39m src/components/__tests__/dye-mixer-tool.test.ts[2m > [22mDyeMixerTool[2m > [22msaveGradient success path[2m > [22mshould append to existing gradients[32m 7[2mms[22m[39m
 [31m├ù[39m src/components/__tests__/dye-mixer-tool.test.ts[2m > [22mDyeMixerTool[2m > [22mloadSavedGradient success path[2m > [22mshould load gradient and set selected dyes[32m 7[2mms[22m[39m
[31m   ΓåÆ The property "showToast" is not defined on the object.[39m
 [32mΓ£ô[39m src/components/__tests__/dye-mixer-tool.test.ts[2m > [22mDyeMixerTool[2m > [22mloadSavedGradient success path[2m > [22mshould update step count input UI[32m 10[2mms[22m[39m
 [32mΓ£ô[39m src/components/__tests__/dye-mixer-tool.test.ts[2m > [22mDyeMixerTool[2m > [22mloadSavedGradient success path[2m > [22mshould check color space radio button[32m 4[2mms[22m[39m
 [32mΓ£ô[39m src/components/__tests__/dye-mixer-tool.test.ts[2m > [22mDyeMixerTool[2m > [22mloadSavedGradient success path[2m > [22mshould use default values when gradient missing stepCount/colorSpace[32m 4[2mms[22m[39m
 [31m├ù[39m src/components/__tests__/dye-mixer-tool.test.ts[2m > [22mDyeMixerTool[2m > [22mdeleteSavedGradient success path[2m > [22mshould delete gradient from localStorage[32m 4[2mms[22m[39m
[31m   ΓåÆ The property "showToast" is not defined on the object.[39m
 [32mΓ£ô[39m src/components/__tests__/dye-mixer-tool.test.ts[2m > [22mDyeMixerTool[2m > [22mdeleteSavedGradient success path[2m > [22mshould refresh display after deletion[32m 4[2mms[22m[39m
 [31m├ù[39m src/components/__tests__/dye-mixer-tool.test.ts[2m > [22mDyeMixerTool[2m > [22mcopyShareUrl success path[2m > [22mshould copy URL to clipboard when valid[32m 4[2mms[22m[39m
[31m   ΓåÆ The property "showToast" is not defined on the object.[39m
 [31m├ù[39m src/components/__tests__/dye-mixer-tool.test.ts[2m > [22mDyeMixerTool[2m > [22mcopyShareUrl success path[2m > [22mshould show error when clipboard fails[32m 3[2mms[22m[39m
[31m   ΓåÆ The property "showToast" is not defined on the object.[39m
 [32mΓ£ô[39m src/components/__tests__/harmony-type.test.ts[2m > [22mHarmonyType Component[2m > [22mgetDevianceColor function coverage[2m > [22mshould handle boundary value of exactly 15[32m 27[2mms[22m[39m
 [32mΓ£ô[39m src/components/__tests__/harmony-type.test.ts[2m > [22mHarmonyType Component[2m > [22mgetDevianceColor function coverage[2m > [22mshould handle boundary value of exactly 30[32m 31[2mms[22m[39m
 [32mΓ£ô[39m src/components/__tests__/harmony-type.test.ts[2m > [22mHarmonyType Component[2m > [22mrenderHeader function coverage[2m > [22mshould display harmony icon[32m 4[2mms[22m[39m
 [32mΓ£ô[39m src/components/__tests__/harmony-type.test.ts[2m > [22mHarmonyType Component[2m > [22mrenderHeader function coverage[2m > [22mshould display harmony name[32m 2[2mms[22m[39m
 [32mΓ£ô[39m src/components/__tests__/harmony-type.test.ts[2m > [22mHarmonyType Component[2m > [22mrenderHeader function coverage[2m > [22mshould display harmony description[32m 9[2mms[22m[39m
 [32mΓ£ô[39m src/components/__tests__/harmony-type.test.ts[2m > [22mHarmonyType Component[2m > [22mrenderHeader function coverage[2m > [22mshould display average deviance when dyes exist[32m 30[2mms[22m[39m
 [32mΓ£ô[39m src/components/__tests__/harmony-type.test.ts[2m > [22mHarmonyType Component[2m > [22mrenderHeader function coverage[2m > [22mshould not display deviance info when no dyes[32m 3[2mms[22m[39m
 [31m├ù[39m src/components/__tests__/dye-selector.test.ts[2m > [22mDyeSelector[2m > [22mRemove Dye[2m > [22mshould emit selection-changed event when dye is removed[32m 61[2mms[22m[39m
[31m   ΓåÆ expected "vi.fn()" to be called 1 times, but got 0 times[39m
      reset: [36m[Function: reset][39m,
      setSystemTime: [36m[Function: setSystemTime][39m,
      jump: [36m[Function: jump][39m,
      performance: [36m[Object: null prototype][39m,
      hrtime: [36m[Function][39m,
      shouldClearNativeTimers: [33mtrue[39m,
      uninstall: [36m[Function (anonymous)][39m,
      abortListenerMap: Map(0) {},
      methods: [36m[Array][39m,
      _setTimeout: [36m[Function][39m,
      _clearTimeout: [36m[Function: clearTimeout][39m,
      _setInterval: [36m[Function: setInterval][39m,
      _clearInterval: [36m[Function: clearInterval][39m,
      _Date: [36m[Function: Date][39m,
      _setImmediate: [36m[Function][39m,
      _clearImmediate: [36m[Function: clearImmediate][39m,
      _hrtime: [36m[Function][39m,
      _performance: [36m[Performance][39m,
      _requestAnimationFrame: [36m[Function: bound ][39m,
      _cancelAnimationFrame: [36m[Function: bound ][39m,
      _Intl: Object [Intl] {}
    }
  },
  clearTimeout: [Function: clearTimeout] {
    hadOwnProperty: [33mtrue[39m,
    clock: {
      now: [33m1764681223098[39m,
      Date: [36m[Function][39m,
      loopLimit: [33m10000[39m,
      Intl: [36m[Object][39m,
      requestIdleCallback: [36m[Function: requestIdleCallback][39m,
      cancelIdleCallback: [36m[Function: cancelIdleCallback][39m,
      setTimeout: [36m[Function][39m,
      clearTimeout: [36m[Function][39m,
      nextTick: [36m[Function: nextTick][39m,
      queueMicrotask: [36m[Function: queueMicrotask][39m,
      setInterval: [36m[Function][39m,
      clearInterval: [36m[Function][39m,
      setImmediate: [36m[Function][39m,
      clearImmediate: [36m[Function][39m,
      countTimers: [36m[Function: countTimers][39m,
      requestAnimationFrame: [36m[Function][39m,
      cancelAnimationFrame: [36m[Function][39m,
      runMicrotasks: [36m[Function: runMicrotasks][39m,
      tick: [36m[Function: tick][39m,
      tickAsync: [36m[Function: tickAsync][39m,
      next: [36m[Function: next][39m,
      nextAsync: [36m[Function: nextAsync][39m,
      runAll: [36m[Function: runAll][39m,
      runToFrame: [36m[Function: runToFrame][39m,
      runAllAsync: [36m[Function: runAllAsync][39m,
      runToLast: [36m[Function: runToLast][39m,
      runToLastAsync: [36m[Function: runToLastAsync][39m,
      reset: [36m[Function: reset][39m,
      setSystemTime: [36m[Function: setSystemTime][39m,
      jump: [36m[Function: jump][39m,
      performance: [36m[Object: null prototype][39m,
      hrtime: [36m[Function][39m,
      shouldClearNativeTimers: [33mtrue[39m,
      uninstall: [36m[Function (anonymous)][39m,
      abortListenerMap: Map(0) {},
      methods: [36m[Array][39m,
      _setTimeout: [36m[Function][39m,
      _clearTimeout: [36m[Function: clearTimeout][39m,
      _setInterval: [36m[Function: setInterval][39m,
      _clearInterval: [36m[Function: clearInterval][39m,
      _Date: [36m[Function: Date][39m,
      _setImmediate: [36m[Function][39m,
      _clearImmediate: [36m[Function: clearImmediate][39m,
      _hrtime: [36m[Function][39m,
      _performance: [36m[Performance][39m,
      _requestAnimationFrame: [36m[Function: bound ][39m,
      _cancelAnimationFrame: [36m[Function: bound ][39m,
      _Intl: Object [Intl] {}
    }
  },
  setInterval: [Function: setInterval] {
    hadOwnProperty: [33mtrue[39m,
    clock: {
      now: [33m1764681223098[39m,
      Date: [36m[Function][39m,
      loopLimit: [33m10000[39m,
      Intl: [36m[Object][39m,
      requestIdleCallback: [36m[Function: requestIdleCallback][39m,
      cancelIdleCallback: [36m[Function: cancelIdleCallback][39m,
      setTimeout: [36m[Function][39m,
      clearTimeout: [36m[Function][39m,
      nextTick: [36m[Function: nextTick][39m,
      queueMicrotask: [36m[Function: queueMicrotask][39m,
      setInterval: [36m[Function][39m,
      clearInterval: [36m[Function][39m,
      setImmediate: [36m[Function][39m,
      clearImmediate: [36m[Function][39m,
      countTimers: [36m[Function: countTimers][39m,
      requestAnimationFrame: [36m[Function][39m,
      cancelAnimationFrame: [36m[Function][39m,
      runMicrotasks: [36m[Function: runMicrotasks][39m,
      tick: [36m[Function: tick][39m,
      tickAsync: [36m[Function: tickAsync][39m,
      next: [36m[Function: next][39m,
      nextAsync: [36m[Function: nextAsync][39m,
      runAll: [36m[Function: runAll][39m,
      runToFrame: [36m[Function: runToFrame][39m,
      runAllAsync: [36m[Function: runAllAsync][39m,
      runToLast: [36m[Function: runToLast][39m,
      runToLastAsync: [36m[Function: runToLastAsync][39m,
      reset: [36m[Function: reset][39m,
      setSystemTime: [36m[Function: setSystemTime][39m,
      jump: [36m[Function: jump][39m,
      performance: [36m[Object: null prototype][39m,
      hrtime: [36m[Function][39m,
      shouldClearNativeTimers: [33mtrue[39m,
      uninstall: [36m[Function (anonymous)][39m,
      abortListenerMap: Map(0) {},
      methods: [36m[Array][39m,
      _setTimeout: [36m[Function][39m,
      _clearTimeout: [36m[Function: clearTimeout][39m,
      _setInterval: [36m[Function: setInterval][39m,
      _clearInterval: [36m[Function: clearInterval][39m,
      _Date: [36m[Function: Date][39m,
      _setImmediate: [36m[Function][39m,
      _clearImmediate: [36m[Function: clearImmediate][39m,
      _hrtime: [36m[Function][39m,
      _performance: [36m[Performance][39m,
      _requestAnimationFrame: [36m[Function: bound ][39m,
      _cancelAnimationFrame: [36m[Function: bound ][39m,
      _Intl: Object [Intl] {}
    }
  },
  setTimeout: [Function: setTimeout] {
    hadOwnProperty: [33mtrue[39m,
    clock: {
      now: [33m1764681223098[39m,
      Date: [36m[Function][39m,
      loopLimit: [33m10000[39m,
      Intl: [36m[Object][39m,
      requestIdleCallback: [36m[Function: requestIdleCallback][39m,
      cancelIdleCallback: [36m[Function: cancelIdleCallback][39m,
      setTimeout: [36m[Function][39m,
      clearTimeout: [36m[Function][39m,
      nextTick: [36m[Function: nextTick][39m,
      queueMicrotask: [36m[Function: queueMicrotask][39m,
      setInterval: [36m[Function][39m,
      clearInterval: [36m[Function][39m,
      setImmediate: [36m[Function][39m,
      clearImmediate: [36m[Function][39m,
      countTimers: [36m[Function: countTimers][39m,
      requestAnimationFrame: [36m[Function][39m,
      cancelAnimationFrame: [36m[Function][39m,
      runMicrotasks: [36m[Function: runMicrotasks][39m,
      tick: [36m[Function: tick][39m,
      tickAsync: [36m[Function: tickAsync][39m,
      next: [36m[Function: next][39m,
      nextAsync: [36m[Function: nextAsync][39m,
      runAll: [36m[Function: runAll][39m,
      runToFrame: [36m[Function: runToFrame][39m,
      runAllAsync: [36m[Function: runAllAsync][39m,
      runToLast: [36m[Function: runToLast][39m,
      runToLastAsync: [36m[Function: runToLastAsync][39m,
      reset: [36m[Function: reset][39m,
      setSystemTime: [36m[Function: setSystemTime][39m,
      jump: [36m[Function: jump][39m,
      performance: [36m[Object: null prototype][39m,
      hrtime: [36m[Function][39m,
      shouldClearNativeTimers: [33mtrue[39m,
      uninstall: [36m[Function (anonymous)][39m,
      abortListenerMap: Map(0) {},
      methods: [36m[Array][39m,
      _setTimeout: [36m[Function][39m,
      _clearTimeout: [36m[Function: clearTimeout][39m,
      _setInterval: [36m[Function: setInterval][39m,
      _clearInterval: [36m[Function: clearInterval][39m,
      _Date: [36m[Function: Date][39m,
      _setImmediate: [36m[Function][39m,
      _clearImmediate: [36m[Function: clearImmediate][39m,
      _hrtime: [36m[Function][39m,
      _performance: [36m[Performance][39m,
      _requestAnimationFrame: [36m[Function: bound ][39m,
      _cancelAnimationFrame: [36m[Function: bound ][39m,
      _Intl: Object [Intl] {}
    },
    [[32mSymbol(nodejs.util.promisify.custom)[39m]: [36m[Function: promisifiedSetTimeout][39m
  },
  queueMicrotask: [36m[Function: queueMicrotask][39m,
  structuredClone: [36m[Function: structuredClone][39m,
  atob: [36m[Function: atob][39m,
  btoa: [36m[Function: btoa][39m,
  performance: [36m[Getter/Setter][39m,
  fetch: [36m[Function: fetch][39m,
  navigator: [36m[Getter/Setter][39m,
  crypto: [36m[Getter][39m,
  window: [36m[Circular *1][39m,
  self: [36m[Circular *1][39m,
  top: [36m[Circular *1][39m,
  parent: [36m[Circular *1][39m,
  jsdom: JSDOM {
    [[32mSymbol(window)[39m]: [36m<ref *2>[39m Window {
      StyleSheet: [36m[Function: StyleSheet][39m,
      MediaList: [36m[Function: MediaList][39m,
      CSSStyleSheet: [36m[Function: CSSStyleSheet][39m,
      CSSRule: [36m[Function][39m,
      CSSStyleRule: [36m[Function][39m,
      CSSMediaRule: [36m[Function: CSSMediaRule][39m,
      CSSImportRule: [36m[Function: CSSImportRule][39m,
      CSSStyleDeclaration: [36m[class CSSStyleDeclaration][39m,
      XPathException: [36m[Function][39m,
      XPathExpression: [36m[Function: XPathExpression][39m,
      XPathResult: [36m[Function][39m,
      XPathEvaluator: [36m[Function: XPathEvaluator][39m,
      onafterprint: [36m[Getter/Setter][39m,
      onbeforeprint: [36m[Getter/Setter][39m,
      onbeforeunload: [36m[Getter/Setter][39m,
      onhashchange: [36m[Getter/Setter][39m,
      onlanguagechange: [36m[Getter/Setter][39m,
      onmessage: [36m[Getter/Setter][39m,
      onmessageerror: [36m[Getter/Setter][39m,
      onoffline: [36m[Getter/Setter][39m,
      ononline: [36m[Getter/Setter][39m,
      onpagehide: [36m[Getter/Setter][39m,
      onpageshow: [36m[Getter/Setter][39m,
      onpopstate: [36m[Getter/Setter][39m,
      onrejectionhandled: [36m[Getter/Setter][39m,
      onstorage: [36m[Getter/Setter][39m,
      onunhandledrejection: [36m[Getter/Setter][39m,
      onunload: [36m[Getter/Setter][39m,
      onblur: [36m[Getter/Setter][39m,
      onerror: [36m[Getter/Setter][39m,
      onfocus: [36m[Getter/Setter][39m,
      onload: [36m[Getter/Setter][39m,
      onresize: [36m[Getter/Setter][39m,
      onscroll: [36m[Getter/Setter][39m,
      onabort: [36m[Getter/Setter][39m,
      onauxclick: [36m[Getter/Setter][39m,
      onbeforeinput: [36m[Getter/Setter][39m,
      onbeforematch: [36m[Getter/Setter][39m,
      onbeforetoggle: [36m[Getter/Setter][39m,
      oncancel: [36m[Getter/Setter][39m,
      oncanplay: [36m[Getter/Setter][39m,
      oncanplaythrough: [36m[Getter/Setter][39m,
      onchange: [36m[Getter/Setter][39m,
      onclick: [36m[Getter/Setter][39m,
      onclose: [36m[Getter/Setter][39m,
      oncontextlost: [36m[Getter/Setter][39m,
      oncontextmenu: [36m[Getter/Setter][39m,
      oncontextrestored: [36m[Getter/Setter][39m,
      oncopy: [36m[Getter/Setter][39m,
      oncuechange: [36m[Getter/Setter][39m,
      oncut: [36m[Getter/Setter][39m,
      ondblclick: [36m[Getter/Setter][39m,
      ondrag: [36m[Getter/Setter][39m,
      ondragend: [36m[Getter/Setter][39m,
      ondragenter: [36m[Getter/Setter][39m,
      ondragleave: [36m[Getter/Setter][39m,
      ondragover: [36m[Getter/Setter][39m,
      ondragstart: [36m[Getter/Setter][39m,
      ondrop: [36m[Getter/Setter][39m,
      ondurationchange: [36m[Getter/Setter][39m,
      onemptied: [36m[Getter/Setter][39m,
      onended: [36m[Getter/Setter][39m,
      onformdata: [36m[Getter/Setter][39m,
      oninput: [36m[Getter/Setter][39m,
      oninvalid: [36m[Getter/Setter][39m,
      onkeydown: [36m[Getter/Setter][39m,
      onkeypress: [36m[Getter/Setter][39m,
      onkeyup: [36m[Getter/Setter][39m,
      onloadeddata: [36m[Getter/Setter][39m,
      onloadedmetadata: [36m[Getter/Setter][39m,
      onloadstart: [36m[Getter/Setter][39m,
      onmousedown: [36m[Getter/Setter][39m,
      onmouseenter: [36m[Getter/Setter][39m,
      onmouseleave: [36m[Getter/Setter][39m,
      onmousemove: [36m[Getter/Setter][39m,
      onmouseout: [36m[Getter/Setter][39m,
      onmouseover: [36m[Getter/Setter][39m,
      onmouseup: [36m[Getter/Setter][39m,
      onpaste: [36m[Getter/Setter][39m,
      onpause: [36m[Getter/Setter][39m,
      onplay: [36m[Getter/Setter][39m,
      onplaying: [36m[Getter/Setter][39m,
      onprogress: [36m[Getter/Setter][39m,
      onratechange: [36m[Getter/Setter][39m,
      onreset: [36m[Getter/Setter][39m,
      onscrollend: [36m[Getter/Setter][39m,
      onsecuritypolicyviolation: [36m[Getter/Setter][39m,
      onseeked: [36m[Getter/Setter][39m,
      onseeking: [36m[Getter/Setter][39m,
      onselect: [36m[Getter/Setter][39m,
      onslotchange: [36m[Getter/Setter][39m,
      onstalled: [36m[Getter/Setter][39m,
      onsubmit: [36m[Getter/Setter][39m,
      onsuspend: [36m[Getter/Setter][39m,
      ontimeupdate: [36m[Getter/Setter][39m,
      ontoggle: [36m[Getter/Setter][39m,
      onvolumechange: [36m[Getter/Setter][39m,
      onwaiting: [36m[Getter/Setter][39m,
      onwebkitanimationend: [36m[Getter/Setter][39m,
      onwebkitanimationiteration: [36m[Getter/Setter][39m,
      onwebkitanimationstart: [36m[Getter/Setter][39m,
      onwebkittransitionend: [36m[Getter/Setter][39m,
      onwheel: [36m[Getter/Setter][39m,
      ontouchstart: [36m[Getter/Setter][39m,
      ontouchend: [36m[Getter/Setter][39m,
      ontouchmove: [36m[Getter/Setter][39m,
      ontouchcancel: [36m[Getter/Setter][39m,
      _registeredHandlers: Set(0) {},
      _eventHandlers: [Object: null prototype] {},
      onautocomplete: [36m[Getter/Setter][39m,
      onautocompleteerror: [36m[Getter/Setter][39m,
      onsort: [36m[Getter/Setter][39m,
      _globalObject: [36m[Circular *2][39m,
      _resourceLoader: [36m[NoOpResourceLoader][39m,
      _globalProxy: [36m[Object [Window]][39m,
      _document: [36m[Document][39m,
      _origin: [32m'http://localhost:3000'[39m,
      _sessionHistory: [36m[SessionHistory][39m,
      _virtualConsole: [36m[VirtualConsole][39m,
      _runScripts: [32m'dangerously'[39m,
      _top: [36m[Object [Window]][39m,
      _parent: [36m[Object [Window]][39m,
      _frameElement: [1mnull[22m,
      _length: [33m0[39m,
      _currentEvent: [90mundefined[39m,
      _pretendToBeVisual: [33mtrue[39m,
      _storageQuota: [33m5000000[39m,
      _commonForOrigin: [36m[Object][39m,
      _currentOriginData: [36m[Object][39m,
      _localStorage: Storage {},
      _sessionStorage: Storage {},
      _selection: [36m[SelectionImpl][39m,
      getSelection: [36m[Function (anonymous)][39m,
      _customElementRegistry: CustomElementRegistry {},
      length: [36m[Getter/Setter][39m,
      window: [36m[Getter][39m,
      frameElement: [36m[Getter][39m,
      frames: [36m[Getter/Setter][39m,
      self: [36m[Getter/Setter][39m,
      parent: [36m[Getter/Setter][39m,
      top: [36m[Getter][39m,
      document: [36m[Getter][39m,
      external: [36m[Getter/Setter][39m,
      location: [36m[Getter/Setter][39m,
      history: [36m[Getter][39m,
      navigator: [36m[Getter][39m,
      locationbar: [36m[Getter/Setter][39m,
      menubar: [36m[Getter/Setter][39m,
      personalbar: [36m[Getter/Setter][39m,
      scrollbars: [36m[Getter/Setter][39m,
      statusbar: [36m[Getter/Setter][39m,
      toolbar: [36m[Getter/Setter][39m,
      performance: [36m[Getter][39m,
      screen: [36m[Getter/Setter][39m,
      crypto: [36m[Getter][39m,
      origin: [36m[Getter/Setter][39m,
      localStorage: [36m[Getter][39m,
      sessionStorage: [36m[Getter][39m,
      customElements: [36m[Getter][39m,
      event: [36m[Getter/Setter][39m,
      setTimeout: [36m[Function (anonymous)][39m,
      setInterval: [36m[Function (anonymous)][39m,
      clearTimeout: [36m[Function (anonymous)][39m,
      clearInterval: [36m[Function (anonymous)][39m,
      queueMicrotask: [36m[Function (anonymous)][39m,
      requestAnimationFrame: [36m[Function (anonymous)][39m,
      cancelAnimationFrame: [36m[Function (anonymous)][39m,
      postMessage: [36m[Function (anonymous)][39m,
      atob: [36m[Function (anonymous)][39m,
      btoa: [36m[Function (anonymous)][39m,
      stop: [36m[Function (anonymous)][39m,
      close: [36m[Function (anonymous)][39m,
      getComputedStyle: [36m[Function (anonymous)][39m,
      captureEvents: [36m[Function (anonymous)][39m,
      releaseEvents: [36m[Function (anonymous)][39m,
      console: [36m[Object][39m,
      name: [32m''[39m,
      status: [32m''[39m,
      devicePixelRatio: [33m1[39m,
      innerWidth: [33m1024[39m,
      innerHeight: [33m768[39m,
      outerWidth: [33m1024[39m,
      outerHeight: [33m768[39m,
      pageXOffset: [33m0[39m,
      pageYOffset: [33m0[39m,
      screenX: [33m0[39m,
      screenLeft: [33m0[39m,
      screenY: [33m0[39m,
      screenTop: [33m0[39m,
      scrollX: [33m0[39m,
      scrollY: [33m0[39m,
      alert: [36m[Function (anonymous)][39m,
      blur: [36m[Function (anonymous)][39m,
      confirm: [36m[Function (anonymous)][39m,
      focus: [36m[Function (anonymous)][39m,
      moveBy: [36m[Function (anonymous)][39m,
      moveTo: [36m[Function (anonymous)][39m,
      open: [36m[Function (anonymous)][39m,
      print: [36m[Function (anonymous)][39m,
      prompt: [36m[Function (anonymous)][39m,
      resizeBy: [36m[Function (anonymous)][39m,
      resizeTo: [36m[Function (anonymous)][39m,
      scroll: [36m[Function (anonymous)][39m,
      scrollBy: [36m[Function (anonymous)][39m,
      scrollTo: [36m[Function (anonymous)][39m,
      [32m'test-container'[39m: [36m[Getter/Setter][39m,
      [32m'tutorial-target'[39m: [36m[Getter/Setter][39m,
      [[32mSymbol([webidl2js] constructor registry)[39m]: [36m[Object: null prototype][39m,
      [[32mSymbol(named property tracker)[39m]: [36m[NamedPropertiesTracker][39m
    }
  },
  suite: [Function: chain] {
    each: [36m[Function (anonymous)][39m,
    for: [36m[Function (anonymous)][39m,
    skipIf: [36m[Function (anonymous)][39m,
    runIf: [36m[Function (anonymous)][39m,
    withContext: [36m[Function (anonymous)][39m,
    setContext: [36m[Function (anonymous)][39m,
    mergeContext: [36m[Function (anonymous)][39m,
    fn: [Function: suiteFn] {
      each: [36m[Function (anonymous)][39m,
      for: [36m[Function (anonymous)][39m,
      skipIf: [36m[Function (anonymous)][39m,
      runIf: [36m[Function (anonymous)][39m
    }
  },
  test: [Function: chain] {
    each: [36m[Function (anonymous)][39m,
    for: [36m[Function (anonymous)][39m,
    skipIf: [36m[Function (anonymous)][39m,
    runIf: [36m[Function (anonymous)][39m,
    scoped: [36m[Function (anonymous)][39m,
    extend: [36m[Function (anonymous)][39m,
    beforeEach: [36m[Function: beforeEach][39m,
    afterEach: [36m[Function: afterEach][39m,
    beforeAll: [36m[Function: beforeAll][39m,
    afterAll: [36m[Function: afterAll][39m,
    withContext: [36m[Function (anonymous)][39m,
    setContext: [36m[Function (anonymous)][39m,
    mergeContext: [36m[Function (anonymous)][39m,
    fn: [Function (anonymous)] {
      each: [36m[Function (anonymous)][39m,
      for: [36m[Function (anonymous)][39m,
      skipIf: [36m[Function (anonymous)][39m,
      runIf: [36m[Function (anonymous)][39m,
      scoped: [36m[Function (anonymous)][39m,
      extend: [36m[Function (anonymous)][39m,
      beforeEach: [36m[Function: beforeEach][39m,
      afterEach: [36m[Function: afterEach][39m,
      beforeAll: [36m[Function: beforeAll][39m,
      afterAll: [36m[Function: afterAll][39m
    }
  },
  describe: [Function: chain] {
    each: [36m[Function (anonymous)][39m,
    for: [36m[Function (anonymous)][39m,
    skipIf: [36m[Function (anonymous)][39m,
    runIf: [36m[Function (anonymous)][39m,
    withContext: [36m[Function (anonymous)][39m,
    setContext: [36m[Function (anonymous)][39m,
    mergeContext: [36m[Function (anonymous)][39m,
    fn: [Function: suiteFn] {
      each: [36m[Function (anonymous)][39m,
      for: [36m[Function (anonymous)][39m,
      skipIf: [36m[Function (anonymous)][39m,
      runIf: [36m[Function (anonymous)][39m
    }
  },
  it: [Function: chain] {
    each: [36m[Function (anonymous)][39m,
    for: [36m[Function (anonymous)][39m,
    skipIf: [36m[Function (anonymous)][39m,
    runIf: [36m[Function (anonymous)][39m,
    scoped: [36m[Function (anonymous)][39m,
    extend: [36m[Function (anonymous)][39m,
    beforeEach: [36m[Function: beforeEach][39m,
    afterEach: [36m[Function: afterEach][39m,
    beforeAll: [36m[Function: beforeAll][39m,
    afterAll: [36m[Function: afterAll][39m,
    withContext: [36m[Function (anonymous)][39m,
    setContext: [36m[Function (anonymous)][39m,
    mergeContext: [36m[Function (anonymous)][39m,
    fn: [Function (anonymous)] {
      each: [36m[Function (anonymous)][39m,
      for: [36m[Function (anonymous)][39m,
      skipIf: [36m[Function (anonymous)][39m,
      runIf: [36m[Function (anonymous)][39m,
      scoped: [36m[Function (anonymous)][39m,
      extend: [36m[Function (anonymous)][39m,
      beforeEach: [36m[Function: beforeEach][39m,
      afterEach: [36m[Function: afterEach][39m,
      beforeAll: [36m[Function: beforeAll][39m,
      afterAll: [36m[Function: afterAll][39m
    }
  },
  chai: [Module: null prototype] {
    Assertion: [36m[class Assertion][39m,
    AssertionError: [36m[class AssertionError extends Error][39m,
    Should: [36m[Function: loadShould][39m,
    assert: [Function: assert] {
      fail: [36m[Function (anonymous)][39m,
      isOk: [36m[Function (anonymous)][39m,
      isNotOk: [36m[Function (anonymous)][39m,
      equal: [36m[Function (anonymous)][39m,
      notEqual: [36m[Function (anonymous)][39m,
      strictEqual: [36m[Function (anonymous)][39m,
      notStrictEqual: [36m[Function (anonymous)][39m,
      deepStrictEqual: [36m[Function (anonymous)][39m,
      deepEqual: [36m[Function (anonymous)][39m,
      notDeepEqual: [36m[Function (anonymous)][39m,
      isAbove: [36m[Function (anonymous)][39m,
      isAtLeast: [36m[Function (anonymous)][39m,
      isBelow: [36m[Function (anonymous)][39m,
      isAtMost: [36m[Function (anonymous)][39m,
      isTrue: [36m[Function (anonymous)][39m,
      isNotTrue: [36m[Function (anonymous)][39m,
      isFalse: [36m[Function (anonymous)][39m,
      isNotFalse: [36m[Function (anonymous)][39m,
      isNull: [36m[Function (anonymous)][39m,
      isNotNull: [36m[Function (anonymous)][39m,
      isNaN: [36m[Function (anonymous)][39m,
      isNotNaN: [36m[Function (anonymous)][39m,
      exists: [36m[Function (anonymous)][39m,
      notExists: [36m[Function (anonymous)][39m,
      isUndefined: [36m[Function (anonymous)][39m,
      isDefined: [36m[Function (anonymous)][39m,
      isCallable: [36m[Function (anonymous)][39m,
      isNotCallable: [36m[Function (anonymous)][39m,
      isObject: [36m[Function (anonymous)][39m,
      isNotObject: [36m[Function (anonymous)][39m,
      isArray: [36m[Function (anonymous)][39m,
      isNotArray: [36m[Function (anonymous)][39m,
      isString: [36m[Function (anonymous)][39m,
      isNotString: [36m[Function (anonymous)][39m,
      isNumber: [36m[Function (anonymous)][39m,
      isNotNumber: [36m[Function (anonymous)][39m,
      isNumeric: [36m[Function (anonymous)][39m,
      isNotNumeric: [36m[Function (anonymous)][39m,
      isFinite: [36m[Function (anonymous)][39m,
      isBoolean: [36m[Function (anonymous)][39m,
      isNotBoolean: [36m[Function (anonymous)][39m,
      typeOf: [36m[Function (anonymous)][39m,
      notTypeOf: [36m[Function (anonymous)][39m,
      instanceOf: [36m[Function (anonymous)][39m,
      notInstanceOf: [36m[Function (anonymous)][39m,
      include: [36m[Function (anonymous)][39m,
      notInclude: [36m[Function (anonymous)][39m,
      deepInclude: [36m[Function (anonymous)][39m,
      notDeepInclude: [36m[Function (anonymous)][39m,
      nestedInclude: [36m[Function (anonymous)][39m,
      notNestedInclude: [36m[Function (anonymous)][39m,
      deepNestedInclude: [36m[Function (anonymous)][39m,
      notDeepNestedInclude: [36m[Function (anonymous)][39m,
      ownInclude: [36m[Function (anonymous)][39m,
      notOwnInclude: [36m[Function (anonymous)][39m,
      deepOwnInclude: [36m[Function (anonymous)][39m,
      notDeepOwnInclude: [36m[Function (anonymous)][39m,
      match: [36m[Function (anonymous)][39m,
      notMatch: [36m[Function (anonymous)][39m,
      property: [36m[Function (anonymous)][39m,
      notProperty: [36m[Function (anonymous)][39m,
      propertyVal: [36m[Function (anonymous)][39m,
      notPropertyVal: [36m[Function (anonymous)][39m,
      deepPropertyVal: [36m[Function (anonymous)][39m,
      notDeepPropertyVal: [36m[Function (anonymous)][39m,
      ownProperty: [36m[Function (anonymous)][39m,
      notOwnProperty: [36m[Function (anonymous)][39m,
      ownPropertyVal: [36m[Function (anonymous)][39m,
      notOwnPropertyVal: [36m[Function (anonymous)][39m,
      deepOwnPropertyVal: [36m[Function (anonymous)][39m,
      notDeepOwnPropertyVal: [36m[Function (anonymous)][39m,
      nestedProperty: [36m[Function (anonymous)][39m,
      notNestedProperty: [36m[Function (anonymous)][39m,
      nestedPropertyVal: [36m[Function (anonymous)][39m,
      notNestedPropertyVal: [36m[Function (anonymous)][39m,
      deepNestedPropertyVal: [36m[Function (anonymous)][39m,
      notDeepNestedPropertyVal: [36m[Function (anonymous)][39m,
      lengthOf: [36m[Function (anonymous)][39m,
      hasAnyKeys: [36m[Function (anonymous)][39m,
      hasAllKeys: [36m[Function (anonymous)][39m,
      containsAllKeys: [36m[Function (anonymous)][39m,
      doesNotHaveAnyKeys: [36m[Function (anonymous)][39m,
      doesNotHaveAllKeys: [36m[Function (anonymous)][39m,
      hasAnyDeepKeys: [36m[Function (anonymous)][39m,
      hasAllDeepKeys: [36m[Function (anonymous)][39m,
      containsAllDeepKeys: [36m[Function (anonymous)][39m,
      doesNotHaveAnyDeepKeys: [36m[Function (anonymous)][39m,
      doesNotHaveAllDeepKeys: [36m[Function (anonymous)][39m,
      throws: [36m[Function (anonymous)][39m,
      doesNotThrow: [36m[Function (anonymous)][39m,
      operator: [36m[Function (anonymous)][39m,
      closeTo: [36m[Function (anonymous)][39m,
      approximately: [36m[Function (anonymous)][39m,
      sameMembers: [36m[Function (anonymous)][39m,
      notSameMembers: [36m[Function (anonymous)][39m,
      sameDeepMembers: [36m[Function (anonymous)][39m,
      notSameDeepMembers: [36m[Function (anonymous)][39m,
      sameOrderedMembers: [36m[Function (anonymous)][39m,
      notSameOrderedMembers: [36m[Function (anonymous)][39m,
      sameDeepOrderedMembers: [36m[Function (anonymous)][39m,
      notSameDeepOrderedMembers: [36m[Function (anonymous)][39m,
      includeMembers: [36m[Function (anonymous)][39m,
      notIncludeMembers: [36m[Function (anonymous)][39m,
      includeDeepMembers: [36m[Function (anonymous)][39m,
      notIncludeDeepMembers: [36m[Function (anonymous)][39m,
      includeOrderedMembers: [36m[Function (anonymous)][39m,
      notIncludeOrderedMembers: [36m[Function (anonymous)][39m,
      includeDeepOrderedMembers: [36m[Function (anonymous)][39m,
      notIncludeDeepOrderedMembers: [36m[Function (anonymous)][39m,
      oneOf: [36m[Function (anonymous)][39m,
      isIterable: [36m[Function (anonymous)][39m,
      changes: [36m[Function (anonymous)][39m,
      changesBy: [36m[Function (anonymous)][39m,
      doesNotChange: [36m[Function (anonymous)][39m,
      changesButNotBy: [36m[Function (anonymous)][39m,
      increases: [36m[Function (anonymous)][39m,
      increasesBy: [36m[Function (anonymous)][39m,
      doesNotIncrease: [36m[Function (anonymous)][39m,
      increasesButNotBy: [36m[Function (anonymous)][39m,
      decreases: [36m[Function (anonymous)][39m,
      decreasesBy: [36m[Function (anonymous)][39m,
      doesNotDecrease: [36m[Function (anonymous)][39m,
      doesNotDecreaseBy: [36m[Function (anonymous)][39m,
      decreasesButNotBy: [36m[Function (anonymous)][39m,
      ifError: [36m[Function (anonymous)][39m,
      isExtensible: [36m[Function (anonymous)][39m,
      isNotExtensible: [36m[Function (anonymous)][39m,
      isSealed: [36m[Function (anonymous)][39m,
      isNotSealed: [36m[Function (anonymous)][39m,
      isFrozen: [36m[Function (anonymous)][39m,
      isNotFrozen: [36m[Function (anonymous)][39m,
      isEmpty: [36m[Function (anonymous)][39m,
      isNotEmpty: [36m[Function (anonymous)][39m,
      containsSubset: [36m[Function (anonymous)][39m,
      doesNotContainSubset: [36m[Function (anonymous)][39m,
      ok: [36m[Function (anonymous)][39m,
      notOk: [36m[Function (anonymous)][39m,
      throw: [36m[Function (anonymous)][39m,
      Throw: [36m[Function (anonymous)][39m,
      extensible: [36m[Function (anonymous)][39m,
      notExtensible: [36m[Function (anonymous)][39m,
      sealed: [36m[Function (anonymous)][39m,
      notSealed: [36m[Function (anonymous)][39m,
      frozen: [36m[Function (anonymous)][39m,
      notFrozen: [36m[Function (anonymous)][39m,
      empty: [36m[Function (anonymous)][39m,
      notEmpty: [36m[Function (anonymous)][39m,
      isFunction: [36m[Function (anonymous)][39m,
      isNotFunction: [36m[Function (anonymous)][39m,
      containSubset: [36m[Function (anonymous)][39m
    },
    config: {
      includeStack: [33mfalse[39m,
      showDiff: [33mtrue[39m,
      truncateThreshold: [33m40[39m,
      useProxy: [33mtrue[39m,
      proxyExcludedKeys: [36m[Array][39m,
      deepEqual: [1mnull[22m
    },
    expect: [Function: expect] {
      fail: [36m[Function (anonymous)][39m,
      extend: [36m[Function: methodWrapper][39m,
      addSnapshotSerializer: [36m[Function: methodWrapper][39m,
      anything: [36m[Function: methodWrapper][39m,
      any: [36m[Function: methodWrapper][39m,
      stringContaining: [36m[Function: methodWrapper][39m,
      objectContaining: [36m[Function: methodWrapper][39m,
      arrayContaining: [36m[Function: methodWrapper][39m,
      stringMatching: [36m[Function: methodWrapper][39m,
      closeTo: [36m[Function: methodWrapper][39m,
      schemaMatching: [36m[Function: methodWrapper][39m,
      not: [36m[Object][39m,
      __flags: [36m[Object: null prototype][39m
    },
    should: [36m[Function: loadShould][39m,
    use: [36m[Function: use][39m,
    util: {
      addChainableMethod: [36m[Getter][39m,
      addLengthGuard: [36m[Getter][39m,
      addMethod: [36m[Getter][39m,
      addProperty: [36m[Getter][39m,
      checkError: [36m[Getter][39m,
      compareByInspect: [36m[Getter][39m,
      eql: [36m[Getter][39m,
      events: [36m[Getter][39m,
      expectTypes: [36m[Getter][39m,
      flag: [36m[Getter][39m,
      getActual: [36m[Getter][39m,
      getMessage: [36m[Getter][39m,
      getName: [36m[Getter][39m,
      getOperator: [36m[Getter][39m,
      getOwnEnumerableProperties: [36m[Getter][39m,
      getOwnEnumerablePropertySymbols: [36m[Getter][39m,
      getPathInfo: [36m[Getter][39m,
      hasProperty: [36m[Getter][39m,
      inspect: [36m[Getter][39m,
      isNaN: [36m[Getter][39m,
      isNumeric: [36m[Getter][39m,
      isProxyEnabled: [36m[Getter][39m,
      isRegExp: [36m[Getter][39m,
      objDisplay: [36m[Getter][39m,
      overwriteChainableMethod: [36m[Getter][39m,
      overwriteMethod: [36m[Getter][39m,
      overwriteProperty: [36m[Getter][39m,
      proxify: [36m[Getter][39m,
      test: [36m[Getter][39m,
      transferFlags: [36m[Getter][39m,
      type: [36m[Getter][39m
    }
  },
  expect: [Function: expect] {
    fail: [36m[Function (anonymous)][39m,
    extend: [36m[Function (anonymous)][39m,
    addSnapshotSerializer: [36m[Function: methodWrapper][39m,
    anything: [36m[Function: methodWrapper][39m,
    any: [36m[Function: methodWrapper][39m,
    stringContaining: [36m[Function: methodWrapper][39m,
    objectContaining: [36m[Function: methodWrapper][39m,
    arrayContaining: [36m[Function: methodWrapper][39m,
    stringMatching: [36m[Function: methodWrapper][39m,
    closeTo: [36m[Function: methodWrapper][39m,
    schemaMatching: [36m[Function: methodWrapper][39m,
    not: {
      stringContaining: [36m[Function: stringContaining][39m,
      objectContaining: [36m[Function: objectContaining][39m,
      arrayContaining: [36m[Function: arrayContaining][39m,
      stringMatching: [36m[Function: stringMatching][39m,
      closeTo: [36m[Function: closeTo][39m,
      schemaMatching: [36m[Function: schemaMatching][39m,
      toSatisfy: [36m[Function: value][39m,
      toBeOneOf: [36m[Function: value][39m
    },
    getState: [36m[Function (anonymous)][39m,
    setState: [36m[Function (anonymous)][39m,
    assert: [Function: assert] {
      fail: [36m[Function (anonymous)][39m,
      isOk: [36m[Function (anonymous)][39m,
      isNotOk: [36m[Function (anonymous)][39m,
      equal: [36m[Function (anonymous)][39m,
      notEqual: [36m[Function (anonymous)][39m,
      strictEqual: [36m[Function (anonymous)][39m,
      notStrictEqual: [36m[Function (anonymous)][39m,
      deepStrictEqual: [36m[Function (anonymous)][39m,
      deepEqual: [36m[Function (anonymous)][39m,
      notDeepEqual: [36m[Function (anonymous)][39m,
      isAbove: [36m[Function (anonymous)][39m,
      isAtLeast: [36m[Function (anonymous)][39m,
      isBelow: [36m[Function (anonymous)][39m,
      isAtMost: [36m[Function (anonymous)][39m,
      isTrue: [36m[Function (anonymous)][39m,
      isNotTrue: [36m[Function (anonymous)][39m,
      isFalse: [36m[Function (anonymous)][39m,
      isNotFalse: [36m[Function (anonymous)][39m,
      isNull: [36m[Function (anonymous)][39m,
      isNotNull: [36m[Function (anonymous)][39m,
      isNaN: [36m[Function (anonymous)][39m,
      isNotNaN: [36m[Function (anonymous)][39m,
      exists: [36m[Function (anonymous)][39m,
      notExists: [36m[Function (anonymous)][39m,
      isUndefined: [36m[Function (anonymous)][39m,
      isDefined: [36m[Function (anonymous)][39m,
      isCallable: [36m[Function (anonymous)][39m,
      isNotCallable: [36m[Function (anonymous)][39m,
      isObject: [36m[Function (anonymous)][39m,
      isNotObject: [36m[Function (anonymous)][39m,
      isArray: [36m[Function (anonymous)][39m,
      isNotArray: [36m[Function (anonymous)][39m,
      isString: [36m[Function (anonymous)][39m,
      isNotString: [36m[Function (anonymous)][39m,
      isNumber: [36m[Function (anonymous)][39m,
      isNotNumber: [36m[Function (anonymous)][39m,
      isNumeric: [36m[Function (anonymous)][39m,
      isNotNumeric: [36m[Function (anonymous)][39m,
      isFinite: [36m[Function (anonymous)][39m,
      isBoolean: [36m[Function (anonymous)][39m,
      isNotBoolean: [36m[Function (anonymous)][39m,
      typeOf: [36m[Function (anonymous)][39m,
      notTypeOf: [36m[Function (anonymous)][39m,
      instanceOf: [36m[Function (anonymous)][39m,
      notInstanceOf: [36m[Function (anonymous)][39m,
      include: [36m[Function (anonymous)][39m,
      notInclude: [36m[Function (anonymous)][39m,
      deepInclude: [36m[Function (anonymous)][39m,
      notDeepInclude: [36m[Function (anonymous)][39m,
      nestedInclude: [36m[Function (anonymous)][39m,
      notNestedInclude: [36m[Function (anonymous)][39m,
      deepNestedInclude: [36m[Function (anonymous)][39m,
      notDeepNestedInclude: [36m[Function (anonymous)][39m,
      ownInclude: [36m[Function (anonymous)][39m,
      notOwnInclude: [36m[Function (anonymous)][39m,
      deepOwnInclude: [36m[Function (anonymous)][39m,
      notDeepOwnInclude: [36m[Function (anonymous)][39m,
      match: [36m[Function (anonymous)][39m,
      notMatch: [36m[Function (anonymous)][39m,
      property: [36m[Function (anonymous)][39m,
      notProperty: [36m[Function (anonymous)][39m,
      propertyVal: [36m[Function (anonymous)][39m,
      notPropertyVal: [36m[Function (anonymous)][39m,
      deepPropertyVal: [36m[Function (anonymous)][39m,
      notDeepPropertyVal: [36m[Function (anonymous)][39m,
      ownProperty: [36m[Function (anonymous)][39m,
      notOwnProperty: [36m[Function (anonymous)][39m,
      ownPropertyVal: [36m[Function (anonymous)][39m,
      notOwnPropertyVal: [36m[Function (anonymous)][39m,
      deepOwnPropertyVal: [36m[Function (anonymous)][39m,
      notDeepOwnPropertyVal: [36m[Function (anonymous)][39m,
      nestedProperty: [36m[Function (anonymous)][39m,
      notNestedProperty: [36m[Function (anonymous)][39m,
      nestedPropertyVal: [36m[Function (anonymous)][39m,
      notNestedPropertyVal: [36m[Function (anonymous)][39m,
      deepNestedPropertyVal: [36m[Function (anonymous)][39m,
      notDeepNestedPropertyVal: [36m[Function (anonymous)][39m,
      lengthOf: [36m[Function (anonymous)][39m,
      hasAnyKeys: [36m[Function (anonymous)][39m,
      hasAllKeys: [36m[Function (anonymous)][39m,
      containsAllKeys: [36m[Function (anonymous)][39m,
      doesNotHaveAnyKeys: [36m[Function (anonymous)][39m,
      doesNotHaveAllKeys: [36m[Function (anonymous)][39m,
      hasAnyDeepKeys: [36m[Function (anonymous)][39m,
      hasAllDeepKeys: [36m[Function (anonymous)][39m,
      containsAllDeepKeys: [36m[Function (anonymous)][39m,
      doesNotHaveAnyDeepKeys: [36m[Function (anonymous)][39m,
      doesNotHaveAllDeepKeys: [36m[Function (anonymous)][39m,
      throws: [36m[Function (anonymous)][39m,
      doesNotThrow: [36m[Function (anonymous)][39m,
      operator: [36m[Function (anonymous)][39m,
      closeTo: [36m[Function (anonymous)][39m,
      approximately: [36m[Function (anonymous)][39m,
      sameMembers: [36m[Function (anonymous)][39m,
      notSameMembers: [36m[Function (anonymous)][39m,
      sameDeepMembers: [36m[Function (anonymous)][39m,
      notSameDeepMembers: [36m[Function (anonymous)][39m,
      sameOrderedMembers: [36m[Function (anonymous)][39m,
      notSameOrderedMembers: [36m[Function (anonymous)][39m,
      sameDeepOrderedMembers: [36m[Function (anonymous)][39m,
      notSameDeepOrderedMembers: [36m[Function (anonymous)][39m,
      includeMembers: [36m[Function (anonymous)][39m,
      notIncludeMembers: [36m[Function (anonymous)][39m,
      includeDeepMembers: [36m[Function (anonymous)][39m,
      notIncludeDeepMembers: [36m[Function (anonymous)][39m,
      includeOrderedMembers: [36m[Function (anonymous)][39m,
      notIncludeOrderedMembers: [36m[Function (anonymous)][39m,
      includeDeepOrderedMembers: [36m[Function (anonymous)][39m,
      notIncludeDeepOrderedMembers: [36m[Function (anonymous)][39m,
      oneOf: [36m[Function (anonymous)][39m,
      isIterable: [36m[Function (anonymous)][39m,
      changes: [36m[Function (anonymous)][39m,
      changesBy: [36m[Function (anonymous)][39m,
      doesNotChange: [36m[Function (anonymous)][39m,
      changesButNotBy: [36m[Function (anonymous)][39m,
      increases: [36m[Function (anonymous)][39m,
      increasesBy: [36m[Function (anonymous)][39m,
      doesNotIncrease: [36m[Function (anonymous)][39m,
      increasesButNotBy: [36m[Function (anonymous)][39m,
      decreases: [36m[Function (anonymous)][39m,
      decreasesBy: [36m[Function (anonymous)][39m,
      doesNotDecrease: [36m[Function (anonymous)][39m,
      doesNotDecreaseBy: [36m[Function (anonymous)][39m,
      decreasesButNotBy: [36m[Function (anonymous)][39m,
      ifError: [36m[Function (anonymous)][39m,
      isExtensible: [36m[Function (anonymous)][39m,
      isNotExtensible: [36m[Function (anonymous)][39m,
      isSealed: [36m[Function (anonymous)][39m,
      isNotSealed: [36m[Function (anonymous)][39m,
      isFrozen: [36m[Function (anonymous)][39m,
      isNotFrozen: [36m[Function (anonymous)][39m,
      isEmpty: [36m[Function (anonymous)][39m,
      isNotEmpty: [36m[Function (anonymous)][39m,
      containsSubset: [36m[Function (anonymous)][39m,
      doesNotContainSubset: [36m[Function (anonymous)][39m,
      ok: [36m[Function (anonymous)][39m,
      notOk: [36m[Function (anonymous)][39m,
      throw: [36m[Function (anonymous)][39m,
      Throw: [36m[Function (anonymous)][39m,
      extensible: [36m[Function (anonymous)][39m,
      notExtensible: [36m[Function (anonymous)][39m,
      sealed: [36m[Function (anonymous)][39m,
      notSealed: [36m[Function (anonymous)][39m,
      frozen: [36m[Function (anonymous)][39m,
      notFrozen: [36m[Function (anonymous)][39m,
      empty: [36m[Function (anonymous)][39m,
      notEmpty: [36m[Function (anonymous)][39m,
      isFunction: [36m[Function (anonymous)][39m,
      isNotFunction: [36m[Function (anonymous)][39m,
      containSubset: [36m[Function (anonymous)][39m
    },
    addEqualityTesters: [36m[Function (anonymous)][39m,
    soft: [36m[Function (anonymous)][39m,
    poll: [36m[Function: poll][39m,
    unreachable: [36m[Function (anonymous)][39m,
    assertions: [36m[Function: methodWrapper][39m,
    hasAssertions: [36m[Function: methodWrapper][39m,
    toSatisfy: [36m[Function: customMatcher][39m,
    toBeOneOf: [36m[Function: customMatcher][39m
  },
  assert: [Function: assert] {
    fail: [36m[Function (anonymous)][39m,
    isOk: [36m[Function (anonymous)][39m,
    isNotOk: [36m[Function (anonymous)][39m,
    equal: [36m[Function (anonymous)][39m,
    notEqual: [36m[Function (anonymous)][39m,
    strictEqual: [36m[Function (anonymous)][39m,
    notStrictEqual: [36m[Function (anonymous)][39m,
    deepStrictEqual: [36m[Function (anonymous)][39m,
    deepEqual: [36m[Function (anonymous)][39m,
    notDeepEqual: [36m[Function (anonymous)][39m,
    isAbove: [36m[Function (anonymous)][39m,
    isAtLeast: [36m[Function (anonymous)][39m,
    isBelow: [36m[Function (anonymous)][39m,
    isAtMost: [36m[Function (anonymous)][39m,
    isTrue: [36m[Function (anonymous)][39m,
    isNotTrue: [36m[Function (anonymous)][39m,
    isFalse: [36m[Function (anonymous)][39m,
    isNotFalse: [36m[Function (anonymous)][39m,
    isNull: [36m[Function (anonymous)][39m,
    isNotNull: [36m[Function (anonymous)][39m,
    isNaN: [36m[Function (anonymous)][39m,
    isNotNaN: [36m[Function (anonymous)][39m,
    exists: [36m[Function (anonymous)][39m,
    notExists: [36m[Function (anonymous)][39m,
    isUndefined: [36m[Function (anonymous)][39m,
    isDefined: [36m[Function (anonymous)][39m,
    isCallable: [36m[Function (anonymous)][39m,
    isNotCallable: [36m[Function (anonymous)][39m,
    isObject: [36m[Function (anonymous)][39m,
    isNotObject: [36m[Function (anonymous)][39m,
    isArray: [36m[Function (anonymous)][39m,
    isNotArray: [36m[Function (anonymous)][39m,
    isString: [36m[Function (anonymous)][39m,
    isNotString: [36m[Function (anonymous)][39m,
    isNumber: [36m[Function (anonymous)][39m,
    isNotNumber: [36m[Function (anonymous)][39m,
    isNumeric: [36m[Function (anonymous)][39m,
    isNotNumeric: [36m[Function (anonymous)][39m,
    isFinite: [36m[Function (anonymous)][39m,
    isBoolean: [36m[Function (anonymous)][39m,
    isNotBoolean: [36m[Function (anonymous)][39m,
    typeOf: [36m[Function (anonymous)][39m,
    notTypeOf: [36m[Function (anonymous)][39m,
    instanceOf: [36m[Function (anonymous)][39m,
    notInstanceOf: [36m[Function (anonymous)][39m,
    include: [36m[Function (anonymous)][39m,
    notInclude: [36m[Function (anonymous)][39m,
    deepInclude: [36m[Function (anonymous)][39m,
    notDeepInclude: [36m[Function (anonymous)][39m,
    nestedInclude: [36m[Function (anonymous)][39m,
    notNestedInclude: [36m[Function (anonymous)][39m,
    deepNestedInclude: [36m[Function (anonymous)][39m,
    notDeepNestedInclude: [36m[Function (anonymous)][39m,
    ownInclude: [36m[Function (anonymous)][39m,
    notOwnInclude: [36m[Function (anonymous)][39m,
    deepOwnInclude: [36m[Function (anonymous)][39m,
    notDeepOwnInclude: [36m[Function (anonymous)][39m,
    match: [36m[Function (anonymous)][39m,
    notMatch: [36m[Function (anonymous)][39m,
    property: [36m[Function (anonymous)][39m,
    notProperty: [36m[Function (anonymous)][39m,
    propertyVal: [36m[Function (anonymous)][39m,
    notPropertyVal: [36m[Function (anonymous)][39m,
    deepPropertyVal: [36m[Function (anonymous)][39m,
    notDeepPropertyVal: [36m[Function (anonymous)][39m,
    ownProperty: [36m[Function (anonymous)][39m,
    notOwnProperty: [36m[Function (anonymous)][39m,
    ownPropertyVal: [36m[Function (anonymous)][39m,
    notOwnPropertyVal: [36m[Function (anonymous)][39m,
    deepOwnPropertyVal: [36m[Function (anonymous)][39m,
    notDeepOwnPropertyVal: [36m[Function (anonymous)][39m,
    nestedProperty: [36m[Function (anonymous)][39m,
    notNestedProperty: [36m[Function (anonymous)][39m,
    nestedPropertyVal: [36m[Function (anonymous)][39m,
    notNestedPropertyVal: [36m[Function (anonymous)][39m,
    deepNestedPropertyVal: [36m[Function (anonymous)][39m,
    notDeepNestedPropertyVal: [36m[Function (anonymous)][39m,
    lengthOf: [36m[Function (anonymous)][39m,
    hasAnyKeys: [36m[Function (anonymous)][39m,
    hasAllKeys: [36m[Function (anonymous)][39m,
    containsAllKeys: [36m[Function (anonymous)][39m,
    doesNotHaveAnyKeys: [36m[Function (anonymous)][39m,
    doesNotHaveAllKeys: [36m[Function (anonymous)][39m,
    hasAnyDeepKeys: [36m[Function (anonymous)][39m,
    hasAllDeepKeys: [36m[Function (anonymous)][39m,
    containsAllDeepKeys: [36m[Function (anonymous)][39m,
    doesNotHaveAnyDeepKeys: [36m[Function (anonymous)][39m,
    doesNotHaveAllDeepKeys: [36m[Function (anonymous)][39m,
    throws: [36m[Function (anonymous)][39m,
    doesNotThrow: [36m[Function (anonymous)][39m,
    operator: [36m[Function (anonymous)][39m,
    closeTo: [36m[Function (anonymous)][39m,
    approximately: [36m[Function (anonymous)][39m,
    sameMembers: [36m[Function (anonymous)][39m,
    notSameMembers: [36m[Function (anonymous)][39m,
    sameDeepMembers: [36m[Function (anonymous)][39m,
    notSameDeepMembers: [36m[Function (anonymous)][39m,
    sameOrderedMembers: [36m[Function (anonymous)][39m,
    notSameOrderedMembers: [36m[Function (anonymous)][39m,
    sameDeepOrderedMembers: [36m[Function (anonymous)][39m,
    notSameDeepOrderedMembers: [36m[Function (anonymous)][39m,
    includeMembers: [36m[Function (anonymous)][39m,
    notIncludeMembers: [36m[Function (anonymous)][39m,
    includeDeepMembers: [36m[Function (anonymous)][39m,
    notIncludeDeepMembers: [36m[Function (anonymous)][39m,
    includeOrderedMembers: [36m[Function (anonymous)][39m,
    notIncludeOrderedMembers: [36m[Function (anonymous)][39m,
    includeDeepOrderedMembers: [36m[Function (anonymous)][39m,
    notIncludeDeepOrderedMembers: [36m[Function (anonymous)][39m,
    oneOf: [36m[Function (anonymous)][39m,
    isIterable: [36m[Function (anonymous)][39m,
    changes: [36m[Function (anonymous)][39m,
    changesBy: [36m[Function (anonymous)][39m,
    doesNotChange: [36m[Function (anonymous)][39m,
    changesButNotBy: [36m[Function (anonymous)][39m,
    increases: [36m[Function (anonymous)][39m,
    increasesBy: [36m[Function (anonymous)][39m,
    doesNotIncrease: [36m[Function (anonymous)][39m,
    increasesButNotBy: [36m[Function (anonymous)][39m,
    decreases: [36m[Function (anonymous)][39m,
    decreasesBy: [36m[Function (anonymous)][39m,
    doesNotDecrease: [36m[Function (anonymous)][39m,
    doesNotDecreaseBy: [36m[Function (anonymous)][39m,
    decreasesButNotBy: [36m[Function (anonymous)][39m,
    ifError: [36m[Function (anonymous)][39m,
    isExtensible: [36m[Function (anonymous)][39m,
    isNotExtensible: [36m[Function (anonymous)][39m,
    isSealed: [36m[Function (anonymous)][39m,
    isNotSealed: [36m[Function (anonymous)][39m,
    isFrozen: [36m[Function (anonymous)][39m,
    isNotFrozen: [36m[Function (anonymous)][39m,
    isEmpty: [36m[Function (anonymous)][39m,
    isNotEmpty: [36m[Function (anonymous)][39m,
    containsSubset: [36m[Function (anonymous)][39m,
    doesNotContainSubset: [36m[Function (anonymous)][39m,
    ok: [36m[Function (anonymous)][39m,
    notOk: [36m[Function (anonymous)][39m,
    throw: [36m[Function (anonymous)][39m,
    Throw: [36m[Function (anonymous)][39m,
    extensible: [36m[Function (anonymous)][39m,
    notExtensible: [36m[Function (anonymous)][39m,
    sealed: [36m[Function (anonymous)][39m,
    notSealed: [36m[Function (anonymous)][39m,
    frozen: [36m[Function (anonymous)][39m,
    notFrozen: [36m[Function (anonymous)][39m,
    empty: [36m[Function (anonymous)][39m,
    notEmpty: [36m[Function (anonymous)][39m,
    isFunction: [36m[Function (anonymous)][39m,
    isNotFunction: [36m[Function (anonymous)][39m,
    containSubset: [36m[Function (anonymous)][39m
  },
  expectTypeOf: [36m[Function: expectTypeOf][39m,
  assertType: [36m[Function: assertType][39m,
  vitest: {
    useFakeTimers: [36m[Function: useFakeTimers][39m,
    isFakeTimers: [36m[Function: isFakeTimers][39m,
    useRealTimers: [36m[Function: useRealTimers][39m,
    runOnlyPendingTimers: [36m[Function: runOnlyPendingTimers][39m,
    runOnlyPendingTimersAsync: [36m[AsyncFunction: runOnlyPendingTimersAsync][39m,
    runAllTimers: [36m[Function: runAllTimers][39m,
    runAllTimersAsync: [36m[AsyncFunction: runAllTimersAsync][39m,
    runAllTicks: [36m[Function: runAllTicks][39m,
    advanceTimersByTime: [36m[Function: advanceTimersByTime][39m,
    advanceTimersByTimeAsync: [36m[AsyncFunction: advanceTimersByTimeAsync][39m,
    advanceTimersToNextTimer: [36m[Function: advanceTimersToNextTimer][39m,
    advanceTimersToNextTimerAsync: [36m[AsyncFunction: advanceTimersToNextTimerAsync][39m,
    advanceTimersToNextFrame: [36m[Function: advanceTimersToNextFrame][39m,
    getTimerCount: [36m[Function: getTimerCount][39m,
    setSystemTime: [36m[Function: setSystemTime][39m,
    getMockedSystemTime: [36m[Function: getMockedSystemTime][39m,
    getRealSystemTime: [36m[Function: getRealSystemTime][39m,
    clearAllTimers: [36m[Function: clearAllTimers][39m,
    spyOn: [36m[Function: spyOn][39m,
    fn: [36m[Function: fn][39m,
    waitFor: [36m[Function: waitFor][39m,
    waitUntil: [36m[Function: waitUntil][39m,
    hoisted: [36m[Function: hoisted][39m,
    mock: [36m[Function: mock][39m,
    unmock: [36m[Function: unmock][39m,
    doMock: [36m[Function: doMock][39m,
    doUnmock: [36m[Function: doUnmock][39m,
    importActual: [36m[AsyncFunction: importActual][39m,
    importMock: [36m[AsyncFunction: importMock][39m,
    mockObject: [36m[Function: mockObject][39m,
    mocked: [36m[Function: mocked][39m,
    isMockFunction: [36m[Function: isMockFunction][39m,
    clearAllMocks: [36m[Function: clearAllMocks][39m,
    resetAllMocks: [36m[Function: resetAllMocks][39m,
    restoreAllMocks: [36m[Function: restoreAllMocks][39m,
    stubGlobal: [36m[Function: stubGlobal][39m,
    stubEnv: [36m[Function: stubEnv][39m,
    unstubAllGlobals: [36m[Function: unstubAllGlobals][39m,
    unstubAllEnvs: [36m[Function: unstubAllEnvs][39m,
    resetModules: [36m[Function: resetModules][39m,
    dynamicImportSettled: [36m[AsyncFunction: dynamicImportSettled][39m,
    setConfig: [36m[Function: setConfig][39m,
    resetConfig: [36m[Function: resetConfig][39m
  },
  vi: {
    useFakeTimers: [36m[Function: useFakeTimers][39m,
    isFakeTimers: [36m[Function: isFakeTimers][39m,
    useRealTimers: [36m[Function: useRealTimers][39m,
    runOnlyPendingTimers: [36m[Function: runOnlyPendingTimers][39m,
    runOnlyPendingTimersAsync: [36m[AsyncFunction: runOnlyPendingTimersAsync][39m,
    runAllTimers: [36m[Function: runAllTimers][39m,
    runAllTimersAsync: [36m[AsyncFunction: runAllTimersAsync][39m,
    runAllTicks: [36m[Function: runAllTicks][39m,
    advanceTimersByTime: [36m[Function: advanceTimersByTime][39m,
    advanceTimersByTimeAsync: [36m[AsyncFunction: advanceTimersByTimeAsync][39m,
    advanceTimersToNextTimer: [36m[Function: advanceTimersToNextTimer][39m,
    advanceTimersToNextTimerAsync: [36m[AsyncFunction: advanceTimersToNextTimerAsync][39m,
    advanceTimersToNextFrame: [36m[Function: advanceTimersToNextFrame][39m,
    getTimerCount: [36m[Function: getTimerCount][39m,
    setSystemTime: [36m[Function: setSystemTime][39m,
    getMockedSystemTime: [36m[Function: getMockedSystemTime][39m,
    getRealSystemTime: [36m[Function: getRealSystemTime][39m,
    clearAllTimers: [36m[Function: clearAllTimers][39m,
    spyOn: [36m[Function: spyOn][39m,
    fn: [36m[Function: fn][39m,
    waitFor: [36m[Function: waitFor][39m,
    waitUntil: [36m[Function: waitUntil][39m,
    hoisted: [36m[Function: hoisted][39m,
    mock: [36m[Function: mock][39m,
    unmock: [36m[Function: unmock][39m,
    doMock: [36m[Function: doMock][39m,
    doUnmock: [36m[Function: doUnmock][39m,
    importActual: [36m[AsyncFunction: importActual][39m,
    importMock: [36m[AsyncFunction: importMock][39m,
    mockObject: [36m[Function: mockObject][39m,
    mocked: [36m[Function: mocked][39m,
    isMockFunction: [36m[Function: isMockFunction][39m,
    clearAllMocks: [36m[Function: clearAllMocks][39m,
    resetAllMocks: [36m[Function: resetAllMocks][39m,
    restoreAllMocks: [36m[Function: restoreAllMocks][39m,
    stubGlobal: [36m[Function: stubGlobal][39m,
    stubEnv: [36m[Function: stubEnv][39m,
    unstubAllGlobals: [36m[Function: unstubAllGlobals][39m,
    unstubAllEnvs: [36m[Function: unstubAllEnvs][39m,
    resetModules: [36m[Function: resetModules][39m,
    dynamicImportSettled: [36m[AsyncFunction: dynamicImportSettled][39m,
    setConfig: [36m[Function: setConfig][39m,
    resetConfig: [36m[Function: resetConfig][39m
  },
  beforeAll: [36m[Function: beforeAll][39m,
  afterAll: [36m[Function: afterAll][39m,
  beforeEach: [36m[Function: beforeEach][39m,
  afterEach: [36m[Function: afterEach][39m,
  onTestFinished: [36m[Function (anonymous)][39m,
  onTestFailed: [36m[Function (anonymous)][39m,
  __vitest_required__: {
    util: {
      _errnoException: [36m[Function: _errnoException][39m,
      _exceptionWithHostPort: [36m[Function: _exceptionWithHostPort][39m,
      _extend: [36m[Function: deprecated][39m,
      callbackify: [36m[Function: callbackify][39m,
      debug: [36m[Function: debuglog][39m,
      debuglog: [36m[Function: debuglog][39m,
      deprecate: [36m[Function: deprecate][39m,
      format: [36m[Function: format][39m,
      styleText: [36m[Function: styleText][39m,
      formatWithOptions: [36m[Function: formatWithOptions][39m,
      getCallSite: [36m[Function: deprecated][39m,
      getCallSites: [36m[Function: getCallSites][39m,
      getSystemErrorMap: [36m[Function: getSystemErrorMap][39m,
      getSystemErrorName: [36m[Function: getSystemErrorName][39m,
      getSystemErrorMessage: [36m[Function: getSystemErrorMessage][39m,
      inherits: [36m[Function: inherits][39m,
      inspect: [36m[Function][39m,
      isArray: [36m[Function: deprecated][39m,
      isBoolean: [36m[Function: deprecated][39m,
      isBuffer: [36m[Function: deprecated][39m,
      isDeepStrictEqual: [36m[Function: isDeepStrictEqual][39m,
      isNull: [36m[Function: deprecated][39m,
      isNullOrUndefined: [36m[Function: deprecated][39m,
      isNumber: [36m[Function: deprecated][39m,
      isString: [36m[Function: deprecated][39m,
      isSymbol: [36m[Function: deprecated][39m,
      isUndefined: [36m[Function: deprecated][39m,
      isRegExp: [36m[Function: deprecated][39m,
      isObject: [36m[Function: deprecated][39m,
      isDate: [36m[Function: deprecated][39m,
      isError: [36m[Function: deprecated][39m,
      isFunction: [36m[Function: deprecated][39m,
      isPrimitive: [36m[Function: deprecated][39m,
      log: [36m[Function: deprecated][39m,
      promisify: [36m[Function][39m,
      stripVTControlCharacters: [36m[Function: stripVTControlCharacters][39m,
      toUSVString: [36m[Function: toUSVString][39m,
      transferableAbortSignal: [36m[Getter][39m,
      transferableAbortController: [36m[Getter][39m,
      aborted: [36m[Getter][39m,
      types: [36m[Object][39m,
      parseEnv: [36m[Function: parseEnv][39m,
      parseArgs: [36m[Function: parseArgs][39m,
      TextDecoder: [36m[class TextDecoder][39m,
      TextEncoder: [36m[class TextEncoder][39m,
      MIMEType: [36m[class MIMEType][39m,
      MIMEParams: [36m[class MIMEParams][39m,
      diff: [36m[Function: diff][39m,
      setTraceSigInt: [36m[Function: setTraceSigInt][39m
    },
    timers: {
      setTimeout: [36m[Function][39m,
      clearTimeout: [36m[Function: clearTimeout][39m,
      setImmediate: [36m[Function][39m,
      clearImmediate: [36m[Function: clearImmediate][39m,
      setInterval: [36m[Function: setInterval][39m,
      clearInterval: [36m[Function: clearInterval][39m,
      _unrefActive: [36m[Function: deprecated][39m,
      active: [36m[Function: deprecated][39m,
      unenroll: [36m[Function: deprecated][39m,
      enroll: [36m[Function: deprecated][39m,
 [32mΓ£ô[39m src/components/__tests__/color-matcher-tool.test.ts[2m > [22mColorMatcherTool[2m > [22mrenderDyeCard branch coverage[2m > [22mshould handle copy button click with clipboard API[32m 18[2mms[22m[39m
      promises: [36m[Getter][39m
    },
    timersPromises: {
      setTimeout: [36m[Function: setTimeout][39m,
      setImmediate: [36m[Function: setImmediate][39m,
      setInterval: [36m[AsyncGeneratorFunction: setInterval][39m,
      scheduler: [36m[Scheduler][39m
    }
  },
  ch: [33m107[39m,
  ResizeObserver: [36m[class ResizeObserverMock][39m,
  [[32mSymbol(vitest:SAFE_TIMERS)[39m]: {
    nextTick: [36m[Function: nextTick][39m,
    setTimeout: [Function: setTimeout] {
      [[32mSymbol(nodejs.util.promisify.custom)[39m]: [36m[Getter][39m
    },
    setInterval: [36m[Function: setInterval][39m,
    clearInterval: [36m[Function: clearInterval][39m,
    clearTimeout: [36m[Function: clearTimeout][39m,
    setImmediate: [Function: setImmediate] {
      [[32mSymbol(nodejs.util.promisify.custom)[39m]: [36m[Getter][39m
    },
    clearImmediate: [36m[Function: clearImmediate][39m,
    queueMicrotask: [36m[Function: queueMicrotask][39m
  }
}

[90mstderr[2m | src/components/__tests__/tutorial-spotlight.test.ts[2m > [22m[2mTutorialSpotlight[2m > 
[22m[2mShow/Hide[2m > [22m[2mshould hide when tutorial becomes inactive
[22m[39mBaseComponent.on: Target is not HTMLElement, Document, or Window [36m<ref *1>[39m Object [global] {
  global: [36m[Circular *1][39m,
  clearImmediate: [Function: clearImmediate] {
    hadOwnProperty: [33mtrue[39m,
    clock: {
      now: [33m1764681223109[39m,
      Date: [36m[Function][39m,
      loopLimit: [33m10000[39m,
      Intl: [36m[Object][39m,
      requestIdleCallback: [36m[Function: requestIdleCallback][39m,
      cancelIdleCallback: [36m[Function: cancelIdleCallback][39m,
      setTimeout: [36m[Function][39m,
      clearTimeout: [36m[Function][39m,
      nextTick: [36m[Function: nextTick][39m,
      queueMicrotask: [36m[Function: queueMicrotask][39m,
      setInterval: [36m[Function][39m,
      clearInterval: [36m[Function][39m,
      setImmediate: [36m[Function][39m,
      clearImmediate: [36m[Function][39m,
      countTimers: [36m[Function: countTimers][39m,
      requestAnimationFrame: [36m[Function][39m,
      cancelAnimationFrame: [36m[Function][39m,
      runMicrotasks: [36m[Function: runMicrotasks][39m,
      tick: [36m[Function: tick][39m,
      tickAsync: [36m[Function: tickAsync][39m,
      next: [36m[Function: next][39m,
      nextAsync: [36m[Function: nextAsync][39m,
      runAll: [36m[Function: runAll][39m,
      runToFrame: [36m[Function: runToFrame][39m,
      runAllAsync: [36m[Function: runAllAsync][39m,
      runToLast: [36m[Function: runToLast][39m,
      runToLastAsync: [36m[Function: runToLastAsync][39m,
      reset: [36m[Function: reset][39m,
      setSystemTime: [36m[Function: setSystemTime][39m,
      jump: [36m[Function: jump][39m,
      performance: [36m[Object: null prototype][39m,
      hrtime: [36m[Function][39m,
      shouldClearNativeTimers: [33mtrue[39m,
      uninstall: [36m[Function (anonymous)][39m,
      abortListenerMap: Map(0) {},
      methods: [36m[Array][39m,
      _setTimeout: [36m[Function][39m,
      _clearTimeout: [36m[Function: clearTimeout][39m,
      _setInterval: [36m[Function: setInterval][39m,
      _clearInterval: [36m[Function: clearInterval][39m,
      _Date: [36m[Function: Date][39m,
      _setImmediate: [36m[Function][39m,
      _clearImmediate: [36m[Function: clearImmediate][39m,
      _hrtime: [36m[Function][39m,
      _performance: [36m[Performance][39m,
      _requestAnimationFrame: [36m[Function: bound ][39m,
      _cancelAnimationFrame: [36m[Function: bound ][39m,
      _Intl: Object [Intl] {}
    }
  },
  setImmediate: [Function: setImmediate] {
    hadOwnProperty: [33mtrue[39m,
    clock: {
      now: [33m1764681223109[39m,
      Date: [36m[Function][39m,
      loopLimit: [33m10000[39m,
      Intl: [36m[Object][39m,
      requestIdleCallback: [36m[Function: requestIdleCallback][39m,
      cancelIdleCallback: [36m[Function: cancelIdleCallback][39m,
      setTimeout: [36m[Function][39m,
      clearTimeout: [36m[Function][39m,
      nextTick: [36m[Function: nextTick][39m,
      queueMicrotask: [36m[Function: queueMicrotask][39m,
      setInterval: [36m[Function][39m,
      clearInterval: [36m[Function][39m,
      setImmediate: [36m[Function][39m,
      clearImmediate: [36m[Function][39m,
      countTimers: [36m[Function: countTimers][39m,
      requestAnimationFrame: [36m[Function][39m,
      cancelAnimationFrame: [36m[Function][39m,
      runMicrotasks: [36m[Function: runMicrotasks][39m,
      tick: [36m[Function: tick][39m,
      tickAsync: [36m[Function: tickAsync][39m,
      next: [36m[Function: next][39m,
      nextAsync: [36m[Function: nextAsync][39m,
      runAll: [36m[Function: runAll][39m,
      runToFrame: [36m[Function: runToFrame][39m,
      runAllAsync: [36m[Function: runAllAsync][39m,
      runToLast: [36m[Function: runToLast][39m,
      runToLastAsync: [36m[Function: runToLastAsync][39m,
      reset: [36m[Function: reset][39m,
      setSystemTime: [36m[Function: setSystemTime][39m,
      jump: [36m[Function: jump][39m,
      performance: [36m[Object: null prototype][39m,
      hrtime: [36m[Function][39m,
      shouldClearNativeTimers: [33mtrue[39m,
      uninstall: [36m[Function (anonymous)][39m,
      abortListenerMap: Map(0) {},
      methods: [36m[Array][39m,
      _setTimeout: [36m[Function][39m,
      _clearTimeout: [36m[Function: clearTimeout][39m,
      _setInterval: [36m[Function: setInterval][39m,
      _clearInterval: [36m[Function: clearInterval][39m,
      _Date: [36m[Function: Date][39m,
      _setImmediate: [36m[Function][39m,
      _clearImmediate: [36m[Function: clearImmediate][39m,
      _hrtime: [36m[Function][39m,
      _performance: [36m[Performance][39m,
      _requestAnimationFrame: [36m[Function: bound ][39m,
      _cancelAnimationFrame: [36m[Function: bound ][39m,
      _Intl: Object [Intl] {}
    },
    [[32mSymbol(nodejs.util.promisify.custom)[39m]: [36m[Function: promisifiedSetImmediate][39m
  },
  clearInterval: [Function: clearInterval] {
    hadOwnProperty: [33mtrue[39m,
    clock: {
      now: [33m1764681223109[39m,
      Date: [36m[Function][39m,
      loopLimit: [33m10000[39m,
      Intl: [36m[Object][39m,
      requestIdleCallback: [36m[Function: requestIdleCallback][39m,
      cancelIdleCallback: [36m[Function: cancelIdleCallback][39m,
      setTimeout: [36m[Function][39m,
      clearTimeout: [36m[Function][39m,
      nextTick: [36m[Function: nextTick][39m,
      queueMicrotask: [36m[Function: queueMicrotask][39m,
      setInterval: [36m[Function][39m,
      clearInterval: [36m[Function][39m,
      setImmediate: [36m[Function][39m,
      clearImmediate: [36m[Function][39m,
      countTimers: [36m[Function: countTimers][39m,
      requestAnimationFrame: [36m[Function][39m,
      cancelAnimationFrame: [36m[Function][39m,
      runMicrotasks: [36m[Function: runMicrotasks][39m,
      tick: [36m[Function: tick][39m,
      tickAsync: [36m[Function: tickAsync][39m,
      next: [36m[Function: next][39m,
      nextAsync: [36m[Function: nextAsync][39m,
      runAll: [36m[Function: runAll][39m,
      runToFrame: [36m[Function: runToFrame][39m,
      runAllAsync: [36m[Function: runAllAsync][39m,
      runToLast: [36m[Function: runToLast][39m,
      runToLastAsync: [36m[Function: runToLastAsync][39m,
      reset: [36m[Function: reset][39m,
      setSystemTime: [36m[Function: setSystemTime][39m,
      jump: [36m[Function: jump][39m,
      performance: [36m[Object: null prototype][39m,
      hrtime: [36m[Function][39m,
      shouldClearNativeTimers: [33mtrue[39m,
      uninstall: [36m[Function (anonymous)][39m,
      abortListenerMap: Map(0) {},
      methods: [36m[Array][39m,
      _setTimeout: [36m[Function][39m,
      _clearTimeout: [36m[Function: clearTimeout][39m,
      _setInterval: [36m[Function: setInterval][39m,
      _clearInterval: [36m[Function: clearInterval][39m,
      _Date: [36m[Function: Date][39m,
      _setImmediate: [36m[Function][39m,
      _clearImmediate: [36m[Function: clearImmediate][39m,
      _hrtime: [36m[Function][39m,
      _performance: [36m[Performance][39m,
      _requestAnimationFrame: [36m[Function: bound ][39m,
      _cancelAnimationFrame: [36m[Function: bound ][39m,
      _Intl: Object [Intl] {}
    }
  },
  clearTimeout: [Function: clearTimeout] {
    hadOwnProperty: [33mtrue[39m,
    clock: {
      now: [33m1764681223109[39m,
      Date: [36m[Function][39m,
      loopLimit: [33m10000[39m,
      Intl: [36m[Object][39m,
      requestIdleCallback: [36m[Function: requestIdleCallback][39m,
      cancelIdleCallback: [36m[Function: cancelIdleCallback][39m,
      setTimeout: [36m[Function][39m,
      clearTimeout: [36m[Function][39m,
      nextTick: [36m[Function: nextTick][39m,
      queueMicrotask: [36m[Function: queueMicrotask][39m,
      setInterval: [36m[Function][39m,
      clearInterval: [36m[Function][39m,
      setImmediate: [36m[Function][39m,
      clearImmediate: [36m[Function][39m,
      countTimers: [36m[Function: countTimers][39m,
      requestAnimationFrame: [36m[Function][39m,
      cancelAnimationFrame: [36m[Function][39m,
      runMicrotasks: [36m[Function: runMicrotasks][39m,
      tick: [36m[Function: tick][39m,
      tickAsync: [36m[Function: tickAsync][39m,
      next: [36m[Function: next][39m,
      nextAsync: [36m[Function: nextAsync][39m,
      runAll: [36m[Function: runAll][39m,
      runToFrame: [36m[Function: runToFrame][39m,
      runAllAsync: [36m[Function: runAllAsync][39m,
      runToLast: [36m[Function: runToLast][39m,
      runToLastAsync: [36m[Function: runToLastAsync][39m,
      reset: [36m[Function: reset][39m,
      setSystemTime: [36m[Function: setSystemTime][39m,
      jump: [36m[Function: jump][39m,
      performance: [36m[Object: null prototype][39m,
      hrtime: [36m[Function][39m,
      shouldClearNativeTimers: [33mtrue[39m,
      uninstall: [36m[Function (anonymous)][39m,
      abortListenerMap: Map(0) {},
      methods: [36m[Array][39m,
      _setTimeout: [36m[Function][39m,
      _clearTimeout: [36m[Function: clearTimeout][39m,
      _setInterval: [36m[Function: setInterval][39m,
      _clearInterval: [36m[Function: clearInterval][39m,
      _Date: [36m[Function: Date][39m,
      _setImmediate: [36m[Function][39m,
 [32mΓ£ô[39m src/components/__tests__/color-matcher-tool.test.ts[2m > [22mColorMatcherTool[2m > [22mrenderDyeCard branch coverage[2m > [22mshould use fallback when clipboard API fails[32m 19[2mms[22m[39m
 [32mΓ£ô[39m src/components/__tests__/color-matcher-tool.test.ts[2m > [22mColorMatcherTool[2m > [22mevent handler branch coverage[2m > [22mshould not fetch prices on server-changed when matchedDyes is empty[32m 6[2mms[22m[39m
 [32mΓ£ô[39m src/components/__tests__/color-matcher-tool.test.ts[2m > [22mColorMatcherTool[2m > [22mevent handler branch coverage[2m > [22mshould not fetch prices on categories-changed when matchedDyes is empty[32m 7[2mms[22m[39m
 [32mΓ£ô[39m src/components/__tests__/color-matcher-tool.test.ts[2m > [22mColorMatcherTool[2m > [22mevent handler branch coverage[2m > [22mshould not fetch prices on refresh-requested when matchedDyes is empty[32m 9[2mms[22m[39m
 [32mΓ£ô[39m src/components/__tests__/color-matcher-tool.test.ts[2m > [22mColorMatcherTool[2m > [22msample size slider branch coverage[2m > [22mshould handle missing value display element[32m 8[2mms[22m[39m
 [32mΓ£ô[39m src/components/__tests__/dye-filters.test.ts[2m > [22mDyeFilters[2m > [22moptions[2m > [22mshould use default storage key prefix when not specified[32m 8[2mms[22m[39m
 [32mΓ£ô[39m src/components/__tests__/dye-filters.test.ts[2m > [22mDyeFilters[2m > [22mcleanup[2m > [22mshould clean up without error[32m 5[2mms[22m[39m
 [32mΓ£ô[39m src/components/__tests__/dye-selector.test.ts[2m > [22mDyeSelector[2m > [22mCombined Filtering[2m > [22mshould combine search and category filtering[32m 141[2mms[22m[39m
 [32mΓ£ô[39m src/components/__tests__/dye-selector.test.ts[2m > [22mDyeSelector[2m > [22mState Management[2m > [22mshould get component state[32m 3[2mms[22m[39m
 [32mΓ£ô[39m src/components/__tests__/dye-selector.test.ts[2m > [22mDyeSelector[2m > [22mState Management[2m > [22mshould set component state[32m 2[2mms[22m[39m
 [31m├ù[39m src/components/__tests__/dye-selector.test.ts[2m > [22mDyeSelector[2m > [22mState Management[2m > [22mshould get selected dyes[32m 3[2mms[22m[39m
[31m   ΓåÆ expected +0 to be 1 // Object.is equality[39m
 [32mΓ£ô[39m src/components/__tests__/dye-selector.test.ts[2m > [22mDyeSelector[2m > [22mState Management[2m > [22mshould set selected dyes programmatically[32m 6[2mms[22m[39m
 [32mΓ£ô[39m src/components/__tests__/dye-selector.test.ts[2m > [22mDyeSelector[2m > [22mState Management[2m > [22mshould enforce maxSelections when setting dyes[32m 5[2mms[22m[39m
 [32mΓ£ô[39m src/components/__tests__/dye-selector.test.ts[2m > [22mDyeSelector[2m > [22mLifecycle[2m > [22mshould clean up event listeners on destroy[32m 2[2mms[22m[39m
 [32mΓ£ô[39m src/components/__tests__/app-layout.test.ts[2m > [22mAppLayout[2m > [22mSubscription Callbacks[2m > [22mshould update header colors when theme changes[33m 414[2mms[22m[39m
 [32mΓ£ô[39m src/components/__tests__/app-layout.test.ts[2m > [22mAppLayout[2m > [22mSubscription Callbacks[2m > [22mshould update localized text when language changes[32m 14[2mms[22m[39m
      _clearImmediate: [36m[Function: clearImmediate][39m,
      _hrtime: [36m[Function][39m,
      _performance: [36m[Performance][39m,
      _requestAnimationFrame: [36m[Function: bound ][39m,
      _cancelAnimationFrame: [36m[Function: bound ][39m,
      _Intl: Object [Intl] {}
    }
  },
  setInterval: [Function: setInterval] {
    hadOwnProperty: [33mtrue[39m,
    clock: {
      now: [33m1764681223109[39m,
      Date: [36m[Function][39m,
      loopLimit: [33m10000[39m,
      Intl: [36m[Object][39m,
      requestIdleCallback: [36m[Function: requestIdleCallback][39m,
      cancelIdleCallback: [36m[Function: cancelIdleCallback][39m,
      setTimeout: [36m[Function][39m,
      clearTimeout: [36m[Function][39m,
      nextTick: [36m[Function: nextTick][39m,
      queueMicrotask: [36m[Function: queueMicrotask][39m,
      setInterval: [36m[Function][39m,
      clearInterval: [36m[Function][39m,
      setImmediate: [36m[Function][39m,
      clearImmediate: [36m[Function][39m,
      countTimers: [36m[Function: countTimers][39m,
      requestAnimationFrame: [36m[Function][39m,
      cancelAnimationFrame: [36m[Function][39m,
      runMicrotasks: [36m[Function: runMicrotasks][39m,
      tick: [36m[Function: tick][39m,
      tickAsync: [36m[Function: tickAsync][39m,
      next: [36m[Function: next][39m,
      nextAsync: [36m[Function: nextAsync][39m,
      runAll: [36m[Function: runAll][39m,
      runToFrame: [36m[Function: runToFrame][39m,
      runAllAsync: [36m[Function: runAllAsync][39m,
      runToLast: [36m[Function: runToLast][39m,
      runToLastAsync: [36m[Function: runToLastAsync][39m,
      reset: [36m[Function: reset][39m,
      setSystemTime: [36m[Function: setSystemTime][39m,
      jump: [36m[Function: jump][39m,
      performance: [36m[Object: null prototype][39m,
      hrtime: [36m[Function][39m,
      shouldClearNativeTimers: [33mtrue[39m,
      uninstall: [36m[Function (anonymous)][39m,
      abortListenerMap: Map(0) {},
      methods: [36m[Array][39m,
      _setTimeout: [36m[Function][39m,
      _clearTimeout: [36m[Function: clearTimeout][39m,
      _setInterval: [36m[Function: setInterval][39m,
      _clearInterval: [36m[Function: clearInterval][39m,
      _Date: [36m[Function: Date][39m,
      _setImmediate: [36m[Function][39m,
      _clearImmediate: [36m[Function: clearImmediate][39m,
      _hrtime: [36m[Function][39m,
      _performance: [36m[Performance][39m,
      _requestAnimationFrame: [36m[Function: bound ][39m,
      _cancelAnimationFrame: [36m[Function: bound ][39m,
      _Intl: Object [Intl] {}
    }
  },
  setTimeout: [Function: setTimeout] {
    hadOwnProperty: [33mtrue[39m,
    clock: {
      now: [33m1764681223109[39m,
      Date: [36m[Function][39m,
      loopLimit: [33m10000[39m,
      Intl: [36m[Object][39m,
      requestIdleCallback: [36m[Function: requestIdleCallback][39m,
      cancelIdleCallback: [36m[Function: cancelIdleCallback][39m,
      setTimeout: [36m[Function][39m,
      clearTimeout: [36m[Function][39m,
      nextTick: [36m[Function: nextTick][39m,
      queueMicrotask: [36m[Function: queueMicrotask][39m,
      setInterval: [36m[Function][39m,
      clearInterval: [36m[Function][39m,
      setImmediate: [36m[Function][39m,
      clearImmediate: [36m[Function][39m,
      countTimers: [36m[Function: countTimers][39m,
      requestAnimationFrame: [36m[Function][39m,
      cancelAnimationFrame: [36m[Function][39m,
      runMicrotasks: [36m[Function: runMicrotasks][39m,
      tick: [36m[Function: tick][39m,
      tickAsync: [36m[Function: tickAsync][39m,
      next: [36m[Function: next][39m,
      nextAsync: [36m[Function: nextAsync][39m,
      runAll: [36m[Function: runAll][39m,
      runToFrame: [36m[Function: runToFrame][39m,
      runAllAsync: [36m[Function: runAllAsync][39m,
      runToLast: [36m[Function: runToLast][39m,
      runToLastAsync: [36m[Function: runToLastAsync][39m,
      reset: [36m[Function: reset][39m,
      setSystemTime: [36m[Function: setSystemTime][39m,
      jump: [36m[Function: jump][39m,
      performance: [36m[Object: null prototype][39m,
      hrtime: [36m[Function][39m,
      shouldClearNativeTimers: [33mtrue[39m,
      uninstall: [36m[Function (anonymous)][39m,
      abortListenerMap: Map(0) {},
      methods: [36m[Array][39m,
      _setTimeout: [36m[Function][39m,
      _clearTimeout: [36m[Function: clearTimeout][39m,
      _setInterval: [36m[Function: setInterval][39m,
      _clearInterval: [36m[Function: clearInterval][39m,
      _Date: [36m[Function: Date][39m,
      _setImmediate: [36m[Function][39m,
      _clearImmediate: [36m[Function: clearImmediate][39m,
      _hrtime: [36m[Function][39m,
      _performance: [36m[Performance][39m,
      _requestAnimationFrame: [36m[Function: bound ][39m,
      _cancelAnimationFrame: [36m[Function: bound ][39m,
      _Intl: Object [Intl] {}
    },
    [[32mSymbol(nodejs.util.promisify.custom)[39m]: [36m[Function: promisifiedSetTimeout][39m
  },
  queueMicrotask: [36m[Function: queueMicrotask][39m,
  structuredClone: [36m[Function: structuredClone][39m,
  atob: [36m[Function: atob][39m,
  btoa: [36m[Function: btoa][39m,
  performance: [36m[Getter/Setter][39m,
  fetch: [36m[Function: fetch][39m,
  navigator: [36m[Getter/Setter][39m,
  crypto: [36m[Getter][39m,
  window: [36m[Circular *1][39m,
  self: [36m[Circular *1][39m,
  top: [36m[Circular *1][39m,
  parent: [36m[Circular *1][39m,
  jsdom: JSDOM {
    [[32mSymbol(window)[39m]: [36m<ref *2>[39m Window {
      StyleSheet: [36m[Function: StyleSheet][39m,
      MediaList: [36m[Function: MediaList][39m,
      CSSStyleSheet: [36m[Function: CSSStyleSheet][39m,
      CSSRule: [36m[Function][39m,
      CSSStyleRule: [36m[Function][39m,
      CSSMediaRule: [36m[Function: CSSMediaRule][39m,
      CSSImportRule: [36m[Function: CSSImportRule][39m,
      CSSStyleDeclaration: [36m[class CSSStyleDeclaration][39m,
      XPathException: [36m[Function][39m,
      XPathExpression: [36m[Function: XPathExpression][39m,
      XPathResult: [36m[Function][39m,
      XPathEvaluator: [36m[Function: XPathEvaluator][39m,
      onafterprint: [36m[Getter/Setter][39m,
      onbeforeprint: [36m[Getter/Setter][39m,
      onbeforeunload: [36m[Getter/Setter][39m,
      onhashchange: [36m[Getter/Setter][39m,
      onlanguagechange: [36m[Getter/Setter][39m,
      onmessage: [36m[Getter/Setter][39m,
      onmessageerror: [36m[Getter/Setter][39m,
      onoffline: [36m[Getter/Setter][39m,
      ononline: [36m[Getter/Setter][39m,
      onpagehide: [36m[Getter/Setter][39m,
      onpageshow: [36m[Getter/Setter][39m,
      onpopstate: [36m[Getter/Setter][39m,
      onrejectionhandled: [36m[Getter/Setter][39m,
      onstorage: [36m[Getter/Setter][39m,
      onunhandledrejection: [36m[Getter/Setter][39m,
      onunload: [36m[Getter/Setter][39m,
      onblur: [36m[Getter/Setter][39m,
      onerror: [36m[Getter/Setter][39m,
      onfocus: [36m[Getter/Setter][39m,
      onload: [36m[Getter/Setter][39m,
      onresize: [36m[Getter/Setter][39m,
      onscroll: [36m[Getter/Setter][39m,
      onabort: [36m[Getter/Setter][39m,
      onauxclick: [36m[Getter/Setter][39m,
      onbeforeinput: [36m[Getter/Setter][39m,
      onbeforematch: [36m[Getter/Setter][39m,
      onbeforetoggle: [36m[Getter/Setter][39m,
      oncancel: [36m[Getter/Setter][39m,
      oncanplay: [36m[Getter/Setter][39m,
      oncanplaythrough: [36m[Getter/Setter][39m,
      onchange: [36m[Getter/Setter][39m,
      onclick: [36m[Getter/Setter][39m,
      onclose: [36m[Getter/Setter][39m,
      oncontextlost: [36m[Getter/Setter][39m,
      oncontextmenu: [36m[Getter/Setter][39m,
      oncontextrestored: [36m[Getter/Setter][39m,
      oncopy: [36m[Getter/Setter][39m,
      oncuechange: [36m[Getter/Setter][39m,
      oncut: [36m[Getter/Setter][39m,
      ondblclick: [36m[Getter/Setter][39m,
      ondrag: [36m[Getter/Setter][39m,
      ondragend: [36m[Getter/Setter][39m,
      ondragenter: [36m[Getter/Setter][39m,
      ondragleave: [36m[Getter/Setter][39m,
      ondragover: [36m[Getter/Setter][39m,
      ondragstart: [36m[Getter/Setter][39m,
      ondrop: [36m[Getter/Setter][39m,
      ondurationchange: [36m[Getter/Setter][39m,
      onemptied: [36m[Getter/Setter][39m,
      onended: [36m[Getter/Setter][39m,
      onformdata: [36m[Getter/Setter][39m,
      oninput: [36m[Getter/Setter][39m,
      oninvalid: [36m[Getter/Setter][39m,
      onkeydown: [36m[Getter/Setter][39m,
      onkeypress: [36m[Getter/Setter][39m,
      onkeyup: [36m[Getter/Setter][39m,
      onloadeddata: [36m[Getter/Setter][39m,
      onloadedmetadata: [36m[Getter/Setter][39m,
      onloadstart: [36m[Getter/Setter][39m,
      onmousedown: [36m[Getter/Setter][39m,
      onmouseenter: [36m[Getter/Setter][39m,
      onmouseleave: [36m[Getter/Setter][39m,
      onmousemove: [36m[Getter/Setter][39m,
      onmouseout: [36m[Getter/Setter][39m,
      onmouseover: [36m[Getter/Setter][39m,
      onmouseup: [36m[Getter/Setter][39m,
      onpaste: [36m[Getter/Setter][39m,
      onpause: [36m[Getter/Setter][39m,
      onplay: [36m[Getter/Setter][39m,
      onplaying: [36m[Getter/Setter][39m,
      onprogress: [36m[Getter/Setter][39m,
      onratechange: [36m[Getter/Setter][39m,
      onreset: [36m[Getter/Setter][39m,
      onscrollend: [36m[Getter/Setter][39m,
      onsecuritypolicyviolation: [36m[Getter/Setter][39m,
      onseeked: [36m[Getter/Setter][39m,
      onseeking: [36m[Getter/Setter][39m,
      onselect: [36m[Getter/Setter][39m,
      onslotchange: [36m[Getter/Setter][39m,
      onstalled: [36m[Getter/Setter][39m,
      onsubmit: [36m[Getter/Setter][39m,
      onsuspend: [36m[Getter/Setter][39m,
      ontimeupdate: [36m[Getter/Setter][39m,
      ontoggle: [36m[Getter/Setter][39m,
      onvolumechange: [36m[Getter/Setter][39m,
      onwaiting: [36m[Getter/Setter][39m,
      onwebkitanimationend: [36m[Getter/Setter][39m,
      onwebkitanimationiteration: [36m[Getter/Setter][39m,
      onwebkitanimationstart: [36m[Getter/Setter][39m,
      onwebkittransitionend: [36m[Getter/Setter][39m,
      onwheel: [36m[Getter/Setter][39m,
      ontouchstart: [36m[Getter/Setter][39m,
      ontouchend: [36m[Getter/Setter][39m,
      ontouchmove: [36m[Getter/Setter][39m,
      ontouchcancel: [36m[Getter/Setter][39m,
      _registeredHandlers: Set(0) {},
      _eventHandlers: [Object: null prototype] {},
      onautocomplete: [36m[Getter/Setter][39m,
      onautocompleteerror: [36m[Getter/Setter][39m,
      onsort: [36m[Getter/Setter][39m,
      _globalObject: [36m[Circular *2][39m,
      _resourceLoader: [36m[NoOpResourceLoader][39m,
      _globalProxy: [36m[Object [Window]][39m,
      _document: [36m[Document][39m,
      _origin: [32m'http://localhost:3000'[39m,
      _sessionHistory: [36m[SessionHistory][39m,
      _virtualConsole: [36m[VirtualConsole][39m,
      _runScripts: [32m'dangerously'[39m,
      _top: [36m[Object [Window]][39m,
      _parent: [36m[Object [Window]][39m,
      _frameElement: [1mnull[22m,
      _length: [33m0[39m,
      _currentEvent: [90mundefined[39m,
      _pretendToBeVisual: [33mtrue[39m,
      _storageQuota: [33m5000000[39m,
      _commonForOrigin: [36m[Object][39m,
      _currentOriginData: [36m[Object][39m,
      _localStorage: Storage {},
      _sessionStorage: Storage {},
      _selection: [36m[SelectionImpl][39m,
      getSelection: [36m[Function (anonymous)][39m,
      _customElementRegistry: CustomElementRegistry {},
      length: [36m[Getter/Setter][39m,
      window: [36m[Getter][39m,
      frameElement: [36m[Getter][39m,
      frames: [36m[Getter/Setter][39m,
      self: [36m[Getter/Setter][39m,
      parent: [36m[Getter/Setter][39m,
      top: [36m[Getter][39m,
      document: [36m[Getter][39m,
      external: [36m[Getter/Setter][39m,
      location: [36m[Getter/Setter][39m,
      history: [36m[Getter][39m,
      navigator: [36m[Getter][39m,
      locationbar: [36m[Getter/Setter][39m,
      menubar: [36m[Getter/Setter][39m,
      personalbar: [36m[Getter/Setter][39m,
      scrollbars: [36m[Getter/Setter][39m,
      statusbar: [36m[Getter/Setter][39m,
      toolbar: [36m[Getter/Setter][39m,
      performance: [36m[Getter][39m,
      screen: [36m[Getter/Setter][39m,
      crypto: [36m[Getter][39m,
      origin: [36m[Getter/Setter][39m,
      localStorage: [36m[Getter][39m,
      sessionStorage: [36m[Getter][39m,
      customElements: [36m[Getter][39m,
      event: [36m[Getter/Setter][39m,
      setTimeout: [36m[Function (anonymous)][39m,
      setInterval: [36m[Function (anonymous)][39m,
      clearTimeout: [36m[Function (anonymous)][39m,
      clearInterval: [36m[Function (anonymous)][39m,
      queueMicrotask: [36m[Function (anonymous)][39m,
      requestAnimationFrame: [36m[Function (anonymous)][39m,
      cancelAnimationFrame: [36m[Function (anonymous)][39m,
      postMessage: [36m[Function (anonymous)][39m,
      atob: [36m[Function (anonymous)][39m,
      btoa: [36m[Function (anonymous)][39m,
      stop: [36m[Function (anonymous)][39m,
      close: [36m[Function (anonymous)][39m,
      getComputedStyle: [36m[Function (anonymous)][39m,
      captureEvents: [36m[Function (anonymous)][39m,
      releaseEvents: [36m[Function (anonymous)][39m,
      console: [36m[Object][39m,
      name: [32m''[39m,
      status: [32m''[39m,
      devicePixelRatio: [33m1[39m,
      innerWidth: [33m1024[39m,
      innerHeight: [33m768[39m,
      outerWidth: [33m1024[39m,
      outerHeight: [33m768[39m,
      pageXOffset: [33m0[39m,
      pageYOffset: [33m0[39m,
      screenX: [33m0[39m,
      screenLeft: [33m0[39m,
      screenY: [33m0[39m,
      screenTop: [33m0[39m,
      scrollX: [33m0[39m,
      scrollY: [33m0[39m,
      alert: [36m[Function (anonymous)][39m,
      blur: [36m[Function (anonymous)][39m,
      confirm: [36m[Function (anonymous)][39m,
      focus: [36m[Function (anonymous)][39m,
      moveBy: [36m[Function (anonymous)][39m,
      moveTo: [36m[Function (anonymous)][39m,
      open: [36m[Function (anonymous)][39m,
      print: [36m[Function (anonymous)][39m,
      prompt: [36m[Function (anonymous)][39m,
      resizeBy: [36m[Function (anonymous)][39m,
      resizeTo: [36m[Function (anonymous)][39m,
      scroll: [36m[Function (anonymous)][39m,
      scrollBy: [36m[Function (anonymous)][39m,
      scrollTo: [36m[Function (anonymous)][39m,
      [32m'test-container'[39m: [36m[Getter/Setter][39m,
      [32m'tutorial-target'[39m: [36m[Getter/Setter][39m,
      [[32mSymbol([webidl2js] constructor registry)[39m]: [36m[Object: null prototype][39m,
      [[32mSymbol(named property tracker)[39m]: [36m[NamedPropertiesTracker][39m
    }
  },
  suite: [Function: chain] {
    each: [36m[Function (anonymous)][39m,
    for: [36m[Function (anonymous)][39m,
    skipIf: [36m[Function (anonymous)][39m,
    runIf: [36m[Function (anonymous)][39m,
    withContext: [36m[Function (anonymous)][39m,
    setContext: [36m[Function (anonymous)][39m,
    mergeContext: [36m[Function (anonymous)][39m,
    fn: [Function: suiteFn] {
      each: [36m[Function (anonymous)][39m,
      for: [36m[Function (anonymous)][39m,
      skipIf: [36m[Function (anonymous)][39m,
      runIf: [36m[Function (anonymous)][39m
    }
  },
  test: [Function: chain] {
    each: [36m[Function (anonymous)][39m,
    for: [36m[Function (anonymous)][39m,
    skipIf: [36m[Function (anonymous)][39m,
    runIf: [36m[Function (anonymous)][39m,
    scoped: [36m[Function (anonymous)][39m,
    extend: [36m[Function (anonymous)][39m,
    beforeEach: [36m[Function: beforeEach][39m,
    afterEach: [36m[Function: afterEach][39m,
    beforeAll: [36m[Function: beforeAll][39m,
    afterAll: [36m[Function: afterAll][39m,
    withContext: [36m[Function (anonymous)][39m,
    setContext: [36m[Function (anonymous)][39m,
    mergeContext: [36m[Function (anonymous)][39m,
    fn: [Function (anonymous)] {
      each: [36m[Function (anonymous)][39m,
      for: [36m[Function (anonymous)][39m,
      skipIf: [36m[Function (anonymous)][39m,
      runIf: [36m[Function (anonymous)][39m,
      scoped: [36m[Function (anonymous)][39m,
      extend: [36m[Function (anonymous)][39m,
      beforeEach: [36m[Function: beforeEach][39m,
      afterEach: [36m[Function: afterEach][39m,
      beforeAll: [36m[Function: beforeAll][39m,
      afterAll: [36m[Function: afterAll][39m
    }
  },
  describe: [Function: chain] {
    each: [36m[Function (anonymous)][39m,
    for: [36m[Function (anonymous)][39m,
    skipIf: [36m[Function (anonymous)][39m,
    runIf: [36m[Function (anonymous)][39m,
    withContext: [36m[Function (anonymous)][39m,
    setContext: [36m[Function (anonymous)][39m,
    mergeContext: [36m[Function (anonymous)][39m,
    fn: [Function: suiteFn] {
      each: [36m[Function (anonymous)][39m,
      for: [36m[Function (anonymous)][39m,
      skipIf: [36m[Function (anonymous)][39m,
      runIf: [36m[Function (anonymous)][39m
    }
  },
  it: [Function: chain] {
    each: [36m[Function (anonymous)][39m,
    for: [36m[Function (anonymous)][39m,
    skipIf: [36m[Function (anonymous)][39m,
    runIf: [36m[Function (anonymous)][39m,
    scoped: [36m[Function (anonymous)][39m,
    extend: [36m[Function (anonymous)][39m,
    beforeEach: [36m[Function: beforeEach][39m,
    afterEach: [36m[Function: afterEach][39m,
    beforeAll: [36m[Function: beforeAll][39m,
    afterAll: [36m[Function: afterAll][39m,
    withContext: [36m[Function (anonymous)][39m,
    setContext: [36m[Function (anonymous)][39m,
    mergeContext: [36m[Function (anonymous)][39m,
    fn: [Function (anonymous)] {
      each: [36m[Function (anonymous)][39m,
      for: [36m[Function (anonymous)][39m,
      skipIf: [36m[Function (anonymous)][39m,
      runIf: [36m[Function (anonymous)][39m,
      scoped: [36m[Function (anonymous)][39m,
      extend: [36m[Function (anonymous)][39m,
      beforeEach: [36m[Function: beforeEach][39m,
      afterEach: [36m[Function: afterEach][39m,
      beforeAll: [36m[Function: beforeAll][39m,
      afterAll: [36m[Function: afterAll][39m
    }
  },
  chai: [Module: null prototype] {
    Assertion: [36m[class Assertion][39m,
    AssertionError: [36m[class AssertionError extends Error][39m,
    Should: [36m[Function: loadShould][39m,
    assert: [Function: assert] {
      fail: [36m[Function (anonymous)][39m,
      isOk: [36m[Function (anonymous)][39m,
      isNotOk: [36m[Function (anonymous)][39m,
      equal: [36m[Function (anonymous)][39m,
      notEqual: [36m[Function (anonymous)][39m,
      strictEqual: [36m[Function (anonymous)][39m,
      notStrictEqual: [36m[Function (anonymous)][39m,
      deepStrictEqual: [36m[Function (anonymous)][39m,
      deepEqual: [36m[Function (anonymous)][39m,
      notDeepEqual: [36m[Function (anonymous)][39m,
      isAbove: [36m[Function (anonymous)][39m,
      isAtLeast: [36m[Function (anonymous)][39m,
      isBelow: [36m[Function (anonymous)][39m,
      isAtMost: [36m[Function (anonymous)][39m,
      isTrue: [36m[Function (anonymous)][39m,
      isNotTrue: [36m[Function (anonymous)][39m,
      isFalse: [36m[Function (anonymous)][39m,
      isNotFalse: [36m[Function (anonymous)][39m,
      isNull: [36m[Function (anonymous)][39m,
      isNotNull: [36m[Function (anonymous)][39m,
      isNaN: [36m[Function (anonymous)][39m,
      isNotNaN: [36m[Function (anonymous)][39m,
      exists: [36m[Function (anonymous)][39m,
      notExists: [36m[Function (anonymous)][39m,
      isUndefined: [36m[Function (anonymous)][39m,
      isDefined: [36m[Function (anonymous)][39m,
      isCallable: [36m[Function (anonymous)][39m,
      isNotCallable: [36m[Function (anonymous)][39m,
      isObject: [36m[Function (anonymous)][39m,
      isNotObject: [36m[Function (anonymous)][39m,
      isArray: [36m[Function (anonymous)][39m,
      isNotArray: [36m[Function (anonymous)][39m,
      isString: [36m[Function (anonymous)][39m,
      isNotString: [36m[Function (anonymous)][39m,
      isNumber: [36m[Function (anonymous)][39m,
      isNotNumber: [36m[Function (anonymous)][39m,
      isNumeric: [36m[Function (anonymous)][39m,
      isNotNumeric: [36m[Function (anonymous)][39m,
      isFinite: [36m[Function (anonymous)][39m,
      isBoolean: [36m[Function (anonymous)][39m,
      isNotBoolean: [36m[Function (anonymous)][39m,
      typeOf: [36m[Function (anonymous)][39m,
      notTypeOf: [36m[Function (anonymous)][39m,
      instanceOf: [36m[Function (anonymous)][39m,
      notInstanceOf: [36m[Function (anonymous)][39m,
      include: [36m[Function (anonymous)][39m,
      notInclude: [36m[Function (anonymous)][39m,
      deepInclude: [36m[Function (anonymous)][39m,
      notDeepInclude: [36m[Function (anonymous)][39m,
      nestedInclude: [36m[Function (anonymous)][39m,
      notNestedInclude: [36m[Function (anonymous)][39m,
      deepNestedInclude: [36m[Function (anonymous)][39m,
      notDeepNestedInclude: [36m[Function (anonymous)][39m,
      ownInclude: [36m[Function (anonymous)][39m,
      notOwnInclude: [36m[Function (anonymous)][39m,
      deepOwnInclude: [36m[Function (anonymous)][39m,
      notDeepOwnInclude: [36m[Function (anonymous)][39m,
      match: [36m[Function (anonymous)][39m,
      notMatch: [36m[Function (anonymous)][39m,
      property: [36m[Function (anonymous)][39m,
      notProperty: [36m[Function (anonymous)][39m,
      propertyVal: [36m[Function (anonymous)][39m,
      notPropertyVal: [36m[Function (anonymous)][39m,
      deepPropertyVal: [36m[Function (anonymous)][39m,
      notDeepPropertyVal: [36m[Function (anonymous)][39m,
      ownProperty: [36m[Function (anonymous)][39m,
      notOwnProperty: [36m[Function (anonymous)][39m,
      ownPropertyVal: [36m[Function (anonymous)][39m,
      notOwnPropertyVal: [36m[Function (anonymous)][39m,
      deepOwnPropertyVal: [36m[Function (anonymous)][39m,
      notDeepOwnPropertyVal: [36m[Function (anonymous)][39m,
      nestedProperty: [36m[Function (anonymous)][39m,
      notNestedProperty: [36m[Function (anonymous)][39m,
      nestedPropertyVal: [36m[Function (anonymous)][39m,
      notNestedPropertyVal: [36m[Function (anonymous)][39m,
      deepNestedPropertyVal: [36m[Function (anonymous)][39m,
      notDeepNestedPropertyVal: [36m[Function (anonymous)][39m,
      lengthOf: [36m[Function (anonymous)][39m,
      hasAnyKeys: [36m[Function (anonymous)][39m,
      hasAllKeys: [36m[Function (anonymous)][39m,
      containsAllKeys: [36m[Function (anonymous)][39m,
      doesNotHaveAnyKeys: [36m[Function (anonymous)][39m,
      doesNotHaveAllKeys: [36m[Function (anonymous)][39m,
      hasAnyDeepKeys: [36m[Function (anonymous)][39m,
      hasAllDeepKeys: [36m[Function (anonymous)][39m,
      containsAllDeepKeys: [36m[Function (anonymous)][39m,
      doesNotHaveAnyDeepKeys: [36m[Function (anonymous)][39m,
      doesNotHaveAllDeepKeys: [36m[Function (anonymous)][39m,
      throws: [36m[Function (anonymous)][39m,
      doesNotThrow: [36m[Function (anonymous)][39m,
      operator: [36m[Function (anonymous)][39m,
      closeTo: [36m[Function (anonymous)][39m,
      approximately: [36m[Function (anonymous)][39m,
      sameMembers: [36m[Function (anonymous)][39m,
      notSameMembers: [36m[Function (anonymous)][39m,
      sameDeepMembers: [36m[Function (anonymous)][39m,
      notSameDeepMembers: [36m[Function (anonymous)][39m,
      sameOrderedMembers: [36m[Function (anonymous)][39m,
      notSameOrderedMembers: [36m[Function (anonymous)][39m,
      sameDeepOrderedMembers: [36m[Function (anonymous)][39m,
      notSameDeepOrderedMembers: [36m[Function (anonymous)][39m,
      includeMembers: [36m[Function (anonymous)][39m,
      notIncludeMembers: [36m[Function (anonymous)][39m,
      includeDeepMembers: [36m[Function (anonymous)][39m,
      notIncludeDeepMembers: [36m[Function (anonymous)][39m,
      includeOrderedMembers: [36m[Function (anonymous)][39m,
      notIncludeOrderedMembers: [36m[Function (anonymous)][39m,
      includeDeepOrderedMembers: [36m[Function (anonymous)][39m,
      notIncludeDeepOrderedMembers: [36m[Function (anonymous)][39m,
      oneOf: [36m[Function (anonymous)][39m,
      isIterable: [36m[Function (anonymous)][39m,
      changes: [36m[Function (anonymous)][39m,
      changesBy: [36m[Function (anonymous)][39m,
      doesNotChange: [36m[Function (anonymous)][39m,
      changesButNotBy: [36m[Function (anonymous)][39m,
      increases: [36m[Function (anonymous)][39m,
      increasesBy: [36m[Function (anonymous)][39m,
      doesNotIncrease: [36m[Function (anonymous)][39m,
      increasesButNotBy: [36m[Function (anonymous)][39m,
      decreases: [36m[Function (anonymous)][39m,
      decreasesBy: [36m[Function (anonymous)][39m,
      doesNotDecrease: [36m[Function (anonymous)][39m,
      doesNotDecreaseBy: [36m[Function (anonymous)][39m,
      decreasesButNotBy: [36m[Function (anonymous)][39m,
      ifError: [36m[Function (anonymous)][39m,
      isExtensible: [36m[Function (anonymous)][39m,
      isNotExtensible: [36m[Function (anonymous)][39m,
      isSealed: [36m[Function (anonymous)][39m,
      isNotSealed: [36m[Function (anonymous)][39m,
      isFrozen: [36m[Function (anonymous)][39m,
      isNotFrozen: [36m[Function (anonymous)][39m,
      isEmpty: [36m[Function (anonymous)][39m,
      isNotEmpty: [36m[Function (anonymous)][39m,
      containsSubset: [36m[Function (anonymous)][39m,
      doesNotContainSubset: [36m[Function (anonymous)][39m,
      ok: [36m[Function (anonymous)][39m,
      notOk: [36m[Function (anonymous)][39m,
      throw: [36m[Function (anonymous)][39m,
      Throw: [36m[Function (anonymous)][39m,
      extensible: [36m[Function (anonymous)][39m,
      notExtensible: [36m[Function (anonymous)][39m,
      sealed: [36m[Function (anonymous)][39m,
      notSealed: [36m[Function (anonymous)][39m,
      frozen: [36m[Function (anonymous)][39m,
      notFrozen: [36m[Function (anonymous)][39m,
      empty: [36m[Function (anonymous)][39m,
      notEmpty: [36m[Function (anonymous)][39m,
      isFunction: [36m[Function (anonymous)][39m,
      isNotFunction: [36m[Function (anonymous)][39m,
      containSubset: [36m[Function (anonymous)][39m
    },
    config: {
      includeStack: [33mfalse[39m,
      showDiff: [33mtrue[39m,
      truncateThreshold: [33m40[39m,
      useProxy: [33mtrue[39m,
      proxyExcludedKeys: [36m[Array][39m,
      deepEqual: [1mnull[22m
    },
    expect: [Function: expect] {
      fail: [36m[Function (anonymous)][39m,
      extend: [36m[Function: methodWrapper][39m,
      addSnapshotSerializer: [36m[Function: methodWrapper][39m,
      anything: [36m[Function: methodWrapper][39m,
      any: [36m[Function: methodWrapper][39m,
      stringContaining: [36m[Function: methodWrapper][39m,
      objectContaining: [36m[Function: methodWrapper][39m,
      arrayContaining: [36m[Function: methodWrapper][39m,
      stringMatching: [36m[Function: methodWrapper][39m,
      closeTo: [36m[Function: methodWrapper][39m,
      schemaMatching: [36m[Function: methodWrapper][39m,
      not: [36m[Object][39m,
      __flags: [36m[Object: null prototype][39m
    },
    should: [36m[Function: loadShould][39m,
    use: [36m[Function: use][39m,
    util: {
      addChainableMethod: [36m[Getter][39m,
      addLengthGuard: [36m[Getter][39m,
      addMethod: [36m[Getter][39m,
      addProperty: [36m[Getter][39m,
      checkError: [36m[Getter][39m,
      compareByInspect: [36m[Getter][39m,
      eql: [36m[Getter][39m,
      events: [36m[Getter][39m,
      expectTypes: [36m[Getter][39m,
      flag: [36m[Getter][39m,
      getActual: [36m[Getter][39m,
      getMessage: [36m[Getter][39m,
      getName: [36m[Getter][39m,
      getOperator: [36m[Getter][39m,
      getOwnEnumerableProperties: [36m[Getter][39m,
      getOwnEnumerablePropertySymbols: [36m[Getter][39m,
      getPathInfo: [36m[Getter][39m,
      hasProperty: [36m[Getter][39m,
      inspect: [36m[Getter][39m,
      isNaN: [36m[Getter][39m,
      isNumeric: [36m[Getter][39m,
      isProxyEnabled: [36m[Getter][39m,
      isRegExp: [36m[Getter][39m,
      objDisplay: [36m[Getter][39m,
      overwriteChainableMethod: [36m[Getter][39m,
      overwriteMethod: [36m[Getter][39m,
      overwriteProperty: [36m[Getter][39m,
      proxify: [36m[Getter][39m,
      test: [36m[Getter][39m,
      transferFlags: [36m[Getter][39m,
      type: [36m[Getter][39m
    }
  },
  expect: [Function: expect] {
    fail: [36m[Function (anonymous)][39m,
    extend: [36m[Function (anonymous)][39m,
    addSnapshotSerializer: [36m[Function: methodWrapper][39m,
    anything: [36m[Function: methodWrapper][39m,
    any: [36m[Function: methodWrapper][39m,
    stringContaining: [36m[Function: methodWrapper][39m,
    objectContaining: [36m[Function: methodWrapper][39m,
    arrayContaining: [36m[Function: methodWrapper][39m,
    stringMatching: [36m[Function: methodWrapper][39m,
    closeTo: [36m[Function: methodWrapper][39m,
    schemaMatching: [36m[Function: methodWrapper][39m,
    not: {
      stringContaining: [36m[Function: stringContaining][39m,
      objectContaining: [36m[Function: objectContaining][39m,
      arrayContaining: [36m[Function: arrayContaining][39m,
      stringMatching: [36m[Function: stringMatching][39m,
      closeTo: [36m[Function: closeTo][39m,
      schemaMatching: [36m[Function: schemaMatching][39m,
      toSatisfy: [36m[Function: value][39m,
      toBeOneOf: [36m[Function: value][39m
    },
    getState: [36m[Function (anonymous)][39m,
    setState: [36m[Function (anonymous)][39m,
    assert: [Function: assert] {
      fail: [36m[Function (anonymous)][39m,
      isOk: [36m[Function (anonymous)][39m,
      isNotOk: [36m[Function (anonymous)][39m,
      equal: [36m[Function (anonymous)][39m,
      notEqual: [36m[Function (anonymous)][39m,
      strictEqual: [36m[Function (anonymous)][39m,
      notStrictEqual: [36m[Function (anonymous)][39m,
      deepStrictEqual: [36m[Function (anonymous)][39m,
      deepEqual: [36m[Function (anonymous)][39m,
      notDeepEqual: [36m[Function (anonymous)][39m,
      isAbove: [36m[Function (anonymous)][39m,
      isAtLeast: [36m[Function (anonymous)][39m,
      isBelow: [36m[Function (anonymous)][39m,
      isAtMost: [36m[Function (anonymous)][39m,
      isTrue: [36m[Function (anonymous)][39m,
      isNotTrue: [36m[Function (anonymous)][39m,
      isFalse: [36m[Function (anonymous)][39m,
      isNotFalse: [36m[Function (anonymous)][39m,
      isNull: [36m[Function (anonymous)][39m,
      isNotNull: [36m[Function (anonymous)][39m,
      isNaN: [36m[Function (anonymous)][39m,
      isNotNaN: [36m[Function (anonymous)][39m,
      exists: [36m[Function (anonymous)][39m,
      notExists: [36m[Function (anonymous)][39m,
      isUndefined: [36m[Function (anonymous)][39m,
      isDefined: [36m[Function (anonymous)][39m,
      isCallable: [36m[Function (anonymous)][39m,
      isNotCallable: [36m[Function (anonymous)][39m,
      isObject: [36m[Function (anonymous)][39m,
      isNotObject: [36m[Function (anonymous)][39m,
      isArray: [36m[Function (anonymous)][39m,
      isNotArray: [36m[Function (anonymous)][39m,
      isString: [36m[Function (anonymous)][39m,
      isNotString: [36m[Function (anonymous)][39m,
      isNumber: [36m[Function (anonymous)][39m,
      isNotNumber: [36m[Function (anonymous)][39m,
      isNumeric: [36m[Function (anonymous)][39m,
      isNotNumeric: [36m[Function (anonymous)][39m,
      isFinite: [36m[Function (anonymous)][39m,
      isBoolean: [36m[Function (anonymous)][39m,
      isNotBoolean: [36m[Function (anonymous)][39m,
      typeOf: [36m[Function (anonymous)][39m,
      notTypeOf: [36m[Function (anonymous)][39m,
      instanceOf: [36m[Function (anonymous)][39m,
      notInstanceOf: [36m[Function (anonymous)][39m,
      include: [36m[Function (anonymous)][39m,
      notInclude: [36m[Function (anonymous)][39m,
      deepInclude: [36m[Function (anonymous)][39m,
      notDeepInclude: [36m[Function (anonymous)][39m,
      nestedInclude: [36m[Function (anonymous)][39m,
      notNestedInclude: [36m[Function (anonymous)][39m,
      deepNestedInclude: [36m[Function (anonymous)][39m,
      notDeepNestedInclude: [36m[Function (anonymous)][39m,
      ownInclude: [36m[Function (anonymous)][39m,
      notOwnInclude: [36m[Function (anonymous)][39m,
      deepOwnInclude: [36m[Function (anonymous)][39m,
      notDeepOwnInclude: [36m[Function (anonymous)][39m,
      match: [36m[Function (anonymous)][39m,
      notMatch: [36m[Function (anonymous)][39m,
      property: [36m[Function (anonymous)][39m,
      notProperty: [36m[Function (anonymous)][39m,
      propertyVal: [36m[Function (anonymous)][39m,
      notPropertyVal: [36m[Function (anonymous)][39m,
      deepPropertyVal: [36m[Function (anonymous)][39m,
      notDeepPropertyVal: [36m[Function (anonymous)][39m,
      ownProperty: [36m[Function (anonymous)][39m,
      notOwnProperty: [36m[Function (anonymous)][39m,
      ownPropertyVal: [36m[Function (anonymous)][39m,
      notOwnPropertyVal: [36m[Function (anonymous)][39m,
      deepOwnPropertyVal: [36m[Function (anonymous)][39m,
      notDeepOwnPropertyVal: [36m[Function (anonymous)][39m,
      nestedProperty: [36m[Function (anonymous)][39m,
      notNestedProperty: [36m[Function (anonymous)][39m,
      nestedPropertyVal: [36m[Function (anonymous)][39m,
      notNestedPropertyVal: [36m[Function (anonymous)][39m,
      deepNestedPropertyVal: [36m[Function (anonymous)][39m,
      notDeepNestedPropertyVal: [36m[Function (anonymous)][39m,
      lengthOf: [36m[Function (anonymous)][39m,
      hasAnyKeys: [36m[Function (anonymous)][39m,
      hasAllKeys: [36m[Function (anonymous)][39m,
      containsAllKeys: [36m[Function (anonymous)][39m,
      doesNotHaveAnyKeys: [36m[Function (anonymous)][39m,
      doesNotHaveAllKeys: [36m[Function (anonymous)][39m,
      hasAnyDeepKeys: [36m[Function (anonymous)][39m,
      hasAllDeepKeys: [36m[Function (anonymous)][39m,
      containsAllDeepKeys: [36m[Function (anonymous)][39m,
      doesNotHaveAnyDeepKeys: [36m[Function (anonymous)][39m,
      doesNotHaveAllDeepKeys: [36m[Function (anonymous)][39m,
      throws: [36m[Function (anonymous)][39m,
      doesNotThrow: [36m[Function (anonymous)][39m,
      operator: [36m[Function (anonymous)][39m,
      closeTo: [36m[Function (anonymous)][39m,
      approximately: [36m[Function (anonymous)][39m,
      sameMembers: [36m[Function (anonymous)][39m,
      notSameMembers: [36m[Function (anonymous)][39m,
      sameDeepMembers: [36m[Function (anonymous)][39m,
      notSameDeepMembers: [36m[Function (anonymous)][39m,
      sameOrderedMembers: [36m[Function (anonymous)][39m,
      notSameOrderedMembers: [36m[Function (anonymous)][39m,
      sameDeepOrderedMembers: [36m[Function (anonymous)][39m,
      notSameDeepOrderedMembers: [36m[Function (anonymous)][39m,
      includeMembers: [36m[Function (anonymous)][39m,
      notIncludeMembers: [36m[Function (anonymous)][39m,
      includeDeepMembers: [36m[Function (anonymous)][39m,
      notIncludeDeepMembers: [36m[Function (anonymous)][39m,
      includeOrderedMembers: [36m[Function (anonymous)][39m,
      notIncludeOrderedMembers: [36m[Function (anonymous)][39m,
      includeDeepOrderedMembers: [36m[Function (anonymous)][39m,
      notIncludeDeepOrderedMembers: [36m[Function (anonymous)][39m,
      oneOf: [36m[Function (anonymous)][39m,
      isIterable: [36m[Function (anonymous)][39m,
      changes: [36m[Function (anonymous)][39m,
      changesBy: [36m[Function (anonymous)][39m,
      doesNotChange: [36m[Function (anonymous)][39m,
      changesButNotBy: [36m[Function (anonymous)][39m,
      increases: [36m[Function (anonymous)][39m,
      increasesBy: [36m[Function (anonymous)][39m,
      doesNotIncrease: [36m[Function (anonymous)][39m,
      increasesButNotBy: [36m[Function (anonymous)][39m,
      decreases: [36m[Function (anonymous)][39m,
      decreasesBy: [36m[Function (anonymous)][39m,
      doesNotDecrease: [36m[Function (anonymous)][39m,
      doesNotDecreaseBy: [36m[Function (anonymous)][39m,
      decreasesButNotBy: [36m[Function (anonymous)][39m,
      ifError: [36m[Function (anonymous)][39m,
      isExtensible: [36m[Function (anonymous)][39m,
      isNotExtensible: [36m[Function (anonymous)][39m,
      isSealed: [36m[Function (anonymous)][39m,
      isNotSealed: [36m[Function (anonymous)][39m,
      isFrozen: [36m[Function (anonymous)][39m,
      isNotFrozen: [36m[Function (anonymous)][39m,
      isEmpty: [36m[Function (anonymous)][39m,
      isNotEmpty: [36m[Function (anonymous)][39m,
      containsSubset: [36m[Function (anonymous)][39m,
      doesNotContainSubset: [36m[Function (anonymous)][39m,
      ok: [36m[Function (anonymous)][39m,
      notOk: [36m[Function (anonymous)][39m,
      throw: [36m[Function (anonymous)][39m,
      Throw: [36m[Function (anonymous)][39m,
      extensible: [36m[Function (anonymous)][39m,
      notExtensible: [36m[Function (anonymous)][39m,
      sealed: [36m[Function (anonymous)][39m,
      notSealed: [36m[Function (anonymous)][39m,
      frozen: [36m[Function (anonymous)][39m,
      notFrozen: [36m[Function (anonymous)][39m,
      empty: [36m[Function (anonymous)][39m,
      notEmpty: [36m[Function (anonymous)][39m,
      isFunction: [36m[Function (anonymous)][39m,
      isNotFunction: [36m[Function (anonymous)][39m,
      containSubset: [36m[Function (anonymous)][39m
    },
    addEqualityTesters: [36m[Function (anonymous)][39m,
    soft: [36m[Function (anonymous)][39m,
    poll: [36m[Function: poll][39m,
    unreachable: [36m[Function (anonymous)][39m,
    assertions: [36m[Function: methodWrapper][39m,
    hasAssertions: [36m[Function: methodWrapper][39m,
    toSatisfy: [36m[Function: customMatcher][39m,
    toBeOneOf: [36m[Function: customMatcher][39m
  },
  assert: [Function: assert] {
    fail: [36m[Function (anonymous)][39m,
    isOk: [36m[Function (anonymous)][39m,
    isNotOk: [36m[Function (anonymous)][39m,
    equal: [36m[Function (anonymous)][39m,
    notEqual: [36m[Function (anonymous)][39m,
    strictEqual: [36m[Function (anonymous)][39m,
    notStrictEqual: [36m[Function (anonymous)][39m,
    deepStrictEqual: [36m[Function (anonymous)][39m,
    deepEqual: [36m[Function (anonymous)][39m,
    notDeepEqual: [36m[Function (anonymous)][39m,
    isAbove: [36m[Function (anonymous)][39m,
    isAtLeast: [36m[Function (anonymous)][39m,
    isBelow: [36m[Function (anonymous)][39m,
    isAtMost: [36m[Function (anonymous)][39m,
    isTrue: [36m[Function (anonymous)][39m,
    isNotTrue: [36m[Function (anonymous)][39m,
    isFalse: [36m[Function (anonymous)][39m,
    isNotFalse: [36m[Function (anonymous)][39m,
    isNull: [36m[Function (anonymous)][39m,
    isNotNull: [36m[Function (anonymous)][39m,
    isNaN: [36m[Function (anonymous)][39m,
    isNotNaN: [36m[Function (anonymous)][39m,
    exists: [36m[Function (anonymous)][39m,
    notExists: [36m[Function (anonymous)][39m,
    isUndefined: [36m[Function (anonymous)][39m,
    isDefined: [36m[Function (anonymous)][39m,
    isCallable: [36m[Function (anonymous)][39m,
    isNotCallable: [36m[Function (anonymous)][39m,
    isObject: [36m[Function (anonymous)][39m,
    isNotObject: [36m[Function (anonymous)][39m,
    isArray: [36m[Function (anonymous)][39m,
    isNotArray: [36m[Function (anonymous)][39m,
    isString: [36m[Function (anonymous)][39m,
    isNotString: [36m[Function (anonymous)][39m,
    isNumber: [36m[Function (anonymous)][39m,
    isNotNumber: [36m[Function (anonymous)][39m,
    isNumeric: [36m[Function (anonymous)][39m,
    isNotNumeric: [36m[Function (anonymous)][39m,
    isFinite: [36m[Function (anonymous)][39m,
    isBoolean: [36m[Function (anonymous)][39m,
    isNotBoolean: [36m[Function (anonymous)][39m,
    typeOf: [36m[Function (anonymous)][39m,
    notTypeOf: [36m[Function (anonymous)][39m,
    instanceOf: [36m[Function (anonymous)][39m,
    notInstanceOf: [36m[Function (anonymous)][39m,
    include: [36m[Function (anonymous)][39m,
    notInclude: [36m[Function (anonymous)][39m,
    deepInclude: [36m[Function (anonymous)][39m,
    notDeepInclude: [36m[Function (anonymous)][39m,
    nestedInclude: [36m[Function (anonymous)][39m,
    notNestedInclude: [36m[Function (anonymous)][39m,
    deepNestedInclude: [36m[Function (anonymous)][39m,
    notDeepNestedInclude: [36m[Function (anonymous)][39m,
    ownInclude: [36m[Function (anonymous)][39m,
    notOwnInclude: [36m[Function (anonymous)][39m,
    deepOwnInclude: [36m[Function (anonymous)][39m,
    notDeepOwnInclude: [36m[Function (anonymous)][39m,
    match: [36m[Function (anonymous)][39m,
    notMatch: [36m[Function (anonymous)][39m,
    property: [36m[Function (anonymous)][39m,
    notProperty: [36m[Function (anonymous)][39m,
    propertyVal: [36m[Function (anonymous)][39m,
    notPropertyVal: [36m[Function (anonymous)][39m,
    deepPropertyVal: [36m[Function (anonymous)][39m,
    notDeepPropertyVal: [36m[Function (anonymous)][39m,
    ownProperty: [36m[Function (anonymous)][39m,
    notOwnProperty: [36m[Function (anonymous)][39m,
    ownPropertyVal: [36m[Function (anonymous)][39m,
    notOwnPropertyVal: [36m[Function (anonymous)][39m,
    deepOwnPropertyVal: [36m[Function (anonymous)][39m,
    notDeepOwnPropertyVal: [36m[Function (anonymous)][39m,
    nestedProperty: [36m[Function (anonymous)][39m,
    notNestedProperty: [36m[Function (anonymous)][39m,
    nestedPropertyVal: [36m[Function (anonymous)][39m,
    notNestedPropertyVal: [36m[Function (anonymous)][39m,
    deepNestedPropertyVal: [36m[Function (anonymous)][39m,
    notDeepNestedPropertyVal: [36m[Function (anonymous)][39m,
    lengthOf: [36m[Function (anonymous)][39m,
    hasAnyKeys: [36m[Function (anonymous)][39m,
    hasAllKeys: [36m[Function (anonymous)][39m,
    containsAllKeys: [36m[Function (anonymous)][39m,
    doesNotHaveAnyKeys: [36m[Function (anonymous)][39m,
    doesNotHaveAllKeys: [36m[Function (anonymous)][39m,
    hasAnyDeepKeys: [36m[Function (anonymous)][39m,
    hasAllDeepKeys: [36m[Function (anonymous)][39m,
    containsAllDeepKeys: [36m[Function (anonymous)][39m,
    doesNotHaveAnyDeepKeys: [36m[Function (anonymous)][39m,
    doesNotHaveAllDeepKeys: [36m[Function (anonymous)][39m,
    throws: [36m[Function (anonymous)][39m,
    doesNotThrow: [36m[Function (anonymous)][39m,
    operator: [36m[Function (anonymous)][39m,
    closeTo: [36m[Function (anonymous)][39m,
    approximately: [36m[Function (anonymous)][39m,
    sameMembers: [36m[Function (anonymous)][39m,
    notSameMembers: [36m[Function (anonymous)][39m,
    sameDeepMembers: [36m[Function (anonymous)][39m,
    notSameDeepMembers: [36m[Function (anonymous)][39m,
    sameOrderedMembers: [36m[Function (anonymous)][39m,
    notSameOrderedMembers: [36m[Function (anonymous)][39m,
    sameDeepOrderedMembers: [36m[Function (anonymous)][39m,
    notSameDeepOrderedMembers: [36m[Function (anonymous)][39m,
    includeMembers: [36m[Function (anonymous)][39m,
    notIncludeMembers: [36m[Function (anonymous)][39m,
    includeDeepMembers: [36m[Function (anonymous)][39m,
    notIncludeDeepMembers: [36m[Function (anonymous)][39m,
    includeOrderedMembers: [36m[Function (anonymous)][39m,
    notIncludeOrderedMembers: [36m[Function (anonymous)][39m,
    includeDeepOrderedMembers: [36m[Function (anonymous)][39m,
    notIncludeDeepOrderedMembers: [36m[Function (anonymous)][39m,
    oneOf: [36m[Function (anonymous)][39m,
    isIterable: [36m[Function (anonymous)][39m,
    changes: [36m[Function (anonymous)][39m,
    changesBy: [36m[Function (anonymous)][39m,
    doesNotChange: [36m[Function (anonymous)][39m,
    changesButNotBy: [36m[Function (anonymous)][39m,
    increases: [36m[Function (anonymous)][39m,
    increasesBy: [36m[Function (anonymous)][39m,
    doesNotIncrease: [36m[Function (anonymous)][39m,
    increasesButNotBy: [36m[Function (anonymous)][39m,
    decreases: [36m[Function (anonymous)][39m,
    decreasesBy: [36m[Function (anonymous)][39m,
    doesNotDecrease: [36m[Function (anonymous)][39m,
    doesNotDecreaseBy: [36m[Function (anonymous)][39m,
    decreasesButNotBy: [36m[Function (anonymous)][39m,
    ifError: [36m[Function (anonymous)][39m,
    isExtensible: [36m[Function (anonymous)][39m,
    isNotExtensible: [36m[Function (anonymous)][39m,
    isSealed: [36m[Function (anonymous)][39m,
    isNotSealed: [36m[Function (anonymous)][39m,
    isFrozen: [36m[Function (anonymous)][39m,
    isNotFrozen: [36m[Function (anonymous)][39m,
    isEmpty: [36m[Function (anonymous)][39m,
    isNotEmpty: [36m[Function (anonymous)][39m,
    containsSubset: [36m[Function (anonymous)][39m,
    doesNotContainSubset: [36m[Function (anonymous)][39m,
    ok: [36m[Function (anonymous)][39m,
    notOk: [36m[Function (anonymous)][39m,
    throw: [36m[Function (anonymous)][39m,
    Throw: [36m[Function (anonymous)][39m,
    extensible: [36m[Function (anonymous)][39m,
    notExtensible: [36m[Function (anonymous)][39m,
    sealed: [36m[Function (anonymous)][39m,
    notSealed: [36m[Function (anonymous)][39m,
    frozen: [36m[Function (anonymous)][39m,
    notFrozen: [36m[Function (anonymous)][39m,
    empty: [36m[Function (anonymous)][39m,
    notEmpty: [36m[Function (anonymous)][39m,
    isFunction: [36m[Function (anonymous)][39m,
    isNotFunction: [36m[Function (anonymous)][39m,
    containSubset: [36m[Function (anonymous)][39m
  },
  expectTypeOf: [36m[Function: expectTypeOf][39m,
  assertType: [36m[Function: assertType][39m,
  vitest: {
    useFakeTimers: [36m[Function: useFakeTimers][39m,
    isFakeTimers: [36m[Function: isFakeTimers][39m,
    useRealTimers: [36m[Function: useRealTimers][39m,
    runOnlyPendingTimers: [36m[Function: runOnlyPendingTimers][39m,
    runOnlyPendingTimersAsync: [36m[AsyncFunction: runOnlyPendingTimersAsync][39m,
    runAllTimers: [36m[Function: runAllTimers][39m,
    runAllTimersAsync: [36m[AsyncFunction: runAllTimersAsync][39m,
    runAllTicks: [36m[Function: runAllTicks][39m,
    advanceTimersByTime: [36m[Function: advanceTimersByTime][39m,
    advanceTimersByTimeAsync: [36m[AsyncFunction: advanceTimersByTimeAsync][39m,
    advanceTimersToNextTimer: [36m[Function: advanceTimersToNextTimer][39m,
    advanceTimersToNextTimerAsync: [36m[AsyncFunction: advanceTimersToNextTimerAsync][39m,
    advanceTimersToNextFrame: [36m[Function: advanceTimersToNextFrame][39m,
    getTimerCount: [36m[Function: getTimerCount][39m,
    setSystemTime: [36m[Function: setSystemTime][39m,
    getMockedSystemTime: [36m[Function: getMockedSystemTime][39m,
    getRealSystemTime: [36m[Function: getRealSystemTime][39m,
    clearAllTimers: [36m[Function: clearAllTimers][39m,
    spyOn: [36m[Function: spyOn][39m,
    fn: [36m[Function: fn][39m,
    waitFor: [36m[Function: waitFor][39m,
    waitUntil: [36m[Function: waitUntil][39m,
    hoisted: [36m[Function: hoisted][39m,
    mock: [36m[Function: mock][39m,
    unmock: [36m[Function: unmock][39m,
    doMock: [36m[Function: doMock][39m,
    doUnmock: [36m[Function: doUnmock][39m,
    importActual: [36m[AsyncFunction: importActual][39m,
    importMock: [36m[AsyncFunction: importMock][39m,
    mockObject: [36m[Function: mockObject][39m,
    mocked: [36m[Function: mocked][39m,
    isMockFunction: [36m[Function: isMockFunction][39m,
    clearAllMocks: [36m[Function: clearAllMocks][39m,
    resetAllMocks: [36m[Function: resetAllMocks][39m,
    restoreAllMocks: [36m[Function: restoreAllMocks][39m,
    stubGlobal: [36m[Function: stubGlobal][39m,
    stubEnv: [36m[Function: stubEnv][39m,
    unstubAllGlobals: [36m[Function: unstubAllGlobals][39m,
    unstubAllEnvs: [36m[Function: unstubAllEnvs][39m,
    resetModules: [36m[Function: resetModules][39m,
    dynamicImportSettled: [36m[AsyncFunction: dynamicImportSettled][39m,
    setConfig: [36m[Function: setConfig][39m,
    resetConfig: [36m[Function: resetConfig][39m
  },
  vi: {
    useFakeTimers: [36m[Function: useFakeTimers][39m,
    isFakeTimers: [36m[Function: isFakeTimers][39m,
    useRealTimers: [36m[Function: useRealTimers][39m,
    runOnlyPendingTimers: [36m[Function: runOnlyPendingTimers][39m,
    runOnlyPendingTimersAsync: [36m[AsyncFunction: runOnlyPendingTimersAsync][39m,
    runAllTimers: [36m[Function: runAllTimers][39m,
    runAllTimersAsync: [36m[AsyncFunction: runAllTimersAsync][39m,
    runAllTicks: [36m[Function: runAllTicks][39m,
    advanceTimersByTime: [36m[Function: advanceTimersByTime][39m,
    advanceTimersByTimeAsync: [36m[AsyncFunction: advanceTimersByTimeAsync][39m,
    advanceTimersToNextTimer: [36m[Function: advanceTimersToNextTimer][39m,
    advanceTimersToNextTimerAsync: [36m[AsyncFunction: advanceTimersToNextTimerAsync][39m,
    advanceTimersToNextFrame: [36m[Function: advanceTimersToNextFrame][39m,
    getTimerCount: [36m[Function: getTimerCount][39m,
    setSystemTime: [36m[Function: setSystemTime][39m,
    getMockedSystemTime: [36m[Function: getMockedSystemTime][39m,
    getRealSystemTime: [36m[Function: getRealSystemTime][39m,
    clearAllTimers: [36m[Function: clearAllTimers][39m,
    spyOn: [36m[Function: spyOn][39m,
    fn: [36m[Function: fn][39m,
    waitFor: [36m[Function: waitFor][39m,
    waitUntil: [36m[Function: waitUntil][39m,
    hoisted: [36m[Function: hoisted][39m,
    mock: [36m[Function: mock][39m,
    unmock: [36m[Function: unmock][39m,
    doMock: [36m[Function: doMock][39m,
    doUnmock: [36m[Function: doUnmock][39m,
    importActual: [36m[AsyncFunction: importActual][39m,
    importMock: [36m[AsyncFunction: importMock][39m,
    mockObject: [36m[Function: mockObject][39m,
    mocked: [36m[Function: mocked][39m,
    isMockFunction: [36m[Function: isMockFunction][39m,
    clearAllMocks: [36m[Function: clearAllMocks][39m,
    resetAllMocks: [36m[Function: resetAllMocks][39m,
    restoreAllMocks: [36m[Function: restoreAllMocks][39m,
    stubGlobal: [36m[Function: stubGlobal][39m,
    stubEnv: [36m[Function: stubEnv][39m,
    unstubAllGlobals: [36m[Function: unstubAllGlobals][39m,
    unstubAllEnvs: [36m[Function: unstubAllEnvs][39m,
    resetModules: [36m[Function: resetModules][39m,
    dynamicImportSettled: [36m[AsyncFunction: dynamicImportSettled][39m,
    setConfig: [36m[Function: setConfig][39m,
    resetConfig: [36m[Function: resetConfig][39m
  },
  beforeAll: [36m[Function: beforeAll][39m,
  afterAll: [36m[Function: afterAll][39m,
  beforeEach: [36m[Function: beforeEach][39m,
  afterEach: [36m[Function: afterEach][39m,
  onTestFinished: [36m[Function (anonymous)][39m,
  onTestFailed: [36m[Function (anonymous)][39m,
  __vitest_required__: {
    util: {
      _errnoException: [36m[Function: _errnoException][39m,
      _exceptionWithHostPort: [36m[Function: _exceptionWithHostPort][39m,
      _extend: [36m[Function: deprecated][39m,
      callbackify: [36m[Function: callbackify][39m,
      debug: [36m[Function: debuglog][39m,
      debuglog: [36m[Function: debuglog][39m,
      deprecate: [36m[Function: deprecate][39m,
      format: [36m[Function: format][39m,
      styleText: [36m[Function: styleText][39m,
      formatWithOptions: [36m[Function: formatWithOptions][39m,
      getCallSite: [36m[Function: deprecated][39m,
      getCallSites: [36m[Function: getCallSites][39m,
      getSystemErrorMap: [36m[Function: getSystemErrorMap][39m,
      getSystemErrorName: [36m[Function: getSystemErrorName][39m,
      getSystemErrorMessage: [36m[Function: getSystemErrorMessage][39m,
      inherits: [36m[Function: inherits][39m,
      inspect: [36m[Function][39m,
      isArray: [36m[Function: deprecated][39m,
      isBoolean: [36m[Function: deprecated][39m,
      isBuffer: [36m[Function: deprecated][39m,
      isDeepStrictEqual: [36m[Function: isDeepStrictEqual][39m,
      isNull: [36m[Function: deprecated][39m,
      isNullOrUndefined: [36m[Function: deprecated][39m,
      isNumber: [36m[Function: deprecated][39m,
      isString: [36m[Function: deprecated][39m,
      isSymbol: [36m[Function: deprecated][39m,
      isUndefined: [36m[Function: deprecated][39m,
      isRegExp: [36m[Function: deprecated][39m,
      isObject: [36m[Function: deprecated][39m,
      isDate: [36m[Function: deprecated][39m,
      isError: [36m[Function: deprecated][39m,
 [32mΓ£ô[39m src/components/__tests__/dye-mixer-tool.test.ts[2m > [22mDyeMixerTool[2m > [22mdisplaySavedGradients button events[2m > [22mshould load gradient when load button clicked[32m 8[2mms[22m[39m
      isFunction: [36m[Function: deprecated][39m,
      isPrimitive: [36m[Function: deprecated][39m,
      log: [36m[Function: deprecated][39m,
      promisify: [36m[Function][39m,
      stripVTControlCharacters: [36m[Function: stripVTControlCharacters][39m,
      toUSVString: [36m[Function: toUSVString][39m,
      transferableAbortSignal: [36m[Getter][39m,
      transferableAbortController: [36m[Getter][39m,
      aborted: [36m[Getter][39m,
      types: [36m[Object][39m,
 [32mΓ£ô[39m src/components/__tests__/dye-mixer-tool.test.ts[2m > [22mDyeMixerTool[2m > [22mdisplaySavedGradients button events[2m > [22mshould delete gradient when delete button clicked[32m 6[2mms[22m[39m
 [32mΓ£ô[39m src/components/__tests__/dye-mixer-tool.test.ts[2m > [22mDyeMixerTool[2m > [22mupdateInterpolation existing display destruction[2m > [22mshould destroy existing interpolation display before creating new one[32m 3[2mms[22m[39m
 [32mΓ£ô[39m src/components/__tests__/dye-mixer-tool.test.ts[2m > [22mDyeMixerTool[2m > [22mupdateInterpolation existing display destruction[2m > [22mshould update paletteExporter after interpolation[32m 4[2mms[22m[39m
 [31m├ù[39m src/components/__tests__/dye-mixer-tool.test.ts[2m > [22mDyeMixerTool[2m > [22mshowToast variations[2m > [22mshould use green for success toast[32m 3[2mms[22m[39m
[31m   ΓåÆ instance.showToast is not a function[39m
 [31m├ù[39m src/components/__tests__/dye-mixer-tool.test.ts[2m > [22mDyeMixerTool[2m > [22mshowToast variations[2m > [22mshould use red for error toast[32m 3[2mms[22m[39m
[31m   ΓåÆ instance.showToast is not a function[39m
 [31m├ù[39m src/components/__tests__/dye-mixer-tool.test.ts[2m > [22mDyeMixerTool[2m > [22mshowToast variations[2m > [22mshould use existing toast container if present[32m 3[2mms[22m[39m
[31m   ΓåÆ instance.showToast is not a function[39m
 [31m├ù[39m src/components/__tests__/dye-mixer-tool.test.ts[2m > [22mDyeMixerTool[2m > [22mshowToast variations[2m > [22mshould allow click to dismiss toast[32m 4[2mms[22m[39m
[31m   ΓåÆ instance.showToast is not a function[39m
 [31m├ù[39m src/components/__tests__/dye-mixer-tool.test.ts[2m > [22mDyeMixerTool[2m > [22mshowToast variations[2m > [22mshould auto-remove toast after timeout[32m 4[2mms[22m[39m
[31m   ΓåÆ instance.showToast is not a function[39m
 [32mΓ£ô[39m src/components/__tests__/dye-mixer-tool.test.ts[2m > [22mDyeMixerTool[2m > [22mshare button hover events[2m > [22mshould add brightness filter on mouseenter[32m 3[2mms[22m[39m
 [32mΓ£ô[39m src/components/__tests__/dye-mixer-tool.test.ts[2m > [22mDyeMixerTool[2m > [22mshare button hover events[2m > [22mshould remove brightness filter on mouseleave[32m 4[2mms[22m[39m
 [32mΓ£ô[39m src/components/__tests__/dye-mixer-tool.test.ts[2m > [22mDyeMixerTool[2m > [22mshare button hover events[2m > [22mshould darken on mousedown[32m 3[2mms[22m[39m
 [32mΓ£ô[39m src/components/__tests__/dye-mixer-tool.test.ts[2m > [22mDyeMixerTool[2m > [22mshare button hover events[2m > [22mshould lighten on mouseup[32m 7[2mms[22m[39m
 [32mΓ£ô[39m src/components/__tests__/dye-mixer-tool.test.ts[2m > [22mDyeMixerTool[2m > [22mdisplaySavedGradients error handling[2m > [22mshould handle JSON parse error gracefully[32m 4[2mms[22m[39m
 [32mΓ£ô[39m src/components/__tests__/dye-comparison-tool.test.ts[2m > [22mDyeComparisonTool Component[2m > [22mupdateMatrix branch coverage[2m > [22mshould return early when matrixContainer is null[32m 4[2mms[22m[39m
 [32mΓ£ô[39m src/components/__tests__/dye-comparison-tool.test.ts[2m > [22mDyeComparisonTool Component[2m > [22mupdateMatrix branch coverage[2m > [22mshould update existing matrix instead of creating new one[32m 2[2mms[22m[39m
 [32mΓ£ô[39m src/components/__tests__/dye-comparison-tool.test.ts[2m > [22mDyeComparisonTool Component[2m > [22mupdateCharts branch coverage[2m > [22mshould return early when hueSatContainer is null[32m 2[2mms[22m[39m
 [32mΓ£ô[39m src/components/__tests__/dye-comparison-tool.test.ts[2m > [22mDyeComparisonTool Component[2m > [22mupdateCharts branch coverage[2m > [22mshould return early when brightnessContainer is null[32m 2[2mms[22m[39m
 [32mΓ£ô[39m src/components/__tests__/dye-comparison-tool.test.ts[2m > [22mDyeComparisonTool Component[2m > [22mupdateCharts branch coverage[2m > [22mshould update existing charts instead of creating new ones[32m 3[2mms[22m[39m
 [32mΓ£ô[39m src/components/__tests__/dye-comparison-tool.test.ts[2m > [22mDyeComparisonTool Component[2m > [22mupdateExport branch coverage[2m > [22mshould return early when exportContainer is null[32m 4[2mms[22m[39m
 [32mΓ£ô[39m src/components/__tests__/dye-comparison-tool.test.ts[2m > [22mDyeComparisonTool Component[2m > [22mupdateExport branch coverage[2m > [22mshould copy hex to clipboard when hex button clicked[32m 5[2mms[22m[39m
 [32mΓ£ô[39m src/components/__tests__/dye-comparison-tool.test.ts[2m > [22mDyeComparisonTool Component[2m > [22mtoggle-prices event branch coverage[2m > [22mshould clear priceData when showPrices is toggled off[32m 4[2mms[22m[39m
 [32mΓ£ô[39m src/components/__tests__/dye-comparison-tool.test.ts[2m > [22mDyeComparisonTool Component[2m > [22mtoggle-prices event branch coverage[2m > [22mshould not fetch prices when selectedDyes is empty[32m 3[2mms[22m[39m
 [32mΓ£ô[39m src/components/__tests__/dye-comparison-tool.test.ts[2m > [22mDyeComparisonTool Component[2m > [22mevent handler branch coverage[2m > [22mshould not fetch prices on server-changed when selectedDyes is empty[32m 4[2mms[22m[39m
 [32mΓ£ô[39m src/components/__tests__/dye-comparison-tool.test.ts[2m > [22mDyeComparisonTool Component[2m > [22mevent handler branch coverage[2m > [22mshould not fetch prices on categories-changed when selectedDyes is empty[32m 4[2mms[22m[39m
 [32mΓ£ô[39m src/components/__tests__/dye-comparison-tool.test.ts[2m > [22mDyeComparisonTool Component[2m > [22mevent handler branch coverage[2m > [22mshould not fetch prices on refresh-requested when selectedDyes is empty[32m 4[2mms[22m[39m
 [32mΓ£ô[39m src/components/__tests__/dye-comparison-tool.test.ts[2m > [22mDyeComparisonTool Component[2m > [22mevent handler branch coverage[2m > [22mshould handle selection-changed with undefined selectedDyes[32m 6[2mms[22m[39m
 [32mΓ£ô[39m src/components/__tests__/dye-comparison-tool.test.ts[2m > [22mDyeComparisonTool Component[2m > [22mupdateAnalysis branch coverage[2m > [22mshould not fetch prices when showPrices is false[32m 10[2mms[22m[39m
 [32mΓ£ô[39m src/components/__tests__/dye-comparison-tool.test.ts[2m > [22mDyeComparisonTool Component[2m > [22mupdateAnalysis branch coverage[2m > [22mshould not fetch prices when marketBoard is null[32m 5[2mms[22m[39m
 [32mΓ£ô[39m src/components/__tests__/dye-comparison-tool.test.ts[2m > [22mDyeComparisonTool Component[2m > [22mupdateAnalysis branch coverage[2m > [22mshould not fetch prices when selectedDyes is empty[32m 4[2mms[22m[39m
 [32mΓ£ô[39m src/components/__tests__/dye-comparison-tool.test.ts[2m > [22mDyeComparisonTool Component[2m > [22mupdateAnalysis branch coverage[2m > [22mshould fetch prices when all conditions met[32m 14[2mms[22m[39m
      parseEnv: [36m[Function: parseEnv][39m,
      parseArgs: [36m[Function: parseArgs][39m,
      TextDecoder: [36m[class TextDecoder][39m,
      TextEncoder: [36m[class TextEncoder][39m,
      MIMEType: [36m[class MIMEType][39m,
      MIMEParams: [36m[class MIMEParams][39m,
      diff: [36m[Function: diff][39m,
      setTraceSigInt: [36m[Function: setTraceSigInt][39m
    },
    timers: {
      setTimeout: [36m[Function][39m,
      clearTimeout: [36m[Function: clearTimeout][39m,
      setImmediate: [36m[Function][39m,
      clearImmediate: [36m[Function: clearImmediate][39m,
      setInterval: [36m[Function: setInterval][39m,
      clearInterval: [36m[Function: clearInterval][39m,
      _unrefActive: [36m[Function: deprecated][39m,
      active: [36m[Function: deprecated][39m,
      unenroll: [36m[Function: deprecated][39m,
      enroll: [36m[Function: deprecated][39m,
      promises: [36m[Getter][39m
    },
    timersPromises: {
      setTimeout: [36m[Function: setTimeout][39m,
      setImmediate: [36m[Function: setImmediate][39m,
      setInterval: [36m[AsyncGeneratorFunction: setInterval][39m,
      scheduler: [36m[Scheduler][39m
    }
  },
  ch: [33m107[39m,
  ResizeObserver: [36m[class ResizeObserverMock][39m,
  [[32mSymbol(vitest:SAFE_TIMERS)[39m]: {
    nextTick: [36m[Function: nextTick][39m,
    setTimeout: [Function: setTimeout] {
      [[32mSymbol(nodejs.util.promisify.custom)[39m]: [36m[Getter][39m
    },
    setInterval: [36m[Function: setInterval][39m,
    clearInterval: [36m[Function: clearInterval][39m,
    clearTimeout: [36m[Function: clearTimeout][39m,
    setImmediate: [Function: setImmediate] {
      [[32mSymbol(nodejs.util.promisify.custom)[39m]: [36m[Getter][39m
    },
    clearImmediate: [36m[Function: clearImmediate][39m,
    queueMicrotask: [36m[Function: queueMicrotask][39m
  }
}

[90mstderr[2m | src/components/__tests__/tutorial-spotlight.test.ts[2m > [22m[2mTutorialSpotlight[2m > 
[22m[2mStep Display[2m > [22m[2mshould display step content when show-step event fires
[22m[39mBaseComponent.on: Target is not HTMLElement, Document, or Window [36m<ref *1>[39m Object [global] {
  global: [36m[Circular *1][39m,
  clearImmediate: [Function: clearImmediate] {
    hadOwnProperty: [33mtrue[39m,
    clock: {
      now: [33m1764681223135[39m,
      Date: [36m[Function][39m,
      loopLimit: [33m10000[39m,
      Intl: [36m[Object][39m,
      requestIdleCallback: [36m[Function: requestIdleCallback][39m,
      cancelIdleCallback: [36m[Function: cancelIdleCallback][39m,
      setTimeout: [36m[Function][39m,
      clearTimeout: [36m[Function][39m,
      nextTick: [36m[Function: nextTick][39m,
      queueMicrotask: [36m[Function: queueMicrotask][39m,
      setInterval: [36m[Function][39m,
      clearInterval: [36m[Function][39m,
      setImmediate: [36m[Function][39m,
      clearImmediate: [36m[Function][39m,
      countTimers: [36m[Function: countTimers][39m,
      requestAnimationFrame: [36m[Function][39m,
      cancelAnimationFrame: [36m[Function][39m,
      runMicrotasks: [36m[Function: runMicrotasks][39m,
      tick: [36m[Function: tick][39m,
      tickAsync: [36m[Function: tickAsync][39m,
      next: [36m[Function: next][39m,
      nextAsync: [36m[Function: nextAsync][39m,
      runAll: [36m[Function: runAll][39m,
      runToFrame: [36m[Function: runToFrame][39m,
      runAllAsync: [36m[Function: runAllAsync][39m,
      runToLast: [36m[Function: runToLast][39m,
      runToLastAsync: [36m[Function: runToLastAsync][39m,
      reset: [36m[Function: reset][39m,
      setSystemTime: [36m[Function: setSystemTime][39m,
      jump: [36m[Function: jump][39m,
      performance: [36m[Object: null prototype][39m,
      hrtime: [36m[Function][39m,
      shouldClearNativeTimers: [33mtrue[39m,
      uninstall: [36m[Function (anonymous)][39m,
      abortListenerMap: Map(0) {},
      methods: [36m[Array][39m,
      _setTimeout: [36m[Function][39m,
      _clearTimeout: [36m[Function: clearTimeout][39m,
      _setInterval: [36m[Function: setInterval][39m,
      _clearInterval: [36m[Function: clearInterval][39m,
      _Date: [36m[Function: Date][39m,
      _setImmediate: [36m[Function][39m,
      _clearImmediate: [36m[Function: clearImmediate][39m,
      _hrtime: [36m[Function][39m,
      _performance: [36m[Performance][39m,
      _requestAnimationFrame: [36m[Function: bound ][39m,
      _cancelAnimationFrame: [36m[Function: bound ][39m,
      _Intl: Object [Intl] {}
    }
  },
  setImmediate: [Function: setImmediate] {
    hadOwnProperty: [33mtrue[39m,
    clock: {
      now: [33m1764681223135[39m,
      Date: [36m[Function][39m,
      loopLimit: [33m10000[39m,
      Intl: [36m[Object][39m,
      requestIdleCallback: [36m[Function: requestIdleCallback][39m,
      cancelIdleCallback: [36m[Function: cancelIdleCallback][39m,
      setTimeout: [36m[Function][39m,
      clearTimeout: [36m[Function][39m,
      nextTick: [36m[Function: nextTick][39m,
      queueMicrotask: [36m[Function: queueMicrotask][39m,
      setInterval: [36m[Function][39m,
      clearInterval: [36m[Function][39m,
      setImmediate: [36m[Function][39m,
      clearImmediate: [36m[Function][39m,
      countTimers: [36m[Function: countTimers][39m,
      requestAnimationFrame: [36m[Function][39m,
      cancelAnimationFrame: [36m[Function][39m,
      runMicrotasks: [36m[Function: runMicrotasks][39m,
      tick: [36m[Function: tick][39m,
      tickAsync: [36m[Function: tickAsync][39m,
      next: [36m[Function: next][39m,
      nextAsync: [36m[Function: nextAsync][39m,
      runAll: [36m[Function: runAll][39m,
      runToFrame: [36m[Function: runToFrame][39m,
      runAllAsync: [36m[Function: runAllAsync][39m,
      runToLast: [36m[Function: runToLast][39m,
      runToLastAsync: [36m[Function: runToLastAsync][39m,
      reset: [36m[Function: reset][39m,
      setSystemTime: [36m[Function: setSystemTime][39m,
      jump: [36m[Function: jump][39m,
      performance: [36m[Object: null prototype][39m,
      hrtime: [36m[Function][39m,
      shouldClearNativeTimers: [33mtrue[39m,
      uninstall: [36m[Function (anonymous)][39m,
      abortListenerMap: Map(0) {},
      methods: [36m[Array][39m,
      _setTimeout: [36m[Function][39m,
      _clearTimeout: [36m[Function: clearTimeout][39m,
      _setInterval: [36m[Function: setInterval][39m,
      _clearInterval: [36m[Function: clearInterval][39m,
      _Date: [36m[Function: Date][39m,
      _setImmediate: [36m[Function][39m,
      _clearImmediate: [36m[Function: clearImmediate][39m,
      _hrtime: [36m[Function][39m,
      _performance: [36m[Performance][39m,
      _requestAnimationFrame: [36m[Function: bound ][39m,
      _cancelAnimationFrame: [36m[Function: bound ][39m,
      _Intl: Object [Intl] {}
    },
    [[32mSymbol(nodejs.util.promisify.custom)[39m]: [36m[Function: promisifiedSetImmediate][39m
  },
  clearInterval: [Function: clearInterval] {
    hadOwnProperty: [33mtrue[39m,
    clock: {
      now: [33m1764681223135[39m,
      Date: [36m[Function][39m,
      loopLimit: [33m10000[39m,
      Intl: [36m[Object][39m,
      requestIdleCallback: [36m[Function: requestIdleCallback][39m,
      cancelIdleCallback: [36m[Function: cancelIdleCallback][39m,
      setTimeout: [36m[Function][39m,
      clearTimeout: [36m[Function][39m,
      nextTick: [36m[Function: nextTick][39m,
      queueMicrotask: [36m[Function: queueMicrotask][39m,
      setInterval: [36m[Function][39m,
      clearInterval: [36m[Function][39m,
      setImmediate: [36m[Function][39m,
      clearImmediate: [36m[Function][39m,
      countTimers: [36m[Function: countTimers][39m,
      requestAnimationFrame: [36m[Function][39m,
      cancelAnimationFrame: [36m[Function][39m,
      runMicrotasks: [36m[Function: runMicrotasks][39m,
      tick: [36m[Function: tick][39m,
      tickAsync: [36m[Function: tickAsync][39m,
      next: [36m[Function: next][39m,
      nextAsync: [36m[Function: nextAsync][39m,
      runAll: [36m[Function: runAll][39m,
      runToFrame: [36m[Function: runToFrame][39m,
      runAllAsync: [36m[Function: runAllAsync][39m,
      runToLast: [36m[Function: runToLast][39m,
      runToLastAsync: [36m[Function: runToLastAsync][39m,
      reset: [36m[Function: reset][39m,
      setSystemTime: [36m[Function: setSystemTime][39m,
      jump: [36m[Function: jump][39m,
      performance: [36m[Object: null prototype][39m,
      hrtime: [36m[Function][39m,
      shouldClearNativeTimers: [33mtrue[39m,
      uninstall: [36m[Function (anonymous)][39m,
      abortListenerMap: Map(0) {},
      methods: [36m[Array][39m,
      _setTimeout: [36m[Function][39m,
      _clearTimeout: [36m[Function: clearTimeout][39m,
      _setInterval: [36m[Function: setInterval][39m,
      _clearInterval: [36m[Function: clearInterval][39m,
      _Date: [36m[Function: Date][39m,
      _setImmediate: [36m[Function][39m,
      _clearImmediate: [36m[Function: clearImmediate][39m,
      _hrtime: [36m[Function][39m,
      _performance: [36m[Performance][39m,
      _requestAnimationFrame: [36m[Function: bound ][39m,
      _cancelAnimationFrame: [36m[Function: bound ][39m,
      _Intl: Object [Intl] {}
    }
  },
  clearTimeout: [Function: clearTimeout] {
    hadOwnProperty: [33mtrue[39m,
    clock: {
      now: [33m1764681223135[39m,
      Date: [36m[Function][39m,
      loopLimit: [33m10000[39m,
      Intl: [36m[Object][39m,
      requestIdleCallback: [36m[Function: requestIdleCallback][39m,
      cancelIdleCallback: [36m[Function: cancelIdleCallback][39m,
      setTimeout: [36m[Function][39m,
      clearTimeout: [36m[Function][39m,
      nextTick: [36m[Function: nextTick][39m,
      queueMicrotask: [36m[Function: queueMicrotask][39m,
      setInterval: [36m[Function][39m,
      clearInterval: [36m[Function][39m,
      setImmediate: [36m[Function][39m,
      clearImmediate: [36m[Function][39m,
      countTimers: [36m[Function: countTimers][39m,
      requestAnimationFrame: [36m[Function][39m,
      cancelAnimationFrame: [36m[Function][39m,
      runMicrotasks: [36m[Function: runMicrotasks][39m,
      tick: [36m[Function: tick][39m,
      tickAsync: [36m[Function: tickAsync][39m,
      next: [36m[Function: next][39m,
      nextAsync: [36m[Function: nextAsync][39m,
      runAll: [36m[Function: runAll][39m,
      runToFrame: [36m[Function: runToFrame][39m,
      runAllAsync: [36m[Function: runAllAsync][39m,
      runToLast: [36m[Function: runToLast][39m,
      runToLastAsync: [36m[Function: runToLastAsync][39m,
      reset: [36m[Function: reset][39m,
      setSystemTime: [36m[Function: setSystemTime][39m,
      jump: [36m[Function: jump][39m,
      performance: [36m[Object: null prototype][39m,
      hrtime: [36m[Function][39m,
      shouldClearNativeTimers: [33mtrue[39m,
      uninstall: [36m[Function (anonymous)][39m,
      abortListenerMap: Map(0) {},
      methods: [36m[Array][39m,
      _setTimeout: [36m[Function][39m,
      _clearTimeout: [36m[Function: clearTimeout][39m,
      _setInterval: [36m[Function: setInterval][39m,
      _clearInterval: [36m[Function: clearInterval][39m,
      _Date: [36m[Function: Date][39m,
      _setImmediate: [36m[Function][39m,
      _clearImmediate: [36m[Function: clearImmediate][39m,
      _hrtime: [36m[Function][39m,
      _performance: [36m[Performance][39m,
      _requestAnimationFrame: [36m[Function: bound ][39m,
      _cancelAnimationFrame: [36m[Function: bound ][39m,
      _Intl: Object [Intl] {}
    }
  },
  setInterval: [Function: setInterval] {
    hadOwnProperty: [33mtrue[39m,
    clock: {
      now: [33m1764681223135[39m,
      Date: [36m[Function][39m,
      loopLimit: [33m10000[39m,
      Intl: [36m[Object][39m,
      requestIdleCallback: [36m[Function: requestIdleCallback][39m,
      cancelIdleCallback: [36m[Function: cancelIdleCallback][39m,
      setTimeout: [36m[Function][39m,
      clearTimeout: [36m[Function][39m,
      nextTick: [36m[Function: nextTick][39m,
      queueMicrotask: [36m[Function: queueMicrotask][39m,
      setInterval: [36m[Function][39m,
      clearInterval: [36m[Function][39m,
      setImmediate: [36m[Function][39m,
      clearImmediate: [36m[Function][39m,
      countTimers: [36m[Function: countTimers][39m,
 [32mΓ£ô[39m src/components/__tests__/dye-selector.test.ts[2m > [22mDyeSelector[2m > [22mLifecycle[2m > [22mshould maintain functionality after update[32m 119[2mms[22m[39m
 [32mΓ£ô[39m src/components/__tests__/dye-selector.test.ts[2m > [22mDyeSelector[2m > [22mAccessibility[2m > [22mshould have proper ARIA labels[32m 4[2mms[22m[39m
 [32mΓ£ô[39m src/components/__tests__/dye-selector.test.ts[2m > [22mDyeSelector[2m > [22mAccessibility[2m > [22mshould have keyboard-accessible buttons[32m 3[2mms[22m[39m
 [32mΓ£ô[39m src/components/__tests__/dye-selector.test.ts[2m > [22mDyeSelector[2m > [22mEdge Cases[2m > [22mshould handle empty search results gracefully[32m 56[2mms[22m[39m
      requestAnimationFrame: [36m[Function][39m,
      cancelAnimationFrame: [36m[Function][39m,
      runMicrotasks: [36m[Function: runMicrotasks][39m,
      tick: [36m[Function: tick][39m,
      tickAsync: [36m[Function: tickAsync][39m,
      next: [36m[Function: next][39m,
      nextAsync: [36m[Function: nextAsync][39m,
      runAll: [36m[Function: runAll][39m,
      runToFrame: [36m[Function: runToFrame][39m,
      runAllAsync: [36m[Function: runAllAsync][39m,
      runToLast: [36m[Function: runToLast][39m,
      runToLastAsync: [36m[Function: runToLastAsync][39m,
      reset: [36m[Function: reset][39m,
      setSystemTime: [36m[Function: setSystemTime][39m,
      jump: [36m[Function: jump][39m,
      performance: [36m[Object: null prototype][39m,
      hrtime: [36m[Function][39m,
      shouldClearNativeTimers: [33mtrue[39m,
      uninstall: [36m[Function (anonymous)][39m,
      abortListenerMap: Map(0) {},
      methods: [36m[Array][39m,
      _setTimeout: [36m[Function][39m,
      _clearTimeout: [36m[Function: clearTimeout][39m,
      _setInterval: [36m[Function: setInterval][39m,
      _clearInterval: [36m[Function: clearInterval][39m,
      _Date: [36m[Function: Date][39m,
      _setImmediate: [36m[Function][39m,
      _clearImmediate: [36m[Function: clearImmediate][39m,
      _hrtime: [36m[Function][39m,
      _performance: [36m[Performance][39m,
      _requestAnimationFrame: [36m[Function: bound ][39m,
      _cancelAnimationFrame: [36m[Function: bound ][39m,
      _Intl: Object [Intl] {}
    }
  },
  setTimeout: [Function: setTimeout] {
    hadOwnProperty: [33mtrue[39m,
    clock: {
      now: [33m1764681223135[39m,
      Date: [36m[Function][39m,
      loopLimit: [33m10000[39m,
      Intl: [36m[Object][39m,
      requestIdleCallback: [36m[Function: requestIdleCallback][39m,
      cancelIdleCallback: [36m[Function: cancelIdleCallback][39m,
      setTimeout: [36m[Function][39m,
      clearTimeout: [36m[Function][39m,
      nextTick: [36m[Function: nextTick][39m,
      queueMicrotask: [36m[Function: queueMicrotask][39m,
      setInterval: [36m[Function][39m,
      clearInterval: [36m[Function][39m,
      setImmediate: [36m[Function][39m,
      clearImmediate: [36m[Function][39m,
      countTimers: [36m[Function: countTimers][39m,
      requestAnimationFrame: [36m[Function][39m,
      cancelAnimationFrame: [36m[Function][39m,
      runMicrotasks: [36m[Function: runMicrotasks][39m,
      tick: [36m[Function: tick][39m,
      tickAsync: [36m[Function: tickAsync][39m,
      next: [36m[Function: next][39m,
      nextAsync: [36m[Function: nextAsync][39m,
      runAll: [36m[Function: runAll][39m,
      runToFrame: [36m[Function: runToFrame][39m,
      runAllAsync: [36m[Function: runAllAsync][39m,
      runToLast: [36m[Function: runToLast][39m,
      runToLastAsync: [36m[Function: runToLastAsync][39m,
      reset: [36m[Function: reset][39m,
      setSystemTime: [36m[Function: setSystemTime][39m,
      jump: [36m[Function: jump][39m,
      performance: [36m[Object: null prototype][39m,
      hrtime: [36m[Function][39m,
      shouldClearNativeTimers: [33mtrue[39m,
      uninstall: [36m[Function (anonymous)][39m,
      abortListenerMap: Map(0) {},
      methods: [36m[Array][39m,
      _setTimeout: [36m[Function][39m,
      _clearTimeout: [36m[Function: clearTimeout][39m,
      _setInterval: [36m[Function: setInterval][39m,
      _clearInterval: [36m[Function: clearInterval][39m,
      _Date: [36m[Function: Date][39m,
      _setImmediate: [36m[Function][39m,
      _clearImmediate: [36m[Function: clearImmediate][39m,
      _hrtime: [36m[Function][39m,
      _performance: [36m[Performance][39m,
      _requestAnimationFrame: [36m[Function: bound ][39m,
      _cancelAnimationFrame: [36m[Function: bound ][39m,
      _Intl: Object [Intl] {}
    },
    [[32mSymbol(nodejs.util.promisify.custom)[39m]: [36m[Function: promisifiedSetTimeout][39m
  },
  queueMicrotask: [36m[Function: queueMicrotask][39m,
  structuredClone: [36m[Function: structuredClone][39m,
  atob: [36m[Function: atob][39m,
  btoa: [36m[Function: btoa][39m,
  performance: [36m[Getter/Setter][39m,
  fetch: [36m[Function: fetch][39m,
  navigator: [36m[Getter/Setter][39m,
  crypto: [36m[Getter][39m,
  window: [36m[Circular *1][39m,
  self: [36m[Circular *1][39m,
  top: [36m[Circular *1][39m,
  parent: [36m[Circular *1][39m,
  jsdom: JSDOM {
    [[32mSymbol(window)[39m]: [36m<ref *2>[39m Window {
      StyleSheet: [36m[Function: StyleSheet][39m,
      MediaList: [36m[Function: MediaList][39m,
      CSSStyleSheet: [36m[Function: CSSStyleSheet][39m,
      CSSRule: [36m[Function][39m,
      CSSStyleRule: [36m[Function][39m,
      CSSMediaRule: [36m[Function: CSSMediaRule][39m,
      CSSImportRule: [36m[Function: CSSImportRule][39m,
      CSSStyleDeclaration: [36m[class CSSStyleDeclaration][39m,
      XPathException: [36m[Function][39m,
      XPathExpression: [36m[Function: XPathExpression][39m,
      XPathResult: [36m[Function][39m,
      XPathEvaluator: [36m[Function: XPathEvaluator][39m,
      onafterprint: [36m[Getter/Setter][39m,
      onbeforeprint: [36m[Getter/Setter][39m,
      onbeforeunload: [36m[Getter/Setter][39m,
      onhashchange: [36m[Getter/Setter][39m,
      onlanguagechange: [36m[Getter/Setter][39m,
      onmessage: [36m[Getter/Setter][39m,
      onmessageerror: [36m[Getter/Setter][39m,
      onoffline: [36m[Getter/Setter][39m,
      ononline: [36m[Getter/Setter][39m,
      onpagehide: [36m[Getter/Setter][39m,
      onpageshow: [36m[Getter/Setter][39m,
      onpopstate: [36m[Getter/Setter][39m,
      onrejectionhandled: [36m[Getter/Setter][39m,
      onstorage: [36m[Getter/Setter][39m,
      onunhandledrejection: [36m[Getter/Setter][39m,
      onunload: [36m[Getter/Setter][39m,
      onblur: [36m[Getter/Setter][39m,
      onerror: [36m[Getter/Setter][39m,
      onfocus: [36m[Getter/Setter][39m,
      onload: [36m[Getter/Setter][39m,
      onresize: [36m[Getter/Setter][39m,
      onscroll: [36m[Getter/Setter][39m,
      onabort: [36m[Getter/Setter][39m,
      onauxclick: [36m[Getter/Setter][39m,
      onbeforeinput: [36m[Getter/Setter][39m,
      onbeforematch: [36m[Getter/Setter][39m,
      onbeforetoggle: [36m[Getter/Setter][39m,
      oncancel: [36m[Getter/Setter][39m,
      oncanplay: [36m[Getter/Setter][39m,
      oncanplaythrough: [36m[Getter/Setter][39m,
      onchange: [36m[Getter/Setter][39m,
      onclick: [36m[Getter/Setter][39m,
      onclose: [36m[Getter/Setter][39m,
      oncontextlost: [36m[Getter/Setter][39m,
      oncontextmenu: [36m[Getter/Setter][39m,
      oncontextrestored: [36m[Getter/Setter][39m,
      oncopy: [36m[Getter/Setter][39m,
      oncuechange: [36m[Getter/Setter][39m,
      oncut: [36m[Getter/Setter][39m,
      ondblclick: [36m[Getter/Setter][39m,
      ondrag: [36m[Getter/Setter][39m,
      ondragend: [36m[Getter/Setter][39m,
      ondragenter: [36m[Getter/Setter][39m,
      ondragleave: [36m[Getter/Setter][39m,
      ondragover: [36m[Getter/Setter][39m,
      ondragstart: [36m[Getter/Setter][39m,
      ondrop: [36m[Getter/Setter][39m,
      ondurationchange: [36m[Getter/Setter][39m,
      onemptied: [36m[Getter/Setter][39m,
      onended: [36m[Getter/Setter][39m,
      onformdata: [36m[Getter/Setter][39m,
      oninput: [36m[Getter/Setter][39m,
      oninvalid: [36m[Getter/Setter][39m,
      onkeydown: [36m[Getter/Setter][39m,
      onkeypress: [36m[Getter/Setter][39m,
      onkeyup: [36m[Getter/Setter][39m,
      onloadeddata: [36m[Getter/Setter][39m,
      onloadedmetadata: [36m[Getter/Setter][39m,
      onloadstart: [36m[Getter/Setter][39m,
      onmousedown: [36m[Getter/Setter][39m,
      onmouseenter: [36m[Getter/Setter][39m,
      onmouseleave: [36m[Getter/Setter][39m,
      onmousemove: [36m[Getter/Setter][39m,
      onmouseout: [36m[Getter/Setter][39m,
      onmouseover: [36m[Getter/Setter][39m,
      onmouseup: [36m[Getter/Setter][39m,
      onpaste: [36m[Getter/Setter][39m,
      onpause: [36m[Getter/Setter][39m,
      onplay: [36m[Getter/Setter][39m,
      onplaying: [36m[Getter/Setter][39m,
      onprogress: [36m[Getter/Setter][39m,
      onratechange: [36m[Getter/Setter][39m,
      onreset: [36m[Getter/Setter][39m,
      onscrollend: [36m[Getter/Setter][39m,
      onsecuritypolicyviolation: [36m[Getter/Setter][39m,
      onseeked: [36m[Getter/Setter][39m,
      onseeking: [36m[Getter/Setter][39m,
      onselect: [36m[Getter/Setter][39m,
      onslotchange: [36m[Getter/Setter][39m,
      onstalled: [36m[Getter/Setter][39m,
      onsubmit: [36m[Getter/Setter][39m,
      onsuspend: [36m[Getter/Setter][39m,
      ontimeupdate: [36m[Getter/Setter][39m,
      ontoggle: [36m[Getter/Setter][39m,
      onvolumechange: [36m[Getter/Setter][39m,
      onwaiting: [36m[Getter/Setter][39m,
      onwebkitanimationend: [36m[Getter/Setter][39m,
      onwebkitanimationiteration: [36m[Getter/Setter][39m,
      onwebkitanimationstart: [36m[Getter/Setter][39m,
      onwebkittransitionend: [36m[Getter/Setter][39m,
      onwheel: [36m[Getter/Setter][39m,
      ontouchstart: [36m[Getter/Setter][39m,
      ontouchend: [36m[Getter/Setter][39m,
      ontouchmove: [36m[Getter/Setter][39m,
      ontouchcancel: [36m[Getter/Setter][39m,
      _registeredHandlers: Set(0) {},
      _eventHandlers: [Object: null prototype] {},
      onautocomplete: [36m[Getter/Setter][39m,
      onautocompleteerror: [36m[Getter/Setter][39m,
      onsort: [36m[Getter/Setter][39m,
      _globalObject: [36m[Circular *2][39m,
      _resourceLoader: [36m[NoOpResourceLoader][39m,
      _globalProxy: [36m[Object [Window]][39m,
      _document: [36m[Document][39m,
      _origin: [32m'http://localhost:3000'[39m,
      _sessionHistory: [36m[SessionHistory][39m,
      _virtualConsole: [36m[VirtualConsole][39m,
      _runScripts: [32m'dangerously'[39m,
      _top: [36m[Object [Window]][39m,
      _parent: [36m[Object [Window]][39m,
      _frameElement: [1mnull[22m,
      _length: [33m0[39m,
      _currentEvent: [90mundefined[39m,
      _pretendToBeVisual: [33mtrue[39m,
      _storageQuota: [33m5000000[39m,
      _commonForOrigin: [36m[Object][39m,
      _currentOriginData: [36m[Object][39m,
      _localStorage: Storage {},
      _sessionStorage: Storage {},
      _selection: [36m[SelectionImpl][39m,
      getSelection: [36m[Function (anonymous)][39m,
      _customElementRegistry: CustomElementRegistry {},
      length: [36m[Getter/Setter][39m,
      window: [36m[Getter][39m,
      frameElement: [36m[Getter][39m,
      frames: [36m[Getter/Setter][39m,
      self: [36m[Getter/Setter][39m,
      parent: [36m[Getter/Setter][39m,
      top: [36m[Getter][39m,
      document: [36m[Getter][39m,
      external: [36m[Getter/Setter][39m,
      location: [36m[Getter/Setter][39m,
      history: [36m[Getter][39m,
      navigator: [36m[Getter][39m,
      locationbar: [36m[Getter/Setter][39m,
      menubar: [36m[Getter/Setter][39m,
      personalbar: [36m[Getter/Setter][39m,
      scrollbars: [36m[Getter/Setter][39m,
      statusbar: [36m[Getter/Setter][39m,
      toolbar: [36m[Getter/Setter][39m,
      performance: [36m[Getter][39m,
      screen: [36m[Getter/Setter][39m,
      crypto: [36m[Getter][39m,
      origin: [36m[Getter/Setter][39m,
      localStorage: [36m[Getter][39m,
      sessionStorage: [36m[Getter][39m,
      customElements: [36m[Getter][39m,
      event: [36m[Getter/Setter][39m,
      setTimeout: [36m[Function (anonymous)][39m,
      setInterval: [36m[Function (anonymous)][39m,
      clearTimeout: [36m[Function (anonymous)][39m,
      clearInterval: [36m[Function (anonymous)][39m,
      queueMicrotask: [36m[Function (anonymous)][39m,
      requestAnimationFrame: [36m[Function (anonymous)][39m,
      cancelAnimationFrame: [36m[Function (anonymous)][39m,
      postMessage: [36m[Function (anonymous)][39m,
      atob: [36m[Function (anonymous)][39m,
      btoa: [36m[Function (anonymous)][39m,
      stop: [36m[Function (anonymous)][39m,
      close: [36m[Function (anonymous)][39m,
      getComputedStyle: [36m[Function (anonymous)][39m,
      captureEvents: [36m[Function (anonymous)][39m,
      releaseEvents: [36m[Function (anonymous)][39m,
      console: [36m[Object][39m,
      name: [32m''[39m,
      status: [32m''[39m,
      devicePixelRatio: [33m1[39m,
      innerWidth: [33m1024[39m,
      innerHeight: [33m768[39m,
      outerWidth: [33m1024[39m,
      outerHeight: [33m768[39m,
      pageXOffset: [33m0[39m,
      pageYOffset: [33m0[39m,
      screenX: [33m0[39m,
      screenLeft: [33m0[39m,
      screenY: [33m0[39m,
      screenTop: [33m0[39m,
      scrollX: [33m0[39m,
      scrollY: [33m0[39m,
      alert: [36m[Function (anonymous)][39m,
      blur: [36m[Function (anonymous)][39m,
      confirm: [36m[Function (anonymous)][39m,
      focus: [36m[Function (anonymous)][39m,
      moveBy: [36m[Function (anonymous)][39m,
      moveTo: [36m[Function (anonymous)][39m,
      open: [36m[Function (anonymous)][39m,
      print: [36m[Function (anonymous)][39m,
      prompt: [36m[Function (anonymous)][39m,
      resizeBy: [36m[Function (anonymous)][39m,
      resizeTo: [36m[Function (anonymous)][39m,
      scroll: [36m[Function (anonymous)][39m,
      scrollBy: [36m[Function (anonymous)][39m,
      scrollTo: [36m[Function (anonymous)][39m,
      [32m'test-container'[39m: [36m[Getter/Setter][39m,
      [32m'tutorial-target'[39m: [36m[Getter/Setter][39m,
      [[32mSymbol([webidl2js] constructor registry)[39m]: [36m[Object: null prototype][39m,
      [[32mSymbol(named property tracker)[39m]: [36m[NamedPropertiesTracker][39m
    }
  },
  suite: [Function: chain] {
    each: [36m[Function (anonymous)][39m,
    for: [36m[Function (anonymous)][39m,
    skipIf: [36m[Function (anonymous)][39m,
    runIf: [36m[Function (anonymous)][39m,
    withContext: [36m[Function (anonymous)][39m,
    setContext: [36m[Function (anonymous)][39m,
    mergeContext: [36m[Function (anonymous)][39m,
    fn: [Function: suiteFn] {
      each: [36m[Function (anonymous)][39m,
      for: [36m[Function (anonymous)][39m,
      skipIf: [36m[Function (anonymous)][39m,
      runIf: [36m[Function (anonymous)][39m
    }
  },
  test: [Function: chain] {
    each: [36m[Function (anonymous)][39m,
    for: [36m[Function (anonymous)][39m,
    skipIf: [36m[Function (anonymous)][39m,
    runIf: [36m[Function (anonymous)][39m,
    scoped: [36m[Function (anonymous)][39m,
    extend: [36m[Function (anonymous)][39m,
    beforeEach: [36m[Function: beforeEach][39m,
    afterEach: [36m[Function: afterEach][39m,
    beforeAll: [36m[Function: beforeAll][39m,
    afterAll: [36m[Function: afterAll][39m,
    withContext: [36m[Function (anonymous)][39m,
    setContext: [36m[Function (anonymous)][39m,
    mergeContext: [36m[Function (anonymous)][39m,
    fn: [Function (anonymous)] {
      each: [36m[Function (anonymous)][39m,
      for: [36m[Function (anonymous)][39m,
      skipIf: [36m[Function (anonymous)][39m,
      runIf: [36m[Function (anonymous)][39m,
      scoped: [36m[Function (anonymous)][39m,
      extend: [36m[Function (anonymous)][39m,
      beforeEach: [36m[Function: beforeEach][39m,
      afterEach: [36m[Function: afterEach][39m,
      beforeAll: [36m[Function: beforeAll][39m,
      afterAll: [36m[Function: afterAll][39m
    }
  },
  describe: [Function: chain] {
    each: [36m[Function (anonymous)][39m,
    for: [36m[Function (anonymous)][39m,
    skipIf: [36m[Function (anonymous)][39m,
    runIf: [36m[Function (anonymous)][39m,
    withContext: [36m[Function (anonymous)][39m,
    setContext: [36m[Function (anonymous)][39m,
    mergeContext: [36m[Function (anonymous)][39m,
    fn: [Function: suiteFn] {
      each: [36m[Function (anonymous)][39m,
      for: [36m[Function (anonymous)][39m,
      skipIf: [36m[Function (anonymous)][39m,
      runIf: [36m[Function (anonymous)][39m
    }
  },
  it: [Function: chain] {
    each: [36m[Function (anonymous)][39m,
    for: [36m[Function (anonymous)][39m,
    skipIf: [36m[Function (anonymous)][39m,
    runIf: [36m[Function (anonymous)][39m,
    scoped: [36m[Function (anonymous)][39m,
    extend: [36m[Function (anonymous)][39m,
    beforeEach: [36m[Function: beforeEach][39m,
    afterEach: [36m[Function: afterEach][39m,
    beforeAll: [36m[Function: beforeAll][39m,
    afterAll: [36m[Function: afterAll][39m,
    withContext: [36m[Function (anonymous)][39m,
    setContext: [36m[Function (anonymous)][39m,
    mergeContext: [36m[Function (anonymous)][39m,
    fn: [Function (anonymous)] {
      each: [36m[Function (anonymous)][39m,
      for: [36m[Function (anonymous)][39m,
      skipIf: [36m[Function (anonymous)][39m,
      runIf: [36m[Function (anonymous)][39m,
      scoped: [36m[Function (anonymous)][39m,
      extend: [36m[Function (anonymous)][39m,
      beforeEach: [36m[Function: beforeEach][39m,
      afterEach: [36m[Function: afterEach][39m,
      beforeAll: [36m[Function: beforeAll][39m,
      afterAll: [36m[Function: afterAll][39m
    }
  },
  chai: [Module: null prototype] {
    Assertion: [36m[class Assertion][39m,
    AssertionError: [36m[class AssertionError extends Error][39m,
    Should: [36m[Function: loadShould][39m,
    assert: [Function: assert] {
      fail: [36m[Function (anonymous)][39m,
      isOk: [36m[Function (anonymous)][39m,
      isNotOk: [36m[Function (anonymous)][39m,
      equal: [36m[Function (anonymous)][39m,
      notEqual: [36m[Function (anonymous)][39m,
      strictEqual: [36m[Function (anonymous)][39m,
      notStrictEqual: [36m[Function (anonymous)][39m,
      deepStrictEqual: [36m[Function (anonymous)][39m,
      deepEqual: [36m[Function (anonymous)][39m,
      notDeepEqual: [36m[Function (anonymous)][39m,
      isAbove: [36m[Function (anonymous)][39m,
      isAtLeast: [36m[Function (anonymous)][39m,
      isBelow: [36m[Function (anonymous)][39m,
      isAtMost: [36m[Function (anonymous)][39m,
      isTrue: [36m[Function (anonymous)][39m,
      isNotTrue: [36m[Function (anonymous)][39m,
      isFalse: [36m[Function (anonymous)][39m,
      isNotFalse: [36m[Function (anonymous)][39m,
      isNull: [36m[Function (anonymous)][39m,
      isNotNull: [36m[Function (anonymous)][39m,
      isNaN: [36m[Function (anonymous)][39m,
      isNotNaN: [36m[Function (anonymous)][39m,
      exists: [36m[Function (anonymous)][39m,
      notExists: [36m[Function (anonymous)][39m,
      isUndefined: [36m[Function (anonymous)][39m,
      isDefined: [36m[Function (anonymous)][39m,
      isCallable: [36m[Function (anonymous)][39m,
      isNotCallable: [36m[Function (anonymous)][39m,
      isObject: [36m[Function (anonymous)][39m,
      isNotObject: [36m[Function (anonymous)][39m,
      isArray: [36m[Function (anonymous)][39m,
      isNotArray: [36m[Function (anonymous)][39m,
      isString: [36m[Function (anonymous)][39m,
      isNotString: [36m[Function (anonymous)][39m,
      isNumber: [36m[Function (anonymous)][39m,
      isNotNumber: [36m[Function (anonymous)][39m,
      isNumeric: [36m[Function (anonymous)][39m,
      isNotNumeric: [36m[Function (anonymous)][39m,
      isFinite: [36m[Function (anonymous)][39m,
      isBoolean: [36m[Function (anonymous)][39m,
      isNotBoolean: [36m[Function (anonymous)][39m,
      typeOf: [36m[Function (anonymous)][39m,
      notTypeOf: [36m[Function (anonymous)][39m,
      instanceOf: [36m[Function (anonymous)][39m,
      notInstanceOf: [36m[Function (anonymous)][39m,
      include: [36m[Function (anonymous)][39m,
      notInclude: [36m[Function (anonymous)][39m,
      deepInclude: [36m[Function (anonymous)][39m,
      notDeepInclude: [36m[Function (anonymous)][39m,
      nestedInclude: [36m[Function (anonymous)][39m,
      notNestedInclude: [36m[Function (anonymous)][39m,
      deepNestedInclude: [36m[Function (anonymous)][39m,
      notDeepNestedInclude: [36m[Function (anonymous)][39m,
      ownInclude: [36m[Function (anonymous)][39m,
      notOwnInclude: [36m[Function (anonymous)][39m,
      deepOwnInclude: [36m[Function (anonymous)][39m,
      notDeepOwnInclude: [36m[Function (anonymous)][39m,
      match: [36m[Function (anonymous)][39m,
      notMatch: [36m[Function (anonymous)][39m,
      property: [36m[Function (anonymous)][39m,
      notProperty: [36m[Function (anonymous)][39m,
      propertyVal: [36m[Function (anonymous)][39m,
      notPropertyVal: [36m[Function (anonymous)][39m,
      deepPropertyVal: [36m[Function (anonymous)][39m,
      notDeepPropertyVal: [36m[Function (anonymous)][39m,
      ownProperty: [36m[Function (anonymous)][39m,
      notOwnProperty: [36m[Function (anonymous)][39m,
      ownPropertyVal: [36m[Function (anonymous)][39m,
      notOwnPropertyVal: [36m[Function (anonymous)][39m,
      deepOwnPropertyVal: [36m[Function (anonymous)][39m,
      notDeepOwnPropertyVal: [36m[Function (anonymous)][39m,
      nestedProperty: [36m[Function (anonymous)][39m,
      notNestedProperty: [36m[Function (anonymous)][39m,
      nestedPropertyVal: [36m[Function (anonymous)][39m,
      notNestedPropertyVal: [36m[Function (anonymous)][39m,
      deepNestedPropertyVal: [36m[Function (anonymous)][39m,
      notDeepNestedPropertyVal: [36m[Function (anonymous)][39m,
      lengthOf: [36m[Function (anonymous)][39m,
      hasAnyKeys: [36m[Function (anonymous)][39m,
      hasAllKeys: [36m[Function (anonymous)][39m,
      containsAllKeys: [36m[Function (anonymous)][39m,
      doesNotHaveAnyKeys: [36m[Function (anonymous)][39m,
      doesNotHaveAllKeys: [36m[Function (anonymous)][39m,
      hasAnyDeepKeys: [36m[Function (anonymous)][39m,
      hasAllDeepKeys: [36m[Function (anonymous)][39m,
      containsAllDeepKeys: [36m[Function (anonymous)][39m,
      doesNotHaveAnyDeepKeys: [36m[Function (anonymous)][39m,
      doesNotHaveAllDeepKeys: [36m[Function (anonymous)][39m,
      throws: [36m[Function (anonymous)][39m,
      doesNotThrow: [36m[Function (anonymous)][39m,
      operator: [36m[Function (anonymous)][39m,
      closeTo: [36m[Function (anonymous)][39m,
      approximately: [36m[Function (anonymous)][39m,
      sameMembers: [36m[Function (anonymous)][39m,
      notSameMembers: [36m[Function (anonymous)][39m,
      sameDeepMembers: [36m[Function (anonymous)][39m,
      notSameDeepMembers: [36m[Function (anonymous)][39m,
      sameOrderedMembers: [36m[Function (anonymous)][39m,
      notSameOrderedMembers: [36m[Function (anonymous)][39m,
      sameDeepOrderedMembers: [36m[Function (anonymous)][39m,
      notSameDeepOrderedMembers: [36m[Function (anonymous)][39m,
      includeMembers: [36m[Function (anonymous)][39m,
      notIncludeMembers: [36m[Function (anonymous)][39m,
      includeDeepMembers: [36m[Function (anonymous)][39m,
      notIncludeDeepMembers: [36m[Function (anonymous)][39m,
      includeOrderedMembers: [36m[Function (anonymous)][39m,
      notIncludeOrderedMembers: [36m[Function (anonymous)][39m,
      includeDeepOrderedMembers: [36m[Function (anonymous)][39m,
      notIncludeDeepOrderedMembers: [36m[Function (anonymous)][39m,
      oneOf: [36m[Function (anonymous)][39m,
      isIterable: [36m[Function (anonymous)][39m,
      changes: [36m[Function (anonymous)][39m,
      changesBy: [36m[Function (anonymous)][39m,
      doesNotChange: [36m[Function (anonymous)][39m,
      changesButNotBy: [36m[Function (anonymous)][39m,
      increases: [36m[Function (anonymous)][39m,
      increasesBy: [36m[Function (anonymous)][39m,
      doesNotIncrease: [36m[Function (anonymous)][39m,
      increasesButNotBy: [36m[Function (anonymous)][39m,
      decreases: [36m[Function (anonymous)][39m,
      decreasesBy: [36m[Function (anonymous)][39m,
      doesNotDecrease: [36m[Function (anonymous)][39m,
      doesNotDecreaseBy: [36m[Function (anonymous)][39m,
      decreasesButNotBy: [36m[Function (anonymous)][39m,
      ifError: [36m[Function (anonymous)][39m,
      isExtensible: [36m[Function (anonymous)][39m,
      isNotExtensible: [36m[Function (anonymous)][39m,
      isSealed: [36m[Function (anonymous)][39m,
      isNotSealed: [36m[Function (anonymous)][39m,
      isFrozen: [36m[Function (anonymous)][39m,
      isNotFrozen: [36m[Function (anonymous)][39m,
      isEmpty: [36m[Function (anonymous)][39m,
      isNotEmpty: [36m[Function (anonymous)][39m,
      containsSubset: [36m[Function (anonymous)][39m,
      doesNotContainSubset: [36m[Function (anonymous)][39m,
      ok: [36m[Function (anonymous)][39m,
      notOk: [36m[Function (anonymous)][39m,
      throw: [36m[Function (anonymous)][39m,
      Throw: [36m[Function (anonymous)][39m,
      extensible: [36m[Function (anonymous)][39m,
      notExtensible: [36m[Function (anonymous)][39m,
      sealed: [36m[Function (anonymous)][39m,
      notSealed: [36m[Function (anonymous)][39m,
      frozen: [36m[Function (anonymous)][39m,
      notFrozen: [36m[Function (anonymous)][39m,
      empty: [36m[Function (anonymous)][39m,
      notEmpty: [36m[Function (anonymous)][39m,
      isFunction: [36m[Function (anonymous)][39m,
      isNotFunction: [36m[Function (anonymous)][39m,
      containSubset: [36m[Function (anonymous)][39m
    },
    config: {
      includeStack: [33mfalse[39m,
      showDiff: [33mtrue[39m,
      truncateThreshold: [33m40[39m,
      useProxy: [33mtrue[39m,
      proxyExcludedKeys: [36m[Array][39m,
      deepEqual: [1mnull[22m
    },
    expect: [Function: expect] {
      fail: [36m[Function (anonymous)][39m,
      extend: [36m[Function: methodWrapper][39m,
      addSnapshotSerializer: [36m[Function: methodWrapper][39m,
      anything: [36m[Function: methodWrapper][39m,
      any: [36m[Function: methodWrapper][39m,
      stringContaining: [36m[Function: methodWrapper][39m,
      objectContaining: [36m[Function: methodWrapper][39m,
      arrayContaining: [36m[Function: methodWrapper][39m,
      stringMatching: [36m[Function: methodWrapper][39m,
      closeTo: [36m[Function: methodWrapper][39m,
      schemaMatching: [36m[Function: methodWrapper][39m,
      not: [36m[Object][39m,
      __flags: [36m[Object: null prototype][39m
    },
    should: [36m[Function: loadShould][39m,
    use: [36m[Function: use][39m,
    util: {
      addChainableMethod: [36m[Getter][39m,
      addLengthGuard: [36m[Getter][39m,
      addMethod: [36m[Getter][39m,
      addProperty: [36m[Getter][39m,
      checkError: [36m[Getter][39m,
      compareByInspect: [36m[Getter][39m,
      eql: [36m[Getter][39m,
      events: [36m[Getter][39m,
      expectTypes: [36m[Getter][39m,
      flag: [36m[Getter][39m,
      getActual: [36m[Getter][39m,
      getMessage: [36m[Getter][39m,
      getName: [36m[Getter][39m,
      getOperator: [36m[Getter][39m,
      getOwnEnumerableProperties: [36m[Getter][39m,
      getOwnEnumerablePropertySymbols: [36m[Getter][39m,
      getPathInfo: [36m[Getter][39m,
      hasProperty: [36m[Getter][39m,
      inspect: [36m[Getter][39m,
      isNaN: [36m[Getter][39m,
      isNumeric: [36m[Getter][39m,
      isProxyEnabled: [36m[Getter][39m,
      isRegExp: [36m[Getter][39m,
      objDisplay: [36m[Getter][39m,
      overwriteChainableMethod: [36m[Getter][39m,
      overwriteMethod: [36m[Getter][39m,
      overwriteProperty: [36m[Getter][39m,
      proxify: [36m[Getter][39m,
      test: [36m[Getter][39m,
      transferFlags: [36m[Getter][39m,
      type: [36m[Getter][39m
    }
  },
  expect: [Function: expect] {
    fail: [36m[Function (anonymous)][39m,
    extend: [36m[Function (anonymous)][39m,
    addSnapshotSerializer: [36m[Function: methodWrapper][39m,
    anything: [36m[Function: methodWrapper][39m,
    any: [36m[Function: methodWrapper][39m,
    stringContaining: [36m[Function: methodWrapper][39m,
    objectContaining: [36m[Function: methodWrapper][39m,
    arrayContaining: [36m[Function: methodWrapper][39m,
    stringMatching: [36m[Function: methodWrapper][39m,
    closeTo: [36m[Function: methodWrapper][39m,
    schemaMatching: [36m[Function: methodWrapper][39m,
    not: {
      stringContaining: [36m[Function: stringContaining][39m,
      objectContaining: [36m[Function: objectContaining][39m,
      arrayContaining: [36m[Function: arrayContaining][39m,
      stringMatching: [36m[Function: stringMatching][39m,
      closeTo: [36m[Function: closeTo][39m,
      schemaMatching: [36m[Function: schemaMatching][39m,
      toSatisfy: [36m[Function: value][39m,
      toBeOneOf: [36m[Function: value][39m
    },
    getState: [36m[Function (anonymous)][39m,
    setState: [36m[Function (anonymous)][39m,
    assert: [Function: assert] {
      fail: [36m[Function (anonymous)][39m,
      isOk: [36m[Function (anonymous)][39m,
      isNotOk: [36m[Function (anonymous)][39m,
      equal: [36m[Function (anonymous)][39m,
      notEqual: [36m[Function (anonymous)][39m,
      strictEqual: [36m[Function (anonymous)][39m,
      notStrictEqual: [36m[Function (anonymous)][39m,
      deepStrictEqual: [36m[Function (anonymous)][39m,
      deepEqual: [36m[Function (anonymous)][39m,
      notDeepEqual: [36m[Function (anonymous)][39m,
      isAbove: [36m[Function (anonymous)][39m,
      isAtLeast: [36m[Function (anonymous)][39m,
      isBelow: [36m[Function (anonymous)][39m,
      isAtMost: [36m[Function (anonymous)][39m,
      isTrue: [36m[Function (anonymous)][39m,
      isNotTrue: [36m[Function (anonymous)][39m,
      isFalse: [36m[Function (anonymous)][39m,
      isNotFalse: [36m[Function (anonymous)][39m,
      isNull: [36m[Function (anonymous)][39m,
      isNotNull: [36m[Function (anonymous)][39m,
      isNaN: [36m[Function (anonymous)][39m,
      isNotNaN: [36m[Function (anonymous)][39m,
      exists: [36m[Function (anonymous)][39m,
      notExists: [36m[Function (anonymous)][39m,
      isUndefined: [36m[Function (anonymous)][39m,
      isDefined: [36m[Function (anonymous)][39m,
      isCallable: [36m[Function (anonymous)][39m,
      isNotCallable: [36m[Function (anonymous)][39m,
      isObject: [36m[Function (anonymous)][39m,
      isNotObject: [36m[Function (anonymous)][39m,
      isArray: [36m[Function (anonymous)][39m,
      isNotArray: [36m[Function (anonymous)][39m,
      isString: [36m[Function (anonymous)][39m,
      isNotString: [36m[Function (anonymous)][39m,
      isNumber: [36m[Function (anonymous)][39m,
      isNotNumber: [36m[Function (anonymous)][39m,
      isNumeric: [36m[Function (anonymous)][39m,
      isNotNumeric: [36m[Function (anonymous)][39m,
      isFinite: [36m[Function (anonymous)][39m,
      isBoolean: [36m[Function (anonymous)][39m,
      isNotBoolean: [36m[Function (anonymous)][39m,
      typeOf: [36m[Function (anonymous)][39m,
      notTypeOf: [36m[Function (anonymous)][39m,
      instanceOf: [36m[Function (anonymous)][39m,
      notInstanceOf: [36m[Function (anonymous)][39m,
      include: [36m[Function (anonymous)][39m,
      notInclude: [36m[Function (anonymous)][39m,
      deepInclude: [36m[Function (anonymous)][39m,
      notDeepInclude: [36m[Function (anonymous)][39m,
      nestedInclude: [36m[Function (anonymous)][39m,
      notNestedInclude: [36m[Function (anonymous)][39m,
      deepNestedInclude: [36m[Function (anonymous)][39m,
      notDeepNestedInclude: [36m[Function (anonymous)][39m,
      ownInclude: [36m[Function (anonymous)][39m,
      notOwnInclude: [36m[Function (anonymous)][39m,
      deepOwnInclude: [36m[Function (anonymous)][39m,
      notDeepOwnInclude: [36m[Function (anonymous)][39m,
      match: [36m[Function (anonymous)][39m,
      notMatch: [36m[Function (anonymous)][39m,
      property: [36m[Function (anonymous)][39m,
      notProperty: [36m[Function (anonymous)][39m,
      propertyVal: [36m[Function (anonymous)][39m,
      notPropertyVal: [36m[Function (anonymous)][39m,
      deepPropertyVal: [36m[Function (anonymous)][39m,
      notDeepPropertyVal: [36m[Function (anonymous)][39m,
      ownProperty: [36m[Function (anonymous)][39m,
      notOwnProperty: [36m[Function (anonymous)][39m,
      ownPropertyVal: [36m[Function (anonymous)][39m,
      notOwnPropertyVal: [36m[Function (anonymous)][39m,
      deepOwnPropertyVal: [36m[Function (anonymous)][39m,
      notDeepOwnPropertyVal: [36m[Function (anonymous)][39m,
      nestedProperty: [36m[Function (anonymous)][39m,
      notNestedProperty: [36m[Function (anonymous)][39m,
      nestedPropertyVal: [36m[Function (anonymous)][39m,
      notNestedPropertyVal: [36m[Function (anonymous)][39m,
      deepNestedPropertyVal: [36m[Function (anonymous)][39m,
      notDeepNestedPropertyVal: [36m[Function (anonymous)][39m,
      lengthOf: [36m[Function (anonymous)][39m,
      hasAnyKeys: [36m[Function (anonymous)][39m,
      hasAllKeys: [36m[Function (anonymous)][39m,
      containsAllKeys: [36m[Function (anonymous)][39m,
      doesNotHaveAnyKeys: [36m[Function (anonymous)][39m,
      doesNotHaveAllKeys: [36m[Function (anonymous)][39m,
      hasAnyDeepKeys: [36m[Function (anonymous)][39m,
      hasAllDeepKeys: [36m[Function (anonymous)][39m,
      containsAllDeepKeys: [36m[Function (anonymous)][39m,
      doesNotHaveAnyDeepKeys: [36m[Function (anonymous)][39m,
      doesNotHaveAllDeepKeys: [36m[Function (anonymous)][39m,
      throws: [36m[Function (anonymous)][39m,
      doesNotThrow: [36m[Function (anonymous)][39m,
      operator: [36m[Function (anonymous)][39m,
      closeTo: [36m[Function (anonymous)][39m,
      approximately: [36m[Function (anonymous)][39m,
      sameMembers: [36m[Function (anonymous)][39m,
      notSameMembers: [36m[Function (anonymous)][39m,
      sameDeepMembers: [36m[Function (anonymous)][39m,
      notSameDeepMembers: [36m[Function (anonymous)][39m,
      sameOrderedMembers: [36m[Function (anonymous)][39m,
      notSameOrderedMembers: [36m[Function (anonymous)][39m,
      sameDeepOrderedMembers: [36m[Function (anonymous)][39m,
      notSameDeepOrderedMembers: [36m[Function (anonymous)][39m,
      includeMembers: [36m[Function (anonymous)][39m,
      notIncludeMembers: [36m[Function (anonymous)][39m,
      includeDeepMembers: [36m[Function (anonymous)][39m,
      notIncludeDeepMembers: [36m[Function (anonymous)][39m,
      includeOrderedMembers: [36m[Function (anonymous)][39m,
      notIncludeOrderedMembers: [36m[Function (anonymous)][39m,
      includeDeepOrderedMembers: [36m[Function (anonymous)][39m,
      notIncludeDeepOrderedMembers: [36m[Function (anonymous)][39m,
      oneOf: [36m[Function (anonymous)][39m,
      isIterable: [36m[Function (anonymous)][39m,
      changes: [36m[Function (anonymous)][39m,
      changesBy: [36m[Function (anonymous)][39m,
      doesNotChange: [36m[Function (anonymous)][39m,
      changesButNotBy: [36m[Function (anonymous)][39m,
      increases: [36m[Function (anonymous)][39m,
      increasesBy: [36m[Function (anonymous)][39m,
      doesNotIncrease: [36m[Function (anonymous)][39m,
      increasesButNotBy: [36m[Function (anonymous)][39m,
      decreases: [36m[Function (anonymous)][39m,
      decreasesBy: [36m[Function (anonymous)][39m,
      doesNotDecrease: [36m[Function (anonymous)][39m,
      doesNotDecreaseBy: [36m[Function (anonymous)][39m,
      decreasesButNotBy: [36m[Function (anonymous)][39m,
      ifError: [36m[Function (anonymous)][39m,
      isExtensible: [36m[Function (anonymous)][39m,
      isNotExtensible: [36m[Function (anonymous)][39m,
      isSealed: [36m[Function (anonymous)][39m,
      isNotSealed: [36m[Function (anonymous)][39m,
      isFrozen: [36m[Function (anonymous)][39m,
      isNotFrozen: [36m[Function (anonymous)][39m,
      isEmpty: [36m[Function (anonymous)][39m,
      isNotEmpty: [36m[Function (anonymous)][39m,
      containsSubset: [36m[Function (anonymous)][39m,
      doesNotContainSubset: [36m[Function (anonymous)][39m,
      ok: [36m[Function (anonymous)][39m,
      notOk: [36m[Function (anonymous)][39m,
      throw: [36m[Function (anonymous)][39m,
      Throw: [36m[Function (anonymous)][39m,
      extensible: [36m[Function (anonymous)][39m,
      notExtensible: [36m[Function (anonymous)][39m,
      sealed: [36m[Function (anonymous)][39m,
      notSealed: [36m[Function (anonymous)][39m,
      frozen: [36m[Function (anonymous)][39m,
      notFrozen: [36m[Function (anonymous)][39m,
      empty: [36m[Function (anonymous)][39m,
      notEmpty: [36m[Function (anonymous)][39m,
      isFunction: [36m[Function (anonymous)][39m,
      isNotFunction: [36m[Function (anonymous)][39m,
      containSubset: [36m[Function (anonymous)][39m
    },
    addEqualityTesters: [36m[Function (anonymous)][39m,
    soft: [36m[Function (anonymous)][39m,
    poll: [36m[Function: poll][39m,
    unreachable: [36m[Function (anonymous)][39m,
    assertions: [36m[Function: methodWrapper][39m,
    hasAssertions: [36m[Function: methodWrapper][39m,
    toSatisfy: [36m[Function: customMatcher][39m,
    toBeOneOf: [36m[Function: customMatcher][39m
  },
  assert: [Function: assert] {
    fail: [36m[Function (anonymous)][39m,
    isOk: [36m[Function (anonymous)][39m,
    isNotOk: [36m[Function (anonymous)][39m,
    equal: [36m[Function (anonymous)][39m,
    notEqual: [36m[Function (anonymous)][39m,
    strictEqual: [36m[Function (anonymous)][39m,
    notStrictEqual: [36m[Function (anonymous)][39m,
    deepStrictEqual: [36m[Function (anonymous)][39m,
    deepEqual: [36m[Function (anonymous)][39m,
    notDeepEqual: [36m[Function (anonymous)][39m,
    isAbove: [36m[Function (anonymous)][39m,
    isAtLeast: [36m[Function (anonymous)][39m,
    isBelow: [36m[Function (anonymous)][39m,
    isAtMost: [36m[Function (anonymous)][39m,
    isTrue: [36m[Function (anonymous)][39m,
    isNotTrue: [36m[Function (anonymous)][39m,
    isFalse: [36m[Function (anonymous)][39m,
    isNotFalse: [36m[Function (anonymous)][39m,
    isNull: [36m[Function (anonymous)][39m,
    isNotNull: [36m[Function (anonymous)][39m,
    isNaN: [36m[Function (anonymous)][39m,
    isNotNaN: [36m[Function (anonymous)][39m,
    exists: [36m[Function (anonymous)][39m,
    notExists: [36m[Function (anonymous)][39m,
    isUndefined: [36m[Function (anonymous)][39m,
    isDefined: [36m[Function (anonymous)][39m,
    isCallable: [36m[Function (anonymous)][39m,
    isNotCallable: [36m[Function (anonymous)][39m,
    isObject: [36m[Function (anonymous)][39m,
    isNotObject: [36m[Function (anonymous)][39m,
    isArray: [36m[Function (anonymous)][39m,
    isNotArray: [36m[Function (anonymous)][39m,
    isString: [36m[Function (anonymous)][39m,
    isNotString: [36m[Function (anonymous)][39m,
    isNumber: [36m[Function (anonymous)][39m,
    isNotNumber: [36m[Function (anonymous)][39m,
    isNumeric: [36m[Function (anonymous)][39m,
    isNotNumeric: [36m[Function (anonymous)][39m,
    isFinite: [36m[Function (anonymous)][39m,
    isBoolean: [36m[Function (anonymous)][39m,
    isNotBoolean: [36m[Function (anonymous)][39m,
    typeOf: [36m[Function (anonymous)][39m,
    notTypeOf: [36m[Function (anonymous)][39m,
    instanceOf: [36m[Function (anonymous)][39m,
    notInstanceOf: [36m[Function (anonymous)][39m,
    include: [36m[Function (anonymous)][39m,
    notInclude: [36m[Function (anonymous)][39m,
    deepInclude: [36m[Function (anonymous)][39m,
    notDeepInclude: [36m[Function (anonymous)][39m,
    nestedInclude: [36m[Function (anonymous)][39m,
    notNestedInclude: [36m[Function (anonymous)][39m,
    deepNestedInclude: [36m[Function (anonymous)][39m,
    notDeepNestedInclude: [36m[Function (anonymous)][39m,
    ownInclude: [36m[Function (anonymous)][39m,
    notOwnInclude: [36m[Function (anonymous)][39m,
    deepOwnInclude: [36m[Function (anonymous)][39m,
    notDeepOwnInclude: [36m[Function (anonymous)][39m,
    match: [36m[Function (anonymous)][39m,
    notMatch: [36m[Function (anonymous)][39m,
    property: [36m[Function (anonymous)][39m,
    notProperty: [36m[Function (anonymous)][39m,
    propertyVal: [36m[Function (anonymous)][39m,
    notPropertyVal: [36m[Function (anonymous)][39m,
    deepPropertyVal: [36m[Function (anonymous)][39m,
    notDeepPropertyVal: [36m[Function (anonymous)][39m,
    ownProperty: [36m[Function (anonymous)][39m,
    notOwnProperty: [36m[Function (anonymous)][39m,
    ownPropertyVal: [36m[Function (anonymous)][39m,
    notOwnPropertyVal: [36m[Function (anonymous)][39m,
    deepOwnPropertyVal: [36m[Function (anonymous)][39m,
    notDeepOwnPropertyVal: [36m[Function (anonymous)][39m,
    nestedProperty: [36m[Function (anonymous)][39m,
    notNestedProperty: [36m[Function (anonymous)][39m,
    nestedPropertyVal: [36m[Function (anonymous)][39m,
    notNestedPropertyVal: [36m[Function (anonymous)][39m,
    deepNestedPropertyVal: [36m[Function (anonymous)][39m,
    notDeepNestedPropertyVal: [36m[Function (anonymous)][39m,
    lengthOf: [36m[Function (anonymous)][39m,
    hasAnyKeys: [36m[Function (anonymous)][39m,
    hasAllKeys: [36m[Function (anonymous)][39m,
    containsAllKeys: [36m[Function (anonymous)][39m,
    doesNotHaveAnyKeys: [36m[Function (anonymous)][39m,
    doesNotHaveAllKeys: [36m[Function (anonymous)][39m,
    hasAnyDeepKeys: [36m[Function (anonymous)][39m,
    hasAllDeepKeys: [36m[Function (anonymous)][39m,
    containsAllDeepKeys: [36m[Function (anonymous)][39m,
    doesNotHaveAnyDeepKeys: [36m[Function (anonymous)][39m,
    doesNotHaveAllDeepKeys: [36m[Function (anonymous)][39m,
    throws: [36m[Function (anonymous)][39m,
    doesNotThrow: [36m[Function (anonymous)][39m,
    operator: [36m[Function (anonymous)][39m,
    closeTo: [36m[Function (anonymous)][39m,
    approximately: [36m[Function (anonymous)][39m,
    sameMembers: [36m[Function (anonymous)][39m,
    notSameMembers: [36m[Function (anonymous)][39m,
    sameDeepMembers: [36m[Function (anonymous)][39m,
    notSameDeepMembers: [36m[Function (anonymous)][39m,
    sameOrderedMembers: [36m[Function (anonymous)][39m,
    notSameOrderedMembers: [36m[Function (anonymous)][39m,
    sameDeepOrderedMembers: [36m[Function (anonymous)][39m,
    notSameDeepOrderedMembers: [36m[Function (anonymous)][39m,
    includeMembers: [36m[Function (anonymous)][39m,
    notIncludeMembers: [36m[Function (anonymous)][39m,
    includeDeepMembers: [36m[Function (anonymous)][39m,
    notIncludeDeepMembers: [36m[Function (anonymous)][39m,
    includeOrderedMembers: [36m[Function (anonymous)][39m,
    notIncludeOrderedMembers: [36m[Function (anonymous)][39m,
    includeDeepOrderedMembers: [36m[Function (anonymous)][39m,
    notIncludeDeepOrderedMembers: [36m[Function (anonymous)][39m,
    oneOf: [36m[Function (anonymous)][39m,
    isIterable: [36m[Function (anonymous)][39m,
    changes: [36m[Function (anonymous)][39m,
    changesBy: [36m[Function (anonymous)][39m,
    doesNotChange: [36m[Function (anonymous)][39m,
    changesButNotBy: [36m[Function (anonymous)][39m,
    increases: [36m[Function (anonymous)][39m,
    increasesBy: [36m[Function (anonymous)][39m,
    doesNotIncrease: [36m[Function (anonymous)][39m,
    increasesButNotBy: [36m[Function (anonymous)][39m,
    decreases: [36m[Function (anonymous)][39m,
    decreasesBy: [36m[Function (anonymous)][39m,
    doesNotDecrease: [36m[Function (anonymous)][39m,
    doesNotDecreaseBy: [36m[Function (anonymous)][39m,
    decreasesButNotBy: [36m[Function (anonymous)][39m,
    ifError: [36m[Function (anonymous)][39m,
    isExtensible: [36m[Function (anonymous)][39m,
    isNotExtensible: [36m[Function (anonymous)][39m,
    isSealed: [36m[Function (anonymous)][39m,
    isNotSealed: [36m[Function (anonymous)][39m,
    isFrozen: [36m[Function (anonymous)][39m,
    isNotFrozen: [36m[Function (anonymous)][39m,
    isEmpty: [36m[Function (anonymous)][39m,
    isNotEmpty: [36m[Function (anonymous)][39m,
    containsSubset: [36m[Function (anonymous)][39m,
    doesNotContainSubset: [36m[Function (anonymous)][39m,
    ok: [36m[Function (anonymous)][39m,
    notOk: [36m[Function (anonymous)][39m,
    throw: [36m[Function (anonymous)][39m,
    Throw: [36m[Function (anonymous)][39m,
    extensible: [36m[Function (anonymous)][39m,
    notExtensible: [36m[Function (anonymous)][39m,
    sealed: [36m[Function (anonymous)][39m,
    notSealed: [36m[Function (anonymous)][39m,
    frozen: [36m[Function (anonymous)][39m,
    notFrozen: [36m[Function (anonymous)][39m,
    empty: [36m[Function (anonymous)][39m,
    notEmpty: [36m[Function (anonymous)][39m,
    isFunction: [36m[Function (anonymous)][39m,
    isNotFunction: [36m[Function (anonymous)][39m,
    containSubset: [36m[Function (anonymous)][39m
  },
  expectTypeOf: [36m[Function: expectTypeOf][39m,
  assertType: [36m[Function: assertType][39m,
  vitest: {
    useFakeTimers: [36m[Function: useFakeTimers][39m,
    isFakeTimers: [36m[Function: isFakeTimers][39m,
    useRealTimers: [36m[Function: useRealTimers][39m,
    runOnlyPendingTimers: [36m[Function: runOnlyPendingTimers][39m,
    runOnlyPendingTimersAsync: [36m[AsyncFunction: runOnlyPendingTimersAsync][39m,
    runAllTimers: [36m[Function: runAllTimers][39m,
    runAllTimersAsync: [36m[AsyncFunction: runAllTimersAsync][39m,
    runAllTicks: [36m[Function: runAllTicks][39m,
    advanceTimersByTime: [36m[Function: advanceTimersByTime][39m,
    advanceTimersByTimeAsync: [36m[AsyncFunction: advanceTimersByTimeAsync][39m,
    advanceTimersToNextTimer: [36m[Function: advanceTimersToNextTimer][39m,
    advanceTimersToNextTimerAsync: [36m[AsyncFunction: advanceTimersToNextTimerAsync][39m,
    advanceTimersToNextFrame: [36m[Function: advanceTimersToNextFrame][39m,
    getTimerCount: [36m[Function: getTimerCount][39m,
    setSystemTime: [36m[Function: setSystemTime][39m,
    getMockedSystemTime: [36m[Function: getMockedSystemTime][39m,
    getRealSystemTime: [36m[Function: getRealSystemTime][39m,
    clearAllTimers: [36m[Function: clearAllTimers][39m,
    spyOn: [36m[Function: spyOn][39m,
    fn: [36m[Function: fn][39m,
    waitFor: [36m[Function: waitFor][39m,
    waitUntil: [36m[Function: waitUntil][39m,
    hoisted: [36m[Function: hoisted][39m,
    mock: [36m[Function: mock][39m,
    unmock: [36m[Function: unmock][39m,
    doMock: [36m[Function: doMock][39m,
    doUnmock: [36m[Function: doUnmock][39m,
    importActual: [36m[AsyncFunction: importActual][39m,
    importMock: [36m[AsyncFunction: importMock][39m,
    mockObject: [36m[Function: mockObject][39m,
    mocked: [36m[Function: mocked][39m,
    isMockFunction: [36m[Function: isMockFunction][39m,
    clearAllMocks: [36m[Function: clearAllMocks][39m,
    resetAllMocks: [36m[Function: resetAllMocks][39m,
    restoreAllMocks: [36m[Function: restoreAllMocks][39m,
    stubGlobal: [36m[Function: stubGlobal][39m,
    stubEnv: [36m[Function: stubEnv][39m,
    unstubAllGlobals: [36m[Function: unstubAllGlobals][39m,
    unstubAllEnvs: [36m[Function: unstubAllEnvs][39m,
    resetModules: [36m[Function: resetModules][39m,
    dynamicImportSettled: [36m[AsyncFunction: dynamicImportSettled][39m,
    setConfig: [36m[Function: setConfig][39m,
    resetConfig: [36m[Function: resetConfig][39m
  },
  vi: {
    useFakeTimers: [36m[Function: useFakeTimers][39m,
    isFakeTimers: [36m[Function: isFakeTimers][39m,
    useRealTimers: [36m[Function: useRealTimers][39m,
    runOnlyPendingTimers: [36m[Function: runOnlyPendingTimers][39m,
    runOnlyPendingTimersAsync: [36m[AsyncFunction: runOnlyPendingTimersAsync][39m,
    runAllTimers: [36m[Function: runAllTimers][39m,
    runAllTimersAsync: [36m[AsyncFunction: runAllTimersAsync][39m,
    runAllTicks: [36m[Function: runAllTicks][39m,
    advanceTimersByTime: [36m[Function: advanceTimersByTime][39m,
    advanceTimersByTimeAsync: [36m[AsyncFunction: advanceTimersByTimeAsync][39m,
    advanceTimersToNextTimer: [36m[Function: advanceTimersToNextTimer][39m,
    advanceTimersToNextTimerAsync: [36m[AsyncFunction: advanceTimersToNextTimerAsync][39m,
    advanceTimersToNextFrame: [36m[Function: advanceTimersToNextFrame][39m,
    getTimerCount: [36m[Function: getTimerCount][39m,
    setSystemTime: [36m[Function: setSystemTime][39m,
    getMockedSystemTime: [36m[Function: getMockedSystemTime][39m,
    getRealSystemTime: [36m[Function: getRealSystemTime][39m,
    clearAllTimers: [36m[Function: clearAllTimers][39m,
    spyOn: [36m[Function: spyOn][39m,
    fn: [36m[Function: fn][39m,
    waitFor: [36m[Function: waitFor][39m,
    waitUntil: [36m[Function: waitUntil][39m,
    hoisted: [36m[Function: hoisted][39m,
    mock: [36m[Function: mock][39m,
    unmock: [36m[Function: unmock][39m,
    doMock: [36m[Function: doMock][39m,
    doUnmock: [36m[Function: doUnmock][39m,
    importActual: [36m[AsyncFunction: importActual][39m,
    importMock: [36m[AsyncFunction: importMock][39m,
    mockObject: [36m[Function: mockObject][39m,
    mocked: [36m[Function: mocked][39m,
    isMockFunction: [36m[Function: isMockFunction][39m,
    clearAllMocks: [36m[Function: clearAllMocks][39m,
    resetAllMocks: [36m[Function: resetAllMocks][39m,
    restoreAllMocks: [36m[Function: restoreAllMocks][39m,
    stubGlobal: [36m[Function: stubGlobal][39m,
    stubEnv: [36m[Function: stubEnv][39m,
    unstubAllGlobals: [36m[Function: unstubAllGlobals][39m,
    unstubAllEnvs: [36m[Function: unstubAllEnvs][39m,
    resetModules: [36m[Function: resetModules][39m,
    dynamicImportSettled: [36m[AsyncFunction: dynamicImportSettled][39m,
    setConfig: [36m[Function: setConfig][39m,
    resetConfig: [36m[Function: resetConfig][39m
  },
  beforeAll: [36m[Function: beforeAll][39m,
  afterAll: [36m[Function: afterAll][39m,
  beforeEach: [36m[Function: beforeEach][39m,
  afterEach: [36m[Function: afterEach][39m,
  onTestFinished: [36m[Function (anonymous)][39m,
  onTestFailed: [36m[Function (anonymous)][39m,
  __vitest_required__: {
    util: {
      _errnoException: [36m[Function: _errnoException][39m,
      _exceptionWithHostPort: [36m[Function: _exceptionWithHostPort][39m,
      _extend: [36m[Function: deprecated][39m,
      callbackify: [36m[Function: callbackify][39m,
      debug: [36m[Function: debuglog][39m,
      debuglog: [36m[Function: debuglog][39m,
      deprecate: [36m[Function: deprecate][39m,
      format: [36m[Function: format][39m,
      styleText: [36m[Function: styleText][39m,
      formatWithOptions: [36m[Function: formatWithOptions][39m,
      getCallSite: [36m[Function: deprecated][39m,
      getCallSites: [36m[Function: getCallSites][39m,
      getSystemErrorMap: [36m[Function: getSystemErrorMap][39m,
      getSystemErrorName: [36m[Function: getSystemErrorName][39m,
      getSystemErrorMessage: [36m[Function: getSystemErrorMessage][39m,
      inherits: [36m[Function: inherits][39m,
      inspect: [36m[Function][39m,
      isArray: [36m[Function: deprecated][39m,
      isBoolean: [36m[Function: deprecated][39m,
      isBuffer: [36m[Function: deprecated][39m,
      isDeepStrictEqual: [36m[Function: isDeepStrictEqual][39m,
      isNull: [36m[Function: deprecated][39m,
      isNullOrUndefined: [36m[Function: deprecated][39m,
      isNumber: [36m[Function: deprecated][39m,
      isString: [36m[Function: deprecated][39m,
      isSymbol: [36m[Function: deprecated][39m,
      isUndefined: [36m[Function: deprecated][39m,
      isRegExp: [36m[Function: deprecated][39m,
      isObject: [36m[Function: deprecated][39m,
      isDate: [36m[Function: deprecated][39m,
      isError: [36m[Function: deprecated][39m,
      isFunction: [36m[Function: deprecated][39m,
      isPrimitive: [36m[Function: deprecated][39m,
      log: [36m[Function: deprecated][39m,
      promisify: [36m[Function][39m,
      stripVTControlCharacters: [36m[Function: stripVTControlCharacters][39m,
      toUSVString: [36m[Function: toUSVString][39m,
      transferableAbortSignal: [36m[Getter][39m,
      transferableAbortController: [36m[Getter][39m,
      aborted: [36m[Getter][39m,
      types: [36m[Object][39m,
      parseEnv: [36m[Function: parseEnv][39m,
      parseArgs: [36m[Function: parseArgs][39m,
      TextDecoder: [36m[class TextDecoder][39m,
      TextEncoder: [36m[class TextEncoder][39m,
      MIMEType: [36m[class MIMEType][39m,
      MIMEParams: [36m[class MIMEParams][39m,
      diff: [36m[Function: diff][39m,
      setTraceSigInt: [36m[Function: setTraceSigInt][39m
    },
    timers: {
      setTimeout: [36m[Function][39m,
      clearTimeout: [36m[Function: clearTimeout][39m,
      setImmediate: [36m[Function][39m,
      clearImmediate: [36m[Function: clearImmediate][39m,
      setInterval: [36m[Function: setInterval][39m,
      clearInterval: [36m[Function: clearInterval][39m,
      _unrefActive: [36m[Function: deprecated][39m,
      active: [36m[Function: deprecated][39m,
      unenroll: [36m[Function: deprecated][39m,
      enroll: [36m[Function: deprecated][39m,
      promises: [36m[Getter][39m
    },
    timersPromises: {
      setTimeout: [36m[Function: setTimeout][39m,
      setImmediate: [36m[Function: setImmediate][39m,
      setInterval: [36m[AsyncGeneratorFunction: setInterval][39m,
      scheduler: [36m[Scheduler][39m
    }
  },
  ch: [33m107[39m,
  ResizeObserver: [36m[class ResizeObserverMock][39m,
  [[32mSymbol(vitest:SAFE_TIMERS)[39m]: {
    nextTick: [36m[Function: nextTick][39m,
    setTimeout: [Function: setTimeout] {
      [[32mSymbol(nodejs.util.promisify.custom)[39m]: [36m[Getter][39m
    },
    setInterval: [36m[Function: setInterval][39m,
    clearInterval: [36m[Function: clearInterval][39m,
    clearTimeout: [36m[Function: clearTimeout][39m,
    setImmediate: [Function: setImmediate] {
      [[32mSymbol(nodejs.util.promisify.custom)[39m]: [36m[Getter][39m
    },
    clearImmediate: [36m[Function: clearImmediate][39m,
    queueMicrotask: [36m[Function: queueMicrotask][39m
  }
}

[90mstderr[2m | src/components/__tests__/tool-header.test.ts[2m > [22m[2mToolHeader[2m > 
[22m[2mRendering[2m > [22m[2mshould render title
[22m[39mBaseComponent.init failed: TypeError: this.bindEvents is not a function
    at ToolHeader.init (C:/Users/DrawF/OneDrive/Projects/CodingProjects/XIVProjects/xivdyetools-web-app/src/compo
nents/base-component.ts:86:12)
    at C:/Users/DrawF/OneDrive/Projects/CodingProjects/XIVProjects/xivdyetools-web-app/src/components/__tests__/t
ool-header.test.ts:39:17
    at [90mfile:///C:/Users/DrawF/OneDrive/Projects/CodingProjects/XIVProjects/xivdyetools-web-app/[39mnode_mod
ules/[4m@vitest/runner[24m/dist/index.js:145:11
    at [90mfile:///C:/Users/DrawF/OneDrive/Projects/CodingProjects/XIVProjects/xivdyetools-web-app/[39mnode_mod
ules/[4m@vitest/runner[24m/dist/index.js:912:26
    at [90mfile:///C:/Users/DrawF/OneDrive/Projects/CodingProjects/XIVProjects/xivdyetools-web-app/[39mnode_mod
ules/[4m@vitest/runner[24m/dist/index.js:1237:20
    at new Promise (<anonymous>)
    at runWithTimeout [90m(file:///C:/Users/DrawF/OneDrive/Projects/CodingProjects/XIVProjects/xivdyetools-web-a
pp/[39mnode_modules/[4m@vitest/runner[24m/dist/index.js:1203:10[90m)[39m
    at [90mfile:///C:/Users/DrawF/OneDrive/Projects/CodingProjects/XIVProjects/xivdyetools-web-app/[39mnode_mod
ules/[4m@vitest/runner[24m/dist/index.js:1647:37
    at Traces.$ [90m(file:///C:/Users/DrawF/OneDrive/Projects/CodingProjects/XIVProjects/xivdyetools-web-app/[3
9mnode_modules/[4mvitest[24m/dist/chunks/traces.U4xDYhzZ.js:115:27[90m)[39m
    at trace [90m(file:///C:/Users/DrawF/OneDrive/Projects/CodingProjects/XIVProjects/xivdyetools-web-app/[39mn
ode_modules/[4mvitest[24m/dist/chunks/test.DqQZzsWf.js:234:21[90m)[39m

 [32mΓ£ô[39m src/components/__tests__/color-wheel-display.test.ts[2m > [22mColorWheelDisplay[2m > [22mBasic Rendering[2m > [22mrenders SVG wheel with donut segments[32m 41[2mms[22m[39m
 [32mΓ£ô[39m src/components/__tests__/color-wheel-display.test.ts[2m > [22mColorWheelDisplay[2m > [22mBasic Rendering[2m > [22mrenders a dot for each harmony dye[32m 28[2mms[22m[39m
 [32mΓ£ô[39m src/components/__tests__/color-wheel-display.test.ts[2m > [22mColorWheelDisplay[2m > [22mBasic Rendering[2m > [22mdisplays harmony short name at center[32m 19[2mms[22m[39m
 [32mΓ£ô[39m src/components/__tests__/color-interpolation-display.test.ts[2m > [22mColorInterpolationDisplay[2m > [22mrendering - empty state[2m > [22mshould render empty state when no steps provided[32m 9[2mms[22m[39m
 [32mΓ£ô[39m src/components/__tests__/color-interpolation-display.test.ts[2m > [22mColorInterpolationDisplay[2m > [22mrendering - empty state[2m > [22mshould render title even in empty state[32m 9[2mms[22m[39m
 [32mΓ£ô[39m src/components/__tests__/color-interpolation-display.test.ts[2m > [22mColorInterpolationDisplay[2m > [22mrendering - with steps[2m > [22mshould render interpolation display with steps[32m 61[2mms[22m[39m
 [32mΓ£ô[39m src/components/__tests__/color-interpolation-display.test.ts[2m > [22mColorInterpolationDisplay[2m > [22mrendering - with steps[2m > [22mshould render gradient bar[32m 9[2mms[22m[39m
 [32mΓ£ô[39m src/components/__tests__/base-component.test.ts[2m > [22mBaseComponent[2m > [22mLifecycle[2m > [22mshould initialize component when init() is called[32m 22[2mms[22m[39m
 [31m├ù[39m src/components/__tests__/base-component.test.ts[2m > [22mBaseComponent[2m > [22mLifecycle[2m > [22mshould not double-initialize component[32m 12[2mms[22m[39m
[31m   ΓåÆ expected "warn" to be called with arguments: [ 'Component already initialized' ][90m

Number of calls: [1m0[22m
[31m[39m
 [32mΓ£ô[39m src/components/__tests__/base-component.test.ts[2m > [22mBaseComponent[2m > [22mLifecycle[2m > [22mshould call onMount lifecycle hook[32m 2[2mms[22m[39m
 [32mΓ£ô[39m src/components/__tests__/base-component.test.ts[2m > [22mBaseComponent[2m > [22mLifecycle[2m > [22mshould update component when update() is called[32m 3[2mms[22m[39m
 [32mΓ£ô[39m src/components/__tests__/base-component.test.ts[2m > [22mBaseComponent[2m > [22mLifecycle[2m > [22mshould call onUpdate lifecycle hook[32m 2[2mms[22m[39m
 [31m├ù[39m src/components/__tests__/base-component.test.ts[2m > [22mBaseComponent[2m > [22mLifecycle[2m > [22mshould warn when update() called before init()[32m 1[2mms[22m[39m
[31m   ΓåÆ expected "warn" to be called with arguments: [ 'Component not initialized' ][90m

Number of calls: [1m0[22m
[31m[39m
 [32mΓ£ô[39m src/components/__tests__/base-component.test.ts[2m > [22mBaseComponent[2m > [22mLifecycle[2m > [22mshould destroy component and clean up[32m 1[2mms[22m[39m
 [32mΓ£ô[39m src/components/__tests__/base-component.test.ts[2m > [22mBaseComponent[2m > [22mLifecycle[2m > [22mshould call onUnmount lifecycle hook[32m 2[2mms[22m[39m
 [32mΓ£ô[39m src/components/__tests__/base-component.test.ts[2m > [22mBaseComponent[2m > [22mLifecycle[2m > [22mshould not double-destroy component[32m 2[2mms[22m[39m
 [32mΓ£ô[39m src/components/__tests__/base-component.test.ts[2m > [22mBaseComponent[2m > [22mDOM Creation[2m > [22mshould create element with className[32m 1[2mms[22m[39m
 [32mΓ£ô[39m src/components/__tests__/base-component.test.ts[2m > [22mBaseComponent[2m > [22mDOM Creation[2m > [22mshould create element with id[32m 1[2mms[22m[39m
 [32mΓ£ô[39m src/components/__tests__/base-component.test.ts[2m > [22mBaseComponent[2m > [22mDOM Creation[2m > [22mshould create element with innerHTML[32m 3[2mms[22m[39m
 [32mΓ£ô[39m src/components/__tests__/base-component.test.ts[2m > [22mBaseComponent[2m > [22mDOM Creation[2m > [22mshould create element with textContent[32m 1[2mms[22m[39m
 [32mΓ£ô[39m src/components/__tests__/base-component.test.ts[2m > [22mBaseComponent[2m > [22mDOM Creation[2m > [22mshould create element with attributes[32m 1[2mms[22m[39m
 [32mΓ£ô[39m src/components/__tests__/base-component.test.ts[2m > [22mBaseComponent[2m > [22mDOM Creation[2m > [22mshould create element with data attributes[32m 1[2mms[22m[39m
 [32mΓ£ô[39m src/components/__tests__/base-component.test.ts[2m > [22mBaseComponent[2m > [22mDOM Creation[2m > [22mshould create element with all options combined[32m 1[2mms[22m[39m
 [32mΓ£ô[39m src/components/__tests__/base-component.test.ts[2m > [22mBaseComponent[2m > [22mQuery Selectors[2m > [22mshould query single element[32m 1[2mms[22m[39m
 [32mΓ£ô[39m src/components/__tests__/base-component.test.ts[2m > [22mBaseComponent[2m > [22mQuery Selectors[2m > [22mshould return null for non-existent element[32m 2[2mms[22m[39m
 [32mΓ£ô[39m src/components/__tests__/base-component.test.ts[2m > [22mBaseComponent[2m > [22mQuery Selectors[2m > [22mshould query all elements[32m 3[2mms[22m[39m
 [32mΓ£ô[39m src/components/__tests__/base-component.test.ts[2m > [22mBaseComponent[2m > [22mQuery Selectors[2m > [22mshould return empty array for non-existent elements[32m 2[2mms[22m[39m
 [32mΓ£ô[39m src/components/__tests__/base-component.test.ts[2m > [22mBaseComponent[2m > [22mClass Manipulation[2m > [22mshould add class to element[32m 2[2mms[22m[39m
 [32mΓ£ô[39m src/components/__tests__/base-component.test.ts[2m > [22mBaseComponent[2m > [22mClass Manipulation[2m > [22mshould remove class from element[32m 2[2mms[22m[39m
 [32mΓ£ô[39m src/components/__tests__/base-component.test.ts[2m > [22mBaseComponent[2m > [22mClass Manipulation[2m > [22mshould toggle class on element[32m 1[2mms[22m[39m
 [32mΓ£ô[39m src/components/__tests__/base-component.test.ts[2m > [22mBaseComponent[2m > [22mClass Manipulation[2m > [22mshould check if element has class[32m 2[2mms[22m[39m
 [32mΓ£ô[39m src/components/__tests__/base-component.test.ts[2m > [22mBaseComponent[2m > [22mEvent Handling[2m > [22mshould handle button click events[32m 4[2mms[22m[39m
 [32mΓ£ô[39m src/components/__tests__/base-component.test.ts[2m > [22mBaseComponent[2m > [22mEvent Handling[2m > [22mshould update UI when button is clicked[32m 2[2mms[22m[39m
 [32mΓ£ô[39m src/components/__tests__/base-component.test.ts[2m > [22mBaseComponent[2m > [22mEvent Handling[2m > [22mshould emit custom events[32m 1[2mms[22m[39m
 [32mΓ£ô[39m src/components/__tests__/base-component.test.ts[2m > [22mBaseComponent[2m > [22mEvent Handling[2m > [22mshould clean up event listeners on destroy[32m 1[2mms[22m[39m
 [32mΓ£ô[39m src/components/__tests__/base-component.test.ts[2m > [22mBaseComponent[2m > [22mEvent Handling[2m > [22mshould clean up event listeners on update[32m 2[2mms[22m[39m
 [32mΓ£ô[39m src/components/__tests__/base-component.test.ts[2m > [22mBaseComponent[2m > [22mVisibility and Styling[2m > [22mshould show component[32m 2[2mms[22m[39m
 [32mΓ£ô[39m src/components/__tests__/base-component.test.ts[2m > [22mBaseComponent[2m > [22mVisibility and Styling[2m > [22mshould hide component[32m 1[2mms[22m[39m
 [32mΓ£ô[39m src/components/__tests__/base-component.test.ts[2m > [22mBaseComponent[2m > [22mVisibility and Styling[2m > [22mshould check visibility correctly[32m 1[2mms[22m[39m
 [32mΓ£ô[39m src/components/__tests__/dye-selector.test.ts[2m > [22mDyeSelector[2m > [22mEdge Cases[2m > [22mshould handle rapid selection/deselection[32m 10[2mms[22m[39m
 [32mΓ£ô[39m src/components/__tests__/app-layout.test.ts[2m > [22mAppLayout[2m > [22mSubscription Callbacks[2m > [22mshould handle updateHeaderColors when title element is not found[32m 221[2mms[22m[39m
[90mstderr[2m | src/components/__tests__/tutorial-spotlight.test.ts[2m > [22m[2mTutorialSpotlight[2m > 
[22m[2mStep Display[2m > [22m[2mshould display step indicator
[22m[39mBaseComponent.on: Target is not HTMLElement, Document, or Window [36m<ref *1>[39m Object [global] {
  global: [36m[Circular *1][39m,
  clearImmediate: [Function: clearImmediate] {
    hadOwnProperty: [33mtrue[39m,
    clock: {
      now: [33m1764681223174[39m,
      Date: [36m[Function][39m,
      loopLimit: [33m10000[39m,
      Intl: [36m[Object][39m,
      requestIdleCallback: [36m[Function: requestIdleCallback][39m,
      cancelIdleCallback: [36m[Function: cancelIdleCallback][39m,
      setTimeout: [36m[Function][39m,
      clearTimeout: [36m[Function][39m,
      nextTick: [36m[Function: nextTick][39m,
      queueMicrotask: [36m[Function: queueMicrotask][39m,
      setInterval: [36m[Function][39m,
      clearInterval: [36m[Function][39m,
      setImmediate: [36m[Function][39m,
      clearImmediate: [36m[Function][39m,
      countTimers: [36m[Function: countTimers][39m,
      requestAnimationFrame: [36m[Function][39m,
      cancelAnimationFrame: [36m[Function][39m,
      runMicrotasks: [36m[Function: runMicrotasks][39m,
      tick: [36m[Function: tick][39m,
      tickAsync: [36m[Function: tickAsync][39m,
      next: [36m[Function: next][39m,
      nextAsync: [36m[Function: nextAsync][39m,
      runAll: [36m[Function: runAll][39m,
      runToFrame: [36m[Function: runToFrame][39m,
      runAllAsync: [36m[Function: runAllAsync][39m,
      runToLast: [36m[Function: runToLast][39m,
      runToLastAsync: [36m[Function: runToLastAsync][39m,
      reset: [36m[Function: reset][39m,
      setSystemTime: [36m[Function: setSystemTime][39m,
      jump: [36m[Function: jump][39m,
      performance: [36m[Object: null prototype][39m,
      hrtime: [36m[Function][39m,
      shouldClearNativeTimers: [33mtrue[39m,
      uninstall: [36m[Function (anonymous)][39m,
      abortListenerMap: Map(0) {},
      methods: [36m[Array][39m,
      _setTimeout: [36m[Function][39m,
      _clearTimeout: [36m[Function: clearTimeout][39m,
      _setInterval: [36m[Function: setInterval][39m,
      _clearInterval: [36m[Function: clearInterval][39m,
      _Date: [36m[Function: Date][39m,
      _setImmediate: [36m[Function][39m,
      _clearImmediate: [36m[Function: clearImmediate][39m,
      _hrtime: [36m[Function][39m,
      _performance: [36m[Performance][39m,
      _requestAnimationFrame: [36m[Function: bound ][39m,
      _cancelAnimationFrame: [36m[Function: bound ][39m,
      _Intl: Object [Intl] {}
    }
  },
  setImmediate: [Function: setImmediate] {
    hadOwnProperty: [33mtrue[39m,
    clock: {
      now: [33m1764681223174[39m,
      Date: [36m[Function][39m,
      loopLimit: [33m10000[39m,
      Intl: [36m[Object][39m,
      requestIdleCallback: [36m[Function: requestIdleCallback][39m,
      cancelIdleCallback: [36m[Function: cancelIdleCallback][39m,
      setTimeout: [36m[Function][39m,
      clearTimeout: [36m[Function][39m,
      nextTick: [36m[Function: nextTick][39m,
      queueMicrotask: [36m[Function: queueMicrotask][39m,
      setInterval: [36m[Function][39m,
      clearInterval: [36m[Function][39m,
      setImmediate: [36m[Function][39m,
      clearImmediate: [36m[Function][39m,
      countTimers: [36m[Function: countTimers][39m,
      requestAnimationFrame: [36m[Function][39m,
      cancelAnimationFrame: [36m[Function][39m,
      runMicrotasks: [36m[Function: runMicrotasks][39m,
      tick: [36m[Function: tick][39m,
      tickAsync: [36m[Function: tickAsync][39m,
      next: [36m[Function: next][39m,
      nextAsync: [36m[Function: nextAsync][39m,
      runAll: [36m[Function: runAll][39m,
      runToFrame: [36m[Function: runToFrame][39m,
      runAllAsync: [36m[Function: runAllAsync][39m,
      runToLast: [36m[Function: runToLast][39m,
      runToLastAsync: [36m[Function: runToLastAsync][39m,
      reset: [36m[Function: reset][39m,
      setSystemTime: [36m[Function: setSystemTime][39m,
      jump: [36m[Function: jump][39m,
      performance: [36m[Object: null prototype][39m,
      hrtime: [36m[Function][39m,
      shouldClearNativeTimers: [33mtrue[39m,
      uninstall: [36m[Function (anonymous)][39m,
      abortListenerMap: Map(0) {},
      methods: [36m[Array][39m,
      _setTimeout: [36m[Function][39m,
      _clearTimeout: [36m[Function: clearTimeout][39m,
      _setInterval: [36m[Function: setInterval][39m,
      _clearInterval: [36m[Function: clearInterval][39m,
      _Date: [36m[Function: Date][39m,
      _setImmediate: [36m[Function][39m,
      _clearImmediate: [36m[Function: clearImmediate][39m,
      _hrtime: [36m[Function][39m,
      _performance: [36m[Performance][39m,
      _requestAnimationFrame: [36m[Function: bound ][39m,
      _cancelAnimationFrame: [36m[Function: bound ][39m,
      _Intl: Object [Intl] {}
    },
    [[32mSymbol(nodejs.util.promisify.custom)[39m]: [36m[Function: promisifiedSetImmediate][39m
  },
  clearInterval: [Function: clearInterval] {
    hadOwnProperty: [33mtrue[39m,
    clock: {
      now: [33m1764681223174[39m,
      Date: [36m[Function][39m,
      loopLimit: [33m10000[39m,
      Intl: [36m[Object][39m,
      requestIdleCallback: [36m[Function: requestIdleCallback][39m,
      cancelIdleCallback: [36m[Function: cancelIdleCallback][39m,
      setTimeout: [36m[Function][39m,
      clearTimeout: [36m[Function][39m,
      nextTick: [36m[Function: nextTick][39m,
      queueMicrotask: [36m[Function: queueMicrotask][39m,
      setInterval: [36m[Function][39m,
      clearInterval: [36m[Function][39m,
      setImmediate: [36m[Function][39m,
      clearImmediate: [36m[Function][39m,
      countTimers: [36m[Function: countTimers][39m,
      requestAnimationFrame: [36m[Function][39m,
      cancelAnimationFrame: [36m[Function][39m,
      runMicrotasks: [36m[Function: runMicrotasks][39m,
      tick: [36m[Function: tick][39m,
      tickAsync: [36m[Function: tickAsync][39m,
      next: [36m[Function: next][39m,
      nextAsync: [36m[Function: nextAsync][39m,
      runAll: [36m[Function: runAll][39m,
      runToFrame: [36m[Function: runToFrame][39m,
      runAllAsync: [36m[Function: runAllAsync][39m,
      runToLast: [36m[Function: runToLast][39m,
      runToLastAsync: [36m[Function: runToLastAsync][39m,
      reset: [36m[Function: reset][39m,
      setSystemTime: [36m[Function: setSystemTime][39m,
      jump: [36m[Function: jump][39m,
      performance: [36m[Object: null prototype][39m,
      hrtime: [36m[Function][39m,
      shouldClearNativeTimers: [33mtrue[39m,
      uninstall: [36m[Function (anonymous)][39m,
      abortListenerMap: Map(0) {},
      methods: [36m[Array][39m,
      _setTimeout: [36m[Function][39m,
      _clearTimeout: [36m[Function: clearTimeout][39m,
      _setInterval: [36m[Function: setInterval][39m,
      _clearInterval: [36m[Function: clearInterval][39m,
      _Date: [36m[Function: Date][39m,
      _setImmediate: [36m[Function][39m,
      _clearImmediate: [36m[Function: clearImmediate][39m,
      _hrtime: [36m[Function][39m,
      _performance: [36m[Performance][39m,
      _requestAnimationFrame: [36m[Function: bound ][39m,
      _cancelAnimationFrame: [36m[Function: bound ][39m,
      _Intl: Object [Intl] {}
    }
  },
  clearTimeout: [Function: clearTimeout] {
    hadOwnProperty: [33mtrue[39m,
    clock: {
      now: [33m1764681223174[39m,
      Date: [36m[Function][39m,
      loopLimit: [33m10000[39m,
      Intl: [36m[Object][39m,
      requestIdleCallback: [36m[Function: requestIdleCallback][39m,
      cancelIdleCallback: [36m[Function: cancelIdleCallback][39m,
      setTimeout: [36m[Function][39m,
      clearTimeout: [36m[Function][39m,
      nextTick: [36m[Function: nextTick][39m,
      queueMicrotask: [36m[Function: queueMicrotask][39m,
      setInterval: [36m[Function][39m,
      clearInterval: [36m[Function][39m,
      setImmediate: [36m[Function][39m,
      clearImmediate: [36m[Function][39m,
      countTimers: [36m[Function: countTimers][39m,
      requestAnimationFrame: [36m[Function][39m,
      cancelAnimationFrame: [36m[Function][39m,
      runMicrotasks: [36m[Function: runMicrotasks][39m,
      tick: [36m[Function: tick][39m,
      tickAsync: [36m[Function: tickAsync][39m,
      next: [36m[Function: next][39m,
      nextAsync: [36m[Function: nextAsync][39m,
      runAll: [36m[Function: runAll][39m,
      runToFrame: [36m[Function: runToFrame][39m,
      runAllAsync: [36m[Function: runAllAsync][39m,
      runToLast: [36m[Function: runToLast][39m,
      runToLastAsync: [36m[Function: runToLastAsync][39m,
      reset: [36m[Function: reset][39m,
      setSystemTime: [36m[Function: setSystemTime][39m,
      jump: [36m[Function: jump][39m,
      performance: [36m[Object: null prototype][39m,
      hrtime: [36m[Function][39m,
      shouldClearNativeTimers: [33mtrue[39m,
      uninstall: [36m[Function (anonymous)][39m,
      abortListenerMap: Map(0) {},
      methods: [36m[Array][39m,
      _setTimeout: [36m[Function][39m,
      _clearTimeout: [36m[Function: clearTimeout][39m,
      _setInterval: [36m[Function: setInterval][39m,
      _clearInterval: [36m[Function: clearInterval][39m,
      _Date: [36m[Function: Date][39m,
      _setImmediate: [36m[Function][39m,
      _clearImmediate: [36m[Function: clearImmediate][39m,
      _hrtime: [36m[Function][39m,
      _performance: [36m[Performance][39m,
      _requestAnimationFrame: [36m[Function: bound ][39m,
      _cancelAnimationFrame: [36m[Function: bound ][39m,
      _Intl: Object [Intl] {}
    }
  },
  setInterval: [Function: setInterval] {
    hadOwnProperty: [33mtrue[39m,
    clock: {
      now: [33m1764681223174[39m,
      Date: [36m[Function][39m,
      loopLimit: [33m10000[39m,
      Intl: [36m[Object][39m,
      requestIdleCallback: [36m[Function: requestIdleCallback][39m,
      cancelIdleCallback: [36m[Function: cancelIdleCallback][39m,
      setTimeout: [36m[Function][39m,
      clearTimeout: [36m[Function][39m,
      nextTick: [36m[Function: nextTick][39m,
      queueMicrotask: [36m[Function: queueMicrotask][39m,
      setInterval: [36m[Function][39m,
      clearInterval: [36m[Function][39m,
      setImmediate: [36m[Function][39m,
      clearImmediate: [36m[Function][39m,
      countTimers: [36m[Function: countTimers][39m,
      requestAnimationFrame: [36m[Function][39m,
      cancelAnimationFrame: [36m[Function][39m,
      runMicrotasks: [36m[Function: runMicrotasks][39m,
      tick: [36m[Function: tick][39m,
      tickAsync: [36m[Function: tickAsync][39m,
      next: [36m[Function: next][39m,
      nextAsync: [36m[Function: nextAsync][39m,
      runAll: [36m[Function: runAll][39m,
      runToFrame: [36m[Function: runToFrame][39m,
      runAllAsync: [36m[Function: runAllAsync][39m,
      runToLast: [36m[Function: runToLast][39m,
      runToLastAsync: [36m[Function: runToLastAsync][39m,
      reset: [36m[Function: reset][39m,
      setSystemTime: [36m[Function: setSystemTime][39m,
      jump: [36m[Function: jump][39m,
      performance: [36m[Object: null prototype][39m,
      hrtime: [36m[Function][39m,
      shouldClearNativeTimers: [33mtrue[39m,
      uninstall: [36m[Function (anonymous)][39m,
      abortListenerMap: Map(0) {},
      methods: [36m[Array][39m,
      _setTimeout: [36m[Function][39m,
      _clearTimeout: [36m[Function: clearTimeout][39m,
      _setInterval: [36m[Function: setInterval][39m,
      _clearInterval: [36m[Function: clearInterval][39m,
      _Date: [36m[Function: Date][39m,
      _setImmediate: [36m[Function][39m,
      _clearImmediate: [36m[Function: clearImmediate][39m,
      _hrtime: [36m[Function][39m,
      _performance: [36m[Performance][39m,
      _requestAnimationFrame: [36m[Function: bound ][39m,
      _cancelAnimationFrame: [36m[Function: bound ][39m,
      _Intl: Object [Intl] {}
    }
  },
  setTimeout: [Function: setTimeout] {
    hadOwnProperty: [33mtrue[39m,
    clock: {
      now: [33m1764681223174[39m,
      Date: [36m[Function][39m,
      loopLimit: [33m10000[39m,
      Intl: [36m[Object][39m,
      requestIdleCallback: [36m[Function: requestIdleCallback][39m,
      cancelIdleCallback: [36m[Function: cancelIdleCallback][39m,
      setTimeout: [36m[Function][39m,
      clearTimeout: [36m[Function][39m,
      nextTick: [36m[Function: nextTick][39m,
      queueMicrotask: [36m[Function: queueMicrotask][39m,
      setInterval: [36m[Function][39m,
      clearInterval: [36m[Function][39m,
      setImmediate: [36m[Function][39m,
      clearImmediate: [36m[Function][39m,
      countTimers: [36m[Function: countTimers][39m,
      requestAnimationFrame: [36m[Function][39m,
      cancelAnimationFrame: [36m[Function][39m,
      runMicrotasks: [36m[Function: runMicrotasks][39m,
      tick: [36m[Function: tick][39m,
      tickAsync: [36m[Function: tickAsync][39m,
      next: [36m[Function: next][39m,
      nextAsync: [36m[Function: nextAsync][39m,
      runAll: [36m[Function: runAll][39m,
      runToFrame: [36m[Function: runToFrame][39m,
      runAllAsync: [36m[Function: runAllAsync][39m,
      runToLast: [36m[Function: runToLast][39m,
      runToLastAsync: [36m[Function: runToLastAsync][39m,
      reset: [36m[Function: reset][39m,
      setSystemTime: [36m[Function: setSystemTime][39m,
      jump: [36m[Function: jump][39m,
      performance: [36m[Object: null prototype][39m,
      hrtime: [36m[Function][39m,
      shouldClearNativeTimers: [33mtrue[39m,
      uninstall: [36m[Function (anonymous)][39m,
      abortListenerMap: Map(0) {},
      methods: [36m[Array][39m,
      _setTimeout: [36m[Function][39m,
      _clearTimeout: [36m[Function: clearTimeout][39m,
      _setInterval: [36m[Function: setInterval][39m,
      _clearInterval: [36m[Function: clearInterval][39m,
      _Date: [36m[Function: Date][39m,
      _setImmediate: [36m[Function][39m,
      _clearImmediate: [36m[Function: clearImmediate][39m,
      _hrtime: [36m[Function][39m,
      _performance: [36m[Performance][39m,
      _requestAnimationFrame: [36m[Function: bound ][39m,
      _cancelAnimationFrame: [36m[Function: bound ][39m,
      _Intl: Object [Intl] {}
    },
    [[32mSymbol(nodejs.util.promisify.custom)[39m]: [36m[Function: promisifiedSetTimeout][39m
  },
  queueMicrotask: [36m[Function: queueMicrotask][39m,
  structuredClone: [36m[Function: structuredClone][39m,
  atob: [36m[Function: atob][39m,
  btoa: [36m[Function: btoa][39m,
  performance: [36m[Getter/Setter][39m,
  fetch: [36m[Function: fetch][39m,
  navigator: [36m[Getter/Setter][39m,
  crypto: [36m[Getter][39m,
  window: [36m[Circular *1][39m,
  self: [36m[Circular *1][39m,
  top: [36m[Circular *1][39m,
  parent: [36m[Circular *1][39m,
  jsdom: JSDOM {
    [[32mSymbol(window)[39m]: [36m<ref *2>[39m Window {
      StyleSheet: [36m[Function: StyleSheet][39m,
      MediaList: [36m[Function: MediaList][39m,
      CSSStyleSheet: [36m[Function: CSSStyleSheet][39m,
      CSSRule: [36m[Function][39m,
      CSSStyleRule: [36m[Function][39m,
      CSSMediaRule: [36m[Function: CSSMediaRule][39m,
      CSSImportRule: [36m[Function: CSSImportRule][39m,
      CSSStyleDeclaration: [36m[class CSSStyleDeclaration][39m,
      XPathException: [36m[Function][39m,
      XPathExpression: [36m[Function: XPathExpression][39m,
      XPathResult: [36m[Function][39m,
      XPathEvaluator: [36m[Function: XPathEvaluator][39m,
      onafterprint: [36m[Getter/Setter][39m,
      onbeforeprint: [36m[Getter/Setter][39m,
      onbeforeunload: [36m[Getter/Setter][39m,
      onhashchange: [36m[Getter/Setter][39m,
      onlanguagechange: [36m[Getter/Setter][39m,
      onmessage: [36m[Getter/Setter][39m,
      onmessageerror: [36m[Getter/Setter][39m,
      onoffline: [36m[Getter/Setter][39m,
      ononline: [36m[Getter/Setter][39m,
      onpagehide: [36m[Getter/Setter][39m,
      onpageshow: [36m[Getter/Setter][39m,
      onpopstate: [36m[Getter/Setter][39m,
      onrejectionhandled: [36m[Getter/Setter][39m,
      onstorage: [36m[Getter/Setter][39m,
      onunhandledrejection: [36m[Getter/Setter][39m,
      onunload: [36m[Getter/Setter][39m,
      onblur: [36m[Getter/Setter][39m,
      onerror: [36m[Getter/Setter][39m,
      onfocus: [36m[Getter/Setter][39m,
      onload: [36m[Getter/Setter][39m,
      onresize: [36m[Getter/Setter][39m,
      onscroll: [36m[Getter/Setter][39m,
      onabort: [36m[Getter/Setter][39m,
      onauxclick: [36m[Getter/Setter][39m,
      onbeforeinput: [36m[Getter/Setter][39m,
      onbeforematch: [36m[Getter/Setter][39m,
      onbeforetoggle: [36m[Getter/Setter][39m,
      oncancel: [36m[Getter/Setter][39m,
      oncanplay: [36m[Getter/Setter][39m,
      oncanplaythrough: [36m[Getter/Setter][39m,
      onchange: [36m[Getter/Setter][39m,
      onclick: [36m[Getter/Setter][39m,
      onclose: [36m[Getter/Setter][39m,
      oncontextlost: [36m[Getter/Setter][39m,
      oncontextmenu: [36m[Getter/Setter][39m,
      oncontextrestored: [36m[Getter/Setter][39m,
      oncopy: [36m[Getter/Setter][39m,
      oncuechange: [36m[Getter/Setter][39m,
      oncut: [36m[Getter/Setter][39m,
      ondblclick: [36m[Getter/Setter][39m,
      ondrag: [36m[Getter/Setter][39m,
      ondragend: [36m[Getter/Setter][39m,
      ondragenter: [36m[Getter/Setter][39m,
      ondragleave: [36m[Getter/Setter][39m,
      ondragover: [36m[Getter/Setter][39m,
      ondragstart: [36m[Getter/Setter][39m,
      ondrop: [36m[Getter/Setter][39m,
      ondurationchange: [36m[Getter/Setter][39m,
      onemptied: [36m[Getter/Setter][39m,
      onended: [36m[Getter/Setter][39m,
      onformdata: [36m[Getter/Setter][39m,
      oninput: [36m[Getter/Setter][39m,
      oninvalid: [36m[Getter/Setter][39m,
      onkeydown: [36m[Getter/Setter][39m,
      onkeypress: [36m[Getter/Setter][39m,
      onkeyup: [36m[Getter/Setter][39m,
      onloadeddata: [36m[Getter/Setter][39m,
      onloadedmetadata: [36m[Getter/Setter][39m,
      onloadstart: [36m[Getter/Setter][39m,
      onmousedown: [36m[Getter/Setter][39m,
      onmouseenter: [36m[Getter/Setter][39m,
      onmouseleave: [36m[Getter/Setter][39m,
      onmousemove: [36m[Getter/Setter][39m,
      onmouseout: [36m[Getter/Setter][39m,
      onmouseover: [36m[Getter/Setter][39m,
      onmouseup: [36m[Getter/Setter][39m,
      onpaste: [36m[Getter/Setter][39m,
      onpause: [36m[Getter/Setter][39m,
      onplay: [36m[Getter/Setter][39m,
      onplaying: [36m[Getter/Setter][39m,
      onprogress: [36m[Getter/Setter][39m,
      onratechange: [36m[Getter/Setter][39m,
      onreset: [36m[Getter/Setter][39m,
      onscrollend: [36m[Getter/Setter][39m,
      onsecuritypolicyviolation: [36m[Getter/Setter][39m,
      onseeked: [36m[Getter/Setter][39m,
      onseeking: [36m[Getter/Setter][39m,
      onselect: [36m[Getter/Setter][39m,
      onslotchange: [36m[Getter/Setter][39m,
      onstalled: [36m[Getter/Setter][39m,
      onsubmit: [36m[Getter/Setter][39m,
      onsuspend: [36m[Getter/Setter][39m,
      ontimeupdate: [36m[Getter/Setter][39m,
      ontoggle: [36m[Getter/Setter][39m,
      onvolumechange: [36m[Getter/Setter][39m,
      onwaiting: [36m[Getter/Setter][39m,
      onwebkitanimationend: [36m[Getter/Setter][39m,
      onwebkitanimationiteration: [36m[Getter/Setter][39m,
      onwebkitanimationstart: [36m[Getter/Setter][39m,
      onwebkittransitionend: [36m[Getter/Setter][39m,
      onwheel: [36m[Getter/Setter][39m,
      ontouchstart: [36m[Getter/Setter][39m,
      ontouchend: [36m[Getter/Setter][39m,
      ontouchmove: [36m[Getter/Setter][39m,
      ontouchcancel: [36m[Getter/Setter][39m,
      _registeredHandlers: Set(0) {},
      _eventHandlers: [Object: null prototype] {},
      onautocomplete: [36m[Getter/Setter][39m,
      onautocompleteerror: [36m[Getter/Setter][39m,
      onsort: [36m[Getter/Setter][39m,
      _globalObject: [36m[Circular *2][39m,
      _resourceLoader: [36m[NoOpResourceLoader][39m,
      _globalProxy: [36m[Object [Window]][39m,
      _document: [36m[Document][39m,
      _origin: [32m'http://localhost:3000'[39m,
      _sessionHistory: [36m[SessionHistory][39m,
      _virtualConsole: [36m[VirtualConsole][39m,
      _runScripts: [32m'dangerously'[39m,
      _top: [36m[Object [Window]][39m,
      _parent: [36m[Object [Window]][39m,
      _frameElement: [1mnull[22m,
      _length: [33m0[39m,
      _currentEvent: [90mundefined[39m,
      _pretendToBeVisual: [33mtrue[39m,
      _storageQuota: [33m5000000[39m,
      _commonForOrigin: [36m[Object][39m,
      _currentOriginData: [36m[Object][39m,
      _localStorage: Storage {},
      _sessionStorage: Storage {},
      _selection: [36m[SelectionImpl][39m,
      getSelection: [36m[Function (anonymous)][39m,
      _customElementRegistry: CustomElementRegistry {},
      length: [36m[Getter/Setter][39m,
      window: [36m[Getter][39m,
      frameElement: [36m[Getter][39m,
      frames: [36m[Getter/Setter][39m,
      self: [36m[Getter/Setter][39m,
      parent: [36m[Getter/Setter][39m,
      top: [36m[Getter][39m,
      document: [36m[Getter][39m,
      external: [36m[Getter/Setter][39m,
      location: [36m[Getter/Setter][39m,
      history: [36m[Getter][39m,
      navigator: [36m[Getter][39m,
      locationbar: [36m[Getter/Setter][39m,
      menubar: [36m[Getter/Setter][39m,
      personalbar: [36m[Getter/Setter][39m,
      scrollbars: [36m[Getter/Setter][39m,
      statusbar: [36m[Getter/Setter][39m,
      toolbar: [36m[Getter/Setter][39m,
      performance: [36m[Getter][39m,
      screen: [36m[Getter/Setter][39m,
      crypto: [36m[Getter][39m,
      origin: [36m[Getter/Setter][39m,
      localStorage: [36m[Getter][39m,
      sessionStorage: [36m[Getter][39m,
      customElements: [36m[Getter][39m,
      event: [36m[Getter/Setter][39m,
      setTimeout: [36m[Function (anonymous)][39m,
      setInterval: [36m[Function (anonymous)][39m,
      clearTimeout: [36m[Function (anonymous)][39m,
      clearInterval: [36m[Function (anonymous)][39m,
      queueMicrotask: [36m[Function (anonymous)][39m,
      requestAnimationFrame: [36m[Function (anonymous)][39m,
      cancelAnimationFrame: [36m[Function (anonymous)][39m,
      postMessage: [36m[Function (anonymous)][39m,
      atob: [36m[Function (anonymous)][39m,
      btoa: [36m[Function (anonymous)][39m,
      stop: [36m[Function (anonymous)][39m,
      close: [36m[Function (anonymous)][39m,
      getComputedStyle: [36m[Function (anonymous)][39m,
      captureEvents: [36m[Function (anonymous)][39m,
      releaseEvents: [36m[Function (anonymous)][39m,
      console: [36m[Object][39m,
      name: [32m''[39m,
      status: [32m''[39m,
      devicePixelRatio: [33m1[39m,
      innerWidth: [33m1024[39m,
      innerHeight: [33m768[39m,
      outerWidth: [33m1024[39m,
      outerHeight: [33m768[39m,
      pageXOffset: [33m0[39m,
      pageYOffset: [33m0[39m,
      screenX: [33m0[39m,
      screenLeft: [33m0[39m,
      screenY: [33m0[39m,
      screenTop: [33m0[39m,
      scrollX: [33m0[39m,
      scrollY: [33m0[39m,
      alert: [36m[Function (anonymous)][39m,
      blur: [36m[Function (anonymous)][39m,
      confirm: [36m[Function (anonymous)][39m,
      focus: [36m[Function (anonymous)][39m,
      moveBy: [36m[Function (anonymous)][39m,
      moveTo: [36m[Function (anonymous)][39m,
      open: [36m[Function (anonymous)][39m,
      print: [36m[Function (anonymous)][39m,
      prompt: [36m[Function (anonymous)][39m,
      resizeBy: [36m[Function (anonymous)][39m,
      resizeTo: [36m[Function (anonymous)][39m,
      scroll: [36m[Function (anonymous)][39m,
      scrollBy: [36m[Function (anonymous)][39m,
      scrollTo: [36m[Function (anonymous)][39m,
      [32m'test-container'[39m: [36m[Getter/Setter][39m,
      [32m'tutorial-target'[39m: [36m[Getter/Setter][39m,
      [[32mSymbol([webidl2js] constructor registry)[39m]: [36m[Object: null prototype][39m,
      [[32mSymbol(named property tracker)[39m]: [36m[NamedPropertiesTracker][39m
    }
  },
  suite: [Function: chain] {
    each: [36m[Function (anonymous)][39m,
    for: [36m[Function (anonymous)][39m,
    skipIf: [36m[Function (anonymous)][39m,
    runIf: [36m[Function (anonymous)][39m,
    withContext: [36m[Function (anonymous)][39m,
    setContext: [36m[Function (anonymous)][39m,
    mergeContext: [36m[Function (anonymous)][39m,
    fn: [Function: suiteFn] {
      each: [36m[Function (anonymous)][39m,
      for: [36m[Function (anonymous)][39m,
      skipIf: [36m[Function (anonymous)][39m,
      runIf: [36m[Function (anonymous)][39m
    }
  },
  test: [Function: chain] {
    each: [36m[Function (anonymous)][39m,
    for: [36m[Function (anonymous)][39m,
    skipIf: [36m[Function (anonymous)][39m,
    runIf: [36m[Function (anonymous)][39m,
    scoped: [36m[Function (anonymous)][39m,
    extend: [36m[Function (anonymous)][39m,
    beforeEach: [36m[Function: beforeEach][39m,
    afterEach: [36m[Function: afterEach][39m,
    beforeAll: [36m[Function: beforeAll][39m,
    afterAll: [36m[Function: afterAll][39m,
    withContext: [36m[Function (anonymous)][39m,
    setContext: [36m[Function (anonymous)][39m,
    mergeContext: [36m[Function (anonymous)][39m,
    fn: [Function (anonymous)] {
      each: [36m[Function (anonymous)][39m,
      for: [36m[Function (anonymous)][39m,
      skipIf: [36m[Function (anonymous)][39m,
      runIf: [36m[Function (anonymous)][39m,
      scoped: [36m[Function (anonymous)][39m,
      extend: [36m[Function (anonymous)][39m,
      beforeEach: [36m[Function: beforeEach][39m,
      afterEach: [36m[Function: afterEach][39m,
      beforeAll: [36m[Function: beforeAll][39m,
      afterAll: [36m[Function: afterAll][39m
    }
  },
  describe: [Function: chain] {
    each: [36m[Function (anonymous)][39m,
    for: [36m[Function (anonymous)][39m,
    skipIf: [36m[Function (anonymous)][39m,
    runIf: [36m[Function (anonymous)][39m,
    withContext: [36m[Function (anonymous)][39m,
    setContext: [36m[Function (anonymous)][39m,
    mergeContext: [36m[Function (anonymous)][39m,
    fn: [Function: suiteFn] {
      each: [36m[Function (anonymous)][39m,
      for: [36m[Function (anonymous)][39m,
      skipIf: [36m[Function (anonymous)][39m,
      runIf: [36m[Function (anonymous)][39m
    }
  },
  it: [Function: chain] {
    each: [36m[Function (anonymous)][39m,
    for: [36m[Function (anonymous)][39m,
    skipIf: [36m[Function (anonymous)][39m,
    runIf: [36m[Function (anonymous)][39m,
    scoped: [36m[Function (anonymous)][39m,
    extend: [36m[Function (anonymous)][39m,
    beforeEach: [36m[Function: beforeEach][39m,
    afterEach: [36m[Function: afterEach][39m,
    beforeAll: [36m[Function: beforeAll][39m,
    afterAll: [36m[Function: afterAll][39m,
    withContext: [36m[Function (anonymous)][39m,
    setContext: [36m[Function (anonymous)][39m,
    mergeContext: [36m[Function (anonymous)][39m,
    fn: [Function (anonymous)] {
      each: [36m[Function (anonymous)][39m,
      for: [36m[Function (anonymous)][39m,
      skipIf: [36m[Function (anonymous)][39m,
      runIf: [36m[Function (anonymous)][39m,
      scoped: [36m[Function (anonymous)][39m,
      extend: [36m[Function (anonymous)][39m,
      beforeEach: [36m[Function: beforeEach][39m,
      afterEach: [36m[Function: afterEach][39m,
      beforeAll: [36m[Function: beforeAll][39m,
      afterAll: [36m[Function: afterAll][39m
    }
  },
  chai: [Module: null prototype] {
    Assertion: [36m[class Assertion][39m,
    AssertionError: [36m[class AssertionError extends Error][39m,
    Should: [36m[Function: loadShould][39m,
    assert: [Function: assert] {
      fail: [36m[Function (anonymous)][39m,
      isOk: [36m[Function (anonymous)][39m,
      isNotOk: [36m[Function (anonymous)][39m,
      equal: [36m[Function (anonymous)][39m,
      notEqual: [36m[Function (anonymous)][39m,
      strictEqual: [36m[Function (anonymous)][39m,
      notStrictEqual: [36m[Function (anonymous)][39m,
      deepStrictEqual: [36m[Function (anonymous)][39m,
      deepEqual: [36m[Function (anonymous)][39m,
      notDeepEqual: [36m[Function (anonymous)][39m,
      isAbove: [36m[Function (anonymous)][39m,
      isAtLeast: [36m[Function (anonymous)][39m,
      isBelow: [36m[Function (anonymous)][39m,
      isAtMost: [36m[Function (anonymous)][39m,
      isTrue: [36m[Function (anonymous)][39m,
      isNotTrue: [36m[Function (anonymous)][39m,
      isFalse: [36m[Function (anonymous)][39m,
      isNotFalse: [36m[Function (anonymous)][39m,
      isNull: [36m[Function (anonymous)][39m,
      isNotNull: [36m[Function (anonymous)][39m,
      isNaN: [36m[Function (anonymous)][39m,
      isNotNaN: [36m[Function (anonymous)][39m,
      exists: [36m[Function (anonymous)][39m,
      notExists: [36m[Function (anonymous)][39m,
      isUndefined: [36m[Function (anonymous)][39m,
      isDefined: [36m[Function (anonymous)][39m,
      isCallable: [36m[Function (anonymous)][39m,
      isNotCallable: [36m[Function (anonymous)][39m,
      isObject: [36m[Function (anonymous)][39m,
      isNotObject: [36m[Function (anonymous)][39m,
      isArray: [36m[Function (anonymous)][39m,
      isNotArray: [36m[Function (anonymous)][39m,
      isString: [36m[Function (anonymous)][39m,
      isNotString: [36m[Function (anonymous)][39m,
      isNumber: [36m[Function (anonymous)][39m,
      isNotNumber: [36m[Function (anonymous)][39m,
      isNumeric: [36m[Function (anonymous)][39m,
      isNotNumeric: [36m[Function (anonymous)][39m,
      isFinite: [36m[Function (anonymous)][39m,
      isBoolean: [36m[Function (anonymous)][39m,
      isNotBoolean: [36m[Function (anonymous)][39m,
      typeOf: [36m[Function (anonymous)][39m,
      notTypeOf: [36m[Function (anonymous)][39m,
      instanceOf: [36m[Function (anonymous)][39m,
      notInstanceOf: [36m[Function (anonymous)][39m,
      include: [36m[Function (anonymous)][39m,
      notInclude: [36m[Function (anonymous)][39m,
      deepInclude: [36m[Function (anonymous)][39m,
      notDeepInclude: [36m[Function (anonymous)][39m,
      nestedInclude: [36m[Function (anonymous)][39m,
      notNestedInclude: [36m[Function (anonymous)][39m,
      deepNestedInclude: [36m[Function (anonymous)][39m,
      notDeepNestedInclude: [36m[Function (anonymous)][39m,
      ownInclude: [36m[Function (anonymous)][39m,
      notOwnInclude: [36m[Function (anonymous)][39m,
      deepOwnInclude: [36m[Function (anonymous)][39m,
      notDeepOwnInclude: [36m[Function (anonymous)][39m,
      match: [36m[Function (anonymous)][39m,
      notMatch: [36m[Function (anonymous)][39m,
      property: [36m[Function (anonymous)][39m,
      notProperty: [36m[Function (anonymous)][39m,
      propertyVal: [36m[Function (anonymous)][39m,
      notPropertyVal: [36m[Function (anonymous)][39m,
      deepPropertyVal: [36m[Function (anonymous)][39m,
      notDeepPropertyVal: [36m[Function (anonymous)][39m,
      ownProperty: [36m[Function (anonymous)][39m,
      notOwnProperty: [36m[Function (anonymous)][39m,
      ownPropertyVal: [36m[Function (anonymous)][39m,
      notOwnPropertyVal: [36m[Function (anonymous)][39m,
      deepOwnPropertyVal: [36m[Function (anonymous)][39m,
      notDeepOwnPropertyVal: [36m[Function (anonymous)][39m,
      nestedProperty: [36m[Function (anonymous)][39m,
      notNestedProperty: [36m[Function (anonymous)][39m,
      nestedPropertyVal: [36m[Function (anonymous)][39m,
      notNestedPropertyVal: [36m[Function (anonymous)][39m,
      deepNestedPropertyVal: [36m[Function (anonymous)][39m,
      notDeepNestedPropertyVal: [36m[Function (anonymous)][39m,
      lengthOf: [36m[Function (anonymous)][39m,
      hasAnyKeys: [36m[Function (anonymous)][39m,
      hasAllKeys: [36m[Function (anonymous)][39m,
      containsAllKeys: [36m[Function (anonymous)][39m,
      doesNotHaveAnyKeys: [36m[Function (anonymous)][39m,
      doesNotHaveAllKeys: [36m[Function (anonymous)][39m,
      hasAnyDeepKeys: [36m[Function (anonymous)][39m,
      hasAllDeepKeys: [36m[Function (anonymous)][39m,
      containsAllDeepKeys: [36m[Function (anonymous)][39m,
      doesNotHaveAnyDeepKeys: [36m[Function (anonymous)][39m,
      doesNotHaveAllDeepKeys: [36m[Function (anonymous)][39m,
      throws: [36m[Function (anonymous)][39m,
      doesNotThrow: [36m[Function (anonymous)][39m,
      operator: [36m[Function (anonymous)][39m,
      closeTo: [36m[Function (anonymous)][39m,
      approximately: [36m[Function (anonymous)][39m,
      sameMembers: [36m[Function (anonymous)][39m,
      notSameMembers: [36m[Function (anonymous)][39m,
      sameDeepMembers: [36m[Function (anonymous)][39m,
      notSameDeepMembers: [36m[Function (anonymous)][39m,
      sameOrderedMembers: [36m[Function (anonymous)][39m,
      notSameOrderedMembers: [36m[Function (anonymous)][39m,
      sameDeepOrderedMembers: [36m[Function (anonymous)][39m,
      notSameDeepOrderedMembers: [36m[Function (anonymous)][39m,
      includeMembers: [36m[Function (anonymous)][39m,
      notIncludeMembers: [36m[Function (anonymous)][39m,
      includeDeepMembers: [36m[Function (anonymous)][39m,
      notIncludeDeepMembers: [36m[Function (anonymous)][39m,
      includeOrderedMembers: [36m[Function (anonymous)][39m,
      notIncludeOrderedMembers: [36m[Function (anonymous)][39m,
      includeDeepOrderedMembers: [36m[Function (anonymous)][39m,
      notIncludeDeepOrderedMembers: [36m[Function (anonymous)][39m,
      oneOf: [36m[Function (anonymous)][39m,
      isIterable: [36m[Function (anonymous)][39m,
      changes: [36m[Function (anonymous)][39m,
      changesBy: [36m[Function (anonymous)][39m,
      doesNotChange: [36m[Function (anonymous)][39m,
      changesButNotBy: [36m[Function (anonymous)][39m,
      increases: [36m[Function (anonymous)][39m,
      increasesBy: [36m[Function (anonymous)][39m,
      doesNotIncrease: [36m[Function (anonymous)][39m,
      increasesButNotBy: [36m[Function (anonymous)][39m,
      decreases: [36m[Function (anonymous)][39m,
      decreasesBy: [36m[Function (anonymous)][39m,
      doesNotDecrease: [36m[Function (anonymous)][39m,
      doesNotDecreaseBy: [36m[Function (anonymous)][39m,
      decreasesButNotBy: [36m[Function (anonymous)][39m,
      ifError: [36m[Function (anonymous)][39m,
      isExtensible: [36m[Function (anonymous)][39m,
      isNotExtensible: [36m[Function (anonymous)][39m,
      isSealed: [36m[Function (anonymous)][39m,
      isNotSealed: [36m[Function (anonymous)][39m,
      isFrozen: [36m[Function (anonymous)][39m,
      isNotFrozen: [36m[Function (anonymous)][39m,
      isEmpty: [36m[Function (anonymous)][39m,
      isNotEmpty: [36m[Function (anonymous)][39m,
      containsSubset: [36m[Function (anonymous)][39m,
      doesNotContainSubset: [36m[Function (anonymous)][39m,
      ok: [36m[Function (anonymous)][39m,
      notOk: [36m[Function (anonymous)][39m,
      throw: [36m[Function (anonymous)][39m,
      Throw: [36m[Function (anonymous)][39m,
      extensible: [36m[Function (anonymous)][39m,
      notExtensible: [36m[Function (anonymous)][39m,
      sealed: [36m[Function (anonymous)][39m,
      notSealed: [36m[Function (anonymous)][39m,
      frozen: [36m[Function (anonymous)][39m,
      notFrozen: [36m[Function (anonymous)][39m,
      empty: [36m[Function (anonymous)][39m,
      notEmpty: [36m[Function (anonymous)][39m,
      isFunction: [36m[Function (anonymous)][39m,
      isNotFunction: [36m[Function (anonymous)][39m,
      containSubset: [36m[Function (anonymous)][39m
    },
    config: {
      includeStack: [33mfalse[39m,
      showDiff: [33mtrue[39m,
      truncateThreshold: [33m40[39m,
      useProxy: [33mtrue[39m,
      proxyExcludedKeys: [36m[Array][39m,
      deepEqual: [1mnull[22m
    },
    expect: [Function: expect] {
      fail: [36m[Function (anonymous)][39m,
      extend: [36m[Function: methodWrapper][39m,
      addSnapshotSerializer: [36m[Function: methodWrapper][39m,
      anything: [36m[Function: methodWrapper][39m,
      any: [36m[Function: methodWrapper][39m,
      stringContaining: [36m[Function: methodWrapper][39m,
      objectContaining: [36m[Function: methodWrapper][39m,
      arrayContaining: [36m[Function: methodWrapper][39m,
      stringMatching: [36m[Function: methodWrapper][39m,
      closeTo: [36m[Function: methodWrapper][39m,
      schemaMatching: [36m[Function: methodWrapper][39m,
      not: [36m[Object][39m,
      __flags: [36m[Object: null prototype][39m
    },
    should: [36m[Function: loadShould][39m,
    use: [36m[Function: use][39m,
    util: {
      addChainableMethod: [36m[Getter][39m,
      addLengthGuard: [36m[Getter][39m,
      addMethod: [36m[Getter][39m,
      addProperty: [36m[Getter][39m,
      checkError: [36m[Getter][39m,
      compareByInspect: [36m[Getter][39m,
      eql: [36m[Getter][39m,
      events: [36m[Getter][39m,
      expectTypes: [36m[Getter][39m,
      flag: [36m[Getter][39m,
      getActual: [36m[Getter][39m,
      getMessage: [36m[Getter][39m,
      getName: [36m[Getter][39m,
      getOperator: [36m[Getter][39m,
      getOwnEnumerableProperties: [36m[Getter][39m,
      getOwnEnumerablePropertySymbols: [36m[Getter][39m,
      getPathInfo: [36m[Getter][39m,
      hasProperty: [36m[Getter][39m,
      inspect: [36m[Getter][39m,
      isNaN: [36m[Getter][39m,
      isNumeric: [36m[Getter][39m,
      isProxyEnabled: [36m[Getter][39m,
      isRegExp: [36m[Getter][39m,
      objDisplay: [36m[Getter][39m,
      overwriteChainableMethod: [36m[Getter][39m,
      overwriteMethod: [36m[Getter][39m,
      overwriteProperty: [36m[Getter][39m,
      proxify: [36m[Getter][39m,
      test: [36m[Getter][39m,
      transferFlags: [36m[Getter][39m,
      type: [36m[Getter][39m
    }
  },
  expect: [Function: expect] {
    fail: [36m[Function (anonymous)][39m,
    extend: [36m[Function (anonymous)][39m,
    addSnapshotSerializer: [36m[Function: methodWrapper][39m,
    anything: [36m[Function: methodWrapper][39m,
    any: [36m[Function: methodWrapper][39m,
    stringContaining: [36m[Function: methodWrapper][39m,
    objectContaining: [36m[Function: methodWrapper][39m,
    arrayContaining: [36m[Function: methodWrapper][39m,
    stringMatching: [36m[Function: methodWrapper][39m,
    closeTo: [36m[Function: methodWrapper][39m,
    schemaMatching: [36m[Function: methodWrapper][39m,
    not: {
      stringContaining: [36m[Function: stringContaining][39m,
      objectContaining: [36m[Function: objectContaining][39m,
      arrayContaining: [36m[Function: arrayContaining][39m,
      stringMatching: [36m[Function: stringMatching][39m,
      closeTo: [36m[Function: closeTo][39m,
      schemaMatching: [36m[Function: schemaMatching][39m,
      toSatisfy: [36m[Function: value][39m,
      toBeOneOf: [36m[Function: value][39m
    },
    getState: [36m[Function (anonymous)][39m,
    setState: [36m[Function (anonymous)][39m,
    assert: [Function: assert] {
      fail: [36m[Function (anonymous)][39m,
      isOk: [36m[Function (anonymous)][39m,
      isNotOk: [36m[Function (anonymous)][39m,
      equal: [36m[Function (anonymous)][39m,
      notEqual: [36m[Function (anonymous)][39m,
      strictEqual: [36m[Function (anonymous)][39m,
      notStrictEqual: [36m[Function (anonymous)][39m,
      deepStrictEqual: [36m[Function (anonymous)][39m,
      deepEqual: [36m[Function (anonymous)][39m,
      notDeepEqual: [36m[Function (anonymous)][39m,
      isAbove: [36m[Function (anonymous)][39m,
      isAtLeast: [36m[Function (anonymous)][39m,
      isBelow: [36m[Function (anonymous)][39m,
      isAtMost: [36m[Function (anonymous)][39m,
      isTrue: [36m[Function (anonymous)][39m,
      isNotTrue: [36m[Function (anonymous)][39m,
      isFalse: [36m[Function (anonymous)][39m,
      isNotFalse: [36m[Function (anonymous)][39m,
      isNull: [36m[Function (anonymous)][39m,
      isNotNull: [36m[Function (anonymous)][39m,
      isNaN: [36m[Function (anonymous)][39m,
      isNotNaN: [36m[Function (anonymous)][39m,
      exists: [36m[Function (anonymous)][39m,
      notExists: [36m[Function (anonymous)][39m,
      isUndefined: [36m[Function (anonymous)][39m,
      isDefined: [36m[Function (anonymous)][39m,
      isCallable: [36m[Function (anonymous)][39m,
      isNotCallable: [36m[Function (anonymous)][39m,
      isObject: [36m[Function (anonymous)][39m,
      isNotObject: [36m[Function (anonymous)][39m,
      isArray: [36m[Function (anonymous)][39m,
      isNotArray: [36m[Function (anonymous)][39m,
      isString: [36m[Function (anonymous)][39m,
      isNotString: [36m[Function (anonymous)][39m,
      isNumber: [36m[Function (anonymous)][39m,
      isNotNumber: [36m[Function (anonymous)][39m,
      isNumeric: [36m[Function (anonymous)][39m,
      isNotNumeric: [36m[Function (anonymous)][39m,
      isFinite: [36m[Function (anonymous)][39m,
      isBoolean: [36m[Function (anonymous)][39m,
      isNotBoolean: [36m[Function (anonymous)][39m,
      typeOf: [36m[Function (anonymous)][39m,
      notTypeOf: [36m[Function (anonymous)][39m,
      instanceOf: [36m[Function (anonymous)][39m,
      notInstanceOf: [36m[Function (anonymous)][39m,
      include: [36m[Function (anonymous)][39m,
      notInclude: [36m[Function (anonymous)][39m,
      deepInclude: [36m[Function (anonymous)][39m,
      notDeepInclude: [36m[Function (anonymous)][39m,
      nestedInclude: [36m[Function (anonymous)][39m,
      notNestedInclude: [36m[Function (anonymous)][39m,
      deepNestedInclude: [36m[Function (anonymous)][39m,
      notDeepNestedInclude: [36m[Function (anonymous)][39m,
      ownInclude: [36m[Function (anonymous)][39m,
      notOwnInclude: [36m[Function (anonymous)][39m,
      deepOwnInclude: [36m[Function (anonymous)][39m,
      notDeepOwnInclude: [36m[Function (anonymous)][39m,
      match: [36m[Function (anonymous)][39m,
      notMatch: [36m[Function (anonymous)][39m,
      property: [36m[Function (anonymous)][39m,
      notProperty: [36m[Function (anonymous)][39m,
      propertyVal: [36m[Function (anonymous)][39m,
      notPropertyVal: [36m[Function (anonymous)][39m,
      deepPropertyVal: [36m[Function (anonymous)][39m,
      notDeepPropertyVal: [36m[Function (anonymous)][39m,
      ownProperty: [36m[Function (anonymous)][39m,
      notOwnProperty: [36m[Function (anonymous)][39m,
      ownPropertyVal: [36m[Function (anonymous)][39m,
      notOwnPropertyVal: [36m[Function (anonymous)][39m,
      deepOwnPropertyVal: [36m[Function (anonymous)][39m,
      notDeepOwnPropertyVal: [36m[Function (anonymous)][39m,
      nestedProperty: [36m[Function (anonymous)][39m,
      notNestedProperty: [36m[Function (anonymous)][39m,
      nestedPropertyVal: [36m[Function (anonymous)][39m,
      notNestedPropertyVal: [36m[Function (anonymous)][39m,
      deepNestedPropertyVal: [36m[Function (anonymous)][39m,
      notDeepNestedPropertyVal: [36m[Function (anonymous)][39m,
      lengthOf: [36m[Function (anonymous)][39m,
      hasAnyKeys: [36m[Function (anonymous)][39m,
      hasAllKeys: [36m[Function (anonymous)][39m,
      containsAllKeys: [36m[Function (anonymous)][39m,
      doesNotHaveAnyKeys: [36m[Function (anonymous)][39m,
      doesNotHaveAllKeys: [36m[Function (anonymous)][39m,
      hasAnyDeepKeys: [36m[Function (anonymous)][39m,
      hasAllDeepKeys: [36m[Function (anonymous)][39m,
      containsAllDeepKeys: [36m[Function (anonymous)][39m,
      doesNotHaveAnyDeepKeys: [36m[Function (anonymous)][39m,
      doesNotHaveAllDeepKeys: [36m[Function (anonymous)][39m,
      throws: [36m[Function (anonymous)][39m,
      doesNotThrow: [36m[Function (anonymous)][39m,
      operator: [36m[Function (anonymous)][39m,
      closeTo: [36m[Function (anonymous)][39m,
      approximately: [36m[Function (anonymous)][39m,
      sameMembers: [36m[Function (anonymous)][39m,
      notSameMembers: [36m[Function (anonymous)][39m,
      sameDeepMembers: [36m[Function (anonymous)][39m,
      notSameDeepMembers: [36m[Function (anonymous)][39m,
      sameOrderedMembers: [36m[Function (anonymous)][39m,
      notSameOrderedMembers: [36m[Function (anonymous)][39m,
      sameDeepOrderedMembers: [36m[Function (anonymous)][39m,
      notSameDeepOrderedMembers: [36m[Function (anonymous)][39m,
      includeMembers: [36m[Function (anonymous)][39m,
      notIncludeMembers: [36m[Function (anonymous)][39m,
      includeDeepMembers: [36m[Function (anonymous)][39m,
      notIncludeDeepMembers: [36m[Function (anonymous)][39m,
      includeOrderedMembers: [36m[Function (anonymous)][39m,
      notIncludeOrderedMembers: [36m[Function (anonymous)][39m,
      includeDeepOrderedMembers: [36m[Function (anonymous)][39m,
      notIncludeDeepOrderedMembers: [36m[Function (anonymous)][39m,
      oneOf: [36m[Function (anonymous)][39m,
      isIterable: [36m[Function (anonymous)][39m,
      changes: [36m[Function (anonymous)][39m,
      changesBy: [36m[Function (anonymous)][39m,
      doesNotChange: [36m[Function (anonymous)][39m,
      changesButNotBy: [36m[Function (anonymous)][39m,
      increases: [36m[Function (anonymous)][39m,
      increasesBy: [36m[Function (anonymous)][39m,
      doesNotIncrease: [36m[Function (anonymous)][39m,
      increasesButNotBy: [36m[Function (anonymous)][39m,
      decreases: [36m[Function (anonymous)][39m,
      decreasesBy: [36m[Function (anonymous)][39m,
      doesNotDecrease: [36m[Function (anonymous)][39m,
      doesNotDecreaseBy: [36m[Function (anonymous)][39m,
      decreasesButNotBy: [36m[Function (anonymous)][39m,
      ifError: [36m[Function (anonymous)][39m,
      isExtensible: [36m[Function (anonymous)][39m,
      isNotExtensible: [36m[Function (anonymous)][39m,
      isSealed: [36m[Function (anonymous)][39m,
      isNotSealed: [36m[Function (anonymous)][39m,
      isFrozen: [36m[Function (anonymous)][39m,
      isNotFrozen: [36m[Function (anonymous)][39m,
      isEmpty: [36m[Function (anonymous)][39m,
      isNotEmpty: [36m[Function (anonymous)][39m,
      containsSubset: [36m[Function (anonymous)][39m,
      doesNotContainSubset: [36m[Function (anonymous)][39m,
      ok: [36m[Function (anonymous)][39m,
      notOk: [36m[Function (anonymous)][39m,
      throw: [36m[Function (anonymous)][39m,
      Throw: [36m[Function (anonymous)][39m,
      extensible: [36m[Function (anonymous)][39m,
      notExtensible: [36m[Function (anonymous)][39m,
      sealed: [36m[Function (anonymous)][39m,
      notSealed: [36m[Function (anonymous)][39m,
      frozen: [36m[Function (anonymous)][39m,
      notFrozen: [36m[Function (anonymous)][39m,
      empty: [36m[Function (anonymous)][39m,
      notEmpty: [36m[Function (anonymous)][39m,
      isFunction: [36m[Function (anonymous)][39m,
      isNotFunction: [36m[Function (anonymous)][39m,
      containSubset: [36m[Function (anonymous)][39m
    },
    addEqualityTesters: [36m[Function (anonymous)][39m,
    soft: [36m[Function (anonymous)][39m,
    poll: [36m[Function: poll][39m,
    unreachable: [36m[Function (anonymous)][39m,
    assertions: [36m[Function: methodWrapper][39m,
    hasAssertions: [36m[Function: methodWrapper][39m,
    toSatisfy: [36m[Function: customMatcher][39m,
    toBeOneOf: [36m[Function: customMatcher][39m
  },
  assert: [Function: assert] {
    fail: [36m[Function (anonymous)][39m,
    isOk: [36m[Function (anonymous)][39m,
    isNotOk: [36m[Function (anonymous)][39m,
    equal: [36m[Function (anonymous)][39m,
    notEqual: [36m[Function (anonymous)][39m,
    strictEqual: [36m[Function (anonymous)][39m,
    notStrictEqual: [36m[Function (anonymous)][39m,
    deepStrictEqual: [36m[Function (anonymous)][39m,
    deepEqual: [36m[Function (anonymous)][39m,
    notDeepEqual: [36m[Function (anonymous)][39m,
    isAbove: [36m[Function (anonymous)][39m,
    isAtLeast: [36m[Function (anonymous)][39m,
    isBelow: [36m[Function (anonymous)][39m,
    isAtMost: [36m[Function (anonymous)][39m,
    isTrue: [36m[Function (anonymous)][39m,
    isNotTrue: [36m[Function (anonymous)][39m,
    isFalse: [36m[Function (anonymous)][39m,
    isNotFalse: [36m[Function (anonymous)][39m,
    isNull: [36m[Function (anonymous)][39m,
    isNotNull: [36m[Function (anonymous)][39m,
    isNaN: [36m[Function (anonymous)][39m,
    isNotNaN: [36m[Function (anonymous)][39m,
    exists: [36m[Function (anonymous)][39m,
    notExists: [36m[Function (anonymous)][39m,
    isUndefined: [36m[Function (anonymous)][39m,
    isDefined: [36m[Function (anonymous)][39m,
    isCallable: [36m[Function (anonymous)][39m,
    isNotCallable: [36m[Function (anonymous)][39m,
    isObject: [36m[Function (anonymous)][39m,
    isNotObject: [36m[Function (anonymous)][39m,
    isArray: [36m[Function (anonymous)][39m,
    isNotArray: [36m[Function (anonymous)][39m,
    isString: [36m[Function (anonymous)][39m,
    isNotString: [36m[Function (anonymous)][39m,
    isNumber: [36m[Function (anonymous)][39m,
    isNotNumber: [36m[Function (anonymous)][39m,
    isNumeric: [36m[Function (anonymous)][39m,
    isNotNumeric: [36m[Function (anonymous)][39m,
    isFinite: [36m[Function (anonymous)][39m,
    isBoolean: [36m[Function (anonymous)][39m,
    isNotBoolean: [36m[Function (anonymous)][39m,
    typeOf: [36m[Function (anonymous)][39m,
    notTypeOf: [36m[Function (anonymous)][39m,
    instanceOf: [36m[Function (anonymous)][39m,
    notInstanceOf: [36m[Function (anonymous)][39m,
    include: [36m[Function (anonymous)][39m,
    notInclude: [36m[Function (anonymous)][39m,
    deepInclude: [36m[Function (anonymous)][39m,
    notDeepInclude: [36m[Function (anonymous)][39m,
    nestedInclude: [36m[Function (anonymous)][39m,
    notNestedInclude: [36m[Function (anonymous)][39m,
    deepNestedInclude: [36m[Function (anonymous)][39m,
    notDeepNestedInclude: [36m[Function (anonymous)][39m,
    ownInclude: [36m[Function (anonymous)][39m,
    notOwnInclude: [36m[Function (anonymous)][39m,
    deepOwnInclude: [36m[Function (anonymous)][39m,
    notDeepOwnInclude: [36m[Function (anonymous)][39m,
    match: [36m[Function (anonymous)][39m,
    notMatch: [36m[Function (anonymous)][39m,
    property: [36m[Function (anonymous)][39m,
    notProperty: [36m[Function (anonymous)][39m,
    propertyVal: [36m[Function (anonymous)][39m,
    notPropertyVal: [36m[Function (anonymous)][39m,
    deepPropertyVal: [36m[Function (anonymous)][39m,
    notDeepPropertyVal: [36m[Function (anonymous)][39m,
    ownProperty: [36m[Function (anonymous)][39m,
    notOwnProperty: [36m[Function (anonymous)][39m,
    ownPropertyVal: [36m[Function (anonymous)][39m,
    notOwnPropertyVal: [36m[Function (anonymous)][39m,
    deepOwnPropertyVal: [36m[Function (anonymous)][39m,
    notDeepOwnPropertyVal: [36m[Function (anonymous)][39m,
    nestedProperty: [36m[Function (anonymous)][39m,
    notNestedProperty: [36m[Function (anonymous)][39m,
    nestedPropertyVal: [36m[Function (anonymous)][39m,
    notNestedPropertyVal: [36m[Function (anonymous)][39m,
    deepNestedPropertyVal: [36m[Function (anonymous)][39m,
    notDeepNestedPropertyVal: [36m[Function (anonymous)][39m,
    lengthOf: [36m[Function (anonymous)][39m,
    hasAnyKeys: [36m[Function (anonymous)][39m,
    hasAllKeys: [36m[Function (anonymous)][39m,
    containsAllKeys: [36m[Function (anonymous)][39m,
    doesNotHaveAnyKeys: [36m[Function (anonymous)][39m,
    doesNotHaveAllKeys: [36m[Function (anonymous)][39m,
    hasAnyDeepKeys: [36m[Function (anonymous)][39m,
    hasAllDeepKeys: [36m[Function (anonymous)][39m,
    containsAllDeepKeys: [36m[Function (anonymous)][39m,
    doesNotHaveAnyDeepKeys: [36m[Function (anonymous)][39m,
    doesNotHaveAllDeepKeys: [36m[Function (anonymous)][39m,
    throws: [36m[Function (anonymous)][39m,
    doesNotThrow: [36m[Function (anonymous)][39m,
    operator: [36m[Function (anonymous)][39m,
    closeTo: [36m[Function (anonymous)][39m,
    approximately: [36m[Function (anonymous)][39m,
    sameMembers: [36m[Function (anonymous)][39m,
    notSameMembers: [36m[Function (anonymous)][39m,
    sameDeepMembers: [36m[Function (anonymous)][39m,
    notSameDeepMembers: [36m[Function (anonymous)][39m,
    sameOrderedMembers: [36m[Function (anonymous)][39m,
    notSameOrderedMembers: [36m[Function (anonymous)][39m,
    sameDeepOrderedMembers: [36m[Function (anonymous)][39m,
    notSameDeepOrderedMembers: [36m[Function (anonymous)][39m,
    includeMembers: [36m[Function (anonymous)][39m,
    notIncludeMembers: [36m[Function (anonymous)][39m,
    includeDeepMembers: [36m[Function (anonymous)][39m,
    notIncludeDeepMembers: [36m[Function (anonymous)][39m,
    includeOrderedMembers: [36m[Function (anonymous)][39m,
    notIncludeOrderedMembers: [36m[Function (anonymous)][39m,
    includeDeepOrderedMembers: [36m[Function (anonymous)][39m,
    notIncludeDeepOrderedMembers: [36m[Function (anonymous)][39m,
    oneOf: [36m[Function (anonymous)][39m,
    isIterable: [36m[Function (anonymous)][39m,
    changes: [36m[Function (anonymous)][39m,
    changesBy: [36m[Function (anonymous)][39m,
    doesNotChange: [36m[Function (anonymous)][39m,
    changesButNotBy: [36m[Function (anonymous)][39m,
    increases: [36m[Function (anonymous)][39m,
    increasesBy: [36m[Function (anonymous)][39m,
    doesNotIncrease: [36m[Function (anonymous)][39m,
    increasesButNotBy: [36m[Function (anonymous)][39m,
    decreases: [36m[Function (anonymous)][39m,
    decreasesBy: [36m[Function (anonymous)][39m,
    doesNotDecrease: [36m[Function (anonymous)][39m,
    doesNotDecreaseBy: [36m[Function (anonymous)][39m,
    decreasesButNotBy: [36m[Function (anonymous)][39m,
    ifError: [36m[Function (anonymous)][39m,
    isExtensible: [36m[Function (anonymous)][39m,
    isNotExtensible: [36m[Function (anonymous)][39m,
    isSealed: [36m[Function (anonymous)][39m,
    isNotSealed: [36m[Function (anonymous)][39m,
    isFrozen: [36m[Function (anonymous)][39m,
    isNotFrozen: [36m[Function (anonymous)][39m,
    isEmpty: [36m[Function (anonymous)][39m,
    isNotEmpty: [36m[Function (anonymous)][39m,
    containsSubset: [36m[Function (anonymous)][39m,
    doesNotContainSubset: [36m[Function (anonymous)][39m,
    ok: [36m[Function (anonymous)][39m,
    notOk: [36m[Function (anonymous)][39m,
    throw: [36m[Function (anonymous)][39m,
    Throw: [36m[Function (anonymous)][39m,
    extensible: [36m[Function (anonymous)][39m,
    notExtensible: [36m[Function (anonymous)][39m,
    sealed: [36m[Function (anonymous)][39m,
    notSealed: [36m[Function (anonymous)][39m,
    frozen: [36m[Function (anonymous)][39m,
    notFrozen: [36m[Function (anonymous)][39m,
    empty: [36m[Function (anonymous)][39m,
    notEmpty: [36m[Function (anonymous)][39m,
    isFunction: [36m[Function (anonymous)][39m,
    isNotFunction: [36m[Function (anonymous)][39m,
    containSubset: [36m[Function (anonymous)][39m
  },
  expectTypeOf: [36m[Function: expectTypeOf][39m,
  assertType: [36m[Function: assertType][39m,
  vitest: {
    useFakeTimers: [36m[Function: useFakeTimers][39m,
    isFakeTimers: [36m[Function: isFakeTimers][39m,
    useRealTimers: [36m[Function: useRealTimers][39m,
    runOnlyPendingTimers: [36m[Function: runOnlyPendingTimers][39m,
    runOnlyPendingTimersAsync: [36m[AsyncFunction: runOnlyPendingTimersAsync][39m,
    runAllTimers: [36m[Function: runAllTimers][39m,
    runAllTimersAsync: [36m[AsyncFunction: runAllTimersAsync][39m,
    runAllTicks: [36m[Function: runAllTicks][39m,
    advanceTimersByTime: [36m[Function: advanceTimersByTime][39m,
    advanceTimersByTimeAsync: [36m[AsyncFunction: advanceTimersByTimeAsync][39m,
    advanceTimersToNextTimer: [36m[Function: advanceTimersToNextTimer][39m,
    advanceTimersToNextTimerAsync: [36m[AsyncFunction: advanceTimersToNextTimerAsync][39m,
    advanceTimersToNextFrame: [36m[Function: advanceTimersToNextFrame][39m,
    getTimerCount: [36m[Function: getTimerCount][39m,
    setSystemTime: [36m[Function: setSystemTime][39m,
    getMockedSystemTime: [36m[Function: getMockedSystemTime][39m,
    getRealSystemTime: [36m[Function: getRealSystemTime][39m,
    clearAllTimers: [36m[Function: clearAllTimers][39m,
    spyOn: [36m[Function: spyOn][39m,
    fn: [36m[Function: fn][39m,
    waitFor: [36m[Function: waitFor][39m,
    waitUntil: [36m[Function: waitUntil][39m,
    hoisted: [36m[Function: hoisted][39m,
    mock: [36m[Function: mock][39m,
    unmock: [36m[Function: unmock][39m,
    doMock: [36m[Function: doMock][39m,
    doUnmock: [36m[Function: doUnmock][39m,
    importActual: [36m[AsyncFunction: importActual][39m,
    importMock: [36m[AsyncFunction: importMock][39m,
    mockObject: [36m[Function: mockObject][39m,
    mocked: [36m[Function: mocked][39m,
    isMockFunction: [36m[Function: isMockFunction][39m,
    clearAllMocks: [36m[Function: clearAllMocks][39m,
    resetAllMocks: [36m[Function: resetAllMocks][39m,
    restoreAllMocks: [36m[Function: restoreAllMocks][39m,
    stubGlobal: [36m[Function: stubGlobal][39m,
    stubEnv: [36m[Function: stubEnv][39m,
    unstubAllGlobals: [36m[Function: unstubAllGlobals][39m,
    unstubAllEnvs: [36m[Function: unstubAllEnvs][39m,
    resetModules: [36m[Function: resetModules][39m,
    dynamicImportSettled: [36m[AsyncFunction: dynamicImportSettled][39m,
    setConfig: [36m[Function: setConfig][39m,
    resetConfig: [36m[Function: resetConfig][39m
  },
  vi: {
    useFakeTimers: [36m[Function: useFakeTimers][39m,
    isFakeTimers: [36m[Function: isFakeTimers][39m,
    useRealTimers: [36m[Function: useRealTimers][39m,
    runOnlyPendingTimers: [36m[Function: runOnlyPendingTimers][39m,
    runOnlyPendingTimersAsync: [36m[AsyncFunction: runOnlyPendingTimersAsync][39m,
    runAllTimers: [36m[Function: runAllTimers][39m,
    runAllTimersAsync: [36m[AsyncFunction: runAllTimersAsync][39m,
    runAllTicks: [36m[Function: runAllTicks][39m,
    advanceTimersByTime: [36m[Function: advanceTimersByTime][39m,
    advanceTimersByTimeAsync: [36m[AsyncFunction: advanceTimersByTimeAsync][39m,
    advanceTimersToNextTimer: [36m[Function: advanceTimersToNextTimer][39m,
    advanceTimersToNextTimerAsync: [36m[AsyncFunction: advanceTimersToNextTimerAsync][39m,
    advanceTimersToNextFrame: [36m[Function: advanceTimersToNextFrame][39m,
    getTimerCount: [36m[Function: getTimerCount][39m,
    setSystemTime: [36m[Function: setSystemTime][39m,
    getMockedSystemTime: [36m[Function: getMockedSystemTime][39m,
    getRealSystemTime: [36m[Function: getRealSystemTime][39m,
    clearAllTimers: [36m[Function: clearAllTimers][39m,
    spyOn: [36m[Function: spyOn][39m,
    fn: [36m[Function: fn][39m,
    waitFor: [36m[Function: waitFor][39m,
    waitUntil: [36m[Function: waitUntil][39m,
    hoisted: [36m[Function: hoisted][39m,
    mock: [36m[Function: mock][39m,
    unmock: [36m[Function: unmock][39m,
    doMock: [36m[Function: doMock][39m,
    doUnmock: [36m[Function: doUnmock][39m,
    importActual: [36m[AsyncFunction: importActual][39m,
    importMock: [36m[AsyncFunction: importMock][39m,
    mockObject: [36m[Function: mockObject][39m,
    mocked: [36m[Function: mocked][39m,
    isMockFunction: [36m[Function: isMockFunction][39m,
    clearAllMocks: [36m[Function: clearAllMocks][39m,
    resetAllMocks: [36m[Function: resetAllMocks][39m,
    restoreAllMocks: [36m[Function: restoreAllMocks][39m,
    stubGlobal: [36m[Function: stubGlobal][39m,
    stubEnv: [36m[Function: stubEnv][39m,
    unstubAllGlobals: [36m[Function: unstubAllGlobals][39m,
    unstubAllEnvs: [36m[Function: unstubAllEnvs][39m,
    resetModules: [36m[Function: resetModules][39m,
    dynamicImportSettled: [36m[AsyncFunction: dynamicImportSettled][39m,
    setConfig: [36m[Function: setConfig][39m,
    resetConfig: [36m[Function: resetConfig][39m
  },
  beforeAll: [36m[Function: beforeAll][39m,
  afterAll: [36m[Function: afterAll][39m,
  beforeEach: [36m[Function: beforeEach][39m,
  afterEach: [36m[Function: afterEach][39m,
  onTestFinished: [36m[Function (anonymous)][39m,
  onTestFailed: [36m[Function (anonymous)][39m,
  __vitest_required__: {
    util: {
      _errnoException: [36m[Function: _errnoException][39m,
      _exceptionWithHostPort: [36m[Function: _exceptionWithHostPort][39m,
      _extend: [36m[Function: deprecated][39m,
      callbackify: [36m[Function: callbackify][39m,
      debug: [36m[Function: debuglog][39m,
      debuglog: [36m[Function: debuglog][39m,
      deprecate: [36m[Function: deprecate][39m,
      format: [36m[Function: format][39m,
      styleText: [36m[Function: styleText][39m,
      formatWithOptions: [36m[Function: formatWithOptions][39m,
      getCallSite: [36m[Function: deprecated][39m,
      getCallSites: [36m[Function: getCallSites][39m,
      getSystemErrorMap: [36m[Function: getSystemErrorMap][39m,
      getSystemErrorName: [36m[Function: getSystemErrorName][39m,
      getSystemErrorMessage: [36m[Function: getSystemErrorMessage][39m,
      inherits: [36m[Function: inherits][39m,
      inspect: [36m[Function][39m,
      isArray: [36m[Function: deprecated][39m,
      isBoolean: [36m[Function: deprecated][39m,
      isBuffer: [36m[Function: deprecated][39m,
      isDeepStrictEqual: [36m[Function: isDeepStrictEqual][39m,
      isNull: [36m[Function: deprecated][39m,
      isNullOrUndefined: [36m[Function: deprecated][39m,
      isNumber: [36m[Function: deprecated][39m,
      isString: [36m[Function: deprecated][39m,
      isSymbol: [36m[Function: deprecated][39m,
      isUndefined: [36m[Function: deprecated][39m,
      isRegExp: [36m[Function: deprecated][39m,
      isObject: [36m[Function: deprecated][39m,
      isDate: [36m[Function: deprecated][39m,
      isError: [36m[Function: deprecated][39m,
      isFunction: [36m[Function: deprecated][39m,
      isPrimitive: [36m[Function: deprecated][39m,
      log: [36m[Function: deprecated][39m,
      promisify: [36m[Function][39m,
      stripVTControlCharacters: [36m[Function: stripVTControlCharacters][39m,
      toUSVString: [36m[Function: toUSVString][39m,
      transferableAbortSignal: [36m[Getter][39m,
      transferableAbortController: [36m[Getter][39m,
      aborted: [36m[Getter][39m,
      types: [36m[Object][39m,
      parseEnv: [36m[Function: parseEnv][39m,
      parseArgs: [36m[Function: parseArgs][39m,
      TextDecoder: [36m[class TextDecoder][39m,
      TextEncoder: [36m[class TextEncoder][39m,
      MIMEType: [36m[class MIMEType][39m,
      MIMEParams: [36m[class MIMEParams][39m,
      diff: [36m[Function: diff][39m,
      setTraceSigInt: [36m[Function: setTraceSigInt][39m
    },
    timers: {
      setTimeout: [36m[Function][39m,
      clearTimeout: [36m[Function: clearTimeout][39m,
      setImmediate: [36m[Function][39m,
      clearImmediate: [36m[Function: clearImmediate][39m,
      setInterval: [36m[Function: setInterval][39m,
      clearInterval: [36m[Function: clearInterval][39m,
      _unrefActive: [36m[Function: deprecated][39m,
      active: [36m[Function: deprecated][39m,
      unenroll: [36m[Function: deprecated][39m,
      enroll: [36m[Function: deprecated][39m,
      promises: [36m[Getter][39m
    },
    timersPromises: {
      setTimeout: [36m[Function: setTimeout][39m,
      setImmediate: [36m[Function: setImmediate][39m,
      setInterval: [36m[AsyncGeneratorFunction: setInterval][39m,
      scheduler: [36m[Scheduler][39m
    }
  },
  ch: [33m107[39m,
  ResizeObserver: [36m[class ResizeObserverMock][39m,
  [[32mSymbol(vitest:SAFE_TIMERS)[39m]: {
    nextTick: [36m[Function: nextTick][39m,
    setTimeout: [Function: setTimeout] {
      [[32mSymbol(nodejs.util.promisify.custom)[39m]: [36m[Getter][39m
    },
    setInterval: [36m[Function: setInterval][39m,
    clearInterval: [36m[Function: clearInterval][39m,
    clearTimeout: [36m[Function: clearTimeout][39m,
    setImmediate: [Function: setImmediate] {
      [[32mSymbol(nodejs.util.promisify.custom)[39m]: [36m[Getter][39m
    },
    clearImmediate: [36m[Function: clearImmediate][39m,
    queueMicrotask: [36m[Function: queueMicrotask][39m
  }
}

[90mstderr[2m | src/components/__tests__/tool-header.test.ts[2m > [22m[2mToolHeader[2m > 
[22m[2mRendering[2m > [22m[2mshould render title with icon
[22m[39mBaseComponent.init failed: TypeError: this.bindEvents is not a function
    at ToolHeader.init (C:/Users/DrawF/OneDrive/Projects/CodingProjects/XIVProjects/xivdyetools-web-app/src/compo
nents/base-component.ts:86:12)
    at C:/Users/DrawF/OneDrive/Projects/CodingProjects/XIVProjects/xivdyetools-web-app/src/components/__tests__/t
ool-header.test.ts:52:17
    at [90mfile:///C:/Users/DrawF/OneDrive/Projects/CodingProjects/XIVProjects/xivdyetools-web-app/[39mnode_mod
ules/[4m@vitest/runner[24m/dist/index.js:145:11
    at [90mfile:///C:/Users/DrawF/OneDrive/Projects/CodingProjects/XIVProjects/xivdyetools-web-app/[39mnode_mod
ules/[4m@vitest/runner[24m/dist/index.js:912:26
    at [90mfile:///C:/Users/DrawF/OneDrive/Projects/CodingProjects/XIVProjects/xivdyetools-web-app/[39mnode_mod
ules/[4m@vitest/runner[24m/dist/index.js:1237:20
    at new Promise (<anonymous>)
    at runWithTimeout [90m(file:///C:/Users/DrawF/OneDrive/Projects/CodingProjects/XIVProjects/xivdyetools-web-a
pp/[39mnode_modules/[4m@vitest/runner[24m/dist/index.js:1203:10[90m)[39m
    at [90mfile:///C:/Users/DrawF/OneDrive/Projects/CodingProjects/XIVProjects/xivdyetools-web-app/[39mnode_mod
ules/[4m@vitest/runner[24m/dist/index.js:1647:37
    at Traces.$ [90m(file:///C:/Users/DrawF/OneDrive/Projects/CodingProjects/XIVProjects/xivdyetools-web-app/[3
9mnode_modules/[4mvitest[24m/dist/chunks/traces.U4xDYhzZ.js:115:27[90m)[39m
    at trace [90m(file:///C:/Users/DrawF/OneDrive/Projects/CodingProjects/XIVProjects/xivdyetools-web-app/[39mn
ode_modules/[4mvitest[24m/dist/chunks/test.DqQZzsWf.js:234:21[90m)[39m

[90mstderr[2m | src/components/__tests__/base-component.test.ts[2m > [22m[2mBaseComponent[2m > 
[22m[2mError Handling[2m > [22m[2mshould handle render errors gracefully
[22m[39mBaseComponent.init failed: Error: Render error
    at BrokenComponent.render (C:/Users/DrawF/OneDrive/Projects/CodingProjects/XIVProjects/xivdyetools-web-app/sr
c/components/__tests__/base-component.test.ts:543:17)
    at BrokenComponent.init (C:/Users/DrawF/OneDrive/Projects/CodingProjects/XIVProjects/xivdyetools-web-app/src/
components/base-component.ts:85:12)
    at C:/Users/DrawF/OneDrive/Projects/CodingProjects/XIVProjects/xivdyetools-web-app/src/components/__tests__/b
ase-component.test.ts:553:25
    at Proxy.assertThrows [90m(file:///C:/Users/DrawF/OneDrive/Projects/CodingProjects/XIVProjects/xivdyetools-w
eb-app/[39mnode_modules/[4mchai[24m/index.js:2798:5[90m)[39m
    at Proxy.methodWrapper [90m(file:///C:/Users/DrawF/OneDrive/Projects/CodingProjects/XIVProjects/xivdyetools-
web-app/[39mnode_modules/[4mchai[24m/index.js:1700:25[90m)[39m
    at Proxy.<anonymous> [90m(file:///C:/Users/DrawF/OneDrive/Projects/CodingProjects/XIVProjects/xivdyetools-we
b-app/[39mnode_modules/[4m@vitest/expect[24m/dist/index.js:1149:12[90m)[39m
    at Proxy.overwritingMethodWrapper [90m(file:///C:/Users/DrawF/OneDrive/Projects/CodingProjects/XIVProjects/x
ivdyetools-web-app/[39mnode_modules/[4mchai[24m/index.js:1750:33[90m)[39m
    at Proxy.<anonymous> [90m(file:///C:/Users/DrawF/OneDrive/Projects/CodingProjects/XIVProjects/xivdyetools-we
b-app/[39mnode_modules/[4m@vitest/expect[24m/dist/index.js:1485:16[90m)[39m
    at Proxy.<anonymous> [90m(file:///C:/Users/DrawF/OneDrive/Projects/CodingProjects/XIVProjects/xivdyetools-we
b-app/[39mnode_modules/[4m@vitest/expect[24m/dist/index.js:1090:14[90m)[39m
    at Proxy.methodWrapper [90m(file:///C:/Users/DrawF/OneDrive/Projects/CodingProjects/XIVProjects/xivdyetools-
web-app/[39mnode_modules/[4mchai[24m/index.js:1700:25[90m)[39m

 [32mΓ£ô[39m src/components/__tests__/color-wheel-display.test.ts[2m > [22mColorWheelDisplay[2m > [22mBasic Rendering[2m > [22mrenders with default size when not specified[32m 15[2mms[22m[39m
 [32mΓ£ô[39m src/components/__tests__/color-wheel-display.test.ts[2m > [22mColorWheelDisplay[2m > [22mHarmony Types[2m > [22mrenders complementary harmony[32m 18[2mms[22m[39m
 [32mΓ£ô[39m src/components/__tests__/color-wheel-display.test.ts[2m > [22mColorWheelDisplay[2m > [22mHarmony Types[2m > [22mrenders analogous harmony[32m 17[2mms[22m[39m
 [32mΓ£ô[39m src/components/__tests__/color-wheel-display.test.ts[2m > [22mColorWheelDisplay[2m > [22mHarmony Types[2m > [22mrenders triadic harmony[32m 16[2mms[22m[39m
 [32mΓ£ô[39m src/components/__tests__/color-wheel-display.test.ts[2m > [22mColorWheelDisplay[2m > [22mHarmony Types[2m > [22mrenders split-complementary harmony[32m 17[2mms[22m[39m
 [32mΓ£ô[39m src/components/__tests__/color-wheel-display.test.ts[2m > [22mColorWheelDisplay[2m > [22mHarmony Types[2m > [22mrenders tetradic harmony[32m 17[2mms[22m[39m
 [32mΓ£ô[39m src/components/__tests__/color-interpolation-display.test.ts[2m > [22mColorInterpolationDisplay[2m > [22mrendering - with steps[2m > [22mshould render distance legend[32m 9[2mms[22m[39m
 [32mΓ£ô[39m src/components/__tests__/color-interpolation-display.test.ts[2m > [22mColorInterpolationDisplay[2m > [22mrendering - with steps[2m > [22mshould render intermediate dyes section[32m 9[2mms[22m[39m
 [32mΓ£ô[39m src/components/__tests__/color-interpolation-display.test.ts[2m > [22mColorInterpolationDisplay[2m > [22mrendering - with steps[2m > [22mshould render transition quality metrics[32m 8[2mms[22m[39m
 [32mΓ£ô[39m src/components/__tests__/color-interpolation-display.test.ts[2m > [22mColorInterpolationDisplay[2m > [22mrendering - with steps[2m > [22mshould render all step items[32m 14[2mms[22m[39m
 [32mΓ£ô[39m src/components/__tests__/color-interpolation-display.test.ts[2m > [22mColorInterpolationDisplay[2m > [22mrendering - with steps[2m > [22mshould render position percentages[32m 16[2mms[22m[39m
 [32mΓ£ô[39m src/components/__tests__/color-interpolation-display.test.ts[2m > [22mColorInterpolationDisplay[2m > [22mrendering - with steps[2m > [22mshould render start and end labels[32m 13[2mms[22m[39m
 [32mΓ£ô[39m src/components/__tests__/color-interpolation-display.test.ts[2m > [22mColorInterpolationDisplay[2m > [22mdistance color coding[2m > [22mshould show excellent match color for distance <= 30[32m 22[2mms[22m[39m
 [32mΓ£ô[39m src/components/__tests__/color-interpolation-display.test.ts[2m > [22mColorInterpolationDisplay[2m > [22mdistance color coding[2m > [22mshould show poor match color for distance > 100[32m 8[2mms[22m[39m
 [32mΓ£ô[39m src/components/__tests__/dye-selector.test.ts[2m > [22mDyeSelector[2m > [22mEdge Cases[2m > [22mshould handle search input trimming[32m 110[2mms[22m[39m
 [32mΓ£ô[39m src/components/__tests__/dye-selector.test.ts[2m > [22mDyeSelector[2m > [22mcompareDyes branch coverage[2m > [22mshould sort by hue with similar hue values (saturation tiebreaker)[32m 67[2mms[22m[39m
 [32mΓ£ô[39m src/components/__tests__/tutorial-spotlight.test.ts[2m > [22mTutorialSpotlight[2m > [22mInitialization[2m > [22mshould subscribe to TutorialService[32m 18[2mms[22m[39m
 [32mΓ£ô[39m src/components/__tests__/tutorial-spotlight.test.ts[2m > [22mTutorialSpotlight[2m > [22mShow/Hide[2m > [22mshould show when tutorial becomes active[32m 11[2mms[22m[39m
 [31m├ù[39m src/components/__tests__/tutorial-spotlight.test.ts[2m > [22mTutorialSpotlight[2m > [22mShow/Hide[2m > [22mshould hide when tutorial becomes inactive[32m 27[2mms[22m[39m
[31m   ΓåÆ expected 'block' to be 'none' // Object.is equality[39m
 [32mΓ£ô[39m src/components/__tests__/tutorial-spotlight.test.ts[2m > [22mTutorialSpotlight[2m > [22mStep Display[2m > [22mshould display step content when show-step event fires[32m 38[2mms[22m[39m
 [32mΓ£ô[39m src/components/__tests__/theme-switcher.test.ts[2m > [22mThemeSwitcher[2m > [22mRendering[2m > [22mshould render theme switcher button[32m 88[2mms[22m[39m
 [32mΓ£ô[39m src/components/__tests__/market-board.test.ts[2m > [22mMarketBoard[2m > [22mrendering[2m > [22mshould render the market board component[32m 40[2mms[22m[39m
 [32mΓ£ô[39m src/components/__tests__/market-board.test.ts[2m > [22mMarketBoard[2m > [22mrendering[2m > [22mshould render server selection dropdown[32m 10[2mms[22m[39m
 [32mΓ£ô[39m src/components/__tests__/market-board.test.ts[2m > [22mMarketBoard[2m > [22mrendering[2m > [22mshould render show prices toggle[32m 6[2mms[22m[39m
 [32mΓ£ô[39m src/components/__tests__/market-board.test.ts[2m > [22mMarketBoard[2m > [22mrendering[2m > [22mshould render category checkboxes[32m 7[2mms[22m[39m
 [32mΓ£ô[39m src/components/__tests__/market-board.test.ts[2m > [22mMarketBoard[2m > [22mrendering[2m > [22mshould render refresh button[32m 7[2mms[22m[39m
 [32mΓ£ô[39m src/components/__tests__/image-upload-display.test.ts[2m > [22mImageUploadDisplay[2m > [22mrendering[2m > [22mshould render the upload component[32m 43[2mms[22m[39m
 [32mΓ£ô[39m src/components/__tests__/image-upload-display.test.ts[2m > [22mImageUploadDisplay[2m > [22mrendering[2m > [22mshould render drop zone[32m 15[2mms[22m[39m
 [32mΓ£ô[39m src/components/__tests__/image-upload-display.test.ts[2m > [22mImageUploadDisplay[2m > [22mrendering[2m > [22mshould render file input (hidden)[32m 12[2mms[22m[39m
 [32mΓ£ô[39m src/components/__tests__/image-upload-display.test.ts[2m > [22mImageUploadDisplay[2m > [22mrendering[2m > [22mshould render camera input for mobile[32m 9[2mms[22m[39m
 [32mΓ£ô[39m src/components/__tests__/image-upload-display.test.ts[2m > [22mImageUploadDisplay[2m > [22mrendering[2m > [22mshould render upload icon[32m 10[2mms[22m[39m
 [32mΓ£ô[39m src/components/__tests__/accessibility-checker-tool.test.ts[2m > [22mAccessibilityCheckerTool Component[2m > [22mInitialization[2m > [22mshould create component successfully[32m 41[2mms[22m[39m
 [32mΓ£ô[39m src/components/__tests__/accessibility-checker-tool.test.ts[2m > [22mAccessibilityCheckerTool Component[2m > [22mInitialization[2m > [22mshould render title and subtitle[32m 11[2mms[22m[39m
 [32mΓ£ô[39m src/components/__tests__/accessibility-checker-tool.test.ts[2m > [22mAccessibilityCheckerTool Component[2m > [22mInitialization[2m > [22mshould render dye selector container[32m 9[2mms[22m[39m
 [32mΓ£ô[39m src/components/__tests__/accessibility-checker-tool.test.ts[2m > [22mAccessibilityCheckerTool Component[2m > [22mInitialization[2m > [22mshould render results container[32m 9[2mms[22m[39m
 [32mΓ£ô[39m src/components/__tests__/accessibility-checker-tool.test.ts[2m > [22mAccessibilityCheckerTool Component[2m > [22mColorblindness Types[2m > [22mshould display deuteranopia option[32m 7[2mms[22m[39m
 [32mΓ£ô[39m src/components/__tests__/accessibility-checker-tool.test.ts[2m > [22mAccessibilityCheckerTool Component[2m > [22mColorblindness Types[2m > [22mshould display protanopia option[32m 8[2mms[22m[39m
 [32mΓ£ô[39m src/components/__tests__/accessibility-checker-tool.test.ts[2m > [22mAccessibilityCheckerTool Component[2m > [22mColorblindness Types[2m > [22mshould display tritanopia option[32m 11[2mms[22m[39m
 [32mΓ£ô[39m src/components/__tests__/color-wheel-display.test.ts[2m > [22mColorWheelDisplay[2m > [22mHarmony Types[2m > [22mrenders square harmony[32m 14[2mms[22m[39m
 [32mΓ£ô[39m src/components/__tests__/color-wheel-display.test.ts[2m > [22mColorWheelDisplay[2m > [22mHarmony Types[2m > [22mrenders monochromatic harmony[32m 18[2mms[22m[39m
 [32mΓ£ô[39m src/components/__tests__/color-wheel-display.test.ts[2m > [22mColorWheelDisplay[2m > [22mHarmony Types[2m > [22mrenders compound harmony[32m 17[2mms[22m[39m
 [32mΓ£ô[39m src/components/__tests__/color-wheel-display.test.ts[2m > [22mColorWheelDisplay[2m > [22mHarmony Types[2m > [22mrenders shades harmony[32m 13[2mms[22m[39m
 [32mΓ£ô[39m src/components/__tests__/color-wheel-display.test.ts[2m > [22mColorWheelDisplay[2m > [22mHarmony Types[2m > [22mhandles unknown harmony type with fallback[32m 21[2mms[22m[39m
 [32mΓ£ô[39m src/components/__tests__/color-wheel-display.test.ts[2m > [22mColorWheelDisplay[2m > [22mHarmony Types[2m > [22mhandles harmony type longer than 6 characters[32m 14[2mms[22m[39m
 [32mΓ£ô[39m src/components/__tests__/color-wheel-display.test.ts[2m > [22mColorWheelDisplay[2m > [22mTheme Handling[2m > [22mrenders with light theme styling[32m 16[2mms[22m[39m
 [32mΓ£ô[39m src/components/__tests__/color-interpolation-display.test.ts[2m > [22mColorInterpolationDisplay[2m > [22mquality scale legend[2m > [22mshould render quality scale[32m 9[2mms[22m[39m
 [32mΓ£ô[39m src/components/__tests__/color-interpolation-display.test.ts[2m > [22mColorInterpolationDisplay[2m > [22mquality scale legend[2m > [22mshould show excellent match range[32m 10[2mms[22m[39m
 [32mΓ£ô[39m src/components/__tests__/color-interpolation-display.test.ts[2m > [22mColorInterpolationDisplay[2m > [22mquality scale legend[2m > [22mshould show good match range[32m 9[2mms[22m[39m
 [32mΓ£ô[39m src/components/__tests__/color-interpolation-display.test.ts[2m > [22mColorInterpolationDisplay[2m > [22mquality scale legend[2m > [22mshould show fair match range[32m 10[2mms[22m[39m
 [32mΓ£ô[39m src/components/__tests__/color-interpolation-display.test.ts[2m > [22mColorInterpolationDisplay[2m > [22mquality scale legend[2m > [22mshould show poor match range[32m 13[2mms[22m[39m
 [32mΓ£ô[39m src/components/__tests__/color-interpolation-display.test.ts[2m > [22mColorInterpolationDisplay[2m > [22mmetrics calculation[2m > [22mshould display coverage percentage[32m 10[2mms[22m[39m
 [32mΓ£ô[39m src/components/__tests__/color-interpolation-display.test.ts[2m > [22mColorInterpolationDisplay[2m > [22mmetrics calculation[2m > [22mshould display average distance[32m 12[2mms[22m[39m
 [32mΓ£ô[39m src/components/__tests__/color-interpolation-display.test.ts[2m > [22mColorInterpolationDisplay[2m > [22mmetrics calculation[2m > [22mshould display max distance[32m 10[2mms[22m[39m
 [32mΓ£ô[39m src/components/__tests__/color-interpolation-display.test.ts[2m > [22mColorInterpolationDisplay[2m > [22mmetrics calculation[2m > [22mshould display matched count[32m 9[2mms[22m[39m
 [32mΓ£ô[39m src/components/__tests__/color-interpolation-display.test.ts[2m > [22mColorInterpolationDisplay[2m > [22mno match handling[2m > [22mshould show no match message for step without dye[32m 4[2mms[22m[39m
 [32mΓ£ô[39m src/components/__tests__/color-interpolation-display.test.ts[2m > [22mColorInterpolationDisplay[2m > [22mno match handling[2m > [22mshould calculate coverage correctly with unmatched steps[32m 7[2mms[22m[39m
[90mstderr[2m | src/components/__tests__/tool-header.test.ts[2m > [22m[2mToolHeader[2m > 
[22m[2mRendering[2m > [22m[2mshould render description when provided
[22m[39mBaseComponent.init failed: TypeError: this.bindEvents is not a function
    at ToolHeader.init (C:/Users/DrawF/OneDrive/Projects/CodingProjects/XIVProjects/xivdyetools-web-app/src/compo
nents/base-component.ts:86:12)
    at C:/Users/DrawF/OneDrive/Projects/CodingProjects/XIVProjects/xivdyetools-web-app/src/components/__tests__/t
ool-header.test.ts:65:17
    at [90mfile:///C:/Users/DrawF/OneDrive/Projects/CodingProjects/XIVProjects/xivdyetools-web-app/[39mnode_mod
ules/[4m@vitest/runner[24m/dist/index.js:145:11
    at [90mfile:///C:/Users/DrawF/OneDrive/Projects/CodingProjects/XIVProjects/xivdyetools-web-app/[39mnode_mod
ules/[4m@vitest/runner[24m/dist/index.js:912:26
    at [90mfile:///C:/Users/DrawF/OneDrive/Projects/CodingProjects/XIVProjects/xivdyetools-web-app/[39mnode_mod
ules/[4m@vitest/runner[24m/dist/index.js:1237:20
    at new Promise (<anonymous>)
    at runWithTimeout [90m(file:///C:/Users/DrawF/OneDrive/Projects/CodingProjects/XIVProjects/xivdyetools-web-a
pp/[39mnode_modules/[4m@vitest/runner[24m/dist/index.js:1203:10[90m)[39m
    at [90mfile:///C:/Users/DrawF/OneDrive/Projects/CodingProjects/XIVProjects/xivdyetools-web-app/[39mnode_mod
ules/[4m@vitest/runner[24m/dist/index.js:1647:37
    at Traces.$ [90m(file:///C:/Users/DrawF/OneDrive/Projects/CodingProjects/XIVProjects/xivdyetools-web-app/[3
9mnode_modules/[4mvitest[24m/dist/chunks/traces.U4xDYhzZ.js:115:27[90m)[39m
    at trace [90m(file:///C:/Users/DrawF/OneDrive/Projects/CodingProjects/XIVProjects/xivdyetools-web-app/[39mn
ode_modules/[4mvitest[24m/dist/chunks/test.DqQZzsWf.js:234:21[90m)[39m

[90mstderr[2m | src/components/__tests__/base-component.test.ts[2m > [22m[2mBaseComponent[2m > 
[22m[2mEvent Handling with Document and Window[2m > [22m[2mshould store window event listeners in map
[22m[39mBaseComponent.on: Target is not HTMLElement, Document, or Window [36m<ref *1>[39m Object [global] {
  global: [36m[Circular *1][39m,
  clearImmediate: [36m[Function: clearImmediate][39m,
  setImmediate: [Function: setImmediate] {
    [[32mSymbol(nodejs.util.promisify.custom)[39m]: [36m[Getter][39m
  },
  clearInterval: [36m[Function: clearInterval][39m,
  clearTimeout: [36m[Function: clearTimeout][39m,
  setInterval: [36m[Function: setInterval][39m,
  setTimeout: [Function: setTimeout] {
    [[32mSymbol(nodejs.util.promisify.custom)[39m]: [36m[Getter][39m
  },
  queueMicrotask: [36m[Function: queueMicrotask][39m,
  structuredClone: [36m[Function: structuredClone][39m,
  atob: [36m[Function: atob][39m,
  btoa: [36m[Function: btoa][39m,
  performance: [36m[Getter/Setter][39m,
  fetch: [36m[Function: fetch][39m,
  navigator: [36m[Getter/Setter][39m,
  crypto: [36m[Getter][39m,
  window: [36m[Circular *1][39m,
  self: [36m[Circular *1][39m,
  top: [36m[Circular *1][39m,
  parent: [36m[Circular *1][39m,
  jsdom: JSDOM {
    [[32mSymbol(window)[39m]: [36m<ref *2>[39m Window {
      StyleSheet: [36m[Function: StyleSheet][39m,
      MediaList: [36m[Function: MediaList][39m,
      CSSStyleSheet: [36m[Function: CSSStyleSheet][39m,
      CSSRule: [36m[Function][39m,
      CSSStyleRule: [36m[Function][39m,
      CSSMediaRule: [36m[Function: CSSMediaRule][39m,
      CSSImportRule: [36m[Function: CSSImportRule][39m,
      CSSStyleDeclaration: [36m[class CSSStyleDeclaration][39m,
      XPathException: [36m[Function][39m,
      XPathExpression: [36m[Function: XPathExpression][39m,
      XPathResult: [36m[Function][39m,
      XPathEvaluator: [36m[Function: XPathEvaluator][39m,
      onafterprint: [36m[Getter/Setter][39m,
      onbeforeprint: [36m[Getter/Setter][39m,
      onbeforeunload: [36m[Getter/Setter][39m,
      onhashchange: [36m[Getter/Setter][39m,
      onlanguagechange: [36m[Getter/Setter][39m,
      onmessage: [36m[Getter/Setter][39m,
      onmessageerror: [36m[Getter/Setter][39m,
      onoffline: [36m[Getter/Setter][39m,
      ononline: [36m[Getter/Setter][39m,
      onpagehide: [36m[Getter/Setter][39m,
      onpageshow: [36m[Getter/Setter][39m,
      onpopstate: [36m[Getter/Setter][39m,
      onrejectionhandled: [36m[Getter/Setter][39m,
      onstorage: [36m[Getter/Setter][39m,
      onunhandledrejection: [36m[Getter/Setter][39m,
      onunload: [36m[Getter/Setter][39m,
      onblur: [36m[Getter/Setter][39m,
      onerror: [36m[Getter/Setter][39m,
      onfocus: [36m[Getter/Setter][39m,
      onload: [36m[Getter/Setter][39m,
      onresize: [36m[Getter/Setter][39m,
      onscroll: [36m[Getter/Setter][39m,
      onabort: [36m[Getter/Setter][39m,
      onauxclick: [36m[Getter/Setter][39m,
      onbeforeinput: [36m[Getter/Setter][39m,
      onbeforematch: [36m[Getter/Setter][39m,
      onbeforetoggle: [36m[Getter/Setter][39m,
      oncancel: [36m[Getter/Setter][39m,
      oncanplay: [36m[Getter/Setter][39m,
      oncanplaythrough: [36m[Getter/Setter][39m,
      onchange: [36m[Getter/Setter][39m,
      onclick: [36m[Getter/Setter][39m,
      onclose: [36m[Getter/Setter][39m,
      oncontextlost: [36m[Getter/Setter][39m,
      oncontextmenu: [36m[Getter/Setter][39m,
      oncontextrestored: [36m[Getter/Setter][39m,
      oncopy: [36m[Getter/Setter][39m,
      oncuechange: [36m[Getter/Setter][39m,
      oncut: [36m[Getter/Setter][39m,
      ondblclick: [36m[Getter/Setter][39m,
      ondrag: [36m[Getter/Setter][39m,
      ondragend: [36m[Getter/Setter][39m,
      ondragenter: [36m[Getter/Setter][39m,
      ondragleave: [36m[Getter/Setter][39m,
      ondragover: [36m[Getter/Setter][39m,
      ondragstart: [36m[Getter/Setter][39m,
      ondrop: [36m[Getter/Setter][39m,
      ondurationchange: [36m[Getter/Setter][39m,
      onemptied: [36m[Getter/Setter][39m,
      onended: [36m[Getter/Setter][39m,
      onformdata: [36m[Getter/Setter][39m,
      oninput: [36m[Getter/Setter][39m,
      oninvalid: [36m[Getter/Setter][39m,
      onkeydown: [36m[Getter/Setter][39m,
      onkeypress: [36m[Getter/Setter][39m,
      onkeyup: [36m[Getter/Setter][39m,
      onloadeddata: [36m[Getter/Setter][39m,
      onloadedmetadata: [36m[Getter/Setter][39m,
      onloadstart: [36m[Getter/Setter][39m,
      onmousedown: [36m[Getter/Setter][39m,
      onmouseenter: [36m[Getter/Setter][39m,
      onmouseleave: [36m[Getter/Setter][39m,
      onmousemove: [36m[Getter/Setter][39m,
      onmouseout: [36m[Getter/Setter][39m,
      onmouseover: [36m[Getter/Setter][39m,
      onmouseup: [36m[Getter/Setter][39m,
      onpaste: [36m[Getter/Setter][39m,
      onpause: [36m[Getter/Setter][39m,
      onplay: [36m[Getter/Setter][39m,
      onplaying: [36m[Getter/Setter][39m,
      onprogress: [36m[Getter/Setter][39m,
      onratechange: [36m[Getter/Setter][39m,
      onreset: [36m[Getter/Setter][39m,
      onscrollend: [36m[Getter/Setter][39m,
      onsecuritypolicyviolation: [36m[Getter/Setter][39m,
      onseeked: [36m[Getter/Setter][39m,
      onseeking: [36m[Getter/Setter][39m,
      onselect: [36m[Getter/Setter][39m,
      onslotchange: [36m[Getter/Setter][39m,
      onstalled: [36m[Getter/Setter][39m,
      onsubmit: [36m[Getter/Setter][39m,
      onsuspend: [36m[Getter/Setter][39m,
      ontimeupdate: [36m[Getter/Setter][39m,
      ontoggle: [36m[Getter/Setter][39m,
      onvolumechange: [36m[Getter/Setter][39m,
      onwaiting: [36m[Getter/Setter][39m,
      onwebkitanimationend: [36m[Getter/Setter][39m,
      onwebkitanimationiteration: [36m[Getter/Setter][39m,
      onwebkitanimationstart: [36m[Getter/Setter][39m,
      onwebkittransitionend: [36m[Getter/Setter][39m,
      onwheel: [36m[Getter/Setter][39m,
      ontouchstart: [36m[Getter/Setter][39m,
      ontouchend: [36m[Getter/Setter][39m,
      ontouchmove: [36m[Getter/Setter][39m,
      ontouchcancel: [36m[Getter/Setter][39m,
      _registeredHandlers: Set(0) {},
      _eventHandlers: [Object: null prototype] {},
      onautocomplete: [36m[Getter/Setter][39m,
      onautocompleteerror: [36m[Getter/Setter][39m,
      onsort: [36m[Getter/Setter][39m,
      _globalObject: [36m[Circular *2][39m,
      _resourceLoader: [36m[NoOpResourceLoader][39m,
      _globalProxy: [36m[Object [Window]][39m,
      _document: [36m[Document][39m,
      _origin: [32m'http://localhost:3000'[39m,
      _sessionHistory: [36m[SessionHistory][39m,
      _virtualConsole: [36m[VirtualConsole][39m,
      _runScripts: [32m'dangerously'[39m,
      _top: [36m[Object [Window]][39m,
      _parent: [36m[Object [Window]][39m,
      _frameElement: [1mnull[22m,
      _length: [33m0[39m,
      _currentEvent: [90mundefined[39m,
      _pretendToBeVisual: [33mtrue[39m,
      _storageQuota: [33m5000000[39m,
      _commonForOrigin: [36m[Object][39m,
      _currentOriginData: [36m[Object][39m,
      _localStorage: Storage {},
      _sessionStorage: Storage {},
      _selection: [36m[SelectionImpl][39m,
      getSelection: [36m[Function (anonymous)][39m,
      _customElementRegistry: CustomElementRegistry {},
      length: [36m[Getter/Setter][39m,
      window: [36m[Getter][39m,
      frameElement: [36m[Getter][39m,
      frames: [36m[Getter/Setter][39m,
      self: [36m[Getter/Setter][39m,
      parent: [36m[Getter/Setter][39m,
      top: [36m[Getter][39m,
      document: [36m[Getter][39m,
      external: [36m[Getter/Setter][39m,
      location: [36m[Getter/Setter][39m,
      history: [36m[Getter][39m,
      navigator: [36m[Getter][39m,
      locationbar: [36m[Getter/Setter][39m,
      menubar: [36m[Getter/Setter][39m,
      personalbar: [36m[Getter/Setter][39m,
      scrollbars: [36m[Getter/Setter][39m,
      statusbar: [36m[Getter/Setter][39m,
      toolbar: [36m[Getter/Setter][39m,
      performance: [36m[Getter][39m,
      screen: [36m[Getter/Setter][39m,
      crypto: [36m[Getter][39m,
      origin: [36m[Getter/Setter][39m,
      localStorage: [36m[Getter][39m,
      sessionStorage: [36m[Getter][39m,
      customElements: [36m[Getter][39m,
      event: [36m[Getter/Setter][39m,
      setTimeout: [36m[Function (anonymous)][39m,
      setInterval: [36m[Function (anonymous)][39m,
      clearTimeout: [36m[Function (anonymous)][39m,
      clearInterval: [36m[Function (anonymous)][39m,
      queueMicrotask: [36m[Function (anonymous)][39m,
      requestAnimationFrame: [36m[Function (anonymous)][39m,
      cancelAnimationFrame: [36m[Function (anonymous)][39m,
      postMessage: [36m[Function (anonymous)][39m,
      atob: [36m[Function (anonymous)][39m,
      btoa: [36m[Function (anonymous)][39m,
      stop: [36m[Function (anonymous)][39m,
      close: [36m[Function (anonymous)][39m,
      getComputedStyle: [36m[Function (anonymous)][39m,
      captureEvents: [36m[Function (anonymous)][39m,
      releaseEvents: [36m[Function (anonymous)][39m,
      console: [36m[Object][39m,
      name: [32m''[39m,
      status: [32m''[39m,
      devicePixelRatio: [33m1[39m,
      innerWidth: [33m1024[39m,
      innerHeight: [33m768[39m,
      outerWidth: [33m1024[39m,
      outerHeight: [33m768[39m,
      pageXOffset: [33m0[39m,
      pageYOffset: [33m0[39m,
      screenX: [33m0[39m,
      screenLeft: [33m0[39m,
      screenY: [33m0[39m,
      screenTop: [33m0[39m,
      scrollX: [33m0[39m,
      scrollY: [33m0[39m,
      alert: [36m[Function (anonymous)][39m,
      blur: [36m[Function (anonymous)][39m,
      confirm: [36m[Function (anonymous)][39m,
      focus: [36m[Function (anonymous)][39m,
      moveBy: [36m[Function (anonymous)][39m,
      moveTo: [36m[Function (anonymous)][39m,
      open: [36m[Function (anonymous)][39m,
      print: [36m[Function (anonymous)][39m,
      prompt: [36m[Function (anonymous)][39m,
      resizeBy: [36m[Function (anonymous)][39m,
      resizeTo: [36m[Function (anonymous)][39m,
      scroll: [36m[Function (anonymous)][39m,
      scrollBy: [36m[Function (anonymous)][39m,
      scrollTo: [36m[Function (anonymous)][39m,
      [32m'test-container'[39m: [36m[Getter/Setter][39m,
      [[32mSymbol([webidl2js] constructor registry)[39m]: [36m[Object: null prototype][39m,
      [[32mSymbol(named property tracker)[39m]: [36m[NamedPropertiesTracker][39m
    }
  },
  suite: [Function: chain] {
    each: [36m[Function (anonymous)][39m,
    for: [36m[Function (anonymous)][39m,
    skipIf: [36m[Function (anonymous)][39m,
    runIf: [36m[Function (anonymous)][39m,
    withContext: [36m[Function (anonymous)][39m,
    setContext: [36m[Function (anonymous)][39m,
    mergeContext: [36m[Function (anonymous)][39m,
    fn: [Function: suiteFn] {
      each: [36m[Function (anonymous)][39m,
      for: [36m[Function (anonymous)][39m,
      skipIf: [36m[Function (anonymous)][39m,
      runIf: [36m[Function (anonymous)][39m
    }
  },
  test: [Function: chain] {
    each: [36m[Function (anonymous)][39m,
    for: [36m[Function (anonymous)][39m,
    skipIf: [36m[Function (anonymous)][39m,
    runIf: [36m[Function (anonymous)][39m,
    scoped: [36m[Function (anonymous)][39m,
    extend: [36m[Function (anonymous)][39m,
    beforeEach: [36m[Function: beforeEach][39m,
    afterEach: [36m[Function: afterEach][39m,
    beforeAll: [36m[Function: beforeAll][39m,
    afterAll: [36m[Function: afterAll][39m,
    withContext: [36m[Function (anonymous)][39m,
    setContext: [36m[Function (anonymous)][39m,
    mergeContext: [36m[Function (anonymous)][39m,
    fn: [Function (anonymous)] {
      each: [36m[Function (anonymous)][39m,
      for: [36m[Function (anonymous)][39m,
      skipIf: [36m[Function (anonymous)][39m,
      runIf: [36m[Function (anonymous)][39m,
      scoped: [36m[Function (anonymous)][39m,
      extend: [36m[Function (anonymous)][39m,
      beforeEach: [36m[Function: beforeEach][39m,
      afterEach: [36m[Function: afterEach][39m,
      beforeAll: [36m[Function: beforeAll][39m,
      afterAll: [36m[Function: afterAll][39m
    }
  },
  describe: [Function: chain] {
    each: [36m[Function (anonymous)][39m,
    for: [36m[Function (anonymous)][39m,
    skipIf: [36m[Function (anonymous)][39m,
    runIf: [36m[Function (anonymous)][39m,
    withContext: [36m[Function (anonymous)][39m,
    setContext: [36m[Function (anonymous)][39m,
    mergeContext: [36m[Function (anonymous)][39m,
    fn: [Function: suiteFn] {
      each: [36m[Function (anonymous)][39m,
      for: [36m[Function (anonymous)][39m,
      skipIf: [36m[Function (anonymous)][39m,
      runIf: [36m[Function (anonymous)][39m
    }
  },
  it: [Function: chain] {
    each: [36m[Function (anonymous)][39m,
    for: [36m[Function (anonymous)][39m,
    skipIf: [36m[Function (anonymous)][39m,
    runIf: [36m[Function (anonymous)][39m,
    scoped: [36m[Function (anonymous)][39m,
    extend: [36m[Function (anonymous)][39m,
    beforeEach: [36m[Function: beforeEach][39m,
    afterEach: [36m[Function: afterEach][39m,
    beforeAll: [36m[Function: beforeAll][39m,
    afterAll: [36m[Function: afterAll][39m,
    withContext: [36m[Function (anonymous)][39m,
    setContext: [36m[Function (anonymous)][39m,
    mergeContext: [36m[Function (anonymous)][39m,
    fn: [Function (anonymous)] {
      each: [36m[Function (anonymous)][39m,
      for: [36m[Function (anonymous)][39m,
      skipIf: [36m[Function (anonymous)][39m,
      runIf: [36m[Function (anonymous)][39m,
      scoped: [36m[Function (anonymous)][39m,
      extend: [36m[Function (anonymous)][39m,
      beforeEach: [36m[Function: beforeEach][39m,
      afterEach: [36m[Function: afterEach][39m,
      beforeAll: [36m[Function: beforeAll][39m,
      afterAll: [36m[Function: afterAll][39m
    }
  },
  chai: [Module: null prototype] {
    Assertion: [36m[class Assertion][39m,
    AssertionError: [36m[class AssertionError extends Error][39m,
    Should: [36m[Function: loadShould][39m,
    assert: [Function: assert] {
      fail: [36m[Function (anonymous)][39m,
      isOk: [36m[Function (anonymous)][39m,
      isNotOk: [36m[Function (anonymous)][39m,
      equal: [36m[Function (anonymous)][39m,
      notEqual: [36m[Function (anonymous)][39m,
      strictEqual: [36m[Function (anonymous)][39m,
      notStrictEqual: [36m[Function (anonymous)][39m,
      deepStrictEqual: [36m[Function (anonymous)][39m,
      deepEqual: [36m[Function (anonymous)][39m,
      notDeepEqual: [36m[Function (anonymous)][39m,
      isAbove: [36m[Function (anonymous)][39m,
      isAtLeast: [36m[Function (anonymous)][39m,
      isBelow: [36m[Function (anonymous)][39m,
      isAtMost: [36m[Function (anonymous)][39m,
      isTrue: [36m[Function (anonymous)][39m,
      isNotTrue: [36m[Function (anonymous)][39m,
      isFalse: [36m[Function (anonymous)][39m,
      isNotFalse: [36m[Function (anonymous)][39m,
      isNull: [36m[Function (anonymous)][39m,
      isNotNull: [36m[Function (anonymous)][39m,
      isNaN: [36m[Function (anonymous)][39m,
      isNotNaN: [36m[Function (anonymous)][39m,
      exists: [36m[Function (anonymous)][39m,
      notExists: [36m[Function (anonymous)][39m,
      isUndefined: [36m[Function (anonymous)][39m,
      isDefined: [36m[Function (anonymous)][39m,
      isCallable: [36m[Function (anonymous)][39m,
      isNotCallable: [36m[Function (anonymous)][39m,
      isObject: [36m[Function (anonymous)][39m,
      isNotObject: [36m[Function (anonymous)][39m,
      isArray: [36m[Function (anonymous)][39m,
      isNotArray: [36m[Function (anonymous)][39m,
      isString: [36m[Function (anonymous)][39m,
      isNotString: [36m[Function (anonymous)][39m,
      isNumber: [36m[Function (anonymous)][39m,
      isNotNumber: [36m[Function (anonymous)][39m,
      isNumeric: [36m[Function (anonymous)][39m,
      isNotNumeric: [36m[Function (anonymous)][39m,
      isFinite: [36m[Function (anonymous)][39m,
      isBoolean: [36m[Function (anonymous)][39m,
      isNotBoolean: [36m[Function (anonymous)][39m,
      typeOf: [36m[Function (anonymous)][39m,
      notTypeOf: [36m[Function (anonymous)][39m,
      instanceOf: [36m[Function (anonymous)][39m,
      notInstanceOf: [36m[Function (anonymous)][39m,
      include: [36m[Function (anonymous)][39m,
      notInclude: [36m[Function (anonymous)][39m,
      deepInclude: [36m[Function (anonymous)][39m,
      notDeepInclude: [36m[Function (anonymous)][39m,
      nestedInclude: [36m[Function (anonymous)][39m,
      notNestedInclude: [36m[Function (anonymous)][39m,
      deepNestedInclude: [36m[Function (anonymous)][39m,
      notDeepNestedInclude: [36m[Function (anonymous)][39m,
      ownInclude: [36m[Function (anonymous)][39m,
      notOwnInclude: [36m[Function (anonymous)][39m,
      deepOwnInclude: [36m[Function (anonymous)][39m,
      notDeepOwnInclude: [36m[Function (anonymous)][39m,
      match: [36m[Function (anonymous)][39m,
      notMatch: [36m[Function (anonymous)][39m,
      property: [36m[Function (anonymous)][39m,
      notProperty: [36m[Function (anonymous)][39m,
      propertyVal: [36m[Function (anonymous)][39m,
      notPropertyVal: [36m[Function (anonymous)][39m,
      deepPropertyVal: [36m[Function (anonymous)][39m,
      notDeepPropertyVal: [36m[Function (anonymous)][39m,
      ownProperty: [36m[Function (anonymous)][39m,
      notOwnProperty: [36m[Function (anonymous)][39m,
      ownPropertyVal: [36m[Function (anonymous)][39m,
      notOwnPropertyVal: [36m[Function (anonymous)][39m,
      deepOwnPropertyVal: [36m[Function (anonymous)][39m,
      notDeepOwnPropertyVal: [36m[Function (anonymous)][39m,
      nestedProperty: [36m[Function (anonymous)][39m,
      notNestedProperty: [36m[Function (anonymous)][39m,
      nestedPropertyVal: [36m[Function (anonymous)][39m,
      notNestedPropertyVal: [36m[Function (anonymous)][39m,
      deepNestedPropertyVal: [36m[Function (anonymous)][39m,
      notDeepNestedPropertyVal: [36m[Function (anonymous)][39m,
      lengthOf: [36m[Function (anonymous)][39m,
      hasAnyKeys: [36m[Function (anonymous)][39m,
      hasAllKeys: [36m[Function (anonymous)][39m,
      containsAllKeys: [36m[Function (anonymous)][39m,
      doesNotHaveAnyKeys: [36m[Function (anonymous)][39m,
      doesNotHaveAllKeys: [36m[Function (anonymous)][39m,
      hasAnyDeepKeys: [36m[Function (anonymous)][39m,
      hasAllDeepKeys: [36m[Function (anonymous)][39m,
      containsAllDeepKeys: [36m[Function (anonymous)][39m,
      doesNotHaveAnyDeepKeys: [36m[Function (anonymous)][39m,
      doesNotHaveAllDeepKeys: [36m[Function (anonymous)][39m,
      throws: [36m[Function (anonymous)][39m,
      doesNotThrow: [36m[Function (anonymous)][39m,
      operator: [36m[Function (anonymous)][39m,
      closeTo: [36m[Function (anonymous)][39m,
      approximately: [36m[Function (anonymous)][39m,
      sameMembers: [36m[Function (anonymous)][39m,
      notSameMembers: [36m[Function (anonymous)][39m,
      sameDeepMembers: [36m[Function (anonymous)][39m,
      notSameDeepMembers: [36m[Function (anonymous)][39m,
      sameOrderedMembers: [36m[Function (anonymous)][39m,
      notSameOrderedMembers: [36m[Function (anonymous)][39m,
      sameDeepOrderedMembers: [36m[Function (anonymous)][39m,
      notSameDeepOrderedMembers: [36m[Function (anonymous)][39m,
      includeMembers: [36m[Function (anonymous)][39m,
      notIncludeMembers: [36m[Function (anonymous)][39m,
      includeDeepMembers: [36m[Function (anonymous)][39m,
      notIncludeDeepMembers: [36m[Function (anonymous)][39m,
      includeOrderedMembers: [36m[Function (anonymous)][39m,
      notIncludeOrderedMembers: [36m[Function (anonymous)][39m,
      includeDeepOrderedMembers: [36m[Function (anonymous)][39m,
      notIncludeDeepOrderedMembers: [36m[Function (anonymous)][39m,
      oneOf: [36m[Function (anonymous)][39m,
      isIterable: [36m[Function (anonymous)][39m,
      changes: [36m[Function (anonymous)][39m,
      changesBy: [36m[Function (anonymous)][39m,
      doesNotChange: [36m[Function (anonymous)][39m,
      changesButNotBy: [36m[Function (anonymous)][39m,
      increases: [36m[Function (anonymous)][39m,
      increasesBy: [36m[Function (anonymous)][39m,
      doesNotIncrease: [36m[Function (anonymous)][39m,
      increasesButNotBy: [36m[Function (anonymous)][39m,
      decreases: [36m[Function (anonymous)][39m,
      decreasesBy: [36m[Function (anonymous)][39m,
      doesNotDecrease: [36m[Function (anonymous)][39m,
      doesNotDecreaseBy: [36m[Function (anonymous)][39m,
      decreasesButNotBy: [36m[Function (anonymous)][39m,
      ifError: [36m[Function (anonymous)][39m,
      isExtensible: [36m[Function (anonymous)][39m,
      isNotExtensible: [36m[Function (anonymous)][39m,
      isSealed: [36m[Function (anonymous)][39m,
      isNotSealed: [36m[Function (anonymous)][39m,
      isFrozen: [36m[Function (anonymous)][39m,
      isNotFrozen: [36m[Function (anonymous)][39m,
      isEmpty: [36m[Function (anonymous)][39m,
      isNotEmpty: [36m[Function (anonymous)][39m,
      containsSubset: [36m[Function (anonymous)][39m,
      doesNotContainSubset: [36m[Function (anonymous)][39m,
      ok: [36m[Function (anonymous)][39m,
      notOk: [36m[Function (anonymous)][39m,
      throw: [36m[Function (anonymous)][39m,
      Throw: [36m[Function (anonymous)][39m,
      extensible: [36m[Function (anonymous)][39m,
      notExtensible: [36m[Function (anonymous)][39m,
      sealed: [36m[Function (anonymous)][39m,
      notSealed: [36m[Function (anonymous)][39m,
      frozen: [36m[Function (anonymous)][39m,
      notFrozen: [36m[Function (anonymous)][39m,
      empty: [36m[Function (anonymous)][39m,
      notEmpty: [36m[Function (anonymous)][39m,
      isFunction: [36m[Function (anonymous)][39m,
      isNotFunction: [36m[Function (anonymous)][39m,
      containSubset: [36m[Function (anonymous)][39m
    },
    config: {
      includeStack: [33mfalse[39m,
      showDiff: [33mtrue[39m,
      truncateThreshold: [33m40[39m,
      useProxy: [33mtrue[39m,
      proxyExcludedKeys: [36m[Array][39m,
      deepEqual: [1mnull[22m
    },
    expect: [Function: expect] {
      fail: [36m[Function (anonymous)][39m,
      extend: [36m[Function: methodWrapper][39m,
      addSnapshotSerializer: [36m[Function: methodWrapper][39m,
      anything: [36m[Function: methodWrapper][39m,
      any: [36m[Function: methodWrapper][39m,
      stringContaining: [36m[Function: methodWrapper][39m,
      objectContaining: [36m[Function: methodWrapper][39m,
      arrayContaining: [36m[Function: methodWrapper][39m,
      stringMatching: [36m[Function: methodWrapper][39m,
      closeTo: [36m[Function: methodWrapper][39m,
      schemaMatching: [36m[Function: methodWrapper][39m,
      not: [36m[Object][39m,
      __flags: [36m[Object: null prototype][39m
    },
    should: [36m[Function: loadShould][39m,
    use: [36m[Function: use][39m,
    util: {
      addChainableMethod: [36m[Getter][39m,
      addLengthGuard: [36m[Getter][39m,
      addMethod: [36m[Getter][39m,
      addProperty: [36m[Getter][39m,
      checkError: [36m[Getter][39m,
      compareByInspect: [36m[Getter][39m,
      eql: [36m[Getter][39m,
      events: [36m[Getter][39m,
      expectTypes: [36m[Getter][39m,
      flag: [36m[Getter][39m,
      getActual: [36m[Getter][39m,
      getMessage: [36m[Getter][39m,
      getName: [36m[Getter][39m,
      getOperator: [36m[Getter][39m,
      getOwnEnumerableProperties: [36m[Getter][39m,
      getOwnEnumerablePropertySymbols: [36m[Getter][39m,
      getPathInfo: [36m[Getter][39m,
      hasProperty: [36m[Getter][39m,
      inspect: [36m[Getter][39m,
      isNaN: [36m[Getter][39m,
      isNumeric: [36m[Getter][39m,
      isProxyEnabled: [36m[Getter][39m,
      isRegExp: [36m[Getter][39m,
      objDisplay: [36m[Getter][39m,
      overwriteChainableMethod: [36m[Getter][39m,
      overwriteMethod: [36m[Getter][39m,
      overwriteProperty: [36m[Getter][39m,
      proxify: [36m[Getter][39m,
      test: [36m[Getter][39m,
      transferFlags: [36m[Getter][39m,
      type: [36m[Getter][39m
    }
  },
  expect: [Function: expect] {
    fail: [36m[Function (anonymous)][39m,
    extend: [36m[Function (anonymous)][39m,
    addSnapshotSerializer: [36m[Function: methodWrapper][39m,
    anything: [36m[Function: methodWrapper][39m,
    any: [36m[Function: methodWrapper][39m,
    stringContaining: [36m[Function: methodWrapper][39m,
    objectContaining: [36m[Function: methodWrapper][39m,
    arrayContaining: [36m[Function: methodWrapper][39m,
    stringMatching: [36m[Function: methodWrapper][39m,
    closeTo: [36m[Function: methodWrapper][39m,
    schemaMatching: [36m[Function: methodWrapper][39m,
    not: {
      stringContaining: [36m[Function: stringContaining][39m,
      objectContaining: [36m[Function: objectContaining][39m,
      arrayContaining: [36m[Function: arrayContaining][39m,
      stringMatching: [36m[Function: stringMatching][39m,
      closeTo: [36m[Function: closeTo][39m,
      schemaMatching: [36m[Function: schemaMatching][39m,
      toSatisfy: [36m[Function: value][39m,
      toBeOneOf: [36m[Function: value][39m
    },
    getState: [36m[Function (anonymous)][39m,
    setState: [36m[Function (anonymous)][39m,
    assert: [Function: assert] {
      fail: [36m[Function (anonymous)][39m,
      isOk: [36m[Function (anonymous)][39m,
      isNotOk: [36m[Function (anonymous)][39m,
      equal: [36m[Function (anonymous)][39m,
      notEqual: [36m[Function (anonymous)][39m,
      strictEqual: [36m[Function (anonymous)][39m,
      notStrictEqual: [36m[Function (anonymous)][39m,
      deepStrictEqual: [36m[Function (anonymous)][39m,
      deepEqual: [36m[Function (anonymous)][39m,
      notDeepEqual: [36m[Function (anonymous)][39m,
      isAbove: [36m[Function (anonymous)][39m,
      isAtLeast: [36m[Function (anonymous)][39m,
      isBelow: [36m[Function (anonymous)][39m,
      isAtMost: [36m[Function (anonymous)][39m,
      isTrue: [36m[Function (anonymous)][39m,
      isNotTrue: [36m[Function (anonymous)][39m,
      isFalse: [36m[Function (anonymous)][39m,
      isNotFalse: [36m[Function (anonymous)][39m,
      isNull: [36m[Function (anonymous)][39m,
      isNotNull: [36m[Function (anonymous)][39m,
      isNaN: [36m[Function (anonymous)][39m,
      isNotNaN: [36m[Function (anonymous)][39m,
      exists: [36m[Function (anonymous)][39m,
      notExists: [36m[Function (anonymous)][39m,
      isUndefined: [36m[Function (anonymous)][39m,
      isDefined: [36m[Function (anonymous)][39m,
      isCallable: [36m[Function (anonymous)][39m,
      isNotCallable: [36m[Function (anonymous)][39m,
      isObject: [36m[Function (anonymous)][39m,
      isNotObject: [36m[Function (anonymous)][39m,
      isArray: [36m[Function (anonymous)][39m,
      isNotArray: [36m[Function (anonymous)][39m,
      isString: [36m[Function (anonymous)][39m,
      isNotString: [36m[Function (anonymous)][39m,
      isNumber: [36m[Function (anonymous)][39m,
      isNotNumber: [36m[Function (anonymous)][39m,
      isNumeric: [36m[Function (anonymous)][39m,
      isNotNumeric: [36m[Function (anonymous)][39m,
      isFinite: [36m[Function (anonymous)][39m,
      isBoolean: [36m[Function (anonymous)][39m,
      isNotBoolean: [36m[Function (anonymous)][39m,
      typeOf: [36m[Function (anonymous)][39m,
      notTypeOf: [36m[Function (anonymous)][39m,
      instanceOf: [36m[Function (anonymous)][39m,
      notInstanceOf: [36m[Function (anonymous)][39m,
      include: [36m[Function (anonymous)][39m,
      notInclude: [36m[Function (anonymous)][39m,
      deepInclude: [36m[Function (anonymous)][39m,
      notDeepInclude: [36m[Function (anonymous)][39m,
      nestedInclude: [36m[Function (anonymous)][39m,
      notNestedInclude: [36m[Function (anonymous)][39m,
      deepNestedInclude: [36m[Function (anonymous)][39m,
      notDeepNestedInclude: [36m[Function (anonymous)][39m,
      ownInclude: [36m[Function (anonymous)][39m,
      notOwnInclude: [36m[Function (anonymous)][39m,
      deepOwnInclude: [36m[Function (anonymous)][39m,
      notDeepOwnInclude: [36m[Function (anonymous)][39m,
      match: [36m[Function (anonymous)][39m,
      notMatch: [36m[Function (anonymous)][39m,
      property: [36m[Function (anonymous)][39m,
      notProperty: [36m[Function (anonymous)][39m,
      propertyVal: [36m[Function (anonymous)][39m,
      notPropertyVal: [36m[Function (anonymous)][39m,
      deepPropertyVal: [36m[Function (anonymous)][39m,
      notDeepPropertyVal: [36m[Function (anonymous)][39m,
      ownProperty: [36m[Function (anonymous)][39m,
      notOwnProperty: [36m[Function (anonymous)][39m,
      ownPropertyVal: [36m[Function (anonymous)][39m,
      notOwnPropertyVal: [36m[Function (anonymous)][39m,
      deepOwnPropertyVal: [36m[Function (anonymous)][39m,
      notDeepOwnPropertyVal: [36m[Function (anonymous)][39m,
      nestedProperty: [36m[Function (anonymous)][39m,
      notNestedProperty: [36m[Function (anonymous)][39m,
      nestedPropertyVal: [36m[Function (anonymous)][39m,
      notNestedPropertyVal: [36m[Function (anonymous)][39m,
      deepNestedPropertyVal: [36m[Function (anonymous)][39m,
      notDeepNestedPropertyVal: [36m[Function (anonymous)][39m,
      lengthOf: [36m[Function (anonymous)][39m,
      hasAnyKeys: [36m[Function (anonymous)][39m,
      hasAllKeys: [36m[Function (anonymous)][39m,
      containsAllKeys: [36m[Function (anonymous)][39m,
      doesNotHaveAnyKeys: [36m[Function (anonymous)][39m,
      doesNotHaveAllKeys: [36m[Function (anonymous)][39m,
      hasAnyDeepKeys: [36m[Function (anonymous)][39m,
      hasAllDeepKeys: [36m[Function (anonymous)][39m,
      containsAllDeepKeys: [36m[Function (anonymous)][39m,
      doesNotHaveAnyDeepKeys: [36m[Function (anonymous)][39m,
      doesNotHaveAllDeepKeys: [36m[Function (anonymous)][39m,
      throws: [36m[Function (anonymous)][39m,
      doesNotThrow: [36m[Function (anonymous)][39m,
      operator: [36m[Function (anonymous)][39m,
      closeTo: [36m[Function (anonymous)][39m,
      approximately: [36m[Function (anonymous)][39m,
      sameMembers: [36m[Function (anonymous)][39m,
      notSameMembers: [36m[Function (anonymous)][39m,
      sameDeepMembers: [36m[Function (anonymous)][39m,
      notSameDeepMembers: [36m[Function (anonymous)][39m,
      sameOrderedMembers: [36m[Function (anonymous)][39m,
      notSameOrderedMembers: [36m[Function (anonymous)][39m,
      sameDeepOrderedMembers: [36m[Function (anonymous)][39m,
      notSameDeepOrderedMembers: [36m[Function (anonymous)][39m,
      includeMembers: [36m[Function (anonymous)][39m,
      notIncludeMembers: [36m[Function (anonymous)][39m,
      includeDeepMembers: [36m[Function (anonymous)][39m,
      notIncludeDeepMembers: [36m[Function (anonymous)][39m,
      includeOrderedMembers: [36m[Function (anonymous)][39m,
      notIncludeOrderedMembers: [36m[Function (anonymous)][39m,
      includeDeepOrderedMembers: [36m[Function (anonymous)][39m,
      notIncludeDeepOrderedMembers: [36m[Function (anonymous)][39m,
      oneOf: [36m[Function (anonymous)][39m,
      isIterable: [36m[Function (anonymous)][39m,
      changes: [36m[Function (anonymous)][39m,
      changesBy: [36m[Function (anonymous)][39m,
      doesNotChange: [36m[Function (anonymous)][39m,
      changesButNotBy: [36m[Function (anonymous)][39m,
      increases: [36m[Function (anonymous)][39m,
      increasesBy: [36m[Function (anonymous)][39m,
      doesNotIncrease: [36m[Function (anonymous)][39m,
      increasesButNotBy: [36m[Function (anonymous)][39m,
      decreases: [36m[Function (anonymous)][39m,
      decreasesBy: [36m[Function (anonymous)][39m,
      doesNotDecrease: [36m[Function (anonymous)][39m,
      doesNotDecreaseBy: [36m[Function (anonymous)][39m,
      decreasesButNotBy: [36m[Function (anonymous)][39m,
      ifError: [36m[Function (anonymous)][39m,
      isExtensible: [36m[Function (anonymous)][39m,
      isNotExtensible: [36m[Function (anonymous)][39m,
      isSealed: [36m[Function (anonymous)][39m,
      isNotSealed: [36m[Function (anonymous)][39m,
      isFrozen: [36m[Function (anonymous)][39m,
      isNotFrozen: [36m[Function (anonymous)][39m,
      isEmpty: [36m[Function (anonymous)][39m,
      isNotEmpty: [36m[Function (anonymous)][39m,
      containsSubset: [36m[Function (anonymous)][39m,
      doesNotContainSubset: [36m[Function (anonymous)][39m,
      ok: [36m[Function (anonymous)][39m,
      notOk: [36m[Function (anonymous)][39m,
      throw: [36m[Function (anonymous)][39m,
      Throw: [36m[Function (anonymous)][39m,
      extensible: [36m[Function (anonymous)][39m,
      notExtensible: [36m[Function (anonymous)][39m,
      sealed: [36m[Function (anonymous)][39m,
      notSealed: [36m[Function (anonymous)][39m,
      frozen: [36m[Function (anonymous)][39m,
      notFrozen: [36m[Function (anonymous)][39m,
      empty: [36m[Function (anonymous)][39m,
      notEmpty: [36m[Function (anonymous)][39m,
      isFunction: [36m[Function (anonymous)][39m,
      isNotFunction: [36m[Function (anonymous)][39m,
      containSubset: [36m[Function (anonymous)][39m
    },
    addEqualityTesters: [36m[Function (anonymous)][39m,
    soft: [36m[Function (anonymous)][39m,
    poll: [36m[Function: poll][39m,
    unreachable: [36m[Function (anonymous)][39m,
    assertions: [36m[Function: methodWrapper][39m,
    hasAssertions: [36m[Function: methodWrapper][39m,
    toSatisfy: [36m[Function: customMatcher][39m,
    toBeOneOf: [36m[Function: customMatcher][39m,
    __flags: [Object: null prototype] { ssfi: [36m[Function: methodWrapper][39m }
  },
  assert: [Function: assert] {
    fail: [36m[Function (anonymous)][39m,
    isOk: [36m[Function (anonymous)][39m,
    isNotOk: [36m[Function (anonymous)][39m,
    equal: [36m[Function (anonymous)][39m,
    notEqual: [36m[Function (anonymous)][39m,
    strictEqual: [36m[Function (anonymous)][39m,
    notStrictEqual: [36m[Function (anonymous)][39m,
    deepStrictEqual: [36m[Function (anonymous)][39m,
    deepEqual: [36m[Function (anonymous)][39m,
    notDeepEqual: [36m[Function (anonymous)][39m,
    isAbove: [36m[Function (anonymous)][39m,
    isAtLeast: [36m[Function (anonymous)][39m,
    isBelow: [36m[Function (anonymous)][39m,
    isAtMost: [36m[Function (anonymous)][39m,
    isTrue: [36m[Function (anonymous)][39m,
    isNotTrue: [36m[Function (anonymous)][39m,
    isFalse: [36m[Function (anonymous)][39m,
    isNotFalse: [36m[Function (anonymous)][39m,
    isNull: [36m[Function (anonymous)][39m,
    isNotNull: [36m[Function (anonymous)][39m,
    isNaN: [36m[Function (anonymous)][39m,
    isNotNaN: [36m[Function (anonymous)][39m,
    exists: [36m[Function (anonymous)][39m,
    notExists: [36m[Function (anonymous)][39m,
    isUndefined: [36m[Function (anonymous)][39m,
    isDefined: [36m[Function (anonymous)][39m,
    isCallable: [36m[Function (anonymous)][39m,
    isNotCallable: [36m[Function (anonymous)][39m,
    isObject: [36m[Function (anonymous)][39m,
    isNotObject: [36m[Function (anonymous)][39m,
    isArray: [36m[Function (anonymous)][39m,
    isNotArray: [36m[Function (anonymous)][39m,
    isString: [36m[Function (anonymous)][39m,
    isNotString: [36m[Function (anonymous)][39m,
    isNumber: [36m[Function (anonymous)][39m,
    isNotNumber: [36m[Function (anonymous)][39m,
    isNumeric: [36m[Function (anonymous)][39m,
    isNotNumeric: [36m[Function (anonymous)][39m,
    isFinite: [36m[Function (anonymous)][39m,
    isBoolean: [36m[Function (anonymous)][39m,
    isNotBoolean: [36m[Function (anonymous)][39m,
    typeOf: [36m[Function (anonymous)][39m,
    notTypeOf: [36m[Function (anonymous)][39m,
    instanceOf: [36m[Function (anonymous)][39m,
    notInstanceOf: [36m[Function (anonymous)][39m,
    include: [36m[Function (anonymous)][39m,
    notInclude: [36m[Function (anonymous)][39m,
    deepInclude: [36m[Function (anonymous)][39m,
    notDeepInclude: [36m[Function (anonymous)][39m,
    nestedInclude: [36m[Function (anonymous)][39m,
    notNestedInclude: [36m[Function (anonymous)][39m,
    deepNestedInclude: [36m[Function (anonymous)][39m,
    notDeepNestedInclude: [36m[Function (anonymous)][39m,
    ownInclude: [36m[Function (anonymous)][39m,
    notOwnInclude: [36m[Function (anonymous)][39m,
    deepOwnInclude: [36m[Function (anonymous)][39m,
    notDeepOwnInclude: [36m[Function (anonymous)][39m,
    match: [36m[Function (anonymous)][39m,
    notMatch: [36m[Function (anonymous)][39m,
    property: [36m[Function (anonymous)][39m,
    notProperty: [36m[Function (anonymous)][39m,
    propertyVal: [36m[Function (anonymous)][39m,
    notPropertyVal: [36m[Function (anonymous)][39m,
    deepPropertyVal: [36m[Function (anonymous)][39m,
    notDeepPropertyVal: [36m[Function (anonymous)][39m,
    ownProperty: [36m[Function (anonymous)][39m,
    notOwnProperty: [36m[Function (anonymous)][39m,
    ownPropertyVal: [36m[Function (anonymous)][39m,
    notOwnPropertyVal: [36m[Function (anonymous)][39m,
    deepOwnPropertyVal: [36m[Function (anonymous)][39m,
    notDeepOwnPropertyVal: [36m[Function (anonymous)][39m,
    nestedProperty: [36m[Function (anonymous)][39m,
    notNestedProperty: [36m[Function (anonymous)][39m,
    nestedPropertyVal: [36m[Function (anonymous)][39m,
    notNestedPropertyVal: [36m[Function (anonymous)][39m,
    deepNestedPropertyVal: [36m[Function (anonymous)][39m,
    notDeepNestedPropertyVal: [36m[Function (anonymous)][39m,
    lengthOf: [36m[Function (anonymous)][39m,
    hasAnyKeys: [36m[Function (anonymous)][39m,
    hasAllKeys: [36m[Function (anonymous)][39m,
    containsAllKeys: [36m[Function (anonymous)][39m,
    doesNotHaveAnyKeys: [36m[Function (anonymous)][39m,
    doesNotHaveAllKeys: [36m[Function (anonymous)][39m,
    hasAnyDeepKeys: [36m[Function (anonymous)][39m,
    hasAllDeepKeys: [36m[Function (anonymous)][39m,
    containsAllDeepKeys: [36m[Function (anonymous)][39m,
    doesNotHaveAnyDeepKeys: [36m[Function (anonymous)][39m,
    doesNotHaveAllDeepKeys: [36m[Function (anonymous)][39m,
    throws: [36m[Function (anonymous)][39m,
    doesNotThrow: [36m[Function (anonymous)][39m,
    operator: [36m[Function (anonymous)][39m,
    closeTo: [36m[Function (anonymous)][39m,
    approximately: [36m[Function (anonymous)][39m,
    sameMembers: [36m[Function (anonymous)][39m,
    notSameMembers: [36m[Function (anonymous)][39m,
    sameDeepMembers: [36m[Function (anonymous)][39m,
    notSameDeepMembers: [36m[Function (anonymous)][39m,
    sameOrderedMembers: [36m[Function (anonymous)][39m,
    notSameOrderedMembers: [36m[Function (anonymous)][39m,
    sameDeepOrderedMembers: [36m[Function (anonymous)][39m,
    notSameDeepOrderedMembers: [36m[Function (anonymous)][39m,
    includeMembers: [36m[Function (anonymous)][39m,
    notIncludeMembers: [36m[Function (anonymous)][39m,
    includeDeepMembers: [36m[Function (anonymous)][39m,
    notIncludeDeepMembers: [36m[Function (anonymous)][39m,
    includeOrderedMembers: [36m[Function (anonymous)][39m,
    notIncludeOrderedMembers: [36m[Function (anonymous)][39m,
    includeDeepOrderedMembers: [36m[Function (anonymous)][39m,
    notIncludeDeepOrderedMembers: [36m[Function (anonymous)][39m,
    oneOf: [36m[Function (anonymous)][39m,
    isIterable: [36m[Function (anonymous)][39m,
    changes: [36m[Function (anonymous)][39m,
    changesBy: [36m[Function (anonymous)][39m,
    doesNotChange: [36m[Function (anonymous)][39m,
    changesButNotBy: [36m[Function (anonymous)][39m,
    increases: [36m[Function (anonymous)][39m,
    increasesBy: [36m[Function (anonymous)][39m,
    doesNotIncrease: [36m[Function (anonymous)][39m,
    increasesButNotBy: [36m[Function (anonymous)][39m,
    decreases: [36m[Function (anonymous)][39m,
    decreasesBy: [36m[Function (anonymous)][39m,
    doesNotDecrease: [36m[Function (anonymous)][39m,
    doesNotDecreaseBy: [36m[Function (anonymous)][39m,
    decreasesButNotBy: [36m[Function (anonymous)][39m,
    ifError: [36m[Function (anonymous)][39m,
    isExtensible: [36m[Function (anonymous)][39m,
    isNotExtensible: [36m[Function (anonymous)][39m,
    isSealed: [36m[Function (anonymous)][39m,
    isNotSealed: [36m[Function (anonymous)][39m,
    isFrozen: [36m[Function (anonymous)][39m,
    isNotFrozen: [36m[Function (anonymous)][39m,
    isEmpty: [36m[Function (anonymous)][39m,
    isNotEmpty: [36m[Function (anonymous)][39m,
    containsSubset: [36m[Function (anonymous)][39m,
    doesNotContainSubset: [36m[Function (anonymous)][39m,
    ok: [36m[Function (anonymous)][39m,
    notOk: [36m[Function (anonymous)][39m,
    throw: [36m[Function (anonymous)][39m,
    Throw: [36m[Function (anonymous)][39m,
    extensible: [36m[Function (anonymous)][39m,
    notExtensible: [36m[Function (anonymous)][39m,
    sealed: [36m[Function (anonymous)][39m,
    notSealed: [36m[Function (anonymous)][39m,
    frozen: [36m[Function (anonymous)][39m,
    notFrozen: [36m[Function (anonymous)][39m,
    empty: [36m[Function (anonymous)][39m,
    notEmpty: [36m[Function (anonymous)][39m,
    isFunction: [36m[Function (anonymous)][39m,
    isNotFunction: [36m[Function (anonymous)][39m,
    containSubset: [36m[Function (anonymous)][39m
  },
  expectTypeOf: [36m[Function: expectTypeOf][39m,
  assertType: [36m[Function: assertType][39m,
  vitest: {
    useFakeTimers: [36m[Function: useFakeTimers][39m,
    isFakeTimers: [36m[Function: isFakeTimers][39m,
    useRealTimers: [36m[Function: useRealTimers][39m,
    runOnlyPendingTimers: [36m[Function: runOnlyPendingTimers][39m,
    runOnlyPendingTimersAsync: [36m[AsyncFunction: runOnlyPendingTimersAsync][39m,
    runAllTimers: [36m[Function: runAllTimers][39m,
    runAllTimersAsync: [36m[AsyncFunction: runAllTimersAsync][39m,
    runAllTicks: [36m[Function: runAllTicks][39m,
    advanceTimersByTime: [36m[Function: advanceTimersByTime][39m,
    advanceTimersByTimeAsync: [36m[AsyncFunction: advanceTimersByTimeAsync][39m,
    advanceTimersToNextTimer: [36m[Function: advanceTimersToNextTimer][39m,
    advanceTimersToNextTimerAsync: [36m[AsyncFunction: advanceTimersToNextTimerAsync][39m,
    advanceTimersToNextFrame: [36m[Function: advanceTimersToNextFrame][39m,
    getTimerCount: [36m[Function: getTimerCount][39m,
    setSystemTime: [36m[Function: setSystemTime][39m,
    getMockedSystemTime: [36m[Function: getMockedSystemTime][39m,
    getRealSystemTime: [36m[Function: getRealSystemTime][39m,
    clearAllTimers: [36m[Function: clearAllTimers][39m,
    spyOn: [36m[Function: spyOn][39m,
    fn: [36m[Function: fn][39m,
    waitFor: [36m[Function: waitFor][39m,
    waitUntil: [36m[Function: waitUntil][39m,
    hoisted: [36m[Function: hoisted][39m,
    mock: [36m[Function: mock][39m,
    unmock: [36m[Function: unmock][39m,
    doMock: [36m[Function: doMock][39m,
    doUnmock: [36m[Function: doUnmock][39m,
    importActual: [36m[AsyncFunction: importActual][39m,
    importMock: [36m[AsyncFunction: importMock][39m,
    mockObject: [36m[Function: mockObject][39m,
    mocked: [36m[Function: mocked][39m,
    isMockFunction: [36m[Function: isMockFunction][39m,
    clearAllMocks: [36m[Function: clearAllMocks][39m,
    resetAllMocks: [36m[Function: resetAllMocks][39m,
    restoreAllMocks: [36m[Function: restoreAllMocks][39m,
    stubGlobal: [36m[Function: stubGlobal][39m,
    stubEnv: [36m[Function: stubEnv][39m,
    unstubAllGlobals: [36m[Function: unstubAllGlobals][39m,
    unstubAllEnvs: [36m[Function: unstubAllEnvs][39m,
    resetModules: [36m[Function: resetModules][39m,
    dynamicImportSettled: [36m[AsyncFunction: dynamicImportSettled][39m,
    setConfig: [36m[Function: setConfig][39m,
    resetConfig: [36m[Function: resetConfig][39m
  },
  vi: {
    useFakeTimers: [36m[Function: useFakeTimers][39m,
    isFakeTimers: [36m[Function: isFakeTimers][39m,
    useRealTimers: [36m[Function: useRealTimers][39m,
    runOnlyPendingTimers: [36m[Function: runOnlyPendingTimers][39m,
    runOnlyPendingTimersAsync: [36m[AsyncFunction: runOnlyPendingTimersAsync][39m,
    runAllTimers: [36m[Function: runAllTimers][39m,
    runAllTimersAsync: [36m[AsyncFunction: runAllTimersAsync][39m,
    runAllTicks: [36m[Function: runAllTicks][39m,
    advanceTimersByTime: [36m[Function: advanceTimersByTime][39m,
    advanceTimersByTimeAsync: [36m[AsyncFunction: advanceTimersByTimeAsync][39m,
    advanceTimersToNextTimer: [36m[Function: advanceTimersToNextTimer][39m,
    advanceTimersToNextTimerAsync: [36m[AsyncFunction: advanceTimersToNextTimerAsync][39m,
    advanceTimersToNextFrame: [36m[Function: advanceTimersToNextFrame][39m,
    getTimerCount: [36m[Function: getTimerCount][39m,
    setSystemTime: [36m[Function: setSystemTime][39m,
    getMockedSystemTime: [36m[Function: getMockedSystemTime][39m,
    getRealSystemTime: [36m[Function: getRealSystemTime][39m,
    clearAllTimers: [36m[Function: clearAllTimers][39m,
    spyOn: [36m[Function: spyOn][39m,
    fn: [36m[Function: fn][39m,
    waitFor: [36m[Function: waitFor][39m,
    waitUntil: [36m[Function: waitUntil][39m,
    hoisted: [36m[Function: hoisted][39m,
    mock: [36m[Function: mock][39m,
    unmock: [36m[Function: unmock][39m,
    doMock: [36m[Function: doMock][39m,
    doUnmock: [36m[Function: doUnmock][39m,
    importActual: [36m[AsyncFunction: importActual][39m,
    importMock: [36m[AsyncFunction: importMock][39m,
    mockObject: [36m[Function: mockObject][39m,
    mocked: [36m[Function: mocked][39m,
    isMockFunction: [36m[Function: isMockFunction][39m,
    clearAllMocks: [36m[Function: clearAllMocks][39m,
    resetAllMocks: [36m[Function: resetAllMocks][39m,
    restoreAllMocks: [36m[Function: restoreAllMocks][39m,
    stubGlobal: [36m[Function: stubGlobal][39m,
    stubEnv: [36m[Function: stubEnv][39m,
    unstubAllGlobals: [36m[Function: unstubAllGlobals][39m,
    unstubAllEnvs: [36m[Function: unstubAllEnvs][39m,
    resetModules: [36m[Function: resetModules][39m,
    dynamicImportSettled: [36m[AsyncFunction: dynamicImportSettled][39m,
    setConfig: [36m[Function: setConfig][39m,
    resetConfig: [36m[Function: resetConfig][39m
  },
  beforeAll: [36m[Function: beforeAll][39m,
  afterAll: [36m[Function: afterAll][39m,
  beforeEach: [36m[Function: beforeEach][39m,
  afterEach: [36m[Function: afterEach][39m,
  onTestFinished: [36m[Function (anonymous)][39m,
  onTestFailed: [36m[Function (anonymous)][39m,
  __vitest_required__: {
    util: {
      _errnoException: [36m[Function: _errnoException][39m,
      _exceptionWithHostPort: [36m[Function: _exceptionWithHostPort][39m,
      _extend: [36m[Function: deprecated][39m,
      callbackify: [36m[Function: callbackify][39m,
      debug: [36m[Function: debuglog][39m,
      debuglog: [36m[Function: debuglog][39m,
      deprecate: [36m[Function: deprecate][39m,
      format: [36m[Function: format][39m,
      styleText: [36m[Function: styleText][39m,
      formatWithOptions: [36m[Function: formatWithOptions][39m,
      getCallSite: [36m[Function: deprecated][39m,
      getCallSites: [36m[Function: getCallSites][39m,
      getSystemErrorMap: [36m[Function: getSystemErrorMap][39m,
      getSystemErrorName: [36m[Function: getSystemErrorName][39m,
      getSystemErrorMessage: [36m[Function: getSystemErrorMessage][39m,
      inherits: [36m[Function: inherits][39m,
      inspect: [36m[Function][39m,
      isArray: [36m[Function: deprecated][39m,
      isBoolean: [36m[Function: deprecated][39m,
      isBuffer: [36m[Function: deprecated][39m,
      isDeepStrictEqual: [36m[Function: isDeepStrictEqual][39m,
      isNull: [36m[Function: deprecated][39m,
      isNullOrUndefined: [36m[Function: deprecated][39m,
      isNumber: [36m[Function: deprecated][39m,
      isString: [36m[Function: deprecated][39m,
      isSymbol: [36m[Function: deprecated][39m,
      isUndefined: [36m[Function: deprecated][39m,
      isRegExp: [36m[Function: deprecated][39m,
      isObject: [36m[Function: deprecated][39m,
      isDate: [36m[Function: deprecated][39m,
      isError: [36m[Function: deprecated][39m,
      isFunction: [36m[Function: deprecated][39m,
      isPrimitive: [36m[Function: deprecated][39m,
      log: [36m[Function: deprecated][39m,
      promisify: [36m[Function][39m,
      stripVTControlCharacters: [36m[Function: stripVTControlCharacters][39m,
      toUSVString: [36m[Function: toUSVString][39m,
      transferableAbortSignal: [36m[Getter][39m,
      transferableAbortController: [36m[Getter][39m,
      aborted: [36m[Getter][39m,
      types: [36m[Object][39m,
      parseEnv: [36m[Function: parseEnv][39m,
      parseArgs: [36m[Function: parseArgs][39m,
      TextDecoder: [36m[class TextDecoder][39m,
      TextEncoder: [36m[class TextEncoder][39m,
      MIMEType: [36m[class MIMEType][39m,
      MIMEParams: [36m[class MIMEParams][39m,
      diff: [36m[Function: diff][39m,
      setTraceSigInt: [36m[Function: setTraceSigInt][39m
    },
    timers: {
      setTimeout: [36m[Function][39m,
      clearTimeout: [36m[Function: clearTimeout][39m,
      setImmediate: [36m[Function][39m,
      clearImmediate: [36m[Function: clearImmediate][39m,
      setInterval: [36m[Function: setInterval][39m,
      clearInterval: [36m[Function: clearInterval][39m,
      _unrefActive: [36m[Function: deprecated][39m,
      active: [36m[Function: deprecated][39m,
      unenroll: [36m[Function: deprecated][39m,
      enroll: [36m[Function: deprecated][39m,
      promises: [36m[Getter][39m
    },
    timersPromises: {
      setTimeout: [36m[Function: setTimeout][39m,
      setImmediate: [36m[Function: setImmediate][39m,
      setInterval: [36m[AsyncGeneratorFunction: setInterval][39m,
      scheduler: [36m[Scheduler][39m
    }
  },
  ch: [33m107[39m,
  [[32mSymbol(vitest:SAFE_TIMERS)[39m]: {
    nextTick: [36m[Function: nextTick][39m,
    setTimeout: [Function: setTimeout] {
      [[32mSymbol(nodejs.util.promisify.custom)[39m]: [36m[Getter][39m
    },
    setInterval: [36m[Function: setInterval][39m,
    clearInterval: [36m[Function: clearInterval][39m,
    clearTimeout: [36m[Function: clearTimeout][39m,
    setImmediate: [Function: setImmediate] {
      [[32mSymbol(nodejs.util.promisify.custom)[39m]: [36m[Getter][39m
    },
    clearImmediate: [36m[Function: clearImmediate][39m,
    queueMicrotask: [36m[Function: queueMicrotask][39m
  }
}

[90mstderr[2m | src/components/__tests__/tutorial-spotlight.test.ts[2m > [22m[2mTutorialSpotlight[2m > 
[22m[2mStep Display[2m > [22m[2mshould have Skip button
[22m[39mBaseComponent.on: Target is not HTMLElement, Document, or Window [36m<ref *1>[39m Object [global] {
  global: [36m[Circular *1][39m,
  clearImmediate: [Function: clearImmediate] {
    hadOwnProperty: [33mtrue[39m,
    clock: {
      now: [33m1764681223200[39m,
      Date: [36m[Function][39m,
      loopLimit: [33m10000[39m,
      Intl: [36m[Object][39m,
      requestIdleCallback: [36m[Function: requestIdleCallback][39m,
      cancelIdleCallback: [36m[Function: cancelIdleCallback][39m,
      setTimeout: [36m[Function][39m,
      clearTimeout: [36m[Function][39m,
      nextTick: [36m[Function: nextTick][39m,
      queueMicrotask: [36m[Function: queueMicrotask][39m,
      setInterval: [36m[Function][39m,
      clearInterval: [36m[Function][39m,
      setImmediate: [36m[Function][39m,
      clearImmediate: [36m[Function][39m,
      countTimers: [36m[Function: countTimers][39m,
      requestAnimationFrame: [36m[Function][39m,
      cancelAnimationFrame: [36m[Function][39m,
      runMicrotasks: [36m[Function: runMicrotasks][39m,
      tick: [36m[Function: tick][39m,
      tickAsync: [36m[Function: tickAsync][39m,
      next: [36m[Function: next][39m,
      nextAsync: [36m[Function: nextAsync][39m,
      runAll: [36m[Function: runAll][39m,
      runToFrame: [36m[Function: runToFrame][39m,
      runAllAsync: [36m[Function: runAllAsync][39m,
      runToLast: [36m[Function: runToLast][39m,
      runToLastAsync: [36m[Function: runToLastAsync][39m,
      reset: [36m[Function: reset][39m,
      setSystemTime: [36m[Function: setSystemTime][39m,
      jump: [36m[Function: jump][39m,
      performance: [36m[Object: null prototype][39m,
      hrtime: [36m[Function][39m,
      shouldClearNativeTimers: [33mtrue[39m,
      uninstall: [36m[Function (anonymous)][39m,
      abortListenerMap: Map(0) {},
      methods: [36m[Array][39m,
      _setTimeout: [36m[Function][39m,
      _clearTimeout: [36m[Function: clearTimeout][39m,
      _setInterval: [36m[Function: setInterval][39m,
      _clearInterval: [36m[Function: clearInterval][39m,
      _Date: [36m[Function: Date][39m,
      _setImmediate: [36m[Function][39m,
      _clearImmediate: [36m[Function: clearImmediate][39m,
      _hrtime: [36m[Function][39m,
      _performance: [36m[Performance][39m,
      _requestAnimationFrame: [36m[Function: bound ][39m,
      _cancelAnimationFrame: [36m[Function: bound ][39m,
      _Intl: Object [Intl] {}
    }
  },
  setImmediate: [Function: setImmediate] {
    hadOwnProperty: [33mtrue[39m,
    clock: {
      now: [33m1764681223200[39m,
      Date: [36m[Function][39m,
      loopLimit: [33m10000[39m,
      Intl: [36m[Object][39m,
      requestIdleCallback: [36m[Function: requestIdleCallback][39m,
      cancelIdleCallback: [36m[Function: cancelIdleCallback][39m,
      setTimeout: [36m[Function][39m,
      clearTimeout: [36m[Function][39m,
      nextTick: [36m[Function: nextTick][39m,
      queueMicrotask: [36m[Function: queueMicrotask][39m,
      setInterval: [36m[Function][39m,
      clearInterval: [36m[Function][39m,
      setImmediate: [36m[Function][39m,
      clearImmediate: [36m[Function][39m,
      countTimers: [36m[Function: countTimers][39m,
      requestAnimationFrame: [36m[Function][39m,
      cancelAnimationFrame: [36m[Function][39m,
      runMicrotasks: [36m[Function: runMicrotasks][39m,
      tick: [36m[Function: tick][39m,
      tickAsync: [36m[Function: tickAsync][39m,
      next: [36m[Function: next][39m,
      nextAsync: [36m[Function: nextAsync][39m,
      runAll: [36m[Function: runAll][39m,
      runToFrame: [36m[Function: runToFrame][39m,
      runAllAsync: [36m[Function: runAllAsync][39m,
      runToLast: [36m[Function: runToLast][39m,
      runToLastAsync: [36m[Function: runToLastAsync][39m,
      reset: [36m[Function: reset][39m,
      setSystemTime: [36m[Function: setSystemTime][39m,
      jump: [36m[Function: jump][39m,
      performance: [36m[Object: null prototype][39m,
      hrtime: [36m[Function][39m,
      shouldClearNativeTimers: [33mtrue[39m,
      uninstall: [36m[Function (anonymous)][39m,
      abortListenerMap: Map(0) {},
      methods: [36m[Array][39m,
      _setTimeout: [36m[Function][39m,
      _clearTimeout: [36m[Function: clearTimeout][39m,
      _setInterval: [36m[Function: setInterval][39m,
      _clearInterval: [36m[Function: clearInterval][39m,
      _Date: [36m[Function: Date][39m,
      _setImmediate: [36m[Function][39m,
      _clearImmediate: [36m[Function: clearImmediate][39m,
      _hrtime: [36m[Function][39m,
      _performance: [36m[Performance][39m,
      _requestAnimationFrame: [36m[Function: bound ][39m,
      _cancelAnimationFrame: [36m[Function: bound ][39m,
      _Intl: Object [Intl] {}
    },
    [[32mSymbol(nodejs.util.promisify.custom)[39m]: [36m[Function: promisifiedSetImmediate][39m
  },
  clearInterval: [Function: clearInterval] {
    hadOwnProperty: [33mtrue[39m,
    clock: {
      now: [33m1764681223200[39m,
      Date: [36m[Function][39m,
      loopLimit: [33m10000[39m,
      Intl: [36m[Object][39m,
      requestIdleCallback: [36m[Function: requestIdleCallback][39m,
      cancelIdleCallback: [36m[Function: cancelIdleCallback][39m,
      setTimeout: [36m[Function][39m,
      clearTimeout: [36m[Function][39m,
      nextTick: [36m[Function: nextTick][39m,
      queueMicrotask: [36m[Function: queueMicrotask][39m,
      setInterval: [36m[Function][39m,
      clearInterval: [36m[Function][39m,
      setImmediate: [36m[Function][39m,
      clearImmediate: [36m[Function][39m,
      countTimers: [36m[Function: countTimers][39m,
      requestAnimationFrame: [36m[Function][39m,
      cancelAnimationFrame: [36m[Function][39m,
      runMicrotasks: [36m[Function: runMicrotasks][39m,
      tick: [36m[Function: tick][39m,
      tickAsync: [36m[Function: tickAsync][39m,
      next: [36m[Function: next][39m,
      nextAsync: [36m[Function: nextAsync][39m,
      runAll: [36m[Function: runAll][39m,
      runToFrame: [36m[Function: runToFrame][39m,
      runAllAsync: [36m[Function: runAllAsync][39m,
      runToLast: [36m[Function: runToLast][39m,
      runToLastAsync: [36m[Function: runToLastAsync][39m,
      reset: [36m[Function: reset][39m,
      setSystemTime: [36m[Function: setSystemTime][39m,
      jump: [36m[Function: jump][39m,
      performance: [36m[Object: null prototype][39m,
      hrtime: [36m[Function][39m,
      shouldClearNativeTimers: [33mtrue[39m,
      uninstall: [36m[Function (anonymous)][39m,
      abortListenerMap: Map(0) {},
      methods: [36m[Array][39m,
      _setTimeout: [36m[Function][39m,
      _clearTimeout: [36m[Function: clearTimeout][39m,
      _setInterval: [36m[Function: setInterval][39m,
      _clearInterval: [36m[Function: clearInterval][39m,
      _Date: [36m[Function: Date][39m,
      _setImmediate: [36m[Function][39m,
      _clearImmediate: [36m[Function: clearImmediate][39m,
      _hrtime: [36m[Function][39m,
      _performance: [36m[Performance][39m,
      _requestAnimationFrame: [36m[Function: bound ][39m,
      _cancelAnimationFrame: [36m[Function: bound ][39m,
      _Intl: Object [Intl] {}
    }
  },
  clearTimeout: [Function: clearTimeout] {
    hadOwnProperty: [33mtrue[39m,
    clock: {
      now: [33m1764681223200[39m,
      Date: [36m[Function][39m,
      loopLimit: [33m10000[39m,
      Intl: [36m[Object][39m,
      requestIdleCallback: [36m[Function: requestIdleCallback][39m,
      cancelIdleCallback: [36m[Function: cancelIdleCallback][39m,
      setTimeout: [36m[Function][39m,
      clearTimeout: [36m[Function][39m,
      nextTick: [36m[Function: nextTick][39m,
      queueMicrotask: [36m[Function: queueMicrotask][39m,
      setInterval: [36m[Function][39m,
      clearInterval: [36m[Function][39m,
      setImmediate: [36m[Function][39m,
      clearImmediate: [36m[Function][39m,
      countTimers: [36m[Function: countTimers][39m,
      requestAnimationFrame: [36m[Function][39m,
      cancelAnimationFrame: [36m[Function][39m,
      runMicrotasks: [36m[Function: runMicrotasks][39m,
      tick: [36m[Function: tick][39m,
      tickAsync: [36m[Function: tickAsync][39m,
      next: [36m[Function: next][39m,
      nextAsync: [36m[Function: nextAsync][39m,
      runAll: [36m[Function: runAll][39m,
      runToFrame: [36m[Function: runToFrame][39m,
      runAllAsync: [36m[Function: runAllAsync][39m,
      runToLast: [36m[Function: runToLast][39m,
      runToLastAsync: [36m[Function: runToLastAsync][39m,
      reset: [36m[Function: reset][39m,
      setSystemTime: [36m[Function: setSystemTime][39m,
      jump: [36m[Function: jump][39m,
      performance: [36m[Object: null prototype][39m,
      hrtime: [36m[Function][39m,
      shouldClearNativeTimers: [33mtrue[39m,
      uninstall: [36m[Function (anonymous)][39m,
      abortListenerMap: Map(0) {},
      methods: [36m[Array][39m,
      _setTimeout: [36m[Function][39m,
      _clearTimeout: [36m[Function: clearTimeout][39m,
      _setInterval: [36m[Function: setInterval][39m,
      _clearInterval: [36m[Function: clearInterval][39m,
      _Date: [36m[Function: Date][39m,
      _setImmediate: [36m[Function][39m,
      _clearImmediate: [36m[Function: clearImmediate][39m,
      _hrtime: [36m[Function][39m,
      _performance: [36m[Performance][39m,
      _requestAnimationFrame: [36m[Function: bound ][39m,
      _cancelAnimationFrame: [36m[Function: bound ][39m,
      _Intl: Object [Intl] {}
    }
  },
  setInterval: [Function: setInterval] {
    hadOwnProperty: [33mtrue[39m,
    clock: {
      now: [33m1764681223200[39m,
      Date: [36m[Function][39m,
      loopLimit: [33m10000[39m,
      Intl: [36m[Object][39m,
      requestIdleCallback: [36m[Function: requestIdleCallback][39m,
      cancelIdleCallback: [36m[Function: cancelIdleCallback][39m,
      setTimeout: [36m[Function][39m,
      clearTimeout: [36m[Function][39m,
      nextTick: [36m[Function: nextTick][39m,
      queueMicrotask: [36m[Function: queueMicrotask][39m,
      setInterval: [36m[Function][39m,
      clearInterval: [36m[Function][39m,
      setImmediate: [36m[Function][39m,
      clearImmediate: [36m[Function][39m,
      countTimers: [36m[Function: countTimers][39m,
      requestAnimationFrame: [36m[Function][39m,
      cancelAnimationFrame: [36m[Function][39m,
      runMicrotasks: [36m[Function: runMicrotasks][39m,
 [32mΓ£ô[39m src/components/__tests__/dye-selector.test.ts[2m > [22mDyeSelector[2m > [22mcompareDyes branch coverage[2m > [22mshould sort by saturation with tiebreaker for brightness[32m 64[2mms[22m[39m
 [32mΓ£ô[39m src/components/__tests__/dye-selector.test.ts[2m > [22mDyeSelector[2m > [22mcompareDyes branch coverage[2m > [22mshould sort by category then alphabetically[32m 63[2mms[22m[39m
      tick: [36m[Function: tick][39m,
      tickAsync: [36m[Function: tickAsync][39m,
      next: [36m[Function: next][39m,
      nextAsync: [36m[Function: nextAsync][39m,
      runAll: [36m[Function: runAll][39m,
      runToFrame: [36m[Function: runToFrame][39m,
      runAllAsync: [36m[Function: runAllAsync][39m,
      runToLast: [36m[Function: runToLast][39m,
      runToLastAsync: [36m[Function: runToLastAsync][39m,
      reset: [36m[Function: reset][39m,
      setSystemTime: [36m[Function: setSystemTime][39m,
      jump: [36m[Function: jump][39m,
      performance: [36m[Object: null prototype][39m,
      hrtime: [36m[Function][39m,
      shouldClearNativeTimers: [33mtrue[39m,
      uninstall: [36m[Function (anonymous)][39m,
      abortListenerMap: Map(0) {},
      methods: [36m[Array][39m,
      _setTimeout: [36m[Function][39m,
      _clearTimeout: [36m[Function: clearTimeout][39m,
      _setInterval: [36m[Function: setInterval][39m,
      _clearInterval: [36m[Function: clearInterval][39m,
      _Date: [36m[Function: Date][39m,
      _setImmediate: [36m[Function][39m,
      _clearImmediate: [36m[Function: clearImmediate][39m,
      _hrtime: [36m[Function][39m,
      _performance: [36m[Performance][39m,
      _requestAnimationFrame: [36m[Function: bound ][39m,
      _cancelAnimationFrame: [36m[Function: bound ][39m,
      _Intl: Object [Intl] {}
    }
  },
  setTimeout: [Function: setTimeout] {
    hadOwnProperty: [33mtrue[39m,
    clock: {
      now: [33m1764681223200[39m,
      Date: [36m[Function][39m,
      loopLimit: [33m10000[39m,
      Intl: [36m[Object][39m,
      requestIdleCallback: [36m[Function: requestIdleCallback][39m,
      cancelIdleCallback: [36m[Function: cancelIdleCallback][39m,
      setTimeout: [36m[Function][39m,
      clearTimeout: [36m[Function][39m,
      nextTick: [36m[Function: nextTick][39m,
      queueMicrotask: [36m[Function: queueMicrotask][39m,
      setInterval: [36m[Function][39m,
      clearInterval: [36m[Function][39m,
      setImmediate: [36m[Function][39m,
      clearImmediate: [36m[Function][39m,
      countTimers: [36m[Function: countTimers][39m,
      requestAnimationFrame: [36m[Function][39m,
      cancelAnimationFrame: [36m[Function][39m,
      runMicrotasks: [36m[Function: runMicrotasks][39m,
      tick: [36m[Function: tick][39m,
      tickAsync: [36m[Function: tickAsync][39m,
      next: [36m[Function: next][39m,
      nextAsync: [36m[Function: nextAsync][39m,
      runAll: [36m[Function: runAll][39m,
      runToFrame: [36m[Function: runToFrame][39m,
      runAllAsync: [36m[Function: runAllAsync][39m,
      runToLast: [36m[Function: runToLast][39m,
      runToLastAsync: [36m[Function: runToLastAsync][39m,
      reset: [36m[Function: reset][39m,
      setSystemTime: [36m[Function: setSystemTime][39m,
      jump: [36m[Function: jump][39m,
      performance: [36m[Object: null prototype][39m,
      hrtime: [36m[Function][39m,
      shouldClearNativeTimers: [33mtrue[39m,
      uninstall: [36m[Function (anonymous)][39m,
      abortListenerMap: Map(0) {},
      methods: [36m[Array][39m,
      _setTimeout: [36m[Function][39m,
      _clearTimeout: [36m[Function: clearTimeout][39m,
      _setInterval: [36m[Function: setInterval][39m,
      _clearInterval: [36m[Function: clearInterval][39m,
      _Date: [36m[Function: Date][39m,
      _setImmediate: [36m[Function][39m,
      _clearImmediate: [36m[Function: clearImmediate][39m,
      _hrtime: [36m[Function][39m,
      _performance: [36m[Performance][39m,
      _requestAnimationFrame: [36m[Function: bound ][39m,
      _cancelAnimationFrame: [36m[Function: bound ][39m,
      _Intl: Object [Intl] {}
    },
    [[32mSymbol(nodejs.util.promisify.custom)[39m]: [36m[Function: promisifiedSetTimeout][39m
  },
  queueMicrotask: [36m[Function: queueMicrotask][39m,
  structuredClone: [36m[Function: structuredClone][39m,
  atob: [36m[Function: atob][39m,
  btoa: [36m[Function: btoa][39m,
  performance: [36m[Getter/Setter][39m,
  fetch: [36m[Function: fetch][39m,
  navigator: [36m[Getter/Setter][39m,
  crypto: [36m[Getter][39m,
  window: [36m[Circular *1][39m,
  self: [36m[Circular *1][39m,
  top: [36m[Circular *1][39m,
  parent: [36m[Circular *1][39m,
  jsdom: JSDOM {
    [[32mSymbol(window)[39m]: [36m<ref *2>[39m Window {
      StyleSheet: [36m[Function: StyleSheet][39m,
      MediaList: [36m[Function: MediaList][39m,
      CSSStyleSheet: [36m[Function: CSSStyleSheet][39m,
      CSSRule: [36m[Function][39m,
      CSSStyleRule: [36m[Function][39m,
      CSSMediaRule: [36m[Function: CSSMediaRule][39m,
      CSSImportRule: [36m[Function: CSSImportRule][39m,
      CSSStyleDeclaration: [36m[class CSSStyleDeclaration][39m,
      XPathException: [36m[Function][39m,
      XPathExpression: [36m[Function: XPathExpression][39m,
      XPathResult: [36m[Function][39m,
      XPathEvaluator: [36m[Function: XPathEvaluator][39m,
      onafterprint: [36m[Getter/Setter][39m,
      onbeforeprint: [36m[Getter/Setter][39m,
      onbeforeunload: [36m[Getter/Setter][39m,
      onhashchange: [36m[Getter/Setter][39m,
      onlanguagechange: [36m[Getter/Setter][39m,
      onmessage: [36m[Getter/Setter][39m,
      onmessageerror: [36m[Getter/Setter][39m,
      onoffline: [36m[Getter/Setter][39m,
      ononline: [36m[Getter/Setter][39m,
      onpagehide: [36m[Getter/Setter][39m,
      onpageshow: [36m[Getter/Setter][39m,
      onpopstate: [36m[Getter/Setter][39m,
      onrejectionhandled: [36m[Getter/Setter][39m,
      onstorage: [36m[Getter/Setter][39m,
      onunhandledrejection: [36m[Getter/Setter][39m,
      onunload: [36m[Getter/Setter][39m,
      onblur: [36m[Getter/Setter][39m,
      onerror: [36m[Getter/Setter][39m,
      onfocus: [36m[Getter/Setter][39m,
      onload: [36m[Getter/Setter][39m,
      onresize: [36m[Getter/Setter][39m,
      onscroll: [36m[Getter/Setter][39m,
      onabort: [36m[Getter/Setter][39m,
      onauxclick: [36m[Getter/Setter][39m,
      onbeforeinput: [36m[Getter/Setter][39m,
      onbeforematch: [36m[Getter/Setter][39m,
      onbeforetoggle: [36m[Getter/Setter][39m,
      oncancel: [36m[Getter/Setter][39m,
      oncanplay: [36m[Getter/Setter][39m,
      oncanplaythrough: [36m[Getter/Setter][39m,
      onchange: [36m[Getter/Setter][39m,
      onclick: [36m[Getter/Setter][39m,
      onclose: [36m[Getter/Setter][39m,
      oncontextlost: [36m[Getter/Setter][39m,
      oncontextmenu: [36m[Getter/Setter][39m,
      oncontextrestored: [36m[Getter/Setter][39m,
      oncopy: [36m[Getter/Setter][39m,
      oncuechange: [36m[Getter/Setter][39m,
      oncut: [36m[Getter/Setter][39m,
      ondblclick: [36m[Getter/Setter][39m,
      ondrag: [36m[Getter/Setter][39m,
      ondragend: [36m[Getter/Setter][39m,
      ondragenter: [36m[Getter/Setter][39m,
      ondragleave: [36m[Getter/Setter][39m,
      ondragover: [36m[Getter/Setter][39m,
      ondragstart: [36m[Getter/Setter][39m,
      ondrop: [36m[Getter/Setter][39m,
      ondurationchange: [36m[Getter/Setter][39m,
      onemptied: [36m[Getter/Setter][39m,
      onended: [36m[Getter/Setter][39m,
      onformdata: [36m[Getter/Setter][39m,
      oninput: [36m[Getter/Setter][39m,
      oninvalid: [36m[Getter/Setter][39m,
      onkeydown: [36m[Getter/Setter][39m,
      onkeypress: [36m[Getter/Setter][39m,
      onkeyup: [36m[Getter/Setter][39m,
      onloadeddata: [36m[Getter/Setter][39m,
      onloadedmetadata: [36m[Getter/Setter][39m,
      onloadstart: [36m[Getter/Setter][39m,
      onmousedown: [36m[Getter/Setter][39m,
      onmouseenter: [36m[Getter/Setter][39m,
      onmouseleave: [36m[Getter/Setter][39m,
      onmousemove: [36m[Getter/Setter][39m,
      onmouseout: [36m[Getter/Setter][39m,
      onmouseover: [36m[Getter/Setter][39m,
      onmouseup: [36m[Getter/Setter][39m,
      onpaste: [36m[Getter/Setter][39m,
      onpause: [36m[Getter/Setter][39m,
      onplay: [36m[Getter/Setter][39m,
      onplaying: [36m[Getter/Setter][39m,
      onprogress: [36m[Getter/Setter][39m,
      onratechange: [36m[Getter/Setter][39m,
      onreset: [36m[Getter/Setter][39m,
      onscrollend: [36m[Getter/Setter][39m,
      onsecuritypolicyviolation: [36m[Getter/Setter][39m,
      onseeked: [36m[Getter/Setter][39m,
      onseeking: [36m[Getter/Setter][39m,
      onselect: [36m[Getter/Setter][39m,
      onslotchange: [36m[Getter/Setter][39m,
      onstalled: [36m[Getter/Setter][39m,
      onsubmit: [36m[Getter/Setter][39m,
      onsuspend: [36m[Getter/Setter][39m,
      ontimeupdate: [36m[Getter/Setter][39m,
      ontoggle: [36m[Getter/Setter][39m,
      onvolumechange: [36m[Getter/Setter][39m,
      onwaiting: [36m[Getter/Setter][39m,
      onwebkitanimationend: [36m[Getter/Setter][39m,
      onwebkitanimationiteration: [36m[Getter/Setter][39m,
      onwebkitanimationstart: [36m[Getter/Setter][39m,
      onwebkittransitionend: [36m[Getter/Setter][39m,
      onwheel: [36m[Getter/Setter][39m,
      ontouchstart: [36m[Getter/Setter][39m,
      ontouchend: [36m[Getter/Setter][39m,
      ontouchmove: [36m[Getter/Setter][39m,
      ontouchcancel: [36m[Getter/Setter][39m,
      _registeredHandlers: Set(0) {},
      _eventHandlers: [Object: null prototype] {},
      onautocomplete: [36m[Getter/Setter][39m,
      onautocompleteerror: [36m[Getter/Setter][39m,
      onsort: [36m[Getter/Setter][39m,
      _globalObject: [36m[Circular *2][39m,
      _resourceLoader: [36m[NoOpResourceLoader][39m,
      _globalProxy: [36m[Object [Window]][39m,
      _document: [36m[Document][39m,
      _origin: [32m'http://localhost:3000'[39m,
      _sessionHistory: [36m[SessionHistory][39m,
      _virtualConsole: [36m[VirtualConsole][39m,
      _runScripts: [32m'dangerously'[39m,
      _top: [36m[Object [Window]][39m,
      _parent: [36m[Object [Window]][39m,
      _frameElement: [1mnull[22m,
      _length: [33m0[39m,
      _currentEvent: [90mundefined[39m,
      _pretendToBeVisual: [33mtrue[39m,
      _storageQuota: [33m5000000[39m,
      _commonForOrigin: [36m[Object][39m,
      _currentOriginData: [36m[Object][39m,
      _localStorage: Storage {},
      _sessionStorage: Storage {},
      _selection: [36m[SelectionImpl][39m,
      getSelection: [36m[Function (anonymous)][39m,
      _customElementRegistry: CustomElementRegistry {},
      length: [36m[Getter/Setter][39m,
      window: [36m[Getter][39m,
      frameElement: [36m[Getter][39m,
      frames: [36m[Getter/Setter][39m,
      self: [36m[Getter/Setter][39m,
      parent: [36m[Getter/Setter][39m,
      top: [36m[Getter][39m,
      document: [36m[Getter][39m,
      external: [36m[Getter/Setter][39m,
      location: [36m[Getter/Setter][39m,
      history: [36m[Getter][39m,
      navigator: [36m[Getter][39m,
      locationbar: [36m[Getter/Setter][39m,
      menubar: [36m[Getter/Setter][39m,
      personalbar: [36m[Getter/Setter][39m,
      scrollbars: [36m[Getter/Setter][39m,
      statusbar: [36m[Getter/Setter][39m,
      toolbar: [36m[Getter/Setter][39m,
      performance: [36m[Getter][39m,
      screen: [36m[Getter/Setter][39m,
      crypto: [36m[Getter][39m,
      origin: [36m[Getter/Setter][39m,
      localStorage: [36m[Getter][39m,
      sessionStorage: [36m[Getter][39m,
      customElements: [36m[Getter][39m,
      event: [36m[Getter/Setter][39m,
      setTimeout: [36m[Function (anonymous)][39m,
      setInterval: [36m[Function (anonymous)][39m,
      clearTimeout: [36m[Function (anonymous)][39m,
      clearInterval: [36m[Function (anonymous)][39m,
      queueMicrotask: [36m[Function (anonymous)][39m,
      requestAnimationFrame: [36m[Function (anonymous)][39m,
      cancelAnimationFrame: [36m[Function (anonymous)][39m,
      postMessage: [36m[Function (anonymous)][39m,
      atob: [36m[Function (anonymous)][39m,
      btoa: [36m[Function (anonymous)][39m,
      stop: [36m[Function (anonymous)][39m,
      close: [36m[Function (anonymous)][39m,
      getComputedStyle: [36m[Function (anonymous)][39m,
      captureEvents: [36m[Function (anonymous)][39m,
      releaseEvents: [36m[Function (anonymous)][39m,
      console: [36m[Object][39m,
      name: [32m''[39m,
      status: [32m''[39m,
      devicePixelRatio: [33m1[39m,
      innerWidth: [33m1024[39m,
      innerHeight: [33m768[39m,
      outerWidth: [33m1024[39m,
      outerHeight: [33m768[39m,
      pageXOffset: [33m0[39m,
      pageYOffset: [33m0[39m,
      screenX: [33m0[39m,
      screenLeft: [33m0[39m,
      screenY: [33m0[39m,
      screenTop: [33m0[39m,
      scrollX: [33m0[39m,
      scrollY: [33m0[39m,
      alert: [36m[Function (anonymous)][39m,
      blur: [36m[Function (anonymous)][39m,
      confirm: [36m[Function (anonymous)][39m,
      focus: [36m[Function (anonymous)][39m,
      moveBy: [36m[Function (anonymous)][39m,
      moveTo: [36m[Function (anonymous)][39m,
      open: [36m[Function (anonymous)][39m,
      print: [36m[Function (anonymous)][39m,
      prompt: [36m[Function (anonymous)][39m,
      resizeBy: [36m[Function (anonymous)][39m,
      resizeTo: [36m[Function (anonymous)][39m,
      scroll: [36m[Function (anonymous)][39m,
      scrollBy: [36m[Function (anonymous)][39m,
      scrollTo: [36m[Function (anonymous)][39m,
      [32m'test-container'[39m: [36m[Getter/Setter][39m,
      [32m'tutorial-target'[39m: [36m[Getter/Setter][39m,
      [[32mSymbol([webidl2js] constructor registry)[39m]: [36m[Object: null prototype][39m,
      [[32mSymbol(named property tracker)[39m]: [36m[NamedPropertiesTracker][39m
    }
  },
  suite: [Function: chain] {
    each: [36m[Function (anonymous)][39m,
    for: [36m[Function (anonymous)][39m,
    skipIf: [36m[Function (anonymous)][39m,
    runIf: [36m[Function (anonymous)][39m,
    withContext: [36m[Function (anonymous)][39m,
    setContext: [36m[Function (anonymous)][39m,
    mergeContext: [36m[Function (anonymous)][39m,
    fn: [Function: suiteFn] {
      each: [36m[Function (anonymous)][39m,
      for: [36m[Function (anonymous)][39m,
      skipIf: [36m[Function (anonymous)][39m,
      runIf: [36m[Function (anonymous)][39m
    }
  },
  test: [Function: chain] {
    each: [36m[Function (anonymous)][39m,
    for: [36m[Function (anonymous)][39m,
    skipIf: [36m[Function (anonymous)][39m,
    runIf: [36m[Function (anonymous)][39m,
    scoped: [36m[Function (anonymous)][39m,
    extend: [36m[Function (anonymous)][39m,
    beforeEach: [36m[Function: beforeEach][39m,
    afterEach: [36m[Function: afterEach][39m,
    beforeAll: [36m[Function: beforeAll][39m,
    afterAll: [36m[Function: afterAll][39m,
    withContext: [36m[Function (anonymous)][39m,
    setContext: [36m[Function (anonymous)][39m,
    mergeContext: [36m[Function (anonymous)][39m,
    fn: [Function (anonymous)] {
      each: [36m[Function (anonymous)][39m,
      for: [36m[Function (anonymous)][39m,
      skipIf: [36m[Function (anonymous)][39m,
      runIf: [36m[Function (anonymous)][39m,
      scoped: [36m[Function (anonymous)][39m,
      extend: [36m[Function (anonymous)][39m,
      beforeEach: [36m[Function: beforeEach][39m,
      afterEach: [36m[Function: afterEach][39m,
      beforeAll: [36m[Function: beforeAll][39m,
      afterAll: [36m[Function: afterAll][39m
    }
  },
  describe: [Function: chain] {
    each: [36m[Function (anonymous)][39m,
    for: [36m[Function (anonymous)][39m,
    skipIf: [36m[Function (anonymous)][39m,
    runIf: [36m[Function (anonymous)][39m,
    withContext: [36m[Function (anonymous)][39m,
    setContext: [36m[Function (anonymous)][39m,
    mergeContext: [36m[Function (anonymous)][39m,
    fn: [Function: suiteFn] {
      each: [36m[Function (anonymous)][39m,
      for: [36m[Function (anonymous)][39m,
      skipIf: [36m[Function (anonymous)][39m,
      runIf: [36m[Function (anonymous)][39m
    }
  },
  it: [Function: chain] {
    each: [36m[Function (anonymous)][39m,
    for: [36m[Function (anonymous)][39m,
    skipIf: [36m[Function (anonymous)][39m,
    runIf: [36m[Function (anonymous)][39m,
    scoped: [36m[Function (anonymous)][39m,
    extend: [36m[Function (anonymous)][39m,
    beforeEach: [36m[Function: beforeEach][39m,
    afterEach: [36m[Function: afterEach][39m,
    beforeAll: [36m[Function: beforeAll][39m,
    afterAll: [36m[Function: afterAll][39m,
    withContext: [36m[Function (anonymous)][39m,
    setContext: [36m[Function (anonymous)][39m,
    mergeContext: [36m[Function (anonymous)][39m,
    fn: [Function (anonymous)] {
      each: [36m[Function (anonymous)][39m,
      for: [36m[Function (anonymous)][39m,
      skipIf: [36m[Function (anonymous)][39m,
      runIf: [36m[Function (anonymous)][39m,
      scoped: [36m[Function (anonymous)][39m,
      extend: [36m[Function (anonymous)][39m,
      beforeEach: [36m[Function: beforeEach][39m,
      afterEach: [36m[Function: afterEach][39m,
      beforeAll: [36m[Function: beforeAll][39m,
      afterAll: [36m[Function: afterAll][39m
    }
  },
  chai: [Module: null prototype] {
    Assertion: [36m[class Assertion][39m,
    AssertionError: [36m[class AssertionError extends Error][39m,
    Should: [36m[Function: loadShould][39m,
    assert: [Function: assert] {
      fail: [36m[Function (anonymous)][39m,
      isOk: [36m[Function (anonymous)][39m,
      isNotOk: [36m[Function (anonymous)][39m,
      equal: [36m[Function (anonymous)][39m,
      notEqual: [36m[Function (anonymous)][39m,
      strictEqual: [36m[Function (anonymous)][39m,
      notStrictEqual: [36m[Function (anonymous)][39m,
      deepStrictEqual: [36m[Function (anonymous)][39m,
      deepEqual: [36m[Function (anonymous)][39m,
      notDeepEqual: [36m[Function (anonymous)][39m,
      isAbove: [36m[Function (anonymous)][39m,
      isAtLeast: [36m[Function (anonymous)][39m,
      isBelow: [36m[Function (anonymous)][39m,
      isAtMost: [36m[Function (anonymous)][39m,
      isTrue: [36m[Function (anonymous)][39m,
      isNotTrue: [36m[Function (anonymous)][39m,
      isFalse: [36m[Function (anonymous)][39m,
      isNotFalse: [36m[Function (anonymous)][39m,
      isNull: [36m[Function (anonymous)][39m,
      isNotNull: [36m[Function (anonymous)][39m,
      isNaN: [36m[Function (anonymous)][39m,
      isNotNaN: [36m[Function (anonymous)][39m,
      exists: [36m[Function (anonymous)][39m,
      notExists: [36m[Function (anonymous)][39m,
      isUndefined: [36m[Function (anonymous)][39m,
      isDefined: [36m[Function (anonymous)][39m,
      isCallable: [36m[Function (anonymous)][39m,
      isNotCallable: [36m[Function (anonymous)][39m,
      isObject: [36m[Function (anonymous)][39m,
      isNotObject: [36m[Function (anonymous)][39m,
      isArray: [36m[Function (anonymous)][39m,
      isNotArray: [36m[Function (anonymous)][39m,
      isString: [36m[Function (anonymous)][39m,
      isNotString: [36m[Function (anonymous)][39m,
      isNumber: [36m[Function (anonymous)][39m,
      isNotNumber: [36m[Function (anonymous)][39m,
      isNumeric: [36m[Function (anonymous)][39m,
      isNotNumeric: [36m[Function (anonymous)][39m,
      isFinite: [36m[Function (anonymous)][39m,
      isBoolean: [36m[Function (anonymous)][39m,
      isNotBoolean: [36m[Function (anonymous)][39m,
      typeOf: [36m[Function (anonymous)][39m,
      notTypeOf: [36m[Function (anonymous)][39m,
      instanceOf: [36m[Function (anonymous)][39m,
      notInstanceOf: [36m[Function (anonymous)][39m,
      include: [36m[Function (anonymous)][39m,
      notInclude: [36m[Function (anonymous)][39m,
      deepInclude: [36m[Function (anonymous)][39m,
      notDeepInclude: [36m[Function (anonymous)][39m,
      nestedInclude: [36m[Function (anonymous)][39m,
      notNestedInclude: [36m[Function (anonymous)][39m,
      deepNestedInclude: [36m[Function (anonymous)][39m,
      notDeepNestedInclude: [36m[Function (anonymous)][39m,
      ownInclude: [36m[Function (anonymous)][39m,
      notOwnInclude: [36m[Function (anonymous)][39m,
      deepOwnInclude: [36m[Function (anonymous)][39m,
      notDeepOwnInclude: [36m[Function (anonymous)][39m,
      match: [36m[Function (anonymous)][39m,
      notMatch: [36m[Function (anonymous)][39m,
      property: [36m[Function (anonymous)][39m,
      notProperty: [36m[Function (anonymous)][39m,
      propertyVal: [36m[Function (anonymous)][39m,
      notPropertyVal: [36m[Function (anonymous)][39m,
      deepPropertyVal: [36m[Function (anonymous)][39m,
      notDeepPropertyVal: [36m[Function (anonymous)][39m,
      ownProperty: [36m[Function (anonymous)][39m,
      notOwnProperty: [36m[Function (anonymous)][39m,
      ownPropertyVal: [36m[Function (anonymous)][39m,
      notOwnPropertyVal: [36m[Function (anonymous)][39m,
      deepOwnPropertyVal: [36m[Function (anonymous)][39m,
      notDeepOwnPropertyVal: [36m[Function (anonymous)][39m,
      nestedProperty: [36m[Function (anonymous)][39m,
      notNestedProperty: [36m[Function (anonymous)][39m,
      nestedPropertyVal: [36m[Function (anonymous)][39m,
      notNestedPropertyVal: [36m[Function (anonymous)][39m,
      deepNestedPropertyVal: [36m[Function (anonymous)][39m,
      notDeepNestedPropertyVal: [36m[Function (anonymous)][39m,
      lengthOf: [36m[Function (anonymous)][39m,
      hasAnyKeys: [36m[Function (anonymous)][39m,
      hasAllKeys: [36m[Function (anonymous)][39m,
      containsAllKeys: [36m[Function (anonymous)][39m,
      doesNotHaveAnyKeys: [36m[Function (anonymous)][39m,
      doesNotHaveAllKeys: [36m[Function (anonymous)][39m,
      hasAnyDeepKeys: [36m[Function (anonymous)][39m,
      hasAllDeepKeys: [36m[Function (anonymous)][39m,
      containsAllDeepKeys: [36m[Function (anonymous)][39m,
      doesNotHaveAnyDeepKeys: [36m[Function (anonymous)][39m,
      doesNotHaveAllDeepKeys: [36m[Function (anonymous)][39m,
      throws: [36m[Function (anonymous)][39m,
      doesNotThrow: [36m[Function (anonymous)][39m,
      operator: [36m[Function (anonymous)][39m,
      closeTo: [36m[Function (anonymous)][39m,
      approximately: [36m[Function (anonymous)][39m,
      sameMembers: [36m[Function (anonymous)][39m,
      notSameMembers: [36m[Function (anonymous)][39m,
      sameDeepMembers: [36m[Function (anonymous)][39m,
      notSameDeepMembers: [36m[Function (anonymous)][39m,
      sameOrderedMembers: [36m[Function (anonymous)][39m,
      notSameOrderedMembers: [36m[Function (anonymous)][39m,
      sameDeepOrderedMembers: [36m[Function (anonymous)][39m,
      notSameDeepOrderedMembers: [36m[Function (anonymous)][39m,
      includeMembers: [36m[Function (anonymous)][39m,
      notIncludeMembers: [36m[Function (anonymous)][39m,
      includeDeepMembers: [36m[Function (anonymous)][39m,
      notIncludeDeepMembers: [36m[Function (anonymous)][39m,
      includeOrderedMembers: [36m[Function (anonymous)][39m,
      notIncludeOrderedMembers: [36m[Function (anonymous)][39m,
      includeDeepOrderedMembers: [36m[Function (anonymous)][39m,
      notIncludeDeepOrderedMembers: [36m[Function (anonymous)][39m,
      oneOf: [36m[Function (anonymous)][39m,
      isIterable: [36m[Function (anonymous)][39m,
      changes: [36m[Function (anonymous)][39m,
      changesBy: [36m[Function (anonymous)][39m,
      doesNotChange: [36m[Function (anonymous)][39m,
      changesButNotBy: [36m[Function (anonymous)][39m,
      increases: [36m[Function (anonymous)][39m,
      increasesBy: [36m[Function (anonymous)][39m,
      doesNotIncrease: [36m[Function (anonymous)][39m,
      increasesButNotBy: [36m[Function (anonymous)][39m,
      decreases: [36m[Function (anonymous)][39m,
      decreasesBy: [36m[Function (anonymous)][39m,
      doesNotDecrease: [36m[Function (anonymous)][39m,
      doesNotDecreaseBy: [36m[Function (anonymous)][39m,
      decreasesButNotBy: [36m[Function (anonymous)][39m,
      ifError: [36m[Function (anonymous)][39m,
      isExtensible: [36m[Function (anonymous)][39m,
      isNotExtensible: [36m[Function (anonymous)][39m,
      isSealed: [36m[Function (anonymous)][39m,
      isNotSealed: [36m[Function (anonymous)][39m,
      isFrozen: [36m[Function (anonymous)][39m,
      isNotFrozen: [36m[Function (anonymous)][39m,
      isEmpty: [36m[Function (anonymous)][39m,
      isNotEmpty: [36m[Function (anonymous)][39m,
      containsSubset: [36m[Function (anonymous)][39m,
      doesNotContainSubset: [36m[Function (anonymous)][39m,
      ok: [36m[Function (anonymous)][39m,
      notOk: [36m[Function (anonymous)][39m,
      throw: [36m[Function (anonymous)][39m,
      Throw: [36m[Function (anonymous)][39m,
      extensible: [36m[Function (anonymous)][39m,
      notExtensible: [36m[Function (anonymous)][39m,
      sealed: [36m[Function (anonymous)][39m,
      notSealed: [36m[Function (anonymous)][39m,
      frozen: [36m[Function (anonymous)][39m,
      notFrozen: [36m[Function (anonymous)][39m,
      empty: [36m[Function (anonymous)][39m,
      notEmpty: [36m[Function (anonymous)][39m,
      isFunction: [36m[Function (anonymous)][39m,
      isNotFunction: [36m[Function (anonymous)][39m,
      containSubset: [36m[Function (anonymous)][39m
    },
    config: {
      includeStack: [33mfalse[39m,
      showDiff: [33mtrue[39m,
      truncateThreshold: [33m40[39m,
      useProxy: [33mtrue[39m,
      proxyExcludedKeys: [36m[Array][39m,
      deepEqual: [1mnull[22m
    },
    expect: [Function: expect] {
      fail: [36m[Function (anonymous)][39m,
      extend: [36m[Function: methodWrapper][39m,
      addSnapshotSerializer: [36m[Function: methodWrapper][39m,
      anything: [36m[Function: methodWrapper][39m,
      any: [36m[Function: methodWrapper][39m,
      stringContaining: [36m[Function: methodWrapper][39m,
      objectContaining: [36m[Function: methodWrapper][39m,
      arrayContaining: [36m[Function: methodWrapper][39m,
      stringMatching: [36m[Function: methodWrapper][39m,
      closeTo: [36m[Function: methodWrapper][39m,
      schemaMatching: [36m[Function: methodWrapper][39m,
      not: [36m[Object][39m,
      __flags: [36m[Object: null prototype][39m
    },
    should: [36m[Function: loadShould][39m,
    use: [36m[Function: use][39m,
    util: {
      addChainableMethod: [36m[Getter][39m,
      addLengthGuard: [36m[Getter][39m,
      addMethod: [36m[Getter][39m,
      addProperty: [36m[Getter][39m,
      checkError: [36m[Getter][39m,
      compareByInspect: [36m[Getter][39m,
      eql: [36m[Getter][39m,
      events: [36m[Getter][39m,
      expectTypes: [36m[Getter][39m,
      flag: [36m[Getter][39m,
      getActual: [36m[Getter][39m,
      getMessage: [36m[Getter][39m,
      getName: [36m[Getter][39m,
      getOperator: [36m[Getter][39m,
      getOwnEnumerableProperties: [36m[Getter][39m,
      getOwnEnumerablePropertySymbols: [36m[Getter][39m,
      getPathInfo: [36m[Getter][39m,
      hasProperty: [36m[Getter][39m,
      inspect: [36m[Getter][39m,
      isNaN: [36m[Getter][39m,
      isNumeric: [36m[Getter][39m,
      isProxyEnabled: [36m[Getter][39m,
      isRegExp: [36m[Getter][39m,
      objDisplay: [36m[Getter][39m,
      overwriteChainableMethod: [36m[Getter][39m,
      overwriteMethod: [36m[Getter][39m,
      overwriteProperty: [36m[Getter][39m,
      proxify: [36m[Getter][39m,
      test: [36m[Getter][39m,
      transferFlags: [36m[Getter][39m,
      type: [36m[Getter][39m
    }
  },
  expect: [Function: expect] {
    fail: [36m[Function (anonymous)][39m,
    extend: [36m[Function (anonymous)][39m,
    addSnapshotSerializer: [36m[Function: methodWrapper][39m,
    anything: [36m[Function: methodWrapper][39m,
    any: [36m[Function: methodWrapper][39m,
    stringContaining: [36m[Function: methodWrapper][39m,
    objectContaining: [36m[Function: methodWrapper][39m,
    arrayContaining: [36m[Function: methodWrapper][39m,
    stringMatching: [36m[Function: methodWrapper][39m,
    closeTo: [36m[Function: methodWrapper][39m,
    schemaMatching: [36m[Function: methodWrapper][39m,
    not: {
      stringContaining: [36m[Function: stringContaining][39m,
      objectContaining: [36m[Function: objectContaining][39m,
      arrayContaining: [36m[Function: arrayContaining][39m,
      stringMatching: [36m[Function: stringMatching][39m,
      closeTo: [36m[Function: closeTo][39m,
      schemaMatching: [36m[Function: schemaMatching][39m,
      toSatisfy: [36m[Function: value][39m,
      toBeOneOf: [36m[Function: value][39m
    },
    getState: [36m[Function (anonymous)][39m,
    setState: [36m[Function (anonymous)][39m,
    assert: [Function: assert] {
      fail: [36m[Function (anonymous)][39m,
      isOk: [36m[Function (anonymous)][39m,
      isNotOk: [36m[Function (anonymous)][39m,
      equal: [36m[Function (anonymous)][39m,
      notEqual: [36m[Function (anonymous)][39m,
      strictEqual: [36m[Function (anonymous)][39m,
      notStrictEqual: [36m[Function (anonymous)][39m,
      deepStrictEqual: [36m[Function (anonymous)][39m,
      deepEqual: [36m[Function (anonymous)][39m,
      notDeepEqual: [36m[Function (anonymous)][39m,
      isAbove: [36m[Function (anonymous)][39m,
      isAtLeast: [36m[Function (anonymous)][39m,
      isBelow: [36m[Function (anonymous)][39m,
      isAtMost: [36m[Function (anonymous)][39m,
      isTrue: [36m[Function (anonymous)][39m,
      isNotTrue: [36m[Function (anonymous)][39m,
      isFalse: [36m[Function (anonymous)][39m,
      isNotFalse: [36m[Function (anonymous)][39m,
      isNull: [36m[Function (anonymous)][39m,
      isNotNull: [36m[Function (anonymous)][39m,
      isNaN: [36m[Function (anonymous)][39m,
      isNotNaN: [36m[Function (anonymous)][39m,
      exists: [36m[Function (anonymous)][39m,
      notExists: [36m[Function (anonymous)][39m,
      isUndefined: [36m[Function (anonymous)][39m,
      isDefined: [36m[Function (anonymous)][39m,
      isCallable: [36m[Function (anonymous)][39m,
      isNotCallable: [36m[Function (anonymous)][39m,
      isObject: [36m[Function (anonymous)][39m,
      isNotObject: [36m[Function (anonymous)][39m,
      isArray: [36m[Function (anonymous)][39m,
      isNotArray: [36m[Function (anonymous)][39m,
      isString: [36m[Function (anonymous)][39m,
      isNotString: [36m[Function (anonymous)][39m,
      isNumber: [36m[Function (anonymous)][39m,
      isNotNumber: [36m[Function (anonymous)][39m,
      isNumeric: [36m[Function (anonymous)][39m,
      isNotNumeric: [36m[Function (anonymous)][39m,
      isFinite: [36m[Function (anonymous)][39m,
      isBoolean: [36m[Function (anonymous)][39m,
      isNotBoolean: [36m[Function (anonymous)][39m,
      typeOf: [36m[Function (anonymous)][39m,
      notTypeOf: [36m[Function (anonymous)][39m,
      instanceOf: [36m[Function (anonymous)][39m,
      notInstanceOf: [36m[Function (anonymous)][39m,
      include: [36m[Function (anonymous)][39m,
      notInclude: [36m[Function (anonymous)][39m,
      deepInclude: [36m[Function (anonymous)][39m,
      notDeepInclude: [36m[Function (anonymous)][39m,
      nestedInclude: [36m[Function (anonymous)][39m,
      notNestedInclude: [36m[Function (anonymous)][39m,
      deepNestedInclude: [36m[Function (anonymous)][39m,
      notDeepNestedInclude: [36m[Function (anonymous)][39m,
      ownInclude: [36m[Function (anonymous)][39m,
      notOwnInclude: [36m[Function (anonymous)][39m,
      deepOwnInclude: [36m[Function (anonymous)][39m,
      notDeepOwnInclude: [36m[Function (anonymous)][39m,
      match: [36m[Function (anonymous)][39m,
      notMatch: [36m[Function (anonymous)][39m,
      property: [36m[Function (anonymous)][39m,
      notProperty: [36m[Function (anonymous)][39m,
      propertyVal: [36m[Function (anonymous)][39m,
      notPropertyVal: [36m[Function (anonymous)][39m,
      deepPropertyVal: [36m[Function (anonymous)][39m,
      notDeepPropertyVal: [36m[Function (anonymous)][39m,
      ownProperty: [36m[Function (anonymous)][39m,
      notOwnProperty: [36m[Function (anonymous)][39m,
      ownPropertyVal: [36m[Function (anonymous)][39m,
      notOwnPropertyVal: [36m[Function (anonymous)][39m,
      deepOwnPropertyVal: [36m[Function (anonymous)][39m,
      notDeepOwnPropertyVal: [36m[Function (anonymous)][39m,
      nestedProperty: [36m[Function (anonymous)][39m,
      notNestedProperty: [36m[Function (anonymous)][39m,
      nestedPropertyVal: [36m[Function (anonymous)][39m,
      notNestedPropertyVal: [36m[Function (anonymous)][39m,
      deepNestedPropertyVal: [36m[Function (anonymous)][39m,
      notDeepNestedPropertyVal: [36m[Function (anonymous)][39m,
      lengthOf: [36m[Function (anonymous)][39m,
      hasAnyKeys: [36m[Function (anonymous)][39m,
      hasAllKeys: [36m[Function (anonymous)][39m,
      containsAllKeys: [36m[Function (anonymous)][39m,
      doesNotHaveAnyKeys: [36m[Function (anonymous)][39m,
      doesNotHaveAllKeys: [36m[Function (anonymous)][39m,
      hasAnyDeepKeys: [36m[Function (anonymous)][39m,
      hasAllDeepKeys: [36m[Function (anonymous)][39m,
      containsAllDeepKeys: [36m[Function (anonymous)][39m,
      doesNotHaveAnyDeepKeys: [36m[Function (anonymous)][39m,
      doesNotHaveAllDeepKeys: [36m[Function (anonymous)][39m,
      throws: [36m[Function (anonymous)][39m,
      doesNotThrow: [36m[Function (anonymous)][39m,
      operator: [36m[Function (anonymous)][39m,
      closeTo: [36m[Function (anonymous)][39m,
      approximately: [36m[Function (anonymous)][39m,
      sameMembers: [36m[Function (anonymous)][39m,
      notSameMembers: [36m[Function (anonymous)][39m,
      sameDeepMembers: [36m[Function (anonymous)][39m,
      notSameDeepMembers: [36m[Function (anonymous)][39m,
      sameOrderedMembers: [36m[Function (anonymous)][39m,
      notSameOrderedMembers: [36m[Function (anonymous)][39m,
      sameDeepOrderedMembers: [36m[Function (anonymous)][39m,
      notSameDeepOrderedMembers: [36m[Function (anonymous)][39m,
      includeMembers: [36m[Function (anonymous)][39m,
      notIncludeMembers: [36m[Function (anonymous)][39m,
      includeDeepMembers: [36m[Function (anonymous)][39m,
      notIncludeDeepMembers: [36m[Function (anonymous)][39m,
      includeOrderedMembers: [36m[Function (anonymous)][39m,
      notIncludeOrderedMembers: [36m[Function (anonymous)][39m,
      includeDeepOrderedMembers: [36m[Function (anonymous)][39m,
      notIncludeDeepOrderedMembers: [36m[Function (anonymous)][39m,
      oneOf: [36m[Function (anonymous)][39m,
      isIterable: [36m[Function (anonymous)][39m,
      changes: [36m[Function (anonymous)][39m,
      changesBy: [36m[Function (anonymous)][39m,
      doesNotChange: [36m[Function (anonymous)][39m,
      changesButNotBy: [36m[Function (anonymous)][39m,
      increases: [36m[Function (anonymous)][39m,
      increasesBy: [36m[Function (anonymous)][39m,
      doesNotIncrease: [36m[Function (anonymous)][39m,
      increasesButNotBy: [36m[Function (anonymous)][39m,
      decreases: [36m[Function (anonymous)][39m,
      decreasesBy: [36m[Function (anonymous)][39m,
      doesNotDecrease: [36m[Function (anonymous)][39m,
      doesNotDecreaseBy: [36m[Function (anonymous)][39m,
      decreasesButNotBy: [36m[Function (anonymous)][39m,
      ifError: [36m[Function (anonymous)][39m,
      isExtensible: [36m[Function (anonymous)][39m,
      isNotExtensible: [36m[Function (anonymous)][39m,
      isSealed: [36m[Function (anonymous)][39m,
      isNotSealed: [36m[Function (anonymous)][39m,
      isFrozen: [36m[Function (anonymous)][39m,
      isNotFrozen: [36m[Function (anonymous)][39m,
      isEmpty: [36m[Function (anonymous)][39m,
      isNotEmpty: [36m[Function (anonymous)][39m,
      containsSubset: [36m[Function (anonymous)][39m,
      doesNotContainSubset: [36m[Function (anonymous)][39m,
      ok: [36m[Function (anonymous)][39m,
      notOk: [36m[Function (anonymous)][39m,
      throw: [36m[Function (anonymous)][39m,
      Throw: [36m[Function (anonymous)][39m,
      extensible: [36m[Function (anonymous)][39m,
      notExtensible: [36m[Function (anonymous)][39m,
      sealed: [36m[Function (anonymous)][39m,
      notSealed: [36m[Function (anonymous)][39m,
      frozen: [36m[Function (anonymous)][39m,
      notFrozen: [36m[Function (anonymous)][39m,
      empty: [36m[Function (anonymous)][39m,
      notEmpty: [36m[Function (anonymous)][39m,
      isFunction: [36m[Function (anonymous)][39m,
      isNotFunction: [36m[Function (anonymous)][39m,
      containSubset: [36m[Function (anonymous)][39m
    },
    addEqualityTesters: [36m[Function (anonymous)][39m,
    soft: [36m[Function (anonymous)][39m,
    poll: [36m[Function: poll][39m,
    unreachable: [36m[Function (anonymous)][39m,
    assertions: [36m[Function: methodWrapper][39m,
    hasAssertions: [36m[Function: methodWrapper][39m,
    toSatisfy: [36m[Function: customMatcher][39m,
    toBeOneOf: [36m[Function: customMatcher][39m
  },
  assert: [Function: assert] {
    fail: [36m[Function (anonymous)][39m,
    isOk: [36m[Function (anonymous)][39m,
    isNotOk: [36m[Function (anonymous)][39m,
    equal: [36m[Function (anonymous)][39m,
    notEqual: [36m[Function (anonymous)][39m,
    strictEqual: [36m[Function (anonymous)][39m,
    notStrictEqual: [36m[Function (anonymous)][39m,
    deepStrictEqual: [36m[Function (anonymous)][39m,
    deepEqual: [36m[Function (anonymous)][39m,
    notDeepEqual: [36m[Function (anonymous)][39m,
    isAbove: [36m[Function (anonymous)][39m,
    isAtLeast: [36m[Function (anonymous)][39m,
    isBelow: [36m[Function (anonymous)][39m,
    isAtMost: [36m[Function (anonymous)][39m,
    isTrue: [36m[Function (anonymous)][39m,
    isNotTrue: [36m[Function (anonymous)][39m,
    isFalse: [36m[Function (anonymous)][39m,
    isNotFalse: [36m[Function (anonymous)][39m,
    isNull: [36m[Function (anonymous)][39m,
    isNotNull: [36m[Function (anonymous)][39m,
    isNaN: [36m[Function (anonymous)][39m,
    isNotNaN: [36m[Function (anonymous)][39m,
    exists: [36m[Function (anonymous)][39m,
    notExists: [36m[Function (anonymous)][39m,
    isUndefined: [36m[Function (anonymous)][39m,
    isDefined: [36m[Function (anonymous)][39m,
    isCallable: [36m[Function (anonymous)][39m,
    isNotCallable: [36m[Function (anonymous)][39m,
    isObject: [36m[Function (anonymous)][39m,
    isNotObject: [36m[Function (anonymous)][39m,
    isArray: [36m[Function (anonymous)][39m,
    isNotArray: [36m[Function (anonymous)][39m,
    isString: [36m[Function (anonymous)][39m,
    isNotString: [36m[Function (anonymous)][39m,
    isNumber: [36m[Function (anonymous)][39m,
    isNotNumber: [36m[Function (anonymous)][39m,
    isNumeric: [36m[Function (anonymous)][39m,
    isNotNumeric: [36m[Function (anonymous)][39m,
    isFinite: [36m[Function (anonymous)][39m,
    isBoolean: [36m[Function (anonymous)][39m,
    isNotBoolean: [36m[Function (anonymous)][39m,
    typeOf: [36m[Function (anonymous)][39m,
    notTypeOf: [36m[Function (anonymous)][39m,
    instanceOf: [36m[Function (anonymous)][39m,
    notInstanceOf: [36m[Function (anonymous)][39m,
    include: [36m[Function (anonymous)][39m,
    notInclude: [36m[Function (anonymous)][39m,
    deepInclude: [36m[Function (anonymous)][39m,
    notDeepInclude: [36m[Function (anonymous)][39m,
    nestedInclude: [36m[Function (anonymous)][39m,
    notNestedInclude: [36m[Function (anonymous)][39m,
    deepNestedInclude: [36m[Function (anonymous)][39m,
    notDeepNestedInclude: [36m[Function (anonymous)][39m,
    ownInclude: [36m[Function (anonymous)][39m,
    notOwnInclude: [36m[Function (anonymous)][39m,
    deepOwnInclude: [36m[Function (anonymous)][39m,
    notDeepOwnInclude: [36m[Function (anonymous)][39m,
    match: [36m[Function (anonymous)][39m,
    notMatch: [36m[Function (anonymous)][39m,
    property: [36m[Function (anonymous)][39m,
    notProperty: [36m[Function (anonymous)][39m,
    propertyVal: [36m[Function (anonymous)][39m,
    notPropertyVal: [36m[Function (anonymous)][39m,
    deepPropertyVal: [36m[Function (anonymous)][39m,
    notDeepPropertyVal: [36m[Function (anonymous)][39m,
    ownProperty: [36m[Function (anonymous)][39m,
    notOwnProperty: [36m[Function (anonymous)][39m,
    ownPropertyVal: [36m[Function (anonymous)][39m,
    notOwnPropertyVal: [36m[Function (anonymous)][39m,
    deepOwnPropertyVal: [36m[Function (anonymous)][39m,
    notDeepOwnPropertyVal: [36m[Function (anonymous)][39m,
    nestedProperty: [36m[Function (anonymous)][39m,
    notNestedProperty: [36m[Function (anonymous)][39m,
    nestedPropertyVal: [36m[Function (anonymous)][39m,
    notNestedPropertyVal: [36m[Function (anonymous)][39m,
    deepNestedPropertyVal: [36m[Function (anonymous)][39m,
    notDeepNestedPropertyVal: [36m[Function (anonymous)][39m,
    lengthOf: [36m[Function (anonymous)][39m,
    hasAnyKeys: [36m[Function (anonymous)][39m,
    hasAllKeys: [36m[Function (anonymous)][39m,
    containsAllKeys: [36m[Function (anonymous)][39m,
    doesNotHaveAnyKeys: [36m[Function (anonymous)][39m,
    doesNotHaveAllKeys: [36m[Function (anonymous)][39m,
    hasAnyDeepKeys: [36m[Function (anonymous)][39m,
    hasAllDeepKeys: [36m[Function (anonymous)][39m,
    containsAllDeepKeys: [36m[Function (anonymous)][39m,
    doesNotHaveAnyDeepKeys: [36m[Function (anonymous)][39m,
    doesNotHaveAllDeepKeys: [36m[Function (anonymous)][39m,
    throws: [36m[Function (anonymous)][39m,
    doesNotThrow: [36m[Function (anonymous)][39m,
    operator: [36m[Function (anonymous)][39m,
    closeTo: [36m[Function (anonymous)][39m,
    approximately: [36m[Function (anonymous)][39m,
    sameMembers: [36m[Function (anonymous)][39m,
    notSameMembers: [36m[Function (anonymous)][39m,
    sameDeepMembers: [36m[Function (anonymous)][39m,
    notSameDeepMembers: [36m[Function (anonymous)][39m,
    sameOrderedMembers: [36m[Function (anonymous)][39m,
    notSameOrderedMembers: [36m[Function (anonymous)][39m,
    sameDeepOrderedMembers: [36m[Function (anonymous)][39m,
    notSameDeepOrderedMembers: [36m[Function (anonymous)][39m,
    includeMembers: [36m[Function (anonymous)][39m,
    notIncludeMembers: [36m[Function (anonymous)][39m,
    includeDeepMembers: [36m[Function (anonymous)][39m,
    notIncludeDeepMembers: [36m[Function (anonymous)][39m,
    includeOrderedMembers: [36m[Function (anonymous)][39m,
    notIncludeOrderedMembers: [36m[Function (anonymous)][39m,
    includeDeepOrderedMembers: [36m[Function (anonymous)][39m,
    notIncludeDeepOrderedMembers: [36m[Function (anonymous)][39m,
    oneOf: [36m[Function (anonymous)][39m,
    isIterable: [36m[Function (anonymous)][39m,
    changes: [36m[Function (anonymous)][39m,
    changesBy: [36m[Function (anonymous)][39m,
    doesNotChange: [36m[Function (anonymous)][39m,
    changesButNotBy: [36m[Function (anonymous)][39m,
    increases: [36m[Function (anonymous)][39m,
    increasesBy: [36m[Function (anonymous)][39m,
    doesNotIncrease: [36m[Function (anonymous)][39m,
    increasesButNotBy: [36m[Function (anonymous)][39m,
    decreases: [36m[Function (anonymous)][39m,
    decreasesBy: [36m[Function (anonymous)][39m,
    doesNotDecrease: [36m[Function (anonymous)][39m,
    doesNotDecreaseBy: [36m[Function (anonymous)][39m,
    decreasesButNotBy: [36m[Function (anonymous)][39m,
    ifError: [36m[Function (anonymous)][39m,
    isExtensible: [36m[Function (anonymous)][39m,
    isNotExtensible: [36m[Function (anonymous)][39m,
    isSealed: [36m[Function (anonymous)][39m,
    isNotSealed: [36m[Function (anonymous)][39m,
    isFrozen: [36m[Function (anonymous)][39m,
    isNotFrozen: [36m[Function (anonymous)][39m,
    isEmpty: [36m[Function (anonymous)][39m,
    isNotEmpty: [36m[Function (anonymous)][39m,
    containsSubset: [36m[Function (anonymous)][39m,
    doesNotContainSubset: [36m[Function (anonymous)][39m,
    ok: [36m[Function (anonymous)][39m,
    notOk: [36m[Function (anonymous)][39m,
    throw: [36m[Function (anonymous)][39m,
    Throw: [36m[Function (anonymous)][39m,
    extensible: [36m[Function (anonymous)][39m,
    notExtensible: [36m[Function (anonymous)][39m,
    sealed: [36m[Function (anonymous)][39m,
    notSealed: [36m[Function (anonymous)][39m,
    frozen: [36m[Function (anonymous)][39m,
    notFrozen: [36m[Function (anonymous)][39m,
    empty: [36m[Function (anonymous)][39m,
    notEmpty: [36m[Function (anonymous)][39m,
    isFunction: [36m[Function (anonymous)][39m,
    isNotFunction: [36m[Function (anonymous)][39m,
    containSubset: [36m[Function (anonymous)][39m
  },
  expectTypeOf: [36m[Function: expectTypeOf][39m,
  assertType: [36m[Function: assertType][39m,
  vitest: {
    useFakeTimers: [36m[Function: useFakeTimers][39m,
    isFakeTimers: [36m[Function: isFakeTimers][39m,
    useRealTimers: [36m[Function: useRealTimers][39m,
    runOnlyPendingTimers: [36m[Function: runOnlyPendingTimers][39m,
    runOnlyPendingTimersAsync: [36m[AsyncFunction: runOnlyPendingTimersAsync][39m,
    runAllTimers: [36m[Function: runAllTimers][39m,
    runAllTimersAsync: [36m[AsyncFunction: runAllTimersAsync][39m,
    runAllTicks: [36m[Function: runAllTicks][39m,
    advanceTimersByTime: [36m[Function: advanceTimersByTime][39m,
    advanceTimersByTimeAsync: [36m[AsyncFunction: advanceTimersByTimeAsync][39m,
    advanceTimersToNextTimer: [36m[Function: advanceTimersToNextTimer][39m,
    advanceTimersToNextTimerAsync: [36m[AsyncFunction: advanceTimersToNextTimerAsync][39m,
    advanceTimersToNextFrame: [36m[Function: advanceTimersToNextFrame][39m,
    getTimerCount: [36m[Function: getTimerCount][39m,
    setSystemTime: [36m[Function: setSystemTime][39m,
    getMockedSystemTime: [36m[Function: getMockedSystemTime][39m,
    getRealSystemTime: [36m[Function: getRealSystemTime][39m,
    clearAllTimers: [36m[Function: clearAllTimers][39m,
    spyOn: [36m[Function: spyOn][39m,
    fn: [36m[Function: fn][39m,
    waitFor: [36m[Function: waitFor][39m,
    waitUntil: [36m[Function: waitUntil][39m,
    hoisted: [36m[Function: hoisted][39m,
    mock: [36m[Function: mock][39m,
    unmock: [36m[Function: unmock][39m,
    doMock: [36m[Function: doMock][39m,
    doUnmock: [36m[Function: doUnmock][39m,
    importActual: [36m[AsyncFunction: importActual][39m,
    importMock: [36m[AsyncFunction: importMock][39m,
    mockObject: [36m[Function: mockObject][39m,
    mocked: [36m[Function: mocked][39m,
    isMockFunction: [36m[Function: isMockFunction][39m,
    clearAllMocks: [36m[Function: clearAllMocks][39m,
    resetAllMocks: [36m[Function: resetAllMocks][39m,
    restoreAllMocks: [36m[Function: restoreAllMocks][39m,
    stubGlobal: [36m[Function: stubGlobal][39m,
    stubEnv: [36m[Function: stubEnv][39m,
    unstubAllGlobals: [36m[Function: unstubAllGlobals][39m,
    unstubAllEnvs: [36m[Function: unstubAllEnvs][39m,
    resetModules: [36m[Function: resetModules][39m,
    dynamicImportSettled: [36m[AsyncFunction: dynamicImportSettled][39m,
    setConfig: [36m[Function: setConfig][39m,
    resetConfig: [36m[Function: resetConfig][39m
  },
  vi: {
    useFakeTimers: [36m[Function: useFakeTimers][39m,
    isFakeTimers: [36m[Function: isFakeTimers][39m,
    useRealTimers: [36m[Function: useRealTimers][39m,
    runOnlyPendingTimers: [36m[Function: runOnlyPendingTimers][39m,
    runOnlyPendingTimersAsync: [36m[AsyncFunction: runOnlyPendingTimersAsync][39m,
    runAllTimers: [36m[Function: runAllTimers][39m,
    runAllTimersAsync: [36m[AsyncFunction: runAllTimersAsync][39m,
    runAllTicks: [36m[Function: runAllTicks][39m,
    advanceTimersByTime: [36m[Function: advanceTimersByTime][39m,
    advanceTimersByTimeAsync: [36m[AsyncFunction: advanceTimersByTimeAsync][39m,
    advanceTimersToNextTimer: [36m[Function: advanceTimersToNextTimer][39m,
    advanceTimersToNextTimerAsync: [36m[AsyncFunction: advanceTimersToNextTimerAsync][39m,
    advanceTimersToNextFrame: [36m[Function: advanceTimersToNextFrame][39m,
    getTimerCount: [36m[Function: getTimerCount][39m,
    setSystemTime: [36m[Function: setSystemTime][39m,
    getMockedSystemTime: [36m[Function: getMockedSystemTime][39m,
    getRealSystemTime: [36m[Function: getRealSystemTime][39m,
    clearAllTimers: [36m[Function: clearAllTimers][39m,
    spyOn: [36m[Function: spyOn][39m,
    fn: [36m[Function: fn][39m,
    waitFor: [36m[Function: waitFor][39m,
    waitUntil: [36m[Function: waitUntil][39m,
    hoisted: [36m[Function: hoisted][39m,
    mock: [36m[Function: mock][39m,
    unmock: [36m[Function: unmock][39m,
    doMock: [36m[Function: doMock][39m,
    doUnmock: [36m[Function: doUnmock][39m,
    importActual: [36m[AsyncFunction: importActual][39m,
    importMock: [36m[AsyncFunction: importMock][39m,
    mockObject: [36m[Function: mockObject][39m,
    mocked: [36m[Function: mocked][39m,
    isMockFunction: [36m[Function: isMockFunction][39m,
    clearAllMocks: [36m[Function: clearAllMocks][39m,
    resetAllMocks: [36m[Function: resetAllMocks][39m,
    restoreAllMocks: [36m[Function: restoreAllMocks][39m,
    stubGlobal: [36m[Function: stubGlobal][39m,
    stubEnv: [36m[Function: stubEnv][39m,
    unstubAllGlobals: [36m[Function: unstubAllGlobals][39m,
    unstubAllEnvs: [36m[Function: unstubAllEnvs][39m,
    resetModules: [36m[Function: resetModules][39m,
    dynamicImportSettled: [36m[AsyncFunction: dynamicImportSettled][39m,
    setConfig: [36m[Function: setConfig][39m,
    resetConfig: [36m[Function: resetConfig][39m
  },
  beforeAll: [36m[Function: beforeAll][39m,
  afterAll: [36m[Function: afterAll][39m,
  beforeEach: [36m[Function: beforeEach][39m,
  afterEach: [36m[Function: afterEach][39m,
  onTestFinished: [36m[Function (anonymous)][39m,
  onTestFailed: [36m[Function (anonymous)][39m,
  __vitest_required__: {
    util: {
      _errnoException: [36m[Function: _errnoException][39m,
      _exceptionWithHostPort: [36m[Function: _exceptionWithHostPort][39m,
      _extend: [36m[Function: deprecated][39m,
      callbackify: [36m[Function: callbackify][39m,
      debug: [36m[Function: debuglog][39m,
      debuglog: [36m[Function: debuglog][39m,
      deprecate: [36m[Function: deprecate][39m,
      format: [36m[Function: format][39m,
      styleText: [36m[Function: styleText][39m,
      formatWithOptions: [36m[Function: formatWithOptions][39m,
      getCallSite: [36m[Function: deprecated][39m,
      getCallSites: [36m[Function: getCallSites][39m,
      getSystemErrorMap: [36m[Function: getSystemErrorMap][39m,
      getSystemErrorName: [36m[Function: getSystemErrorName][39m,
      getSystemErrorMessage: [36m[Function: getSystemErrorMessage][39m,
      inherits: [36m[Function: inherits][39m,
      inspect: [36m[Function][39m,
      isArray: [36m[Function: deprecated][39m,
      isBoolean: [36m[Function: deprecated][39m,
      isBuffer: [36m[Function: deprecated][39m,
      isDeepStrictEqual: [36m[Function: isDeepStrictEqual][39m,
      isNull: [36m[Function: deprecated][39m,
      isNullOrUndefined: [36m[Function: deprecated][39m,
      isNumber: [36m[Function: deprecated][39m,
      isString: [36m[Function: deprecated][39m,
      isSymbol: [36m[Function: deprecated][39m,
      isUndefined: [36m[Function: deprecated][39m,
      isRegExp: [36m[Function: deprecated][39m,
      isObject: [36m[Function: deprecated][39m,
      isDate: [36m[Function: deprecated][39m,
      isError: [36m[Function: deprecated][39m,
      isFunction: [36m[Function: deprecated][39m,
      isPrimitive: [36m[Function: deprecated][39m,
      log: [36m[Function: deprecated][39m,
      promisify: [36m[Function][39m,
      stripVTControlCharacters: [36m[Function: stripVTControlCharacters][39m,
      toUSVString: [36m[Function: toUSVString][39m,
      transferableAbortSignal: [36m[Getter][39m,
      transferableAbortController: [36m[Getter][39m,
      aborted: [36m[Getter][39m,
      types: [36m[Object][39m,
      parseEnv: [36m[Function: parseEnv][39m,
      parseArgs: [36m[Function: parseArgs][39m,
      TextDecoder: [36m[class TextDecoder][39m,
      TextEncoder: [36m[class TextEncoder][39m,
      MIMEType: [36m[class MIMEType][39m,
      MIMEParams: [36m[class MIMEParams][39m,
      diff: [36m[Function: diff][39m,
      setTraceSigInt: [36m[Function: setTraceSigInt][39m
    },
    timers: {
      setTimeout: [36m[Function][39m,
      clearTimeout: [36m[Function: clearTimeout][39m,
      setImmediate: [36m[Function][39m,
      clearImmediate: [36m[Function: clearImmediate][39m,
      setInterval: [36m[Function: setInterval][39m,
      clearInterval: [36m[Function: clearInterval][39m,
      _unrefActive: [36m[Function: deprecated][39m,
      active: [36m[Function: deprecated][39m,
      unenroll: [36m[Function: deprecated][39m,
      enroll: [36m[Function: deprecated][39m,
      promises: [36m[Getter][39m
    },
    timersPromises: {
      setTimeout: [36m[Function: setTimeout][39m,
      setImmediate: [36m[Function: setImmediate][39m,
      setInterval: [36m[AsyncGeneratorFunction: setInterval][39m,
      scheduler: [36m[Scheduler][39m
    }
  },
  ch: [33m107[39m,
  ResizeObserver: [36m[class ResizeObserverMock][39m,
  [[32mSymbol(vitest:SAFE_TIMERS)[39m]: {
    nextTick: [36m[Function: nextTick][39m,
    setTimeout: [Function: setTimeout] {
      [[32mSymbol(nodejs.util.promisify.custom)[39m]: [36m[Getter][39m
    },
    setInterval: [36m[Function: setInterval][39m,
    clearInterval: [36m[Function: clearInterval][39m,
    clearTimeout: [36m[Function: clearTimeout][39m,
    setImmediate: [Function: setImmediate] {
      [[32mSymbol(nodejs.util.promisify.custom)[39m]: [36m[Getter][39m
    },
    clearImmediate: [36m[Function: clearImmediate][39m,
    queueMicrotask: [36m[Function: queueMicrotask][39m
  }
}

 [32mΓ£ô[39m src/components/__tests__/theme-switcher.test.ts[2m > [22mThemeSwitcher[2m > [22mRendering[2m > [22mshould render dropdown menu (initially hidden)[32m 31[2mms[22m[39m
 [32mΓ£ô[39m src/components/__tests__/theme-switcher.test.ts[2m > [22mThemeSwitcher[2m > [22mRendering[2m > [22mshould render all 11 theme options[32m 37[2mms[22m[39m
 [32mΓ£ô[39m src/components/__tests__/market-board.test.ts[2m > [22mMarketBoard[2m > [22mloadServerData[2m > [22mshould load data centers and worlds[32m 31[2mms[22m[39m
 [32mΓ£ô[39m src/components/__tests__/market-board.test.ts[2m > [22mMarketBoard[2m > [22mloadServerData[2m > [22mshould handle fetch errors gracefully[32m 7[2mms[22m[39m
 [32mΓ£ô[39m src/components/__tests__/market-board.test.ts[2m > [22mMarketBoard[2m > [22mloadServerData[2m > [22mshould populate server dropdown after loading[32m 11[2mms[22m[39m
 [32mΓ£ô[39m src/components/__tests__/market-board.test.ts[2m > [22mMarketBoard[2m > [22mshow prices toggle[2m > [22mshould toggle price settings visibility[32m 12[2mms[22m[39m
 [32mΓ£ô[39m src/components/__tests__/market-board.test.ts[2m > [22mMarketBoard[2m > [22mshow prices toggle[2m > [22mshould emit toggle-prices event[32m 30[2mms[22m[39m
 [32mΓ£ô[39m src/components/__tests__/market-board.test.ts[2m > [22mMarketBoard[2m > [22mserver selection[2m > [22mshould emit server-changed event on selection[32m 16[2mms[22m[39m
 [32mΓ£ô[39m src/components/__tests__/image-upload-display.test.ts[2m > [22mImageUploadDisplay[2m > [22mrendering[2m > [22mshould render camera button for mobile[32m 11[2mms[22m[39m
 [32mΓ£ô[39m src/components/__tests__/image-upload-display.test.ts[2m > [22mImageUploadDisplay[2m > [22mrendering[2m > [22mshould render paste hint[32m 9[2mms[22m[39m
 [32mΓ£ô[39m src/components/__tests__/image-upload-display.test.ts[2m > [22mImageUploadDisplay[2m > [22mrendering[2m > [22mshould have hidden canvas for image processing[32m 16[2mms[22m[39m
 [32mΓ£ô[39m src/components/__tests__/image-upload-display.test.ts[2m > [22mImageUploadDisplay[2m > [22mdrop zone interaction[2m > [22mshould trigger file input click when drop zone is clicked[32m 31[2mms[22m[39m
 [32mΓ£ô[39m src/components/__tests__/image-upload-display.test.ts[2m > [22mImageUploadDisplay[2m > [22mdrop zone interaction[2m > [22mshould add highlight classes on dragover[32m 17[2mms[22m[39m
 [32mΓ£ô[39m src/components/__tests__/image-upload-display.test.ts[2m > [22mImageUploadDisplay[2m > [22mdrop zone interaction[2m > [22mshould remove highlight classes on dragleave[32m 13[2mms[22m[39m
 [32mΓ£ô[39m src/components/__tests__/image-upload-display.test.ts[2m > [22mImageUploadDisplay[2m > [22mstate management[2m > [22mshould return null when no image is uploaded[32m 11[2mms[22m[39m
 [32mΓ£ô[39m src/components/__tests__/accessibility-checker-tool.test.ts[2m > [22mAccessibilityCheckerTool Component[2m > [22mColorblindness Types[2m > [22mshould display achromatopsia option[32m 6[2mms[22m[39m
 [32mΓ£ô[39m src/components/__tests__/accessibility-checker-tool.test.ts[2m > [22mAccessibilityCheckerTool Component[2m > [22mColorblindness Types[2m > [22mshould allow switching between colorblind types[32m 8[2mms[22m[39m
 [32mΓ£ô[39m src/components/__tests__/accessibility-checker-tool.test.ts[2m > [22mAccessibilityCheckerTool Component[2m > [22mOutfit Slots[2m > [22mshould provide Head dye selector[32m 8[2mms[22m[39m
 [32mΓ£ô[39m src/components/__tests__/accessibility-checker-tool.test.ts[2m > [22mAccessibilityCheckerTool Component[2m > [22mOutfit Slots[2m > [22mshould provide Body dye selector[32m 7[2mms[22m[39m
 [32mΓ£ô[39m src/components/__tests__/accessibility-checker-tool.test.ts[2m > [22mAccessibilityCheckerTool Component[2m > [22mOutfit Slots[2m > [22mshould provide Hands dye selector[32m 12[2mms[22m[39m
 [32mΓ£ô[39m src/components/__tests__/accessibility-checker-tool.test.ts[2m > [22mAccessibilityCheckerTool Component[2m > [22mOutfit Slots[2m > [22mshould provide Legs dye selector[32m 6[2mms[22m[39m
 [32mΓ£ô[39m src/components/__tests__/accessibility-checker-tool.test.ts[2m > [22mAccessibilityCheckerTool Component[2m > [22mOutfit Slots[2m > [22mshould provide Feet dye selector[32m 7[2mms[22m[39m
 [32mΓ£ô[39m src/components/__tests__/accessibility-checker-tool.test.ts[2m > [22mAccessibilityCheckerTool Component[2m > [22mOutfit Slots[2m > [22mshould provide Weapon dye selector[32m 13[2mms[22m[39m
 [32mΓ£ô[39m src/components/__tests__/accessibility-checker-tool.test.ts[2m > [22mAccessibilityCheckerTool Component[2m > [22mOutfit Slots[2m > [22mshould handle all 6 slots simultaneously[32m 15[2mms[22m[39m
 [32mΓ£ô[39m src/components/__tests__/accessibility-checker-tool.test.ts[2m > [22mAccessibilityCheckerTool Component[2m > [22mDual Dyes Feature[2m > [22mshould provide dual dye toggle[32m 15[2mms[22m[39m
 [32mΓ£ô[39m src/components/__tests__/color-wheel-display.test.ts[2m > [22mColorWheelDisplay[2m > [22mTheme Handling[2m > [22mrenders with dark theme styling[32m 17[2mms[22m[39m
 [32mΓ£ô[39m src/components/__tests__/color-wheel-display.test.ts[2m > [22mColorWheelDisplay[2m > [22mTheme Handling[2m > [22mapplies correct dot stroke color for light theme[32m 13[2mms[22m[39m
 [32mΓ£ô[39m src/components/__tests__/color-wheel-display.test.ts[2m > [22mColorWheelDisplay[2m > [22mTheme Handling[2m > [22mapplies correct dot stroke color for dark theme[32m 14[2mms[22m[39m
 [32mΓ£ô[39m src/components/__tests__/color-wheel-display.test.ts[2m > [22mColorWheelDisplay[2m > [22mMouse Events[2m > [22menlarges dot on mouseenter[32m 26[2mms[22m[39m
 [32mΓ£ô[39m src/components/__tests__/color-wheel-display.test.ts[2m > [22mColorWheelDisplay[2m > [22mMouse Events[2m > [22mrestores dot size on mouseleave[32m 32[2mms[22m[39m
 [32mΓ£ô[39m src/components/__tests__/color-interpolation-display.test.ts[2m > [22mColorInterpolationDisplay[2m > [22mupdateInterpolation[2m > [22mshould update display with new interpolation data[32m 17[2mms[22m[39m
 [32mΓ£ô[39m src/components/__tests__/color-interpolation-display.test.ts[2m > [22mColorInterpolationDisplay[2m > [22mcolor space[2m > [22mshould display HSV color space by default[32m 12[2mms[22m[39m
 [32mΓ£ô[39m src/components/__tests__/color-interpolation-display.test.ts[2m > [22mColorInterpolationDisplay[2m > [22mcolor space[2m > [22mshould display RGB color space when specified[32m 12[2mms[22m[39m
 [32mΓ£ô[39m src/components/__tests__/color-interpolation-display.test.ts[2m > [22mColorInterpolationDisplay[2m > [22mstate management[2m > [22mshould return correct state[32m 15[2mms[22m[39m
 [32mΓ£ô[39m src/components/__tests__/color-interpolation-display.test.ts[2m > [22mColorInterpolationDisplay[2m > [22mvisual elements[2m > [22mshould render color swatches for each step[32m 23[2mms[22m[39m
 [32mΓ£ô[39m src/components/__tests__/color-interpolation-display.test.ts[2m > [22mColorInterpolationDisplay[2m > [22mvisual elements[2m > [22mshould render progress bar[32m 20[2mms[22m[39m
 [32mΓ£ô[39m src/components/__tests__/dye-selector.test.ts[2m > [22mDyeSelector[2m > [22mcompareDyes branch coverage[2m > [22mshould use default alphabetical sort for unknown sort option[32m 61[2mms[22m[39m
 [32mΓ£ô[39m src/components/__tests__/dye-selector.test.ts[2m > [22mDyeSelector[2m > [22mbindEvents branch coverage[2m > [22mshould ignore clicks outside dye-select-btn[32m 65[2mms[22m[39m
[90mstderr[2m | src/components/__tests__/tool-header.test.ts[2m > [22m[2mToolHeader[2m > 
[22m[2mRendering[2m > [22m[2mshould not render description when not provided
[22m[39mBaseComponent.init failed: TypeError: this.bindEvents is not a function
    at ToolHeader.init (C:/Users/DrawF/OneDrive/Projects/CodingProjects/XIVProjects/xivdyetools-web-app/src/compo
nents/base-component.ts:86:12)
    at C:/Users/DrawF/OneDrive/Projects/CodingProjects/XIVProjects/xivdyetools-web-app/src/components/__tests__/t
ool-header.test.ts:77:17
    at [90mfile:///C:/Users/DrawF/OneDrive/Projects/CodingProjects/XIVProjects/xivdyetools-web-app/[39mnode_mod
ules/[4m@vitest/runner[24m/dist/index.js:145:11
    at [90mfile:///C:/Users/DrawF/OneDrive/Projects/CodingProjects/XIVProjects/xivdyetools-web-app/[39mnode_mod
ules/[4m@vitest/runner[24m/dist/index.js:912:26
    at [90mfile:///C:/Users/DrawF/OneDrive/Projects/CodingProjects/XIVProjects/xivdyetools-web-app/[39mnode_mod
ules/[4m@vitest/runner[24m/dist/index.js:1237:20
    at new Promise (<anonymous>)
    at runWithTimeout [90m(file:///C:/Users/DrawF/OneDrive/Projects/CodingProjects/XIVProjects/xivdyetools-web-a
pp/[39mnode_modules/[4m@vitest/runner[24m/dist/index.js:1203:10[90m)[39m
    at [90mfile:///C:/Users/DrawF/OneDrive/Projects/CodingProjects/XIVProjects/xivdyetools-web-app/[39mnode_mod
ules/[4m@vitest/runner[24m/dist/index.js:1647:37
    at Traces.$ [90m(file:///C:/Users/DrawF/OneDrive/Projects/CodingProjects/XIVProjects/xivdyetools-web-app/[3
9mnode_modules/[4mvitest[24m/dist/chunks/traces.U4xDYhzZ.js:115:27[90m)[39m
    at trace [90m(file:///C:/Users/DrawF/OneDrive/Projects/CodingProjects/XIVProjects/xivdyetools-web-app/[39mn
ode_modules/[4mvitest[24m/dist/chunks/test.DqQZzsWf.js:234:21[90m)[39m

[90mstderr[2m | src/components/__tests__/tutorial-spotlight.test.ts[2m > [22m[2mTutorialSpotlight[2m > 
[22m[2mStep Display[2m > [22m[2mshould have Next button
[22m[39mBaseComponent.on: Target is not HTMLElement, Document, or Window [36m<ref *1>[39m Object [global] {
  global: [36m[Circular *1][39m,
  clearImmediate: [Function: clearImmediate] {
    hadOwnProperty: [33mtrue[39m,
    clock: {
      now: [33m1764681223220[39m,
      Date: [36m[Function][39m,
      loopLimit: [33m10000[39m,
      Intl: [36m[Object][39m,
      requestIdleCallback: [36m[Function: requestIdleCallback][39m,
      cancelIdleCallback: [36m[Function: cancelIdleCallback][39m,
      setTimeout: [36m[Function][39m,
      clearTimeout: [36m[Function][39m,
      nextTick: [36m[Function: nextTick][39m,
      queueMicrotask: [36m[Function: queueMicrotask][39m,
      setInterval: [36m[Function][39m,
      clearInterval: [36m[Function][39m,
      setImmediate: [36m[Function][39m,
      clearImmediate: [36m[Function][39m,
      countTimers: [36m[Function: countTimers][39m,
      requestAnimationFrame: [36m[Function][39m,
      cancelAnimationFrame: [36m[Function][39m,
      runMicrotasks: [36m[Function: runMicrotasks][39m,
      tick: [36m[Function: tick][39m,
      tickAsync: [36m[Function: tickAsync][39m,
      next: [36m[Function: next][39m,
      nextAsync: [36m[Function: nextAsync][39m,
      runAll: [36m[Function: runAll][39m,
      runToFrame: [36m[Function: runToFrame][39m,
      runAllAsync: [36m[Function: runAllAsync][39m,
      runToLast: [36m[Function: runToLast][39m,
      runToLastAsync: [36m[Function: runToLastAsync][39m,
      reset: [36m[Function: reset][39m,
      setSystemTime: [36m[Function: setSystemTime][39m,
      jump: [36m[Function: jump][39m,
      performance: [36m[Object: null prototype][39m,
      hrtime: [36m[Function][39m,
      shouldClearNativeTimers: [33mtrue[39m,
      uninstall: [36m[Function (anonymous)][39m,
      abortListenerMap: Map(0) {},
      methods: [36m[Array][39m,
      _setTimeout: [36m[Function][39m,
      _clearTimeout: [36m[Function: clearTimeout][39m,
      _setInterval: [36m[Function: setInterval][39m,
      _clearInterval: [36m[Function: clearInterval][39m,
      _Date: [36m[Function: Date][39m,
      _setImmediate: [36m[Function][39m,
      _clearImmediate: [36m[Function: clearImmediate][39m,
      _hrtime: [36m[Function][39m,
      _performance: [36m[Performance][39m,
      _requestAnimationFrame: [36m[Function: bound ][39m,
      _cancelAnimationFrame: [36m[Function: bound ][39m,
      _Intl: Object [Intl] {}
    }
  },
  setImmediate: [Function: setImmediate] {
    hadOwnProperty: [33mtrue[39m,
    clock: {
      now: [33m1764681223220[39m,
      Date: [36m[Function][39m,
      loopLimit: [33m10000[39m,
      Intl: [36m[Object][39m,
      requestIdleCallback: [36m[Function: requestIdleCallback][39m,
      cancelIdleCallback: [36m[Function: cancelIdleCallback][39m,
      setTimeout: [36m[Function][39m,
      clearTimeout: [36m[Function][39m,
      nextTick: [36m[Function: nextTick][39m,
      queueMicrotask: [36m[Function: queueMicrotask][39m,
      setInterval: [36m[Function][39m,
      clearInterval: [36m[Function][39m,
      setImmediate: [36m[Function][39m,
      clearImmediate: [36m[Function][39m,
      countTimers: [36m[Function: countTimers][39m,
      requestAnimationFrame: [36m[Function][39m,
      cancelAnimationFrame: [36m[Function][39m,
      runMicrotasks: [36m[Function: runMicrotasks][39m,
      tick: [36m[Function: tick][39m,
      tickAsync: [36m[Function: tickAsync][39m,
      next: [36m[Function: next][39m,
      nextAsync: [36m[Function: nextAsync][39m,
      runAll: [36m[Function: runAll][39m,
      runToFrame: [36m[Function: runToFrame][39m,
      runAllAsync: [36m[Function: runAllAsync][39m,
      runToLast: [36m[Function: runToLast][39m,
      runToLastAsync: [36m[Function: runToLastAsync][39m,
      reset: [36m[Function: reset][39m,
      setSystemTime: [36m[Function: setSystemTime][39m,
      jump: [36m[Function: jump][39m,
      performance: [36m[Object: null prototype][39m,
      hrtime: [36m[Function][39m,
      shouldClearNativeTimers: [33mtrue[39m,
      uninstall: [36m[Function (anonymous)][39m,
      abortListenerMap: Map(0) {},
      methods: [36m[Array][39m,
      _setTimeout: [36m[Function][39m,
      _clearTimeout: [36m[Function: clearTimeout][39m,
      _setInterval: [36m[Function: setInterval][39m,
      _clearInterval: [36m[Function: clearInterval][39m,
      _Date: [36m[Function: Date][39m,
      _setImmediate: [36m[Function][39m,
      _clearImmediate: [36m[Function: clearImmediate][39m,
      _hrtime: [36m[Function][39m,
      _performance: [36m[Performance][39m,
      _requestAnimationFrame: [36m[Function: bound ][39m,
      _cancelAnimationFrame: [36m[Function: bound ][39m,
      _Intl: Object [Intl] {}
    },
    [[32mSymbol(nodejs.util.promisify.custom)[39m]: [36m[Function: promisifiedSetImmediate][39m
  },
  clearInterval: [Function: clearInterval] {
    hadOwnProperty: [33mtrue[39m,
    clock: {
      now: [33m1764681223220[39m,
      Date: [36m[Function][39m,
      loopLimit: [33m10000[39m,
      Intl: [36m[Object][39m,
      requestIdleCallback: [36m[Function: requestIdleCallback][39m,
      cancelIdleCallback: [36m[Function: cancelIdleCallback][39m,
      setTimeout: [36m[Function][39m,
      clearTimeout: [36m[Function][39m,
      nextTick: [36m[Function: nextTick][39m,
      queueMicrotask: [36m[Function: queueMicrotask][39m,
      setInterval: [36m[Function][39m,
      clearInterval: [36m[Function][39m,
      setImmediate: [36m[Function][39m,
      clearImmediate: [36m[Function][39m,
      countTimers: [36m[Function: countTimers][39m,
      requestAnimationFrame: [36m[Function][39m,
      cancelAnimationFrame: [36m[Function][39m,
      runMicrotasks: [36m[Function: runMicrotasks][39m,
      tick: [36m[Function: tick][39m,
      tickAsync: [36m[Function: tickAsync][39m,
      next: [36m[Function: next][39m,
      nextAsync: [36m[Function: nextAsync][39m,
      runAll: [36m[Function: runAll][39m,
      runToFrame: [36m[Function: runToFrame][39m,
      runAllAsync: [36m[Function: runAllAsync][39m,
      runToLast: [36m[Function: runToLast][39m,
      runToLastAsync: [36m[Function: runToLastAsync][39m,
      reset: [36m[Function: reset][39m,
      setSystemTime: [36m[Function: setSystemTime][39m,
      jump: [36m[Function: jump][39m,
      performance: [36m[Object: null prototype][39m,
      hrtime: [36m[Function][39m,
      shouldClearNativeTimers: [33mtrue[39m,
      uninstall: [36m[Function (anonymous)][39m,
      abortListenerMap: Map(0) {},
      methods: [36m[Array][39m,
      _setTimeout: [36m[Function][39m,
      _clearTimeout: [36m[Function: clearTimeout][39m,
      _setInterval: [36m[Function: setInterval][39m,
      _clearInterval: [36m[Function: clearInterval][39m,
      _Date: [36m[Function: Date][39m,
      _setImmediate: [36m[Function][39m,
      _clearImmediate: [36m[Function: clearImmediate][39m,
      _hrtime: [36m[Function][39m,
      _performance: [36m[Performance][39m,
      _requestAnimationFrame: [36m[Function: bound ][39m,
      _cancelAnimationFrame: [36m[Function: bound ][39m,
      _Intl: Object [Intl] {}
    }
  },
  clearTimeout: [Function: clearTimeout] {
    hadOwnProperty: [33mtrue[39m,
    clock: {
      now: [33m1764681223220[39m,
      Date: [36m[Function][39m,
      loopLimit: [33m10000[39m,
      Intl: [36m[Object][39m,
      requestIdleCallback: [36m[Function: requestIdleCallback][39m,
      cancelIdleCallback: [36m[Function: cancelIdleCallback][39m,
      setTimeout: [36m[Function][39m,
      clearTimeout: [36m[Function][39m,
      nextTick: [36m[Function: nextTick][39m,
      queueMicrotask: [36m[Function: queueMicrotask][39m,
      setInterval: [36m[Function][39m,
      clearInterval: [36m[Function][39m,
      setImmediate: [36m[Function][39m,
      clearImmediate: [36m[Function][39m,
      countTimers: [36m[Function: countTimers][39m,
      requestAnimationFrame: [36m[Function][39m,
      cancelAnimationFrame: [36m[Function][39m,
      runMicrotasks: [36m[Function: runMicrotasks][39m,
      tick: [36m[Function: tick][39m,
      tickAsync: [36m[Function: tickAsync][39m,
      next: [36m[Function: next][39m,
      nextAsync: [36m[Function: nextAsync][39m,
      runAll: [36m[Function: runAll][39m,
      runToFrame: [36m[Function: runToFrame][39m,
      runAllAsync: [36m[Function: runAllAsync][39m,
      runToLast: [36m[Function: runToLast][39m,
      runToLastAsync: [36m[Function: runToLastAsync][39m,
      reset: [36m[Function: reset][39m,
      setSystemTime: [36m[Function: setSystemTime][39m,
      jump: [36m[Function: jump][39m,
      performance: [36m[Object: null prototype][39m,
      hrtime: [36m[Function][39m,
      shouldClearNativeTimers: [33mtrue[39m,
      uninstall: [36m[Function (anonymous)][39m,
      abortListenerMap: Map(0) {},
      methods: [36m[Array][39m,
      _setTimeout: [36m[Function][39m,
      _clearTimeout: [36m[Function: clearTimeout][39m,
      _setInterval: [36m[Function: setInterval][39m,
      _clearInterval: [36m[Function: clearInterval][39m,
      _Date: [36m[Function: Date][39m,
      _setImmediate: [36m[Function][39m,
      _clearImmediate: [36m[Function: clearImmediate][39m,
      _hrtime: [36m[Function][39m,
      _performance: [36m[Performance][39m,
      _requestAnimationFrame: [36m[Function: bound ][39m,
      _cancelAnimationFrame: [36m[Function: bound ][39m,
      _Intl: Object [Intl] {}
    }
  },
  setInterval: [Function: setInterval] {
    hadOwnProperty: [33mtrue[39m,
    clock: {
      now: [33m1764681223220[39m,
      Date: [36m[Function][39m,
      loopLimit: [33m10000[39m,
      Intl: [36m[Object][39m,
      requestIdleCallback: [36m[Function: requestIdleCallback][39m,
      cancelIdleCallback: [36m[Function: cancelIdleCallback][39m,
      setTimeout: [36m[Function][39m,
      clearTimeout: [36m[Function][39m,
      nextTick: [36m[Function: nextTick][39m,
      queueMicrotask: [36m[Function: queueMicrotask][39m,
      setInterval: [36m[Function][39m,
      clearInterval: [36m[Function][39m,
      setImmediate: [36m[Function][39m,
      clearImmediate: [36m[Function][39m,
      countTimers: [36m[Function: countTimers][39m,
      requestAnimationFrame: [36m[Function][39m,
      cancelAnimationFrame: [36m[Function][39m,
      runMicrotasks: [36m[Function: runMicrotasks][39m,
      tick: [36m[Function: tick][39m,
      tickAsync: [36m[Function: tickAsync][39m,
      next: [36m[Function: next][39m,
      nextAsync: [36m[Function: nextAsync][39m,
      runAll: [36m[Function: runAll][39m,
      runToFrame: [36m[Function: runToFrame][39m,
      runAllAsync: [36m[Function: runAllAsync][39m,
      runToLast: [36m[Function: runToLast][39m,
      runToLastAsync: [36m[Function: runToLastAsync][39m,
      reset: [36m[Function: reset][39m,
      setSystemTime: [36m[Function: setSystemTime][39m,
      jump: [36m[Function: jump][39m,
      performance: [36m[Object: null prototype][39m,
      hrtime: [36m[Function][39m,
      shouldClearNativeTimers: [33mtrue[39m,
      uninstall: [36m[Function (anonymous)][39m,
      abortListenerMap: Map(0) {},
      methods: [36m[Array][39m,
      _setTimeout: [36m[Function][39m,
      _clearTimeout: [36m[Function: clearTimeout][39m,
      _setInterval: [36m[Function: setInterval][39m,
      _clearInterval: [36m[Function: clearInterval][39m,
      _Date: [36m[Function: Date][39m,
      _setImmediate: [36m[Function][39m,
      _clearImmediate: [36m[Function: clearImmediate][39m,
      _hrtime: [36m[Function][39m,
      _performance: [36m[Performance][39m,
      _requestAnimationFrame: [36m[Function: bound ][39m,
      _cancelAnimationFrame: [36m[Function: bound ][39m,
      _Intl: Object [Intl] {}
    }
  },
  setTimeout: [Function: setTimeout] {
    hadOwnProperty: [33mtrue[39m,
    clock: {
      now: [33m1764681223220[39m,
      Date: [36m[Function][39m,
      loopLimit: [33m10000[39m,
      Intl: [36m[Object][39m,
      requestIdleCallback: [36m[Function: requestIdleCallback][39m,
      cancelIdleCallback: [36m[Function: cancelIdleCallback][39m,
      setTimeout: [36m[Function][39m,
      clearTimeout: [36m[Function][39m,
      nextTick: [36m[Function: nextTick][39m,
      queueMicrotask: [36m[Function: queueMicrotask][39m,
      setInterval: [36m[Function][39m,
      clearInterval: [36m[Function][39m,
      setImmediate: [36m[Function][39m,
      clearImmediate: [36m[Function][39m,
      countTimers: [36m[Function: countTimers][39m,
      requestAnimationFrame: [36m[Function][39m,
      cancelAnimationFrame: [36m[Function][39m,
      runMicrotasks: [36m[Function: runMicrotasks][39m,
      tick: [36m[Function: tick][39m,
      tickAsync: [36m[Function: tickAsync][39m,
      next: [36m[Function: next][39m,
      nextAsync: [36m[Function: nextAsync][39m,
      runAll: [36m[Function: runAll][39m,
      runToFrame: [36m[Function: runToFrame][39m,
      runAllAsync: [36m[Function: runAllAsync][39m,
      runToLast: [36m[Function: runToLast][39m,
      runToLastAsync: [36m[Function: runToLastAsync][39m,
      reset: [36m[Function: reset][39m,
      setSystemTime: [36m[Function: setSystemTime][39m,
      jump: [36m[Function: jump][39m,
      performance: [36m[Object: null prototype][39m,
      hrtime: [36m[Function][39m,
      shouldClearNativeTimers: [33mtrue[39m,
      uninstall: [36m[Function (anonymous)][39m,
      abortListenerMap: Map(0) {},
      methods: [36m[Array][39m,
      _setTimeout: [36m[Function][39m,
      _clearTimeout: [36m[Function: clearTimeout][39m,
      _setInterval: [36m[Function: setInterval][39m,
      _clearInterval: [36m[Function: clearInterval][39m,
      _Date: [36m[Function: Date][39m,
      _setImmediate: [36m[Function][39m,
      _clearImmediate: [36m[Function: clearImmediate][39m,
      _hrtime: [36m[Function][39m,
      _performance: [36m[Performance][39m,
      _requestAnimationFrame: [36m[Function: bound ][39m,
      _cancelAnimationFrame: [36m[Function: bound ][39m,
      _Intl: Object [Intl] {}
    },
    [[32mSymbol(nodejs.util.promisify.custom)[39m]: [36m[Function: promisifiedSetTimeout][39m
  },
  queueMicrotask: [36m[Function: queueMicrotask][39m,
  structuredClone: [36m[Function: structuredClone][39m,
  atob: [36m[Function: atob][39m,
  btoa: [36m[Function: btoa][39m,
  performance: [36m[Getter/Setter][39m,
  fetch: [36m[Function: fetch][39m,
  navigator: [36m[Getter/Setter][39m,
  crypto: [36m[Getter][39m,
  window: [36m[Circular *1][39m,
  self: [36m[Circular *1][39m,
  top: [36m[Circular *1][39m,
  parent: [36m[Circular *1][39m,
  jsdom: JSDOM {
    [[32mSymbol(window)[39m]: [36m<ref *2>[39m Window {
      StyleSheet: [36m[Function: StyleSheet][39m,
      MediaList: [36m[Function: MediaList][39m,
      CSSStyleSheet: [36m[Function: CSSStyleSheet][39m,
      CSSRule: [36m[Function][39m,
      CSSStyleRule: [36m[Function][39m,
      CSSMediaRule: [36m[Function: CSSMediaRule][39m,
      CSSImportRule: [36m[Function: CSSImportRule][39m,
      CSSStyleDeclaration: [36m[class CSSStyleDeclaration][39m,
      XPathException: [36m[Function][39m,
      XPathExpression: [36m[Function: XPathExpression][39m,
      XPathResult: [36m[Function][39m,
      XPathEvaluator: [36m[Function: XPathEvaluator][39m,
      onafterprint: [36m[Getter/Setter][39m,
      onbeforeprint: [36m[Getter/Setter][39m,
      onbeforeunload: [36m[Getter/Setter][39m,
      onhashchange: [36m[Getter/Setter][39m,
      onlanguagechange: [36m[Getter/Setter][39m,
      onmessage: [36m[Getter/Setter][39m,
      onmessageerror: [36m[Getter/Setter][39m,
      onoffline: [36m[Getter/Setter][39m,
      ononline: [36m[Getter/Setter][39m,
      onpagehide: [36m[Getter/Setter][39m,
      onpageshow: [36m[Getter/Setter][39m,
      onpopstate: [36m[Getter/Setter][39m,
      onrejectionhandled: [36m[Getter/Setter][39m,
      onstorage: [36m[Getter/Setter][39m,
      onunhandledrejection: [36m[Getter/Setter][39m,
      onunload: [36m[Getter/Setter][39m,
      onblur: [36m[Getter/Setter][39m,
      onerror: [36m[Getter/Setter][39m,
      onfocus: [36m[Getter/Setter][39m,
      onload: [36m[Getter/Setter][39m,
      onresize: [36m[Getter/Setter][39m,
      onscroll: [36m[Getter/Setter][39m,
      onabort: [36m[Getter/Setter][39m,
      onauxclick: [36m[Getter/Setter][39m,
      onbeforeinput: [36m[Getter/Setter][39m,
      onbeforematch: [36m[Getter/Setter][39m,
      onbeforetoggle: [36m[Getter/Setter][39m,
      oncancel: [36m[Getter/Setter][39m,
      oncanplay: [36m[Getter/Setter][39m,
      oncanplaythrough: [36m[Getter/Setter][39m,
      onchange: [36m[Getter/Setter][39m,
      onclick: [36m[Getter/Setter][39m,
      onclose: [36m[Getter/Setter][39m,
      oncontextlost: [36m[Getter/Setter][39m,
      oncontextmenu: [36m[Getter/Setter][39m,
      oncontextrestored: [36m[Getter/Setter][39m,
      oncopy: [36m[Getter/Setter][39m,
      oncuechange: [36m[Getter/Setter][39m,
      oncut: [36m[Getter/Setter][39m,
      ondblclick: [36m[Getter/Setter][39m,
      ondrag: [36m[Getter/Setter][39m,
      ondragend: [36m[Getter/Setter][39m,
      ondragenter: [36m[Getter/Setter][39m,
      ondragleave: [36m[Getter/Setter][39m,
      ondragover: [36m[Getter/Setter][39m,
      ondragstart: [36m[Getter/Setter][39m,
      ondrop: [36m[Getter/Setter][39m,
      ondurationchange: [36m[Getter/Setter][39m,
      onemptied: [36m[Getter/Setter][39m,
      onended: [36m[Getter/Setter][39m,
      onformdata: [36m[Getter/Setter][39m,
      oninput: [36m[Getter/Setter][39m,
      oninvalid: [36m[Getter/Setter][39m,
      onkeydown: [36m[Getter/Setter][39m,
      onkeypress: [36m[Getter/Setter][39m,
      onkeyup: [36m[Getter/Setter][39m,
      onloadeddata: [36m[Getter/Setter][39m,
      onloadedmetadata: [36m[Getter/Setter][39m,
      onloadstart: [36m[Getter/Setter][39m,
      onmousedown: [36m[Getter/Setter][39m,
      onmouseenter: [36m[Getter/Setter][39m,
      onmouseleave: [36m[Getter/Setter][39m,
      onmousemove: [36m[Getter/Setter][39m,
      onmouseout: [36m[Getter/Setter][39m,
      onmouseover: [36m[Getter/Setter][39m,
      onmouseup: [36m[Getter/Setter][39m,
      onpaste: [36m[Getter/Setter][39m,
      onpause: [36m[Getter/Setter][39m,
      onplay: [36m[Getter/Setter][39m,
      onplaying: [36m[Getter/Setter][39m,
      onprogress: [36m[Getter/Setter][39m,
      onratechange: [36m[Getter/Setter][39m,
      onreset: [36m[Getter/Setter][39m,
      onscrollend: [36m[Getter/Setter][39m,
      onsecuritypolicyviolation: [36m[Getter/Setter][39m,
      onseeked: [36m[Getter/Setter][39m,
      onseeking: [36m[Getter/Setter][39m,
      onselect: [36m[Getter/Setter][39m,
      onslotchange: [36m[Getter/Setter][39m,
      onstalled: [36m[Getter/Setter][39m,
      onsubmit: [36m[Getter/Setter][39m,
      onsuspend: [36m[Getter/Setter][39m,
      ontimeupdate: [36m[Getter/Setter][39m,
      ontoggle: [36m[Getter/Setter][39m,
      onvolumechange: [36m[Getter/Setter][39m,
      onwaiting: [36m[Getter/Setter][39m,
      onwebkitanimationend: [36m[Getter/Setter][39m,
      onwebkitanimationiteration: [36m[Getter/Setter][39m,
      onwebkitanimationstart: [36m[Getter/Setter][39m,
      onwebkittransitionend: [36m[Getter/Setter][39m,
      onwheel: [36m[Getter/Setter][39m,
      ontouchstart: [36m[Getter/Setter][39m,
      ontouchend: [36m[Getter/Setter][39m,
      ontouchmove: [36m[Getter/Setter][39m,
      ontouchcancel: [36m[Getter/Setter][39m,
      _registeredHandlers: Set(0) {},
      _eventHandlers: [Object: null prototype] {},
      onautocomplete: [36m[Getter/Setter][39m,
      onautocompleteerror: [36m[Getter/Setter][39m,
      onsort: [36m[Getter/Setter][39m,
      _globalObject: [36m[Circular *2][39m,
      _resourceLoader: [36m[NoOpResourceLoader][39m,
      _globalProxy: [36m[Object [Window]][39m,
      _document: [36m[Document][39m,
      _origin: [32m'http://localhost:3000'[39m,
      _sessionHistory: [36m[SessionHistory][39m,
      _virtualConsole: [36m[VirtualConsole][39m,
      _runScripts: [32m'dangerously'[39m,
      _top: [36m[Object [Window]][39m,
      _parent: [36m[Object [Window]][39m,
      _frameElement: [1mnull[22m,
      _length: [33m0[39m,
      _currentEvent: [90mundefined[39m,
      _pretendToBeVisual: [33mtrue[39m,
      _storageQuota: [33m5000000[39m,
      _commonForOrigin: [36m[Object][39m,
      _currentOriginData: [36m[Object][39m,
      _localStorage: Storage {},
      _sessionStorage: Storage {},
      _selection: [36m[SelectionImpl][39m,
      getSelection: [36m[Function (anonymous)][39m,
      _customElementRegistry: CustomElementRegistry {},
      length: [36m[Getter/Setter][39m,
      window: [36m[Getter][39m,
      frameElement: [36m[Getter][39m,
      frames: [36m[Getter/Setter][39m,
      self: [36m[Getter/Setter][39m,
      parent: [36m[Getter/Setter][39m,
      top: [36m[Getter][39m,
      document: [36m[Getter][39m,
      external: [36m[Getter/Setter][39m,
      location: [36m[Getter/Setter][39m,
      history: [36m[Getter][39m,
      navigator: [36m[Getter][39m,
      locationbar: [36m[Getter/Setter][39m,
      menubar: [36m[Getter/Setter][39m,
      personalbar: [36m[Getter/Setter][39m,
      scrollbars: [36m[Getter/Setter][39m,
      statusbar: [36m[Getter/Setter][39m,
      toolbar: [36m[Getter/Setter][39m,
      performance: [36m[Getter][39m,
      screen: [36m[Getter/Setter][39m,
      crypto: [36m[Getter][39m,
      origin: [36m[Getter/Setter][39m,
      localStorage: [36m[Getter][39m,
      sessionStorage: [36m[Getter][39m,
      customElements: [36m[Getter][39m,
      event: [36m[Getter/Setter][39m,
      setTimeout: [36m[Function (anonymous)][39m,
      setInterval: [36m[Function (anonymous)][39m,
      clearTimeout: [36m[Function (anonymous)][39m,
      clearInterval: [36m[Function (anonymous)][39m,
      queueMicrotask: [36m[Function (anonymous)][39m,
      requestAnimationFrame: [36m[Function (anonymous)][39m,
      cancelAnimationFrame: [36m[Function (anonymous)][39m,
      postMessage: [36m[Function (anonymous)][39m,
      atob: [36m[Function (anonymous)][39m,
      btoa: [36m[Function (anonymous)][39m,
      stop: [36m[Function (anonymous)][39m,
      close: [36m[Function (anonymous)][39m,
      getComputedStyle: [36m[Function (anonymous)][39m,
      captureEvents: [36m[Function (anonymous)][39m,
      releaseEvents: [36m[Function (anonymous)][39m,
      console: [36m[Object][39m,
      name: [32m''[39m,
      status: [32m''[39m,
      devicePixelRatio: [33m1[39m,
      innerWidth: [33m1024[39m,
      innerHeight: [33m768[39m,
      outerWidth: [33m1024[39m,
      outerHeight: [33m768[39m,
      pageXOffset: [33m0[39m,
      pageYOffset: [33m0[39m,
      screenX: [33m0[39m,
      screenLeft: [33m0[39m,
      screenY: [33m0[39m,
      screenTop: [33m0[39m,
      scrollX: [33m0[39m,
      scrollY: [33m0[39m,
      alert: [36m[Function (anonymous)][39m,
      blur: [36m[Function (anonymous)][39m,
      confirm: [36m[Function (anonymous)][39m,
      focus: [36m[Function (anonymous)][39m,
      moveBy: [36m[Function (anonymous)][39m,
      moveTo: [36m[Function (anonymous)][39m,
      open: [36m[Function (anonymous)][39m,
      print: [36m[Function (anonymous)][39m,
      prompt: [36m[Function (anonymous)][39m,
      resizeBy: [36m[Function (anonymous)][39m,
      resizeTo: [36m[Function (anonymous)][39m,
      scroll: [36m[Function (anonymous)][39m,
      scrollBy: [36m[Function (anonymous)][39m,
      scrollTo: [36m[Function (anonymous)][39m,
      [32m'test-container'[39m: [36m[Getter/Setter][39m,
      [32m'tutorial-target'[39m: [36m[Getter/Setter][39m,
      [[32mSymbol([webidl2js] constructor registry)[39m]: [36m[Object: null prototype][39m,
      [[32mSymbol(named property tracker)[39m]: [36m[NamedPropertiesTracker][39m
    }
  },
  suite: [Function: chain] {
    each: [36m[Function (anonymous)][39m,
    for: [36m[Function (anonymous)][39m,
    skipIf: [36m[Function (anonymous)][39m,
    runIf: [36m[Function (anonymous)][39m,
    withContext: [36m[Function (anonymous)][39m,
    setContext: [36m[Function (anonymous)][39m,
    mergeContext: [36m[Function (anonymous)][39m,
    fn: [Function: suiteFn] {
      each: [36m[Function (anonymous)][39m,
      for: [36m[Function (anonymous)][39m,
      skipIf: [36m[Function (anonymous)][39m,
      runIf: [36m[Function (anonymous)][39m
    }
  },
  test: [Function: chain] {
    each: [36m[Function (anonymous)][39m,
    for: [36m[Function (anonymous)][39m,
    skipIf: [36m[Function (anonymous)][39m,
    runIf: [36m[Function (anonymous)][39m,
    scoped: [36m[Function (anonymous)][39m,
    extend: [36m[Function (anonymous)][39m,
    beforeEach: [36m[Function: beforeEach][39m,
    afterEach: [36m[Function: afterEach][39m,
    beforeAll: [36m[Function: beforeAll][39m,
    afterAll: [36m[Function: afterAll][39m,
    withContext: [36m[Function (anonymous)][39m,
    setContext: [36m[Function (anonymous)][39m,
    mergeContext: [36m[Function (anonymous)][39m,
    fn: [Function (anonymous)] {
      each: [36m[Function (anonymous)][39m,
      for: [36m[Function (anonymous)][39m,
      skipIf: [36m[Function (anonymous)][39m,
      runIf: [36m[Function (anonymous)][39m,
      scoped: [36m[Function (anonymous)][39m,
      extend: [36m[Function (anonymous)][39m,
      beforeEach: [36m[Function: beforeEach][39m,
      afterEach: [36m[Function: afterEach][39m,
      beforeAll: [36m[Function: beforeAll][39m,
      afterAll: [36m[Function: afterAll][39m
    }
  },
  describe: [Function: chain] {
    each: [36m[Function (anonymous)][39m,
    for: [36m[Function (anonymous)][39m,
    skipIf: [36m[Function (anonymous)][39m,
    runIf: [36m[Function (anonymous)][39m,
    withContext: [36m[Function (anonymous)][39m,
    setContext: [36m[Function (anonymous)][39m,
    mergeContext: [36m[Function (anonymous)][39m,
    fn: [Function: suiteFn] {
      each: [36m[Function (anonymous)][39m,
      for: [36m[Function (anonymous)][39m,
      skipIf: [36m[Function (anonymous)][39m,
      runIf: [36m[Function (anonymous)][39m
    }
  },
  it: [Function: chain] {
    each: [36m[Function (anonymous)][39m,
    for: [36m[Function (anonymous)][39m,
    skipIf: [36m[Function (anonymous)][39m,
    runIf: [36m[Function (anonymous)][39m,
    scoped: [36m[Function (anonymous)][39m,
    extend: [36m[Function (anonymous)][39m,
    beforeEach: [36m[Function: beforeEach][39m,
    afterEach: [36m[Function: afterEach][39m,
    beforeAll: [36m[Function: beforeAll][39m,
    afterAll: [36m[Function: afterAll][39m,
    withContext: [36m[Function (anonymous)][39m,
    setContext: [36m[Function (anonymous)][39m,
    mergeContext: [36m[Function (anonymous)][39m,
    fn: [Function (anonymous)] {
      each: [36m[Function (anonymous)][39m,
      for: [36m[Function (anonymous)][39m,
      skipIf: [36m[Function (anonymous)][39m,
      runIf: [36m[Function (anonymous)][39m,
      scoped: [36m[Function (anonymous)][39m,
      extend: [36m[Function (anonymous)][39m,
      beforeEach: [36m[Function: beforeEach][39m,
      afterEach: [36m[Function: afterEach][39m,
      beforeAll: [36m[Function: beforeAll][39m,
      afterAll: [36m[Function: afterAll][39m
    }
  },
  chai: [Module: null prototype] {
    Assertion: [36m[class Assertion][39m,
    AssertionError: [36m[class AssertionError extends Error][39m,
    Should: [36m[Function: loadShould][39m,
    assert: [Function: assert] {
      fail: [36m[Function (anonymous)][39m,
      isOk: [36m[Function (anonymous)][39m,
      isNotOk: [36m[Function (anonymous)][39m,
      equal: [36m[Function (anonymous)][39m,
      notEqual: [36m[Function (anonymous)][39m,
      strictEqual: [36m[Function (anonymous)][39m,
      notStrictEqual: [36m[Function (anonymous)][39m,
      deepStrictEqual: [36m[Function (anonymous)][39m,
      deepEqual: [36m[Function (anonymous)][39m,
      notDeepEqual: [36m[Function (anonymous)][39m,
      isAbove: [36m[Function (anonymous)][39m,
      isAtLeast: [36m[Function (anonymous)][39m,
      isBelow: [36m[Function (anonymous)][39m,
      isAtMost: [36m[Function (anonymous)][39m,
      isTrue: [36m[Function (anonymous)][39m,
      isNotTrue: [36m[Function (anonymous)][39m,
      isFalse: [36m[Function (anonymous)][39m,
      isNotFalse: [36m[Function (anonymous)][39m,
      isNull: [36m[Function (anonymous)][39m,
      isNotNull: [36m[Function (anonymous)][39m,
      isNaN: [36m[Function (anonymous)][39m,
      isNotNaN: [36m[Function (anonymous)][39m,
      exists: [36m[Function (anonymous)][39m,
      notExists: [36m[Function (anonymous)][39m,
      isUndefined: [36m[Function (anonymous)][39m,
      isDefined: [36m[Function (anonymous)][39m,
      isCallable: [36m[Function (anonymous)][39m,
      isNotCallable: [36m[Function (anonymous)][39m,
      isObject: [36m[Function (anonymous)][39m,
      isNotObject: [36m[Function (anonymous)][39m,
      isArray: [36m[Function (anonymous)][39m,
      isNotArray: [36m[Function (anonymous)][39m,
      isString: [36m[Function (anonymous)][39m,
      isNotString: [36m[Function (anonymous)][39m,
      isNumber: [36m[Function (anonymous)][39m,
      isNotNumber: [36m[Function (anonymous)][39m,
      isNumeric: [36m[Function (anonymous)][39m,
      isNotNumeric: [36m[Function (anonymous)][39m,
      isFinite: [36m[Function (anonymous)][39m,
      isBoolean: [36m[Function (anonymous)][39m,
      isNotBoolean: [36m[Function (anonymous)][39m,
      typeOf: [36m[Function (anonymous)][39m,
      notTypeOf: [36m[Function (anonymous)][39m,
      instanceOf: [36m[Function (anonymous)][39m,
      notInstanceOf: [36m[Function (anonymous)][39m,
      include: [36m[Function (anonymous)][39m,
      notInclude: [36m[Function (anonymous)][39m,
      deepInclude: [36m[Function (anonymous)][39m,
      notDeepInclude: [36m[Function (anonymous)][39m,
      nestedInclude: [36m[Function (anonymous)][39m,
      notNestedInclude: [36m[Function (anonymous)][39m,
      deepNestedInclude: [36m[Function (anonymous)][39m,
      notDeepNestedInclude: [36m[Function (anonymous)][39m,
      ownInclude: [36m[Function (anonymous)][39m,
      notOwnInclude: [36m[Function (anonymous)][39m,
      deepOwnInclude: [36m[Function (anonymous)][39m,
      notDeepOwnInclude: [36m[Function (anonymous)][39m,
      match: [36m[Function (anonymous)][39m,
      notMatch: [36m[Function (anonymous)][39m,
      property: [36m[Function (anonymous)][39m,
      notProperty: [36m[Function (anonymous)][39m,
      propertyVal: [36m[Function (anonymous)][39m,
      notPropertyVal: [36m[Function (anonymous)][39m,
      deepPropertyVal: [36m[Function (anonymous)][39m,
      notDeepPropertyVal: [36m[Function (anonymous)][39m,
      ownProperty: [36m[Function (anonymous)][39m,
      notOwnProperty: [36m[Function (anonymous)][39m,
      ownPropertyVal: [36m[Function (anonymous)][39m,
      notOwnPropertyVal: [36m[Function (anonymous)][39m,
      deepOwnPropertyVal: [36m[Function (anonymous)][39m,
      notDeepOwnPropertyVal: [36m[Function (anonymous)][39m,
      nestedProperty: [36m[Function (anonymous)][39m,
      notNestedProperty: [36m[Function (anonymous)][39m,
      nestedPropertyVal: [36m[Function (anonymous)][39m,
      notNestedPropertyVal: [36m[Function (anonymous)][39m,
      deepNestedPropertyVal: [36m[Function (anonymous)][39m,
      notDeepNestedPropertyVal: [36m[Function (anonymous)][39m,
      lengthOf: [36m[Function (anonymous)][39m,
      hasAnyKeys: [36m[Function (anonymous)][39m,
      hasAllKeys: [36m[Function (anonymous)][39m,
      containsAllKeys: [36m[Function (anonymous)][39m,
      doesNotHaveAnyKeys: [36m[Function (anonymous)][39m,
      doesNotHaveAllKeys: [36m[Function (anonymous)][39m,
      hasAnyDeepKeys: [36m[Function (anonymous)][39m,
      hasAllDeepKeys: [36m[Function (anonymous)][39m,
      containsAllDeepKeys: [36m[Function (anonymous)][39m,
      doesNotHaveAnyDeepKeys: [36m[Function (anonymous)][39m,
      doesNotHaveAllDeepKeys: [36m[Function (anonymous)][39m,
      throws: [36m[Function (anonymous)][39m,
      doesNotThrow: [36m[Function (anonymous)][39m,
      operator: [36m[Function (anonymous)][39m,
      closeTo: [36m[Function (anonymous)][39m,
      approximately: [36m[Function (anonymous)][39m,
      sameMembers: [36m[Function (anonymous)][39m,
      notSameMembers: [36m[Function (anonymous)][39m,
      sameDeepMembers: [36m[Function (anonymous)][39m,
      notSameDeepMembers: [36m[Function (anonymous)][39m,
      sameOrderedMembers: [36m[Function (anonymous)][39m,
      notSameOrderedMembers: [36m[Function (anonymous)][39m,
      sameDeepOrderedMembers: [36m[Function (anonymous)][39m,
      notSameDeepOrderedMembers: [36m[Function (anonymous)][39m,
      includeMembers: [36m[Function (anonymous)][39m,
      notIncludeMembers: [36m[Function (anonymous)][39m,
      includeDeepMembers: [36m[Function (anonymous)][39m,
      notIncludeDeepMembers: [36m[Function (anonymous)][39m,
      includeOrderedMembers: [36m[Function (anonymous)][39m,
      notIncludeOrderedMembers: [36m[Function (anonymous)][39m,
      includeDeepOrderedMembers: [36m[Function (anonymous)][39m,
      notIncludeDeepOrderedMembers: [36m[Function (anonymous)][39m,
      oneOf: [36m[Function (anonymous)][39m,
      isIterable: [36m[Function (anonymous)][39m,
      changes: [36m[Function (anonymous)][39m,
      changesBy: [36m[Function (anonymous)][39m,
      doesNotChange: [36m[Function (anonymous)][39m,
      changesButNotBy: [36m[Function (anonymous)][39m,
      increases: [36m[Function (anonymous)][39m,
      increasesBy: [36m[Function (anonymous)][39m,
      doesNotIncrease: [36m[Function (anonymous)][39m,
      increasesButNotBy: [36m[Function (anonymous)][39m,
      decreases: [36m[Function (anonymous)][39m,
      decreasesBy: [36m[Function (anonymous)][39m,
      doesNotDecrease: [36m[Function (anonymous)][39m,
      doesNotDecreaseBy: [36m[Function (anonymous)][39m,
      decreasesButNotBy: [36m[Function (anonymous)][39m,
      ifError: [36m[Function (anonymous)][39m,
      isExtensible: [36m[Function (anonymous)][39m,
      isNotExtensible: [36m[Function (anonymous)][39m,
      isSealed: [36m[Function (anonymous)][39m,
      isNotSealed: [36m[Function (anonymous)][39m,
      isFrozen: [36m[Function (anonymous)][39m,
      isNotFrozen: [36m[Function (anonymous)][39m,
      isEmpty: [36m[Function (anonymous)][39m,
      isNotEmpty: [36m[Function (anonymous)][39m,
      containsSubset: [36m[Function (anonymous)][39m,
      doesNotContainSubset: [36m[Function (anonymous)][39m,
      ok: [36m[Function (anonymous)][39m,
      notOk: [36m[Function (anonymous)][39m,
      throw: [36m[Function (anonymous)][39m,
      Throw: [36m[Function (anonymous)][39m,
      extensible: [36m[Function (anonymous)][39m,
      notExtensible: [36m[Function (anonymous)][39m,
      sealed: [36m[Function (anonymous)][39m,
      notSealed: [36m[Function (anonymous)][39m,
      frozen: [36m[Function (anonymous)][39m,
      notFrozen: [36m[Function (anonymous)][39m,
      empty: [36m[Function (anonymous)][39m,
      notEmpty: [36m[Function (anonymous)][39m,
      isFunction: [36m[Function (anonymous)][39m,
      isNotFunction: [36m[Function (anonymous)][39m,
      containSubset: [36m[Function (anonymous)][39m
    },
    config: {
      includeStack: [33mfalse[39m,
      showDiff: [33mtrue[39m,
      truncateThreshold: [33m40[39m,
      useProxy: [33mtrue[39m,
      proxyExcludedKeys: [36m[Array][39m,
      deepEqual: [1mnull[22m
    },
    expect: [Function: expect] {
      fail: [36m[Function (anonymous)][39m,
      extend: [36m[Function: methodWrapper][39m,
      addSnapshotSerializer: [36m[Function: methodWrapper][39m,
      anything: [36m[Function: methodWrapper][39m,
      any: [36m[Function: methodWrapper][39m,
      stringContaining: [36m[Function: methodWrapper][39m,
      objectContaining: [36m[Function: methodWrapper][39m,
      arrayContaining: [36m[Function: methodWrapper][39m,
      stringMatching: [36m[Function: methodWrapper][39m,
      closeTo: [36m[Function: methodWrapper][39m,
      schemaMatching: [36m[Function: methodWrapper][39m,
      not: [36m[Object][39m,
      __flags: [36m[Object: null prototype][39m
    },
    should: [36m[Function: loadShould][39m,
    use: [36m[Function: use][39m,
    util: {
      addChainableMethod: [36m[Getter][39m,
      addLengthGuard: [36m[Getter][39m,
      addMethod: [36m[Getter][39m,
      addProperty: [36m[Getter][39m,
      checkError: [36m[Getter][39m,
      compareByInspect: [36m[Getter][39m,
      eql: [36m[Getter][39m,
      events: [36m[Getter][39m,
      expectTypes: [36m[Getter][39m,
      flag: [36m[Getter][39m,
      getActual: [36m[Getter][39m,
      getMessage: [36m[Getter][39m,
      getName: [36m[Getter][39m,
      getOperator: [36m[Getter][39m,
      getOwnEnumerableProperties: [36m[Getter][39m,
      getOwnEnumerablePropertySymbols: [36m[Getter][39m,
      getPathInfo: [36m[Getter][39m,
      hasProperty: [36m[Getter][39m,
      inspect: [36m[Getter][39m,
      isNaN: [36m[Getter][39m,
      isNumeric: [36m[Getter][39m,
      isProxyEnabled: [36m[Getter][39m,
      isRegExp: [36m[Getter][39m,
      objDisplay: [36m[Getter][39m,
      overwriteChainableMethod: [36m[Getter][39m,
      overwriteMethod: [36m[Getter][39m,
      overwriteProperty: [36m[Getter][39m,
      proxify: [36m[Getter][39m,
      test: [36m[Getter][39m,
      transferFlags: [36m[Getter][39m,
      type: [36m[Getter][39m
    }
  },
  expect: [Function: expect] {
    fail: [36m[Function (anonymous)][39m,
    extend: [36m[Function (anonymous)][39m,
    addSnapshotSerializer: [36m[Function: methodWrapper][39m,
    anything: [36m[Function: methodWrapper][39m,
    any: [36m[Function: methodWrapper][39m,
    stringContaining: [36m[Function: methodWrapper][39m,
    objectContaining: [36m[Function: methodWrapper][39m,
    arrayContaining: [36m[Function: methodWrapper][39m,
    stringMatching: [36m[Function: methodWrapper][39m,
    closeTo: [36m[Function: methodWrapper][39m,
    schemaMatching: [36m[Function: methodWrapper][39m,
    not: {
      stringContaining: [36m[Function: stringContaining][39m,
      objectContaining: [36m[Function: objectContaining][39m,
      arrayContaining: [36m[Function: arrayContaining][39m,
      stringMatching: [36m[Function: stringMatching][39m,
      closeTo: [36m[Function: closeTo][39m,
      schemaMatching: [36m[Function: schemaMatching][39m,
      toSatisfy: [36m[Function: value][39m,
      toBeOneOf: [36m[Function: value][39m
    },
    getState: [36m[Function (anonymous)][39m,
    setState: [36m[Function (anonymous)][39m,
    assert: [Function: assert] {
      fail: [36m[Function (anonymous)][39m,
      isOk: [36m[Function (anonymous)][39m,
      isNotOk: [36m[Function (anonymous)][39m,
      equal: [36m[Function (anonymous)][39m,
      notEqual: [36m[Function (anonymous)][39m,
      strictEqual: [36m[Function (anonymous)][39m,
      notStrictEqual: [36m[Function (anonymous)][39m,
      deepStrictEqual: [36m[Function (anonymous)][39m,
      deepEqual: [36m[Function (anonymous)][39m,
      notDeepEqual: [36m[Function (anonymous)][39m,
      isAbove: [36m[Function (anonymous)][39m,
      isAtLeast: [36m[Function (anonymous)][39m,
      isBelow: [36m[Function (anonymous)][39m,
      isAtMost: [36m[Function (anonymous)][39m,
      isTrue: [36m[Function (anonymous)][39m,
      isNotTrue: [36m[Function (anonymous)][39m,
      isFalse: [36m[Function (anonymous)][39m,
      isNotFalse: [36m[Function (anonymous)][39m,
      isNull: [36m[Function (anonymous)][39m,
      isNotNull: [36m[Function (anonymous)][39m,
      isNaN: [36m[Function (anonymous)][39m,
      isNotNaN: [36m[Function (anonymous)][39m,
      exists: [36m[Function (anonymous)][39m,
      notExists: [36m[Function (anonymous)][39m,
      isUndefined: [36m[Function (anonymous)][39m,
      isDefined: [36m[Function (anonymous)][39m,
      isCallable: [36m[Function (anonymous)][39m,
      isNotCallable: [36m[Function (anonymous)][39m,
      isObject: [36m[Function (anonymous)][39m,
      isNotObject: [36m[Function (anonymous)][39m,
      isArray: [36m[Function (anonymous)][39m,
      isNotArray: [36m[Function (anonymous)][39m,
      isString: [36m[Function (anonymous)][39m,
      isNotString: [36m[Function (anonymous)][39m,
      isNumber: [36m[Function (anonymous)][39m,
      isNotNumber: [36m[Function (anonymous)][39m,
      isNumeric: [36m[Function (anonymous)][39m,
      isNotNumeric: [36m[Function (anonymous)][39m,
      isFinite: [36m[Function (anonymous)][39m,
      isBoolean: [36m[Function (anonymous)][39m,
      isNotBoolean: [36m[Function (anonymous)][39m,
      typeOf: [36m[Function (anonymous)][39m,
      notTypeOf: [36m[Function (anonymous)][39m,
      instanceOf: [36m[Function (anonymous)][39m,
      notInstanceOf: [36m[Function (anonymous)][39m,
      include: [36m[Function (anonymous)][39m,
      notInclude: [36m[Function (anonymous)][39m,
      deepInclude: [36m[Function (anonymous)][39m,
      notDeepInclude: [36m[Function (anonymous)][39m,
      nestedInclude: [36m[Function (anonymous)][39m,
      notNestedInclude: [36m[Function (anonymous)][39m,
      deepNestedInclude: [36m[Function (anonymous)][39m,
      notDeepNestedInclude: [36m[Function (anonymous)][39m,
      ownInclude: [36m[Function (anonymous)][39m,
      notOwnInclude: [36m[Function (anonymous)][39m,
      deepOwnInclude: [36m[Function (anonymous)][39m,
      notDeepOwnInclude: [36m[Function (anonymous)][39m,
      match: [36m[Function (anonymous)][39m,
      notMatch: [36m[Function (anonymous)][39m,
      property: [36m[Function (anonymous)][39m,
      notProperty: [36m[Function (anonymous)][39m,
      propertyVal: [36m[Function (anonymous)][39m,
      notPropertyVal: [36m[Function (anonymous)][39m,
      deepPropertyVal: [36m[Function (anonymous)][39m,
      notDeepPropertyVal: [36m[Function (anonymous)][39m,
      ownProperty: [36m[Function (anonymous)][39m,
      notOwnProperty: [36m[Function (anonymous)][39m,
      ownPropertyVal: [36m[Function (anonymous)][39m,
      notOwnPropertyVal: [36m[Function (anonymous)][39m,
      deepOwnPropertyVal: [36m[Function (anonymous)][39m,
      notDeepOwnPropertyVal: [36m[Function (anonymous)][39m,
      nestedProperty: [36m[Function (anonymous)][39m,
      notNestedProperty: [36m[Function (anonymous)][39m,
      nestedPropertyVal: [36m[Function (anonymous)][39m,
      notNestedPropertyVal: [36m[Function (anonymous)][39m,
      deepNestedPropertyVal: [36m[Function (anonymous)][39m,
      notDeepNestedPropertyVal: [36m[Function (anonymous)][39m,
      lengthOf: [36m[Function (anonymous)][39m,
      hasAnyKeys: [36m[Function (anonymous)][39m,
      hasAllKeys: [36m[Function (anonymous)][39m,
      containsAllKeys: [36m[Function (anonymous)][39m,
      doesNotHaveAnyKeys: [36m[Function (anonymous)][39m,
      doesNotHaveAllKeys: [36m[Function (anonymous)][39m,
      hasAnyDeepKeys: [36m[Function (anonymous)][39m,
      hasAllDeepKeys: [36m[Function (anonymous)][39m,
      containsAllDeepKeys: [36m[Function (anonymous)][39m,
      doesNotHaveAnyDeepKeys: [36m[Function (anonymous)][39m,
      doesNotHaveAllDeepKeys: [36m[Function (anonymous)][39m,
      throws: [36m[Function (anonymous)][39m,
      doesNotThrow: [36m[Function (anonymous)][39m,
      operator: [36m[Function (anonymous)][39m,
      closeTo: [36m[Function (anonymous)][39m,
      approximately: [36m[Function (anonymous)][39m,
      sameMembers: [36m[Function (anonymous)][39m,
      notSameMembers: [36m[Function (anonymous)][39m,
      sameDeepMembers: [36m[Function (anonymous)][39m,
      notSameDeepMembers: [36m[Function (anonymous)][39m,
      sameOrderedMembers: [36m[Function (anonymous)][39m,
      notSameOrderedMembers: [36m[Function (anonymous)][39m,
      sameDeepOrderedMembers: [36m[Function (anonymous)][39m,
      notSameDeepOrderedMembers: [36m[Function (anonymous)][39m,
      includeMembers: [36m[Function (anonymous)][39m,
      notIncludeMembers: [36m[Function (anonymous)][39m,
      includeDeepMembers: [36m[Function (anonymous)][39m,
      notIncludeDeepMembers: [36m[Function (anonymous)][39m,
      includeOrderedMembers: [36m[Function (anonymous)][39m,
      notIncludeOrderedMembers: [36m[Function (anonymous)][39m,
      includeDeepOrderedMembers: [36m[Function (anonymous)][39m,
      notIncludeDeepOrderedMembers: [36m[Function (anonymous)][39m,
      oneOf: [36m[Function (anonymous)][39m,
      isIterable: [36m[Function (anonymous)][39m,
      changes: [36m[Function (anonymous)][39m,
      changesBy: [36m[Function (anonymous)][39m,
      doesNotChange: [36m[Function (anonymous)][39m,
      changesButNotBy: [36m[Function (anonymous)][39m,
      increases: [36m[Function (anonymous)][39m,
      increasesBy: [36m[Function (anonymous)][39m,
      doesNotIncrease: [36m[Function (anonymous)][39m,
      increasesButNotBy: [36m[Function (anonymous)][39m,
      decreases: [36m[Function (anonymous)][39m,
      decreasesBy: [36m[Function (anonymous)][39m,
      doesNotDecrease: [36m[Function (anonymous)][39m,
      doesNotDecreaseBy: [36m[Function (anonymous)][39m,
      decreasesButNotBy: [36m[Function (anonymous)][39m,
      ifError: [36m[Function (anonymous)][39m,
      isExtensible: [36m[Function (anonymous)][39m,
      isNotExtensible: [36m[Function (anonymous)][39m,
      isSealed: [36m[Function (anonymous)][39m,
      isNotSealed: [36m[Function (anonymous)][39m,
      isFrozen: [36m[Function (anonymous)][39m,
      isNotFrozen: [36m[Function (anonymous)][39m,
      isEmpty: [36m[Function (anonymous)][39m,
      isNotEmpty: [36m[Function (anonymous)][39m,
      containsSubset: [36m[Function (anonymous)][39m,
      doesNotContainSubset: [36m[Function (anonymous)][39m,
      ok: [36m[Function (anonymous)][39m,
      notOk: [36m[Function (anonymous)][39m,
      throw: [36m[Function (anonymous)][39m,
      Throw: [36m[Function (anonymous)][39m,
      extensible: [36m[Function (anonymous)][39m,
      notExtensible: [36m[Function (anonymous)][39m,
      sealed: [36m[Function (anonymous)][39m,
      notSealed: [36m[Function (anonymous)][39m,
      frozen: [36m[Function (anonymous)][39m,
      notFrozen: [36m[Function (anonymous)][39m,
      empty: [36m[Function (anonymous)][39m,
      notEmpty: [36m[Function (anonymous)][39m,
      isFunction: [36m[Function (anonymous)][39m,
      isNotFunction: [36m[Function (anonymous)][39m,
      containSubset: [36m[Function (anonymous)][39m
    },
    addEqualityTesters: [36m[Function (anonymous)][39m,
    soft: [36m[Function (anonymous)][39m,
    poll: [36m[Function: poll][39m,
    unreachable: [36m[Function (anonymous)][39m,
    assertions: [36m[Function: methodWrapper][39m,
    hasAssertions: [36m[Function: methodWrapper][39m,
    toSatisfy: [36m[Function: customMatcher][39m,
    toBeOneOf: [36m[Function: customMatcher][39m
  },
  assert: [Function: assert] {
    fail: [36m[Function (anonymous)][39m,
    isOk: [36m[Function (anonymous)][39m,
    isNotOk: [36m[Function (anonymous)][39m,
    equal: [36m[Function (anonymous)][39m,
    notEqual: [36m[Function (anonymous)][39m,
    strictEqual: [36m[Function (anonymous)][39m,
    notStrictEqual: [36m[Function (anonymous)][39m,
    deepStrictEqual: [36m[Function (anonymous)][39m,
    deepEqual: [36m[Function (anonymous)][39m,
    notDeepEqual: [36m[Function (anonymous)][39m,
    isAbove: [36m[Function (anonymous)][39m,
    isAtLeast: [36m[Function (anonymous)][39m,
    isBelow: [36m[Function (anonymous)][39m,
    isAtMost: [36m[Function (anonymous)][39m,
    isTrue: [36m[Function (anonymous)][39m,
    isNotTrue: [36m[Function (anonymous)][39m,
    isFalse: [36m[Function (anonymous)][39m,
    isNotFalse: [36m[Function (anonymous)][39m,
    isNull: [36m[Function (anonymous)][39m,
    isNotNull: [36m[Function (anonymous)][39m,
    isNaN: [36m[Function (anonymous)][39m,
    isNotNaN: [36m[Function (anonymous)][39m,
    exists: [36m[Function (anonymous)][39m,
    notExists: [36m[Function (anonymous)][39m,
    isUndefined: [36m[Function (anonymous)][39m,
    isDefined: [36m[Function (anonymous)][39m,
    isCallable: [36m[Function (anonymous)][39m,
    isNotCallable: [36m[Function (anonymous)][39m,
    isObject: [36m[Function (anonymous)][39m,
    isNotObject: [36m[Function (anonymous)][39m,
    isArray: [36m[Function (anonymous)][39m,
    isNotArray: [36m[Function (anonymous)][39m,
    isString: [36m[Function (anonymous)][39m,
    isNotString: [36m[Function (anonymous)][39m,
    isNumber: [36m[Function (anonymous)][39m,
    isNotNumber: [36m[Function (anonymous)][39m,
    isNumeric: [36m[Function (anonymous)][39m,
    isNotNumeric: [36m[Function (anonymous)][39m,
    isFinite: [36m[Function (anonymous)][39m,
    isBoolean: [36m[Function (anonymous)][39m,
    isNotBoolean: [36m[Function (anonymous)][39m,
    typeOf: [36m[Function (anonymous)][39m,
    notTypeOf: [36m[Function (anonymous)][39m,
    instanceOf: [36m[Function (anonymous)][39m,
    notInstanceOf: [36m[Function (anonymous)][39m,
    include: [36m[Function (anonymous)][39m,
    notInclude: [36m[Function (anonymous)][39m,
    deepInclude: [36m[Function (anonymous)][39m,
    notDeepInclude: [36m[Function (anonymous)][39m,
    nestedInclude: [36m[Function (anonymous)][39m,
    notNestedInclude: [36m[Function (anonymous)][39m,
    deepNestedInclude: [36m[Function (anonymous)][39m,
    notDeepNestedInclude: [36m[Function (anonymous)][39m,
    ownInclude: [36m[Function (anonymous)][39m,
    notOwnInclude: [36m[Function (anonymous)][39m,
    deepOwnInclude: [36m[Function (anonymous)][39m,
    notDeepOwnInclude: [36m[Function (anonymous)][39m,
    match: [36m[Function (anonymous)][39m,
    notMatch: [36m[Function (anonymous)][39m,
    property: [36m[Function (anonymous)][39m,
    notProperty: [36m[Function (anonymous)][39m,
    propertyVal: [36m[Function (anonymous)][39m,
    notPropertyVal: [36m[Function (anonymous)][39m,
    deepPropertyVal: [36m[Function (anonymous)][39m,
    notDeepPropertyVal: [36m[Function (anonymous)][39m,
    ownProperty: [36m[Function (anonymous)][39m,
    notOwnProperty: [36m[Function (anonymous)][39m,
    ownPropertyVal: [36m[Function (anonymous)][39m,
    notOwnPropertyVal: [36m[Function (anonymous)][39m,
    deepOwnPropertyVal: [36m[Function (anonymous)][39m,
    notDeepOwnPropertyVal: [36m[Function (anonymous)][39m,
    nestedProperty: [36m[Function (anonymous)][39m,
    notNestedProperty: [36m[Function (anonymous)][39m,
    nestedPropertyVal: [36m[Function (anonymous)][39m,
    notNestedPropertyVal: [36m[Function (anonymous)][39m,
    deepNestedPropertyVal: [36m[Function (anonymous)][39m,
    notDeepNestedPropertyVal: [36m[Function (anonymous)][39m,
    lengthOf: [36m[Function (anonymous)][39m,
    hasAnyKeys: [36m[Function (anonymous)][39m,
    hasAllKeys: [36m[Function (anonymous)][39m,
    containsAllKeys: [36m[Function (anonymous)][39m,
    doesNotHaveAnyKeys: [36m[Function (anonymous)][39m,
    doesNotHaveAllKeys: [36m[Function (anonymous)][39m,
    hasAnyDeepKeys: [36m[Function (anonymous)][39m,
    hasAllDeepKeys: [36m[Function (anonymous)][39m,
    containsAllDeepKeys: [36m[Function (anonymous)][39m,
    doesNotHaveAnyDeepKeys: [36m[Function (anonymous)][39m,
    doesNotHaveAllDeepKeys: [36m[Function (anonymous)][39m,
    throws: [36m[Function (anonymous)][39m,
    doesNotThrow: [36m[Function (anonymous)][39m,
    operator: [36m[Function (anonymous)][39m,
    closeTo: [36m[Function (anonymous)][39m,
    approximately: [36m[Function (anonymous)][39m,
    sameMembers: [36m[Function (anonymous)][39m,
    notSameMembers: [36m[Function (anonymous)][39m,
    sameDeepMembers: [36m[Function (anonymous)][39m,
    notSameDeepMembers: [36m[Function (anonymous)][39m,
    sameOrderedMembers: [36m[Function (anonymous)][39m,
    notSameOrderedMembers: [36m[Function (anonymous)][39m,
    sameDeepOrderedMembers: [36m[Function (anonymous)][39m,
    notSameDeepOrderedMembers: [36m[Function (anonymous)][39m,
    includeMembers: [36m[Function (anonymous)][39m,
    notIncludeMembers: [36m[Function (anonymous)][39m,
    includeDeepMembers: [36m[Function (anonymous)][39m,
    notIncludeDeepMembers: [36m[Function (anonymous)][39m,
    includeOrderedMembers: [36m[Function (anonymous)][39m,
    notIncludeOrderedMembers: [36m[Function (anonymous)][39m,
    includeDeepOrderedMembers: [36m[Function (anonymous)][39m,
    notIncludeDeepOrderedMembers: [36m[Function (anonymous)][39m,
    oneOf: [36m[Function (anonymous)][39m,
    isIterable: [36m[Function (anonymous)][39m,
    changes: [36m[Function (anonymous)][39m,
    changesBy: [36m[Function (anonymous)][39m,
    doesNotChange: [36m[Function (anonymous)][39m,
    changesButNotBy: [36m[Function (anonymous)][39m,
    increases: [36m[Function (anonymous)][39m,
    increasesBy: [36m[Function (anonymous)][39m,
    doesNotIncrease: [36m[Function (anonymous)][39m,
    increasesButNotBy: [36m[Function (anonymous)][39m,
    decreases: [36m[Function (anonymous)][39m,
    decreasesBy: [36m[Function (anonymous)][39m,
    doesNotDecrease: [36m[Function (anonymous)][39m,
    doesNotDecreaseBy: [36m[Function (anonymous)][39m,
    decreasesButNotBy: [36m[Function (anonymous)][39m,
    ifError: [36m[Function (anonymous)][39m,
    isExtensible: [36m[Function (anonymous)][39m,
    isNotExtensible: [36m[Function (anonymous)][39m,
    isSealed: [36m[Function (anonymous)][39m,
    isNotSealed: [36m[Function (anonymous)][39m,
    isFrozen: [36m[Function (anonymous)][39m,
    isNotFrozen: [36m[Function (anonymous)][39m,
    isEmpty: [36m[Function (anonymous)][39m,
    isNotEmpty: [36m[Function (anonymous)][39m,
    containsSubset: [36m[Function (anonymous)][39m,
    doesNotContainSubset: [36m[Function (anonymous)][39m,
    ok: [36m[Function (anonymous)][39m,
    notOk: [36m[Function (anonymous)][39m,
    throw: [36m[Function (anonymous)][39m,
    Throw: [36m[Function (anonymous)][39m,
    extensible: [36m[Function (anonymous)][39m,
    notExtensible: [36m[Function (anonymous)][39m,
    sealed: [36m[Function (anonymous)][39m,
    notSealed: [36m[Function (anonymous)][39m,
    frozen: [36m[Function (anonymous)][39m,
    notFrozen: [36m[Function (anonymous)][39m,
    empty: [36m[Function (anonymous)][39m,
    notEmpty: [36m[Function (anonymous)][39m,
    isFunction: [36m[Function (anonymous)][39m,
    isNotFunction: [36m[Function (anonymous)][39m,
    containSubset: [36m[Function (anonymous)][39m
  },
  expectTypeOf: [36m[Function: expectTypeOf][39m,
  assertType: [36m[Function: assertType][39m,
  vitest: {
    useFakeTimers: [36m[Function: useFakeTimers][39m,
    isFakeTimers: [36m[Function: isFakeTimers][39m,
    useRealTimers: [36m[Function: useRealTimers][39m,
    runOnlyPendingTimers: [36m[Function: runOnlyPendingTimers][39m,
    runOnlyPendingTimersAsync: [36m[AsyncFunction: runOnlyPendingTimersAsync][39m,
    runAllTimers: [36m[Function: runAllTimers][39m,
    runAllTimersAsync: [36m[AsyncFunction: runAllTimersAsync][39m,
    runAllTicks: [36m[Function: runAllTicks][39m,
    advanceTimersByTime: [36m[Function: advanceTimersByTime][39m,
    advanceTimersByTimeAsync: [36m[AsyncFunction: advanceTimersByTimeAsync][39m,
    advanceTimersToNextTimer: [36m[Function: advanceTimersToNextTimer][39m,
    advanceTimersToNextTimerAsync: [36m[AsyncFunction: advanceTimersToNextTimerAsync][39m,
    advanceTimersToNextFrame: [36m[Function: advanceTimersToNextFrame][39m,
    getTimerCount: [36m[Function: getTimerCount][39m,
    setSystemTime: [36m[Function: setSystemTime][39m,
    getMockedSystemTime: [36m[Function: getMockedSystemTime][39m,
    getRealSystemTime: [36m[Function: getRealSystemTime][39m,
    clearAllTimers: [36m[Function: clearAllTimers][39m,
    spyOn: [36m[Function: spyOn][39m,
    fn: [36m[Function: fn][39m,
    waitFor: [36m[Function: waitFor][39m,
    waitUntil: [36m[Function: waitUntil][39m,
    hoisted: [36m[Function: hoisted][39m,
    mock: [36m[Function: mock][39m,
    unmock: [36m[Function: unmock][39m,
    doMock: [36m[Function: doMock][39m,
    doUnmock: [36m[Function: doUnmock][39m,
    importActual: [36m[AsyncFunction: importActual][39m,
    importMock: [36m[AsyncFunction: importMock][39m,
    mockObject: [36m[Function: mockObject][39m,
    mocked: [36m[Function: mocked][39m,
    isMockFunction: [36m[Function: isMockFunction][39m,
    clearAllMocks: [36m[Function: clearAllMocks][39m,
    resetAllMocks: [36m[Function: resetAllMocks][39m,
    restoreAllMocks: [36m[Function: restoreAllMocks][39m,
    stubGlobal: [36m[Function: stubGlobal][39m,
    stubEnv: [36m[Function: stubEnv][39m,
    unstubAllGlobals: [36m[Function: unstubAllGlobals][39m,
    unstubAllEnvs: [36m[Function: unstubAllEnvs][39m,
    resetModules: [36m[Function: resetModules][39m,
    dynamicImportSettled: [36m[AsyncFunction: dynamicImportSettled][39m,
    setConfig: [36m[Function: setConfig][39m,
    resetConfig: [36m[Function: resetConfig][39m
  },
  vi: {
    useFakeTimers: [36m[Function: useFakeTimers][39m,
    isFakeTimers: [36m[Function: isFakeTimers][39m,
    useRealTimers: [36m[Function: useRealTimers][39m,
    runOnlyPendingTimers: [36m[Function: runOnlyPendingTimers][39m,
    runOnlyPendingTimersAsync: [36m[AsyncFunction: runOnlyPendingTimersAsync][39m,
    runAllTimers: [36m[Function: runAllTimers][39m,
    runAllTimersAsync: [36m[AsyncFunction: runAllTimersAsync][39m,
    runAllTicks: [36m[Function: runAllTicks][39m,
    advanceTimersByTime: [36m[Function: advanceTimersByTime][39m,
    advanceTimersByTimeAsync: [36m[AsyncFunction: advanceTimersByTimeAsync][39m,
    advanceTimersToNextTimer: [36m[Function: advanceTimersToNextTimer][39m,
    advanceTimersToNextTimerAsync: [36m[AsyncFunction: advanceTimersToNextTimerAsync][39m,
    advanceTimersToNextFrame: [36m[Function: advanceTimersToNextFrame][39m,
    getTimerCount: [36m[Function: getTimerCount][39m,
    setSystemTime: [36m[Function: setSystemTime][39m,
    getMockedSystemTime: [36m[Function: getMockedSystemTime][39m,
    getRealSystemTime: [36m[Function: getRealSystemTime][39m,
    clearAllTimers: [36m[Function: clearAllTimers][39m,
    spyOn: [36m[Function: spyOn][39m,
    fn: [36m[Function: fn][39m,
    waitFor: [36m[Function: waitFor][39m,
    waitUntil: [36m[Function: waitUntil][39m,
    hoisted: [36m[Function: hoisted][39m,
    mock: [36m[Function: mock][39m,
    unmock: [36m[Function: unmock][39m,
    doMock: [36m[Function: doMock][39m,
    doUnmock: [36m[Function: doUnmock][39m,
    importActual: [36m[AsyncFunction: importActual][39m,
    importMock: [36m[AsyncFunction: importMock][39m,
    mockObject: [36m[Function: mockObject][39m,
    mocked: [36m[Function: mocked][39m,
    isMockFunction: [36m[Function: isMockFunction][39m,
    clearAllMocks: [36m[Function: clearAllMocks][39m,
    resetAllMocks: [36m[Function: resetAllMocks][39m,
    restoreAllMocks: [36m[Function: restoreAllMocks][39m,
    stubGlobal: [36m[Function: stubGlobal][39m,
    stubEnv: [36m[Function: stubEnv][39m,
    unstubAllGlobals: [36m[Function: unstubAllGlobals][39m,
    unstubAllEnvs: [36m[Function: unstubAllEnvs][39m,
    resetModules: [36m[Function: resetModules][39m,
    dynamicImportSettled: [36m[AsyncFunction: dynamicImportSettled][39m,
    setConfig: [36m[Function: setConfig][39m,
    resetConfig: [36m[Function: resetConfig][39m
  },
  beforeAll: [36m[Function: beforeAll][39m,
  afterAll: [36m[Function: afterAll][39m,
  beforeEach: [36m[Function: beforeEach][39m,
  afterEach: [36m[Function: afterEach][39m,
  onTestFinished: [36m[Function (anonymous)][39m,
  onTestFailed: [36m[Function (anonymous)][39m,
  __vitest_required__: {
    util: {
      _errnoException: [36m[Function: _errnoException][39m,
      _exceptionWithHostPort: [36m[Function: _exceptionWithHostPort][39m,
      _extend: [36m[Function: deprecated][39m,
      callbackify: [36m[Function: callbackify][39m,
      debug: [36m[Function: debuglog][39m,
      debuglog: [36m[Function: debuglog][39m,
      deprecate: [36m[Function: deprecate][39m,
      format: [36m[Function: format][39m,
      styleText: [36m[Function: styleText][39m,
      formatWithOptions: [36m[Function: formatWithOptions][39m,
      getCallSite: [36m[Function: deprecated][39m,
      getCallSites: [36m[Function: getCallSites][39m,
      getSystemErrorMap: [36m[Function: getSystemErrorMap][39m,
      getSystemErrorName: [36m[Function: getSystemErrorName][39m,
      getSystemErrorMessage: [36m[Function: getSystemErrorMessage][39m,
      inherits: [36m[Function: inherits][39m,
      inspect: [36m[Function][39m,
      isArray: [36m[Function: deprecated][39m,
      isBoolean: [36m[Function: deprecated][39m,
      isBuffer: [36m[Function: deprecated][39m,
      isDeepStrictEqual: [36m[Function: isDeepStrictEqual][39m,
      isNull: [36m[Function: deprecated][39m,
      isNullOrUndefined: [36m[Function: deprecated][39m,
      isNumber: [36m[Function: deprecated][39m,
      isString: [36m[Function: deprecated][39m,
      isSymbol: [36m[Function: deprecated][39m,
      isUndefined: [36m[Function: deprecated][39m,
      isRegExp: [36m[Function: deprecated][39m,
      isObject: [36m[Function: deprecated][39m,
      isDate: [36m[Function: deprecated][39m,
      isError: [36m[Function: deprecated][39m,
      isFunction: [36m[Function: deprecated][39m,
      isPrimitive: [36m[Function: deprecated][39m,
      log: [36m[Function: deprecated][39m,
      promisify: [36m[Function][39m,
      stripVTControlCharacters: [36m[Function: stripVTControlCharacters][39m,
      toUSVString: [36m[Function: toUSVString][39m,
      transferableAbortSignal: [36m[Getter][39m,
      transferableAbortController: [36m[Getter][39m,
      aborted: [36m[Getter][39m,
      types: [36m[Object][39m,
      parseEnv: [36m[Function: parseEnv][39m,
      parseArgs: [36m[Function: parseArgs][39m,
      TextDecoder: [36m[class TextDecoder][39m,
      TextEncoder: [36m[class TextEncoder][39m,
      MIMEType: [36m[class MIMEType][39m,
      MIMEParams: [36m[class MIMEParams][39m,
      diff: [36m[Function: diff][39m,
      setTraceSigInt: [36m[Function: setTraceSigInt][39m
    },
    timers: {
      setTimeout: [36m[Function][39m,
      clearTimeout: [36m[Function: clearTimeout][39m,
      setImmediate: [36m[Function][39m,
 [32mΓ£ô[39m src/components/__tests__/theme-switcher.test.ts[2m > [22mThemeSwitcher[2m > [22mRendering[2m > [22mshould highlight current theme[32m 99[2mms[22m[39m
 [32mΓ£ô[39m src/components/__tests__/theme-switcher.test.ts[2m > [22mThemeSwitcher[2m > [22mRendering[2m > [22mshould format theme names for display[32m 65[2mms[22m[39m
 [32mΓ£ô[39m src/components/__tests__/market-board.test.ts[2m > [22mMarketBoard[2m > [22mserver selection[2m > [22mshould update selected server on change[32m 26[2mms[22m[39m
 [32mΓ£ô[39m src/components/__tests__/market-board.test.ts[2m > [22mMarketBoard[2m > [22mcategory checkboxes[2m > [22mshould emit categories-changed event on checkbox change[32m 15[2mms[22m[39m
 [32mΓ£ô[39m src/components/__tests__/market-board.test.ts[2m > [22mMarketBoard[2m > [22mrefreshPrices[2m > [22mshould call clearCache and emit refresh-requested[32m 17[2mms[22m[39m
 [32mΓ£ô[39m src/components/__tests__/market-board.test.ts[2m > [22mMarketBoard[2m > [22mrefreshPrices[2m > [22mshould disable button during refresh[32m 10[2mms[22m[39m
 [32mΓ£ô[39m src/components/__tests__/market-board.test.ts[2m > [22mMarketBoard[2m > [22mrefreshPrices[2m > [22mshould update status message during refresh[32m 11[2mms[22m[39m
 [32mΓ£ô[39m src/components/__tests__/market-board.test.ts[2m > [22mMarketBoard[2m > [22mrefreshPrices[2m > [22mshould not refresh if already refreshing[32m 11[2mms[22m[39m
 [32mΓ£ô[39m src/components/__tests__/market-board.test.ts[2m > [22mMarketBoard[2m > [22mshouldFetchPrice[2m > [22mshould return false for null dye[32m 5[2mms[22m[39m
 [32mΓ£ô[39m src/components/__tests__/market-board.test.ts[2m > [22mMarketBoard[2m > [22mshouldFetchPrice[2m > [22mshould return false for dye without itemID[32m 5[2mms[22m[39m
 [32mΓ£ô[39m src/components/__tests__/market-board.test.ts[2m > [22mMarketBoard[2m > [22mshouldFetchPrice[2m > [22mshould return true for Special category dye when specialDyes enabled[32m 5[2mms[22m[39m
 [32mΓ£ô[39m src/components/__tests__/market-board.test.ts[2m > [22mMarketBoard[2m > [22mshouldFetchPrice[2m > [22mshould return false for dye without acquisition[32m 5[2mms[22m[39m
 [32mΓ£ô[39m src/components/__tests__/market-board.test.ts[2m > [22mMarketBoard[2m > [22mfetchPrice[2m > [22mshould return null if showPrices is false[32m 5[2mms[22m[39m
 [32mΓ£ô[39m src/components/__tests__/market-board.test.ts[2m > [22mMarketBoard[2m > [22mfetchPrice[2m > [22mshould return null if dye should not be fetched[32m 5[2mms[22m[39m
 [32mΓ£ô[39m src/components/__tests__/market-board.test.ts[2m > [22mMarketBoard[2m > [22mfetchPricesForDyes[2m > [22mshould fetch prices for multiple dyes[32m 4[2mms[22m[39m
 [32mΓ£ô[39m src/components/__tests__/image-upload-display.test.ts[2m > [22mImageUploadDisplay[2m > [22mstate management[2m > [22mshould return null dimensions when no image is uploaded[32m 15[2mms[22m[39m
 [32mΓ£ô[39m src/components/__tests__/image-upload-display.test.ts[2m > [22mImageUploadDisplay[2m > [22mstate management[2m > [22mshould return null canvas when no image is uploaded[32m 12[2mms[22m[39m
 [32mΓ£ô[39m src/components/__tests__/image-upload-display.test.ts[2m > [22mImageUploadDisplay[2m > [22mstate management[2m > [22mshould return correct state via getState[32m 25[2mms[22m[39m
 [32mΓ£ô[39m src/components/__tests__/image-upload-display.test.ts[2m > [22mImageUploadDisplay[2m > [22mpixel sampling[2m > [22mshould return null when sampling with no image[32m 19[2mms[22m[39m
 [32mΓ£ô[39m src/components/__tests__/image-upload-display.test.ts[2m > [22mImageUploadDisplay[2m > [22mpixel sampling[2m > [22mshould return null for average color with no image[32m 17[2mms[22m[39m
 [32mΓ£ô[39m src/components/__tests__/image-upload-display.test.ts[2m > [22mImageUploadDisplay[2m > [22mclear functionality[2m > [22mshould clear uploaded image[32m 21[2mms[22m[39m
 [32mΓ£ô[39m src/components/__tests__/accessibility-checker-tool.test.ts[2m > [22mAccessibilityCheckerTool Component[2m > [22mDual Dyes Feature[2m > [22mshould display dual dye description[32m 9[2mms[22m[39m
 [32mΓ£ô[39m src/components/__tests__/accessibility-checker-tool.test.ts[2m > [22mAccessibilityCheckerTool Component[2m > [22mDual Dyes Feature[2m > [22mshould toggle dual dyes on/off[32m 16[2mms[22m[39m
 [32mΓ£ô[39m src/components/__tests__/accessibility-checker-tool.test.ts[2m > [22mAccessibilityCheckerTool Component[2m > [22mDual Dyes Feature[2m > [22mshould persist dual dye preference[32m 9[2mms[22m[39m
 [32mΓ£ô[39m src/components/__tests__/accessibility-checker-tool.test.ts[2m > [22mAccessibilityCheckerTool Component[2m > [22mIntensity Sliders[2m > [22mshould provide intensity slider[32m 11[2mms[22m[39m
 [32mΓ£ô[39m src/components/__tests__/accessibility-checker-tool.test.ts[2m > [22mAccessibilityCheckerTool Component[2m > [22mIntensity Sliders[2m > [22mshould show current intensity value[32m 12[2mms[22m[39m
 [32mΓ£ô[39m src/components/__tests__/accessibility-checker-tool.test.ts[2m > [22mAccessibilityCheckerTool Component[2m > [22mIntensity Sliders[2m > [22mshould allow adjusting intensity[32m 7[2mms[22m[39m
 [32mΓ£ô[39m src/components/__tests__/accessibility-checker-tool.test.ts[2m > [22mAccessibilityCheckerTool Component[2m > [22mIntensity Sliders[2m > [22mshould update preview in real-time on slider change[32m 10[2mms[22m[39m
 [32mΓ£ô[39m src/components/__tests__/accessibility-checker-tool.test.ts[2m > [22mAccessibilityCheckerTool Component[2m > [22mPreview Display[2m > [22mshould display outfit preview[32m 18[2mms[22m[39m
 [32mΓ£ô[39m src/components/__tests__/accessibility-checker-tool.test.ts[2m > [22mAccessibilityCheckerTool Component[2m > [22mPreview Display[2m > [22mshould show normal vision colors[32m 8[2mms[22m[39m
 [32mΓ£ô[39m src/components/__tests__/color-wheel-display.test.ts[2m > [22mColorWheelDisplay[2m > [22mMouse Events[2m > [22menlarges glow circle on mouseenter[32m 16[2mms[22m[39m
 [32mΓ£ô[39m src/components/__tests__/color-wheel-display.test.ts[2m > [22mColorWheelDisplay[2m > [22mMouse Events[2m > [22mrestores glow circle on mouseleave[32m 16[2mms[22m[39m
 [32mΓ£ô[39m src/components/__tests__/color-wheel-display.test.ts[2m > [22mColorWheelDisplay[2m > [22mLifecycle[2m > [22mdestroys component without errors[32m 26[2mms[22m[39m
 [32mΓ£ô[39m src/components/__tests__/color-wheel-display.test.ts[2m > [22mColorWheelDisplay[2m > [22mLifecycle[2m > [22mreturns correct state[32m 32[2mms[22m[39m
 [32mΓ£ô[39m src/components/__tests__/color-wheel-display.test.ts[2m > [22mColorWheelDisplay[2m > [22mLifecycle[2m > [22mbindEvents does not throw[32m 16[2mms[22m[39m
 [32mΓ£ô[39m src/components/__tests__/base-component.test.ts[2m > [22mBaseComponent[2m > [22mVisibility and Styling[2m > [22mshould set component styles[32m 16[2mms[22m[39m
 [32mΓ£ô[39m src/components/__tests__/base-component.test.ts[2m > [22mBaseComponent[2m > [22mState Management[2m > [22mshould get component state[32m 1[2mms[22m[39m
 [32mΓ£ô[39m src/components/__tests__/base-component.test.ts[2m > [22mBaseComponent[2m > [22mState Management[2m > [22mshould allow setState to be called (base implementation is no-op)[32m 1[2mms[22m[39m
 [32mΓ£ô[39m src/components/__tests__/base-component.test.ts[2m > [22mBaseComponent[2m > [22mDebug Utilities[2m > [22mshould provide debug info[32m 1[2mms[22m[39m
 [31m├ù[39m src/components/__tests__/base-component.test.ts[2m > [22mBaseComponent[2m > [22mDebug Utilities[2m > [22mshould log debug info[32m 2[2mms[22m[39m
[31m   ΓåÆ expected "info" to be called with arguments: [ StringContaining{ΓÇª} ][90m

Number of calls: [1m0[22m
[31m[39m
 [32mΓ£ô[39m src/components/__tests__/base-component.test.ts[2m > [22mBaseComponent[2m > [22mError Handling[2m > [22mshould handle render errors gracefully[32m 3[2mms[22m[39m
 [32mΓ£ô[39m src/components/__tests__/base-component.test.ts[2m > [22mBaseComponent[2m > [22mError Handling[2m > [22mshould handle update errors gracefully[32m 1[2mms[22m[39m
 [32mΓ£ô[39m src/components/__tests__/base-component.test.ts[2m > [22mBaseComponent[2m > [22mEvent Listener Removal (off)[2m > [22mshould remove specific event listener using off()[32m 2[2mms[22m[39m
 [32mΓ£ô[39m src/components/__tests__/base-component.test.ts[2m > [22mBaseComponent[2m > [22mEvent Listener Removal (off)[2m > [22mshould remove event listener from stored listeners map[32m 1[2mms[22m[39m
 [32mΓ£ô[39m src/components/__tests__/base-component.test.ts[2m > [22mBaseComponent[2m > [22mEvent Listener Removal (off)[2m > [22mshould handle off() with non-matching handler[32m 1[2mms[22m[39m
 [32mΓ£ô[39m src/components/__tests__/base-component.test.ts[2m > [22mBaseComponent[2m > [22mCustom Event Handling (onCustom)[2m > [22mshould listen for custom events via onCustom()[32m 2[2mms[22m[39m
 [32mΓ£ô[39m src/components/__tests__/base-component.test.ts[2m > [22mBaseComponent[2m > [22mCustom Event Handling (onCustom)[2m > [22mshould pass event detail to custom handler[32m 2[2mms[22m[39m
 [32mΓ£ô[39m src/components/__tests__/base-component.test.ts[2m > [22mBaseComponent[2m > [22mCustom Event Handling (onCustom)[2m > [22mshould not call handler for non-CustomEvent events[32m 2[2mms[22m[39m
 [31m├ù[39m src/components/__tests__/base-component.test.ts[2m > [22mBaseComponent[2m > [22mCustom Event Handling (onCustom)[2m > [22mshould store custom event listener in listeners map[32m 6[2mms[22m[39m
[31m   ΓåÆ expected false to be true // Object.is equality[39m
 [31m├ù[39m src/components/__tests__/base-component.test.ts[2m > [22mBaseComponent[2m > [22mCustom Event Handling (onCustom)[2m > [22mshould clean up custom event listeners on destroy[32m 2[2mms[22m[39m
[31m   ΓåÆ expected false to be true // Object.is equality[39m
 [32mΓ£ô[39m src/components/__tests__/base-component.test.ts[2m > [22mBaseComponent[2m > [22msetContent[2m > [22mshould set string content[32m 4[2mms[22m[39m
 [32mΓ£ô[39m src/components/__tests__/base-component.test.ts[2m > [22mBaseComponent[2m > [22msetContent[2m > [22mshould set HTMLElement content[32m 4[2mms[22m[39m
 [32mΓ£ô[39m src/components/__tests__/base-component.test.ts[2m > [22mBaseComponent[2m > [22msetContent[2m > [22mshould clear existing content before setting new content[32m 6[2mms[22m[39m
 [32mΓ£ô[39m src/components/__tests__/base-component.test.ts[2m > [22mBaseComponent[2m > [22mVisibility Edge Cases[2m > [22mshould handle show/hide when element is null[32m 1[2mms[22m[39m
 [32mΓ£ô[39m src/components/__tests__/base-component.test.ts[2m > [22mBaseComponent[2m > [22mVisibility Edge Cases[2m > [22mshould return false for isVisible when element is null[32m 0[2mms[22m[39m
 [32mΓ£ô[39m src/components/__tests__/base-component.test.ts[2m > [22mBaseComponent[2m > [22mVisibility Edge Cases[2m > [22mshould handle setStyle when element is null[32m 0[2mms[22m[39m
 [32mΓ£ô[39m src/components/__tests__/base-component.test.ts[2m > [22mBaseComponent[2m > [22mEvent Handling with Document and Window[2m > [22mshould attach events to document[32m 2[2mms[22m[39m
 [32mΓ£ô[39m src/components/__tests__/base-component.test.ts[2m > [22mBaseComponent[2m > [22mEvent Handling with Document and Window[2m > [22mshould store window event listeners in map[32m 12[2mms[22m[39m
 [32mΓ£ô[39m src/components/__tests__/base-component.test.ts[2m > [22mBaseComponent[2m > [22mEvent Handling with Document and Window[2m > [22mshould clean up document events on destroy[32m 2[2mms[22m[39m
 [31m├ù[39m src/components/__tests__/dye-selector.test.ts[2m > [22mDyeSelector[2m > [22mbindEvents branch coverage[2m > [22mshould handle click on child element of dye-select-btn[32m 62[2mms[22m[39m
[31m   ΓåÆ expected +0 to be 1 // Object.is equality[39m
 [32mΓ£ô[39m src/components/__tests__/dye-selector.test.ts[2m > [22mDyeSelector[2m > [22mbindEvents branch coverage[2m > [22mshould handle invalid dye ID gracefully[32m 61[2mms[22m[39m
 [32mΓ£ô[39m src/components/__tests__/dye-selector.test.ts[2m > [22mDyeSelector[2m > [22mupdate branch coverage[2m > [22mshould return early if not initialized[32m 2[2mms[22m[39m
 [31m├ù[39m src/components/__tests__/color-matcher-tool.test.ts[2m > [22mColorMatcherTool[2m > [22mimage error handling branch coverage[2m > [22mshould handle error event from image upload[33m 1051[2mms[22m[39m
[31m   ΓåÆ expected "vi.fn()" to be called with arguments: [ 'Test error message' ][90m

Number of calls: [1m0[22m
[31m

Ignored nodes: comments, script, style
[36m<html[31m
  [33mclass[31m=[32m"theme-standard-light"[31m
  [33mstyle[31m=[32m"--theme-primary: #8B1A1A; --theme-background: #D3D3D3; --theme-text: #1A1A1A; --theme-text-header: #FFFFFF; --theme-border: #6B1515; --theme-background-secondary: #E0E0E0; --theme-card-background: #F5F5F5; --theme-card-hover: #FFFFFF; --theme-text-muted: #4A4A4A;"[31m
[36m>[31m
  [36m<head />[31m
  [36m<body>[31m
    [36m<div[31m
      [33mid[31m=[32m"test-container"[31m
    [36m>[31m
      [36m<div[31m
        [33mclass[31m=[32m"space-y-8"[31m
      [36m>[31m
        [36m<div[31m
          [33mclass[31m=[32m"space-y-4 text-center mb-8"[31m
        [36m>[31m
          [36m<h2[31m
            [33mclass[31m=[32m"text-2xl font-bold text-gray-900 dark:text-white flex items-center justify-center gap-2"[31m
          [36m>[31m
            [0mColor Matcher[0m
          [36m</h2>[31m
          [36m<p[31m
            [33mclass[31m=[32m"text-gray-600 dark:text-gray-400 max-w-2xl mx-auto"[31m
          [36m>[31m
            [0mUpload an image or select a color to find the closest matching FFXIV dyes.[0m
          [36m</p>[31m
        [36m</div>[31m
        [36m<div[31m
          [33mclass[31m=[32m"grid grid-cols-1 lg:grid-cols-2 gap-6"[31m
        [36m>[31m
          [36m<div[31m
            [33mclass[31m=[32m"bg-white dark:bg-gray-800 rounded-lg border border-gray-200 dark:border-gray-700 p-6"[31m
          [36m>[31m
            [36m<h3[31m
              [33mclass[31m=[32m"text-lg font-semibold text-gray-900 dark:text-white mb-4"[31m
            [36m>[31m
              [0mImage Upload[0m
            [36m</h3>[31m
            [36m<div[31m
              [33mid[31m=[32m"image-upload-container"[31m
            [36m/>[31m
          [36m</div>[31m
          [36m<div[31m
            [33mclass[31m=[32m"bg-white dark:bg-gray-800 rounded-lg border border-gray-200 dark:border-gray-700 p-6"[31m
          [36m>[31m
            [36m<h3[31m
              [33mclass[31m=[32m"text-lg font-semibold text-gray-900 dark:text-white mb-4"[31m
            [36m>[31m
              [0mManual Color Input[0m
            [36m</h3>[31m
            [36m<div[31m
              [33mid[31m=[32m"color-picker-container"[31m
            [36m/>[31m
          [36m</div>[31m
        [36m</div>[31m
        [36m<div[31m
          [33mclass[31m=[32m"bg-white dark:bg-gray-800 rounded-lg border border-gray-200 dark:border-gray-700 p-6 space-y-4"[31m
        [36m>[31m
          [36m<h3[31m
            [33mclass[31m=[32m"text-lg font-semibold text-gray-900 dark:text-white mb-4"[31m
          [36m>[31m
            [0mSample Settings[0m
          [36m</h3>[31m
          [36m<div[31m
            [33mclass[31m=[32m"space-y-2"[31m
          [36m>[31m
            [36m<label[31m
              [33mclass[31m=[32m"block text-sm font-semibold text-gray-700 dark:text-gray-300"[31m
            [36m>[31m
              [0mSample Size (for image color averaging)[0m
              [36m<button[31m
                [33maria-describedby[31m=[32m"tooltip_1764681223442_yr4x3lm"[31m
                [33maria-label[31m=[32m"More information"[31m
                [33mclass[31m=[32m"info-tooltip-icon inline-flex items-center justify-center w-4 h-4 ml-1 text-xs text-gray-400 dark:text-gray-500 hover:text-blue-500 dark:hover:text-blue-400 focus:outline-none focus:ring-2 focus:ring-blue-500 focus:ring-offset-1 rounded-full cursor-help transition-colors"[31m
                [33mdata-tooltip-id[31m=[32m"tooltip_1764681223442_yr4x3lm"[31m
                [33mtabindex[31m=[32m"0"[31m
                [33mtype[31m=[32m"button"[31m
              [36m>[31m
                [0mΓôÿ[0m
              [36m</button>[31m
            [36m</label>[31m
            [36m<div[31m
              [33mclass[31m=[32m"flex items-center gap-4"[31m
            [36m>[31m
              [36m<input[31m
                [33mclass[31m=[32m"flex-1 px-4 py-2 border border-gray-300 dark:border-gray-600 rounded-lg bg-white dark:bg-gray-700 text-gray-900 dark:text-white focus:outline-none"[31m
                [33mid[31m=[32m"sample-size-input"[31m
                [33mmax[31m=[32m"64"[31m
                [33mmin[31m=[32m"1"[31m
                [33mstyle[31m=[32m"accent-color: var(--theme-primary);"[31m
                [33mtype[31m=[32m"range"[31m
                [33mvalue[31m=[32m"5"[31m
              [36m/>[31m
              [36m<div[31m
                [33mclass[31m=[32m"text-lg font-bold text-gray-900 dark:text-white w-12 text-center"[31m
                [33mid[31m=[32m"sample-size-value"[31m
              [36m>[31m
                [0m5[0m
              [36m</div>[31m
            [36m</div>[31m
            [36m<p[31m
              [33mclass[31m=[32m"text-xs text-gray-600 dark:text-gray-400"[31m
            [36m>[31m
              [0mLarger sizes produce more accurate color matching but ignore fine details[0m
            [36m</p>[31m
          [36m</div>[31m
        [36m</div>[31m
        [36m<div[31m
          [33mid[31m=[32m"recent-colors-wrapper"[31m
        [36m/>[31m
        [36m<div[31m
          [33mclass[31m=[32m"bg-white dark:bg-gray-800 rounded-lg border border-gray-200 dark:border-gray-700 p-6"[31m
        [36m>[31m
          [36m<div[31m
            [33mid[31m=[32m"colormatcher-filters-container"[31m
          [36m>[31m
            [36m<div[31m
              [33mclass[31m=[32m"space-y-3"[31m
            [36m>[31m
              [36m<button[31m
                [33mclass[31m=[32m"w-full flex items-center justify-between p-2 -m-2 text-left hover:bg-gray-50 dark:hover:bg-gray-700/50 rounded transition-colors"[31m
                [33mtype[31m=[32m"button"[31m
              [36m>[31m
                [36m<label[31m
                  [33mclass[31m=[32m"text-sm font-semibold text-gray-700 dark:text-gray-300 cursor-pointer"[31m
                [36m>[31m
                  [0mAdvanced Dye Filters[0m
                [36m</label>[31m
                [36m<span[31m
                  [33mclass[31m=[32m"text-gray-400 dark:text-gray-500 text-xs transition-transform"[31m
                  [33mid[31m=[32m"colormatcher-filters-container-toggle-chevron"[31m
                  [33mstyle[31m=[32m"transform: rotate(-90deg); transition: transform 300ms ease-in-out;"[31m
                [36m>[31m
                  [0mΓû╝[0m
                [36m</span>[31m
              [36m</button>[31m
              [36m<div[31m
                [33mclass[31m=[32m"space-y-2 max-h-96 overflow-hidden transition-all duration-300 ease-in-out"[31m
                [33mid[31m=[32m"colormatcher-filters-container-checkboxes-container"[31m
                [33mstyle[31m=[32m"max-height: 0px; opacity: 0; margin-top: 0px; transition: max-height 300ms ease-in-out, opacity 300ms ease-in-out, margin-top 300ms ease-in-out;"[31m
              [36m>[31m
                [36m<div[31m
                  [33mclass[31m=[32m"flex items-start gap-3"[31m
                [36m>[31m
                  [36m<input[31m
                    [33mclass[31m=[32m"mt-1 w-4 h-4 text-blue-600 border-gray-300 rounded focus:ring-2 focus:ring-blue-500 cursor-pointer"[31m
                    [33mid[31m=[32m"colormatcher-filters-container-excludeMetallic"[31m
                    [33mtype[31m=[32m"checkbox"[31m
                  [36m/>[31m
                  [36m<label[31m
                    [33mclass[31m=[32m"cursor-pointer flex-1"[31m
                    [33mfor[31m=[32m"colormatcher-filters-container-excludeMetallic"[31m
                  [36m>[31m
                    [36m<div[31m
                      [33mclass[31m=[32m"text-sm font-medium text-gray-700 dark:text-gray-300"[31m
                    [36m>[31m
                      [0mExclude Metallic Dyes[0m
                    [36m</div>[31m
                    [36m<div[31m
                      [33mclass[31m=[32m"text-xs text-gray-500 dark:text-gray-400"[31m
                    [36m>[31m
                      [0mHide dyes with "Metallic" in the name[0m
                    [36m</div>[31m
                  [36m</label>[31m
                [36m</div>[31m
                [36m<div[31m
                  [33mclass[31m=[32m"flex items-start gap-3"[31m
                [36m>[31m
                  [36m<input[31m
                    [33mclass[31m=[32m"mt-1 w-4 h-4 text-blue-600 border-gray-300 rounded focus:ring-2 focus:ring-blue-500 cursor-pointer"[31m
                    [33mid[31m=[32m"colormatcher-filters-container-excludePastel"[31m
                    [33mtype[31m=[32m"checkbox"[31m
                  [36m/>[31m
                  [36m<label[31m
                    [33mclass[31m=[32m"cursor-pointer flex-1"[31m
                    [33mfor[31m=[32m"colormatcher-filters-container-excludePastel"[31m
                  [36m>[31m
                    [36m<div[31m
                      [33mclass[31m=[32m"text-sm font-medium text-gray-700 dark:text-gray-300"[31m
                    [36m>[31m
                      [0mExclude Pastel Dyes[0m
                    [36m</div>[31m
                    [36m<div[31m
                      [33mclass[31m=[32m"text-xs text-gray-500 dark:text-gray-400"[31m
                    [36m>[31m
                      [0mHide dyes with "Pastel" in the name[0m
                    [36m</div>[31m
                  [36m</label>[31m
                [36m</div>[31m
                [36m<div[31m
                  [33mclass[31m=[32m"flex items-start gap-3"[31m
                [36m>[31m
                  [36m<input[31m
                    [33mclass[31m=[32m"mt-1 w-4 h-4 text-blue-600 border-gray-300 rounded focus:ring-2 focus:ring-blue-500 cursor-pointer"[31m
                    [33mid[31m=[32m"colormatcher-filters-container-excludeDark"[31m
                    [33mtype[31m=[32m"checkbox"[31m
                  [36m/>[31m
                  [36m<label[31m
                    [33mclass[31m=[32m"cursor-pointer flex-1"[31m
                    [33mfor[31m=[32m"colormatcher-filters-container-excludeDark"[31m
                  [36m>[31m
                    [36m<div[31m
                      [33mclass[31m=[32m"text-sm font-medium text-gray-700 dark:text-gray-300"[31m
                    [36m>[31m
                      [0mExclude Dark Dyes[0m
                    [36m</div>[31m
                    [36m<div[31m
                      [33mclass[31m=[32m"text-xs text-gray-500 dark:text-gray-400"[31m
                    [36m>[31m
                      [0mHide dyes that begin with "Dark"[0m
                    [36m</div>[31m
                  [36m</label>[31m
                [36m</div>[31m
                [36m<div[31m
                  [33mclass[31m=[32m"flex items-start gap-3"[31m
                [36m>[31m
                  [36m<input[31m
                    [33mclass[31m=[32m"mt-1 w-4 h-4 text-blue-600 border-gray-300 rounded focus:ring-2 focus:ring-blue-500 cursor-pointer"[31m
                    [33mid[31m=[32m"colormatcher-filters-container-excludeCosmic"[31m
                    [33mtype[31m=[32m"checkbox"[31m
                  [36m/>[31m
                  [36m<label[31m
                    [33mclass[31m=[32m"cursor-pointer flex-1"[31m
                    [33mfor[31m=[32m"colormatcher-filters-container-excludeCosmic"[31m
                  [36m>[31m
                    [36m<div[31m
      clearImmediate: [36m[Function: clearImmediate][39m,
      setInterval: [36m[Function: setInterval][39m,
      clearInterval: [36m[Function: clearInterval][39m,
      _unrefActive: [36m[Function: deprecated][39m,
      active: [36m[Function: deprecated][39m,
      unenroll: [36m[Function: deprecated][39m,
      enroll: [36m[Function: deprecated][39m,
      promises: [36m[Getter][39m
    },
    timersPromises: {
      setTimeout: [36m[Function: setTimeout][39m,
      setImmediate: [36m[Function: setImmediate][39m,
      setInterval: [36m[AsyncGeneratorFunction: setInterval][39m,
      scheduler: [36m[Scheduler][39m
    }
  },
  ch: [33m107[39m,
  ResizeObserver: [36m[class ResizeObserverMock][39m,
  [[32mSymbol(vitest:SAFE_TIMERS)[39m]: {
    nextTick: [36m[Function: nextTick][39m,
    setTimeout: [Function: setTimeout] {
      [[32mSymbol(nodejs.util.promisify.custom)[39m]: [36m[Getter][39m
    },
    setInterval: [36m[Function: setInterval][39m,
    clearInterval: [36m[Function: clearInterval][39m,
    clearTimeout: [36m[Function: clearTimeout][39m,
    setImmediate: [Function: setImmediate] {
      [[32mSymbol(nodejs.util.promisify.custom)[39m]: [36m[Getter][39m
    },
    clearImmediate: [36m[Function: clearImmediate][39m,
    queueMicrotask: [36m[Function: queueMicrotask][39m
  }
}

[90mstderr[2m | src/components/__tests__/tool-header.test.ts[2m > [22m[2mToolHeader[2m > 
[22m[2mRendering[2m > [22m[2mshould render action buttons when provided
[22m[39mBaseComponent.init failed: TypeError: this.bindEvents is not a function
    at ToolHeader.init (C:/Users/DrawF/OneDrive/Projects/CodingProjects/XIVProjects/xivdyetools-web-app/src/compo
nents/base-component.ts:86:12)
    at C:/Users/DrawF/OneDrive/Projects/CodingProjects/XIVProjects/xivdyetools-web-app/src/components/__tests__/t
ool-header.test.ts:94:17
    at [90mfile:///C:/Users/DrawF/OneDrive/Projects/CodingProjects/XIVProjects/xivdyetools-web-app/[39mnode_mod
ules/[4m@vitest/runner[24m/dist/index.js:145:11
    at [90mfile:///C:/Users/DrawF/OneDrive/Projects/CodingProjects/XIVProjects/xivdyetools-web-app/[39mnode_mod
ules/[4m@vitest/runner[24m/dist/index.js:912:26
    at [90mfile:///C:/Users/DrawF/OneDrive/Projects/CodingProjects/XIVProjects/xivdyetools-web-app/[39mnode_mod
ules/[4m@vitest/runner[24m/dist/index.js:1237:20
    at new Promise (<anonymous>)
    at runWithTimeout [90m(file:///C:/Users/DrawF/OneDrive/Projects/CodingProjects/XIVProjects/xivdyetools-web-a
pp/[39mnode_modules/[4m@vitest/runner[24m/dist/index.js:1203:10[90m)[39m
    at [90mfile:///C:/Users/DrawF/OneDrive/Projects/CodingProjects/XIVProjects/xivdyetools-web-app/[39mnode_mod
ules/[4m@vitest/runner[24m/dist/index.js:1647:37
    at Traces.$ [90m(file:///C:/Users/DrawF/OneDrive/Projects/CodingProjects/XIVProjects/xivdyetools-web-app/[3
9mnode_modules/[4mvitest[24m/dist/chunks/traces.U4xDYhzZ.js:115:27[90m)[39m
    at trace [90m(file:///C:/Users/DrawF/OneDrive/Projects/CodingProjects/XIVProjects/xivdyetools-web-app/[39mn
ode_modules/[4mvitest[24m/dist/chunks/test.DqQZzsWf.js:234:21[90m)[39m

Error: Not implemented: HTMLCanvasElement.prototype.getContext (without installing the canvas npm package)
    at module.exports (C:\Users\DrawF\OneDrive\Projects\CodingProjects\XIVProjects\xivdyetools-web-app\node_modul
es\jsdom\lib\jsdom\browser\not-implemented.js:9:17)
    at HTMLCanvasElementImpl.getContext (C:\Users\DrawF\OneDrive\Projects\CodingProjects\XIVProjects\xivdyetools-
web-app\node_modules\jsdom\lib\jsdom\living\nodes\HTMLCanvasElement-impl.js:42:5)
    at HTMLCanvasElement.getContext (C:\Users\DrawF\OneDrive\Projects\CodingProjects\XIVProjects\xivdyetools-web-
app\node_modules\jsdom\lib\jsdom\living\generated\HTMLCanvasElement.js:131:58)
    at HTMLCanvasElement.canvas.getContext (C:/Users/DrawF/OneDrive/Projects/CodingProjects/XIVProjects/xivdyetoo
ls-web-app/src/components/__tests__/image-upload-display.test.ts:753:18)
    at ImageUploadDisplay.getImageCanvas (C:/Users/DrawF/OneDrive/Projects/CodingProjects/XIVProjects/xivdyetools
-web-app/src/components/image-upload-display.ts:372:29)
    at ImageUploadDisplay.samplePixel (C:/Users/DrawF/OneDrive/Projects/CodingProjects/XIVProjects/xivdyetools-we
b-app/src/components/image-upload-display.ts:384:25)
    at C:/Users/DrawF/OneDrive/Projects/CodingProjects/XIVProjects/xivdyetools-web-app/src/components/__tests__/i
mage-upload-display.test.ts:759:32
    at file:///C:/Users/DrawF/OneDrive/Projects/CodingProjects/XIVProjects/xivdyetools-web-app/node_modules/@vite
st/runner/dist/index.js:145:11
    at file:///C:/Users/DrawF/OneDrive/Projects/CodingProjects/XIVProjects/xivdyetools-web-app/node_modules/@vite
st/runner/dist/index.js:912:26
    at file:///C:/Users/DrawF/OneDrive/Projects/CodingProjects/XIVProjects/xivdyetools-web-app/node_modules/@vite
st/runner/dist/index.js:1237:20 undefined
Error: Not implemented: HTMLCanvasElement.prototype.getContext (without installing the canvas npm package)
    at module.exports (C:\Users\DrawF\OneDrive\Projects\CodingProjects\XIVProjects\xivdyetools-web-app\node_modul
es\jsdom\lib\jsdom\browser\not-implemented.js:9:17)
    at HTMLCanvasElementImpl.getContext (C:\Users\DrawF\OneDrive\Projects\CodingProjects\XIVProjects\xivdyetools-
web-app\node_modules\jsdom\lib\jsdom\living\nodes\HTMLCanvasElement-impl.js:42:5)
    at HTMLCanvasElement.getContext (C:\Users\DrawF\OneDrive\Projects\CodingProjects\XIVProjects\xivdyetools-web-
app\node_modules\jsdom\lib\jsdom\living\generated\HTMLCanvasElement.js:131:58)
    at HTMLCanvasElement.canvas.getContext (C:/Users/DrawF/OneDrive/Projects/CodingProjects/XIVProjects/xivdyetoo
ls-web-app/src/components/__tests__/image-upload-display.test.ts:785:18)
    at ImageUploadDisplay.getImageCanvas (C:/Users/DrawF/OneDrive/Projects/CodingProjects/XIVProjects/xivdyetools
-web-app/src/components/image-upload-display.ts:372:29)
    at ImageUploadDisplay.getAverageColor (C:/Users/DrawF/OneDrive/Projects/CodingProjects/XIVProjects/xivdyetool
s-web-app/src/components/image-upload-display.ts:407:25)
    at C:/Users/DrawF/OneDrive/Projects/CodingProjects/XIVProjects/xivdyetools-web-app/src/components/__tests__/i
mage-upload-display.test.ts:790:32
    at file:///C:/Users/DrawF/OneDrive/Projects/CodingProjects/XIVProjects/xivdyetools-web-app/node_modules/@vite
st/runner/dist/index.js:145:11
    at file:///C:/Users/DrawF/OneDrive/Projects/CodingProjects/XIVProjects/xivdyetools-web-app/node_modules/@vite
st/runner/dist/index.js:912:26
    at file:///C:/Users/DrawF/OneDrive/Projects/CodingProjects/XIVProjects/xivdyetools-web-app/node_modules/@vite
st/runner/dist/index.js:1237:20 undefined
[90mstderr[2m | src/components/__tests__/tutorial-spotlight.test.ts[2m > [22m[2mTutorialSpotlight[2m > 
[22m[2mStep Display[2m > [22m[2mshould have Previous button when not on first step
[22m[39mBaseComponent.on: Target is not HTMLElement, Document, or Window [36m<ref *1>[39m Object [global] {
  global: [36m[Circular *1][39m,
  clearImmediate: [Function: clearImmediate] {
    hadOwnProperty: [33mtrue[39m,
    clock: {
      now: [33m1764681223233[39m,
      Date: [36m[Function][39m,
      loopLimit: [33m10000[39m,
      Intl: [36m[Object][39m,
      requestIdleCallback: [36m[Function: requestIdleCallback][39m,
      cancelIdleCallback: [36m[Function: cancelIdleCallback][39m,
      setTimeout: [36m[Function][39m,
      clearTimeout: [36m[Function][39m,
      nextTick: [36m[Function: nextTick][39m,
      queueMicrotask: [36m[Function: queueMicrotask][39m,
      setInterval: [36m[Function][39m,
      clearInterval: [36m[Function][39m,
      setImmediate: [36m[Function][39m,
      clearImmediate: [36m[Function][39m,
      countTimers: [36m[Function: countTimers][39m,
      requestAnimationFrame: [36m[Function][39m,
      cancelAnimationFrame: [36m[Function][39m,
      runMicrotasks: [36m[Function: runMicrotasks][39m,
      tick: [36m[Function: tick][39m,
      tickAsync: [36m[Function: tickAsync][39m,
      next: [36m[Function: next][39m,
      nextAsync: [36m[Function: nextAsync][39m,
      runAll: [36m[Function: runAll][39m,
                      [33mclass[31m=[32m"text-sm font-medium text-gray-700 dark:text-gray-300"[31m
                    [36m>[31m
                      [0mExclude Cosmic Dyes[0m
                    [36m</div>[31m
                    [36m<div[31m
                      [33mclass[31m=[32m"text-xs text-gray-500 dark:text-gray-400"[31m
                    [36m>[31m
                      [0mHide dyes from Cosmic Exploration & Cosmic Fortunes[0m
                    [36m</div>[31m
                  [36m</label>[31m
                [36m</div>[31m
                [36m<div[31m
                  [33mclass[31m=[32m"flex items-start gap-3"[31m
                [36m>[31m
                  [36m<input[31m
                    [33mclass[31m=[32m"mt-1 w-4 h-4 text-blue-600 border-gray-300 rounded focus:ring-2 focus:ring-blue-500 cursor-pointer"[31m
                    [33mid[31m=[32m"colormatcher-filters-container-excludeExpensive"[31m
                    [33mtype[31m=[32m"checkbox"[31m
                  [36m/>[31m
                  [36m<label[31m
                    [33mclass[31m=[32m"cursor-pointer flex-1"[31m
                    [33mfor[31m=[32m"colormatcher-filters-container-excludeExpensive"[31m
                  [36m>[31m
                    [36m<div[31m
                      [33mclass[31m=[32m"text-sm font-medium text-gray-700 dark:text-gray-300"[31m
                    [36m>[31m
                      [0mExclude Expensive Dyes[0m
                    [36m</div>[31m
                    [36m<div[31m
                      [33mclass[31m=[32m"text-xs text-gray-500 dark:text-gray-400"[31m
                    [36m>[31m
                      [0mHide Jet Black & Pure White[0m
                    [36m</div>[31m
                  [36m</label>[31m
                [36m</div>[31m
              [36m</div>[31m
            [36m</div>[31m
          [36m</div>[31m
        [36m</div>[31m
        [36m<div[31m
          [33mclass[31m=[32m"bg-white dark:bg-gray-800 rounded-lg border border-gray-200 dark:border-gray-700 p-6"[31m
        [36m>[31m
          [36m<div[31m
            [33mid[31m=[32m"market-board-container"[31m
          [36m/>[31m
        [36m</div>[31m
        [36m<div[31m
          [33mid[31m=[32m"results-container"[31m
        [36m/>[31m
      [36m</div>[31m
    [36m</div>[31m
  [36m</body>[31m
[36m</html>[31m[39m
      runToFrame: [36m[Function: runToFrame][39m,
      runAllAsync: [36m[Function: runAllAsync][39m,
      runToLast: [36m[Function: runToLast][39m,
      runToLastAsync: [36m[Function: runToLastAsync][39m,
      reset: [36m[Function: reset][39m,
      setSystemTime: [36m[Function: setSystemTime][39m,
      jump: [36m[Function: jump][39m,
      performance: [36m[Object: null prototype][39m,
      hrtime: [36m[Function][39m,
      shouldClearNativeTimers: [33mtrue[39m,
      uninstall: [36m[Function (anonymous)][39m,
      abortListenerMap: Map(0) {},
      methods: [36m[Array][39m,
      _setTimeout: [36m[Function][39m,
      _clearTimeout: [36m[Function: clearTimeout][39m,
      _setInterval: [36m[Function: setInterval][39m,
      _clearInterval: [36m[Function: clearInterval][39m,
      _Date: [36m[Function: Date][39m,
      _setImmediate: [36m[Function][39m,
      _clearImmediate: [36m[Function: clearImmediate][39m,
      _hrtime: [36m[Function][39m,
      _performance: [36m[Performance][39m,
      _requestAnimationFrame: [36m[Function: bound ][39m,
      _cancelAnimationFrame: [36m[Function: bound ][39m,
      _Intl: Object [Intl] {}
    }
  },
  setImmediate: [Function: setImmediate] {
    hadOwnProperty: [33mtrue[39m,
    clock: {
      now: [33m1764681223233[39m,
      Date: [36m[Function][39m,
      loopLimit: [33m10000[39m,
      Intl: [36m[Object][39m,
      requestIdleCallback: [36m[Function: requestIdleCallback][39m,
      cancelIdleCallback: [36m[Function: cancelIdleCallback][39m,
      setTimeout: [36m[Function][39m,
      clearTimeout: [36m[Function][39m,
      nextTick: [36m[Function: nextTick][39m,
      queueMicrotask: [36m[Function: queueMicrotask][39m,
      setInterval: [36m[Function][39m,
      clearInterval: [36m[Function][39m,
      setImmediate: [36m[Function][39m,
      clearImmediate: [36m[Function][39m,
      countTimers: [36m[Function: countTimers][39m,
      requestAnimationFrame: [36m[Function][39m,
      cancelAnimationFrame: [36m[Function][39m,
      runMicrotasks: [36m[Function: runMicrotasks][39m,
      tick: [36m[Function: tick][39m,
      tickAsync: [36m[Function: tickAsync][39m,
      next: [36m[Function: next][39m,
      nextAsync: [36m[Function: nextAsync][39m,
      runAll: [36m[Function: runAll][39m,
      runToFrame: [36m[Function: runToFrame][39m,
      runAllAsync: [36m[Function: runAllAsync][39m,
      runToLast: [36m[Function: runToLast][39m,
      runToLastAsync: [36m[Function: runToLastAsync][39m,
      reset: [36m[Function: reset][39m,
      setSystemTime: [36m[Function: setSystemTime][39m,
      jump: [36m[Function: jump][39m,
      performance: [36m[Object: null prototype][39m,
      hrtime: [36m[Function][39m,
      shouldClearNativeTimers: [33mtrue[39m,
      uninstall: [36m[Function (anonymous)][39m,
      abortListenerMap: Map(0) {},
      methods: [36m[Array][39m,
      _setTimeout: [36m[Function][39m,
      _clearTimeout: [36m[Function: clearTimeout][39m,
      _setInterval: [36m[Function: setInterval][39m,
      _clearInterval: [36m[Function: clearInterval][39m,
      _Date: [36m[Function: Date][39m,
      _setImmediate: [36m[Function][39m,
      _clearImmediate: [36m[Function: clearImmediate][39m,
      _hrtime: [36m[Function][39m,
      _performance: [36m[Performance][39m,
      _requestAnimationFrame: [36m[Function: bound ][39m,
      _cancelAnimationFrame: [36m[Function: bound ][39m,
      _Intl: Object [Intl] {}
    },
    [[32mSymbol(nodejs.util.promisify.custom)[39m]: [36m[Function: promisifiedSetImmediate][39m
  },
  clearInterval: [Function: clearInterval] {
    hadOwnProperty: [33mtrue[39m,
    clock: {
      now: [33m1764681223233[39m,
      Date: [36m[Function][39m,
      loopLimit: [33m10000[39m,
      Intl: [36m[Object][39m,
      requestIdleCallback: [36m[Function: requestIdleCallback][39m,
      cancelIdleCallback: [36m[Function: cancelIdleCallback][39m,
      setTimeout: [36m[Function][39m,
      clearTimeout: [36m[Function][39m,
      nextTick: [36m[Function: nextTick][39m,
      queueMicrotask: [36m[Function: queueMicrotask][39m,
      setInterval: [36m[Function][39m,
      clearInterval: [36m[Function][39m,
      setImmediate: [36m[Function][39m,
      clearImmediate: [36m[Function][39m,
      countTimers: [36m[Function: countTimers][39m,
      requestAnimationFrame: [36m[Function][39m,
      cancelAnimationFrame: [36m[Function][39m,
      runMicrotasks: [36m[Function: runMicrotasks][39m,
      tick: [36m[Function: tick][39m,
      tickAsync: [36m[Function: tickAsync][39m,
      next: [36m[Function: next][39m,
      nextAsync: [36m[Function: nextAsync][39m,
      runAll: [36m[Function: runAll][39m,
      runToFrame: [36m[Function: runToFrame][39m,
      runAllAsync: [36m[Function: runAllAsync][39m,
      runToLast: [36m[Function: runToLast][39m,
      runToLastAsync: [36m[Function: runToLastAsync][39m,
      reset: [36m[Function: reset][39m,
      setSystemTime: [36m[Function: setSystemTime][39m,
      jump: [36m[Function: jump][39m,
      performance: [36m[Object: null prototype][39m,
      hrtime: [36m[Function][39m,
      shouldClearNativeTimers: [33mtrue[39m,
      uninstall: [36m[Function (anonymous)][39m,
      abortListenerMap: Map(0) {},
      methods: [36m[Array][39m,
      _setTimeout: [36m[Function][39m,
      _clearTimeout: [36m[Function: clearTimeout][39m,
      _setInterval: [36m[Function: setInterval][39m,
      _clearInterval: [36m[Function: clearInterval][39m,
      _Date: [36m[Function: Date][39m,
      _setImmediate: [36m[Function][39m,
      _clearImmediate: [36m[Function: clearImmediate][39m,
      _hrtime: [36m[Function][39m,
      _performance: [36m[Performance][39m,
      _requestAnimationFrame: [36m[Function: bound ][39m,
      _cancelAnimationFrame: [36m[Function: bound ][39m,
      _Intl: Object [Intl] {}
    }
  },
  clearTimeout: [Function: clearTimeout] {
    hadOwnProperty: [33mtrue[39m,
    clock: {
      now: [33m1764681223233[39m,
      Date: [36m[Function][39m,
      loopLimit: [33m10000[39m,
      Intl: [36m[Object][39m,
      requestIdleCallback: [36m[Function: requestIdleCallback][39m,
      cancelIdleCallback: [36m[Function: cancelIdleCallback][39m,
      setTimeout: [36m[Function][39m,
      clearTimeout: [36m[Function][39m,
      nextTick: [36m[Function: nextTick][39m,
      queueMicrotask: [36m[Function: queueMicrotask][39m,
      setInterval: [36m[Function][39m,
      clearInterval: [36m[Function][39m,
      setImmediate: [36m[Function][39m,
      clearImmediate: [36m[Function][39m,
      countTimers: [36m[Function: countTimers][39m,
      requestAnimationFrame: [36m[Function][39m,
      cancelAnimationFrame: [36m[Function][39m,
      runMicrotasks: [36m[Function: runMicrotasks][39m,
      tick: [36m[Function: tick][39m,
      tickAsync: [36m[Function: tickAsync][39m,
      next: [36m[Function: next][39m,
      nextAsync: [36m[Function: nextAsync][39m,
      runAll: [36m[Function: runAll][39m,
      runToFrame: [36m[Function: runToFrame][39m,
      runAllAsync: [36m[Function: runAllAsync][39m,
      runToLast: [36m[Function: runToLast][39m,
      runToLastAsync: [36m[Function: runToLastAsync][39m,
      reset: [36m[Function: reset][39m,
      setSystemTime: [36m[Function: setSystemTime][39m,
      jump: [36m[Function: jump][39m,
      performance: [36m[Object: null prototype][39m,
      hrtime: [36m[Function][39m,
      shouldClearNativeTimers: [33mtrue[39m,
      uninstall: [36m[Function (anonymous)][39m,
      abortListenerMap: Map(0) {},
      methods: [36m[Array][39m,
      _setTimeout: [36m[Function][39m,
      _clearTimeout: [36m[Function: clearTimeout][39m,
      _setInterval: [36m[Function: setInterval][39m,
      _clearInterval: [36m[Function: clearInterval][39m,
      _Date: [36m[Function: Date][39m,
      _setImmediate: [36m[Function][39m,
      _clearImmediate: [36m[Function: clearImmediate][39m,
      _hrtime: [36m[Function][39m,
      _performance: [36m[Performance][39m,
      _requestAnimationFrame: [36m[Function: bound ][39m,
      _cancelAnimationFrame: [36m[Function: bound ][39m,
      _Intl: Object [Intl] {}
    }
  },
  setInterval: [Function: setInterval] {
    hadOwnProperty: [33mtrue[39m,
    clock: {
      now: [33m1764681223233[39m,
      Date: [36m[Function][39m,
      loopLimit: [33m10000[39m,
      Intl: [36m[Object][39m,
      requestIdleCallback: [36m[Function: requestIdleCallback][39m,
      cancelIdleCallback: [36m[Function: cancelIdleCallback][39m,
      setTimeout: [36m[Function][39m,
      clearTimeout: [36m[Function][39m,
      nextTick: [36m[Function: nextTick][39m,
      queueMicrotask: [36m[Function: queueMicrotask][39m,
      setInterval: [36m[Function][39m,
      clearInterval: [36m[Function][39m,
      setImmediate: [36m[Function][39m,
      clearImmediate: [36m[Function][39m,
      countTimers: [36m[Function: countTimers][39m,
      requestAnimationFrame: [36m[Function][39m,
      cancelAnimationFrame: [36m[Function][39m,
      runMicrotasks: [36m[Function: runMicrotasks][39m,
      tick: [36m[Function: tick][39m,
      tickAsync: [36m[Function: tickAsync][39m,
      next: [36m[Function: next][39m,
      nextAsync: [36m[Function: nextAsync][39m,
      runAll: [36m[Function: runAll][39m,
      runToFrame: [36m[Function: runToFrame][39m,
      runAllAsync: [36m[Function: runAllAsync][39m,
      runToLast: [36m[Function: runToLast][39m,
      runToLastAsync: [36m[Function: runToLastAsync][39m,
      reset: [36m[Function: reset][39m,
      setSystemTime: [36m[Function: setSystemTime][39m,
      jump: [36m[Function: jump][39m,
      performance: [36m[Object: null prototype][39m,
      hrtime: [36m[Function][39m,
      shouldClearNativeTimers: [33mtrue[39m,
      uninstall: [36m[Function (anonymous)][39m,
      abortListenerMap: Map(0) {},
      methods: [36m[Array][39m,
      _setTimeout: [36m[Function][39m,
      _clearTimeout: [36m[Function: clearTimeout][39m,
      _setInterval: [36m[Function: setInterval][39m,
      _clearInterval: [36m[Function: clearInterval][39m,
      _Date: [36m[Function: Date][39m,
      _setImmediate: [36m[Function][39m,
      _clearImmediate: [36m[Function: clearImmediate][39m,
      _hrtime: [36m[Function][39m,
      _performance: [36m[Performance][39m,
      _requestAnimationFrame: [36m[Function: bound ][39m,
      _cancelAnimationFrame: [36m[Function: bound ][39m,
      _Intl: Object [Intl] {}
    }
  },
  setTimeout: [Function: setTimeout] {
    hadOwnProperty: [33mtrue[39m,
    clock: {
      now: [33m1764681223233[39m,
      Date: [36m[Function][39m,
      loopLimit: [33m10000[39m,
      Intl: [36m[Object][39m,
      requestIdleCallback: [36m[Function: requestIdleCallback][39m,
      cancelIdleCallback: [36m[Function: cancelIdleCallback][39m,
      setTimeout: [36m[Function][39m,
      clearTimeout: [36m[Function][39m,
      nextTick: [36m[Function: nextTick][39m,
      queueMicrotask: [36m[Function: queueMicrotask][39m,
      setInterval: [36m[Function][39m,
      clearInterval: [36m[Function][39m,
      setImmediate: [36m[Function][39m,
      clearImmediate: [36m[Function][39m,
      countTimers: [36m[Function: countTimers][39m,
      requestAnimationFrame: [36m[Function][39m,
      cancelAnimationFrame: [36m[Function][39m,
      runMicrotasks: [36m[Function: runMicrotasks][39m,
      tick: [36m[Function: tick][39m,
      tickAsync: [36m[Function: tickAsync][39m,
      next: [36m[Function: next][39m,
      nextAsync: [36m[Function: nextAsync][39m,
      runAll: [36m[Function: runAll][39m,
      runToFrame: [36m[Function: runToFrame][39m,
      runAllAsync: [36m[Function: runAllAsync][39m,
      runToLast: [36m[Function: runToLast][39m,
      runToLastAsync: [36m[Function: runToLastAsync][39m,
      reset: [36m[Function: reset][39m,
      setSystemTime: [36m[Function: setSystemTime][39m,
      jump: [36m[Function: jump][39m,
      performance: [36m[Object: null prototype][39m,
      hrtime: [36m[Function][39m,
      shouldClearNativeTimers: [33mtrue[39m,
      uninstall: [36m[Function (anonymous)][39m,
      abortListenerMap: Map(0) {},
      methods: [36m[Array][39m,
      _setTimeout: [36m[Function][39m,
      _clearTimeout: [36m[Function: clearTimeout][39m,
      _setInterval: [36m[Function: setInterval][39m,
      _clearInterval: [36m[Function: clearInterval][39m,
      _Date: [36m[Function: Date][39m,
      _setImmediate: [36m[Function][39m,
      _clearImmediate: [36m[Function: clearImmediate][39m,
      _hrtime: [36m[Function][39m,
      _performance: [36m[Performance][39m,
      _requestAnimationFrame: [36m[Function: bound ][39m,
      _cancelAnimationFrame: [36m[Function: bound ][39m,
      _Intl: Object [Intl] {}
    },
    [[32mSymbol(nodejs.util.promisify.custom)[39m]: [36m[Function: promisifiedSetTimeout][39m
  },
  queueMicrotask: [36m[Function: queueMicrotask][39m,
  structuredClone: [36m[Function: structuredClone][39m,
  atob: [36m[Function: atob][39m,
  btoa: [36m[Function: btoa][39m,
  performance: [36m[Getter/Setter][39m,
  fetch: [36m[Function: fetch][39m,
  navigator: [36m[Getter/Setter][39m,
  crypto: [36m[Getter][39m,
  window: [36m[Circular *1][39m,
  self: [36m[Circular *1][39m,
  top: [36m[Circular *1][39m,
  parent: [36m[Circular *1][39m,
  jsdom: JSDOM {
    [[32mSymbol(window)[39m]: [36m<ref *2>[39m Window {
      StyleSheet: [36m[Function: StyleSheet][39m,
      MediaList: [36m[Function: MediaList][39m,
      CSSStyleSheet: [36m[Function: CSSStyleSheet][39m,
      CSSRule: [36m[Function][39m,
      CSSStyleRule: [36m[Function][39m,
      CSSMediaRule: [36m[Function: CSSMediaRule][39m,
      CSSImportRule: [36m[Function: CSSImportRule][39m,
      CSSStyleDeclaration: [36m[class CSSStyleDeclaration][39m,
      XPathException: [36m[Function][39m,
      XPathExpression: [36m[Function: XPathExpression][39m,
      XPathResult: [36m[Function][39m,
      XPathEvaluator: [36m[Function: XPathEvaluator][39m,
      onafterprint: [36m[Getter/Setter][39m,
      onbeforeprint: [36m[Getter/Setter][39m,
      onbeforeunload: [36m[Getter/Setter][39m,
      onhashchange: [36m[Getter/Setter][39m,
      onlanguagechange: [36m[Getter/Setter][39m,
      onmessage: [36m[Getter/Setter][39m,
      onmessageerror: [36m[Getter/Setter][39m,
      onoffline: [36m[Getter/Setter][39m,
      ononline: [36m[Getter/Setter][39m,
      onpagehide: [36m[Getter/Setter][39m,
      onpageshow: [36m[Getter/Setter][39m,
      onpopstate: [36m[Getter/Setter][39m,
      onrejectionhandled: [36m[Getter/Setter][39m,
      onstorage: [36m[Getter/Setter][39m,
      onunhandledrejection: [36m[Getter/Setter][39m,
      onunload: [36m[Getter/Setter][39m,
      onblur: [36m[Getter/Setter][39m,
      onerror: [36m[Getter/Setter][39m,
      onfocus: [36m[Getter/Setter][39m,
      onload: [36m[Getter/Setter][39m,
      onresize: [36m[Getter/Setter][39m,
      onscroll: [36m[Getter/Setter][39m,
      onabort: [36m[Getter/Setter][39m,
      onauxclick: [36m[Getter/Setter][39m,
      onbeforeinput: [36m[Getter/Setter][39m,
      onbeforematch: [36m[Getter/Setter][39m,
      onbeforetoggle: [36m[Getter/Setter][39m,
      oncancel: [36m[Getter/Setter][39m,
      oncanplay: [36m[Getter/Setter][39m,
      oncanplaythrough: [36m[Getter/Setter][39m,
      onchange: [36m[Getter/Setter][39m,
      onclick: [36m[Getter/Setter][39m,
      onclose: [36m[Getter/Setter][39m,
      oncontextlost: [36m[Getter/Setter][39m,
      oncontextmenu: [36m[Getter/Setter][39m,
      oncontextrestored: [36m[Getter/Setter][39m,
      oncopy: [36m[Getter/Setter][39m,
      oncuechange: [36m[Getter/Setter][39m,
      oncut: [36m[Getter/Setter][39m,
      ondblclick: [36m[Getter/Setter][39m,
      ondrag: [36m[Getter/Setter][39m,
      ondragend: [36m[Getter/Setter][39m,
      ondragenter: [36m[Getter/Setter][39m,
      ondragleave: [36m[Getter/Setter][39m,
      ondragover: [36m[Getter/Setter][39m,
      ondragstart: [36m[Getter/Setter][39m,
      ondrop: [36m[Getter/Setter][39m,
      ondurationchange: [36m[Getter/Setter][39m,
      onemptied: [36m[Getter/Setter][39m,
      onended: [36m[Getter/Setter][39m,
      onformdata: [36m[Getter/Setter][39m,
      oninput: [36m[Getter/Setter][39m,
      oninvalid: [36m[Getter/Setter][39m,
      onkeydown: [36m[Getter/Setter][39m,
      onkeypress: [36m[Getter/Setter][39m,
      onkeyup: [36m[Getter/Setter][39m,
      onloadeddata: [36m[Getter/Setter][39m,
      onloadedmetadata: [36m[Getter/Setter][39m,
      onloadstart: [36m[Getter/Setter][39m,
      onmousedown: [36m[Getter/Setter][39m,
      onmouseenter: [36m[Getter/Setter][39m,
      onmouseleave: [36m[Getter/Setter][39m,
      onmousemove: [36m[Getter/Setter][39m,
      onmouseout: [36m[Getter/Setter][39m,
      onmouseover: [36m[Getter/Setter][39m,
      onmouseup: [36m[Getter/Setter][39m,
      onpaste: [36m[Getter/Setter][39m,
      onpause: [36m[Getter/Setter][39m,
      onplay: [36m[Getter/Setter][39m,
      onplaying: [36m[Getter/Setter][39m,
      onprogress: [36m[Getter/Setter][39m,
      onratechange: [36m[Getter/Setter][39m,
      onreset: [36m[Getter/Setter][39m,
      onscrollend: [36m[Getter/Setter][39m,
      onsecuritypolicyviolation: [36m[Getter/Setter][39m,
      onseeked: [36m[Getter/Setter][39m,
      onseeking: [36m[Getter/Setter][39m,
      onselect: [36m[Getter/Setter][39m,
      onslotchange: [36m[Getter/Setter][39m,
      onstalled: [36m[Getter/Setter][39m,
      onsubmit: [36m[Getter/Setter][39m,
      onsuspend: [36m[Getter/Setter][39m,
      ontimeupdate: [36m[Getter/Setter][39m,
      ontoggle: [36m[Getter/Setter][39m,
      onvolumechange: [36m[Getter/Setter][39m,
      onwaiting: [36m[Getter/Setter][39m,
      onwebkitanimationend: [36m[Getter/Setter][39m,
      onwebkitanimationiteration: [36m[Getter/Setter][39m,
      onwebkitanimationstart: [36m[Getter/Setter][39m,
      onwebkittransitionend: [36m[Getter/Setter][39m,
      onwheel: [36m[Getter/Setter][39m,
      ontouchstart: [36m[Getter/Setter][39m,
      ontouchend: [36m[Getter/Setter][39m,
      ontouchmove: [36m[Getter/Setter][39m,
      ontouchcancel: [36m[Getter/Setter][39m,
      _registeredHandlers: Set(0) {},
      _eventHandlers: [Object: null prototype] {},
      onautocomplete: [36m[Getter/Setter][39m,
      onautocompleteerror: [36m[Getter/Setter][39m,
      onsort: [36m[Getter/Setter][39m,
      _globalObject: [36m[Circular *2][39m,
      _resourceLoader: [36m[NoOpResourceLoader][39m,
      _globalProxy: [36m[Object [Window]][39m,
      _document: [36m[Document][39m,
      _origin: [32m'http://localhost:3000'[39m,
      _sessionHistory: [36m[SessionHistory][39m,
      _virtualConsole: [36m[VirtualConsole][39m,
      _runScripts: [32m'dangerously'[39m,
      _top: [36m[Object [Window]][39m,
      _parent: [36m[Object [Window]][39m,
      _frameElement: [1mnull[22m,
      _length: [33m0[39m,
      _currentEvent: [90mundefined[39m,
      _pretendToBeVisual: [33mtrue[39m,
      _storageQuota: [33m5000000[39m,
      _commonForOrigin: [36m[Object][39m,
      _currentOriginData: [36m[Object][39m,
      _localStorage: Storage {},
      _sessionStorage: Storage {},
      _selection: [36m[SelectionImpl][39m,
      getSelection: [36m[Function (anonymous)][39m,
      _customElementRegistry: CustomElementRegistry {},
      length: [36m[Getter/Setter][39m,
      window: [36m[Getter][39m,
      frameElement: [36m[Getter][39m,
      frames: [36m[Getter/Setter][39m,
      self: [36m[Getter/Setter][39m,
      parent: [36m[Getter/Setter][39m,
      top: [36m[Getter][39m,
      document: [36m[Getter][39m,
      external: [36m[Getter/Setter][39m,
      location: [36m[Getter/Setter][39m,
      history: [36m[Getter][39m,
      navigator: [36m[Getter][39m,
      locationbar: [36m[Getter/Setter][39m,
      menubar: [36m[Getter/Setter][39m,
      personalbar: [36m[Getter/Setter][39m,
      scrollbars: [36m[Getter/Setter][39m,
      statusbar: [36m[Getter/Setter][39m,
      toolbar: [36m[Getter/Setter][39m,
      performance: [36m[Getter][39m,
      screen: [36m[Getter/Setter][39m,
      crypto: [36m[Getter][39m,
      origin: [36m[Getter/Setter][39m,
      localStorage: [36m[Getter][39m,
      sessionStorage: [36m[Getter][39m,
      customElements: [36m[Getter][39m,
      event: [36m[Getter/Setter][39m,
      setTimeout: [36m[Function (anonymous)][39m,
      setInterval: [36m[Function (anonymous)][39m,
      clearTimeout: [36m[Function (anonymous)][39m,
      clearInterval: [36m[Function (anonymous)][39m,
      queueMicrotask: [36m[Function (anonymous)][39m,
      requestAnimationFrame: [36m[Function (anonymous)][39m,
      cancelAnimationFrame: [36m[Function (anonymous)][39m,
      postMessage: [36m[Function (anonymous)][39m,
      atob: [36m[Function (anonymous)][39m,
      btoa: [36m[Function (anonymous)][39m,
      stop: [36m[Function (anonymous)][39m,
      close: [36m[Function (anonymous)][39m,
      getComputedStyle: [36m[Function (anonymous)][39m,
      captureEvents: [36m[Function (anonymous)][39m,
      releaseEvents: [36m[Function (anonymous)][39m,
      console: [36m[Object][39m,
      name: [32m''[39m,
      status: [32m''[39m,
      devicePixelRatio: [33m1[39m,
      innerWidth: [33m1024[39m,
      innerHeight: [33m768[39m,
      outerWidth: [33m1024[39m,
      outerHeight: [33m768[39m,
      pageXOffset: [33m0[39m,
      pageYOffset: [33m0[39m,
      screenX: [33m0[39m,
      screenLeft: [33m0[39m,
      screenY: [33m0[39m,
      screenTop: [33m0[39m,
      scrollX: [33m0[39m,
      scrollY: [33m0[39m,
      alert: [36m[Function (anonymous)][39m,
      blur: [36m[Function (anonymous)][39m,
      confirm: [36m[Function (anonymous)][39m,
      focus: [36m[Function (anonymous)][39m,
      moveBy: [36m[Function (anonymous)][39m,
      moveTo: [36m[Function (anonymous)][39m,
      open: [36m[Function (anonymous)][39m,
      print: [36m[Function (anonymous)][39m,
      prompt: [36m[Function (anonymous)][39m,
      resizeBy: [36m[Function (anonymous)][39m,
      resizeTo: [36m[Function (anonymous)][39m,
      scroll: [36m[Function (anonymous)][39m,
      scrollBy: [36m[Function (anonymous)][39m,
      scrollTo: [36m[Function (anonymous)][39m,
      [32m'test-container'[39m: [36m[Getter/Setter][39m,
      [32m'tutorial-target'[39m: [36m[Getter/Setter][39m,
      [[32mSymbol([webidl2js] constructor registry)[39m]: [36m[Object: null prototype][39m,
      [[32mSymbol(named property tracker)[39m]: [36m[NamedPropertiesTracker][39m
    }
  },
  suite: [Function: chain] {
    each: [36m[Function (anonymous)][39m,
    for: [36m[Function (anonymous)][39m,
    skipIf: [36m[Function (anonymous)][39m,
    runIf: [36m[Function (anonymous)][39m,
    withContext: [36m[Function (anonymous)][39m,
    setContext: [36m[Function (anonymous)][39m,
    mergeContext: [36m[Function (anonymous)][39m,
    fn: [Function: suiteFn] {
      each: [36m[Function (anonymous)][39m,
      for: [36m[Function (anonymous)][39m,
      skipIf: [36m[Function (anonymous)][39m,
      runIf: [36m[Function (anonymous)][39m
    }
  },
  test: [Function: chain] {
    each: [36m[Function (anonymous)][39m,
    for: [36m[Function (anonymous)][39m,
    skipIf: [36m[Function (anonymous)][39m,
    runIf: [36m[Function (anonymous)][39m,
    scoped: [36m[Function (anonymous)][39m,
    extend: [36m[Function (anonymous)][39m,
    beforeEach: [36m[Function: beforeEach][39m,
    afterEach: [36m[Function: afterEach][39m,
    beforeAll: [36m[Function: beforeAll][39m,
    afterAll: [36m[Function: afterAll][39m,
    withContext: [36m[Function (anonymous)][39m,
    setContext: [36m[Function (anonymous)][39m,
    mergeContext: [36m[Function (anonymous)][39m,
    fn: [Function (anonymous)] {
      each: [36m[Function (anonymous)][39m,
      for: [36m[Function (anonymous)][39m,
      skipIf: [36m[Function (anonymous)][39m,
      runIf: [36m[Function (anonymous)][39m,
      scoped: [36m[Function (anonymous)][39m,
      extend: [36m[Function (anonymous)][39m,
      beforeEach: [36m[Function: beforeEach][39m,
      afterEach: [36m[Function: afterEach][39m,
      beforeAll: [36m[Function: beforeAll][39m,
      afterAll: [36m[Function: afterAll][39m
    }
  },
  describe: [Function: chain] {
    each: [36m[Function (anonymous)][39m,
    for: [36m[Function (anonymous)][39m,
    skipIf: [36m[Function (anonymous)][39m,
    runIf: [36m[Function (anonymous)][39m,
    withContext: [36m[Function (anonymous)][39m,
    setContext: [36m[Function (anonymous)][39m,
    mergeContext: [36m[Function (anonymous)][39m,
    fn: [Function: suiteFn] {
      each: [36m[Function (anonymous)][39m,
      for: [36m[Function (anonymous)][39m,
      skipIf: [36m[Function (anonymous)][39m,
      runIf: [36m[Function (anonymous)][39m
    }
  },
  it: [Function: chain] {
    each: [36m[Function (anonymous)][39m,
    for: [36m[Function (anonymous)][39m,
    skipIf: [36m[Function (anonymous)][39m,
    runIf: [36m[Function (anonymous)][39m,
    scoped: [36m[Function (anonymous)][39m,
    extend: [36m[Function (anonymous)][39m,
    beforeEach: [36m[Function: beforeEach][39m,
    afterEach: [36m[Function: afterEach][39m,
    beforeAll: [36m[Function: beforeAll][39m,
    afterAll: [36m[Function: afterAll][39m,
    withContext: [36m[Function (anonymous)][39m,
    setContext: [36m[Function (anonymous)][39m,
    mergeContext: [36m[Function (anonymous)][39m,
    fn: [Function (anonymous)] {
      each: [36m[Function (anonymous)][39m,
      for: [36m[Function (anonymous)][39m,
      skipIf: [36m[Function (anonymous)][39m,
      runIf: [36m[Function (anonymous)][39m,
      scoped: [36m[Function (anonymous)][39m,
      extend: [36m[Function (anonymous)][39m,
      beforeEach: [36m[Function: beforeEach][39m,
      afterEach: [36m[Function: afterEach][39m,
      beforeAll: [36m[Function: beforeAll][39m,
      afterAll: [36m[Function: afterAll][39m
    }
  },
  chai: [Module: null prototype] {
    Assertion: [36m[class Assertion][39m,
    AssertionError: [36m[class AssertionError extends Error][39m,
    Should: [36m[Function: loadShould][39m,
    assert: [Function: assert] {
      fail: [36m[Function (anonymous)][39m,
      isOk: [36m[Function (anonymous)][39m,
      isNotOk: [36m[Function (anonymous)][39m,
      equal: [36m[Function (anonymous)][39m,
      notEqual: [36m[Function (anonymous)][39m,
      strictEqual: [36m[Function (anonymous)][39m,
      notStrictEqual: [36m[Function (anonymous)][39m,
      deepStrictEqual: [36m[Function (anonymous)][39m,
      deepEqual: [36m[Function (anonymous)][39m,
      notDeepEqual: [36m[Function (anonymous)][39m,
      isAbove: [36m[Function (anonymous)][39m,
      isAtLeast: [36m[Function (anonymous)][39m,
      isBelow: [36m[Function (anonymous)][39m,
      isAtMost: [36m[Function (anonymous)][39m,
      isTrue: [36m[Function (anonymous)][39m,
      isNotTrue: [36m[Function (anonymous)][39m,
      isFalse: [36m[Function (anonymous)][39m,
      isNotFalse: [36m[Function (anonymous)][39m,
      isNull: [36m[Function (anonymous)][39m,
      isNotNull: [36m[Function (anonymous)][39m,
      isNaN: [36m[Function (anonymous)][39m,
      isNotNaN: [36m[Function (anonymous)][39m,
      exists: [36m[Function (anonymous)][39m,
      notExists: [36m[Function (anonymous)][39m,
      isUndefined: [36m[Function (anonymous)][39m,
      isDefined: [36m[Function (anonymous)][39m,
      isCallable: [36m[Function (anonymous)][39m,
      isNotCallable: [36m[Function (anonymous)][39m,
      isObject: [36m[Function (anonymous)][39m,
      isNotObject: [36m[Function (anonymous)][39m,
      isArray: [36m[Function (anonymous)][39m,
      isNotArray: [36m[Function (anonymous)][39m,
      isString: [36m[Function (anonymous)][39m,
      isNotString: [36m[Function (anonymous)][39m,
      isNumber: [36m[Function (anonymous)][39m,
      isNotNumber: [36m[Function (anonymous)][39m,
      isNumeric: [36m[Function (anonymous)][39m,
      isNotNumeric: [36m[Function (anonymous)][39m,
      isFinite: [36m[Function (anonymous)][39m,
      isBoolean: [36m[Function (anonymous)][39m,
      isNotBoolean: [36m[Function (anonymous)][39m,
      typeOf: [36m[Function (anonymous)][39m,
      notTypeOf: [36m[Function (anonymous)][39m,
      instanceOf: [36m[Function (anonymous)][39m,
      notInstanceOf: [36m[Function (anonymous)][39m,
      include: [36m[Function (anonymous)][39m,
      notInclude: [36m[Function (anonymous)][39m,
      deepInclude: [36m[Function (anonymous)][39m,
      notDeepInclude: [36m[Function (anonymous)][39m,
      nestedInclude: [36m[Function (anonymous)][39m,
      notNestedInclude: [36m[Function (anonymous)][39m,
      deepNestedInclude: [36m[Function (anonymous)][39m,
      notDeepNestedInclude: [36m[Function (anonymous)][39m,
      ownInclude: [36m[Function (anonymous)][39m,
      notOwnInclude: [36m[Function (anonymous)][39m,
      deepOwnInclude: [36m[Function (anonymous)][39m,
      notDeepOwnInclude: [36m[Function (anonymous)][39m,
      match: [36m[Function (anonymous)][39m,
      notMatch: [36m[Function (anonymous)][39m,
      property: [36m[Function (anonymous)][39m,
      notProperty: [36m[Function (anonymous)][39m,
      propertyVal: [36m[Function (anonymous)][39m,
      notPropertyVal: [36m[Function (anonymous)][39m,
      deepPropertyVal: [36m[Function (anonymous)][39m,
      notDeepPropertyVal: [36m[Function (anonymous)][39m,
      ownProperty: [36m[Function (anonymous)][39m,
      notOwnProperty: [36m[Function (anonymous)][39m,
      ownPropertyVal: [36m[Function (anonymous)][39m,
      notOwnPropertyVal: [36m[Function (anonymous)][39m,
      deepOwnPropertyVal: [36m[Function (anonymous)][39m,
      notDeepOwnPropertyVal: [36m[Function (anonymous)][39m,
      nestedProperty: [36m[Function (anonymous)][39m,
      notNestedProperty: [36m[Function (anonymous)][39m,
      nestedPropertyVal: [36m[Function (anonymous)][39m,
      notNestedPropertyVal: [36m[Function (anonymous)][39m,
      deepNestedPropertyVal: [36m[Function (anonymous)][39m,
      notDeepNestedPropertyVal: [36m[Function (anonymous)][39m,
      lengthOf: [36m[Function (anonymous)][39m,
      hasAnyKeys: [36m[Function (anonymous)][39m,
      hasAllKeys: [36m[Function (anonymous)][39m,
      containsAllKeys: [36m[Function (anonymous)][39m,
      doesNotHaveAnyKeys: [36m[Function (anonymous)][39m,
      doesNotHaveAllKeys: [36m[Function (anonymous)][39m,
      hasAnyDeepKeys: [36m[Function (anonymous)][39m,
      hasAllDeepKeys: [36m[Function (anonymous)][39m,
      containsAllDeepKeys: [36m[Function (anonymous)][39m,
      doesNotHaveAnyDeepKeys: [36m[Function (anonymous)][39m,
      doesNotHaveAllDeepKeys: [36m[Function (anonymous)][39m,
      throws: [36m[Function (anonymous)][39m,
      doesNotThrow: [36m[Function (anonymous)][39m,
      operator: [36m[Function (anonymous)][39m,
      closeTo: [36m[Function (anonymous)][39m,
      approximately: [36m[Function (anonymous)][39m,
      sameMembers: [36m[Function (anonymous)][39m,
      notSameMembers: [36m[Function (anonymous)][39m,
      sameDeepMembers: [36m[Function (anonymous)][39m,
      notSameDeepMembers: [36m[Function (anonymous)][39m,
      sameOrderedMembers: [36m[Function (anonymous)][39m,
      notSameOrderedMembers: [36m[Function (anonymous)][39m,
      sameDeepOrderedMembers: [36m[Function (anonymous)][39m,
      notSameDeepOrderedMembers: [36m[Function (anonymous)][39m,
      includeMembers: [36m[Function (anonymous)][39m,
      notIncludeMembers: [36m[Function (anonymous)][39m,
      includeDeepMembers: [36m[Function (anonymous)][39m,
      notIncludeDeepMembers: [36m[Function (anonymous)][39m,
      includeOrderedMembers: [36m[Function (anonymous)][39m,
      notIncludeOrderedMembers: [36m[Function (anonymous)][39m,
      includeDeepOrderedMembers: [36m[Function (anonymous)][39m,
      notIncludeDeepOrderedMembers: [36m[Function (anonymous)][39m,
      oneOf: [36m[Function (anonymous)][39m,
      isIterable: [36m[Function (anonymous)][39m,
      changes: [36m[Function (anonymous)][39m,
      changesBy: [36m[Function (anonymous)][39m,
      doesNotChange: [36m[Function (anonymous)][39m,
      changesButNotBy: [36m[Function (anonymous)][39m,
      increases: [36m[Function (anonymous)][39m,
      increasesBy: [36m[Function (anonymous)][39m,
      doesNotIncrease: [36m[Function (anonymous)][39m,
      increasesButNotBy: [36m[Function (anonymous)][39m,
      decreases: [36m[Function (anonymous)][39m,
      decreasesBy: [36m[Function (anonymous)][39m,
      doesNotDecrease: [36m[Function (anonymous)][39m,
      doesNotDecreaseBy: [36m[Function (anonymous)][39m,
      decreasesButNotBy: [36m[Function (anonymous)][39m,
      ifError: [36m[Function (anonymous)][39m,
      isExtensible: [36m[Function (anonymous)][39m,
      isNotExtensible: [36m[Function (anonymous)][39m,
      isSealed: [36m[Function (anonymous)][39m,
      isNotSealed: [36m[Function (anonymous)][39m,
      isFrozen: [36m[Function (anonymous)][39m,
      isNotFrozen: [36m[Function (anonymous)][39m,
      isEmpty: [36m[Function (anonymous)][39m,
      isNotEmpty: [36m[Function (anonymous)][39m,
      containsSubset: [36m[Function (anonymous)][39m,
      doesNotContainSubset: [36m[Function (anonymous)][39m,
      ok: [36m[Function (anonymous)][39m,
      notOk: [36m[Function (anonymous)][39m,
      throw: [36m[Function (anonymous)][39m,
      Throw: [36m[Function (anonymous)][39m,
      extensible: [36m[Function (anonymous)][39m,
      notExtensible: [36m[Function (anonymous)][39m,
      sealed: [36m[Function (anonymous)][39m,
      notSealed: [36m[Function (anonymous)][39m,
      frozen: [36m[Function (anonymous)][39m,
      notFrozen: [36m[Function (anonymous)][39m,
      empty: [36m[Function (anonymous)][39m,
      notEmpty: [36m[Function (anonymous)][39m,
      isFunction: [36m[Function (anonymous)][39m,
      isNotFunction: [36m[Function (anonymous)][39m,
      containSubset: [36m[Function (anonymous)][39m
    },
    config: {
      includeStack: [33mfalse[39m,
      showDiff: [33mtrue[39m,
      truncateThreshold: [33m40[39m,
      useProxy: [33mtrue[39m,
      proxyExcludedKeys: [36m[Array][39m,
      deepEqual: [1mnull[22m
    },
    expect: [Function: expect] {
      fail: [36m[Function (anonymous)][39m,
      extend: [36m[Function: methodWrapper][39m,
      addSnapshotSerializer: [36m[Function: methodWrapper][39m,
      anything: [36m[Function: methodWrapper][39m,
      any: [36m[Function: methodWrapper][39m,
      stringContaining: [36m[Function: methodWrapper][39m,
      objectContaining: [36m[Function: methodWrapper][39m,
      arrayContaining: [36m[Function: methodWrapper][39m,
      stringMatching: [36m[Function: methodWrapper][39m,
      closeTo: [36m[Function: methodWrapper][39m,
      schemaMatching: [36m[Function: methodWrapper][39m,
      not: [36m[Object][39m,
      __flags: [36m[Object: null prototype][39m
    },
    should: [36m[Function: loadShould][39m,
    use: [36m[Function: use][39m,
    util: {
      addChainableMethod: [36m[Getter][39m,
      addLengthGuard: [36m[Getter][39m,
      addMethod: [36m[Getter][39m,
      addProperty: [36m[Getter][39m,
      checkError: [36m[Getter][39m,
      compareByInspect: [36m[Getter][39m,
      eql: [36m[Getter][39m,
      events: [36m[Getter][39m,
      expectTypes: [36m[Getter][39m,
      flag: [36m[Getter][39m,
      getActual: [36m[Getter][39m,
      getMessage: [36m[Getter][39m,
      getName: [36m[Getter][39m,
      getOperator: [36m[Getter][39m,
      getOwnEnumerableProperties: [36m[Getter][39m,
      getOwnEnumerablePropertySymbols: [36m[Getter][39m,
      getPathInfo: [36m[Getter][39m,
      hasProperty: [36m[Getter][39m,
      inspect: [36m[Getter][39m,
      isNaN: [36m[Getter][39m,
      isNumeric: [36m[Getter][39m,
      isProxyEnabled: [36m[Getter][39m,
      isRegExp: [36m[Getter][39m,
      objDisplay: [36m[Getter][39m,
      overwriteChainableMethod: [36m[Getter][39m,
      overwriteMethod: [36m[Getter][39m,
      overwriteProperty: [36m[Getter][39m,
      proxify: [36m[Getter][39m,
      test: [36m[Getter][39m,
      transferFlags: [36m[Getter][39m,
      type: [36m[Getter][39m
    }
  },
  expect: [Function: expect] {
    fail: [36m[Function (anonymous)][39m,
    extend: [36m[Function (anonymous)][39m,
    addSnapshotSerializer: [36m[Function: methodWrapper][39m,
    anything: [36m[Function: methodWrapper][39m,
    any: [36m[Function: methodWrapper][39m,
    stringContaining: [36m[Function: methodWrapper][39m,
    objectContaining: [36m[Function: methodWrapper][39m,
    arrayContaining: [36m[Function: methodWrapper][39m,
    stringMatching: [36m[Function: methodWrapper][39m,
    closeTo: [36m[Function: methodWrapper][39m,
    schemaMatching: [36m[Function: methodWrapper][39m,
    not: {
      stringContaining: [36m[Function: stringContaining][39m,
      objectContaining: [36m[Function: objectContaining][39m,
      arrayContaining: [36m[Function: arrayContaining][39m,
      stringMatching: [36m[Function: stringMatching][39m,
      closeTo: [36m[Function: closeTo][39m,
      schemaMatching: [36m[Function: schemaMatching][39m,
      toSatisfy: [36m[Function: value][39m,
      toBeOneOf: [36m[Function: value][39m
    },
    getState: [36m[Function (anonymous)][39m,
    setState: [36m[Function (anonymous)][39m,
    assert: [Function: assert] {
      fail: [36m[Function (anonymous)][39m,
      isOk: [36m[Function (anonymous)][39m,
      isNotOk: [36m[Function (anonymous)][39m,
      equal: [36m[Function (anonymous)][39m,
      notEqual: [36m[Function (anonymous)][39m,
      strictEqual: [36m[Function (anonymous)][39m,
      notStrictEqual: [36m[Function (anonymous)][39m,
      deepStrictEqual: [36m[Function (anonymous)][39m,
      deepEqual: [36m[Function (anonymous)][39m,
      notDeepEqual: [36m[Function (anonymous)][39m,
      isAbove: [36m[Function (anonymous)][39m,
      isAtLeast: [36m[Function (anonymous)][39m,
      isBelow: [36m[Function (anonymous)][39m,
      isAtMost: [36m[Function (anonymous)][39m,
      isTrue: [36m[Function (anonymous)][39m,
      isNotTrue: [36m[Function (anonymous)][39m,
      isFalse: [36m[Function (anonymous)][39m,
      isNotFalse: [36m[Function (anonymous)][39m,
      isNull: [36m[Function (anonymous)][39m,
      isNotNull: [36m[Function (anonymous)][39m,
      isNaN: [36m[Function (anonymous)][39m,
      isNotNaN: [36m[Function (anonymous)][39m,
      exists: [36m[Function (anonymous)][39m,
      notExists: [36m[Function (anonymous)][39m,
      isUndefined: [36m[Function (anonymous)][39m,
      isDefined: [36m[Function (anonymous)][39m,
      isCallable: [36m[Function (anonymous)][39m,
      isNotCallable: [36m[Function (anonymous)][39m,
      isObject: [36m[Function (anonymous)][39m,
      isNotObject: [36m[Function (anonymous)][39m,
      isArray: [36m[Function (anonymous)][39m,
      isNotArray: [36m[Function (anonymous)][39m,
      isString: [36m[Function (anonymous)][39m,
      isNotString: [36m[Function (anonymous)][39m,
      isNumber: [36m[Function (anonymous)][39m,
      isNotNumber: [36m[Function (anonymous)][39m,
      isNumeric: [36m[Function (anonymous)][39m,
      isNotNumeric: [36m[Function (anonymous)][39m,
      isFinite: [36m[Function (anonymous)][39m,
      isBoolean: [36m[Function (anonymous)][39m,
      isNotBoolean: [36m[Function (anonymous)][39m,
      typeOf: [36m[Function (anonymous)][39m,
      notTypeOf: [36m[Function (anonymous)][39m,
      instanceOf: [36m[Function (anonymous)][39m,
      notInstanceOf: [36m[Function (anonymous)][39m,
      include: [36m[Function (anonymous)][39m,
      notInclude: [36m[Function (anonymous)][39m,
      deepInclude: [36m[Function (anonymous)][39m,
      notDeepInclude: [36m[Function (anonymous)][39m,
      nestedInclude: [36m[Function (anonymous)][39m,
      notNestedInclude: [36m[Function (anonymous)][39m,
      deepNestedInclude: [36m[Function (anonymous)][39m,
      notDeepNestedInclude: [36m[Function (anonymous)][39m,
      ownInclude: [36m[Function (anonymous)][39m,
      notOwnInclude: [36m[Function (anonymous)][39m,
      deepOwnInclude: [36m[Function (anonymous)][39m,
      notDeepOwnInclude: [36m[Function (anonymous)][39m,
      match: [36m[Function (anonymous)][39m,
      notMatch: [36m[Function (anonymous)][39m,
      property: [36m[Function (anonymous)][39m,
      notProperty: [36m[Function (anonymous)][39m,
      propertyVal: [36m[Function (anonymous)][39m,
      notPropertyVal: [36m[Function (anonymous)][39m,
      deepPropertyVal: [36m[Function (anonymous)][39m,
      notDeepPropertyVal: [36m[Function (anonymous)][39m,
      ownProperty: [36m[Function (anonymous)][39m,
      notOwnProperty: [36m[Function (anonymous)][39m,
      ownPropertyVal: [36m[Function (anonymous)][39m,
      notOwnPropertyVal: [36m[Function (anonymous)][39m,
      deepOwnPropertyVal: [36m[Function (anonymous)][39m,
      notDeepOwnPropertyVal: [36m[Function (anonymous)][39m,
      nestedProperty: [36m[Function (anonymous)][39m,
      notNestedProperty: [36m[Function (anonymous)][39m,
      nestedPropertyVal: [36m[Function (anonymous)][39m,
      notNestedPropertyVal: [36m[Function (anonymous)][39m,
      deepNestedPropertyVal: [36m[Function (anonymous)][39m,
      notDeepNestedPropertyVal: [36m[Function (anonymous)][39m,
      lengthOf: [36m[Function (anonymous)][39m,
      hasAnyKeys: [36m[Function (anonymous)][39m,
      hasAllKeys: [36m[Function (anonymous)][39m,
      containsAllKeys: [36m[Function (anonymous)][39m,
      doesNotHaveAnyKeys: [36m[Function (anonymous)][39m,
      doesNotHaveAllKeys: [36m[Function (anonymous)][39m,
      hasAnyDeepKeys: [36m[Function (anonymous)][39m,
      hasAllDeepKeys: [36m[Function (anonymous)][39m,
      containsAllDeepKeys: [36m[Function (anonymous)][39m,
      doesNotHaveAnyDeepKeys: [36m[Function (anonymous)][39m,
      doesNotHaveAllDeepKeys: [36m[Function (anonymous)][39m,
      throws: [36m[Function (anonymous)][39m,
      doesNotThrow: [36m[Function (anonymous)][39m,
      operator: [36m[Function (anonymous)][39m,
      closeTo: [36m[Function (anonymous)][39m,
      approximately: [36m[Function (anonymous)][39m,
      sameMembers: [36m[Function (anonymous)][39m,
      notSameMembers: [36m[Function (anonymous)][39m,
      sameDeepMembers: [36m[Function (anonymous)][39m,
      notSameDeepMembers: [36m[Function (anonymous)][39m,
      sameOrderedMembers: [36m[Function (anonymous)][39m,
      notSameOrderedMembers: [36m[Function (anonymous)][39m,
      sameDeepOrderedMembers: [36m[Function (anonymous)][39m,
      notSameDeepOrderedMembers: [36m[Function (anonymous)][39m,
      includeMembers: [36m[Function (anonymous)][39m,
      notIncludeMembers: [36m[Function (anonymous)][39m,
      includeDeepMembers: [36m[Function (anonymous)][39m,
      notIncludeDeepMembers: [36m[Function (anonymous)][39m,
      includeOrderedMembers: [36m[Function (anonymous)][39m,
      notIncludeOrderedMembers: [36m[Function (anonymous)][39m,
      includeDeepOrderedMembers: [36m[Function (anonymous)][39m,
      notIncludeDeepOrderedMembers: [36m[Function (anonymous)][39m,
      oneOf: [36m[Function (anonymous)][39m,
      isIterable: [36m[Function (anonymous)][39m,
      changes: [36m[Function (anonymous)][39m,
      changesBy: [36m[Function (anonymous)][39m,
      doesNotChange: [36m[Function (anonymous)][39m,
      changesButNotBy: [36m[Function (anonymous)][39m,
      increases: [36m[Function (anonymous)][39m,
      increasesBy: [36m[Function (anonymous)][39m,
      doesNotIncrease: [36m[Function (anonymous)][39m,
      increasesButNotBy: [36m[Function (anonymous)][39m,
      decreases: [36m[Function (anonymous)][39m,
      decreasesBy: [36m[Function (anonymous)][39m,
      doesNotDecrease: [36m[Function (anonymous)][39m,
      doesNotDecreaseBy: [36m[Function (anonymous)][39m,
      decreasesButNotBy: [36m[Function (anonymous)][39m,
      ifError: [36m[Function (anonymous)][39m,
      isExtensible: [36m[Function (anonymous)][39m,
      isNotExtensible: [36m[Function (anonymous)][39m,
      isSealed: [36m[Function (anonymous)][39m,
      isNotSealed: [36m[Function (anonymous)][39m,
      isFrozen: [36m[Function (anonymous)][39m,
      isNotFrozen: [36m[Function (anonymous)][39m,
      isEmpty: [36m[Function (anonymous)][39m,
      isNotEmpty: [36m[Function (anonymous)][39m,
      containsSubset: [36m[Function (anonymous)][39m,
      doesNotContainSubset: [36m[Function (anonymous)][39m,
      ok: [36m[Function (anonymous)][39m,
      notOk: [36m[Function (anonymous)][39m,
      throw: [36m[Function (anonymous)][39m,
      Throw: [36m[Function (anonymous)][39m,
      extensible: [36m[Function (anonymous)][39m,
      notExtensible: [36m[Function (anonymous)][39m,
      sealed: [36m[Function (anonymous)][39m,
      notSealed: [36m[Function (anonymous)][39m,
      frozen: [36m[Function (anonymous)][39m,
      notFrozen: [36m[Function (anonymous)][39m,
      empty: [36m[Function (anonymous)][39m,
      notEmpty: [36m[Function (anonymous)][39m,
      isFunction: [36m[Function (anonymous)][39m,
      isNotFunction: [36m[Function (anonymous)][39m,
      containSubset: [36m[Function (anonymous)][39m
    },
    addEqualityTesters: [36m[Function (anonymous)][39m,
    soft: [36m[Function (anonymous)][39m,
    poll: [36m[Function: poll][39m,
    unreachable: [36m[Function (anonymous)][39m,
    assertions: [36m[Function: methodWrapper][39m,
    hasAssertions: [36m[Function: methodWrapper][39m,
    toSatisfy: [36m[Function: customMatcher][39m,
    toBeOneOf: [36m[Function: customMatcher][39m
  },
  assert: [Function: assert] {
    fail: [36m[Function (anonymous)][39m,
    isOk: [36m[Function (anonymous)][39m,
    isNotOk: [36m[Function (anonymous)][39m,
    equal: [36m[Function (anonymous)][39m,
    notEqual: [36m[Function (anonymous)][39m,
    strictEqual: [36m[Function (anonymous)][39m,
    notStrictEqual: [36m[Function (anonymous)][39m,
    deepStrictEqual: [36m[Function (anonymous)][39m,
    deepEqual: [36m[Function (anonymous)][39m,
    notDeepEqual: [36m[Function (anonymous)][39m,
    isAbove: [36m[Function (anonymous)][39m,
    isAtLeast: [36m[Function (anonymous)][39m,
    isBelow: [36m[Function (anonymous)][39m,
    isAtMost: [36m[Function (anonymous)][39m,
    isTrue: [36m[Function (anonymous)][39m,
    isNotTrue: [36m[Function (anonymous)][39m,
    isFalse: [36m[Function (anonymous)][39m,
    isNotFalse: [36m[Function (anonymous)][39m,
    isNull: [36m[Function (anonymous)][39m,
    isNotNull: [36m[Function (anonymous)][39m,
    isNaN: [36m[Function (anonymous)][39m,
    isNotNaN: [36m[Function (anonymous)][39m,
    exists: [36m[Function (anonymous)][39m,
    notExists: [36m[Function (anonymous)][39m,
    isUndefined: [36m[Function (anonymous)][39m,
    isDefined: [36m[Function (anonymous)][39m,
    isCallable: [36m[Function (anonymous)][39m,
    isNotCallable: [36m[Function (anonymous)][39m,
    isObject: [36m[Function (anonymous)][39m,
    isNotObject: [36m[Function (anonymous)][39m,
    isArray: [36m[Function (anonymous)][39m,
    isNotArray: [36m[Function (anonymous)][39m,
    isString: [36m[Function (anonymous)][39m,
    isNotString: [36m[Function (anonymous)][39m,
    isNumber: [36m[Function (anonymous)][39m,
    isNotNumber: [36m[Function (anonymous)][39m,
    isNumeric: [36m[Function (anonymous)][39m,
    isNotNumeric: [36m[Function (anonymous)][39m,
    isFinite: [36m[Function (anonymous)][39m,
    isBoolean: [36m[Function (anonymous)][39m,
    isNotBoolean: [36m[Function (anonymous)][39m,
    typeOf: [36m[Function (anonymous)][39m,
    notTypeOf: [36m[Function (anonymous)][39m,
    instanceOf: [36m[Function (anonymous)][39m,
    notInstanceOf: [36m[Function (anonymous)][39m,
    include: [36m[Function (anonymous)][39m,
    notInclude: [36m[Function (anonymous)][39m,
    deepInclude: [36m[Function (anonymous)][39m,
    notDeepInclude: [36m[Function (anonymous)][39m,
    nestedInclude: [36m[Function (anonymous)][39m,
    notNestedInclude: [36m[Function (anonymous)][39m,
    deepNestedInclude: [36m[Function (anonymous)][39m,
    notDeepNestedInclude: [36m[Function (anonymous)][39m,
    ownInclude: [36m[Function (anonymous)][39m,
    notOwnInclude: [36m[Function (anonymous)][39m,
    deepOwnInclude: [36m[Function (anonymous)][39m,
    notDeepOwnInclude: [36m[Function (anonymous)][39m,
    match: [36m[Function (anonymous)][39m,
    notMatch: [36m[Function (anonymous)][39m,
    property: [36m[Function (anonymous)][39m,
    notProperty: [36m[Function (anonymous)][39m,
    propertyVal: [36m[Function (anonymous)][39m,
    notPropertyVal: [36m[Function (anonymous)][39m,
    deepPropertyVal: [36m[Function (anonymous)][39m,
    notDeepPropertyVal: [36m[Function (anonymous)][39m,
    ownProperty: [36m[Function (anonymous)][39m,
    notOwnProperty: [36m[Function (anonymous)][39m,
    ownPropertyVal: [36m[Function (anonymous)][39m,
    notOwnPropertyVal: [36m[Function (anonymous)][39m,
    deepOwnPropertyVal: [36m[Function (anonymous)][39m,
    notDeepOwnPropertyVal: [36m[Function (anonymous)][39m,
    nestedProperty: [36m[Function (anonymous)][39m,
    notNestedProperty: [36m[Function (anonymous)][39m,
    nestedPropertyVal: [36m[Function (anonymous)][39m,
    notNestedPropertyVal: [36m[Function (anonymous)][39m,
    deepNestedPropertyVal: [36m[Function (anonymous)][39m,
    notDeepNestedPropertyVal: [36m[Function (anonymous)][39m,
    lengthOf: [36m[Function (anonymous)][39m,
    hasAnyKeys: [36m[Function (anonymous)][39m,
    hasAllKeys: [36m[Function (anonymous)][39m,
    containsAllKeys: [36m[Function (anonymous)][39m,
    doesNotHaveAnyKeys: [36m[Function (anonymous)][39m,
    doesNotHaveAllKeys: [36m[Function (anonymous)][39m,
    hasAnyDeepKeys: [36m[Function (anonymous)][39m,
    hasAllDeepKeys: [36m[Function (anonymous)][39m,
    containsAllDeepKeys: [36m[Function (anonymous)][39m,
    doesNotHaveAnyDeepKeys: [36m[Function (anonymous)][39m,
    doesNotHaveAllDeepKeys: [36m[Function (anonymous)][39m,
    throws: [36m[Function (anonymous)][39m,
    doesNotThrow: [36m[Function (anonymous)][39m,
    operator: [36m[Function (anonymous)][39m,
    closeTo: [36m[Function (anonymous)][39m,
    approximately: [36m[Function (anonymous)][39m,
    sameMembers: [36m[Function (anonymous)][39m,
    notSameMembers: [36m[Function (anonymous)][39m,
    sameDeepMembers: [36m[Function (anonymous)][39m,
    notSameDeepMembers: [36m[Function (anonymous)][39m,
    sameOrderedMembers: [36m[Function (anonymous)][39m,
    notSameOrderedMembers: [36m[Function (anonymous)][39m,
    sameDeepOrderedMembers: [36m[Function (anonymous)][39m,
    notSameDeepOrderedMembers: [36m[Function (anonymous)][39m,
    includeMembers: [36m[Function (anonymous)][39m,
    notIncludeMembers: [36m[Function (anonymous)][39m,
    includeDeepMembers: [36m[Function (anonymous)][39m,
    notIncludeDeepMembers: [36m[Function (anonymous)][39m,
    includeOrderedMembers: [36m[Function (anonymous)][39m,
    notIncludeOrderedMembers: [36m[Function (anonymous)][39m,
    includeDeepOrderedMembers: [36m[Function (anonymous)][39m,
    notIncludeDeepOrderedMembers: [36m[Function (anonymous)][39m,
    oneOf: [36m[Function (anonymous)][39m,
    isIterable: [36m[Function (anonymous)][39m,
    changes: [36m[Function (anonymous)][39m,
    changesBy: [36m[Function (anonymous)][39m,
    doesNotChange: [36m[Function (anonymous)][39m,
    changesButNotBy: [36m[Function (anonymous)][39m,
    increases: [36m[Function (anonymous)][39m,
    increasesBy: [36m[Function (anonymous)][39m,
    doesNotIncrease: [36m[Function (anonymous)][39m,
    increasesButNotBy: [36m[Function (anonymous)][39m,
    decreases: [36m[Function (anonymous)][39m,
    decreasesBy: [36m[Function (anonymous)][39m,
    doesNotDecrease: [36m[Function (anonymous)][39m,
    doesNotDecreaseBy: [36m[Function (anonymous)][39m,
    decreasesButNotBy: [36m[Function (anonymous)][39m,
    ifError: [36m[Function (anonymous)][39m,
    isExtensible: [36m[Function (anonymous)][39m,
    isNotExtensible: [36m[Function (anonymous)][39m,
    isSealed: [36m[Function (anonymous)][39m,
    isNotSealed: [36m[Function (anonymous)][39m,
    isFrozen: [36m[Function (anonymous)][39m,
    isNotFrozen: [36m[Function (anonymous)][39m,
    isEmpty: [36m[Function (anonymous)][39m,
    isNotEmpty: [36m[Function (anonymous)][39m,
    containsSubset: [36m[Function (anonymous)][39m,
    doesNotContainSubset: [36m[Function (anonymous)][39m,
    ok: [36m[Function (anonymous)][39m,
    notOk: [36m[Function (anonymous)][39m,
    throw: [36m[Function (anonymous)][39m,
    Throw: [36m[Function (anonymous)][39m,
    extensible: [36m[Function (anonymous)][39m,
    notExtensible: [36m[Function (anonymous)][39m,
    sealed: [36m[Function (anonymous)][39m,
    notSealed: [36m[Function (anonymous)][39m,
    frozen: [36m[Function (anonymous)][39m,
    notFrozen: [36m[Function (anonymous)][39m,
    empty: [36m[Function (anonymous)][39m,
    notEmpty: [36m[Function (anonymous)][39m,
    isFunction: [36m[Function (anonymous)][39m,
    isNotFunction: [36m[Function (anonymous)][39m,
    containSubset: [36m[Function (anonymous)][39m
  },
  expectTypeOf: [36m[Function: expectTypeOf][39m,
  assertType: [36m[Function: assertType][39m,
  vitest: {
    useFakeTimers: [36m[Function: useFakeTimers][39m,
    isFakeTimers: [36m[Function: isFakeTimers][39m,
    useRealTimers: [36m[Function: useRealTimers][39m,
    runOnlyPendingTimers: [36m[Function: runOnlyPendingTimers][39m,
    runOnlyPendingTimersAsync: [36m[AsyncFunction: runOnlyPendingTimersAsync][39m,
    runAllTimers: [36m[Function: runAllTimers][39m,
    runAllTimersAsync: [36m[AsyncFunction: runAllTimersAsync][39m,
    runAllTicks: [36m[Function: runAllTicks][39m,
    advanceTimersByTime: [36m[Function: advanceTimersByTime][39m,
    advanceTimersByTimeAsync: [36m[AsyncFunction: advanceTimersByTimeAsync][39m,
    advanceTimersToNextTimer: [36m[Function: advanceTimersToNextTimer][39m,
    advanceTimersToNextTimerAsync: [36m[AsyncFunction: advanceTimersToNextTimerAsync][39m,
    advanceTimersToNextFrame: [36m[Function: advanceTimersToNextFrame][39m,
    getTimerCount: [36m[Function: getTimerCount][39m,
    setSystemTime: [36m[Function: setSystemTime][39m,
    getMockedSystemTime: [36m[Function: getMockedSystemTime][39m,
    getRealSystemTime: [36m[Function: getRealSystemTime][39m,
    clearAllTimers: [36m[Function: clearAllTimers][39m,
    spyOn: [36m[Function: spyOn][39m,
    fn: [36m[Function: fn][39m,
    waitFor: [36m[Function: waitFor][39m,
    waitUntil: [36m[Function: waitUntil][39m,
    hoisted: [36m[Function: hoisted][39m,
    mock: [36m[Function: mock][39m,
    unmock: [36m[Function: unmock][39m,
    doMock: [36m[Function: doMock][39m,
    doUnmock: [36m[Function: doUnmock][39m,
    importActual: [36m[AsyncFunction: importActual][39m,
    importMock: [36m[AsyncFunction: importMock][39m,
    mockObject: [36m[Function: mockObject][39m,
    mocked: [36m[Function: mocked][39m,
    isMockFunction: [36m[Function: isMockFunction][39m,
    clearAllMocks: [36m[Function: clearAllMocks][39m,
    resetAllMocks: [36m[Function: resetAllMocks][39m,
    restoreAllMocks: [36m[Function: restoreAllMocks][39m,
    stubGlobal: [36m[Function: stubGlobal][39m,
    stubEnv: [36m[Function: stubEnv][39m,
    unstubAllGlobals: [36m[Function: unstubAllGlobals][39m,
    unstubAllEnvs: [36m[Function: unstubAllEnvs][39m,
    resetModules: [36m[Function: resetModules][39m,
    dynamicImportSettled: [36m[AsyncFunction: dynamicImportSettled][39m,
    setConfig: [36m[Function: setConfig][39m,
    resetConfig: [36m[Function: resetConfig][39m
  },
  vi: {
    useFakeTimers: [36m[Function: useFakeTimers][39m,
    isFakeTimers: [36m[Function: isFakeTimers][39m,
    useRealTimers: [36m[Function: useRealTimers][39m,
    runOnlyPendingTimers: [36m[Function: runOnlyPendingTimers][39m,
    runOnlyPendingTimersAsync: [36m[AsyncFunction: runOnlyPendingTimersAsync][39m,
    runAllTimers: [36m[Function: runAllTimers][39m,
    runAllTimersAsync: [36m[AsyncFunction: runAllTimersAsync][39m,
    runAllTicks: [36m[Function: runAllTicks][39m,
    advanceTimersByTime: [36m[Function: advanceTimersByTime][39m,
    advanceTimersByTimeAsync: [36m[AsyncFunction: advanceTimersByTimeAsync][39m,
    advanceTimersToNextTimer: [36m[Function: advanceTimersToNextTimer][39m,
    advanceTimersToNextTimerAsync: [36m[AsyncFunction: advanceTimersToNextTimerAsync][39m,
    advanceTimersToNextFrame: [36m[Function: advanceTimersToNextFrame][39m,
    getTimerCount: [36m[Function: getTimerCount][39m,
    setSystemTime: [36m[Function: setSystemTime][39m,
    getMockedSystemTime: [36m[Function: getMockedSystemTime][39m,
    getRealSystemTime: [36m[Function: getRealSystemTime][39m,
    clearAllTimers: [36m[Function: clearAllTimers][39m,
    spyOn: [36m[Function: spyOn][39m,
    fn: [36m[Function: fn][39m,
    waitFor: [36m[Function: waitFor][39m,
    waitUntil: [36m[Function: waitUntil][39m,
    hoisted: [36m[Function: hoisted][39m,
    mock: [36m[Function: mock][39m,
    unmock: [36m[Function: unmock][39m,
    doMock: [36m[Function: doMock][39m,
    doUnmock: [36m[Function: doUnmock][39m,
    importActual: [36m[AsyncFunction: importActual][39m,
    importMock: [36m[AsyncFunction: importMock][39m,
    mockObject: [36m[Function: mockObject][39m,
    mocked: [36m[Function: mocked][39m,
    isMockFunction: [36m[Function: isMockFunction][39m,
    clearAllMocks: [36m[Function: clearAllMocks][39m,
    resetAllMocks: [36m[Function: resetAllMocks][39m,
    restoreAllMocks: [36m[Function: restoreAllMocks][39m,
    stubGlobal: [36m[Function: stubGlobal][39m,
    stubEnv: [36m[Function: stubEnv][39m,
    unstubAllGlobals: [36m[Function: unstubAllGlobals][39m,
    unstubAllEnvs: [36m[Function: unstubAllEnvs][39m,
    resetModules: [36m[Function: resetModules][39m,
    dynamicImportSettled: [36m[AsyncFunction: dynamicImportSettled][39m,
    setConfig: [36m[Function: setConfig][39m,
    resetConfig: [36m[Function: resetConfig][39m
  },
  beforeAll: [36m[Function: beforeAll][39m,
  afterAll: [36m[Function: afterAll][39m,
  beforeEach: [36m[Function: beforeEach][39m,
  afterEach: [36m[Function: afterEach][39m,
  onTestFinished: [36m[Function (anonymous)][39m,
  onTestFailed: [36m[Function (anonymous)][39m,
  __vitest_required__: {
    util: {
      _errnoException: [36m[Function: _errnoException][39m,
      _exceptionWithHostPort: [36m[Function: _exceptionWithHostPort][39m,
      _extend: [36m[Function: deprecated][39m,
      callbackify: [36m[Function: callbackify][39m,
      debug: [36m[Function: debuglog][39m,
      debuglog: [36m[Function: debuglog][39m,
      deprecate: [36m[Function: deprecate][39m,
      format: [36m[Function: format][39m,
      styleText: [36m[Function: styleText][39m,
      formatWithOptions: [36m[Function: formatWithOptions][39m,
      getCallSite: [36m[Function: deprecated][39m,
      getCallSites: [36m[Function: getCallSites][39m,
      getSystemErrorMap: [36m[Function: getSystemErrorMap][39m,
      getSystemErrorName: [36m[Function: getSystemErrorName][39m,
      getSystemErrorMessage: [36m[Function: getSystemErrorMessage][39m,
      inherits: [36m[Function: inherits][39m,
      inspect: [36m[Function][39m,
      isArray: [36m[Function: deprecated][39m,
      isBoolean: [36m[Function: deprecated][39m,
      isBuffer: [36m[Function: deprecated][39m,
      isDeepStrictEqual: [36m[Function: isDeepStrictEqual][39m,
      isNull: [36m[Function: deprecated][39m,
      isNullOrUndefined: [36m[Function: deprecated][39m,
      isNumber: [36m[Function: deprecated][39m,
      isString: [36m[Function: deprecated][39m,
      isSymbol: [36m[Function: deprecated][39m,
      isUndefined: [36m[Function: deprecated][39m,
      isRegExp: [36m[Function: deprecated][39m,
      isObject: [36m[Function: deprecated][39m,
      isDate: [36m[Function: deprecated][39m,
      isError: [36m[Function: deprecated][39m,
      isFunction: [36m[Function: deprecated][39m,
      isPrimitive: [36m[Function: deprecated][39m,
      log: [36m[Function: deprecated][39m,
      promisify: [36m[Function][39m,
      stripVTControlCharacters: [36m[Function: stripVTControlCharacters][39m,
      toUSVString: [36m[Function: toUSVString][39m,
      transferableAbortSignal: [36m[Getter][39m,
      transferableAbortController: [36m[Getter][39m,
      aborted: [36m[Getter][39m,
      types: [36m[Object][39m,
      parseEnv: [36m[Function: parseEnv][39m,
      parseArgs: [36m[Function: parseArgs][39m,
      TextDecoder: [36m[class TextDecoder][39m,
      TextEncoder: [36m[class TextEncoder][39m,
      MIMEType: [36m[class MIMEType][39m,
      MIMEParams: [36m[class MIMEParams][39m,
      diff: [36m[Function: diff][39m,
      setTraceSigInt: [36m[Function: setTraceSigInt][39m
    },
    timers: {
      setTimeout: [36m[Function][39m,
      clearTimeout: [36m[Function: clearTimeout][39m,
      setImmediate: [36m[Function][39m,
      clearImmediate: [36m[Function: clearImmediate][39m,
      setInterval: [36m[Function: setInterval][39m,
      clearInterval: [36m[Function: clearInterval][39m,
      _unrefActive: [36m[Function: deprecated][39m,
      active: [36m[Function: deprecated][39m,
      unenroll: [36m[Function: deprecated][39m,
      enroll: [36m[Function: deprecated][39m,
      promises: [36m[Getter][39m
    },
    timersPromises: {
      setTimeout: [36m[Function: setTimeout][39m,
      setImmediate: [36m[Function: setImmediate][39m,
      setInterval: [36m[AsyncGeneratorFunction: setInterval][39m,
      scheduler: [36m[Scheduler][39m
    }
  },
  ch: [33m107[39m,
  ResizeObserver: [36m[class ResizeObserverMock][39m,
  [[32mSymbol(vitest:SAFE_TIMERS)[39m]: {
    nextTick: [36m[Function: nextTick][39m,
    setTimeout: [Function: setTimeout] {
      [[32mSymbol(nodejs.util.promisify.custom)[39m]: [36m[Getter][39m
    },
    setInterval: [36m[Function: setInterval][39m,
    clearInterval: [36m[Function: clearInterval][39m,
    clearTimeout: [36m[Function: clearTimeout][39m,
    setImmediate: [Function: setImmediate] {
      [[32mSymbol(nodejs.util.promisify.custom)[39m]: [36m[Getter][39m
    },
    clearImmediate: [36m[Function: clearImmediate][39m,
    queueMicrotask: [36m[Function: queueMicrotask][39m
 [32mΓ£ô[39m src/components/__tests__/theme-switcher.test.ts[2m > [22mThemeSwitcher[2m > [22mRendering[2m > [22mshould include color swatches for each theme[32m 55[2mms[22m[39m
  }
}

[90mstderr[2m | src/components/__tests__/tool-header.test.ts[2m > [22m[2mToolHeader[2m > 
[22m[2mRendering[2m > [22m[2mshould not render actions container when actions is empty array
[22m[39mBaseComponent.init failed: TypeError: this.bindEvents is not a function
    at ToolHeader.init (C:/Users/DrawF/OneDrive/Projects/CodingProjects/XIVProjects/xivdyetools-web-app/src/compo
nents/base-component.ts:86:12)
    at C:/Users/DrawF/OneDrive/Projects/CodingProjects/XIVProjects/xivdyetools-web-app/src/components/__tests__/t
ool-header.test.ts:108:17
    at [90mfile:///C:/Users/DrawF/OneDrive/Projects/CodingProjects/XIVProjects/xivdyetools-web-app/[39mnode_mod
ules/[4m@vitest/runner[24m/dist/index.js:145:11
    at [90mfile:///C:/Users/DrawF/OneDrive/Projects/CodingProjects/XIVProjects/xivdyetools-web-app/[39mnode_mod
ules/[4m@vitest/runner[24m/dist/index.js:912:26
    at [90mfile:///C:/Users/DrawF/OneDrive/Projects/CodingProjects/XIVProjects/xivdyetools-web-app/[39mnode_mod
ules/[4m@vitest/runner[24m/dist/index.js:1237:20
    at new Promise (<anonymous>)
    at runWithTimeout [90m(file:///C:/Users/DrawF/OneDrive/Projects/CodingProjects/XIVProjects/xivdyetools-web-a
pp/[39mnode_modules/[4m@vitest/runner[24m/dist/index.js:1203:10[90m)[39m
    at [90mfile:///C:/Users/DrawF/OneDrive/Projects/CodingProjects/XIVProjects/xivdyetools-web-app/[39mnode_mod
ules/[4m@vitest/runner[24m/dist/index.js:1647:37
    at Traces.$ [90m(file:///C:/Users/DrawF/OneDrive/Projects/CodingProjects/XIVProjects/xivdyetools-web-app/[3
9mnode_modules/[4mvitest[24m/dist/chunks/traces.U4xDYhzZ.js:115:27[90m)[39m
    at trace [90m(file:///C:/Users/DrawF/OneDrive/Projects/CodingProjects/XIVProjects/xivdyetools-web-app/[39mn
ode_modules/[4mvitest[24m/dist/chunks/test.DqQZzsWf.js:234:21[90m)[39m

[90mstderr[2m | src/components/__tests__/tutorial-spotlight.test.ts[2m > [22m[2mTutorialSpotlight[2m > 
[22m[2mStep Display[2m > [22m[2mshould not have Previous button on first step
[22m[39mBaseComponent.on: Target is not HTMLElement, Document, or Window [36m<ref *1>[39m Object [global] {
  global: [36m[Circular *1][39m,
  clearImmediate: [Function: clearImmediate] {
    hadOwnProperty: [33mtrue[39m,
    clock: {
      now: [33m1764681223247[39m,
      Date: [36m[Function][39m,
      loopLimit: [33m10000[39m,
      Intl: [36m[Object][39m,
      requestIdleCallback: [36m[Function: requestIdleCallback][39m,
      cancelIdleCallback: [36m[Function: cancelIdleCallback][39m,
      setTimeout: [36m[Function][39m,
      clearTimeout: [36m[Function][39m,
      nextTick: [36m[Function: nextTick][39m,
      queueMicrotask: [36m[Function: queueMicrotask][39m,
      setInterval: [36m[Function][39m,
      clearInterval: [36m[Function][39m,
      setImmediate: [36m[Function][39m,
      clearImmediate: [36m[Function][39m,
      countTimers: [36m[Function: countTimers][39m,
      requestAnimationFrame: [36m[Function][39m,
      cancelAnimationFrame: [36m[Function][39m,
      runMicrotasks: [36m[Function: runMicrotasks][39m,
      tick: [36m[Function: tick][39m,
      tickAsync: [36m[Function: tickAsync][39m,
      next: [36m[Function: next][39m,
      nextAsync: [36m[Function: nextAsync][39m,
      runAll: [36m[Function: runAll][39m,
      runToFrame: [36m[Function: runToFrame][39m,
      runAllAsync: [36m[Function: runAllAsync][39m,
      runToLast: [36m[Function: runToLast][39m,
      runToLastAsync: [36m[Function: runToLastAsync][39m,
      reset: [36m[Function: reset][39m,
      setSystemTime: [36m[Function: setSystemTime][39m,
      jump: [36m[Function: jump][39m,
      performance: [36m[Object: null prototype][39m,
      hrtime: [36m[Function][39m,
      shouldClearNativeTimers: [33mtrue[39m,
      uninstall: [36m[Function (anonymous)][39m,
      abortListenerMap: Map(0) {},
      methods: [36m[Array][39m,
 [32mΓ£ô[39m src/components/__tests__/theme-switcher.test.ts[2m > [22mThemeSwitcher[2m > [22mAccessibility[2m > [22mshould have proper ARIA attributes[32m 67[2mms[22m[39m
 [32mΓ£ô[39m src/components/__tests__/market-board.test.ts[2m > [22mMarketBoard[2m > [22mformatPrice[2m > [22mshould format price with G suffix[32m 15[2mms[22m[39m
 [32mΓ£ô[39m src/components/__tests__/market-board.test.ts[2m > [22mMarketBoard[2m > [22mgetters[2m > [22mshould return selected server[32m 8[2mms[22m[39m
 [32mΓ£ô[39m src/components/__tests__/market-board.test.ts[2m > [22mMarketBoard[2m > [22mgetters[2m > [22mshould return show prices setting[32m 7[2mms[22m[39m
 [32mΓ£ô[39m src/components/__tests__/market-board.test.ts[2m > [22mMarketBoard[2m > [22mgetters[2m > [22mshould return price categories[32m 13[2mms[22m[39m
 [32mΓ£ô[39m src/components/__tests__/market-board.test.ts[2m > [22mMarketBoard[2m > [22mstate management[2m > [22mshould return correct state[32m 6[2mms[22m[39m
 [32mΓ£ô[39m src/components/__tests__/market-board.test.ts[2m > [22mMarketBoard[2m > [22mhover effects[2m > [22mshould apply brightness filter on refresh button hover[32m 8[2mms[22m[39m
 [32mΓ£ô[39m src/components/__tests__/market-board.test.ts[2m > [22mMarketBoard[2m > [22mhover effects[2m > [22mshould not apply brightness filter when button is disabled[32m 22[2mms[22m[39m
 [32mΓ£ô[39m src/components/__tests__/market-board.test.ts[2m > [22mMarketBoard[2m > [22mhover effects[2m > [22mshould apply mousedown/mouseup filter effects[32m 6[2mms[22m[39m
 [32mΓ£ô[39m src/components/__tests__/market-board.test.ts[2m > [22mMarketBoard[2m > [22mhover effects[2m > [22mshould not apply mousedown filter when button is disabled[32m 25[2mms[22m[39m
 [32mΓ£ô[39m src/components/__tests__/image-upload-display.test.ts[2m > [22mImageUploadDisplay[2m > [22mevent emission[2m > [22mshould have paste event listener set up[32m 13[2mms[22m[39m
 [32mΓ£ô[39m src/components/__tests__/image-upload-display.test.ts[2m > [22mImageUploadDisplay[2m > [22mfile validation[2m > [22mshould emit error for non-image files[32m 10[2mms[22m[39m
 [32mΓ£ô[39m src/components/__tests__/image-upload-display.test.ts[2m > [22mImageUploadDisplay[2m > [22mfile validation[2m > [22mshould emit error for oversized files[32m 19[2mms[22m[39m
 [32mΓ£ô[39m src/components/__tests__/image-upload-display.test.ts[2m > [22mImageUploadDisplay[2m > [22maccessibility[2m > [22mshould have aria-label on camera button[32m 21[2mms[22m[39m
 [32mΓ£ô[39m src/components/__tests__/image-upload-display.test.ts[2m > [22mImageUploadDisplay[2m > [22maccessibility[2m > [22mshould have accept attribute on file inputs[32m 16[2mms[22m[39m
 [32mΓ£ô[39m src/components/__tests__/image-upload-display.test.ts[2m > [22mImageUploadDisplay[2m > [22maccessibility[2m > [22mshould have capture attribute on camera input[32m 33[2mms[22m[39m
 [32mΓ£ô[39m src/components/__tests__/accessibility-checker-tool.test.ts[2m > [22mAccessibilityCheckerTool Component[2m > [22mPreview Display[2m > [22mshould show simulated colorblind colors[32m 11[2mms[22m[39m
 [32mΓ£ô[39m src/components/__tests__/accessibility-checker-tool.test.ts[2m > [22mAccessibilityCheckerTool Component[2m > [22mPreview Display[2m > [22mshould display side-by-side comparison[32m 12[2mms[22m[39m
 [32mΓ£ô[39m src/components/__tests__/accessibility-checker-tool.test.ts[2m > [22mAccessibilityCheckerTool Component[2m > [22mPreview Display[2m > [22mshould update preview when dyes change[32m 11[2mms[22m[39m
 [32mΓ£ô[39m src/components/__tests__/accessibility-checker-tool.test.ts[2m > [22mAccessibilityCheckerTool Component[2m > [22mAccessibility Score[2m > [22mshould calculate accessibility score[32m 5[2mms[22m[39m
 [32mΓ£ô[39m src/components/__tests__/accessibility-checker-tool.test.ts[2m > [22mAccessibilityCheckerTool Component[2m > [22mAccessibility Score[2m > [22mshould display score numerically[32m 7[2mms[22m[39m
 [32mΓ£ô[39m src/components/__tests__/accessibility-checker-tool.test.ts[2m > [22mAccessibilityCheckerTool Component[2m > [22mAccessibility Score[2m > [22mshould show score interpretation[32m 10[2mms[22m[39m
 [32mΓ£ô[39m src/components/__tests__/accessibility-checker-tool.test.ts[2m > [22mAccessibilityCheckerTool Component[2m > [22mAccessibility Score[2m > [22mshould update score as dyes change[32m 15[2mms[22m[39m
 [32mΓ£ô[39m src/components/__tests__/accessibility-checker-tool.test.ts[2m > [22mAccessibilityCheckerTool Component[2m > [22mAccessibility Score[2m > [22mshould handle no dyes selected[32m 6[2mms[22m[39m
 [32mΓ£ô[39m src/components/__tests__/accessibility-checker-tool.test.ts[2m > [22mAccessibilityCheckerTool Component[2m > [22mDistinguishability Warnings[2m > [22mshould warn when dyes not distinguishable[32m 6[2mms[22m[39m
 [32mΓ£ô[39m src/components/__tests__/accessibility-checker-tool.test.ts[2m > [22mAccessibilityCheckerTool Component[2m > [22mDistinguishability Warnings[2m > [22mshould highlight problematic dye combinations[32m 13[2mms[22m[39m
 [32mΓ£ô[39m src/components/__tests__/accessibility-checker-tool.test.ts[2m > [22mAccessibilityCheckerTool Component[2m > [22mDistinguishability Warnings[2m > [22mshould show warning severity levels[32m 9[2mms[22m[39m
 [32mΓ£ô[39m src/components/__tests__/color-interpolation-display.test.ts[2m > [22mColorInterpolationDisplay[2m > [22mcleanup[2m > [22mshould clean up without error[32m 17[2mms[22m[39m
 [31m├ù[39m src/components/__tests__/dye-selector.test.ts[2m > [22mDyeSelector[2m > [22mupdate branch coverage[2m > [22mshould handle missing selectedLabel gracefully[32m 59[2mms[22m[39m
[31m   ΓåÆ expected +0 to be 1 // Object.is equality[39m
 [32mΓ£ô[39m src/components/__tests__/dye-selector.test.ts[2m > [22mDyeSelector[2m > [22mupdate branch coverage[2m > [22mshould restore search focus after update[32m 78[2mms[22m[39m
 [32mΓ£ô[39m src/components/__tests__/app-layout.test.ts[2m > [22mAppLayout[2m > [22mSubscription Callbacks[2m > [22mshould handle updateHeaderColors when version element is not found[32m 261[2mms[22m[39m
 [32mΓ£ô[39m src/components/__tests__/app-layout.test.ts[2m > [22mAppLayout[2m > [22mSubscription Callbacks[2m > [22mshould handle updateLocalizedText when title element is not found[32m 19[2mms[22m[39m
 [32mΓ£ô[39m src/components/__tests__/app-layout.test.ts[2m > [22mAppLayout[2m > [22mSubscription Callbacks[2m > [22mshould handle updateLocalizedText when footer copyright is not found[32m 16[2mms[22m[39m
 [32mΓ£ô[39m src/components/__tests__/app-layout.test.ts[2m > [22mAppLayout[2m > [22mSubscription Callbacks[2m > [22mshould handle updateLocalizedText when footer creator is not found[32m 27[2mms[22m[39m
 [32mΓ£ô[39m src/components/__tests__/app-layout.test.ts[2m > [22mAppLayout[2m > [22mSubscription Callbacks[2m > [22mshould handle updateLocalizedText when footer disclaimer is not found[32m 25[2mms[22m[39m
      _setTimeout: [36m[Function][39m,
      _clearTimeout: [36m[Function: clearTimeout][39m,
      _setInterval: [36m[Function: setInterval][39m,
      _clearInterval: [36m[Function: clearInterval][39m,
      _Date: [36m[Function: Date][39m,
      _setImmediate: [36m[Function][39m,
      _clearImmediate: [36m[Function: clearImmediate][39m,
      _hrtime: [36m[Function][39m,
      _performance: [36m[Performance][39m,
      _requestAnimationFrame: [36m[Function: bound ][39m,
      _cancelAnimationFrame: [36m[Function: bound ][39m,
      _Intl: Object [Intl] {}
    }
  },
  setImmediate: [Function: setImmediate] {
    hadOwnProperty: [33mtrue[39m,
    clock: {
      now: [33m1764681223247[39m,
      Date: [36m[Function][39m,
      loopLimit: [33m10000[39m,
      Intl: [36m[Object][39m,
      requestIdleCallback: [36m[Function: requestIdleCallback][39m,
      cancelIdleCallback: [36m[Function: cancelIdleCallback][39m,
      setTimeout: [36m[Function][39m,
      clearTimeout: [36m[Function][39m,
      nextTick: [36m[Function: nextTick][39m,
      queueMicrotask: [36m[Function: queueMicrotask][39m,
      setInterval: [36m[Function][39m,
      clearInterval: [36m[Function][39m,
      setImmediate: [36m[Function][39m,
      clearImmediate: [36m[Function][39m,
      countTimers: [36m[Function: countTimers][39m,
      requestAnimationFrame: [36m[Function][39m,
      cancelAnimationFrame: [36m[Function][39m,
      runMicrotasks: [36m[Function: runMicrotasks][39m,
      tick: [36m[Function: tick][39m,
      tickAsync: [36m[Function: tickAsync][39m,
      next: [36m[Function: next][39m,
      nextAsync: [36m[Function: nextAsync][39m,
      runAll: [36m[Function: runAll][39m,
      runToFrame: [36m[Function: runToFrame][39m,
      runAllAsync: [36m[Function: runAllAsync][39m,
      runToLast: [36m[Function: runToLast][39m,
      runToLastAsync: [36m[Function: runToLastAsync][39m,
      reset: [36m[Function: reset][39m,
      setSystemTime: [36m[Function: setSystemTime][39m,
      jump: [36m[Function: jump][39m,
      performance: [36m[Object: null prototype][39m,
      hrtime: [36m[Function][39m,
      shouldClearNativeTimers: [33mtrue[39m,
      uninstall: [36m[Function (anonymous)][39m,
      abortListenerMap: Map(0) {},
      methods: [36m[Array][39m,
      _setTimeout: [36m[Function][39m,
      _clearTimeout: [36m[Function: clearTimeout][39m,
      _setInterval: [36m[Function: setInterval][39m,
      _clearInterval: [36m[Function: clearInterval][39m,
      _Date: [36m[Function: Date][39m,
      _setImmediate: [36m[Function][39m,
      _clearImmediate: [36m[Function: clearImmediate][39m,
      _hrtime: [36m[Function][39m,
      _performance: [36m[Performance][39m,
      _requestAnimationFrame: [36m[Function: bound ][39m,
      _cancelAnimationFrame: [36m[Function: bound ][39m,
      _Intl: Object [Intl] {}
    },
    [[32mSymbol(nodejs.util.promisify.custom)[39m]: [36m[Function: promisifiedSetImmediate][39m
  },
  clearInterval: [Function: clearInterval] {
    hadOwnProperty: [33mtrue[39m,
    clock: {
      now: [33m1764681223247[39m,
      Date: [36m[Function][39m,
      loopLimit: [33m10000[39m,
      Intl: [36m[Object][39m,
      requestIdleCallback: [36m[Function: requestIdleCallback][39m,
      cancelIdleCallback: [36m[Function: cancelIdleCallback][39m,
      setTimeout: [36m[Function][39m,
      clearTimeout: [36m[Function][39m,
      nextTick: [36m[Function: nextTick][39m,
      queueMicrotask: [36m[Function: queueMicrotask][39m,
      setInterval: [36m[Function][39m,
      clearInterval: [36m[Function][39m,
      setImmediate: [36m[Function][39m,
      clearImmediate: [36m[Function][39m,
      countTimers: [36m[Function: countTimers][39m,
      requestAnimationFrame: [36m[Function][39m,
      cancelAnimationFrame: [36m[Function][39m,
      runMicrotasks: [36m[Function: runMicrotasks][39m,
      tick: [36m[Function: tick][39m,
      tickAsync: [36m[Function: tickAsync][39m,
      next: [36m[Function: next][39m,
      nextAsync: [36m[Function: nextAsync][39m,
      runAll: [36m[Function: runAll][39m,
      runToFrame: [36m[Function: runToFrame][39m,
      runAllAsync: [36m[Function: runAllAsync][39m,
      runToLast: [36m[Function: runToLast][39m,
      runToLastAsync: [36m[Function: runToLastAsync][39m,
      reset: [36m[Function: reset][39m,
      setSystemTime: [36m[Function: setSystemTime][39m,
      jump: [36m[Function: jump][39m,
      performance: [36m[Object: null prototype][39m,
      hrtime: [36m[Function][39m,
      shouldClearNativeTimers: [33mtrue[39m,
      uninstall: [36m[Function (anonymous)][39m,
      abortListenerMap: Map(0) {},
      methods: [36m[Array][39m,
      _setTimeout: [36m[Function][39m,
      _clearTimeout: [36m[Function: clearTimeout][39m,
      _setInterval: [36m[Function: setInterval][39m,
      _clearInterval: [36m[Function: clearInterval][39m,
      _Date: [36m[Function: Date][39m,
      _setImmediate: [36m[Function][39m,
      _clearImmediate: [36m[Function: clearImmediate][39m,
      _hrtime: [36m[Function][39m,
      _performance: [36m[Performance][39m,
      _requestAnimationFrame: [36m[Function: bound ][39m,
      _cancelAnimationFrame: [36m[Function: bound ][39m,
      _Intl: Object [Intl] {}
    }
  },
  clearTimeout: [Function: clearTimeout] {
    hadOwnProperty: [33mtrue[39m,
    clock: {
      now: [33m1764681223247[39m,
      Date: [36m[Function][39m,
      loopLimit: [33m10000[39m,
      Intl: [36m[Object][39m,
      requestIdleCallback: [36m[Function: requestIdleCallback][39m,
      cancelIdleCallback: [36m[Function: cancelIdleCallback][39m,
      setTimeout: [36m[Function][39m,
      clearTimeout: [36m[Function][39m,
      nextTick: [36m[Function: nextTick][39m,
      queueMicrotask: [36m[Function: queueMicrotask][39m,
      setInterval: [36m[Function][39m,
      clearInterval: [36m[Function][39m,
      setImmediate: [36m[Function][39m,
      clearImmediate: [36m[Function][39m,
      countTimers: [36m[Function: countTimers][39m,
      requestAnimationFrame: [36m[Function][39m,
      cancelAnimationFrame: [36m[Function][39m,
      runMicrotasks: [36m[Function: runMicrotasks][39m,
      tick: [36m[Function: tick][39m,
      tickAsync: [36m[Function: tickAsync][39m,
      next: [36m[Function: next][39m,
      nextAsync: [36m[Function: nextAsync][39m,
      runAll: [36m[Function: runAll][39m,
      runToFrame: [36m[Function: runToFrame][39m,
      runAllAsync: [36m[Function: runAllAsync][39m,
      runToLast: [36m[Function: runToLast][39m,
      runToLastAsync: [36m[Function: runToLastAsync][39m,
      reset: [36m[Function: reset][39m,
      setSystemTime: [36m[Function: setSystemTime][39m,
      jump: [36m[Function: jump][39m,
      performance: [36m[Object: null prototype][39m,
      hrtime: [36m[Function][39m,
      shouldClearNativeTimers: [33mtrue[39m,
      uninstall: [36m[Function (anonymous)][39m,
      abortListenerMap: Map(0) {},
      methods: [36m[Array][39m,
      _setTimeout: [36m[Function][39m,
      _clearTimeout: [36m[Function: clearTimeout][39m,
      _setInterval: [36m[Function: setInterval][39m,
      _clearInterval: [36m[Function: clearInterval][39m,
      _Date: [36m[Function: Date][39m,
      _setImmediate: [36m[Function][39m,
      _clearImmediate: [36m[Function: clearImmediate][39m,
      _hrtime: [36m[Function][39m,
      _performance: [36m[Performance][39m,
      _requestAnimationFrame: [36m[Function: bound ][39m,
      _cancelAnimationFrame: [36m[Function: bound ][39m,
      _Intl: Object [Intl] {}
    }
  },
  setInterval: [Function: setInterval] {
    hadOwnProperty: [33mtrue[39m,
    clock: {
      now: [33m1764681223247[39m,
      Date: [36m[Function][39m,
      loopLimit: [33m10000[39m,
      Intl: [36m[Object][39m,
      requestIdleCallback: [36m[Function: requestIdleCallback][39m,
      cancelIdleCallback: [36m[Function: cancelIdleCallback][39m,
      setTimeout: [36m[Function][39m,
      clearTimeout: [36m[Function][39m,
      nextTick: [36m[Function: nextTick][39m,
      queueMicrotask: [36m[Function: queueMicrotask][39m,
      setInterval: [36m[Function][39m,
      clearInterval: [36m[Function][39m,
      setImmediate: [36m[Function][39m,
      clearImmediate: [36m[Function][39m,
      countTimers: [36m[Function: countTimers][39m,
      requestAnimationFrame: [36m[Function][39m,
      cancelAnimationFrame: [36m[Function][39m,
      runMicrotasks: [36m[Function: runMicrotasks][39m,
      tick: [36m[Function: tick][39m,
      tickAsync: [36m[Function: tickAsync][39m,
      next: [36m[Function: next][39m,
      nextAsync: [36m[Function: nextAsync][39m,
      runAll: [36m[Function: runAll][39m,
      runToFrame: [36m[Function: runToFrame][39m,
      runAllAsync: [36m[Function: runAllAsync][39m,
      runToLast: [36m[Function: runToLast][39m,
      runToLastAsync: [36m[Function: runToLastAsync][39m,
      reset: [36m[Function: reset][39m,
      setSystemTime: [36m[Function: setSystemTime][39m,
      jump: [36m[Function: jump][39m,
      performance: [36m[Object: null prototype][39m,
      hrtime: [36m[Function][39m,
      shouldClearNativeTimers: [33mtrue[39m,
      uninstall: [36m[Function (anonymous)][39m,
      abortListenerMap: Map(0) {},
      methods: [36m[Array][39m,
      _setTimeout: [36m[Function][39m,
      _clearTimeout: [36m[Function: clearTimeout][39m,
      _setInterval: [36m[Function: setInterval][39m,
      _clearInterval: [36m[Function: clearInterval][39m,
      _Date: [36m[Function: Date][39m,
      _setImmediate: [36m[Function][39m,
      _clearImmediate: [36m[Function: clearImmediate][39m,
      _hrtime: [36m[Function][39m,
      _performance: [36m[Performance][39m,
      _requestAnimationFrame: [36m[Function: bound ][39m,
      _cancelAnimationFrame: [36m[Function: bound ][39m,
      _Intl: Object [Intl] {}
    }
  },
  setTimeout: [Function: setTimeout] {
    hadOwnProperty: [33mtrue[39m,
    clock: {
      now: [33m1764681223247[39m,
      Date: [36m[Function][39m,
      loopLimit: [33m10000[39m,
      Intl: [36m[Object][39m,
      requestIdleCallback: [36m[Function: requestIdleCallback][39m,
      cancelIdleCallback: [36m[Function: cancelIdleCallback][39m,
      setTimeout: [36m[Function][39m,
      clearTimeout: [36m[Function][39m,
      nextTick: [36m[Function: nextTick][39m,
      queueMicrotask: [36m[Function: queueMicrotask][39m,
      setInterval: [36m[Function][39m,
      clearInterval: [36m[Function][39m,
      setImmediate: [36m[Function][39m,
      clearImmediate: [36m[Function][39m,
      countTimers: [36m[Function: countTimers][39m,
      requestAnimationFrame: [36m[Function][39m,
      cancelAnimationFrame: [36m[Function][39m,
      runMicrotasks: [36m[Function: runMicrotasks][39m,
      tick: [36m[Function: tick][39m,
      tickAsync: [36m[Function: tickAsync][39m,
      next: [36m[Function: next][39m,
      nextAsync: [36m[Function: nextAsync][39m,
      runAll: [36m[Function: runAll][39m,
      runToFrame: [36m[Function: runToFrame][39m,
      runAllAsync: [36m[Function: runAllAsync][39m,
      runToLast: [36m[Function: runToLast][39m,
      runToLastAsync: [36m[Function: runToLastAsync][39m,
      reset: [36m[Function: reset][39m,
      setSystemTime: [36m[Function: setSystemTime][39m,
      jump: [36m[Function: jump][39m,
      performance: [36m[Object: null prototype][39m,
      hrtime: [36m[Function][39m,
      shouldClearNativeTimers: [33mtrue[39m,
      uninstall: [36m[Function (anonymous)][39m,
      abortListenerMap: Map(0) {},
      methods: [36m[Array][39m,
      _setTimeout: [36m[Function][39m,
      _clearTimeout: [36m[Function: clearTimeout][39m,
      _setInterval: [36m[Function: setInterval][39m,
      _clearInterval: [36m[Function: clearInterval][39m,
      _Date: [36m[Function: Date][39m,
      _setImmediate: [36m[Function][39m,
      _clearImmediate: [36m[Function: clearImmediate][39m,
      _hrtime: [36m[Function][39m,
      _performance: [36m[Performance][39m,
      _requestAnimationFrame: [36m[Function: bound ][39m,
      _cancelAnimationFrame: [36m[Function: bound ][39m,
      _Intl: Object [Intl] {}
    },
    [[32mSymbol(nodejs.util.promisify.custom)[39m]: [36m[Function: promisifiedSetTimeout][39m
  },
  queueMicrotask: [36m[Function: queueMicrotask][39m,
  structuredClone: [36m[Function: structuredClone][39m,
  atob: [36m[Function: atob][39m,
  btoa: [36m[Function: btoa][39m,
  performance: [36m[Getter/Setter][39m,
  fetch: [36m[Function: fetch][39m,
  navigator: [36m[Getter/Setter][39m,
  crypto: [36m[Getter][39m,
  window: [36m[Circular *1][39m,
  self: [36m[Circular *1][39m,
  top: [36m[Circular *1][39m,
  parent: [36m[Circular *1][39m,
  jsdom: JSDOM {
    [[32mSymbol(window)[39m]: [36m<ref *2>[39m Window {
      StyleSheet: [36m[Function: StyleSheet][39m,
      MediaList: [36m[Function: MediaList][39m,
      CSSStyleSheet: [36m[Function: CSSStyleSheet][39m,
      CSSRule: [36m[Function][39m,
      CSSStyleRule: [36m[Function][39m,
      CSSMediaRule: [36m[Function: CSSMediaRule][39m,
      CSSImportRule: [36m[Function: CSSImportRule][39m,
      CSSStyleDeclaration: [36m[class CSSStyleDeclaration][39m,
      XPathException: [36m[Function][39m,
      XPathExpression: [36m[Function: XPathExpression][39m,
      XPathResult: [36m[Function][39m,
      XPathEvaluator: [36m[Function: XPathEvaluator][39m,
      onafterprint: [36m[Getter/Setter][39m,
      onbeforeprint: [36m[Getter/Setter][39m,
      onbeforeunload: [36m[Getter/Setter][39m,
      onhashchange: [36m[Getter/Setter][39m,
      onlanguagechange: [36m[Getter/Setter][39m,
      onmessage: [36m[Getter/Setter][39m,
      onmessageerror: [36m[Getter/Setter][39m,
      onoffline: [36m[Getter/Setter][39m,
      ononline: [36m[Getter/Setter][39m,
      onpagehide: [36m[Getter/Setter][39m,
      onpageshow: [36m[Getter/Setter][39m,
      onpopstate: [36m[Getter/Setter][39m,
      onrejectionhandled: [36m[Getter/Setter][39m,
      onstorage: [36m[Getter/Setter][39m,
      onunhandledrejection: [36m[Getter/Setter][39m,
      onunload: [36m[Getter/Setter][39m,
      onblur: [36m[Getter/Setter][39m,
      onerror: [36m[Getter/Setter][39m,
      onfocus: [36m[Getter/Setter][39m,
      onload: [36m[Getter/Setter][39m,
      onresize: [36m[Getter/Setter][39m,
      onscroll: [36m[Getter/Setter][39m,
      onabort: [36m[Getter/Setter][39m,
      onauxclick: [36m[Getter/Setter][39m,
      onbeforeinput: [36m[Getter/Setter][39m,
      onbeforematch: [36m[Getter/Setter][39m,
      onbeforetoggle: [36m[Getter/Setter][39m,
      oncancel: [36m[Getter/Setter][39m,
      oncanplay: [36m[Getter/Setter][39m,
      oncanplaythrough: [36m[Getter/Setter][39m,
      onchange: [36m[Getter/Setter][39m,
      onclick: [36m[Getter/Setter][39m,
      onclose: [36m[Getter/Setter][39m,
      oncontextlost: [36m[Getter/Setter][39m,
      oncontextmenu: [36m[Getter/Setter][39m,
      oncontextrestored: [36m[Getter/Setter][39m,
      oncopy: [36m[Getter/Setter][39m,
      oncuechange: [36m[Getter/Setter][39m,
      oncut: [36m[Getter/Setter][39m,
      ondblclick: [36m[Getter/Setter][39m,
      ondrag: [36m[Getter/Setter][39m,
      ondragend: [36m[Getter/Setter][39m,
      ondragenter: [36m[Getter/Setter][39m,
      ondragleave: [36m[Getter/Setter][39m,
      ondragover: [36m[Getter/Setter][39m,
      ondragstart: [36m[Getter/Setter][39m,
      ondrop: [36m[Getter/Setter][39m,
      ondurationchange: [36m[Getter/Setter][39m,
      onemptied: [36m[Getter/Setter][39m,
      onended: [36m[Getter/Setter][39m,
      onformdata: [36m[Getter/Setter][39m,
      oninput: [36m[Getter/Setter][39m,
      oninvalid: [36m[Getter/Setter][39m,
      onkeydown: [36m[Getter/Setter][39m,
      onkeypress: [36m[Getter/Setter][39m,
      onkeyup: [36m[Getter/Setter][39m,
      onloadeddata: [36m[Getter/Setter][39m,
      onloadedmetadata: [36m[Getter/Setter][39m,
      onloadstart: [36m[Getter/Setter][39m,
      onmousedown: [36m[Getter/Setter][39m,
      onmouseenter: [36m[Getter/Setter][39m,
      onmouseleave: [36m[Getter/Setter][39m,
      onmousemove: [36m[Getter/Setter][39m,
      onmouseout: [36m[Getter/Setter][39m,
      onmouseover: [36m[Getter/Setter][39m,
      onmouseup: [36m[Getter/Setter][39m,
      onpaste: [36m[Getter/Setter][39m,
      onpause: [36m[Getter/Setter][39m,
      onplay: [36m[Getter/Setter][39m,
      onplaying: [36m[Getter/Setter][39m,
      onprogress: [36m[Getter/Setter][39m,
      onratechange: [36m[Getter/Setter][39m,
      onreset: [36m[Getter/Setter][39m,
      onscrollend: [36m[Getter/Setter][39m,
      onsecuritypolicyviolation: [36m[Getter/Setter][39m,
      onseeked: [36m[Getter/Setter][39m,
      onseeking: [36m[Getter/Setter][39m,
      onselect: [36m[Getter/Setter][39m,
      onslotchange: [36m[Getter/Setter][39m,
      onstalled: [36m[Getter/Setter][39m,
      onsubmit: [36m[Getter/Setter][39m,
      onsuspend: [36m[Getter/Setter][39m,
      ontimeupdate: [36m[Getter/Setter][39m,
      ontoggle: [36m[Getter/Setter][39m,
      onvolumechange: [36m[Getter/Setter][39m,
      onwaiting: [36m[Getter/Setter][39m,
      onwebkitanimationend: [36m[Getter/Setter][39m,
      onwebkitanimationiteration: [36m[Getter/Setter][39m,
      onwebkitanimationstart: [36m[Getter/Setter][39m,
      onwebkittransitionend: [36m[Getter/Setter][39m,
      onwheel: [36m[Getter/Setter][39m,
      ontouchstart: [36m[Getter/Setter][39m,
      ontouchend: [36m[Getter/Setter][39m,
      ontouchmove: [36m[Getter/Setter][39m,
      ontouchcancel: [36m[Getter/Setter][39m,
      _registeredHandlers: Set(0) {},
      _eventHandlers: [Object: null prototype] {},
      onautocomplete: [36m[Getter/Setter][39m,
      onautocompleteerror: [36m[Getter/Setter][39m,
      onsort: [36m[Getter/Setter][39m,
      _globalObject: [36m[Circular *2][39m,
      _resourceLoader: [36m[NoOpResourceLoader][39m,
      _globalProxy: [36m[Object [Window]][39m,
      _document: [36m[Document][39m,
      _origin: [32m'http://localhost:3000'[39m,
      _sessionHistory: [36m[SessionHistory][39m,
      _virtualConsole: [36m[VirtualConsole][39m,
      _runScripts: [32m'dangerously'[39m,
      _top: [36m[Object [Window]][39m,
      _parent: [36m[Object [Window]][39m,
      _frameElement: [1mnull[22m,
      _length: [33m0[39m,
      _currentEvent: [90mundefined[39m,
      _pretendToBeVisual: [33mtrue[39m,
      _storageQuota: [33m5000000[39m,
      _commonForOrigin: [36m[Object][39m,
      _currentOriginData: [36m[Object][39m,
      _localStorage: Storage {},
      _sessionStorage: Storage {},
      _selection: [36m[SelectionImpl][39m,
      getSelection: [36m[Function (anonymous)][39m,
      _customElementRegistry: CustomElementRegistry {},
      length: [36m[Getter/Setter][39m,
      window: [36m[Getter][39m,
      frameElement: [36m[Getter][39m,
      frames: [36m[Getter/Setter][39m,
      self: [36m[Getter/Setter][39m,
      parent: [36m[Getter/Setter][39m,
      top: [36m[Getter][39m,
      document: [36m[Getter][39m,
      external: [36m[Getter/Setter][39m,
      location: [36m[Getter/Setter][39m,
      history: [36m[Getter][39m,
      navigator: [36m[Getter][39m,
      locationbar: [36m[Getter/Setter][39m,
      menubar: [36m[Getter/Setter][39m,
      personalbar: [36m[Getter/Setter][39m,
      scrollbars: [36m[Getter/Setter][39m,
      statusbar: [36m[Getter/Setter][39m,
      toolbar: [36m[Getter/Setter][39m,
      performance: [36m[Getter][39m,
      screen: [36m[Getter/Setter][39m,
      crypto: [36m[Getter][39m,
      origin: [36m[Getter/Setter][39m,
      localStorage: [36m[Getter][39m,
      sessionStorage: [36m[Getter][39m,
      customElements: [36m[Getter][39m,
      event: [36m[Getter/Setter][39m,
      setTimeout: [36m[Function (anonymous)][39m,
      setInterval: [36m[Function (anonymous)][39m,
      clearTimeout: [36m[Function (anonymous)][39m,
      clearInterval: [36m[Function (anonymous)][39m,
      queueMicrotask: [36m[Function (anonymous)][39m,
      requestAnimationFrame: [36m[Function (anonymous)][39m,
      cancelAnimationFrame: [36m[Function (anonymous)][39m,
      postMessage: [36m[Function (anonymous)][39m,
      atob: [36m[Function (anonymous)][39m,
      btoa: [36m[Function (anonymous)][39m,
      stop: [36m[Function (anonymous)][39m,
      close: [36m[Function (anonymous)][39m,
      getComputedStyle: [36m[Function (anonymous)][39m,
      captureEvents: [36m[Function (anonymous)][39m,
      releaseEvents: [36m[Function (anonymous)][39m,
      console: [36m[Object][39m,
      name: [32m''[39m,
      status: [32m''[39m,
      devicePixelRatio: [33m1[39m,
      innerWidth: [33m1024[39m,
      innerHeight: [33m768[39m,
      outerWidth: [33m1024[39m,
      outerHeight: [33m768[39m,
      pageXOffset: [33m0[39m,
      pageYOffset: [33m0[39m,
      screenX: [33m0[39m,
      screenLeft: [33m0[39m,
      screenY: [33m0[39m,
      screenTop: [33m0[39m,
      scrollX: [33m0[39m,
      scrollY: [33m0[39m,
      alert: [36m[Function (anonymous)][39m,
      blur: [36m[Function (anonymous)][39m,
      confirm: [36m[Function (anonymous)][39m,
      focus: [36m[Function (anonymous)][39m,
      moveBy: [36m[Function (anonymous)][39m,
      moveTo: [36m[Function (anonymous)][39m,
      open: [36m[Function (anonymous)][39m,
      print: [36m[Function (anonymous)][39m,
      prompt: [36m[Function (anonymous)][39m,
      resizeBy: [36m[Function (anonymous)][39m,
      resizeTo: [36m[Function (anonymous)][39m,
      scroll: [36m[Function (anonymous)][39m,
      scrollBy: [36m[Function (anonymous)][39m,
      scrollTo: [36m[Function (anonymous)][39m,
      [32m'test-container'[39m: [36m[Getter/Setter][39m,
      [32m'tutorial-target'[39m: [36m[Getter/Setter][39m,
      [[32mSymbol([webidl2js] constructor registry)[39m]: [36m[Object: null prototype][39m,
      [[32mSymbol(named property tracker)[39m]: [36m[NamedPropertiesTracker][39m
    }
  },
  suite: [Function: chain] {
    each: [36m[Function (anonymous)][39m,
    for: [36m[Function (anonymous)][39m,
    skipIf: [36m[Function (anonymous)][39m,
    runIf: [36m[Function (anonymous)][39m,
    withContext: [36m[Function (anonymous)][39m,
    setContext: [36m[Function (anonymous)][39m,
    mergeContext: [36m[Function (anonymous)][39m,
    fn: [Function: suiteFn] {
      each: [36m[Function (anonymous)][39m,
      for: [36m[Function (anonymous)][39m,
      skipIf: [36m[Function (anonymous)][39m,
      runIf: [36m[Function (anonymous)][39m
    }
  },
  test: [Function: chain] {
    each: [36m[Function (anonymous)][39m,
    for: [36m[Function (anonymous)][39m,
    skipIf: [36m[Function (anonymous)][39m,
    runIf: [36m[Function (anonymous)][39m,
    scoped: [36m[Function (anonymous)][39m,
    extend: [36m[Function (anonymous)][39m,
    beforeEach: [36m[Function: beforeEach][39m,
    afterEach: [36m[Function: afterEach][39m,
    beforeAll: [36m[Function: beforeAll][39m,
    afterAll: [36m[Function: afterAll][39m,
    withContext: [36m[Function (anonymous)][39m,
    setContext: [36m[Function (anonymous)][39m,
    mergeContext: [36m[Function (anonymous)][39m,
    fn: [Function (anonymous)] {
      each: [36m[Function (anonymous)][39m,
      for: [36m[Function (anonymous)][39m,
      skipIf: [36m[Function (anonymous)][39m,
      runIf: [36m[Function (anonymous)][39m,
      scoped: [36m[Function (anonymous)][39m,
      extend: [36m[Function (anonymous)][39m,
      beforeEach: [36m[Function: beforeEach][39m,
      afterEach: [36m[Function: afterEach][39m,
      beforeAll: [36m[Function: beforeAll][39m,
      afterAll: [36m[Function: afterAll][39m
    }
  },
  describe: [Function: chain] {
    each: [36m[Function (anonymous)][39m,
    for: [36m[Function (anonymous)][39m,
    skipIf: [36m[Function (anonymous)][39m,
    runIf: [36m[Function (anonymous)][39m,
    withContext: [36m[Function (anonymous)][39m,
    setContext: [36m[Function (anonymous)][39m,
    mergeContext: [36m[Function (anonymous)][39m,
    fn: [Function: suiteFn] {
      each: [36m[Function (anonymous)][39m,
      for: [36m[Function (anonymous)][39m,
      skipIf: [36m[Function (anonymous)][39m,
      runIf: [36m[Function (anonymous)][39m
    }
  },
  it: [Function: chain] {
    each: [36m[Function (anonymous)][39m,
    for: [36m[Function (anonymous)][39m,
    skipIf: [36m[Function (anonymous)][39m,
    runIf: [36m[Function (anonymous)][39m,
    scoped: [36m[Function (anonymous)][39m,
    extend: [36m[Function (anonymous)][39m,
    beforeEach: [36m[Function: beforeEach][39m,
    afterEach: [36m[Function: afterEach][39m,
    beforeAll: [36m[Function: beforeAll][39m,
    afterAll: [36m[Function: afterAll][39m,
    withContext: [36m[Function (anonymous)][39m,
    setContext: [36m[Function (anonymous)][39m,
    mergeContext: [36m[Function (anonymous)][39m,
    fn: [Function (anonymous)] {
      each: [36m[Function (anonymous)][39m,
      for: [36m[Function (anonymous)][39m,
      skipIf: [36m[Function (anonymous)][39m,
      runIf: [36m[Function (anonymous)][39m,
      scoped: [36m[Function (anonymous)][39m,
      extend: [36m[Function (anonymous)][39m,
      beforeEach: [36m[Function: beforeEach][39m,
      afterEach: [36m[Function: afterEach][39m,
      beforeAll: [36m[Function: beforeAll][39m,
      afterAll: [36m[Function: afterAll][39m
    }
  },
  chai: [Module: null prototype] {
    Assertion: [36m[class Assertion][39m,
    AssertionError: [36m[class AssertionError extends Error][39m,
    Should: [36m[Function: loadShould][39m,
    assert: [Function: assert] {
      fail: [36m[Function (anonymous)][39m,
      isOk: [36m[Function (anonymous)][39m,
      isNotOk: [36m[Function (anonymous)][39m,
      equal: [36m[Function (anonymous)][39m,
      notEqual: [36m[Function (anonymous)][39m,
      strictEqual: [36m[Function (anonymous)][39m,
      notStrictEqual: [36m[Function (anonymous)][39m,
      deepStrictEqual: [36m[Function (anonymous)][39m,
      deepEqual: [36m[Function (anonymous)][39m,
      notDeepEqual: [36m[Function (anonymous)][39m,
      isAbove: [36m[Function (anonymous)][39m,
      isAtLeast: [36m[Function (anonymous)][39m,
      isBelow: [36m[Function (anonymous)][39m,
      isAtMost: [36m[Function (anonymous)][39m,
      isTrue: [36m[Function (anonymous)][39m,
      isNotTrue: [36m[Function (anonymous)][39m,
      isFalse: [36m[Function (anonymous)][39m,
      isNotFalse: [36m[Function (anonymous)][39m,
      isNull: [36m[Function (anonymous)][39m,
      isNotNull: [36m[Function (anonymous)][39m,
      isNaN: [36m[Function (anonymous)][39m,
      isNotNaN: [36m[Function (anonymous)][39m,
      exists: [36m[Function (anonymous)][39m,
      notExists: [36m[Function (anonymous)][39m,
      isUndefined: [36m[Function (anonymous)][39m,
      isDefined: [36m[Function (anonymous)][39m,
      isCallable: [36m[Function (anonymous)][39m,
      isNotCallable: [36m[Function (anonymous)][39m,
      isObject: [36m[Function (anonymous)][39m,
      isNotObject: [36m[Function (anonymous)][39m,
      isArray: [36m[Function (anonymous)][39m,
      isNotArray: [36m[Function (anonymous)][39m,
      isString: [36m[Function (anonymous)][39m,
      isNotString: [36m[Function (anonymous)][39m,
      isNumber: [36m[Function (anonymous)][39m,
      isNotNumber: [36m[Function (anonymous)][39m,
      isNumeric: [36m[Function (anonymous)][39m,
      isNotNumeric: [36m[Function (anonymous)][39m,
      isFinite: [36m[Function (anonymous)][39m,
      isBoolean: [36m[Function (anonymous)][39m,
      isNotBoolean: [36m[Function (anonymous)][39m,
      typeOf: [36m[Function (anonymous)][39m,
      notTypeOf: [36m[Function (anonymous)][39m,
      instanceOf: [36m[Function (anonymous)][39m,
      notInstanceOf: [36m[Function (anonymous)][39m,
      include: [36m[Function (anonymous)][39m,
      notInclude: [36m[Function (anonymous)][39m,
      deepInclude: [36m[Function (anonymous)][39m,
      notDeepInclude: [36m[Function (anonymous)][39m,
      nestedInclude: [36m[Function (anonymous)][39m,
      notNestedInclude: [36m[Function (anonymous)][39m,
      deepNestedInclude: [36m[Function (anonymous)][39m,
      notDeepNestedInclude: [36m[Function (anonymous)][39m,
      ownInclude: [36m[Function (anonymous)][39m,
      notOwnInclude: [36m[Function (anonymous)][39m,
      deepOwnInclude: [36m[Function (anonymous)][39m,
      notDeepOwnInclude: [36m[Function (anonymous)][39m,
      match: [36m[Function (anonymous)][39m,
      notMatch: [36m[Function (anonymous)][39m,
      property: [36m[Function (anonymous)][39m,
      notProperty: [36m[Function (anonymous)][39m,
      propertyVal: [36m[Function (anonymous)][39m,
      notPropertyVal: [36m[Function (anonymous)][39m,
      deepPropertyVal: [36m[Function (anonymous)][39m,
      notDeepPropertyVal: [36m[Function (anonymous)][39m,
      ownProperty: [36m[Function (anonymous)][39m,
      notOwnProperty: [36m[Function (anonymous)][39m,
      ownPropertyVal: [36m[Function (anonymous)][39m,
      notOwnPropertyVal: [36m[Function (anonymous)][39m,
      deepOwnPropertyVal: [36m[Function (anonymous)][39m,
      notDeepOwnPropertyVal: [36m[Function (anonymous)][39m,
      nestedProperty: [36m[Function (anonymous)][39m,
      notNestedProperty: [36m[Function (anonymous)][39m,
      nestedPropertyVal: [36m[Function (anonymous)][39m,
      notNestedPropertyVal: [36m[Function (anonymous)][39m,
      deepNestedPropertyVal: [36m[Function (anonymous)][39m,
      notDeepNestedPropertyVal: [36m[Function (anonymous)][39m,
      lengthOf: [36m[Function (anonymous)][39m,
      hasAnyKeys: [36m[Function (anonymous)][39m,
      hasAllKeys: [36m[Function (anonymous)][39m,
      containsAllKeys: [36m[Function (anonymous)][39m,
      doesNotHaveAnyKeys: [36m[Function (anonymous)][39m,
      doesNotHaveAllKeys: [36m[Function (anonymous)][39m,
      hasAnyDeepKeys: [36m[Function (anonymous)][39m,
      hasAllDeepKeys: [36m[Function (anonymous)][39m,
      containsAllDeepKeys: [36m[Function (anonymous)][39m,
      doesNotHaveAnyDeepKeys: [36m[Function (anonymous)][39m,
      doesNotHaveAllDeepKeys: [36m[Function (anonymous)][39m,
      throws: [36m[Function (anonymous)][39m,
      doesNotThrow: [36m[Function (anonymous)][39m,
      operator: [36m[Function (anonymous)][39m,
      closeTo: [36m[Function (anonymous)][39m,
      approximately: [36m[Function (anonymous)][39m,
      sameMembers: [36m[Function (anonymous)][39m,
      notSameMembers: [36m[Function (anonymous)][39m,
      sameDeepMembers: [36m[Function (anonymous)][39m,
      notSameDeepMembers: [36m[Function (anonymous)][39m,
      sameOrderedMembers: [36m[Function (anonymous)][39m,
      notSameOrderedMembers: [36m[Function (anonymous)][39m,
      sameDeepOrderedMembers: [36m[Function (anonymous)][39m,
      notSameDeepOrderedMembers: [36m[Function (anonymous)][39m,
      includeMembers: [36m[Function (anonymous)][39m,
      notIncludeMembers: [36m[Function (anonymous)][39m,
      includeDeepMembers: [36m[Function (anonymous)][39m,
      notIncludeDeepMembers: [36m[Function (anonymous)][39m,
      includeOrderedMembers: [36m[Function (anonymous)][39m,
      notIncludeOrderedMembers: [36m[Function (anonymous)][39m,
      includeDeepOrderedMembers: [36m[Function (anonymous)][39m,
      notIncludeDeepOrderedMembers: [36m[Function (anonymous)][39m,
      oneOf: [36m[Function (anonymous)][39m,
      isIterable: [36m[Function (anonymous)][39m,
      changes: [36m[Function (anonymous)][39m,
      changesBy: [36m[Function (anonymous)][39m,
      doesNotChange: [36m[Function (anonymous)][39m,
      changesButNotBy: [36m[Function (anonymous)][39m,
      increases: [36m[Function (anonymous)][39m,
      increasesBy: [36m[Function (anonymous)][39m,
      doesNotIncrease: [36m[Function (anonymous)][39m,
      increasesButNotBy: [36m[Function (anonymous)][39m,
      decreases: [36m[Function (anonymous)][39m,
      decreasesBy: [36m[Function (anonymous)][39m,
      doesNotDecrease: [36m[Function (anonymous)][39m,
      doesNotDecreaseBy: [36m[Function (anonymous)][39m,
      decreasesButNotBy: [36m[Function (anonymous)][39m,
      ifError: [36m[Function (anonymous)][39m,
      isExtensible: [36m[Function (anonymous)][39m,
      isNotExtensible: [36m[Function (anonymous)][39m,
      isSealed: [36m[Function (anonymous)][39m,
      isNotSealed: [36m[Function (anonymous)][39m,
      isFrozen: [36m[Function (anonymous)][39m,
      isNotFrozen: [36m[Function (anonymous)][39m,
      isEmpty: [36m[Function (anonymous)][39m,
      isNotEmpty: [36m[Function (anonymous)][39m,
      containsSubset: [36m[Function (anonymous)][39m,
      doesNotContainSubset: [36m[Function (anonymous)][39m,
      ok: [36m[Function (anonymous)][39m,
      notOk: [36m[Function (anonymous)][39m,
      throw: [36m[Function (anonymous)][39m,
      Throw: [36m[Function (anonymous)][39m,
      extensible: [36m[Function (anonymous)][39m,
      notExtensible: [36m[Function (anonymous)][39m,
      sealed: [36m[Function (anonymous)][39m,
      notSealed: [36m[Function (anonymous)][39m,
      frozen: [36m[Function (anonymous)][39m,
      notFrozen: [36m[Function (anonymous)][39m,
      empty: [36m[Function (anonymous)][39m,
      notEmpty: [36m[Function (anonymous)][39m,
      isFunction: [36m[Function (anonymous)][39m,
      isNotFunction: [36m[Function (anonymous)][39m,
      containSubset: [36m[Function (anonymous)][39m
    },
    config: {
      includeStack: [33mfalse[39m,
      showDiff: [33mtrue[39m,
      truncateThreshold: [33m40[39m,
      useProxy: [33mtrue[39m,
      proxyExcludedKeys: [36m[Array][39m,
      deepEqual: [1mnull[22m
    },
    expect: [Function: expect] {
      fail: [36m[Function (anonymous)][39m,
      extend: [36m[Function: methodWrapper][39m,
      addSnapshotSerializer: [36m[Function: methodWrapper][39m,
      anything: [36m[Function: methodWrapper][39m,
      any: [36m[Function: methodWrapper][39m,
      stringContaining: [36m[Function: methodWrapper][39m,
      objectContaining: [36m[Function: methodWrapper][39m,
      arrayContaining: [36m[Function: methodWrapper][39m,
      stringMatching: [36m[Function: methodWrapper][39m,
      closeTo: [36m[Function: methodWrapper][39m,
      schemaMatching: [36m[Function: methodWrapper][39m,
      not: [36m[Object][39m,
      __flags: [36m[Object: null prototype][39m
    },
    should: [36m[Function: loadShould][39m,
    use: [36m[Function: use][39m,
    util: {
      addChainableMethod: [36m[Getter][39m,
      addLengthGuard: [36m[Getter][39m,
      addMethod: [36m[Getter][39m,
      addProperty: [36m[Getter][39m,
      checkError: [36m[Getter][39m,
      compareByInspect: [36m[Getter][39m,
      eql: [36m[Getter][39m,
      events: [36m[Getter][39m,
      expectTypes: [36m[Getter][39m,
      flag: [36m[Getter][39m,
      getActual: [36m[Getter][39m,
      getMessage: [36m[Getter][39m,
      getName: [36m[Getter][39m,
      getOperator: [36m[Getter][39m,
      getOwnEnumerableProperties: [36m[Getter][39m,
      getOwnEnumerablePropertySymbols: [36m[Getter][39m,
      getPathInfo: [36m[Getter][39m,
      hasProperty: [36m[Getter][39m,
      inspect: [36m[Getter][39m,
      isNaN: [36m[Getter][39m,
      isNumeric: [36m[Getter][39m,
      isProxyEnabled: [36m[Getter][39m,
      isRegExp: [36m[Getter][39m,
      objDisplay: [36m[Getter][39m,
      overwriteChainableMethod: [36m[Getter][39m,
      overwriteMethod: [36m[Getter][39m,
      overwriteProperty: [36m[Getter][39m,
      proxify: [36m[Getter][39m,
      test: [36m[Getter][39m,
      transferFlags: [36m[Getter][39m,
      type: [36m[Getter][39m
    }
  },
  expect: [Function: expect] {
    fail: [36m[Function (anonymous)][39m,
    extend: [36m[Function (anonymous)][39m,
    addSnapshotSerializer: [36m[Function: methodWrapper][39m,
    anything: [36m[Function: methodWrapper][39m,
    any: [36m[Function: methodWrapper][39m,
    stringContaining: [36m[Function: methodWrapper][39m,
    objectContaining: [36m[Function: methodWrapper][39m,
    arrayContaining: [36m[Function: methodWrapper][39m,
    stringMatching: [36m[Function: methodWrapper][39m,
    closeTo: [36m[Function: methodWrapper][39m,
    schemaMatching: [36m[Function: methodWrapper][39m,
    not: {
      stringContaining: [36m[Function: stringContaining][39m,
      objectContaining: [36m[Function: objectContaining][39m,
      arrayContaining: [36m[Function: arrayContaining][39m,
      stringMatching: [36m[Function: stringMatching][39m,
      closeTo: [36m[Function: closeTo][39m,
      schemaMatching: [36m[Function: schemaMatching][39m,
      toSatisfy: [36m[Function: value][39m,
      toBeOneOf: [36m[Function: value][39m
    },
    getState: [36m[Function (anonymous)][39m,
    setState: [36m[Function (anonymous)][39m,
    assert: [Function: assert] {
      fail: [36m[Function (anonymous)][39m,
      isOk: [36m[Function (anonymous)][39m,
      isNotOk: [36m[Function (anonymous)][39m,
      equal: [36m[Function (anonymous)][39m,
      notEqual: [36m[Function (anonymous)][39m,
      strictEqual: [36m[Function (anonymous)][39m,
      notStrictEqual: [36m[Function (anonymous)][39m,
      deepStrictEqual: [36m[Function (anonymous)][39m,
      deepEqual: [36m[Function (anonymous)][39m,
      notDeepEqual: [36m[Function (anonymous)][39m,
      isAbove: [36m[Function (anonymous)][39m,
      isAtLeast: [36m[Function (anonymous)][39m,
      isBelow: [36m[Function (anonymous)][39m,
      isAtMost: [36m[Function (anonymous)][39m,
      isTrue: [36m[Function (anonymous)][39m,
      isNotTrue: [36m[Function (anonymous)][39m,
      isFalse: [36m[Function (anonymous)][39m,
      isNotFalse: [36m[Function (anonymous)][39m,
      isNull: [36m[Function (anonymous)][39m,
      isNotNull: [36m[Function (anonymous)][39m,
      isNaN: [36m[Function (anonymous)][39m,
      isNotNaN: [36m[Function (anonymous)][39m,
      exists: [36m[Function (anonymous)][39m,
      notExists: [36m[Function (anonymous)][39m,
      isUndefined: [36m[Function (anonymous)][39m,
      isDefined: [36m[Function (anonymous)][39m,
      isCallable: [36m[Function (anonymous)][39m,
      isNotCallable: [36m[Function (anonymous)][39m,
      isObject: [36m[Function (anonymous)][39m,
      isNotObject: [36m[Function (anonymous)][39m,
      isArray: [36m[Function (anonymous)][39m,
      isNotArray: [36m[Function (anonymous)][39m,
      isString: [36m[Function (anonymous)][39m,
      isNotString: [36m[Function (anonymous)][39m,
      isNumber: [36m[Function (anonymous)][39m,
      isNotNumber: [36m[Function (anonymous)][39m,
      isNumeric: [36m[Function (anonymous)][39m,
      isNotNumeric: [36m[Function (anonymous)][39m,
      isFinite: [36m[Function (anonymous)][39m,
      isBoolean: [36m[Function (anonymous)][39m,
      isNotBoolean: [36m[Function (anonymous)][39m,
      typeOf: [36m[Function (anonymous)][39m,
      notTypeOf: [36m[Function (anonymous)][39m,
      instanceOf: [36m[Function (anonymous)][39m,
      notInstanceOf: [36m[Function (anonymous)][39m,
      include: [36m[Function (anonymous)][39m,
      notInclude: [36m[Function (anonymous)][39m,
      deepInclude: [36m[Function (anonymous)][39m,
      notDeepInclude: [36m[Function (anonymous)][39m,
      nestedInclude: [36m[Function (anonymous)][39m,
      notNestedInclude: [36m[Function (anonymous)][39m,
      deepNestedInclude: [36m[Function (anonymous)][39m,
      notDeepNestedInclude: [36m[Function (anonymous)][39m,
      ownInclude: [36m[Function (anonymous)][39m,
      notOwnInclude: [36m[Function (anonymous)][39m,
      deepOwnInclude: [36m[Function (anonymous)][39m,
      notDeepOwnInclude: [36m[Function (anonymous)][39m,
      match: [36m[Function (anonymous)][39m,
      notMatch: [36m[Function (anonymous)][39m,
      property: [36m[Function (anonymous)][39m,
      notProperty: [36m[Function (anonymous)][39m,
      propertyVal: [36m[Function (anonymous)][39m,
      notPropertyVal: [36m[Function (anonymous)][39m,
      deepPropertyVal: [36m[Function (anonymous)][39m,
      notDeepPropertyVal: [36m[Function (anonymous)][39m,
      ownProperty: [36m[Function (anonymous)][39m,
      notOwnProperty: [36m[Function (anonymous)][39m,
      ownPropertyVal: [36m[Function (anonymous)][39m,
      notOwnPropertyVal: [36m[Function (anonymous)][39m,
      deepOwnPropertyVal: [36m[Function (anonymous)][39m,
      notDeepOwnPropertyVal: [36m[Function (anonymous)][39m,
      nestedProperty: [36m[Function (anonymous)][39m,
      notNestedProperty: [36m[Function (anonymous)][39m,
      nestedPropertyVal: [36m[Function (anonymous)][39m,
      notNestedPropertyVal: [36m[Function (anonymous)][39m,
      deepNestedPropertyVal: [36m[Function (anonymous)][39m,
      notDeepNestedPropertyVal: [36m[Function (anonymous)][39m,
      lengthOf: [36m[Function (anonymous)][39m,
      hasAnyKeys: [36m[Function (anonymous)][39m,
      hasAllKeys: [36m[Function (anonymous)][39m,
      containsAllKeys: [36m[Function (anonymous)][39m,
      doesNotHaveAnyKeys: [36m[Function (anonymous)][39m,
      doesNotHaveAllKeys: [36m[Function (anonymous)][39m,
      hasAnyDeepKeys: [36m[Function (anonymous)][39m,
      hasAllDeepKeys: [36m[Function (anonymous)][39m,
      containsAllDeepKeys: [36m[Function (anonymous)][39m,
      doesNotHaveAnyDeepKeys: [36m[Function (anonymous)][39m,
      doesNotHaveAllDeepKeys: [36m[Function (anonymous)][39m,
      throws: [36m[Function (anonymous)][39m,
      doesNotThrow: [36m[Function (anonymous)][39m,
      operator: [36m[Function (anonymous)][39m,
      closeTo: [36m[Function (anonymous)][39m,
      approximately: [36m[Function (anonymous)][39m,
      sameMembers: [36m[Function (anonymous)][39m,
      notSameMembers: [36m[Function (anonymous)][39m,
      sameDeepMembers: [36m[Function (anonymous)][39m,
      notSameDeepMembers: [36m[Function (anonymous)][39m,
      sameOrderedMembers: [36m[Function (anonymous)][39m,
      notSameOrderedMembers: [36m[Function (anonymous)][39m,
      sameDeepOrderedMembers: [36m[Function (anonymous)][39m,
      notSameDeepOrderedMembers: [36m[Function (anonymous)][39m,
      includeMembers: [36m[Function (anonymous)][39m,
      notIncludeMembers: [36m[Function (anonymous)][39m,
      includeDeepMembers: [36m[Function (anonymous)][39m,
      notIncludeDeepMembers: [36m[Function (anonymous)][39m,
      includeOrderedMembers: [36m[Function (anonymous)][39m,
      notIncludeOrderedMembers: [36m[Function (anonymous)][39m,
      includeDeepOrderedMembers: [36m[Function (anonymous)][39m,
      notIncludeDeepOrderedMembers: [36m[Function (anonymous)][39m,
      oneOf: [36m[Function (anonymous)][39m,
      isIterable: [36m[Function (anonymous)][39m,
      changes: [36m[Function (anonymous)][39m,
      changesBy: [36m[Function (anonymous)][39m,
      doesNotChange: [36m[Function (anonymous)][39m,
      changesButNotBy: [36m[Function (anonymous)][39m,
      increases: [36m[Function (anonymous)][39m,
      increasesBy: [36m[Function (anonymous)][39m,
      doesNotIncrease: [36m[Function (anonymous)][39m,
      increasesButNotBy: [36m[Function (anonymous)][39m,
      decreases: [36m[Function (anonymous)][39m,
      decreasesBy: [36m[Function (anonymous)][39m,
      doesNotDecrease: [36m[Function (anonymous)][39m,
      doesNotDecreaseBy: [36m[Function (anonymous)][39m,
      decreasesButNotBy: [36m[Function (anonymous)][39m,
      ifError: [36m[Function (anonymous)][39m,
      isExtensible: [36m[Function (anonymous)][39m,
      isNotExtensible: [36m[Function (anonymous)][39m,
      isSealed: [36m[Function (anonymous)][39m,
      isNotSealed: [36m[Function (anonymous)][39m,
      isFrozen: [36m[Function (anonymous)][39m,
      isNotFrozen: [36m[Function (anonymous)][39m,
      isEmpty: [36m[Function (anonymous)][39m,
      isNotEmpty: [36m[Function (anonymous)][39m,
      containsSubset: [36m[Function (anonymous)][39m,
      doesNotContainSubset: [36m[Function (anonymous)][39m,
      ok: [36m[Function (anonymous)][39m,
      notOk: [36m[Function (anonymous)][39m,
      throw: [36m[Function (anonymous)][39m,
      Throw: [36m[Function (anonymous)][39m,
      extensible: [36m[Function (anonymous)][39m,
      notExtensible: [36m[Function (anonymous)][39m,
      sealed: [36m[Function (anonymous)][39m,
      notSealed: [36m[Function (anonymous)][39m,
      frozen: [36m[Function (anonymous)][39m,
      notFrozen: [36m[Function (anonymous)][39m,
      empty: [36m[Function (anonymous)][39m,
      notEmpty: [36m[Function (anonymous)][39m,
      isFunction: [36m[Function (anonymous)][39m,
      isNotFunction: [36m[Function (anonymous)][39m,
      containSubset: [36m[Function (anonymous)][39m
    },
    addEqualityTesters: [36m[Function (anonymous)][39m,
    soft: [36m[Function (anonymous)][39m,
    poll: [36m[Function: poll][39m,
    unreachable: [36m[Function (anonymous)][39m,
    assertions: [36m[Function: methodWrapper][39m,
    hasAssertions: [36m[Function: methodWrapper][39m,
    toSatisfy: [36m[Function: customMatcher][39m,
    toBeOneOf: [36m[Function: customMatcher][39m
  },
  assert: [Function: assert] {
    fail: [36m[Function (anonymous)][39m,
    isOk: [36m[Function (anonymous)][39m,
    isNotOk: [36m[Function (anonymous)][39m,
    equal: [36m[Function (anonymous)][39m,
    notEqual: [36m[Function (anonymous)][39m,
    strictEqual: [36m[Function (anonymous)][39m,
    notStrictEqual: [36m[Function (anonymous)][39m,
    deepStrictEqual: [36m[Function (anonymous)][39m,
    deepEqual: [36m[Function (anonymous)][39m,
    notDeepEqual: [36m[Function (anonymous)][39m,
    isAbove: [36m[Function (anonymous)][39m,
    isAtLeast: [36m[Function (anonymous)][39m,
    isBelow: [36m[Function (anonymous)][39m,
    isAtMost: [36m[Function (anonymous)][39m,
    isTrue: [36m[Function (anonymous)][39m,
    isNotTrue: [36m[Function (anonymous)][39m,
    isFalse: [36m[Function (anonymous)][39m,
    isNotFalse: [36m[Function (anonymous)][39m,
    isNull: [36m[Function (anonymous)][39m,
    isNotNull: [36m[Function (anonymous)][39m,
    isNaN: [36m[Function (anonymous)][39m,
    isNotNaN: [36m[Function (anonymous)][39m,
    exists: [36m[Function (anonymous)][39m,
    notExists: [36m[Function (anonymous)][39m,
    isUndefined: [36m[Function (anonymous)][39m,
    isDefined: [36m[Function (anonymous)][39m,
    isCallable: [36m[Function (anonymous)][39m,
    isNotCallable: [36m[Function (anonymous)][39m,
    isObject: [36m[Function (anonymous)][39m,
    isNotObject: [36m[Function (anonymous)][39m,
    isArray: [36m[Function (anonymous)][39m,
    isNotArray: [36m[Function (anonymous)][39m,
    isString: [36m[Function (anonymous)][39m,
    isNotString: [36m[Function (anonymous)][39m,
    isNumber: [36m[Function (anonymous)][39m,
    isNotNumber: [36m[Function (anonymous)][39m,
    isNumeric: [36m[Function (anonymous)][39m,
    isNotNumeric: [36m[Function (anonymous)][39m,
    isFinite: [36m[Function (anonymous)][39m,
    isBoolean: [36m[Function (anonymous)][39m,
    isNotBoolean: [36m[Function (anonymous)][39m,
    typeOf: [36m[Function (anonymous)][39m,
    notTypeOf: [36m[Function (anonymous)][39m,
    instanceOf: [36m[Function (anonymous)][39m,
    notInstanceOf: [36m[Function (anonymous)][39m,
    include: [36m[Function (anonymous)][39m,
    notInclude: [36m[Function (anonymous)][39m,
    deepInclude: [36m[Function (anonymous)][39m,
    notDeepInclude: [36m[Function (anonymous)][39m,
    nestedInclude: [36m[Function (anonymous)][39m,
    notNestedInclude: [36m[Function (anonymous)][39m,
    deepNestedInclude: [36m[Function (anonymous)][39m,
    notDeepNestedInclude: [36m[Function (anonymous)][39m,
    ownInclude: [36m[Function (anonymous)][39m,
    notOwnInclude: [36m[Function (anonymous)][39m,
    deepOwnInclude: [36m[Function (anonymous)][39m,
    notDeepOwnInclude: [36m[Function (anonymous)][39m,
    match: [36m[Function (anonymous)][39m,
    notMatch: [36m[Function (anonymous)][39m,
    property: [36m[Function (anonymous)][39m,
    notProperty: [36m[Function (anonymous)][39m,
    propertyVal: [36m[Function (anonymous)][39m,
    notPropertyVal: [36m[Function (anonymous)][39m,
    deepPropertyVal: [36m[Function (anonymous)][39m,
    notDeepPropertyVal: [36m[Function (anonymous)][39m,
    ownProperty: [36m[Function (anonymous)][39m,
    notOwnProperty: [36m[Function (anonymous)][39m,
    ownPropertyVal: [36m[Function (anonymous)][39m,
    notOwnPropertyVal: [36m[Function (anonymous)][39m,
    deepOwnPropertyVal: [36m[Function (anonymous)][39m,
    notDeepOwnPropertyVal: [36m[Function (anonymous)][39m,
    nestedProperty: [36m[Function (anonymous)][39m,
    notNestedProperty: [36m[Function (anonymous)][39m,
    nestedPropertyVal: [36m[Function (anonymous)][39m,
    notNestedPropertyVal: [36m[Function (anonymous)][39m,
    deepNestedPropertyVal: [36m[Function (anonymous)][39m,
    notDeepNestedPropertyVal: [36m[Function (anonymous)][39m,
    lengthOf: [36m[Function (anonymous)][39m,
    hasAnyKeys: [36m[Function (anonymous)][39m,
    hasAllKeys: [36m[Function (anonymous)][39m,
    containsAllKeys: [36m[Function (anonymous)][39m,
    doesNotHaveAnyKeys: [36m[Function (anonymous)][39m,
    doesNotHaveAllKeys: [36m[Function (anonymous)][39m,
    hasAnyDeepKeys: [36m[Function (anonymous)][39m,
    hasAllDeepKeys: [36m[Function (anonymous)][39m,
    containsAllDeepKeys: [36m[Function (anonymous)][39m,
    doesNotHaveAnyDeepKeys: [36m[Function (anonymous)][39m,
    doesNotHaveAllDeepKeys: [36m[Function (anonymous)][39m,
    throws: [36m[Function (anonymous)][39m,
    doesNotThrow: [36m[Function (anonymous)][39m,
    operator: [36m[Function (anonymous)][39m,
    closeTo: [36m[Function (anonymous)][39m,
    approximately: [36m[Function (anonymous)][39m,
    sameMembers: [36m[Function (anonymous)][39m,
    notSameMembers: [36m[Function (anonymous)][39m,
    sameDeepMembers: [36m[Function (anonymous)][39m,
    notSameDeepMembers: [36m[Function (anonymous)][39m,
    sameOrderedMembers: [36m[Function (anonymous)][39m,
    notSameOrderedMembers: [36m[Function (anonymous)][39m,
    sameDeepOrderedMembers: [36m[Function (anonymous)][39m,
    notSameDeepOrderedMembers: [36m[Function (anonymous)][39m,
    includeMembers: [36m[Function (anonymous)][39m,
    notIncludeMembers: [36m[Function (anonymous)][39m,
    includeDeepMembers: [36m[Function (anonymous)][39m,
    notIncludeDeepMembers: [36m[Function (anonymous)][39m,
    includeOrderedMembers: [36m[Function (anonymous)][39m,
    notIncludeOrderedMembers: [36m[Function (anonymous)][39m,
    includeDeepOrderedMembers: [36m[Function (anonymous)][39m,
    notIncludeDeepOrderedMembers: [36m[Function (anonymous)][39m,
    oneOf: [36m[Function (anonymous)][39m,
    isIterable: [36m[Function (anonymous)][39m,
    changes: [36m[Function (anonymous)][39m,
    changesBy: [36m[Function (anonymous)][39m,
    doesNotChange: [36m[Function (anonymous)][39m,
    changesButNotBy: [36m[Function (anonymous)][39m,
    increases: [36m[Function (anonymous)][39m,
    increasesBy: [36m[Function (anonymous)][39m,
    doesNotIncrease: [36m[Function (anonymous)][39m,
    increasesButNotBy: [36m[Function (anonymous)][39m,
    decreases: [36m[Function (anonymous)][39m,
    decreasesBy: [36m[Function (anonymous)][39m,
    doesNotDecrease: [36m[Function (anonymous)][39m,
    doesNotDecreaseBy: [36m[Function (anonymous)][39m,
    decreasesButNotBy: [36m[Function (anonymous)][39m,
    ifError: [36m[Function (anonymous)][39m,
    isExtensible: [36m[Function (anonymous)][39m,
    isNotExtensible: [36m[Function (anonymous)][39m,
    isSealed: [36m[Function (anonymous)][39m,
    isNotSealed: [36m[Function (anonymous)][39m,
    isFrozen: [36m[Function (anonymous)][39m,
    isNotFrozen: [36m[Function (anonymous)][39m,
    isEmpty: [36m[Function (anonymous)][39m,
    isNotEmpty: [36m[Function (anonymous)][39m,
    containsSubset: [36m[Function (anonymous)][39m,
    doesNotContainSubset: [36m[Function (anonymous)][39m,
    ok: [36m[Function (anonymous)][39m,
    notOk: [36m[Function (anonymous)][39m,
    throw: [36m[Function (anonymous)][39m,
    Throw: [36m[Function (anonymous)][39m,
    extensible: [36m[Function (anonymous)][39m,
    notExtensible: [36m[Function (anonymous)][39m,
    sealed: [36m[Function (anonymous)][39m,
    notSealed: [36m[Function (anonymous)][39m,
    frozen: [36m[Function (anonymous)][39m,
    notFrozen: [36m[Function (anonymous)][39m,
    empty: [36m[Function (anonymous)][39m,
    notEmpty: [36m[Function (anonymous)][39m,
    isFunction: [36m[Function (anonymous)][39m,
    isNotFunction: [36m[Function (anonymous)][39m,
    containSubset: [36m[Function (anonymous)][39m
  },
  expectTypeOf: [36m[Function: expectTypeOf][39m,
  assertType: [36m[Function: assertType][39m,
  vitest: {
    useFakeTimers: [36m[Function: useFakeTimers][39m,
    isFakeTimers: [36m[Function: isFakeTimers][39m,
    useRealTimers: [36m[Function: useRealTimers][39m,
    runOnlyPendingTimers: [36m[Function: runOnlyPendingTimers][39m,
    runOnlyPendingTimersAsync: [36m[AsyncFunction: runOnlyPendingTimersAsync][39m,
    runAllTimers: [36m[Function: runAllTimers][39m,
    runAllTimersAsync: [36m[AsyncFunction: runAllTimersAsync][39m,
    runAllTicks: [36m[Function: runAllTicks][39m,
    advanceTimersByTime: [36m[Function: advanceTimersByTime][39m,
    advanceTimersByTimeAsync: [36m[AsyncFunction: advanceTimersByTimeAsync][39m,
    advanceTimersToNextTimer: [36m[Function: advanceTimersToNextTimer][39m,
    advanceTimersToNextTimerAsync: [36m[AsyncFunction: advanceTimersToNextTimerAsync][39m,
    advanceTimersToNextFrame: [36m[Function: advanceTimersToNextFrame][39m,
    getTimerCount: [36m[Function: getTimerCount][39m,
    setSystemTime: [36m[Function: setSystemTime][39m,
    getMockedSystemTime: [36m[Function: getMockedSystemTime][39m,
    getRealSystemTime: [36m[Function: getRealSystemTime][39m,
    clearAllTimers: [36m[Function: clearAllTimers][39m,
    spyOn: [36m[Function: spyOn][39m,
    fn: [36m[Function: fn][39m,
    waitFor: [36m[Function: waitFor][39m,
    waitUntil: [36m[Function: waitUntil][39m,
    hoisted: [36m[Function: hoisted][39m,
    mock: [36m[Function: mock][39m,
    unmock: [36m[Function: unmock][39m,
    doMock: [36m[Function: doMock][39m,
    doUnmock: [36m[Function: doUnmock][39m,
    importActual: [36m[AsyncFunction: importActual][39m,
    importMock: [36m[AsyncFunction: importMock][39m,
    mockObject: [36m[Function: mockObject][39m,
    mocked: [36m[Function: mocked][39m,
    isMockFunction: [36m[Function: isMockFunction][39m,
    clearAllMocks: [36m[Function: clearAllMocks][39m,
    resetAllMocks: [36m[Function: resetAllMocks][39m,
    restoreAllMocks: [36m[Function: restoreAllMocks][39m,
    stubGlobal: [36m[Function: stubGlobal][39m,
    stubEnv: [36m[Function: stubEnv][39m,
    unstubAllGlobals: [36m[Function: unstubAllGlobals][39m,
    unstubAllEnvs: [36m[Function: unstubAllEnvs][39m,
    resetModules: [36m[Function: resetModules][39m,
    dynamicImportSettled: [36m[AsyncFunction: dynamicImportSettled][39m,
    setConfig: [36m[Function: setConfig][39m,
    resetConfig: [36m[Function: resetConfig][39m
  },
  vi: {
    useFakeTimers: [36m[Function: useFakeTimers][39m,
    isFakeTimers: [36m[Function: isFakeTimers][39m,
    useRealTimers: [36m[Function: useRealTimers][39m,
    runOnlyPendingTimers: [36m[Function: runOnlyPendingTimers][39m,
    runOnlyPendingTimersAsync: [36m[AsyncFunction: runOnlyPendingTimersAsync][39m,
    runAllTimers: [36m[Function: runAllTimers][39m,
    runAllTimersAsync: [36m[AsyncFunction: runAllTimersAsync][39m,
    runAllTicks: [36m[Function: runAllTicks][39m,
    advanceTimersByTime: [36m[Function: advanceTimersByTime][39m,
    advanceTimersByTimeAsync: [36m[AsyncFunction: advanceTimersByTimeAsync][39m,
    advanceTimersToNextTimer: [36m[Function: advanceTimersToNextTimer][39m,
    advanceTimersToNextTimerAsync: [36m[AsyncFunction: advanceTimersToNextTimerAsync][39m,
    advanceTimersToNextFrame: [36m[Function: advanceTimersToNextFrame][39m,
    getTimerCount: [36m[Function: getTimerCount][39m,
    setSystemTime: [36m[Function: setSystemTime][39m,
    getMockedSystemTime: [36m[Function: getMockedSystemTime][39m,
    getRealSystemTime: [36m[Function: getRealSystemTime][39m,
    clearAllTimers: [36m[Function: clearAllTimers][39m,
    spyOn: [36m[Function: spyOn][39m,
    fn: [36m[Function: fn][39m,
    waitFor: [36m[Function: waitFor][39m,
    waitUntil: [36m[Function: waitUntil][39m,
    hoisted: [36m[Function: hoisted][39m,
    mock: [36m[Function: mock][39m,
    unmock: [36m[Function: unmock][39m,
    doMock: [36m[Function: doMock][39m,
    doUnmock: [36m[Function: doUnmock][39m,
    importActual: [36m[AsyncFunction: importActual][39m,
    importMock: [36m[AsyncFunction: importMock][39m,
    mockObject: [36m[Function: mockObject][39m,
    mocked: [36m[Function: mocked][39m,
    isMockFunction: [36m[Function: isMockFunction][39m,
    clearAllMocks: [36m[Function: clearAllMocks][39m,
    resetAllMocks: [36m[Function: resetAllMocks][39m,
    restoreAllMocks: [36m[Function: restoreAllMocks][39m,
    stubGlobal: [36m[Function: stubGlobal][39m,
    stubEnv: [36m[Function: stubEnv][39m,
    unstubAllGlobals: [36m[Function: unstubAllGlobals][39m,
    unstubAllEnvs: [36m[Function: unstubAllEnvs][39m,
    resetModules: [36m[Function: resetModules][39m,
    dynamicImportSettled: [36m[AsyncFunction: dynamicImportSettled][39m,
    setConfig: [36m[Function: setConfig][39m,
    resetConfig: [36m[Function: resetConfig][39m
  },
  beforeAll: [36m[Function: beforeAll][39m,
  afterAll: [36m[Function: afterAll][39m,
  beforeEach: [36m[Function: beforeEach][39m,
  afterEach: [36m[Function: afterEach][39m,
  onTestFinished: [36m[Function (anonymous)][39m,
  onTestFailed: [36m[Function (anonymous)][39m,
  __vitest_required__: {
    util: {
      _errnoException: [36m[Function: _errnoException][39m,
      _exceptionWithHostPort: [36m[Function: _exceptionWithHostPort][39m,
      _extend: [36m[Function: deprecated][39m,
      callbackify: [36m[Function: callbackify][39m,
      debug: [36m[Function: debuglog][39m,
      debuglog: [36m[Function: debuglog][39m,
      deprecate: [36m[Function: deprecate][39m,
      format: [36m[Function: format][39m,
      styleText: [36m[Function: styleText][39m,
      formatWithOptions: [36m[Function: formatWithOptions][39m,
      getCallSite: [36m[Function: deprecated][39m,
      getCallSites: [36m[Function: getCallSites][39m,
      getSystemErrorMap: [36m[Function: getSystemErrorMap][39m,
      getSystemErrorName: [36m[Function: getSystemErrorName][39m,
      getSystemErrorMessage: [36m[Function: getSystemErrorMessage][39m,
      inherits: [36m[Function: inherits][39m,
      inspect: [36m[Function][39m,
      isArray: [36m[Function: deprecated][39m,
      isBoolean: [36m[Function: deprecated][39m,
      isBuffer: [36m[Function: deprecated][39m,
      isDeepStrictEqual: [36m[Function: isDeepStrictEqual][39m,
      isNull: [36m[Function: deprecated][39m,
      isNullOrUndefined: [36m[Function: deprecated][39m,
      isNumber: [36m[Function: deprecated][39m,
      isString: [36m[Function: deprecated][39m,
      isSymbol: [36m[Function: deprecated][39m,
      isUndefined: [36m[Function: deprecated][39m,
      isRegExp: [36m[Function: deprecated][39m,
 [32mΓ£ô[39m src/components/__tests__/theme-switcher.test.ts[2m > [22mThemeSwitcher[2m > [22mAccessibility[2m > [22mshould update aria-expanded when dropdown opens[32m 77[2mms[22m[39m
      isObject: [36m[Function: deprecated][39m,
      isDate: [36m[Function: deprecated][39m,
      isError: [36m[Function: deprecated][39m,
      isFunction: [36m[Function: deprecated][39m,
      isPrimitive: [36m[Function: deprecated][39m,
      log: [36m[Function: deprecated][39m,
      promisify: [36m[Function][39m,
      stripVTControlCharacters: [36m[Function: stripVTControlCharacters][39m,
      toUSVString: [36m[Function: toUSVString][39m,
      transferableAbortSignal: [36m[Getter][39m,
      transferableAbortController: [36m[Getter][39m,
      aborted: [36m[Getter][39m,
      types: [36m[Object][39m,
      parseEnv: [36m[Function: parseEnv][39m,
      parseArgs: [36m[Function: parseArgs][39m,
      TextDecoder: [36m[class TextDecoder][39m,
      TextEncoder: [36m[class TextEncoder][39m,
      MIMEType: [36m[class MIMEType][39m,
      MIMEParams: [36m[class MIMEParams][39m,
      diff: [36m[Function: diff][39m,
      setTraceSigInt: [36m[Function: setTraceSigInt][39m
    },
    timers: {
      setTimeout: [36m[Function][39m,
      clearTimeout: [36m[Function: clearTimeout][39m,
      setImmediate: [36m[Function][39m,
      clearImmediate: [36m[Function: clearImmediate][39m,
      setInterval: [36m[Function: setInterval][39m,
      clearInterval: [36m[Function: clearInterval][39m,
      _unrefActive: [36m[Function: deprecated][39m,
      active: [36m[Function: deprecated][39m,
      unenroll: [36m[Function: deprecated][39m,
      enroll: [36m[Function: deprecated][39m,
      promises: [36m[Getter][39m
    },
    timersPromises: {
      setTimeout: [36m[Function: setTimeout][39m,
      setImmediate: [36m[Function: setImmediate][39m,
      setInterval: [36m[AsyncGeneratorFunction: setInterval][39m,
      scheduler: [36m[Scheduler][39m
    }
  },
  ch: [33m107[39m,
  ResizeObserver: [36m[class ResizeObserverMock][39m,
  [[32mSymbol(vitest:SAFE_TIMERS)[39m]: {
    nextTick: [36m[Function: nextTick][39m,
    setTimeout: [Function: setTimeout] {
      [[32mSymbol(nodejs.util.promisify.custom)[39m]: [36m[Getter][39m
    },
    setInterval: [36m[Function: setInterval][39m,
    clearInterval: [36m[Function: clearInterval][39m,
    clearTimeout: [36m[Function: clearTimeout][39m,
    setImmediate: [Function: setImmediate] {
      [[32mSymbol(nodejs.util.promisify.custom)[39m]: [36m[Getter][39m
    },
    clearImmediate: [36m[Function: clearImmediate][39m,
    queueMicrotask: [36m[Function: queueMicrotask][39m
  }
}

[90mstderr[2m | src/components/__tests__/tool-header.test.ts[2m > [22m[2mToolHeader[2m > 
[22m[2mStyling[2m > [22m[2mshould have centered text alignment
[22m[39mBaseComponent.init failed: TypeError: this.bindEvents is not a function
    at ToolHeader.init (C:/Users/DrawF/OneDrive/Projects/CodingProjects/XIVProjects/xivdyetools-web-app/src/compo
nents/base-component.ts:86:12)
    at C:/Users/DrawF/OneDrive/Projects/CodingProjects/XIVProjects/xivdyetools-web-app/src/components/__tests__/t
ool-header.test.ts:122:17
    at [90mfile:///C:/Users/DrawF/OneDrive/Projects/CodingProjects/XIVProjects/xivdyetools-web-app/[39mnode_mod
ules/[4m@vitest/runner[24m/dist/index.js:145:11
    at [90mfile:///C:/Users/DrawF/OneDrive/Projects/CodingProjects/XIVProjects/xivdyetools-web-app/[39mnode_mod
ules/[4m@vitest/runner[24m/dist/index.js:912:26
    at [90mfile:///C:/Users/DrawF/OneDrive/Projects/CodingProjects/XIVProjects/xivdyetools-web-app/[39mnode_mod
ules/[4m@vitest/runner[24m/dist/index.js:1237:20
    at new Promise (<anonymous>)
    at runWithTimeout [90m(file:///C:/Users/DrawF/OneDrive/Projects/CodingProjects/XIVProjects/xivdyetools-web-a
pp/[39mnode_modules/[4m@vitest/runner[24m/dist/index.js:1203:10[90m)[39m
    at [90mfile:///C:/Users/DrawF/OneDrive/Projects/CodingProjects/XIVProjects/xivdyetools-web-app/[39mnode_mod
ules/[4m@vitest/runner[24m/dist/index.js:1647:37
    at Traces.$ [90m(file:///C:/Users/DrawF/OneDrive/Projects/CodingProjects/XIVProjects/xivdyetools-web-app/[3
9mnode_modules/[4mvitest[24m/dist/chunks/traces.U4xDYhzZ.js:115:27[90m)[39m
    at trace [90m(file:///C:/Users/DrawF/OneDrive/Projects/CodingProjects/XIVProjects/xivdyetools-web-app/[39mn
ode_modules/[4mvitest[24m/dist/chunks/test.DqQZzsWf.js:234:21[90m)[39m

[90mstderr[2m | src/components/__tests__/dye-selector.test.ts[2m > [22m[2mDyeSelector[2m > [22m[2mupdate 
branch coverage[2m > [22m[2mshould restore sort selection after update
[22m[39mButton clicked! [33m5734[39m

 [32mΓ£ô[39m src/components/__tests__/market-board.test.ts[2m > [22mMarketBoard[2m > [22mloadServerData branch coverage[2m > [22mshould handle network error gracefully[32m 6[2mms[22m[39m
 [32mΓ£ô[39m src/components/__tests__/market-board.test.ts[2m > [22mMarketBoard[2m > [22mloadServerData branch coverage[2m > [22mshould handle partial fetch failure[32m 14[2mms[22m[39m
 [32mΓ£ô[39m src/components/__tests__/market-board.test.ts[2m > [22mMarketBoard[2m > [22mshouldFetchPrice acquisition branch coverage[2m > [22mshould return true for Base Dye with Dye Vendor acquisition when baseDyes enabled[32m 13[2mms[22m[39m
 [32mΓ£ô[39m src/components/__tests__/market-board.test.ts[2m > [22mMarketBoard[2m > [22mshouldFetchPrice acquisition branch coverage[2m > [22mshould return true for Craft Dye with Crafting acquisition (default enabled)[32m 4[2mms[22m[39m
 [32mΓ£ô[39m src/components/__tests__/market-board.test.ts[2m > [22mMarketBoard[2m > [22mshouldFetchPrice acquisition branch coverage[2m > [22mshould return true for Allied Society Dye when alliedSocietyDyes enabled[32m 6[2mms[22m[39m
 [32mΓ£ô[39m src/components/__tests__/market-board.test.ts[2m > [22mMarketBoard[2m > [22mshouldFetchPrice acquisition branch coverage[2m > [22mshould return true for Cosmic Dye with Cosmic Exploration acquisition (default enabled)[32m 4[2mms[22m[39m
 [32mΓ£ô[39m src/components/__tests__/market-board.test.ts[2m > [22mMarketBoard[2m > [22mshouldFetchPrice acquisition branch coverage[2m > [22mshould return false for unknown acquisition type[32m 5[2mms[22m[39m
 [32mΓ£ô[39m src/components/__tests__/market-board.test.ts[2m > [22mMarketBoard[2m > [22mfetchPrice branch coverage[2m > [22mshould return price data when showPrices is true and dye is valid[32m 5[2mms[22m[39m
 [32mΓ£ô[39m src/components/__tests__/market-board.test.ts[2m > [22mMarketBoard[2m > [22mfetchPrice branch coverage[2m > [22mshould handle API error gracefully[32m 6[2mms[22m[39m
 [32mΓ£ô[39m src/components/__tests__/market-board.test.ts[2m > [22mMarketBoard[2m > [22mrefreshPrices branch coverage[2m > [22mshould handle clearCache error gracefully[32m 16[2mms[22m[39m
 [32mΓ£ô[39m src/components/__tests__/market-board.test.ts[2m > [22mMarketBoard[2m > [22mrefreshPrices branch coverage[2m > [22mshould handle missing refresh button gracefully[32m 12[2mms[22m[39m
 [32mΓ£ô[39m src/components/__tests__/market-board.test.ts[2m > [22mMarketBoard[2m > [22mrefreshPrices branch coverage[2m > [22mshould handle missing status message gracefully[32m 12[2mms[22m[39m
 [32mΓ£ô[39m src/components/__tests__/image-upload-display.test.ts[2m > [22mImageUploadDisplay[2m > [22mcleanup[2m > [22mshould clean up without error[32m 15[2mms[22m[39m
 [32mΓ£ô[39m src/components/__tests__/image-upload-display.test.ts[2m > [22mImageUploadDisplay[2m > [22mhandleFiles branch coverage[2m > [22mshould handle empty FileList[32m 15[2mms[22m[39m
 [32mΓ£ô[39m src/components/__tests__/accessibility-checker-tool.test.ts[2m > [22mAccessibilityCheckerTool Component[2m > [22mDistinguishability Warnings[2m > [22mshould update warnings when selection changes[32m 10[2mms[22m[39m
 [32mΓ£ô[39m src/components/__tests__/accessibility-checker-tool.test.ts[2m > [22mAccessibilityCheckerTool Component[2m > [22mColor Suggestions[2m > [22mshould provide dye suggestions for improvement[32m 6[2mms[22m[39m
 [32mΓ£ô[39m src/components/__tests__/accessibility-checker-tool.test.ts[2m > [22mAccessibilityCheckerTool Component[2m > [22mColor Suggestions[2m > [22mshould rank suggestions by improvement potential[32m 5[2mms[22m[39m
 [32mΓ£ô[39m src/components/__tests__/accessibility-checker-tool.test.ts[2m > [22mAccessibilityCheckerTool Component[2m > [22mColor Suggestions[2m > [22mshould support one-click application of suggestions[32m 5[2mms[22m[39m
 [32mΓ£ô[39m src/components/__tests__/accessibility-checker-tool.test.ts[2m > [22mAccessibilityCheckerTool Component[2m > [22mState Management[2m > [22mshould maintain selected dyes[32m 10[2mms[22m[39m
 [32mΓ£ô[39m src/components/__tests__/accessibility-checker-tool.test.ts[2m > [22mAccessibilityCheckerTool Component[2m > [22mState Management[2m > [22mshould maintain selected vision type[32m 5[2mms[22m[39m
 [32mΓ£ô[39m src/components/__tests__/accessibility-checker-tool.test.ts[2m > [22mAccessibilityCheckerTool Component[2m > [22mState Management[2m > [22mshould maintain intensity setting[32m 11[2mms[22m[39m
 [32mΓ£ô[39m src/components/__tests__/accessibility-checker-tool.test.ts[2m > [22mAccessibilityCheckerTool Component[2m > [22mState Management[2m > [22mshould maintain dual dyes toggle state[32m 10[2mms[22m[39m
 [32mΓ£ô[39m src/components/__tests__/accessibility-checker-tool.test.ts[2m > [22mAccessibilityCheckerTool Component[2m > [22mState Management[2m > [22mshould update all UI elements on state change[32m 7[2mms[22m[39m
 [32mΓ£ô[39m src/components/__tests__/accessibility-checker-tool.test.ts[2m > [22mAccessibilityCheckerTool Component[2m > [22mLifecycle[2m > [22mshould initialize without errors[32m 11[2mms[22m[39m
 [32mΓ£ô[39m src/components/__tests__/accessibility-checker-tool.test.ts[2m > [22mAccessibilityCheckerTool Component[2m > [22mLifecycle[2m > [22mshould handle update cycles[32m 10[2mms[22m[39m
 [32mΓ£ô[39m src/components/__tests__/accessibility-checker-tool.test.ts[2m > [22mAccessibilityCheckerTool Component[2m > [22mLifecycle[2m > [22mshould cleanup resources on destroy[32m 6[2mms[22m[39m
 [32mΓ£ô[39m src/components/__tests__/accessibility-checker-tool.test.ts[2m > [22mAccessibilityCheckerTool Component[2m > [22mAccessibility (A11y)[2m > [22mshould have semantic HTML structure[32m 11[2mms[22m[39m
 [32mΓ£ô[39m src/components/__tests__/color-wheel-display.test.ts[2m > [22mColorWheelDisplay[2m > [22mEdge Cases[2m > [22mrenders with empty harmony dyes array[32m 16[2mms[22m[39m
 [32mΓ£ô[39m src/components/__tests__/color-wheel-display.test.ts[2m > [22mColorWheelDisplay[2m > [22mEdge Cases[2m > [22mrenders with single harmony dye[32m 33[2mms[22m[39m
 [32mΓ£ô[39m src/components/__tests__/color-wheel-display.test.ts[2m > [22mColorWheelDisplay[2m > [22mEdge Cases[2m > [22mhandles very small size[32m 13[2mms[22m[39m
 [32mΓ£ô[39m src/components/__tests__/color-wheel-display.test.ts[2m > [22mColorWheelDisplay[2m > [22mEdge Cases[2m > [22mhandles different base colors[32m 10[2mms[22m[39m
 [32mΓ£ô[39m src/components/__tests__/app-layout.test.ts[2m > [22mAppLayout[2m > [22mSubscription Callbacks[2m > [22mshould handle updateLocalizedText when all footer elements are missing[33m 770[2mms[22m[39m
[90mstderr[2m | src/components/__tests__/tutorial-spotlight.test.ts[2m > [22m[2mTutorialSpotlight[2m > 
[22m[2mStep Display[2m > [22m[2mshould have Finish button on last step
[22m[39mBaseComponent.on: Target is not HTMLElement, Document, or Window [36m<ref *1>[39m Object [global] {
  global: [36m[Circular *1][39m,
  clearImmediate: [Function: clearImmediate] {
    hadOwnProperty: [33mtrue[39m,
    clock: {
      now: [33m1764681223272[39m,
      Date: [36m[Function][39m,
      loopLimit: [33m10000[39m,
      Intl: [36m[Object][39m,
      requestIdleCallback: [36m[Function: requestIdleCallback][39m,
      cancelIdleCallback: [36m[Function: cancelIdleCallback][39m,
      setTimeout: [36m[Function][39m,
      clearTimeout: [36m[Function][39m,
      nextTick: [36m[Function: nextTick][39m,
      queueMicrotask: [36m[Function: queueMicrotask][39m,
      setInterval: [36m[Function][39m,
      clearInterval: [36m[Function][39m,
      setImmediate: [36m[Function][39m,
      clearImmediate: [36m[Function][39m,
      countTimers: [36m[Function: countTimers][39m,
      requestAnimationFrame: [36m[Function][39m,
      cancelAnimationFrame: [36m[Function][39m,
      runMicrotasks: [36m[Function: runMicrotasks][39m,
      tick: [36m[Function: tick][39m,
      tickAsync: [36m[Function: tickAsync][39m,
      next: [36m[Function: next][39m,
      nextAsync: [36m[Function: nextAsync][39m,
      runAll: [36m[Function: runAll][39m,
      runToFrame: [36m[Function: runToFrame][39m,
      runAllAsync: [36m[Function: runAllAsync][39m,
      runToLast: [36m[Function: runToLast][39m,
      runToLastAsync: [36m[Function: runToLastAsync][39m,
      reset: [36m[Function: reset][39m,
      setSystemTime: [36m[Function: setSystemTime][39m,
      jump: [36m[Function: jump][39m,
      performance: [36m[Object: null prototype][39m,
      hrtime: [36m[Function][39m,
      shouldClearNativeTimers: [33mtrue[39m,
      uninstall: [36m[Function (anonymous)][39m,
      abortListenerMap: Map(0) {},
      methods: [36m[Array][39m,
      _setTimeout: [36m[Function][39m,
      _clearTimeout: [36m[Function: clearTimeout][39m,
      _setInterval: [36m[Function: setInterval][39m,
      _clearInterval: [36m[Function: clearInterval][39m,
      _Date: [36m[Function: Date][39m,
      _setImmediate: [36m[Function][39m,
      _clearImmediate: [36m[Function: clearImmediate][39m,
      _hrtime: [36m[Function][39m,
      _performance: [36m[Performance][39m,
      _requestAnimationFrame: [36m[Function: bound ][39m,
      _cancelAnimationFrame: [36m[Function: bound ][39m,
      _Intl: Object [Intl] {}
    }
  },
  setImmediate: [Function: setImmediate] {
    hadOwnProperty: [33mtrue[39m,
    clock: {
      now: [33m1764681223272[39m,
      Date: [36m[Function][39m,
      loopLimit: [33m10000[39m,
      Intl: [36m[Object][39m,
      requestIdleCallback: [36m[Function: requestIdleCallback][39m,
      cancelIdleCallback: [36m[Function: cancelIdleCallback][39m,
      setTimeout: [36m[Function][39m,
      clearTimeout: [36m[Function][39m,
      nextTick: [36m[Function: nextTick][39m,
      queueMicrotask: [36m[Function: queueMicrotask][39m,
      setInterval: [36m[Function][39m,
      clearInterval: [36m[Function][39m,
      setImmediate: [36m[Function][39m,
      clearImmediate: [36m[Function][39m,
      countTimers: [36m[Function: countTimers][39m,
      requestAnimationFrame: [36m[Function][39m,
      cancelAnimationFrame: [36m[Function][39m,
      runMicrotasks: [36m[Function: runMicrotasks][39m,
      tick: [36m[Function: tick][39m,
      tickAsync: [36m[Function: tickAsync][39m,
      next: [36m[Function: next][39m,
      nextAsync: [36m[Function: nextAsync][39m,
      runAll: [36m[Function: runAll][39m,
      runToFrame: [36m[Function: runToFrame][39m,
      runAllAsync: [36m[Function: runAllAsync][39m,
      runToLast: [36m[Function: runToLast][39m,
      runToLastAsync: [36m[Function: runToLastAsync][39m,
      reset: [36m[Function: reset][39m,
      setSystemTime: [36m[Function: setSystemTime][39m,
      jump: [36m[Function: jump][39m,
      performance: [36m[Object: null prototype][39m,
      hrtime: [36m[Function][39m,
      shouldClearNativeTimers: [33mtrue[39m,
      uninstall: [36m[Function (anonymous)][39m,
      abortListenerMap: Map(0) {},
      methods: [36m[Array][39m,
      _setTimeout: [36m[Function][39m,
      _clearTimeout: [36m[Function: clearTimeout][39m,
      _setInterval: [36m[Function: setInterval][39m,
      _clearInterval: [36m[Function: clearInterval][39m,
      _Date: [36m[Function: Date][39m,
      _setImmediate: [36m[Function][39m,
      _clearImmediate: [36m[Function: clearImmediate][39m,
      _hrtime: [36m[Function][39m,
      _performance: [36m[Performance][39m,
      _requestAnimationFrame: [36m[Function: bound ][39m,
      _cancelAnimationFrame: [36m[Function: bound ][39m,
      _Intl: Object [Intl] {}
    },
    [[32mSymbol(nodejs.util.promisify.custom)[39m]: [36m[Function: promisifiedSetImmediate][39m
  },
  clearInterval: [Function: clearInterval] {
    hadOwnProperty: [33mtrue[39m,
    clock: {
      now: [33m1764681223272[39m,
      Date: [36m[Function][39m,
      loopLimit: [33m10000[39m,
      Intl: [36m[Object][39m,
      requestIdleCallback: [36m[Function: requestIdleCallback][39m,
      cancelIdleCallback: [36m[Function: cancelIdleCallback][39m,
      setTimeout: [36m[Function][39m,
      clearTimeout: [36m[Function][39m,
      nextTick: [36m[Function: nextTick][39m,
      queueMicrotask: [36m[Function: queueMicrotask][39m,
      setInterval: [36m[Function][39m,
      clearInterval: [36m[Function][39m,
      setImmediate: [36m[Function][39m,
      clearImmediate: [36m[Function][39m,
      countTimers: [36m[Function: countTimers][39m,
      requestAnimationFrame: [36m[Function][39m,
      cancelAnimationFrame: [36m[Function][39m,
      runMicrotasks: [36m[Function: runMicrotasks][39m,
      tick: [36m[Function: tick][39m,
      tickAsync: [36m[Function: tickAsync][39m,
      next: [36m[Function: next][39m,
      nextAsync: [36m[Function: nextAsync][39m,
      runAll: [36m[Function: runAll][39m,
      runToFrame: [36m[Function: runToFrame][39m,
      runAllAsync: [36m[Function: runAllAsync][39m,
      runToLast: [36m[Function: runToLast][39m,
      runToLastAsync: [36m[Function: runToLastAsync][39m,
      reset: [36m[Function: reset][39m,
      setSystemTime: [36m[Function: setSystemTime][39m,
      jump: [36m[Function: jump][39m,
      performance: [36m[Object: null prototype][39m,
      hrtime: [36m[Function][39m,
      shouldClearNativeTimers: [33mtrue[39m,
      uninstall: [36m[Function (anonymous)][39m,
      abortListenerMap: Map(0) {},
      methods: [36m[Array][39m,
      _setTimeout: [36m[Function][39m,
      _clearTimeout: [36m[Function: clearTimeout][39m,
      _setInterval: [36m[Function: setInterval][39m,
      _clearInterval: [36m[Function: clearInterval][39m,
      _Date: [36m[Function: Date][39m,
      _setImmediate: [36m[Function][39m,
      _clearImmediate: [36m[Function: clearImmediate][39m,
      _hrtime: [36m[Function][39m,
      _performance: [36m[Performance][39m,
      _requestAnimationFrame: [36m[Function: bound ][39m,
      _cancelAnimationFrame: [36m[Function: bound ][39m,
      _Intl: Object [Intl] {}
    }
  },
  clearTimeout: [Function: clearTimeout] {
    hadOwnProperty: [33mtrue[39m,
    clock: {
      now: [33m1764681223272[39m,
      Date: [36m[Function][39m,
      loopLimit: [33m10000[39m,
      Intl: [36m[Object][39m,
      requestIdleCallback: [36m[Function: requestIdleCallback][39m,
      cancelIdleCallback: [36m[Function: cancelIdleCallback][39m,
      setTimeout: [36m[Function][39m,
      clearTimeout: [36m[Function][39m,
      nextTick: [36m[Function: nextTick][39m,
      queueMicrotask: [36m[Function: queueMicrotask][39m,
      setInterval: [36m[Function][39m,
      clearInterval: [36m[Function][39m,
      setImmediate: [36m[Function][39m,
      clearImmediate: [36m[Function][39m,
      countTimers: [36m[Function: countTimers][39m,
      requestAnimationFrame: [36m[Function][39m,
      cancelAnimationFrame: [36m[Function][39m,
      runMicrotasks: [36m[Function: runMicrotasks][39m,
      tick: [36m[Function: tick][39m,
      tickAsync: [36m[Function: tickAsync][39m,
      next: [36m[Function: next][39m,
      nextAsync: [36m[Function: nextAsync][39m,
      runAll: [36m[Function: runAll][39m,
      runToFrame: [36m[Function: runToFrame][39m,
      runAllAsync: [36m[Function: runAllAsync][39m,
      runToLast: [36m[Function: runToLast][39m,
      runToLastAsync: [36m[Function: runToLastAsync][39m,
      reset: [36m[Function: reset][39m,
      setSystemTime: [36m[Function: setSystemTime][39m,
      jump: [36m[Function: jump][39m,
      performance: [36m[Object: null prototype][39m,
      hrtime: [36m[Function][39m,
      shouldClearNativeTimers: [33mtrue[39m,
      uninstall: [36m[Function (anonymous)][39m,
      abortListenerMap: Map(0) {},
      methods: [36m[Array][39m,
      _setTimeout: [36m[Function][39m,
      _clearTimeout: [36m[Function: clearTimeout][39m,
      _setInterval: [36m[Function: setInterval][39m,
      _clearInterval: [36m[Function: clearInterval][39m,
      _Date: [36m[Function: Date][39m,
      _setImmediate: [36m[Function][39m,
      _clearImmediate: [36m[Function: clearImmediate][39m,
      _hrtime: [36m[Function][39m,
      _performance: [36m[Performance][39m,
      _requestAnimationFrame: [36m[Function: bound ][39m,
      _cancelAnimationFrame: [36m[Function: bound ][39m,
      _Intl: Object [Intl] {}
    }
  },
  setInterval: [Function: setInterval] {
    hadOwnProperty: [33mtrue[39m,
    clock: {
      now: [33m1764681223272[39m,
      Date: [36m[Function][39m,
      loopLimit: [33m10000[39m,
      Intl: [36m[Object][39m,
      requestIdleCallback: [36m[Function: requestIdleCallback][39m,
      cancelIdleCallback: [36m[Function: cancelIdleCallback][39m,
      setTimeout: [36m[Function][39m,
      clearTimeout: [36m[Function][39m,
      nextTick: [36m[Function: nextTick][39m,
      queueMicrotask: [36m[Function: queueMicrotask][39m,
      setInterval: [36m[Function][39m,
      clearInterval: [36m[Function][39m,
      setImmediate: [36m[Function][39m,
      clearImmediate: [36m[Function][39m,
      countTimers: [36m[Function: countTimers][39m,
      requestAnimationFrame: [36m[Function][39m,
      cancelAnimationFrame: [36m[Function][39m,
      runMicrotasks: [36m[Function: runMicrotasks][39m,
      tick: [36m[Function: tick][39m,
      tickAsync: [36m[Function: tickAsync][39m,
      next: [36m[Function: next][39m,
      nextAsync: [36m[Function: nextAsync][39m,
      runAll: [36m[Function: runAll][39m,
      runToFrame: [36m[Function: runToFrame][39m,
      runAllAsync: [36m[Function: runAllAsync][39m,
      runToLast: [36m[Function: runToLast][39m,
      runToLastAsync: [36m[Function: runToLastAsync][39m,
      reset: [36m[Function: reset][39m,
      setSystemTime: [36m[Function: setSystemTime][39m,
      jump: [36m[Function: jump][39m,
      performance: [36m[Object: null prototype][39m,
      hrtime: [36m[Function][39m,
      shouldClearNativeTimers: [33mtrue[39m,
      uninstall: [36m[Function (anonymous)][39m,
      abortListenerMap: Map(0) {},
      methods: [36m[Array][39m,
      _setTimeout: [36m[Function][39m,
      _clearTimeout: [36m[Function: clearTimeout][39m,
      _setInterval: [36m[Function: setInterval][39m,
      _clearInterval: [36m[Function: clearInterval][39m,
      _Date: [36m[Function: Date][39m,
      _setImmediate: [36m[Function][39m,
      _clearImmediate: [36m[Function: clearImmediate][39m,
      _hrtime: [36m[Function][39m,
      _performance: [36m[Performance][39m,
      _requestAnimationFrame: [36m[Function: bound ][39m,
      _cancelAnimationFrame: [36m[Function: bound ][39m,
      _Intl: Object [Intl] {}
    }
  },
  setTimeout: [Function: setTimeout] {
    hadOwnProperty: [33mtrue[39m,
    clock: {
      now: [33m1764681223272[39m,
      Date: [36m[Function][39m,
      loopLimit: [33m10000[39m,
      Intl: [36m[Object][39m,
      requestIdleCallback: [36m[Function: requestIdleCallback][39m,
      cancelIdleCallback: [36m[Function: cancelIdleCallback][39m,
      setTimeout: [36m[Function][39m,
      clearTimeout: [36m[Function][39m,
      nextTick: [36m[Function: nextTick][39m,
      queueMicrotask: [36m[Function: queueMicrotask][39m,
      setInterval: [36m[Function][39m,
      clearInterval: [36m[Function][39m,
      setImmediate: [36m[Function][39m,
      clearImmediate: [36m[Function][39m,
      countTimers: [36m[Function: countTimers][39m,
      requestAnimationFrame: [36m[Function][39m,
      cancelAnimationFrame: [36m[Function][39m,
      runMicrotasks: [36m[Function: runMicrotasks][39m,
      tick: [36m[Function: tick][39m,
      tickAsync: [36m[Function: tickAsync][39m,
      next: [36m[Function: next][39m,
      nextAsync: [36m[Function: nextAsync][39m,
      runAll: [36m[Function: runAll][39m,
      runToFrame: [36m[Function: runToFrame][39m,
      runAllAsync: [36m[Function: runAllAsync][39m,
      runToLast: [36m[Function: runToLast][39m,
      runToLastAsync: [36m[Function: runToLastAsync][39m,
      reset: [36m[Function: reset][39m,
      setSystemTime: [36m[Function: setSystemTime][39m,
      jump: [36m[Function: jump][39m,
      performance: [36m[Object: null prototype][39m,
      hrtime: [36m[Function][39m,
      shouldClearNativeTimers: [33mtrue[39m,
      uninstall: [36m[Function (anonymous)][39m,
      abortListenerMap: Map(0) {},
      methods: [36m[Array][39m,
      _setTimeout: [36m[Function][39m,
      _clearTimeout: [36m[Function: clearTimeout][39m,
      _setInterval: [36m[Function: setInterval][39m,
      _clearInterval: [36m[Function: clearInterval][39m,
      _Date: [36m[Function: Date][39m,
      _setImmediate: [36m[Function][39m,
      _clearImmediate: [36m[Function: clearImmediate][39m,
      _hrtime: [36m[Function][39m,
      _performance: [36m[Performance][39m,
      _requestAnimationFrame: [36m[Function: bound ][39m,
      _cancelAnimationFrame: [36m[Function: bound ][39m,
      _Intl: Object [Intl] {}
    },
    [[32mSymbol(nodejs.util.promisify.custom)[39m]: [36m[Function: promisifiedSetTimeout][39m
  },
  queueMicrotask: [36m[Function: queueMicrotask][39m,
  structuredClone: [36m[Function: structuredClone][39m,
  atob: [36m[Function: atob][39m,
  btoa: [36m[Function: btoa][39m,
  performance: [36m[Getter/Setter][39m,
  fetch: [36m[Function: fetch][39m,
  navigator: [36m[Getter/Setter][39m,
  crypto: [36m[Getter][39m,
  window: [36m[Circular *1][39m,
  self: [36m[Circular *1][39m,
  top: [36m[Circular *1][39m,
  parent: [36m[Circular *1][39m,
  jsdom: JSDOM {
    [[32mSymbol(window)[39m]: [36m<ref *2>[39m Window {
      StyleSheet: [36m[Function: StyleSheet][39m,
      MediaList: [36m[Function: MediaList][39m,
      CSSStyleSheet: [36m[Function: CSSStyleSheet][39m,
      CSSRule: [36m[Function][39m,
      CSSStyleRule: [36m[Function][39m,
      CSSMediaRule: [36m[Function: CSSMediaRule][39m,
      CSSImportRule: [36m[Function: CSSImportRule][39m,
      CSSStyleDeclaration: [36m[class CSSStyleDeclaration][39m,
      XPathException: [36m[Function][39m,
      XPathExpression: [36m[Function: XPathExpression][39m,
      XPathResult: [36m[Function][39m,
      XPathEvaluator: [36m[Function: XPathEvaluator][39m,
      onafterprint: [36m[Getter/Setter][39m,
      onbeforeprint: [36m[Getter/Setter][39m,
      onbeforeunload: [36m[Getter/Setter][39m,
      onhashchange: [36m[Getter/Setter][39m,
      onlanguagechange: [36m[Getter/Setter][39m,
      onmessage: [36m[Getter/Setter][39m,
      onmessageerror: [36m[Getter/Setter][39m,
      onoffline: [36m[Getter/Setter][39m,
      ononline: [36m[Getter/Setter][39m,
      onpagehide: [36m[Getter/Setter][39m,
      onpageshow: [36m[Getter/Setter][39m,
      onpopstate: [36m[Getter/Setter][39m,
      onrejectionhandled: [36m[Getter/Setter][39m,
      onstorage: [36m[Getter/Setter][39m,
      onunhandledrejection: [36m[Getter/Setter][39m,
      onunload: [36m[Getter/Setter][39m,
      onblur: [36m[Getter/Setter][39m,
      onerror: [36m[Getter/Setter][39m,
      onfocus: [36m[Getter/Setter][39m,
      onload: [36m[Getter/Setter][39m,
      onresize: [36m[Getter/Setter][39m,
      onscroll: [36m[Getter/Setter][39m,
      onabort: [36m[Getter/Setter][39m,
      onauxclick: [36m[Getter/Setter][39m,
      onbeforeinput: [36m[Getter/Setter][39m,
      onbeforematch: [36m[Getter/Setter][39m,
      onbeforetoggle: [36m[Getter/Setter][39m,
      oncancel: [36m[Getter/Setter][39m,
      oncanplay: [36m[Getter/Setter][39m,
      oncanplaythrough: [36m[Getter/Setter][39m,
      onchange: [36m[Getter/Setter][39m,
      onclick: [36m[Getter/Setter][39m,
      onclose: [36m[Getter/Setter][39m,
      oncontextlost: [36m[Getter/Setter][39m,
      oncontextmenu: [36m[Getter/Setter][39m,
      oncontextrestored: [36m[Getter/Setter][39m,
      oncopy: [36m[Getter/Setter][39m,
      oncuechange: [36m[Getter/Setter][39m,
      oncut: [36m[Getter/Setter][39m,
      ondblclick: [36m[Getter/Setter][39m,
      ondrag: [36m[Getter/Setter][39m,
      ondragend: [36m[Getter/Setter][39m,
      ondragenter: [36m[Getter/Setter][39m,
      ondragleave: [36m[Getter/Setter][39m,
      ondragover: [36m[Getter/Setter][39m,
      ondragstart: [36m[Getter/Setter][39m,
      ondrop: [36m[Getter/Setter][39m,
      ondurationchange: [36m[Getter/Setter][39m,
      onemptied: [36m[Getter/Setter][39m,
      onended: [36m[Getter/Setter][39m,
      onformdata: [36m[Getter/Setter][39m,
      oninput: [36m[Getter/Setter][39m,
      oninvalid: [36m[Getter/Setter][39m,
      onkeydown: [36m[Getter/Setter][39m,
      onkeypress: [36m[Getter/Setter][39m,
      onkeyup: [36m[Getter/Setter][39m,
      onloadeddata: [36m[Getter/Setter][39m,
      onloadedmetadata: [36m[Getter/Setter][39m,
      onloadstart: [36m[Getter/Setter][39m,
      onmousedown: [36m[Getter/Setter][39m,
      onmouseenter: [36m[Getter/Setter][39m,
      onmouseleave: [36m[Getter/Setter][39m,
      onmousemove: [36m[Getter/Setter][39m,
      onmouseout: [36m[Getter/Setter][39m,
      onmouseover: [36m[Getter/Setter][39m,
      onmouseup: [36m[Getter/Setter][39m,
      onpaste: [36m[Getter/Setter][39m,
      onpause: [36m[Getter/Setter][39m,
      onplay: [36m[Getter/Setter][39m,
      onplaying: [36m[Getter/Setter][39m,
      onprogress: [36m[Getter/Setter][39m,
      onratechange: [36m[Getter/Setter][39m,
      onreset: [36m[Getter/Setter][39m,
      onscrollend: [36m[Getter/Setter][39m,
      onsecuritypolicyviolation: [36m[Getter/Setter][39m,
      onseeked: [36m[Getter/Setter][39m,
      onseeking: [36m[Getter/Setter][39m,
      onselect: [36m[Getter/Setter][39m,
      onslotchange: [36m[Getter/Setter][39m,
      onstalled: [36m[Getter/Setter][39m,
      onsubmit: [36m[Getter/Setter][39m,
      onsuspend: [36m[Getter/Setter][39m,
      ontimeupdate: [36m[Getter/Setter][39m,
      ontoggle: [36m[Getter/Setter][39m,
      onvolumechange: [36m[Getter/Setter][39m,
      onwaiting: [36m[Getter/Setter][39m,
      onwebkitanimationend: [36m[Getter/Setter][39m,
      onwebkitanimationiteration: [36m[Getter/Setter][39m,
      onwebkitanimationstart: [36m[Getter/Setter][39m,
      onwebkittransitionend: [36m[Getter/Setter][39m,
      onwheel: [36m[Getter/Setter][39m,
      ontouchstart: [36m[Getter/Setter][39m,
      ontouchend: [36m[Getter/Setter][39m,
      ontouchmove: [36m[Getter/Setter][39m,
      ontouchcancel: [36m[Getter/Setter][39m,
      _registeredHandlers: Set(0) {},
      _eventHandlers: [Object: null prototype] {},
      onautocomplete: [36m[Getter/Setter][39m,
      onautocompleteerror: [36m[Getter/Setter][39m,
      onsort: [36m[Getter/Setter][39m,
      _globalObject: [36m[Circular *2][39m,
      _resourceLoader: [36m[NoOpResourceLoader][39m,
      _globalProxy: [36m[Object [Window]][39m,
      _document: [36m[Document][39m,
      _origin: [32m'http://localhost:3000'[39m,
      _sessionHistory: [36m[SessionHistory][39m,
      _virtualConsole: [36m[VirtualConsole][39m,
      _runScripts: [32m'dangerously'[39m,
      _top: [36m[Object [Window]][39m,
      _parent: [36m[Object [Window]][39m,
      _frameElement: [1mnull[22m,
      _length: [33m0[39m,
      _currentEvent: [90mundefined[39m,
      _pretendToBeVisual: [33mtrue[39m,
      _storageQuota: [33m5000000[39m,
      _commonForOrigin: [36m[Object][39m,
      _currentOriginData: [36m[Object][39m,
      _localStorage: Storage {},
      _sessionStorage: Storage {},
      _selection: [36m[SelectionImpl][39m,
      getSelection: [36m[Function (anonymous)][39m,
      _customElementRegistry: CustomElementRegistry {},
      length: [36m[Getter/Setter][39m,
      window: [36m[Getter][39m,
      frameElement: [36m[Getter][39m,
      frames: [36m[Getter/Setter][39m,
      self: [36m[Getter/Setter][39m,
      parent: [36m[Getter/Setter][39m,
      top: [36m[Getter][39m,
      document: [36m[Getter][39m,
      external: [36m[Getter/Setter][39m,
      location: [36m[Getter/Setter][39m,
      history: [36m[Getter][39m,
      navigator: [36m[Getter][39m,
      locationbar: [36m[Getter/Setter][39m,
      menubar: [36m[Getter/Setter][39m,
      personalbar: [36m[Getter/Setter][39m,
      scrollbars: [36m[Getter/Setter][39m,
      statusbar: [36m[Getter/Setter][39m,
      toolbar: [36m[Getter/Setter][39m,
      performance: [36m[Getter][39m,
      screen: [36m[Getter/Setter][39m,
      crypto: [36m[Getter][39m,
      origin: [36m[Getter/Setter][39m,
      localStorage: [36m[Getter][39m,
      sessionStorage: [36m[Getter][39m,
      customElements: [36m[Getter][39m,
      event: [36m[Getter/Setter][39m,
      setTimeout: [36m[Function (anonymous)][39m,
      setInterval: [36m[Function (anonymous)][39m,
      clearTimeout: [36m[Function (anonymous)][39m,
      clearInterval: [36m[Function (anonymous)][39m,
      queueMicrotask: [36m[Function (anonymous)][39m,
      requestAnimationFrame: [36m[Function (anonymous)][39m,
      cancelAnimationFrame: [36m[Function (anonymous)][39m,
      postMessage: [36m[Function (anonymous)][39m,
      atob: [36m[Function (anonymous)][39m,
      btoa: [36m[Function (anonymous)][39m,
      stop: [36m[Function (anonymous)][39m,
      close: [36m[Function (anonymous)][39m,
      getComputedStyle: [36m[Function (anonymous)][39m,
      captureEvents: [36m[Function (anonymous)][39m,
      releaseEvents: [36m[Function (anonymous)][39m,
      console: [36m[Object][39m,
      name: [32m''[39m,
      status: [32m''[39m,
      devicePixelRatio: [33m1[39m,
      innerWidth: [33m1024[39m,
      innerHeight: [33m768[39m,
      outerWidth: [33m1024[39m,
      outerHeight: [33m768[39m,
      pageXOffset: [33m0[39m,
      pageYOffset: [33m0[39m,
      screenX: [33m0[39m,
      screenLeft: [33m0[39m,
      screenY: [33m0[39m,
      screenTop: [33m0[39m,
      scrollX: [33m0[39m,
      scrollY: [33m0[39m,
      alert: [36m[Function (anonymous)][39m,
      blur: [36m[Function (anonymous)][39m,
      confirm: [36m[Function (anonymous)][39m,
      focus: [36m[Function (anonymous)][39m,
      moveBy: [36m[Function (anonymous)][39m,
      moveTo: [36m[Function (anonymous)][39m,
      open: [36m[Function (anonymous)][39m,
      print: [36m[Function (anonymous)][39m,
      prompt: [36m[Function (anonymous)][39m,
      resizeBy: [36m[Function (anonymous)][39m,
      resizeTo: [36m[Function (anonymous)][39m,
      scroll: [36m[Function (anonymous)][39m,
      scrollBy: [36m[Function (anonymous)][39m,
      scrollTo: [36m[Function (anonymous)][39m,
      [32m'test-container'[39m: [36m[Getter/Setter][39m,
      [32m'tutorial-target'[39m: [36m[Getter/Setter][39m,
      [[32mSymbol([webidl2js] constructor registry)[39m]: [36m[Object: null prototype][39m,
      [[32mSymbol(named property tracker)[39m]: [36m[NamedPropertiesTracker][39m
    }
  },
  suite: [Function: chain] {
    each: [36m[Function (anonymous)][39m,
    for: [36m[Function (anonymous)][39m,
    skipIf: [36m[Function (anonymous)][39m,
    runIf: [36m[Function (anonymous)][39m,
    withContext: [36m[Function (anonymous)][39m,
    setContext: [36m[Function (anonymous)][39m,
    mergeContext: [36m[Function (anonymous)][39m,
    fn: [Function: suiteFn] {
      each: [36m[Function (anonymous)][39m,
      for: [36m[Function (anonymous)][39m,
      skipIf: [36m[Function (anonymous)][39m,
      runIf: [36m[Function (anonymous)][39m
    }
  },
  test: [Function: chain] {
    each: [36m[Function (anonymous)][39m,
    for: [36m[Function (anonymous)][39m,
    skipIf: [36m[Function (anonymous)][39m,
    runIf: [36m[Function (anonymous)][39m,
    scoped: [36m[Function (anonymous)][39m,
    extend: [36m[Function (anonymous)][39m,
    beforeEach: [36m[Function: beforeEach][39m,
    afterEach: [36m[Function: afterEach][39m,
    beforeAll: [36m[Function: beforeAll][39m,
    afterAll: [36m[Function: afterAll][39m,
    withContext: [36m[Function (anonymous)][39m,
    setContext: [36m[Function (anonymous)][39m,
    mergeContext: [36m[Function (anonymous)][39m,
    fn: [Function (anonymous)] {
      each: [36m[Function (anonymous)][39m,
      for: [36m[Function (anonymous)][39m,
      skipIf: [36m[Function (anonymous)][39m,
      runIf: [36m[Function (anonymous)][39m,
      scoped: [36m[Function (anonymous)][39m,
      extend: [36m[Function (anonymous)][39m,
      beforeEach: [36m[Function: beforeEach][39m,
      afterEach: [36m[Function: afterEach][39m,
      beforeAll: [36m[Function: beforeAll][39m,
      afterAll: [36m[Function: afterAll][39m
    }
  },
  describe: [Function: chain] {
    each: [36m[Function (anonymous)][39m,
    for: [36m[Function (anonymous)][39m,
    skipIf: [36m[Function (anonymous)][39m,
    runIf: [36m[Function (anonymous)][39m,
    withContext: [36m[Function (anonymous)][39m,
    setContext: [36m[Function (anonymous)][39m,
    mergeContext: [36m[Function (anonymous)][39m,
    fn: [Function: suiteFn] {
      each: [36m[Function (anonymous)][39m,
      for: [36m[Function (anonymous)][39m,
      skipIf: [36m[Function (anonymous)][39m,
      runIf: [36m[Function (anonymous)][39m
    }
  },
  it: [Function: chain] {
    each: [36m[Function (anonymous)][39m,
    for: [36m[Function (anonymous)][39m,
    skipIf: [36m[Function (anonymous)][39m,
    runIf: [36m[Function (anonymous)][39m,
    scoped: [36m[Function (anonymous)][39m,
    extend: [36m[Function (anonymous)][39m,
    beforeEach: [36m[Function: beforeEach][39m,
    afterEach: [36m[Function: afterEach][39m,
    beforeAll: [36m[Function: beforeAll][39m,
    afterAll: [36m[Function: afterAll][39m,
    withContext: [36m[Function (anonymous)][39m,
    setContext: [36m[Function (anonymous)][39m,
    mergeContext: [36m[Function (anonymous)][39m,
    fn: [Function (anonymous)] {
      each: [36m[Function (anonymous)][39m,
      for: [36m[Function (anonymous)][39m,
      skipIf: [36m[Function (anonymous)][39m,
      runIf: [36m[Function (anonymous)][39m,
      scoped: [36m[Function (anonymous)][39m,
      extend: [36m[Function (anonymous)][39m,
      beforeEach: [36m[Function: beforeEach][39m,
      afterEach: [36m[Function: afterEach][39m,
      beforeAll: [36m[Function: beforeAll][39m,
      afterAll: [36m[Function: afterAll][39m
    }
  },
  chai: [Module: null prototype] {
    Assertion: [36m[class Assertion][39m,
    AssertionError: [36m[class AssertionError extends Error][39m,
    Should: [36m[Function: loadShould][39m,
    assert: [Function: assert] {
      fail: [36m[Function (anonymous)][39m,
      isOk: [36m[Function (anonymous)][39m,
      isNotOk: [36m[Function (anonymous)][39m,
      equal: [36m[Function (anonymous)][39m,
      notEqual: [36m[Function (anonymous)][39m,
      strictEqual: [36m[Function (anonymous)][39m,
      notStrictEqual: [36m[Function (anonymous)][39m,
      deepStrictEqual: [36m[Function (anonymous)][39m,
      deepEqual: [36m[Function (anonymous)][39m,
      notDeepEqual: [36m[Function (anonymous)][39m,
      isAbove: [36m[Function (anonymous)][39m,
      isAtLeast: [36m[Function (anonymous)][39m,
      isBelow: [36m[Function (anonymous)][39m,
      isAtMost: [36m[Function (anonymous)][39m,
      isTrue: [36m[Function (anonymous)][39m,
      isNotTrue: [36m[Function (anonymous)][39m,
      isFalse: [36m[Function (anonymous)][39m,
      isNotFalse: [36m[Function (anonymous)][39m,
      isNull: [36m[Function (anonymous)][39m,
      isNotNull: [36m[Function (anonymous)][39m,
      isNaN: [36m[Function (anonymous)][39m,
      isNotNaN: [36m[Function (anonymous)][39m,
      exists: [36m[Function (anonymous)][39m,
      notExists: [36m[Function (anonymous)][39m,
      isUndefined: [36m[Function (anonymous)][39m,
      isDefined: [36m[Function (anonymous)][39m,
      isCallable: [36m[Function (anonymous)][39m,
      isNotCallable: [36m[Function (anonymous)][39m,
      isObject: [36m[Function (anonymous)][39m,
      isNotObject: [36m[Function (anonymous)][39m,
      isArray: [36m[Function (anonymous)][39m,
      isNotArray: [36m[Function (anonymous)][39m,
      isString: [36m[Function (anonymous)][39m,
      isNotString: [36m[Function (anonymous)][39m,
      isNumber: [36m[Function (anonymous)][39m,
      isNotNumber: [36m[Function (anonymous)][39m,
      isNumeric: [36m[Function (anonymous)][39m,
      isNotNumeric: [36m[Function (anonymous)][39m,
      isFinite: [36m[Function (anonymous)][39m,
      isBoolean: [36m[Function (anonymous)][39m,
      isNotBoolean: [36m[Function (anonymous)][39m,
      typeOf: [36m[Function (anonymous)][39m,
      notTypeOf: [36m[Function (anonymous)][39m,
      instanceOf: [36m[Function (anonymous)][39m,
      notInstanceOf: [36m[Function (anonymous)][39m,
      include: [36m[Function (anonymous)][39m,
      notInclude: [36m[Function (anonymous)][39m,
      deepInclude: [36m[Function (anonymous)][39m,
      notDeepInclude: [36m[Function (anonymous)][39m,
      nestedInclude: [36m[Function (anonymous)][39m,
      notNestedInclude: [36m[Function (anonymous)][39m,
      deepNestedInclude: [36m[Function (anonymous)][39m,
      notDeepNestedInclude: [36m[Function (anonymous)][39m,
      ownInclude: [36m[Function (anonymous)][39m,
      notOwnInclude: [36m[Function (anonymous)][39m,
      deepOwnInclude: [36m[Function (anonymous)][39m,
      notDeepOwnInclude: [36m[Function (anonymous)][39m,
      match: [36m[Function (anonymous)][39m,
      notMatch: [36m[Function (anonymous)][39m,
      property: [36m[Function (anonymous)][39m,
      notProperty: [36m[Function (anonymous)][39m,
      propertyVal: [36m[Function (anonymous)][39m,
      notPropertyVal: [36m[Function (anonymous)][39m,
      deepPropertyVal: [36m[Function (anonymous)][39m,
      notDeepPropertyVal: [36m[Function (anonymous)][39m,
      ownProperty: [36m[Function (anonymous)][39m,
      notOwnProperty: [36m[Function (anonymous)][39m,
      ownPropertyVal: [36m[Function (anonymous)][39m,
      notOwnPropertyVal: [36m[Function (anonymous)][39m,
      deepOwnPropertyVal: [36m[Function (anonymous)][39m,
      notDeepOwnPropertyVal: [36m[Function (anonymous)][39m,
      nestedProperty: [36m[Function (anonymous)][39m,
      notNestedProperty: [36m[Function (anonymous)][39m,
      nestedPropertyVal: [36m[Function (anonymous)][39m,
      notNestedPropertyVal: [36m[Function (anonymous)][39m,
      deepNestedPropertyVal: [36m[Function (anonymous)][39m,
      notDeepNestedPropertyVal: [36m[Function (anonymous)][39m,
      lengthOf: [36m[Function (anonymous)][39m,
      hasAnyKeys: [36m[Function (anonymous)][39m,
      hasAllKeys: [36m[Function (anonymous)][39m,
      containsAllKeys: [36m[Function (anonymous)][39m,
      doesNotHaveAnyKeys: [36m[Function (anonymous)][39m,
      doesNotHaveAllKeys: [36m[Function (anonymous)][39m,
      hasAnyDeepKeys: [36m[Function (anonymous)][39m,
      hasAllDeepKeys: [36m[Function (anonymous)][39m,
      containsAllDeepKeys: [36m[Function (anonymous)][39m,
      doesNotHaveAnyDeepKeys: [36m[Function (anonymous)][39m,
      doesNotHaveAllDeepKeys: [36m[Function (anonymous)][39m,
      throws: [36m[Function (anonymous)][39m,
      doesNotThrow: [36m[Function (anonymous)][39m,
      operator: [36m[Function (anonymous)][39m,
      closeTo: [36m[Function (anonymous)][39m,
      approximately: [36m[Function (anonymous)][39m,
      sameMembers: [36m[Function (anonymous)][39m,
      notSameMembers: [36m[Function (anonymous)][39m,
      sameDeepMembers: [36m[Function (anonymous)][39m,
      notSameDeepMembers: [36m[Function (anonymous)][39m,
      sameOrderedMembers: [36m[Function (anonymous)][39m,
      notSameOrderedMembers: [36m[Function (anonymous)][39m,
      sameDeepOrderedMembers: [36m[Function (anonymous)][39m,
      notSameDeepOrderedMembers: [36m[Function (anonymous)][39m,
      includeMembers: [36m[Function (anonymous)][39m,
      notIncludeMembers: [36m[Function (anonymous)][39m,
      includeDeepMembers: [36m[Function (anonymous)][39m,
      notIncludeDeepMembers: [36m[Function (anonymous)][39m,
      includeOrderedMembers: [36m[Function (anonymous)][39m,
      notIncludeOrderedMembers: [36m[Function (anonymous)][39m,
      includeDeepOrderedMembers: [36m[Function (anonymous)][39m,
      notIncludeDeepOrderedMembers: [36m[Function (anonymous)][39m,
      oneOf: [36m[Function (anonymous)][39m,
      isIterable: [36m[Function (anonymous)][39m,
      changes: [36m[Function (anonymous)][39m,
      changesBy: [36m[Function (anonymous)][39m,
      doesNotChange: [36m[Function (anonymous)][39m,
      changesButNotBy: [36m[Function (anonymous)][39m,
      increases: [36m[Function (anonymous)][39m,
      increasesBy: [36m[Function (anonymous)][39m,
      doesNotIncrease: [36m[Function (anonymous)][39m,
      increasesButNotBy: [36m[Function (anonymous)][39m,
      decreases: [36m[Function (anonymous)][39m,
      decreasesBy: [36m[Function (anonymous)][39m,
      doesNotDecrease: [36m[Function (anonymous)][39m,
      doesNotDecreaseBy: [36m[Function (anonymous)][39m,
      decreasesButNotBy: [36m[Function (anonymous)][39m,
      ifError: [36m[Function (anonymous)][39m,
      isExtensible: [36m[Function (anonymous)][39m,
      isNotExtensible: [36m[Function (anonymous)][39m,
      isSealed: [36m[Function (anonymous)][39m,
      isNotSealed: [36m[Function (anonymous)][39m,
      isFrozen: [36m[Function (anonymous)][39m,
      isNotFrozen: [36m[Function (anonymous)][39m,
      isEmpty: [36m[Function (anonymous)][39m,
      isNotEmpty: [36m[Function (anonymous)][39m,
      containsSubset: [36m[Function (anonymous)][39m,
      doesNotContainSubset: [36m[Function (anonymous)][39m,
      ok: [36m[Function (anonymous)][39m,
      notOk: [36m[Function (anonymous)][39m,
      throw: [36m[Function (anonymous)][39m,
      Throw: [36m[Function (anonymous)][39m,
      extensible: [36m[Function (anonymous)][39m,
      notExtensible: [36m[Function (anonymous)][39m,
      sealed: [36m[Function (anonymous)][39m,
      notSealed: [36m[Function (anonymous)][39m,
      frozen: [36m[Function (anonymous)][39m,
      notFrozen: [36m[Function (anonymous)][39m,
      empty: [36m[Function (anonymous)][39m,
      notEmpty: [36m[Function (anonymous)][39m,
      isFunction: [36m[Function (anonymous)][39m,
      isNotFunction: [36m[Function (anonymous)][39m,
      containSubset: [36m[Function (anonymous)][39m
    },
    config: {
      includeStack: [33mfalse[39m,
      showDiff: [33mtrue[39m,
      truncateThreshold: [33m40[39m,
      useProxy: [33mtrue[39m,
      proxyExcludedKeys: [36m[Array][39m,
      deepEqual: [1mnull[22m
    },
    expect: [Function: expect] {
      fail: [36m[Function (anonymous)][39m,
      extend: [36m[Function: methodWrapper][39m,
      addSnapshotSerializer: [36m[Function: methodWrapper][39m,
      anything: [36m[Function: methodWrapper][39m,
      any: [36m[Function: methodWrapper][39m,
      stringContaining: [36m[Function: methodWrapper][39m,
      objectContaining: [36m[Function: methodWrapper][39m,
      arrayContaining: [36m[Function: methodWrapper][39m,
      stringMatching: [36m[Function: methodWrapper][39m,
      closeTo: [36m[Function: methodWrapper][39m,
      schemaMatching: [36m[Function: methodWrapper][39m,
      not: [36m[Object][39m,
      __flags: [36m[Object: null prototype][39m
    },
    should: [36m[Function: loadShould][39m,
    use: [36m[Function: use][39m,
    util: {
      addChainableMethod: [36m[Getter][39m,
      addLengthGuard: [36m[Getter][39m,
      addMethod: [36m[Getter][39m,
      addProperty: [36m[Getter][39m,
      checkError: [36m[Getter][39m,
      compareByInspect: [36m[Getter][39m,
      eql: [36m[Getter][39m,
      events: [36m[Getter][39m,
      expectTypes: [36m[Getter][39m,
      flag: [36m[Getter][39m,
      getActual: [36m[Getter][39m,
      getMessage: [36m[Getter][39m,
      getName: [36m[Getter][39m,
      getOperator: [36m[Getter][39m,
      getOwnEnumerableProperties: [36m[Getter][39m,
      getOwnEnumerablePropertySymbols: [36m[Getter][39m,
      getPathInfo: [36m[Getter][39m,
      hasProperty: [36m[Getter][39m,
      inspect: [36m[Getter][39m,
      isNaN: [36m[Getter][39m,
      isNumeric: [36m[Getter][39m,
      isProxyEnabled: [36m[Getter][39m,
      isRegExp: [36m[Getter][39m,
      objDisplay: [36m[Getter][39m,
      overwriteChainableMethod: [36m[Getter][39m,
      overwriteMethod: [36m[Getter][39m,
      overwriteProperty: [36m[Getter][39m,
      proxify: [36m[Getter][39m,
      test: [36m[Getter][39m,
      transferFlags: [36m[Getter][39m,
      type: [36m[Getter][39m
    }
  },
  expect: [Function: expect] {
    fail: [36m[Function (anonymous)][39m,
    extend: [36m[Function (anonymous)][39m,
    addSnapshotSerializer: [36m[Function: methodWrapper][39m,
    anything: [36m[Function: methodWrapper][39m,
    any: [36m[Function: methodWrapper][39m,
    stringContaining: [36m[Function: methodWrapper][39m,
    objectContaining: [36m[Function: methodWrapper][39m,
    arrayContaining: [36m[Function: methodWrapper][39m,
    stringMatching: [36m[Function: methodWrapper][39m,
    closeTo: [36m[Function: methodWrapper][39m,
    schemaMatching: [36m[Function: methodWrapper][39m,
    not: {
      stringContaining: [36m[Function: stringContaining][39m,
      objectContaining: [36m[Function: objectContaining][39m,
      arrayContaining: [36m[Function: arrayContaining][39m,
      stringMatching: [36m[Function: stringMatching][39m,
      closeTo: [36m[Function: closeTo][39m,
      schemaMatching: [36m[Function: schemaMatching][39m,
      toSatisfy: [36m[Function: value][39m,
      toBeOneOf: [36m[Function: value][39m
    },
    getState: [36m[Function (anonymous)][39m,
    setState: [36m[Function (anonymous)][39m,
    assert: [Function: assert] {
      fail: [36m[Function (anonymous)][39m,
      isOk: [36m[Function (anonymous)][39m,
      isNotOk: [36m[Function (anonymous)][39m,
      equal: [36m[Function (anonymous)][39m,
      notEqual: [36m[Function (anonymous)][39m,
      strictEqual: [36m[Function (anonymous)][39m,
      notStrictEqual: [36m[Function (anonymous)][39m,
      deepStrictEqual: [36m[Function (anonymous)][39m,
      deepEqual: [36m[Function (anonymous)][39m,
      notDeepEqual: [36m[Function (anonymous)][39m,
      isAbove: [36m[Function (anonymous)][39m,
      isAtLeast: [36m[Function (anonymous)][39m,
      isBelow: [36m[Function (anonymous)][39m,
      isAtMost: [36m[Function (anonymous)][39m,
      isTrue: [36m[Function (anonymous)][39m,
      isNotTrue: [36m[Function (anonymous)][39m,
      isFalse: [36m[Function (anonymous)][39m,
      isNotFalse: [36m[Function (anonymous)][39m,
      isNull: [36m[Function (anonymous)][39m,
      isNotNull: [36m[Function (anonymous)][39m,
      isNaN: [36m[Function (anonymous)][39m,
      isNotNaN: [36m[Function (anonymous)][39m,
      exists: [36m[Function (anonymous)][39m,
      notExists: [36m[Function (anonymous)][39m,
      isUndefined: [36m[Function (anonymous)][39m,
      isDefined: [36m[Function (anonymous)][39m,
      isCallable: [36m[Function (anonymous)][39m,
      isNotCallable: [36m[Function (anonymous)][39m,
      isObject: [36m[Function (anonymous)][39m,
      isNotObject: [36m[Function (anonymous)][39m,
      isArray: [36m[Function (anonymous)][39m,
      isNotArray: [36m[Function (anonymous)][39m,
      isString: [36m[Function (anonymous)][39m,
      isNotString: [36m[Function (anonymous)][39m,
      isNumber: [36m[Function (anonymous)][39m,
      isNotNumber: [36m[Function (anonymous)][39m,
      isNumeric: [36m[Function (anonymous)][39m,
      isNotNumeric: [36m[Function (anonymous)][39m,
      isFinite: [36m[Function (anonymous)][39m,
      isBoolean: [36m[Function (anonymous)][39m,
      isNotBoolean: [36m[Function (anonymous)][39m,
      typeOf: [36m[Function (anonymous)][39m,
      notTypeOf: [36m[Function (anonymous)][39m,
      instanceOf: [36m[Function (anonymous)][39m,
      notInstanceOf: [36m[Function (anonymous)][39m,
      include: [36m[Function (anonymous)][39m,
      notInclude: [36m[Function (anonymous)][39m,
      deepInclude: [36m[Function (anonymous)][39m,
      notDeepInclude: [36m[Function (anonymous)][39m,
      nestedInclude: [36m[Function (anonymous)][39m,
      notNestedInclude: [36m[Function (anonymous)][39m,
      deepNestedInclude: [36m[Function (anonymous)][39m,
      notDeepNestedInclude: [36m[Function (anonymous)][39m,
      ownInclude: [36m[Function (anonymous)][39m,
      notOwnInclude: [36m[Function (anonymous)][39m,
      deepOwnInclude: [36m[Function (anonymous)][39m,
      notDeepOwnInclude: [36m[Function (anonymous)][39m,
      match: [36m[Function (anonymous)][39m,
      notMatch: [36m[Function (anonymous)][39m,
      property: [36m[Function (anonymous)][39m,
      notProperty: [36m[Function (anonymous)][39m,
      propertyVal: [36m[Function (anonymous)][39m,
      notPropertyVal: [36m[Function (anonymous)][39m,
      deepPropertyVal: [36m[Function (anonymous)][39m,
      notDeepPropertyVal: [36m[Function (anonymous)][39m,
      ownProperty: [36m[Function (anonymous)][39m,
      notOwnProperty: [36m[Function (anonymous)][39m,
      ownPropertyVal: [36m[Function (anonymous)][39m,
      notOwnPropertyVal: [36m[Function (anonymous)][39m,
      deepOwnPropertyVal: [36m[Function (anonymous)][39m,
      notDeepOwnPropertyVal: [36m[Function (anonymous)][39m,
      nestedProperty: [36m[Function (anonymous)][39m,
      notNestedProperty: [36m[Function (anonymous)][39m,
      nestedPropertyVal: [36m[Function (anonymous)][39m,
      notNestedPropertyVal: [36m[Function (anonymous)][39m,
      deepNestedPropertyVal: [36m[Function (anonymous)][39m,
      notDeepNestedPropertyVal: [36m[Function (anonymous)][39m,
      lengthOf: [36m[Function (anonymous)][39m,
      hasAnyKeys: [36m[Function (anonymous)][39m,
      hasAllKeys: [36m[Function (anonymous)][39m,
      containsAllKeys: [36m[Function (anonymous)][39m,
      doesNotHaveAnyKeys: [36m[Function (anonymous)][39m,
      doesNotHaveAllKeys: [36m[Function (anonymous)][39m,
      hasAnyDeepKeys: [36m[Function (anonymous)][39m,
      hasAllDeepKeys: [36m[Function (anonymous)][39m,
      containsAllDeepKeys: [36m[Function (anonymous)][39m,
      doesNotHaveAnyDeepKeys: [36m[Function (anonymous)][39m,
      doesNotHaveAllDeepKeys: [36m[Function (anonymous)][39m,
      throws: [36m[Function (anonymous)][39m,
      doesNotThrow: [36m[Function (anonymous)][39m,
      operator: [36m[Function (anonymous)][39m,
      closeTo: [36m[Function (anonymous)][39m,
      approximately: [36m[Function (anonymous)][39m,
      sameMembers: [36m[Function (anonymous)][39m,
      notSameMembers: [36m[Function (anonymous)][39m,
      sameDeepMembers: [36m[Function (anonymous)][39m,
      notSameDeepMembers: [36m[Function (anonymous)][39m,
      sameOrderedMembers: [36m[Function (anonymous)][39m,
      notSameOrderedMembers: [36m[Function (anonymous)][39m,
      sameDeepOrderedMembers: [36m[Function (anonymous)][39m,
      notSameDeepOrderedMembers: [36m[Function (anonymous)][39m,
      includeMembers: [36m[Function (anonymous)][39m,
      notIncludeMembers: [36m[Function (anonymous)][39m,
      includeDeepMembers: [36m[Function (anonymous)][39m,
      notIncludeDeepMembers: [36m[Function (anonymous)][39m,
      includeOrderedMembers: [36m[Function (anonymous)][39m,
      notIncludeOrderedMembers: [36m[Function (anonymous)][39m,
      includeDeepOrderedMembers: [36m[Function (anonymous)][39m,
      notIncludeDeepOrderedMembers: [36m[Function (anonymous)][39m,
      oneOf: [36m[Function (anonymous)][39m,
      isIterable: [36m[Function (anonymous)][39m,
      changes: [36m[Function (anonymous)][39m,
      changesBy: [36m[Function (anonymous)][39m,
      doesNotChange: [36m[Function (anonymous)][39m,
      changesButNotBy: [36m[Function (anonymous)][39m,
      increases: [36m[Function (anonymous)][39m,
      increasesBy: [36m[Function (anonymous)][39m,
      doesNotIncrease: [36m[Function (anonymous)][39m,
      increasesButNotBy: [36m[Function (anonymous)][39m,
      decreases: [36m[Function (anonymous)][39m,
      decreasesBy: [36m[Function (anonymous)][39m,
      doesNotDecrease: [36m[Function (anonymous)][39m,
      doesNotDecreaseBy: [36m[Function (anonymous)][39m,
      decreasesButNotBy: [36m[Function (anonymous)][39m,
      ifError: [36m[Function (anonymous)][39m,
      isExtensible: [36m[Function (anonymous)][39m,
      isNotExtensible: [36m[Function (anonymous)][39m,
      isSealed: [36m[Function (anonymous)][39m,
      isNotSealed: [36m[Function (anonymous)][39m,
      isFrozen: [36m[Function (anonymous)][39m,
      isNotFrozen: [36m[Function (anonymous)][39m,
      isEmpty: [36m[Function (anonymous)][39m,
      isNotEmpty: [36m[Function (anonymous)][39m,
      containsSubset: [36m[Function (anonymous)][39m,
      doesNotContainSubset: [36m[Function (anonymous)][39m,
      ok: [36m[Function (anonymous)][39m,
      notOk: [36m[Function (anonymous)][39m,
      throw: [36m[Function (anonymous)][39m,
      Throw: [36m[Function (anonymous)][39m,
      extensible: [36m[Function (anonymous)][39m,
      notExtensible: [36m[Function (anonymous)][39m,
      sealed: [36m[Function (anonymous)][39m,
      notSealed: [36m[Function (anonymous)][39m,
      frozen: [36m[Function (anonymous)][39m,
      notFrozen: [36m[Function (anonymous)][39m,
      empty: [36m[Function (anonymous)][39m,
      notEmpty: [36m[Function (anonymous)][39m,
      isFunction: [36m[Function (anonymous)][39m,
      isNotFunction: [36m[Function (anonymous)][39m,
      containSubset: [36m[Function (anonymous)][39m
    },
    addEqualityTesters: [36m[Function (anonymous)][39m,
    soft: [36m[Function (anonymous)][39m,
    poll: [36m[Function: poll][39m,
    unreachable: [36m[Function (anonymous)][39m,
    assertions: [36m[Function: methodWrapper][39m,
    hasAssertions: [36m[Function: methodWrapper][39m,
    toSatisfy: [36m[Function: customMatcher][39m,
    toBeOneOf: [36m[Function: customMatcher][39m
  },
  assert: [Function: assert] {
    fail: [36m[Function (anonymous)][39m,
    isOk: [36m[Function (anonymous)][39m,
    isNotOk: [36m[Function (anonymous)][39m,
    equal: [36m[Function (anonymous)][39m,
    notEqual: [36m[Function (anonymous)][39m,
    strictEqual: [36m[Function (anonymous)][39m,
    notStrictEqual: [36m[Function (anonymous)][39m,
    deepStrictEqual: [36m[Function (anonymous)][39m,
    deepEqual: [36m[Function (anonymous)][39m,
    notDeepEqual: [36m[Function (anonymous)][39m,
    isAbove: [36m[Function (anonymous)][39m,
    isAtLeast: [36m[Function (anonymous)][39m,
    isBelow: [36m[Function (anonymous)][39m,
    isAtMost: [36m[Function (anonymous)][39m,
    isTrue: [36m[Function (anonymous)][39m,
    isNotTrue: [36m[Function (anonymous)][39m,
    isFalse: [36m[Function (anonymous)][39m,
    isNotFalse: [36m[Function (anonymous)][39m,
    isNull: [36m[Function (anonymous)][39m,
    isNotNull: [36m[Function (anonymous)][39m,
    isNaN: [36m[Function (anonymous)][39m,
    isNotNaN: [36m[Function (anonymous)][39m,
    exists: [36m[Function (anonymous)][39m,
    notExists: [36m[Function (anonymous)][39m,
    isUndefined: [36m[Function (anonymous)][39m,
    isDefined: [36m[Function (anonymous)][39m,
    isCallable: [36m[Function (anonymous)][39m,
    isNotCallable: [36m[Function (anonymous)][39m,
    isObject: [36m[Function (anonymous)][39m,
    isNotObject: [36m[Function (anonymous)][39m,
    isArray: [36m[Function (anonymous)][39m,
    isNotArray: [36m[Function (anonymous)][39m,
    isString: [36m[Function (anonymous)][39m,
    isNotString: [36m[Function (anonymous)][39m,
    isNumber: [36m[Function (anonymous)][39m,
    isNotNumber: [36m[Function (anonymous)][39m,
    isNumeric: [36m[Function (anonymous)][39m,
    isNotNumeric: [36m[Function (anonymous)][39m,
    isFinite: [36m[Function (anonymous)][39m,
    isBoolean: [36m[Function (anonymous)][39m,
    isNotBoolean: [36m[Function (anonymous)][39m,
    typeOf: [36m[Function (anonymous)][39m,
    notTypeOf: [36m[Function (anonymous)][39m,
    instanceOf: [36m[Function (anonymous)][39m,
    notInstanceOf: [36m[Function (anonymous)][39m,
    include: [36m[Function (anonymous)][39m,
    notInclude: [36m[Function (anonymous)][39m,
    deepInclude: [36m[Function (anonymous)][39m,
    notDeepInclude: [36m[Function (anonymous)][39m,
    nestedInclude: [36m[Function (anonymous)][39m,
    notNestedInclude: [36m[Function (anonymous)][39m,
    deepNestedInclude: [36m[Function (anonymous)][39m,
    notDeepNestedInclude: [36m[Function (anonymous)][39m,
    ownInclude: [36m[Function (anonymous)][39m,
    notOwnInclude: [36m[Function (anonymous)][39m,
    deepOwnInclude: [36m[Function (anonymous)][39m,
    notDeepOwnInclude: [36m[Function (anonymous)][39m,
    match: [36m[Function (anonymous)][39m,
    notMatch: [36m[Function (anonymous)][39m,
    property: [36m[Function (anonymous)][39m,
    notProperty: [36m[Function (anonymous)][39m,
    propertyVal: [36m[Function (anonymous)][39m,
    notPropertyVal: [36m[Function (anonymous)][39m,
    deepPropertyVal: [36m[Function (anonymous)][39m,
    notDeepPropertyVal: [36m[Function (anonymous)][39m,
    ownProperty: [36m[Function (anonymous)][39m,
    notOwnProperty: [36m[Function (anonymous)][39m,
    ownPropertyVal: [36m[Function (anonymous)][39m,
    notOwnPropertyVal: [36m[Function (anonymous)][39m,
    deepOwnPropertyVal: [36m[Function (anonymous)][39m,
    notDeepOwnPropertyVal: [36m[Function (anonymous)][39m,
    nestedProperty: [36m[Function (anonymous)][39m,
    notNestedProperty: [36m[Function (anonymous)][39m,
    nestedPropertyVal: [36m[Function (anonymous)][39m,
    notNestedPropertyVal: [36m[Function (anonymous)][39m,
    deepNestedPropertyVal: [36m[Function (anonymous)][39m,
    notDeepNestedPropertyVal: [36m[Function (anonymous)][39m,
    lengthOf: [36m[Function (anonymous)][39m,
    hasAnyKeys: [36m[Function (anonymous)][39m,
    hasAllKeys: [36m[Function (anonymous)][39m,
    containsAllKeys: [36m[Function (anonymous)][39m,
    doesNotHaveAnyKeys: [36m[Function (anonymous)][39m,
    doesNotHaveAllKeys: [36m[Function (anonymous)][39m,
    hasAnyDeepKeys: [36m[Function (anonymous)][39m,
    hasAllDeepKeys: [36m[Function (anonymous)][39m,
    containsAllDeepKeys: [36m[Function (anonymous)][39m,
    doesNotHaveAnyDeepKeys: [36m[Function (anonymous)][39m,
    doesNotHaveAllDeepKeys: [36m[Function (anonymous)][39m,
    throws: [36m[Function (anonymous)][39m,
    doesNotThrow: [36m[Function (anonymous)][39m,
    operator: [36m[Function (anonymous)][39m,
    closeTo: [36m[Function (anonymous)][39m,
    approximately: [36m[Function (anonymous)][39m,
    sameMembers: [36m[Function (anonymous)][39m,
    notSameMembers: [36m[Function (anonymous)][39m,
    sameDeepMembers: [36m[Function (anonymous)][39m,
    notSameDeepMembers: [36m[Function (anonymous)][39m,
    sameOrderedMembers: [36m[Function (anonymous)][39m,
    notSameOrderedMembers: [36m[Function (anonymous)][39m,
    sameDeepOrderedMembers: [36m[Function (anonymous)][39m,
    notSameDeepOrderedMembers: [36m[Function (anonymous)][39m,
    includeMembers: [36m[Function (anonymous)][39m,
    notIncludeMembers: [36m[Function (anonymous)][39m,
    includeDeepMembers: [36m[Function (anonymous)][39m,
    notIncludeDeepMembers: [36m[Function (anonymous)][39m,
    includeOrderedMembers: [36m[Function (anonymous)][39m,
    notIncludeOrderedMembers: [36m[Function (anonymous)][39m,
    includeDeepOrderedMembers: [36m[Function (anonymous)][39m,
    notIncludeDeepOrderedMembers: [36m[Function (anonymous)][39m,
    oneOf: [36m[Function (anonymous)][39m,
    isIterable: [36m[Function (anonymous)][39m,
    changes: [36m[Function (anonymous)][39m,
    changesBy: [36m[Function (anonymous)][39m,
    doesNotChange: [36m[Function (anonymous)][39m,
    changesButNotBy: [36m[Function (anonymous)][39m,
    increases: [36m[Function (anonymous)][39m,
    increasesBy: [36m[Function (anonymous)][39m,
    doesNotIncrease: [36m[Function (anonymous)][39m,
    increasesButNotBy: [36m[Function (anonymous)][39m,
    decreases: [36m[Function (anonymous)][39m,
    decreasesBy: [36m[Function (anonymous)][39m,
    doesNotDecrease: [36m[Function (anonymous)][39m,
    doesNotDecreaseBy: [36m[Function (anonymous)][39m,
    decreasesButNotBy: [36m[Function (anonymous)][39m,
    ifError: [36m[Function (anonymous)][39m,
    isExtensible: [36m[Function (anonymous)][39m,
    isNotExtensible: [36m[Function (anonymous)][39m,
    isSealed: [36m[Function (anonymous)][39m,
    isNotSealed: [36m[Function (anonymous)][39m,
    isFrozen: [36m[Function (anonymous)][39m,
    isNotFrozen: [36m[Function (anonymous)][39m,
    isEmpty: [36m[Function (anonymous)][39m,
    isNotEmpty: [36m[Function (anonymous)][39m,
    containsSubset: [36m[Function (anonymous)][39m,
    doesNotContainSubset: [36m[Function (anonymous)][39m,
    ok: [36m[Function (anonymous)][39m,
    notOk: [36m[Function (anonymous)][39m,
    throw: [36m[Function (anonymous)][39m,
    Throw: [36m[Function (anonymous)][39m,
    extensible: [36m[Function (anonymous)][39m,
    notExtensible: [36m[Function (anonymous)][39m,
    sealed: [36m[Function (anonymous)][39m,
    notSealed: [36m[Function (anonymous)][39m,
    frozen: [36m[Function (anonymous)][39m,
    notFrozen: [36m[Function (anonymous)][39m,
    empty: [36m[Function (anonymous)][39m,
    notEmpty: [36m[Function (anonymous)][39m,
    isFunction: [36m[Function (anonymous)][39m,
    isNotFunction: [36m[Function (anonymous)][39m,
    containSubset: [36m[Function (anonymous)][39m
  },
  expectTypeOf: [36m[Function: expectTypeOf][39m,
  assertType: [36m[Function: assertType][39m,
  vitest: {
    useFakeTimers: [36m[Function: useFakeTimers][39m,
    isFakeTimers: [36m[Function: isFakeTimers][39m,
    useRealTimers: [36m[Function: useRealTimers][39m,
    runOnlyPendingTimers: [36m[Function: runOnlyPendingTimers][39m,
    runOnlyPendingTimersAsync: [36m[AsyncFunction: runOnlyPendingTimersAsync][39m,
    runAllTimers: [36m[Function: runAllTimers][39m,
    runAllTimersAsync: [36m[AsyncFunction: runAllTimersAsync][39m,
    runAllTicks: [36m[Function: runAllTicks][39m,
    advanceTimersByTime: [36m[Function: advanceTimersByTime][39m,
    advanceTimersByTimeAsync: [36m[AsyncFunction: advanceTimersByTimeAsync][39m,
    advanceTimersToNextTimer: [36m[Function: advanceTimersToNextTimer][39m,
    advanceTimersToNextTimerAsync: [36m[AsyncFunction: advanceTimersToNextTimerAsync][39m,
    advanceTimersToNextFrame: [36m[Function: advanceTimersToNextFrame][39m,
    getTimerCount: [36m[Function: getTimerCount][39m,
    setSystemTime: [36m[Function: setSystemTime][39m,
    getMockedSystemTime: [36m[Function: getMockedSystemTime][39m,
    getRealSystemTime: [36m[Function: getRealSystemTime][39m,
    clearAllTimers: [36m[Function: clearAllTimers][39m,
    spyOn: [36m[Function: spyOn][39m,
    fn: [36m[Function: fn][39m,
    waitFor: [36m[Function: waitFor][39m,
    waitUntil: [36m[Function: waitUntil][39m,
    hoisted: [36m[Function: hoisted][39m,
    mock: [36m[Function: mock][39m,
    unmock: [36m[Function: unmock][39m,
    doMock: [36m[Function: doMock][39m,
    doUnmock: [36m[Function: doUnmock][39m,
    importActual: [36m[AsyncFunction: importActual][39m,
    importMock: [36m[AsyncFunction: importMock][39m,
    mockObject: [36m[Function: mockObject][39m,
    mocked: [36m[Function: mocked][39m,
    isMockFunction: [36m[Function: isMockFunction][39m,
    clearAllMocks: [36m[Function: clearAllMocks][39m,
    resetAllMocks: [36m[Function: resetAllMocks][39m,
    restoreAllMocks: [36m[Function: restoreAllMocks][39m,
    stubGlobal: [36m[Function: stubGlobal][39m,
    stubEnv: [36m[Function: stubEnv][39m,
    unstubAllGlobals: [36m[Function: unstubAllGlobals][39m,
    unstubAllEnvs: [36m[Function: unstubAllEnvs][39m,
    resetModules: [36m[Function: resetModules][39m,
    dynamicImportSettled: [36m[AsyncFunction: dynamicImportSettled][39m,
    setConfig: [36m[Function: setConfig][39m,
    resetConfig: [36m[Function: resetConfig][39m
  },
  vi: {
    useFakeTimers: [36m[Function: useFakeTimers][39m,
    isFakeTimers: [36m[Function: isFakeTimers][39m,
    useRealTimers: [36m[Function: useRealTimers][39m,
    runOnlyPendingTimers: [36m[Function: runOnlyPendingTimers][39m,
    runOnlyPendingTimersAsync: [36m[AsyncFunction: runOnlyPendingTimersAsync][39m,
    runAllTimers: [36m[Function: runAllTimers][39m,
    runAllTimersAsync: [36m[AsyncFunction: runAllTimersAsync][39m,
    runAllTicks: [36m[Function: runAllTicks][39m,
    advanceTimersByTime: [36m[Function: advanceTimersByTime][39m,
    advanceTimersByTimeAsync: [36m[AsyncFunction: advanceTimersByTimeAsync][39m,
    advanceTimersToNextTimer: [36m[Function: advanceTimersToNextTimer][39m,
    advanceTimersToNextTimerAsync: [36m[AsyncFunction: advanceTimersToNextTimerAsync][39m,
    advanceTimersToNextFrame: [36m[Function: advanceTimersToNextFrame][39m,
    getTimerCount: [36m[Function: getTimerCount][39m,
    setSystemTime: [36m[Function: setSystemTime][39m,
    getMockedSystemTime: [36m[Function: getMockedSystemTime][39m,
    getRealSystemTime: [36m[Function: getRealSystemTime][39m,
    clearAllTimers: [36m[Function: clearAllTimers][39m,
    spyOn: [36m[Function: spyOn][39m,
    fn: [36m[Function: fn][39m,
    waitFor: [36m[Function: waitFor][39m,
    waitUntil: [36m[Function: waitUntil][39m,
    hoisted: [36m[Function: hoisted][39m,
    mock: [36m[Function: mock][39m,
    unmock: [36m[Function: unmock][39m,
    doMock: [36m[Function: doMock][39m,
    doUnmock: [36m[Function: doUnmock][39m,
    importActual: [36m[AsyncFunction: importActual][39m,
    importMock: [36m[AsyncFunction: importMock][39m,
    mockObject: [36m[Function: mockObject][39m,
    mocked: [36m[Function: mocked][39m,
    isMockFunction: [36m[Function: isMockFunction][39m,
    clearAllMocks: [36m[Function: clearAllMocks][39m,
    resetAllMocks: [36m[Function: resetAllMocks][39m,
    restoreAllMocks: [36m[Function: restoreAllMocks][39m,
    stubGlobal: [36m[Function: stubGlobal][39m,
    stubEnv: [36m[Function: stubEnv][39m,
    unstubAllGlobals: [36m[Function: unstubAllGlobals][39m,
    unstubAllEnvs: [36m[Function: unstubAllEnvs][39m,
    resetModules: [36m[Function: resetModules][39m,
    dynamicImportSettled: [36m[AsyncFunction: dynamicImportSettled][39m,
    setConfig: [36m[Function: setConfig][39m,
    resetConfig: [36m[Function: resetConfig][39m
  },
  beforeAll: [36m[Function: beforeAll][39m,
  afterAll: [36m[Function: afterAll][39m,
  beforeEach: [36m[Function: beforeEach][39m,
  afterEach: [36m[Function: afterEach][39m,
  onTestFinished: [36m[Function (anonymous)][39m,
  onTestFailed: [36m[Function (anonymous)][39m,
  __vitest_required__: {
    util: {
      _errnoException: [36m[Function: _errnoException][39m,
      _exceptionWithHostPort: [36m[Function: _exceptionWithHostPort][39m,
      _extend: [36m[Function: deprecated][39m,
      callbackify: [36m[Function: callbackify][39m,
      debug: [36m[Function: debuglog][39m,
      debuglog: [36m[Function: debuglog][39m,
      deprecate: [36m[Function: deprecate][39m,
      format: [36m[Function: format][39m,
      styleText: [36m[Function: styleText][39m,
      formatWithOptions: [36m[Function: formatWithOptions][39m,
      getCallSite: [36m[Function: deprecated][39m,
      getCallSites: [36m[Function: getCallSites][39m,
      getSystemErrorMap: [36m[Function: getSystemErrorMap][39m,
      getSystemErrorName: [36m[Function: getSystemErrorName][39m,
      getSystemErrorMessage: [36m[Function: getSystemErrorMessage][39m,
      inherits: [36m[Function: inherits][39m,
      inspect: [36m[Function][39m,
      isArray: [36m[Function: deprecated][39m,
      isBoolean: [36m[Function: deprecated][39m,
      isBuffer: [36m[Function: deprecated][39m,
      isDeepStrictEqual: [36m[Function: isDeepStrictEqual][39m,
      isNull: [36m[Function: deprecated][39m,
      isNullOrUndefined: [36m[Function: deprecated][39m,
      isNumber: [36m[Function: deprecated][39m,
      isString: [36m[Function: deprecated][39m,
      isSymbol: [36m[Function: deprecated][39m,
      isUndefined: [36m[Function: deprecated][39m,
      isRegExp: [36m[Function: deprecated][39m,
      isObject: [36m[Function: deprecated][39m,
      isDate: [36m[Function: deprecated][39m,
      isError: [36m[Function: deprecated][39m,
      isFunction: [36m[Function: deprecated][39m,
      isPrimitive: [36m[Function: deprecated][39m,
      log: [36m[Function: deprecated][39m,
      promisify: [36m[Function][39m,
      stripVTControlCharacters: [36m[Function: stripVTControlCharacters][39m,
      toUSVString: [36m[Function: toUSVString][39m,
      transferableAbortSignal: [36m[Getter][39m,
      transferableAbortController: [36m[Getter][39m,
      aborted: [36m[Getter][39m,
      types: [36m[Object][39m,
      parseEnv: [36m[Function: parseEnv][39m,
      parseArgs: [36m[Function: parseArgs][39m,
      TextDecoder: [36m[class TextDecoder][39m,
      TextEncoder: [36m[class TextEncoder][39m,
      MIMEType: [36m[class MIMEType][39m,
      MIMEParams: [36m[class MIMEParams][39m,
      diff: [36m[Function: diff][39m,
      setTraceSigInt: [36m[Function: setTraceSigInt][39m
    },
    timers: {
      setTimeout: [36m[Function][39m,
      clearTimeout: [36m[Function: clearTimeout][39m,
      setImmediate: [36m[Function][39m,
      clearImmediate: [36m[Function: clearImmediate][39m,
      setInterval: [36m[Function: setInterval][39m,
      clearInterval: [36m[Function: clearInterval][39m,
      _unrefActive: [36m[Function: deprecated][39m,
      active: [36m[Function: deprecated][39m,
      unenroll: [36m[Function: deprecated][39m,
      enroll: [36m[Function: deprecated][39m,
      promises: [36m[Getter][39m
    },
    timersPromises: {
      setTimeout: [36m[Function: setTimeout][39m,
      setImmediate: [36m[Function: setImmediate][39m,
      setInterval: [36m[AsyncGeneratorFunction: setInterval][39m,
      scheduler: [36m[Scheduler][39m
    }
  },
  ch: [33m107[39m,
  ResizeObserver: [36m[class ResizeObserverMock][39m,
  [[32mSymbol(vitest:SAFE_TIMERS)[39m]: {
    nextTick: [36m[Function: nextTick][39m,
    setTimeout: [Function: setTimeout] {
      [[32mSymbol(nodejs.util.promisify.custom)[39m]: [36m[Getter][39m
    },
    setInterval: [36m[Function: setInterval][39m,
    clearInterval: [36m[Function: clearInterval][39m,
    clearTimeout: [36m[Function: clearTimeout][39m,
    setImmediate: [Function: setImmediate] {
      [[32mSymbol(nodejs.util.promisify.custom)[39m]: [36m[Getter][39m
    },
    clearImmediate: [36m[Function: clearImmediate][39m,
    queueMicrotask: [36m[Function: queueMicrotask][39m
  }
}

[90mstderr[2m | src/components/__tests__/tool-header.test.ts[2m > [22m[2mToolHeader[2m > 
[22m[2mStyling[2m > [22m[2mshould have proper spacing
[22m[39mBaseComponent.init failed: TypeError: this.bindEvents is not a function
    at ToolHeader.init (C:/Users/DrawF/OneDrive/Projects/CodingProjects/XIVProjects/xivdyetools-web-app/src/compo
nents/base-component.ts:86:12)
    at C:/Users/DrawF/OneDrive/Projects/CodingProjects/XIVProjects/xivdyetools-web-app/src/components/__tests__/t
ool-header.test.ts:133:17
    at [90mfile:///C:/Users/DrawF/OneDrive/Projects/CodingProjects/XIVProjects/xivdyetools-web-app/[39mnode_mod
ules/[4m@vitest/runner[24m/dist/index.js:145:11
    at [90mfile:///C:/Users/DrawF/OneDrive/Projects/CodingProjects/XIVProjects/xivdyetools-web-app/[39mnode_mod
ules/[4m@vitest/runner[24m/dist/index.js:912:26
    at [90mfile:///C:/Users/DrawF/OneDrive/Projects/CodingProjects/XIVProjects/xivdyetools-web-app/[39mnode_mod
ules/[4m@vitest/runner[24m/dist/index.js:1237:20
    at new Promise (<anonymous>)
    at runWithTimeout [90m(file:///C:/Users/DrawF/OneDrive/Projects/CodingProjects/XIVProjects/xivdyetools-web-a
pp/[39mnode_modules/[4m@vitest/runner[24m/dist/index.js:1203:10[90m)[39m
    at [90mfile:///C:/Users/DrawF/OneDrive/Projects/CodingProjects/XIVProjects/xivdyetools-web-app/[39mnode_mod
ules/[4m@vitest/runner[24m/dist/index.js:1647:37
    at Traces.$ [90m(file:///C:/Users/DrawF/OneDrive/Projects/CodingProjects/XIVProjects/xivdyetools-web-app/[3
9mnode_modules/[4mvitest[24m/dist/chunks/traces.U4xDYhzZ.js:115:27[90m)[39m
    at trace [90m(file:///C:/Users/DrawF/OneDrive/Projects/CodingProjects/XIVProjects/xivdyetools-web-app/[39mn
ode_modules/[4mvitest[24m/dist/chunks/test.DqQZzsWf.js:234:21[90m)[39m

[90mstderr[2m | src/components/__tests__/tutorial-spotlight.test.ts[2m > [22m[2mTutorialSpotlight[2m > 
[22m[2mStep Display[2m > [22m[2mshould display progress dots
[22m[39mBaseComponent.on: Target is not HTMLElement, Document, or Window [36m<ref *1>[39m Object [global] {
  global: [36m[Circular *1][39m,
  clearImmediate: [Function: clearImmediate] {
    hadOwnProperty: [33mtrue[39m,
    clock: {
      now: [33m1764681223283[39m,
      Date: [36m[Function][39m,
      loopLimit: [33m10000[39m,
      Intl: [36m[Object][39m,
      requestIdleCallback: [36m[Function: requestIdleCallback][39m,
      cancelIdleCallback: [36m[Function: cancelIdleCallback][39m,
      setTimeout: [36m[Function][39m,
      clearTimeout: [36m[Function][39m,
      nextTick: [36m[Function: nextTick][39m,
      queueMicrotask: [36m[Function: queueMicrotask][39m,
      setInterval: [36m[Function][39m,
      clearInterval: [36m[Function][39m,
      setImmediate: [36m[Function][39m,
      clearImmediate: [36m[Function][39m,
      countTimers: [36m[Function: countTimers][39m,
      requestAnimationFrame: [36m[Function][39m,
      cancelAnimationFrame: [36m[Function][39m,
      runMicrotasks: [36m[Function: runMicrotasks][39m,
      tick: [36m[Function: tick][39m,
      tickAsync: [36m[Function: tickAsync][39m,
      next: [36m[Function: next][39m,
      nextAsync: [36m[Function: nextAsync][39m,
      runAll: [36m[Function: runAll][39m,
      runToFrame: [36m[Function: runToFrame][39m,
      runAllAsync: [36m[Function: runAllAsync][39m,
      runToLast: [36m[Function: runToLast][39m,
      runToLastAsync: [36m[Function: runToLastAsync][39m,
      reset: [36m[Function: reset][39m,
      setSystemTime: [36m[Function: setSystemTime][39m,
      jump: [36m[Function: jump][39m,
      performance: [36m[Object: null prototype][39m,
      hrtime: [36m[Function][39m,
      shouldClearNativeTimers: [33mtrue[39m,
      uninstall: [36m[Function (anonymous)][39m,
      abortListenerMap: Map(0) {},
      methods: [36m[Array][39m,
      _setTimeout: [36m[Function][39m,
      _clearTimeout: [36m[Function: clearTimeout][39m,
      _setInterval: [36m[Function: setInterval][39m,
      _clearInterval: [36m[Function: clearInterval][39m,
      _Date: [36m[Function: Date][39m,
      _setImmediate: [36m[Function][39m,
      _clearImmediate: [36m[Function: clearImmediate][39m,
      _hrtime: [36m[Function][39m,
      _performance: [36m[Performance][39m,
      _requestAnimationFrame: [36m[Function: bound ][39m,
      _cancelAnimationFrame: [36m[Function: bound ][39m,
      _Intl: Object [Intl] {}
    }
  },
  setImmediate: [Function: setImmediate] {
    hadOwnProperty: [33mtrue[39m,
    clock: {
      now: [33m1764681223283[39m,
      Date: [36m[Function][39m,
      loopLimit: [33m10000[39m,
      Intl: [36m[Object][39m,
      requestIdleCallback: [36m[Function: requestIdleCallback][39m,
      cancelIdleCallback: [36m[Function: cancelIdleCallback][39m,
      setTimeout: [36m[Function][39m,
      clearTimeout: [36m[Function][39m,
      nextTick: [36m[Function: nextTick][39m,
      queueMicrotask: [36m[Function: queueMicrotask][39m,
      setInterval: [36m[Function][39m,
      clearInterval: [36m[Function][39m,
      setImmediate: [36m[Function][39m,
      clearImmediate: [36m[Function][39m,
      countTimers: [36m[Function: countTimers][39m,
      requestAnimationFrame: [36m[Function][39m,
      cancelAnimationFrame: [36m[Function][39m,
      runMicrotasks: [36m[Function: runMicrotasks][39m,
      tick: [36m[Function: tick][39m,
      tickAsync: [36m[Function: tickAsync][39m,
      next: [36m[Function: next][39m,
      nextAsync: [36m[Function: nextAsync][39m,
      runAll: [36m[Function: runAll][39m,
      runToFrame: [36m[Function: runToFrame][39m,
      runAllAsync: [36m[Function: runAllAsync][39m,
      runToLast: [36m[Function: runToLast][39m,
      runToLastAsync: [36m[Function: runToLastAsync][39m,
      reset: [36m[Function: reset][39m,
      setSystemTime: [36m[Function: setSystemTime][39m,
      jump: [36m[Function: jump][39m,
      performance: [36m[Object: null prototype][39m,
      hrtime: [36m[Function][39m,
      shouldClearNativeTimers: [33mtrue[39m,
      uninstall: [36m[Function (anonymous)][39m,
      abortListenerMap: Map(0) {},
      methods: [36m[Array][39m,
      _setTimeout: [36m[Function][39m,
      _clearTimeout: [36m[Function: clearTimeout][39m,
      _setInterval: [36m[Function: setInterval][39m,
      _clearInterval: [36m[Function: clearInterval][39m,
      _Date: [36m[Function: Date][39m,
      _setImmediate: [36m[Function][39m,
      _clearImmediate: [36m[Function: clearImmediate][39m,
      _hrtime: [36m[Function][39m,
      _performance: [36m[Performance][39m,
      _requestAnimationFrame: [36m[Function: bound ][39m,
      _cancelAnimationFrame: [36m[Function: bound ][39m,
      _Intl: Object [Intl] {}
    },
    [[32mSymbol(nodejs.util.promisify.custom)[39m]: [36m[Function: promisifiedSetImmediate][39m
  },
  clearInterval: [Function: clearInterval] {
    hadOwnProperty: [33mtrue[39m,
    clock: {
      now: [33m1764681223283[39m,
      Date: [36m[Function][39m,
      loopLimit: [33m10000[39m,
      Intl: [36m[Object][39m,
      requestIdleCallback: [36m[Function: requestIdleCallback][39m,
      cancelIdleCallback: [36m[Function: cancelIdleCallback][39m,
      setTimeout: [36m[Function][39m,
      clearTimeout: [36m[Function][39m,
      nextTick: [36m[Function: nextTick][39m,
      queueMicrotask: [36m[Function: queueMicrotask][39m,
      setInterval: [36m[Function][39m,
      clearInterval: [36m[Function][39m,
      setImmediate: [36m[Function][39m,
      clearImmediate: [36m[Function][39m,
      countTimers: [36m[Function: countTimers][39m,
      requestAnimationFrame: [36m[Function][39m,
      cancelAnimationFrame: [36m[Function][39m,
      runMicrotasks: [36m[Function: runMicrotasks][39m,
      tick: [36m[Function: tick][39m,
      tickAsync: [36m[Function: tickAsync][39m,
      next: [36m[Function: next][39m,
      nextAsync: [36m[Function: nextAsync][39m,
      runAll: [36m[Function: runAll][39m,
      runToFrame: [36m[Function: runToFrame][39m,
      runAllAsync: [36m[Function: runAllAsync][39m,
      runToLast: [36m[Function: runToLast][39m,
      runToLastAsync: [36m[Function: runToLastAsync][39m,
      reset: [36m[Function: reset][39m,
      setSystemTime: [36m[Function: setSystemTime][39m,
      jump: [36m[Function: jump][39m,
      performance: [36m[Object: null prototype][39m,
      hrtime: [36m[Function][39m,
      shouldClearNativeTimers: [33mtrue[39m,
      uninstall: [36m[Function (anonymous)][39m,
      abortListenerMap: Map(0) {},
      methods: [36m[Array][39m,
      _setTimeout: [36m[Function][39m,
      _clearTimeout: [36m[Function: clearTimeout][39m,
 [32mΓ£ô[39m src/components/__tests__/theme-switcher.test.ts[2m > [22mThemeSwitcher[2m > [22mAccessibility[2m > [22mshould update aria-expanded when dropdown closes[32m 102[2mms[22m[39m
      _setInterval: [36m[Function: setInterval][39m,
      _clearInterval: [36m[Function: clearInterval][39m,
      _Date: [36m[Function: Date][39m,
      _setImmediate: [36m[Function][39m,
      _clearImmediate: [36m[Function: clearImmediate][39m,
      _hrtime: [36m[Function][39m,
      _performance: [36m[Performance][39m,
      _requestAnimationFrame: [36m[Function: bound ][39m,
      _cancelAnimationFrame: [36m[Function: bound ][39m,
      _Intl: Object [Intl] {}
    }
  },
  clearTimeout: [Function: clearTimeout] {
    hadOwnProperty: [33mtrue[39m,
    clock: {
      now: [33m1764681223283[39m,
      Date: [36m[Function][39m,
      loopLimit: [33m10000[39m,
      Intl: [36m[Object][39m,
      requestIdleCallback: [36m[Function: requestIdleCallback][39m,
      cancelIdleCallback: [36m[Function: cancelIdleCallback][39m,
      setTimeout: [36m[Function][39m,
      clearTimeout: [36m[Function][39m,
      nextTick: [36m[Function: nextTick][39m,
      queueMicrotask: [36m[Function: queueMicrotask][39m,
      setInterval: [36m[Function][39m,
      clearInterval: [36m[Function][39m,
      setImmediate: [36m[Function][39m,
      clearImmediate: [36m[Function][39m,
      countTimers: [36m[Function: countTimers][39m,
      requestAnimationFrame: [36m[Function][39m,
      cancelAnimationFrame: [36m[Function][39m,
      runMicrotasks: [36m[Function: runMicrotasks][39m,
      tick: [36m[Function: tick][39m,
      tickAsync: [36m[Function: tickAsync][39m,
      next: [36m[Function: next][39m,
      nextAsync: [36m[Function: nextAsync][39m,
      runAll: [36m[Function: runAll][39m,
      runToFrame: [36m[Function: runToFrame][39m,
      runAllAsync: [36m[Function: runAllAsync][39m,
      runToLast: [36m[Function: runToLast][39m,
      runToLastAsync: [36m[Function: runToLastAsync][39m,
      reset: [36m[Function: reset][39m,
      setSystemTime: [36m[Function: setSystemTime][39m,
      jump: [36m[Function: jump][39m,
      performance: [36m[Object: null prototype][39m,
      hrtime: [36m[Function][39m,
      shouldClearNativeTimers: [33mtrue[39m,
      uninstall: [36m[Function (anonymous)][39m,
      abortListenerMap: Map(0) {},
      methods: [36m[Array][39m,
      _setTimeout: [36m[Function][39m,
      _clearTimeout: [36m[Function: clearTimeout][39m,
      _setInterval: [36m[Function: setInterval][39m,
      _clearInterval: [36m[Function: clearInterval][39m,
      _Date: [36m[Function: Date][39m,
      _setImmediate: [36m[Function][39m,
      _clearImmediate: [36m[Function: clearImmediate][39m,
      _hrtime: [36m[Function][39m,
      _performance: [36m[Performance][39m,
      _requestAnimationFrame: [36m[Function: bound ][39m,
      _cancelAnimationFrame: [36m[Function: bound ][39m,
      _Intl: Object [Intl] {}
    }
  },
  setInterval: [Function: setInterval] {
    hadOwnProperty: [33mtrue[39m,
    clock: {
      now: [33m1764681223283[39m,
      Date: [36m[Function][39m,
      loopLimit: [33m10000[39m,
      Intl: [36m[Object][39m,
      requestIdleCallback: [36m[Function: requestIdleCallback][39m,
      cancelIdleCallback: [36m[Function: cancelIdleCallback][39m,
      setTimeout: [36m[Function][39m,
      clearTimeout: [36m[Function][39m,
      nextTick: [36m[Function: nextTick][39m,
      queueMicrotask: [36m[Function: queueMicrotask][39m,
      setInterval: [36m[Function][39m,
      clearInterval: [36m[Function][39m,
      setImmediate: [36m[Function][39m,
      clearImmediate: [36m[Function][39m,
      countTimers: [36m[Function: countTimers][39m,
      requestAnimationFrame: [36m[Function][39m,
      cancelAnimationFrame: [36m[Function][39m,
      runMicrotasks: [36m[Function: runMicrotasks][39m,
      tick: [36m[Function: tick][39m,
      tickAsync: [36m[Function: tickAsync][39m,
      next: [36m[Function: next][39m,
      nextAsync: [36m[Function: nextAsync][39m,
      runAll: [36m[Function: runAll][39m,
      runToFrame: [36m[Function: runToFrame][39m,
      runAllAsync: [36m[Function: runAllAsync][39m,
      runToLast: [36m[Function: runToLast][39m,
      runToLastAsync: [36m[Function: runToLastAsync][39m,
      reset: [36m[Function: reset][39m,
      setSystemTime: [36m[Function: setSystemTime][39m,
      jump: [36m[Function: jump][39m,
      performance: [36m[Object: null prototype][39m,
      hrtime: [36m[Function][39m,
      shouldClearNativeTimers: [33mtrue[39m,
      uninstall: [36m[Function (anonymous)][39m,
      abortListenerMap: Map(0) {},
      methods: [36m[Array][39m,
      _setTimeout: [36m[Function][39m,
      _clearTimeout: [36m[Function: clearTimeout][39m,
      _setInterval: [36m[Function: setInterval][39m,
      _clearInterval: [36m[Function: clearInterval][39m,
      _Date: [36m[Function: Date][39m,
      _setImmediate: [36m[Function][39m,
      _clearImmediate: [36m[Function: clearImmediate][39m,
      _hrtime: [36m[Function][39m,
      _performance: [36m[Performance][39m,
      _requestAnimationFrame: [36m[Function: bound ][39m,
      _cancelAnimationFrame: [36m[Function: bound ][39m,
      _Intl: Object [Intl] {}
    }
  },
  setTimeout: [Function: setTimeout] {
    hadOwnProperty: [33mtrue[39m,
    clock: {
      now: [33m1764681223283[39m,
      Date: [36m[Function][39m,
      loopLimit: [33m10000[39m,
      Intl: [36m[Object][39m,
      requestIdleCallback: [36m[Function: requestIdleCallback][39m,
      cancelIdleCallback: [36m[Function: cancelIdleCallback][39m,
      setTimeout: [36m[Function][39m,
      clearTimeout: [36m[Function][39m,
      nextTick: [36m[Function: nextTick][39m,
      queueMicrotask: [36m[Function: queueMicrotask][39m,
      setInterval: [36m[Function][39m,
      clearInterval: [36m[Function][39m,
      setImmediate: [36m[Function][39m,
      clearImmediate: [36m[Function][39m,
      countTimers: [36m[Function: countTimers][39m,
      requestAnimationFrame: [36m[Function][39m,
      cancelAnimationFrame: [36m[Function][39m,
      runMicrotasks: [36m[Function: runMicrotasks][39m,
      tick: [36m[Function: tick][39m,
      tickAsync: [36m[Function: tickAsync][39m,
      next: [36m[Function: next][39m,
      nextAsync: [36m[Function: nextAsync][39m,
      runAll: [36m[Function: runAll][39m,
      runToFrame: [36m[Function: runToFrame][39m,
      runAllAsync: [36m[Function: runAllAsync][39m,
      runToLast: [36m[Function: runToLast][39m,
      runToLastAsync: [36m[Function: runToLastAsync][39m,
      reset: [36m[Function: reset][39m,
      setSystemTime: [36m[Function: setSystemTime][39m,
      jump: [36m[Function: jump][39m,
      performance: [36m[Object: null prototype][39m,
      hrtime: [36m[Function][39m,
      shouldClearNativeTimers: [33mtrue[39m,
      uninstall: [36m[Function (anonymous)][39m,
      abortListenerMap: Map(0) {},
      methods: [36m[Array][39m,
      _setTimeout: [36m[Function][39m,
      _clearTimeout: [36m[Function: clearTimeout][39m,
      _setInterval: [36m[Function: setInterval][39m,
      _clearInterval: [36m[Function: clearInterval][39m,
      _Date: [36m[Function: Date][39m,
      _setImmediate: [36m[Function][39m,
      _clearImmediate: [36m[Function: clearImmediate][39m,
      _hrtime: [36m[Function][39m,
      _performance: [36m[Performance][39m,
      _requestAnimationFrame: [36m[Function: bound ][39m,
      _cancelAnimationFrame: [36m[Function: bound ][39m,
      _Intl: Object [Intl] {}
    },
    [[32mSymbol(nodejs.util.promisify.custom)[39m]: [36m[Function: promisifiedSetTimeout][39m
  },
  queueMicrotask: [36m[Function: queueMicrotask][39m,
  structuredClone: [36m[Function: structuredClone][39m,
  atob: [36m[Function: atob][39m,
  btoa: [36m[Function: btoa][39m,
  performance: [36m[Getter/Setter][39m,
  fetch: [36m[Function: fetch][39m,
  navigator: [36m[Getter/Setter][39m,
  crypto: [36m[Getter][39m,
  window: [36m[Circular *1][39m,
  self: [36m[Circular *1][39m,
  top: [36m[Circular *1][39m,
  parent: [36m[Circular *1][39m,
  jsdom: JSDOM {
    [[32mSymbol(window)[39m]: [36m<ref *2>[39m Window {
      StyleSheet: [36m[Function: StyleSheet][39m,
      MediaList: [36m[Function: MediaList][39m,
      CSSStyleSheet: [36m[Function: CSSStyleSheet][39m,
      CSSRule: [36m[Function][39m,
      CSSStyleRule: [36m[Function][39m,
      CSSMediaRule: [36m[Function: CSSMediaRule][39m,
      CSSImportRule: [36m[Function: CSSImportRule][39m,
      CSSStyleDeclaration: [36m[class CSSStyleDeclaration][39m,
 [32mΓ£ô[39m src/components/__tests__/theme-switcher.test.ts[2m > [22mThemeSwitcher[2m > [22mDropdown Interaction[2m > [22mshould toggle dropdown on button click[32m 74[2mms[22m[39m
 [32mΓ£ô[39m src/components/__tests__/image-upload-display.test.ts[2m > [22mImageUploadDisplay[2m > [22mhandleFiles branch coverage[2m > [22mshould handle FileReader error[32m 79[2mms[22m[39m
 [32mΓ£ô[39m src/components/__tests__/accessibility-checker-tool.test.ts[2m > [22mAccessibilityCheckerTool Component[2m > [22mAccessibility (A11y)[2m > [22mshould provide descriptive labels[32m 6[2mms[22m[39m
 [32mΓ£ô[39m src/components/__tests__/accessibility-checker-tool.test.ts[2m > [22mAccessibilityCheckerTool Component[2m > [22mAccessibility (A11y)[2m > [22mshould be keyboard navigable[32m 5[2mms[22m[39m
 [32mΓ£ô[39m src/components/__tests__/accessibility-checker-tool.test.ts[2m > [22mAccessibilityCheckerTool Component[2m > [22mAccessibility (A11y)[2m > [22mshould have sufficient color contrast[32m 5[2mms[22m[39m
 [32mΓ£ô[39m src/components/__tests__/accessibility-checker-tool.test.ts[2m > [22mAccessibilityCheckerTool Component[2m > [22mAccessibility (A11y)[2m > [22mshould provide screen reader support[32m 5[2mms[22m[39m
 [32mΓ£ô[39m src/components/__tests__/accessibility-checker-tool.test.ts[2m > [22mAccessibilityCheckerTool Component[2m > [22mEdge Cases[2m > [22mshould handle all colorblind types[32m 5[2mms[22m[39m
 [32mΓ£ô[39m src/components/__tests__/accessibility-checker-tool.test.ts[2m > [22mAccessibilityCheckerTool Component[2m > [22mEdge Cases[2m > [22mshould handle intensity at minimum (0)[32m 15[2mms[22m[39m
 [32mΓ£ô[39m src/components/__tests__/accessibility-checker-tool.test.ts[2m > [22mAccessibilityCheckerTool Component[2m > [22mEdge Cases[2m > [22mshould handle intensity at maximum (100)[32m 7[2mms[22m[39m
 [32mΓ£ô[39m src/components/__tests__/accessibility-checker-tool.test.ts[2m > [22mAccessibilityCheckerTool Component[2m > [22mEdge Cases[2m > [22mshould handle all 6 outfit slots filled[32m 7[2mms[22m[39m
 [32mΓ£ô[39m src/components/__tests__/accessibility-checker-tool.test.ts[2m > [22mAccessibilityCheckerTool Component[2m > [22mEdge Cases[2m > [22mshould handle no dyes selected[32m 8[2mms[22m[39m
 [32mΓ£ô[39m src/components/__tests__/accessibility-checker-tool.test.ts[2m > [22mAccessibilityCheckerTool Component[2m > [22mEdge Cases[2m > [22mshould handle mixed dual/single dyes[32m 9[2mms[22m[39m
 [32mΓ£ô[39m src/components/__tests__/accessibility-checker-tool.test.ts[2m > [22mAccessibilityCheckerTool Component[2m > [22manalyzeDye method[2m > [22mshould return DyeAccessibilityResult with all required fields[32m 10[2mms[22m[39m
 [32mΓ£ô[39m src/components/__tests__/accessibility-checker-tool.test.ts[2m > [22mAccessibilityCheckerTool Component[2m > [22manalyzeDye method[2m > [22mshould include all colorblindness simulations[32m 6[2mms[22m[39m
 [32mΓ£ô[39m src/components/__tests__/accessibility-checker-tool.test.ts[2m > [22mAccessibilityCheckerTool Component[2m > [22manalyzeDye method[2m > [22mshould calculate contrast score between 0 and 100[32m 7[2mms[22m[39m
 [32mΓ£ô[39m src/components/__tests__/accessibility-checker-tool.test.ts[2m > [22mAccessibilityCheckerTool Component[2m > [22manalyzeDye method[2m > [22mshould return valid WCAG level[32m 7[2mms[22m[39m
 [32mΓ£ô[39m src/components/__tests__/dye-selector.test.ts[2m > [22mDyeSelector[2m > [22mupdate branch coverage[2m > [22mshould restore sort selection after update[32m 123[2mms[22m[39m
 [32mΓ£ô[39m src/components/__tests__/dye-selector.test.ts[2m > [22mDyeSelector[2m > [22msetState branch coverage[2m > [22mshould handle null currentCategory[32m 4[2mms[22m[39m
 [32mΓ£ô[39m src/components/__tests__/dye-selector.test.ts[2m > [22mDyeSelector[2m > [22msetState branch coverage[2m > [22mshould handle sortOption string[32m 3[2mms[22m[39m
      XPathException: [36m[Function][39m,
      XPathExpression: [36m[Function: XPathExpression][39m,
      XPathResult: [36m[Function][39m,
      XPathEvaluator: [36m[Function: XPathEvaluator][39m,
      onafterprint: [36m[Getter/Setter][39m,
      onbeforeprint: [36m[Getter/Setter][39m,
      onbeforeunload: [36m[Getter/Setter][39m,
      onhashchange: [36m[Getter/Setter][39m,
      onlanguagechange: [36m[Getter/Setter][39m,
      onmessage: [36m[Getter/Setter][39m,
      onmessageerror: [36m[Getter/Setter][39m,
      onoffline: [36m[Getter/Setter][39m,
      ononline: [36m[Getter/Setter][39m,
      onpagehide: [36m[Getter/Setter][39m,
      onpageshow: [36m[Getter/Setter][39m,
      onpopstate: [36m[Getter/Setter][39m,
      onrejectionhandled: [36m[Getter/Setter][39m,
      onstorage: [36m[Getter/Setter][39m,
      onunhandledrejection: [36m[Getter/Setter][39m,
      onunload: [36m[Getter/Setter][39m,
      onblur: [36m[Getter/Setter][39m,
      onerror: [36m[Getter/Setter][39m,
      onfocus: [36m[Getter/Setter][39m,
      onload: [36m[Getter/Setter][39m,
      onresize: [36m[Getter/Setter][39m,
      onscroll: [36m[Getter/Setter][39m,
      onabort: [36m[Getter/Setter][39m,
      onauxclick: [36m[Getter/Setter][39m,
      onbeforeinput: [36m[Getter/Setter][39m,
      onbeforematch: [36m[Getter/Setter][39m,
      onbeforetoggle: [36m[Getter/Setter][39m,
      oncancel: [36m[Getter/Setter][39m,
      oncanplay: [36m[Getter/Setter][39m,
      oncanplaythrough: [36m[Getter/Setter][39m,
      onchange: [36m[Getter/Setter][39m,
      onclick: [36m[Getter/Setter][39m,
      onclose: [36m[Getter/Setter][39m,
      oncontextlost: [36m[Getter/Setter][39m,
      oncontextmenu: [36m[Getter/Setter][39m,
      oncontextrestored: [36m[Getter/Setter][39m,
      oncopy: [36m[Getter/Setter][39m,
      oncuechange: [36m[Getter/Setter][39m,
      oncut: [36m[Getter/Setter][39m,
      ondblclick: [36m[Getter/Setter][39m,
      ondrag: [36m[Getter/Setter][39m,
      ondragend: [36m[Getter/Setter][39m,
      ondragenter: [36m[Getter/Setter][39m,
      ondragleave: [36m[Getter/Setter][39m,
      ondragover: [36m[Getter/Setter][39m,
      ondragstart: [36m[Getter/Setter][39m,
      ondrop: [36m[Getter/Setter][39m,
      ondurationchange: [36m[Getter/Setter][39m,
      onemptied: [36m[Getter/Setter][39m,
      onended: [36m[Getter/Setter][39m,
      onformdata: [36m[Getter/Setter][39m,
      oninput: [36m[Getter/Setter][39m,
      oninvalid: [36m[Getter/Setter][39m,
      onkeydown: [36m[Getter/Setter][39m,
      onkeypress: [36m[Getter/Setter][39m,
      onkeyup: [36m[Getter/Setter][39m,
      onloadeddata: [36m[Getter/Setter][39m,
      onloadedmetadata: [36m[Getter/Setter][39m,
      onloadstart: [36m[Getter/Setter][39m,
      onmousedown: [36m[Getter/Setter][39m,
      onmouseenter: [36m[Getter/Setter][39m,
      onmouseleave: [36m[Getter/Setter][39m,
      onmousemove: [36m[Getter/Setter][39m,
      onmouseout: [36m[Getter/Setter][39m,
      onmouseover: [36m[Getter/Setter][39m,
      onmouseup: [36m[Getter/Setter][39m,
      onpaste: [36m[Getter/Setter][39m,
      onpause: [36m[Getter/Setter][39m,
      onplay: [36m[Getter/Setter][39m,
      onplaying: [36m[Getter/Setter][39m,
      onprogress: [36m[Getter/Setter][39m,
      onratechange: [36m[Getter/Setter][39m,
      onreset: [36m[Getter/Setter][39m,
      onscrollend: [36m[Getter/Setter][39m,
      onsecuritypolicyviolation: [36m[Getter/Setter][39m,
      onseeked: [36m[Getter/Setter][39m,
      onseeking: [36m[Getter/Setter][39m,
      onselect: [36m[Getter/Setter][39m,
      onslotchange: [36m[Getter/Setter][39m,
      onstalled: [36m[Getter/Setter][39m,
      onsubmit: [36m[Getter/Setter][39m,
      onsuspend: [36m[Getter/Setter][39m,
      ontimeupdate: [36m[Getter/Setter][39m,
      ontoggle: [36m[Getter/Setter][39m,
      onvolumechange: [36m[Getter/Setter][39m,
      onwaiting: [36m[Getter/Setter][39m,
      onwebkitanimationend: [36m[Getter/Setter][39m,
      onwebkitanimationiteration: [36m[Getter/Setter][39m,
      onwebkitanimationstart: [36m[Getter/Setter][39m,
      onwebkittransitionend: [36m[Getter/Setter][39m,
      onwheel: [36m[Getter/Setter][39m,
      ontouchstart: [36m[Getter/Setter][39m,
      ontouchend: [36m[Getter/Setter][39m,
      ontouchmove: [36m[Getter/Setter][39m,
      ontouchcancel: [36m[Getter/Setter][39m,
      _registeredHandlers: Set(0) {},
      _eventHandlers: [Object: null prototype] {},
      onautocomplete: [36m[Getter/Setter][39m,
      onautocompleteerror: [36m[Getter/Setter][39m,
      onsort: [36m[Getter/Setter][39m,
      _globalObject: [36m[Circular *2][39m,
      _resourceLoader: [36m[NoOpResourceLoader][39m,
      _globalProxy: [36m[Object [Window]][39m,
      _document: [36m[Document][39m,
      _origin: [32m'http://localhost:3000'[39m,
      _sessionHistory: [36m[SessionHistory][39m,
      _virtualConsole: [36m[VirtualConsole][39m,
      _runScripts: [32m'dangerously'[39m,
      _top: [36m[Object [Window]][39m,
      _parent: [36m[Object [Window]][39m,
      _frameElement: [1mnull[22m,
      _length: [33m0[39m,
      _currentEvent: [90mundefined[39m,
      _pretendToBeVisual: [33mtrue[39m,
      _storageQuota: [33m5000000[39m,
      _commonForOrigin: [36m[Object][39m,
      _currentOriginData: [36m[Object][39m,
      _localStorage: Storage {},
      _sessionStorage: Storage {},
      _selection: [36m[SelectionImpl][39m,
      getSelection: [36m[Function (anonymous)][39m,
      _customElementRegistry: CustomElementRegistry {},
      length: [36m[Getter/Setter][39m,
      window: [36m[Getter][39m,
      frameElement: [36m[Getter][39m,
      frames: [36m[Getter/Setter][39m,
      self: [36m[Getter/Setter][39m,
      parent: [36m[Getter/Setter][39m,
      top: [36m[Getter][39m,
      document: [36m[Getter][39m,
      external: [36m[Getter/Setter][39m,
      location: [36m[Getter/Setter][39m,
      history: [36m[Getter][39m,
      navigator: [36m[Getter][39m,
      locationbar: [36m[Getter/Setter][39m,
      menubar: [36m[Getter/Setter][39m,
      personalbar: [36m[Getter/Setter][39m,
      scrollbars: [36m[Getter/Setter][39m,
      statusbar: [36m[Getter/Setter][39m,
      toolbar: [36m[Getter/Setter][39m,
      performance: [36m[Getter][39m,
      screen: [36m[Getter/Setter][39m,
      crypto: [36m[Getter][39m,
      origin: [36m[Getter/Setter][39m,
      localStorage: [36m[Getter][39m,
      sessionStorage: [36m[Getter][39m,
      customElements: [36m[Getter][39m,
      event: [36m[Getter/Setter][39m,
      setTimeout: [36m[Function (anonymous)][39m,
      setInterval: [36m[Function (anonymous)][39m,
      clearTimeout: [36m[Function (anonymous)][39m,
      clearInterval: [36m[Function (anonymous)][39m,
      queueMicrotask: [36m[Function (anonymous)][39m,
      requestAnimationFrame: [36m[Function (anonymous)][39m,
      cancelAnimationFrame: [36m[Function (anonymous)][39m,
      postMessage: [36m[Function (anonymous)][39m,
      atob: [36m[Function (anonymous)][39m,
      btoa: [36m[Function (anonymous)][39m,
      stop: [36m[Function (anonymous)][39m,
      close: [36m[Function (anonymous)][39m,
      getComputedStyle: [36m[Function (anonymous)][39m,
      captureEvents: [36m[Function (anonymous)][39m,
      releaseEvents: [36m[Function (anonymous)][39m,
      console: [36m[Object][39m,
      name: [32m''[39m,
      status: [32m''[39m,
      devicePixelRatio: [33m1[39m,
      innerWidth: [33m1024[39m,
      innerHeight: [33m768[39m,
      outerWidth: [33m1024[39m,
      outerHeight: [33m768[39m,
      pageXOffset: [33m0[39m,
      pageYOffset: [33m0[39m,
      screenX: [33m0[39m,
      screenLeft: [33m0[39m,
      screenY: [33m0[39m,
      screenTop: [33m0[39m,
      scrollX: [33m0[39m,
      scrollY: [33m0[39m,
      alert: [36m[Function (anonymous)][39m,
      blur: [36m[Function (anonymous)][39m,
      confirm: [36m[Function (anonymous)][39m,
      focus: [36m[Function (anonymous)][39m,
      moveBy: [36m[Function (anonymous)][39m,
      moveTo: [36m[Function (anonymous)][39m,
      open: [36m[Function (anonymous)][39m,
      print: [36m[Function (anonymous)][39m,
      prompt: [36m[Function (anonymous)][39m,
      resizeBy: [36m[Function (anonymous)][39m,
      resizeTo: [36m[Function (anonymous)][39m,
      scroll: [36m[Function (anonymous)][39m,
      scrollBy: [36m[Function (anonymous)][39m,
      scrollTo: [36m[Function (anonymous)][39m,
      [32m'test-container'[39m: [36m[Getter/Setter][39m,
      [32m'tutorial-target'[39m: [36m[Getter/Setter][39m,
      [[32mSymbol([webidl2js] constructor registry)[39m]: [36m[Object: null prototype][39m,
      [[32mSymbol(named property tracker)[39m]: [36m[NamedPropertiesTracker][39m
    }
  },
  suite: [Function: chain] {
    each: [36m[Function (anonymous)][39m,
    for: [36m[Function (anonymous)][39m,
    skipIf: [36m[Function (anonymous)][39m,
    runIf: [36m[Function (anonymous)][39m,
    withContext: [36m[Function (anonymous)][39m,
    setContext: [36m[Function (anonymous)][39m,
    mergeContext: [36m[Function (anonymous)][39m,
    fn: [Function: suiteFn] {
      each: [36m[Function (anonymous)][39m,
      for: [36m[Function (anonymous)][39m,
      skipIf: [36m[Function (anonymous)][39m,
      runIf: [36m[Function (anonymous)][39m
    }
  },
  test: [Function: chain] {
    each: [36m[Function (anonymous)][39m,
    for: [36m[Function (anonymous)][39m,
    skipIf: [36m[Function (anonymous)][39m,
    runIf: [36m[Function (anonymous)][39m,
    scoped: [36m[Function (anonymous)][39m,
    extend: [36m[Function (anonymous)][39m,
    beforeEach: [36m[Function: beforeEach][39m,
    afterEach: [36m[Function: afterEach][39m,
    beforeAll: [36m[Function: beforeAll][39m,
    afterAll: [36m[Function: afterAll][39m,
    withContext: [36m[Function (anonymous)][39m,
    setContext: [36m[Function (anonymous)][39m,
    mergeContext: [36m[Function (anonymous)][39m,
    fn: [Function (anonymous)] {
      each: [36m[Function (anonymous)][39m,
      for: [36m[Function (anonymous)][39m,
      skipIf: [36m[Function (anonymous)][39m,
      runIf: [36m[Function (anonymous)][39m,
      scoped: [36m[Function (anonymous)][39m,
      extend: [36m[Function (anonymous)][39m,
      beforeEach: [36m[Function: beforeEach][39m,
      afterEach: [36m[Function: afterEach][39m,
      beforeAll: [36m[Function: beforeAll][39m,
      afterAll: [36m[Function: afterAll][39m
    }
  },
  describe: [Function: chain] {
    each: [36m[Function (anonymous)][39m,
    for: [36m[Function (anonymous)][39m,
    skipIf: [36m[Function (anonymous)][39m,
    runIf: [36m[Function (anonymous)][39m,
    withContext: [36m[Function (anonymous)][39m,
    setContext: [36m[Function (anonymous)][39m,
    mergeContext: [36m[Function (anonymous)][39m,
    fn: [Function: suiteFn] {
      each: [36m[Function (anonymous)][39m,
      for: [36m[Function (anonymous)][39m,
      skipIf: [36m[Function (anonymous)][39m,
      runIf: [36m[Function (anonymous)][39m
    }
  },
  it: [Function: chain] {
    each: [36m[Function (anonymous)][39m,
    for: [36m[Function (anonymous)][39m,
    skipIf: [36m[Function (anonymous)][39m,
    runIf: [36m[Function (anonymous)][39m,
    scoped: [36m[Function (anonymous)][39m,
    extend: [36m[Function (anonymous)][39m,
    beforeEach: [36m[Function: beforeEach][39m,
    afterEach: [36m[Function: afterEach][39m,
    beforeAll: [36m[Function: beforeAll][39m,
    afterAll: [36m[Function: afterAll][39m,
    withContext: [36m[Function (anonymous)][39m,
    setContext: [36m[Function (anonymous)][39m,
    mergeContext: [36m[Function (anonymous)][39m,
    fn: [Function (anonymous)] {
      each: [36m[Function (anonymous)][39m,
      for: [36m[Function (anonymous)][39m,
      skipIf: [36m[Function (anonymous)][39m,
      runIf: [36m[Function (anonymous)][39m,
      scoped: [36m[Function (anonymous)][39m,
      extend: [36m[Function (anonymous)][39m,
      beforeEach: [36m[Function: beforeEach][39m,
      afterEach: [36m[Function: afterEach][39m,
      beforeAll: [36m[Function: beforeAll][39m,
      afterAll: [36m[Function: afterAll][39m
    }
  },
  chai: [Module: null prototype] {
    Assertion: [36m[class Assertion][39m,
    AssertionError: [36m[class AssertionError extends Error][39m,
    Should: [36m[Function: loadShould][39m,
    assert: [Function: assert] {
      fail: [36m[Function (anonymous)][39m,
      isOk: [36m[Function (anonymous)][39m,
      isNotOk: [36m[Function (anonymous)][39m,
      equal: [36m[Function (anonymous)][39m,
      notEqual: [36m[Function (anonymous)][39m,
      strictEqual: [36m[Function (anonymous)][39m,
      notStrictEqual: [36m[Function (anonymous)][39m,
      deepStrictEqual: [36m[Function (anonymous)][39m,
      deepEqual: [36m[Function (anonymous)][39m,
      notDeepEqual: [36m[Function (anonymous)][39m,
      isAbove: [36m[Function (anonymous)][39m,
      isAtLeast: [36m[Function (anonymous)][39m,
      isBelow: [36m[Function (anonymous)][39m,
      isAtMost: [36m[Function (anonymous)][39m,
      isTrue: [36m[Function (anonymous)][39m,
      isNotTrue: [36m[Function (anonymous)][39m,
      isFalse: [36m[Function (anonymous)][39m,
      isNotFalse: [36m[Function (anonymous)][39m,
      isNull: [36m[Function (anonymous)][39m,
      isNotNull: [36m[Function (anonymous)][39m,
      isNaN: [36m[Function (anonymous)][39m,
      isNotNaN: [36m[Function (anonymous)][39m,
      exists: [36m[Function (anonymous)][39m,
      notExists: [36m[Function (anonymous)][39m,
      isUndefined: [36m[Function (anonymous)][39m,
      isDefined: [36m[Function (anonymous)][39m,
      isCallable: [36m[Function (anonymous)][39m,
      isNotCallable: [36m[Function (anonymous)][39m,
      isObject: [36m[Function (anonymous)][39m,
      isNotObject: [36m[Function (anonymous)][39m,
      isArray: [36m[Function (anonymous)][39m,
      isNotArray: [36m[Function (anonymous)][39m,
      isString: [36m[Function (anonymous)][39m,
      isNotString: [36m[Function (anonymous)][39m,
      isNumber: [36m[Function (anonymous)][39m,
      isNotNumber: [36m[Function (anonymous)][39m,
      isNumeric: [36m[Function (anonymous)][39m,
      isNotNumeric: [36m[Function (anonymous)][39m,
      isFinite: [36m[Function (anonymous)][39m,
      isBoolean: [36m[Function (anonymous)][39m,
      isNotBoolean: [36m[Function (anonymous)][39m,
      typeOf: [36m[Function (anonymous)][39m,
      notTypeOf: [36m[Function (anonymous)][39m,
      instanceOf: [36m[Function (anonymous)][39m,
      notInstanceOf: [36m[Function (anonymous)][39m,
      include: [36m[Function (anonymous)][39m,
      notInclude: [36m[Function (anonymous)][39m,
      deepInclude: [36m[Function (anonymous)][39m,
      notDeepInclude: [36m[Function (anonymous)][39m,
      nestedInclude: [36m[Function (anonymous)][39m,
      notNestedInclude: [36m[Function (anonymous)][39m,
      deepNestedInclude: [36m[Function (anonymous)][39m,
      notDeepNestedInclude: [36m[Function (anonymous)][39m,
      ownInclude: [36m[Function (anonymous)][39m,
      notOwnInclude: [36m[Function (anonymous)][39m,
      deepOwnInclude: [36m[Function (anonymous)][39m,
      notDeepOwnInclude: [36m[Function (anonymous)][39m,
      match: [36m[Function (anonymous)][39m,
      notMatch: [36m[Function (anonymous)][39m,
      property: [36m[Function (anonymous)][39m,
      notProperty: [36m[Function (anonymous)][39m,
      propertyVal: [36m[Function (anonymous)][39m,
      notPropertyVal: [36m[Function (anonymous)][39m,
      deepPropertyVal: [36m[Function (anonymous)][39m,
      notDeepPropertyVal: [36m[Function (anonymous)][39m,
      ownProperty: [36m[Function (anonymous)][39m,
      notOwnProperty: [36m[Function (anonymous)][39m,
      ownPropertyVal: [36m[Function (anonymous)][39m,
      notOwnPropertyVal: [36m[Function (anonymous)][39m,
      deepOwnPropertyVal: [36m[Function (anonymous)][39m,
      notDeepOwnPropertyVal: [36m[Function (anonymous)][39m,
      nestedProperty: [36m[Function (anonymous)][39m,
      notNestedProperty: [36m[Function (anonymous)][39m,
      nestedPropertyVal: [36m[Function (anonymous)][39m,
      notNestedPropertyVal: [36m[Function (anonymous)][39m,
      deepNestedPropertyVal: [36m[Function (anonymous)][39m,
      notDeepNestedPropertyVal: [36m[Function (anonymous)][39m,
      lengthOf: [36m[Function (anonymous)][39m,
      hasAnyKeys: [36m[Function (anonymous)][39m,
      hasAllKeys: [36m[Function (anonymous)][39m,
      containsAllKeys: [36m[Function (anonymous)][39m,
      doesNotHaveAnyKeys: [36m[Function (anonymous)][39m,
      doesNotHaveAllKeys: [36m[Function (anonymous)][39m,
      hasAnyDeepKeys: [36m[Function (anonymous)][39m,
      hasAllDeepKeys: [36m[Function (anonymous)][39m,
      containsAllDeepKeys: [36m[Function (anonymous)][39m,
      doesNotHaveAnyDeepKeys: [36m[Function (anonymous)][39m,
      doesNotHaveAllDeepKeys: [36m[Function (anonymous)][39m,
      throws: [36m[Function (anonymous)][39m,
      doesNotThrow: [36m[Function (anonymous)][39m,
      operator: [36m[Function (anonymous)][39m,
      closeTo: [36m[Function (anonymous)][39m,
      approximately: [36m[Function (anonymous)][39m,
      sameMembers: [36m[Function (anonymous)][39m,
      notSameMembers: [36m[Function (anonymous)][39m,
      sameDeepMembers: [36m[Function (anonymous)][39m,
      notSameDeepMembers: [36m[Function (anonymous)][39m,
      sameOrderedMembers: [36m[Function (anonymous)][39m,
      notSameOrderedMembers: [36m[Function (anonymous)][39m,
      sameDeepOrderedMembers: [36m[Function (anonymous)][39m,
      notSameDeepOrderedMembers: [36m[Function (anonymous)][39m,
      includeMembers: [36m[Function (anonymous)][39m,
      notIncludeMembers: [36m[Function (anonymous)][39m,
      includeDeepMembers: [36m[Function (anonymous)][39m,
      notIncludeDeepMembers: [36m[Function (anonymous)][39m,
      includeOrderedMembers: [36m[Function (anonymous)][39m,
      notIncludeOrderedMembers: [36m[Function (anonymous)][39m,
      includeDeepOrderedMembers: [36m[Function (anonymous)][39m,
      notIncludeDeepOrderedMembers: [36m[Function (anonymous)][39m,
      oneOf: [36m[Function (anonymous)][39m,
      isIterable: [36m[Function (anonymous)][39m,
      changes: [36m[Function (anonymous)][39m,
      changesBy: [36m[Function (anonymous)][39m,
      doesNotChange: [36m[Function (anonymous)][39m,
      changesButNotBy: [36m[Function (anonymous)][39m,
      increases: [36m[Function (anonymous)][39m,
      increasesBy: [36m[Function (anonymous)][39m,
      doesNotIncrease: [36m[Function (anonymous)][39m,
      increasesButNotBy: [36m[Function (anonymous)][39m,
      decreases: [36m[Function (anonymous)][39m,
      decreasesBy: [36m[Function (anonymous)][39m,
      doesNotDecrease: [36m[Function (anonymous)][39m,
      doesNotDecreaseBy: [36m[Function (anonymous)][39m,
      decreasesButNotBy: [36m[Function (anonymous)][39m,
      ifError: [36m[Function (anonymous)][39m,
      isExtensible: [36m[Function (anonymous)][39m,
      isNotExtensible: [36m[Function (anonymous)][39m,
      isSealed: [36m[Function (anonymous)][39m,
      isNotSealed: [36m[Function (anonymous)][39m,
      isFrozen: [36m[Function (anonymous)][39m,
      isNotFrozen: [36m[Function (anonymous)][39m,
      isEmpty: [36m[Function (anonymous)][39m,
      isNotEmpty: [36m[Function (anonymous)][39m,
      containsSubset: [36m[Function (anonymous)][39m,
      doesNotContainSubset: [36m[Function (anonymous)][39m,
      ok: [36m[Function (anonymous)][39m,
      notOk: [36m[Function (anonymous)][39m,
      throw: [36m[Function (anonymous)][39m,
      Throw: [36m[Function (anonymous)][39m,
      extensible: [36m[Function (anonymous)][39m,
      notExtensible: [36m[Function (anonymous)][39m,
      sealed: [36m[Function (anonymous)][39m,
      notSealed: [36m[Function (anonymous)][39m,
      frozen: [36m[Function (anonymous)][39m,
      notFrozen: [36m[Function (anonymous)][39m,
      empty: [36m[Function (anonymous)][39m,
      notEmpty: [36m[Function (anonymous)][39m,
      isFunction: [36m[Function (anonymous)][39m,
      isNotFunction: [36m[Function (anonymous)][39m,
      containSubset: [36m[Function (anonymous)][39m
    },
    config: {
      includeStack: [33mfalse[39m,
      showDiff: [33mtrue[39m,
      truncateThreshold: [33m40[39m,
      useProxy: [33mtrue[39m,
      proxyExcludedKeys: [36m[Array][39m,
      deepEqual: [1mnull[22m
    },
    expect: [Function: expect] {
      fail: [36m[Function (anonymous)][39m,
      extend: [36m[Function: methodWrapper][39m,
      addSnapshotSerializer: [36m[Function: methodWrapper][39m,
      anything: [36m[Function: methodWrapper][39m,
      any: [36m[Function: methodWrapper][39m,
      stringContaining: [36m[Function: methodWrapper][39m,
      objectContaining: [36m[Function: methodWrapper][39m,
      arrayContaining: [36m[Function: methodWrapper][39m,
      stringMatching: [36m[Function: methodWrapper][39m,
      closeTo: [36m[Function: methodWrapper][39m,
      schemaMatching: [36m[Function: methodWrapper][39m,
      not: [36m[Object][39m,
      __flags: [36m[Object: null prototype][39m
    },
    should: [36m[Function: loadShould][39m,
    use: [36m[Function: use][39m,
    util: {
      addChainableMethod: [36m[Getter][39m,
      addLengthGuard: [36m[Getter][39m,
      addMethod: [36m[Getter][39m,
      addProperty: [36m[Getter][39m,
      checkError: [36m[Getter][39m,
      compareByInspect: [36m[Getter][39m,
      eql: [36m[Getter][39m,
      events: [36m[Getter][39m,
      expectTypes: [36m[Getter][39m,
      flag: [36m[Getter][39m,
      getActual: [36m[Getter][39m,
      getMessage: [36m[Getter][39m,
      getName: [36m[Getter][39m,
      getOperator: [36m[Getter][39m,
      getOwnEnumerableProperties: [36m[Getter][39m,
      getOwnEnumerablePropertySymbols: [36m[Getter][39m,
      getPathInfo: [36m[Getter][39m,
      hasProperty: [36m[Getter][39m,
      inspect: [36m[Getter][39m,
      isNaN: [36m[Getter][39m,
      isNumeric: [36m[Getter][39m,
      isProxyEnabled: [36m[Getter][39m,
      isRegExp: [36m[Getter][39m,
      objDisplay: [36m[Getter][39m,
      overwriteChainableMethod: [36m[Getter][39m,
      overwriteMethod: [36m[Getter][39m,
      overwriteProperty: [36m[Getter][39m,
      proxify: [36m[Getter][39m,
      test: [36m[Getter][39m,
      transferFlags: [36m[Getter][39m,
      type: [36m[Getter][39m
    }
  },
  expect: [Function: expect] {
    fail: [36m[Function (anonymous)][39m,
    extend: [36m[Function (anonymous)][39m,
    addSnapshotSerializer: [36m[Function: methodWrapper][39m,
    anything: [36m[Function: methodWrapper][39m,
    any: [36m[Function: methodWrapper][39m,
    stringContaining: [36m[Function: methodWrapper][39m,
    objectContaining: [36m[Function: methodWrapper][39m,
    arrayContaining: [36m[Function: methodWrapper][39m,
    stringMatching: [36m[Function: methodWrapper][39m,
    closeTo: [36m[Function: methodWrapper][39m,
    schemaMatching: [36m[Function: methodWrapper][39m,
    not: {
      stringContaining: [36m[Function: stringContaining][39m,
      objectContaining: [36m[Function: objectContaining][39m,
      arrayContaining: [36m[Function: arrayContaining][39m,
      stringMatching: [36m[Function: stringMatching][39m,
      closeTo: [36m[Function: closeTo][39m,
      schemaMatching: [36m[Function: schemaMatching][39m,
      toSatisfy: [36m[Function: value][39m,
      toBeOneOf: [36m[Function: value][39m
    },
    getState: [36m[Function (anonymous)][39m,
    setState: [36m[Function (anonymous)][39m,
    assert: [Function: assert] {
      fail: [36m[Function (anonymous)][39m,
      isOk: [36m[Function (anonymous)][39m,
      isNotOk: [36m[Function (anonymous)][39m,
      equal: [36m[Function (anonymous)][39m,
      notEqual: [36m[Function (anonymous)][39m,
      strictEqual: [36m[Function (anonymous)][39m,
      notStrictEqual: [36m[Function (anonymous)][39m,
      deepStrictEqual: [36m[Function (anonymous)][39m,
      deepEqual: [36m[Function (anonymous)][39m,
      notDeepEqual: [36m[Function (anonymous)][39m,
      isAbove: [36m[Function (anonymous)][39m,
      isAtLeast: [36m[Function (anonymous)][39m,
      isBelow: [36m[Function (anonymous)][39m,
      isAtMost: [36m[Function (anonymous)][39m,
      isTrue: [36m[Function (anonymous)][39m,
      isNotTrue: [36m[Function (anonymous)][39m,
      isFalse: [36m[Function (anonymous)][39m,
      isNotFalse: [36m[Function (anonymous)][39m,
      isNull: [36m[Function (anonymous)][39m,
      isNotNull: [36m[Function (anonymous)][39m,
      isNaN: [36m[Function (anonymous)][39m,
      isNotNaN: [36m[Function (anonymous)][39m,
      exists: [36m[Function (anonymous)][39m,
      notExists: [36m[Function (anonymous)][39m,
      isUndefined: [36m[Function (anonymous)][39m,
      isDefined: [36m[Function (anonymous)][39m,
      isCallable: [36m[Function (anonymous)][39m,
      isNotCallable: [36m[Function (anonymous)][39m,
      isObject: [36m[Function (anonymous)][39m,
      isNotObject: [36m[Function (anonymous)][39m,
      isArray: [36m[Function (anonymous)][39m,
      isNotArray: [36m[Function (anonymous)][39m,
      isString: [36m[Function (anonymous)][39m,
      isNotString: [36m[Function (anonymous)][39m,
      isNumber: [36m[Function (anonymous)][39m,
      isNotNumber: [36m[Function (anonymous)][39m,
      isNumeric: [36m[Function (anonymous)][39m,
      isNotNumeric: [36m[Function (anonymous)][39m,
      isFinite: [36m[Function (anonymous)][39m,
      isBoolean: [36m[Function (anonymous)][39m,
      isNotBoolean: [36m[Function (anonymous)][39m,
      typeOf: [36m[Function (anonymous)][39m,
      notTypeOf: [36m[Function (anonymous)][39m,
      instanceOf: [36m[Function (anonymous)][39m,
      notInstanceOf: [36m[Function (anonymous)][39m,
      include: [36m[Function (anonymous)][39m,
      notInclude: [36m[Function (anonymous)][39m,
      deepInclude: [36m[Function (anonymous)][39m,
      notDeepInclude: [36m[Function (anonymous)][39m,
      nestedInclude: [36m[Function (anonymous)][39m,
      notNestedInclude: [36m[Function (anonymous)][39m,
      deepNestedInclude: [36m[Function (anonymous)][39m,
      notDeepNestedInclude: [36m[Function (anonymous)][39m,
      ownInclude: [36m[Function (anonymous)][39m,
      notOwnInclude: [36m[Function (anonymous)][39m,
      deepOwnInclude: [36m[Function (anonymous)][39m,
      notDeepOwnInclude: [36m[Function (anonymous)][39m,
      match: [36m[Function (anonymous)][39m,
      notMatch: [36m[Function (anonymous)][39m,
      property: [36m[Function (anonymous)][39m,
      notProperty: [36m[Function (anonymous)][39m,
      propertyVal: [36m[Function (anonymous)][39m,
      notPropertyVal: [36m[Function (anonymous)][39m,
      deepPropertyVal: [36m[Function (anonymous)][39m,
      notDeepPropertyVal: [36m[Function (anonymous)][39m,
      ownProperty: [36m[Function (anonymous)][39m,
      notOwnProperty: [36m[Function (anonymous)][39m,
      ownPropertyVal: [36m[Function (anonymous)][39m,
      notOwnPropertyVal: [36m[Function (anonymous)][39m,
      deepOwnPropertyVal: [36m[Function (anonymous)][39m,
      notDeepOwnPropertyVal: [36m[Function (anonymous)][39m,
      nestedProperty: [36m[Function (anonymous)][39m,
      notNestedProperty: [36m[Function (anonymous)][39m,
      nestedPropertyVal: [36m[Function (anonymous)][39m,
      notNestedPropertyVal: [36m[Function (anonymous)][39m,
      deepNestedPropertyVal: [36m[Function (anonymous)][39m,
      notDeepNestedPropertyVal: [36m[Function (anonymous)][39m,
      lengthOf: [36m[Function (anonymous)][39m,
      hasAnyKeys: [36m[Function (anonymous)][39m,
      hasAllKeys: [36m[Function (anonymous)][39m,
      containsAllKeys: [36m[Function (anonymous)][39m,
      doesNotHaveAnyKeys: [36m[Function (anonymous)][39m,
      doesNotHaveAllKeys: [36m[Function (anonymous)][39m,
      hasAnyDeepKeys: [36m[Function (anonymous)][39m,
      hasAllDeepKeys: [36m[Function (anonymous)][39m,
      containsAllDeepKeys: [36m[Function (anonymous)][39m,
      doesNotHaveAnyDeepKeys: [36m[Function (anonymous)][39m,
      doesNotHaveAllDeepKeys: [36m[Function (anonymous)][39m,
      throws: [36m[Function (anonymous)][39m,
      doesNotThrow: [36m[Function (anonymous)][39m,
      operator: [36m[Function (anonymous)][39m,
      closeTo: [36m[Function (anonymous)][39m,
      approximately: [36m[Function (anonymous)][39m,
      sameMembers: [36m[Function (anonymous)][39m,
      notSameMembers: [36m[Function (anonymous)][39m,
      sameDeepMembers: [36m[Function (anonymous)][39m,
      notSameDeepMembers: [36m[Function (anonymous)][39m,
      sameOrderedMembers: [36m[Function (anonymous)][39m,
      notSameOrderedMembers: [36m[Function (anonymous)][39m,
      sameDeepOrderedMembers: [36m[Function (anonymous)][39m,
      notSameDeepOrderedMembers: [36m[Function (anonymous)][39m,
      includeMembers: [36m[Function (anonymous)][39m,
      notIncludeMembers: [36m[Function (anonymous)][39m,
      includeDeepMembers: [36m[Function (anonymous)][39m,
      notIncludeDeepMembers: [36m[Function (anonymous)][39m,
      includeOrderedMembers: [36m[Function (anonymous)][39m,
      notIncludeOrderedMembers: [36m[Function (anonymous)][39m,
      includeDeepOrderedMembers: [36m[Function (anonymous)][39m,
      notIncludeDeepOrderedMembers: [36m[Function (anonymous)][39m,
      oneOf: [36m[Function (anonymous)][39m,
      isIterable: [36m[Function (anonymous)][39m,
      changes: [36m[Function (anonymous)][39m,
      changesBy: [36m[Function (anonymous)][39m,
      doesNotChange: [36m[Function (anonymous)][39m,
      changesButNotBy: [36m[Function (anonymous)][39m,
      increases: [36m[Function (anonymous)][39m,
      increasesBy: [36m[Function (anonymous)][39m,
      doesNotIncrease: [36m[Function (anonymous)][39m,
      increasesButNotBy: [36m[Function (anonymous)][39m,
      decreases: [36m[Function (anonymous)][39m,
      decreasesBy: [36m[Function (anonymous)][39m,
      doesNotDecrease: [36m[Function (anonymous)][39m,
      doesNotDecreaseBy: [36m[Function (anonymous)][39m,
      decreasesButNotBy: [36m[Function (anonymous)][39m,
      ifError: [36m[Function (anonymous)][39m,
      isExtensible: [36m[Function (anonymous)][39m,
      isNotExtensible: [36m[Function (anonymous)][39m,
      isSealed: [36m[Function (anonymous)][39m,
      isNotSealed: [36m[Function (anonymous)][39m,
      isFrozen: [36m[Function (anonymous)][39m,
      isNotFrozen: [36m[Function (anonymous)][39m,
      isEmpty: [36m[Function (anonymous)][39m,
      isNotEmpty: [36m[Function (anonymous)][39m,
      containsSubset: [36m[Function (anonymous)][39m,
      doesNotContainSubset: [36m[Function (anonymous)][39m,
      ok: [36m[Function (anonymous)][39m,
      notOk: [36m[Function (anonymous)][39m,
      throw: [36m[Function (anonymous)][39m,
      Throw: [36m[Function (anonymous)][39m,
      extensible: [36m[Function (anonymous)][39m,
      notExtensible: [36m[Function (anonymous)][39m,
      sealed: [36m[Function (anonymous)][39m,
      notSealed: [36m[Function (anonymous)][39m,
      frozen: [36m[Function (anonymous)][39m,
      notFrozen: [36m[Function (anonymous)][39m,
      empty: [36m[Function (anonymous)][39m,
      notEmpty: [36m[Function (anonymous)][39m,
      isFunction: [36m[Function (anonymous)][39m,
      isNotFunction: [36m[Function (anonymous)][39m,
      containSubset: [36m[Function (anonymous)][39m
    },
    addEqualityTesters: [36m[Function (anonymous)][39m,
    soft: [36m[Function (anonymous)][39m,
    poll: [36m[Function: poll][39m,
    unreachable: [36m[Function (anonymous)][39m,
    assertions: [36m[Function: methodWrapper][39m,
    hasAssertions: [36m[Function: methodWrapper][39m,
    toSatisfy: [36m[Function: customMatcher][39m,
    toBeOneOf: [36m[Function: customMatcher][39m
  },
  assert: [Function: assert] {
    fail: [36m[Function (anonymous)][39m,
    isOk: [36m[Function (anonymous)][39m,
    isNotOk: [36m[Function (anonymous)][39m,
    equal: [36m[Function (anonymous)][39m,
    notEqual: [36m[Function (anonymous)][39m,
    strictEqual: [36m[Function (anonymous)][39m,
    notStrictEqual: [36m[Function (anonymous)][39m,
    deepStrictEqual: [36m[Function (anonymous)][39m,
    deepEqual: [36m[Function (anonymous)][39m,
    notDeepEqual: [36m[Function (anonymous)][39m,
    isAbove: [36m[Function (anonymous)][39m,
    isAtLeast: [36m[Function (anonymous)][39m,
    isBelow: [36m[Function (anonymous)][39m,
    isAtMost: [36m[Function (anonymous)][39m,
    isTrue: [36m[Function (anonymous)][39m,
    isNotTrue: [36m[Function (anonymous)][39m,
    isFalse: [36m[Function (anonymous)][39m,
    isNotFalse: [36m[Function (anonymous)][39m,
    isNull: [36m[Function (anonymous)][39m,
    isNotNull: [36m[Function (anonymous)][39m,
    isNaN: [36m[Function (anonymous)][39m,
    isNotNaN: [36m[Function (anonymous)][39m,
    exists: [36m[Function (anonymous)][39m,
    notExists: [36m[Function (anonymous)][39m,
    isUndefined: [36m[Function (anonymous)][39m,
    isDefined: [36m[Function (anonymous)][39m,
    isCallable: [36m[Function (anonymous)][39m,
    isNotCallable: [36m[Function (anonymous)][39m,
    isObject: [36m[Function (anonymous)][39m,
    isNotObject: [36m[Function (anonymous)][39m,
    isArray: [36m[Function (anonymous)][39m,
    isNotArray: [36m[Function (anonymous)][39m,
    isString: [36m[Function (anonymous)][39m,
    isNotString: [36m[Function (anonymous)][39m,
    isNumber: [36m[Function (anonymous)][39m,
    isNotNumber: [36m[Function (anonymous)][39m,
    isNumeric: [36m[Function (anonymous)][39m,
    isNotNumeric: [36m[Function (anonymous)][39m,
    isFinite: [36m[Function (anonymous)][39m,
    isBoolean: [36m[Function (anonymous)][39m,
    isNotBoolean: [36m[Function (anonymous)][39m,
    typeOf: [36m[Function (anonymous)][39m,
    notTypeOf: [36m[Function (anonymous)][39m,
    instanceOf: [36m[Function (anonymous)][39m,
    notInstanceOf: [36m[Function (anonymous)][39m,
    include: [36m[Function (anonymous)][39m,
    notInclude: [36m[Function (anonymous)][39m,
    deepInclude: [36m[Function (anonymous)][39m,
    notDeepInclude: [36m[Function (anonymous)][39m,
    nestedInclude: [36m[Function (anonymous)][39m,
    notNestedInclude: [36m[Function (anonymous)][39m,
    deepNestedInclude: [36m[Function (anonymous)][39m,
    notDeepNestedInclude: [36m[Function (anonymous)][39m,
    ownInclude: [36m[Function (anonymous)][39m,
    notOwnInclude: [36m[Function (anonymous)][39m,
    deepOwnInclude: [36m[Function (anonymous)][39m,
    notDeepOwnInclude: [36m[Function (anonymous)][39m,
    match: [36m[Function (anonymous)][39m,
    notMatch: [36m[Function (anonymous)][39m,
    property: [36m[Function (anonymous)][39m,
    notProperty: [36m[Function (anonymous)][39m,
    propertyVal: [36m[Function (anonymous)][39m,
    notPropertyVal: [36m[Function (anonymous)][39m,
    deepPropertyVal: [36m[Function (anonymous)][39m,
    notDeepPropertyVal: [36m[Function (anonymous)][39m,
    ownProperty: [36m[Function (anonymous)][39m,
    notOwnProperty: [36m[Function (anonymous)][39m,
    ownPropertyVal: [36m[Function (anonymous)][39m,
    notOwnPropertyVal: [36m[Function (anonymous)][39m,
    deepOwnPropertyVal: [36m[Function (anonymous)][39m,
    notDeepOwnPropertyVal: [36m[Function (anonymous)][39m,
    nestedProperty: [36m[Function (anonymous)][39m,
    notNestedProperty: [36m[Function (anonymous)][39m,
    nestedPropertyVal: [36m[Function (anonymous)][39m,
    notNestedPropertyVal: [36m[Function (anonymous)][39m,
    deepNestedPropertyVal: [36m[Function (anonymous)][39m,
    notDeepNestedPropertyVal: [36m[Function (anonymous)][39m,
    lengthOf: [36m[Function (anonymous)][39m,
    hasAnyKeys: [36m[Function (anonymous)][39m,
    hasAllKeys: [36m[Function (anonymous)][39m,
    containsAllKeys: [36m[Function (anonymous)][39m,
    doesNotHaveAnyKeys: [36m[Function (anonymous)][39m,
    doesNotHaveAllKeys: [36m[Function (anonymous)][39m,
    hasAnyDeepKeys: [36m[Function (anonymous)][39m,
    hasAllDeepKeys: [36m[Function (anonymous)][39m,
    containsAllDeepKeys: [36m[Function (anonymous)][39m,
    doesNotHaveAnyDeepKeys: [36m[Function (anonymous)][39m,
    doesNotHaveAllDeepKeys: [36m[Function (anonymous)][39m,
    throws: [36m[Function (anonymous)][39m,
    doesNotThrow: [36m[Function (anonymous)][39m,
    operator: [36m[Function (anonymous)][39m,
    closeTo: [36m[Function (anonymous)][39m,
    approximately: [36m[Function (anonymous)][39m,
    sameMembers: [36m[Function (anonymous)][39m,
    notSameMembers: [36m[Function (anonymous)][39m,
    sameDeepMembers: [36m[Function (anonymous)][39m,
    notSameDeepMembers: [36m[Function (anonymous)][39m,
    sameOrderedMembers: [36m[Function (anonymous)][39m,
    notSameOrderedMembers: [36m[Function (anonymous)][39m,
    sameDeepOrderedMembers: [36m[Function (anonymous)][39m,
    notSameDeepOrderedMembers: [36m[Function (anonymous)][39m,
    includeMembers: [36m[Function (anonymous)][39m,
    notIncludeMembers: [36m[Function (anonymous)][39m,
    includeDeepMembers: [36m[Function (anonymous)][39m,
    notIncludeDeepMembers: [36m[Function (anonymous)][39m,
    includeOrderedMembers: [36m[Function (anonymous)][39m,
    notIncludeOrderedMembers: [36m[Function (anonymous)][39m,
    includeDeepOrderedMembers: [36m[Function (anonymous)][39m,
    notIncludeDeepOrderedMembers: [36m[Function (anonymous)][39m,
    oneOf: [36m[Function (anonymous)][39m,
    isIterable: [36m[Function (anonymous)][39m,
    changes: [36m[Function (anonymous)][39m,
    changesBy: [36m[Function (anonymous)][39m,
    doesNotChange: [36m[Function (anonymous)][39m,
    changesButNotBy: [36m[Function (anonymous)][39m,
    increases: [36m[Function (anonymous)][39m,
    increasesBy: [36m[Function (anonymous)][39m,
    doesNotIncrease: [36m[Function (anonymous)][39m,
    increasesButNotBy: [36m[Function (anonymous)][39m,
    decreases: [36m[Function (anonymous)][39m,
    decreasesBy: [36m[Function (anonymous)][39m,
    doesNotDecrease: [36m[Function (anonymous)][39m,
    doesNotDecreaseBy: [36m[Function (anonymous)][39m,
    decreasesButNotBy: [36m[Function (anonymous)][39m,
    ifError: [36m[Function (anonymous)][39m,
    isExtensible: [36m[Function (anonymous)][39m,
    isNotExtensible: [36m[Function (anonymous)][39m,
    isSealed: [36m[Function (anonymous)][39m,
    isNotSealed: [36m[Function (anonymous)][39m,
    isFrozen: [36m[Function (anonymous)][39m,
    isNotFrozen: [36m[Function (anonymous)][39m,
    isEmpty: [36m[Function (anonymous)][39m,
    isNotEmpty: [36m[Function (anonymous)][39m,
    containsSubset: [36m[Function (anonymous)][39m,
    doesNotContainSubset: [36m[Function (anonymous)][39m,
    ok: [36m[Function (anonymous)][39m,
    notOk: [36m[Function (anonymous)][39m,
    throw: [36m[Function (anonymous)][39m,
    Throw: [36m[Function (anonymous)][39m,
    extensible: [36m[Function (anonymous)][39m,
    notExtensible: [36m[Function (anonymous)][39m,
    sealed: [36m[Function (anonymous)][39m,
    notSealed: [36m[Function (anonymous)][39m,
    frozen: [36m[Function (anonymous)][39m,
    notFrozen: [36m[Function (anonymous)][39m,
    empty: [36m[Function (anonymous)][39m,
    notEmpty: [36m[Function (anonymous)][39m,
    isFunction: [36m[Function (anonymous)][39m,
    isNotFunction: [36m[Function (anonymous)][39m,
    containSubset: [36m[Function (anonymous)][39m
  },
  expectTypeOf: [36m[Function: expectTypeOf][39m,
  assertType: [36m[Function: assertType][39m,
  vitest: {
    useFakeTimers: [36m[Function: useFakeTimers][39m,
    isFakeTimers: [36m[Function: isFakeTimers][39m,
    useRealTimers: [36m[Function: useRealTimers][39m,
    runOnlyPendingTimers: [36m[Function: runOnlyPendingTimers][39m,
    runOnlyPendingTimersAsync: [36m[AsyncFunction: runOnlyPendingTimersAsync][39m,
    runAllTimers: [36m[Function: runAllTimers][39m,
    runAllTimersAsync: [36m[AsyncFunction: runAllTimersAsync][39m,
    runAllTicks: [36m[Function: runAllTicks][39m,
    advanceTimersByTime: [36m[Function: advanceTimersByTime][39m,
    advanceTimersByTimeAsync: [36m[AsyncFunction: advanceTimersByTimeAsync][39m,
    advanceTimersToNextTimer: [36m[Function: advanceTimersToNextTimer][39m,
    advanceTimersToNextTimerAsync: [36m[AsyncFunction: advanceTimersToNextTimerAsync][39m,
    advanceTimersToNextFrame: [36m[Function: advanceTimersToNextFrame][39m,
    getTimerCount: [36m[Function: getTimerCount][39m,
    setSystemTime: [36m[Function: setSystemTime][39m,
    getMockedSystemTime: [36m[Function: getMockedSystemTime][39m,
    getRealSystemTime: [36m[Function: getRealSystemTime][39m,
    clearAllTimers: [36m[Function: clearAllTimers][39m,
    spyOn: [36m[Function: spyOn][39m,
    fn: [36m[Function: fn][39m,
    waitFor: [36m[Function: waitFor][39m,
    waitUntil: [36m[Function: waitUntil][39m,
    hoisted: [36m[Function: hoisted][39m,
    mock: [36m[Function: mock][39m,
    unmock: [36m[Function: unmock][39m,
    doMock: [36m[Function: doMock][39m,
    doUnmock: [36m[Function: doUnmock][39m,
    importActual: [36m[AsyncFunction: importActual][39m,
    importMock: [36m[AsyncFunction: importMock][39m,
    mockObject: [36m[Function: mockObject][39m,
    mocked: [36m[Function: mocked][39m,
    isMockFunction: [36m[Function: isMockFunction][39m,
    clearAllMocks: [36m[Function: clearAllMocks][39m,
    resetAllMocks: [36m[Function: resetAllMocks][39m,
    restoreAllMocks: [36m[Function: restoreAllMocks][39m,
    stubGlobal: [36m[Function: stubGlobal][39m,
    stubEnv: [36m[Function: stubEnv][39m,
    unstubAllGlobals: [36m[Function: unstubAllGlobals][39m,
    unstubAllEnvs: [36m[Function: unstubAllEnvs][39m,
    resetModules: [36m[Function: resetModules][39m,
    dynamicImportSettled: [36m[AsyncFunction: dynamicImportSettled][39m,
    setConfig: [36m[Function: setConfig][39m,
    resetConfig: [36m[Function: resetConfig][39m
  },
  vi: {
    useFakeTimers: [36m[Function: useFakeTimers][39m,
    isFakeTimers: [36m[Function: isFakeTimers][39m,
    useRealTimers: [36m[Function: useRealTimers][39m,
    runOnlyPendingTimers: [36m[Function: runOnlyPendingTimers][39m,
    runOnlyPendingTimersAsync: [36m[AsyncFunction: runOnlyPendingTimersAsync][39m,
    runAllTimers: [36m[Function: runAllTimers][39m,
    runAllTimersAsync: [36m[AsyncFunction: runAllTimersAsync][39m,
    runAllTicks: [36m[Function: runAllTicks][39m,
    advanceTimersByTime: [36m[Function: advanceTimersByTime][39m,
    advanceTimersByTimeAsync: [36m[AsyncFunction: advanceTimersByTimeAsync][39m,
    advanceTimersToNextTimer: [36m[Function: advanceTimersToNextTimer][39m,
    advanceTimersToNextTimerAsync: [36m[AsyncFunction: advanceTimersToNextTimerAsync][39m,
    advanceTimersToNextFrame: [36m[Function: advanceTimersToNextFrame][39m,
    getTimerCount: [36m[Function: getTimerCount][39m,
    setSystemTime: [36m[Function: setSystemTime][39m,
    getMockedSystemTime: [36m[Function: getMockedSystemTime][39m,
    getRealSystemTime: [36m[Function: getRealSystemTime][39m,
    clearAllTimers: [36m[Function: clearAllTimers][39m,
    spyOn: [36m[Function: spyOn][39m,
    fn: [36m[Function: fn][39m,
    waitFor: [36m[Function: waitFor][39m,
    waitUntil: [36m[Function: waitUntil][39m,
    hoisted: [36m[Function: hoisted][39m,
    mock: [36m[Function: mock][39m,
    unmock: [36m[Function: unmock][39m,
    doMock: [36m[Function: doMock][39m,
    doUnmock: [36m[Function: doUnmock][39m,
    importActual: [36m[AsyncFunction: importActual][39m,
    importMock: [36m[AsyncFunction: importMock][39m,
    mockObject: [36m[Function: mockObject][39m,
    mocked: [36m[Function: mocked][39m,
    isMockFunction: [36m[Function: isMockFunction][39m,
    clearAllMocks: [36m[Function: clearAllMocks][39m,
    resetAllMocks: [36m[Function: resetAllMocks][39m,
    restoreAllMocks: [36m[Function: restoreAllMocks][39m,
    stubGlobal: [36m[Function: stubGlobal][39m,
    stubEnv: [36m[Function: stubEnv][39m,
    unstubAllGlobals: [36m[Function: unstubAllGlobals][39m,
    unstubAllEnvs: [36m[Function: unstubAllEnvs][39m,
    resetModules: [36m[Function: resetModules][39m,
    dynamicImportSettled: [36m[AsyncFunction: dynamicImportSettled][39m,
    setConfig: [36m[Function: setConfig][39m,
    resetConfig: [36m[Function: resetConfig][39m
  },
  beforeAll: [36m[Function: beforeAll][39m,
  afterAll: [36m[Function: afterAll][39m,
  beforeEach: [36m[Function: beforeEach][39m,
  afterEach: [36m[Function: afterEach][39m,
  onTestFinished: [36m[Function (anonymous)][39m,
  onTestFailed: [36m[Function (anonymous)][39m,
  __vitest_required__: {
    util: {
      _errnoException: [36m[Function: _errnoException][39m,
      _exceptionWithHostPort: [36m[Function: _exceptionWithHostPort][39m,
      _extend: [36m[Function: deprecated][39m,
      callbackify: [36m[Function: callbackify][39m,
      debug: [36m[Function: debuglog][39m,
      debuglog: [36m[Function: debuglog][39m,
      deprecate: [36m[Function: deprecate][39m,
      format: [36m[Function: format][39m,
      styleText: [36m[Function: styleText][39m,
      formatWithOptions: [36m[Function: formatWithOptions][39m,
      getCallSite: [36m[Function: deprecated][39m,
      getCallSites: [36m[Function: getCallSites][39m,
      getSystemErrorMap: [36m[Function: getSystemErrorMap][39m,
      getSystemErrorName: [36m[Function: getSystemErrorName][39m,
      getSystemErrorMessage: [36m[Function: getSystemErrorMessage][39m,
      inherits: [36m[Function: inherits][39m,
      inspect: [36m[Function][39m,
      isArray: [36m[Function: deprecated][39m,
      isBoolean: [36m[Function: deprecated][39m,
      isBuffer: [36m[Function: deprecated][39m,
      isDeepStrictEqual: [36m[Function: isDeepStrictEqual][39m,
      isNull: [36m[Function: deprecated][39m,
      isNullOrUndefined: [36m[Function: deprecated][39m,
      isNumber: [36m[Function: deprecated][39m,
      isString: [36m[Function: deprecated][39m,
      isSymbol: [36m[Function: deprecated][39m,
      isUndefined: [36m[Function: deprecated][39m,
      isRegExp: [36m[Function: deprecated][39m,
      isObject: [36m[Function: deprecated][39m,
      isDate: [36m[Function: deprecated][39m,
      isError: [36m[Function: deprecated][39m,
      isFunction: [36m[Function: deprecated][39m,
      isPrimitive: [36m[Function: deprecated][39m,
      log: [36m[Function: deprecated][39m,
      promisify: [36m[Function][39m,
      stripVTControlCharacters: [36m[Function: stripVTControlCharacters][39m,
      toUSVString: [36m[Function: toUSVString][39m,
      transferableAbortSignal: [36m[Getter][39m,
      transferableAbortController: [36m[Getter][39m,
      aborted: [36m[Getter][39m,
      types: [36m[Object][39m,
      parseEnv: [36m[Function: parseEnv][39m,
      parseArgs: [36m[Function: parseArgs][39m,
      TextDecoder: [36m[class TextDecoder][39m,
      TextEncoder: [36m[class TextEncoder][39m,
      MIMEType: [36m[class MIMEType][39m,
      MIMEParams: [36m[class MIMEParams][39m,
      diff: [36m[Function: diff][39m,
      setTraceSigInt: [36m[Function: setTraceSigInt][39m
    },
    timers: {
      setTimeout: [36m[Function][39m,
      clearTimeout: [36m[Function: clearTimeout][39m,
      setImmediate: [36m[Function][39m,
      clearImmediate: [36m[Function: clearImmediate][39m,
      setInterval: [36m[Function: setInterval][39m,
      clearInterval: [36m[Function: clearInterval][39m,
      _unrefActive: [36m[Function: deprecated][39m,
      active: [36m[Function: deprecated][39m,
      unenroll: [36m[Function: deprecated][39m,
      enroll: [36m[Function: deprecated][39m,
      promises: [36m[Getter][39m
    },
    timersPromises: {
      setTimeout: [36m[Function: setTimeout][39m,
      setImmediate: [36m[Function: setImmediate][39m,
      setInterval: [36m[AsyncGeneratorFunction: setInterval][39m,
      scheduler: [36m[Scheduler][39m
    }
  },
  ch: [33m107[39m,
  ResizeObserver: [36m[class ResizeObserverMock][39m,
  [[32mSymbol(vitest:SAFE_TIMERS)[39m]: {
    nextTick: [36m[Function: nextTick][39m,
    setTimeout: [Function: setTimeout] {
      [[32mSymbol(nodejs.util.promisify.custom)[39m]: [36m[Getter][39m
    },
    setInterval: [36m[Function: setInterval][39m,
    clearInterval: [36m[Function: clearInterval][39m,
    clearTimeout: [36m[Function: clearTimeout][39m,
    setImmediate: [Function: setImmediate] {
      [[32mSymbol(nodejs.util.promisify.custom)[39m]: [36m[Getter][39m
    },
    clearImmediate: [36m[Function: clearImmediate][39m,
    queueMicrotask: [36m[Function: queueMicrotask][39m
  }
}

 [32mΓ£ô[39m src/components/__tests__/theme-switcher.test.ts[2m > [22mThemeSwitcher[2m > [22mDropdown Interaction[2m > [22mshould close dropdown on ESC key[32m 110[2mms[22m[39m
 [32mΓ£ô[39m src/components/__tests__/market-board.test.ts[2m > [22mMarketBoard[2m > [22msetState branch coverage[2m > [22mshould set selectedServer when string provided[32m 5[2mms[22m[39m
 [32mΓ£ô[39m src/components/__tests__/market-board.test.ts[2m > [22mMarketBoard[2m > [22msetState branch coverage[2m > [22mshould set showPrices when boolean provided[32m 6[2mms[22m[39m
 [32mΓ£ô[39m src/components/__tests__/market-board.test.ts[2m > [22mMarketBoard[2m > [22msetState branch coverage[2m > [22mshould set priceCategories when object provided[32m 5[2mms[22m[39m
 [32mΓ£ô[39m src/components/__tests__/market-board.test.ts[2m > [22mMarketBoard[2m > [22msetState branch coverage[2m > [22mshould not set selectedServer when non-string provided[32m 5[2mms[22m[39m
 [32mΓ£ô[39m src/components/__tests__/market-board.test.ts[2m > [22mMarketBoard[2m > [22msetState branch coverage[2m > [22mshould not set showPrices when non-boolean provided[32m 4[2mms[22m[39m
 [32mΓ£ô[39m src/components/__tests__/market-board.test.ts[2m > [22mMarketBoard[2m > [22msetState branch coverage[2m > [22mshould not set priceCategories when null provided[32m 4[2mms[22m[39m
 [32mΓ£ô[39m src/components/__tests__/market-board.test.ts[2m > [22mMarketBoard[2m > [22mpopulateServerDropdown branch coverage[2m > [22mshould select world when it matches selectedServer[32m 8[2mms[22m[39m
 [32mΓ£ô[39m src/components/__tests__/market-board.test.ts[2m > [22mMarketBoard[2m > [22mevent handler branch coverage[2m > [22mshould handle toggle change styling[32m 7[2mms[22m[39m
 [32mΓ£ô[39m src/components/__tests__/market-board.test.ts[2m > [22mMarketBoard[2m > [22mevent handler branch coverage[2m > [22mshould handle server select focus/blur styling[32m 9[2mms[22m[39m
 [32mΓ£ô[39m src/components/__tests__/market-board.test.ts[2m > [22mMarketBoard[2m > [22mevent handler branch coverage[2m > [22mshould handle checkbox without data-category attribute[32m 7[2mms[22m[39m
 [32mΓ£ô[39m src/components/__tests__/market-board.test.ts[2m > [22mMarketBoard[2m > [22mfetchPricesForDyes branch coverage[2m > [22mshould skip dyes that return null price[32m 5[2mms[22m[39m
 [32mΓ£ô[39m src/components/__tests__/image-upload-display.test.ts[2m > [22mImageUploadDisplay[2m > [22mhandleFiles branch coverage[2m > [22mshould handle Image load error[32m 125[2mms[22m[39m
 [32mΓ£ô[39m src/components/__tests__/image-upload-display.test.ts[2m > [22mImageUploadDisplay[2m > [22mhandleFiles branch coverage[2m > [22mshould handle null dataUrl from FileReader[32m 77[2mms[22m[39m
 [32mΓ£ô[39m src/components/__tests__/accessibility-checker-tool.test.ts[2m > [22mAccessibilityCheckerTool Component[2m > [22manalyzePair method[2m > [22mshould return DyePairResult with distinguishability score[32m 13[2mms[22m[39m
 [32mΓ£ô[39m src/components/__tests__/accessibility-checker-tool.test.ts[2m > [22mAccessibilityCheckerTool Component[2m > [22manalyzePair method[2m > [22mshould calculate distinguishability between 0 and 100[32m 5[2mms[22m[39m
 [32mΓ£ô[39m src/components/__tests__/accessibility-checker-tool.test.ts[2m > [22mAccessibilityCheckerTool Component[2m > [22manalyzePair method[2m > [22mshould return low distinguishability for similar colors[32m 5[2mms[22m[39m
 [32mΓ£ô[39m src/components/__tests__/accessibility-checker-tool.test.ts[2m > [22mAccessibilityCheckerTool Component[2m > [22manalyzePair method[2m > [22mshould return high distinguishability for contrasting colors[32m 5[2mms[22m[39m
 [32mΓ£ô[39m src/components/__tests__/accessibility-checker-tool.test.ts[2m > [22mAccessibilityCheckerTool Component[2m > [22mcalculateOverallAccessibilityScore method[2m > [22mshould return 100 for single dye[32m 5[2mms[22m[39m
 [32mΓ£ô[39m src/components/__tests__/accessibility-checker-tool.test.ts[2m > [22mAccessibilityCheckerTool Component[2m > [22mcalculateOverallAccessibilityScore method[2m > [22mshould return 100 for empty selection[32m 5[2mms[22m[39m
 [32mΓ£ô[39m src/components/__tests__/accessibility-checker-tool.test.ts[2m > [22mAccessibilityCheckerTool Component[2m > [22mcalculateOverallAccessibilityScore method[2m > [22mshould return score between 0 and 100 for multiple dyes[32m 5[2mms[22m[39m
 [32mΓ£ô[39m src/components/__tests__/accessibility-checker-tool.test.ts[2m > [22mAccessibilityCheckerTool Component[2m > [22mgetScoreColor method[2m > [22mshould return green for score >= 100[32m 9[2mms[22m[39m
 [32mΓ£ô[39m src/components/__tests__/accessibility-checker-tool.test.ts[2m > [22mAccessibilityCheckerTool Component[2m > [22mgetScoreColor method[2m > [22mshould return blue for score >= 70[32m 6[2mms[22m[39m
 [32mΓ£ô[39m src/components/__tests__/accessibility-checker-tool.test.ts[2m > [22mAccessibilityCheckerTool Component[2m > [22mgetScoreColor method[2m > [22mshould return yellow for score >= 40[32m 5[2mms[22m[39m
 [32mΓ£ô[39m src/components/__tests__/accessibility-checker-tool.test.ts[2m > [22mAccessibilityCheckerTool Component[2m > [22mgetScoreColor method[2m > [22mshould return red for score < 40[32m 4[2mms[22m[39m
 [32mΓ£ô[39m src/components/__tests__/accessibility-checker-tool.test.ts[2m > [22mAccessibilityCheckerTool Component[2m > [22mgetWCAGBadgeColor method[2m > [22mshould return green style for AAA[32m 5[2mms[22m[39m
 [32mΓ£ô[39m src/components/__tests__/accessibility-checker-tool.test.ts[2m > [22mAccessibilityCheckerTool Component[2m > [22mgetWCAGBadgeColor method[2m > [22mshould return blue style for AA[32m 6[2mms[22m[39m
 [32mΓ£ô[39m src/components/__tests__/accessibility-checker-tool.test.ts[2m > [22mAccessibilityCheckerTool Component[2m > [22mgetWCAGBadgeColor method[2m > [22mshould return red style for Fail[32m 7[2mms[22m[39m
 [32mΓ£ô[39m src/components/__tests__/accessibility-checker-tool.test.ts[2m > [22mAccessibilityCheckerTool Component[2m > [22mgetDistinguishabilityColor method[2m > [22mshould return green for score >= 80[32m 5[2mms[22m[39m
 [32mΓ£ô[39m src/components/__tests__/accessibility-checker-tool.test.ts[2m > [22mAccessibilityCheckerTool Component[2m > [22mgetDistinguishabilityColor method[2m > [22mshould return blue for score >= 60[32m 4[2mms[22m[39m
 [32mΓ£ô[39m src/components/__tests__/accessibility-checker-tool.test.ts[2m > [22mAccessibilityCheckerTool Component[2m > [22mgetDistinguishabilityColor method[2m > [22mshould return yellow for score >= 40[32m 7[2mms[22m[39m
 [32mΓ£ô[39m src/components/__tests__/accessibility-checker-tool.test.ts[2m > [22mAccessibilityCheckerTool Component[2m > [22mgetDistinguishabilityColor method[2m > [22mshould return red for score < 40[32m 4[2mms[22m[39m
 [32mΓ£ô[39m src/components/__tests__/accessibility-checker-tool.test.ts[2m > [22mAccessibilityCheckerTool Component[2m > [22mgetAccessibilityScoreStyle method[2m > [22mshould return excellent style for score >= 80[32m 6[2mms[22m[39m
 [32mΓ£ô[39m src/components/__tests__/tutorial-spotlight.test.ts[2m > [22mTutorialSpotlight[2m > [22mStep Display[2m > [22mshould display step indicator[32m 26[2mms[22m[39m
 [32mΓ£ô[39m src/components/__tests__/tutorial-spotlight.test.ts[2m > [22mTutorialSpotlight[2m > [22mStep Display[2m > [22mshould have Skip button[32m 20[2mms[22m[39m
 [32mΓ£ô[39m src/components/__tests__/tutorial-spotlight.test.ts[2m > [22mTutorialSpotlight[2m > [22mStep Display[2m > [22mshould have Next button[32m 13[2mms[22m[39m
 [32mΓ£ô[39m src/components/__tests__/tutorial-spotlight.test.ts[2m > [22mTutorialSpotlight[2m > [22mStep Display[2m > [22mshould have Previous button when not on first step[32m 14[2mms[22m[39m
 [32mΓ£ô[39m src/components/__tests__/tutorial-spotlight.test.ts[2m > [22mTutorialSpotlight[2m > [22mStep Display[2m > [22mshould not have Previous button on first step[32m 25[2mms[22m[39m
 [32mΓ£ô[39m src/components/__tests__/tutorial-spotlight.test.ts[2m > [22mTutorialSpotlight[2m > [22mStep Display[2m > [22mshould have Finish button on last step[32m 11[2mms[22m[39m
 [32mΓ£ô[39m src/components/__tests__/theme-switcher.test.ts[2m > [22mThemeSwitcher[2m > [22mTheme Selection[2m > [22mshould change theme when theme button is clicked[32m 145[2mms[22m[39m
 [32mΓ£ô[39m src/components/__tests__/image-upload-display.test.ts[2m > [22mImageUploadDisplay[2m > [22mdrop event branch coverage[2m > [22mshould handle drop event without dataTransfer[32m 6[2mms[22m[39m
 [32mΓ£ô[39m src/components/__tests__/image-upload-display.test.ts[2m > [22mImageUploadDisplay[2m > [22mdrop event branch coverage[2m > [22mshould handle drop event with null files[32m 6[2mms[22m[39m
 [32mΓ£ô[39m src/components/__tests__/image-upload-display.test.ts[2m > [22mImageUploadDisplay[2m > [22mpaste event branch coverage[2m > [22mshould handle paste with non-image items[32m 18[2mms[22m[39m
 [32mΓ£ô[39m src/components/__tests__/image-upload-display.test.ts[2m > [22mImageUploadDisplay[2m > [22mpaste event branch coverage[2m > [22mshould handle paste with null blob[32m 16[2mms[22m[39m
 [32mΓ£ô[39m src/components/__tests__/image-upload-display.test.ts[2m > [22mImageUploadDisplay[2m > [22mpaste event branch coverage[2m > [22mshould handle paste with null clipboardData[32m 5[2mms[22m[39m
 [32mΓ£ô[39m src/components/__tests__/image-upload-display.test.ts[2m > [22mImageUploadDisplay[2m > [22mpaste event branch coverage[2m > [22mshould handle paste with null items[32m 6[2mms[22m[39m
 [32mΓ£ô[39m src/components/__tests__/image-upload-display.test.ts[2m > [22mImageUploadDisplay[2m > [22mcanvas context branch coverage[2m > [22mshould return null from getImageCanvas when canvas context is null[32m 8[2mms[22m[39m
 [32mΓ£ô[39m src/components/__tests__/image-upload-display.test.ts[2m > [22mImageUploadDisplay[2m > [22mcanvas context branch coverage[2m > [22mshould return null from samplePixel when canvas context is null[32m 14[2mms[22m[39m
 [32mΓ£ô[39m src/components/__tests__/image-upload-display.test.ts[2m > [22mImageUploadDisplay[2m > [22mcanvas context branch coverage[2m > [22mshould return null from getAverageColor when canvas context is null[32m 6[2mms[22m[39m
 [32mΓ£ô[39m src/components/__tests__/image-upload-display.test.ts[2m > [22mImageUploadDisplay[2m > [22mcoordinate clamping branch coverage[2m > [22mshould clamp negative coordinates in samplePixel[32m 8[2mms[22m[39m
 [32mΓ£ô[39m src/components/__tests__/image-upload-display.test.ts[2m > [22mImageUploadDisplay[2m > [22mcoordinate clamping branch coverage[2m > [22mshould clamp coordinates exceeding canvas bounds in samplePixel[32m 6[2mms[22m[39m
 [32mΓ£ô[39m src/components/__tests__/accessibility-checker-tool.test.ts[2m > [22mAccessibilityCheckerTool Component[2m > [22mgetAccessibilityScoreStyle method[2m > [22mshould return fair style for score 50-79[32m 14[2mms[22m[39m
 [32mΓ£ô[39m src/components/__tests__/accessibility-checker-tool.test.ts[2m > [22mAccessibilityCheckerTool Component[2m > [22mgetAccessibilityScoreStyle method[2m > [22mshould return poor style for score < 50[32m 4[2mms[22m[39m
 [32mΓ£ô[39m src/components/__tests__/accessibility-checker-tool.test.ts[2m > [22mAccessibilityCheckerTool Component[2m > [22mcreatePair method[2m > [22mshould create pair without error[32m 15[2mms[22m[39m
 [32mΓ£ô[39m src/components/__tests__/accessibility-checker-tool.test.ts[2m > [22mAccessibilityCheckerTool Component[2m > [22mclearPairs method[2m > [22mshould clear pairs without error[32m 9[2mms[22m[39m
 [32mΓ£ô[39m src/components/__tests__/accessibility-checker-tool.test.ts[2m > [22mAccessibilityCheckerTool Component[2m > [22mclearPairs method[2m > [22mshould clear existing pairs when pairs container exists[32m 11[2mms[22m[39m
 [32mΓ£ô[39m src/components/__tests__/accessibility-checker-tool.test.ts[2m > [22mAccessibilityCheckerTool Component[2m > [22mupdateResults integration[2m > [22mshould display empty message when no dyes selected[32m 10[2mms[22m[39m
 [31m├ù[39m src/components/__tests__/tool-header.test.ts[2m > [22mToolHeader[2m > [22mRendering[2m > [22mshould render title[32m 16[2mms[22m[39m
[31m   ΓåÆ this.bindEvents is not a function[39m
 [31m├ù[39m src/components/__tests__/tool-header.test.ts[2m > [22mToolHeader[2m > [22mRendering[2m > [22mshould render title with icon[32m 3[2mms[22m[39m
[31m   ΓåÆ this.bindEvents is not a function[39m
 [31m├ù[39m src/components/__tests__/tool-header.test.ts[2m > [22mToolHeader[2m > [22mRendering[2m > [22mshould render description when provided[32m 4[2mms[22m[39m
[31m   ΓåÆ this.bindEvents is not a function[39m
 [31m├ù[39m src/components/__tests__/tool-header.test.ts[2m > [22mToolHeader[2m > [22mRendering[2m > [22mshould not render description when not provided[32m 2[2mms[22m[39m
[31m   ΓåÆ this.bindEvents is not a function[39m
 [31m├ù[39m src/components/__tests__/tool-header.test.ts[2m > [22mToolHeader[2m > [22mRendering[2m > [22mshould render action buttons when provided[32m 3[2mms[22m[39m
[31m   ΓåÆ this.bindEvents is not a function[39m
 [31m├ù[39m src/components/__tests__/tool-header.test.ts[2m > [22mToolHeader[2m > [22mRendering[2m > [22mshould not render actions container when actions is empty array[32m 1[2mms[22m[39m
[31m   ΓåÆ this.bindEvents is not a function[39m
 [31m├ù[39m src/components/__tests__/tool-header.test.ts[2m > [22mToolHeader[2m > [22mStyling[2m > [22mshould have centered text alignment[32m 1[2mms[22m[39m
[31m   ΓåÆ this.bindEvents is not a function[39m
 [31m├ù[39m src/components/__tests__/tool-header.test.ts[2m > [22mToolHeader[2m > [22mStyling[2m > [22mshould have proper spacing[32m 1[2mms[22m[39m
[31m   ΓåÆ this.bindEvents is not a function[39m
 [32mΓ£ô[39m src/components/__tests__/dye-selector.test.ts[2m > [22mDyeSelector[2m > [22msetState branch coverage[2m > [22mshould ignore invalid selectedDyes type[32m 4[2mms[22m[39m
 [32mΓ£ô[39m src/components/__tests__/dye-selector.test.ts[2m > [22mDyeSelector[2m > [22msetState branch coverage[2m > [22mshould ignore invalid searchQuery type[32m 4[2mms[22m[39m
 [32mΓ£ô[39m src/components/__tests__/dye-selector.test.ts[2m > [22mDyeSelector[2m > [22mrender verification branch[2m > [22mshould handle category display based on showCategories option[32m 3[2mms[22m[39m
 [32mΓ£ô[39m src/components/__tests__/dye-selector.test.ts[2m > [22mDyeSelector[2m > [22mhover effect branches[2m > [22mshould apply brightness filter on mouseenter[32m 4[2mms[22m[39m
 [32mΓ£ô[39m src/components/__tests__/dye-selector.test.ts[2m > [22mDyeSelector[2m > [22mhover effect branches[2m > [22mshould remove brightness filter on mouseleave[32m 4[2mms[22m[39m
 [32mΓ£ô[39m src/components/__tests__/dye-selector.test.ts[2m > [22mDyeSelector[2m > [22mhover effect branches[2m > [22mshould apply darker brightness on mousedown[32m 5[2mms[22m[39m
 [32mΓ£ô[39m src/components/__tests__/dye-selector.test.ts[2m > [22mDyeSelector[2m > [22mhover effect branches[2m > [22mshould restore brightness on mouseup[32m 5[2mms[22m[39m
 [32mΓ£ô[39m src/components/__tests__/dye-selector.test.ts[2m > [22mDyeSelector[2m > [22mexcludeFacewear option[2m > [22mshould include Facewear category when excludeFacewear is false[32m 5[2mms[22m[39m
[90mstderr[2m | src/components/__tests__/tutorial-spotlight.test.ts[2m > [22m[2mTutorialSpotlight[2m > 
[22m[2mButton Actions[2m > [22m[2mshould call TutorialService.skip when Skip clicked
[22m[39mBaseComponent.on: Target is not HTMLElement, Document, or Window [36m<ref *1>[39m Object [global] {
  global: [36m[Circular *1][39m,
  clearImmediate: [Function: clearImmediate] {
    hadOwnProperty: [33mtrue[39m,
    clock: {
      now: [33m1764681223305[39m,
      Date: [36m[Function][39m,
      loopLimit: [33m10000[39m,
      Intl: [36m[Object][39m,
      requestIdleCallback: [36m[Function: requestIdleCallback][39m,
      cancelIdleCallback: [36m[Function: cancelIdleCallback][39m,
      setTimeout: [36m[Function][39m,
      clearTimeout: [36m[Function][39m,
      nextTick: [36m[Function: nextTick][39m,
      queueMicrotask: [36m[Function: queueMicrotask][39m,
      setInterval: [36m[Function][39m,
      clearInterval: [36m[Function][39m,
      setImmediate: [36m[Function][39m,
      clearImmediate: [36m[Function][39m,
      countTimers: [36m[Function: countTimers][39m,
      requestAnimationFrame: [36m[Function][39m,
      cancelAnimationFrame: [36m[Function][39m,
      runMicrotasks: [36m[Function: runMicrotasks][39m,
      tick: [36m[Function: tick][39m,
      tickAsync: [36m[Function: tickAsync][39m,
      next: [36m[Function: next][39m,
      nextAsync: [36m[Function: nextAsync][39m,
      runAll: [36m[Function: runAll][39m,
      runToFrame: [36m[Function: runToFrame][39m,
      runAllAsync: [36m[Function: runAllAsync][39m,
      runToLast: [36m[Function: runToLast][39m,
      runToLastAsync: [36m[Function: runToLastAsync][39m,
      reset: [36m[Function: reset][39m,
      setSystemTime: [36m[Function: setSystemTime][39m,
      jump: [36m[Function: jump][39m,
      performance: [36m[Object: null prototype][39m,
      hrtime: [36m[Function][39m,
      shouldClearNativeTimers: [33mtrue[39m,
      uninstall: [36m[Function (anonymous)][39m,
      abortListenerMap: Map(0) {},
      methods: [36m[Array][39m,
      _setTimeout: [36m[Function][39m,
      _clearTimeout: [36m[Function: clearTimeout][39m,
      _setInterval: [36m[Function: setInterval][39m,
      _clearInterval: [36m[Function: clearInterval][39m,
      _Date: [36m[Function: Date][39m,
      _setImmediate: [36m[Function][39m,
      _clearImmediate: [36m[Function: clearImmediate][39m,
      _hrtime: [36m[Function][39m,
      _performance: [36m[Performance][39m,
      _requestAnimationFrame: [36m[Function: bound ][39m,
      _cancelAnimationFrame: [36m[Function: bound ][39m,
      _Intl: Object [Intl] {}
    }
  },
  setImmediate: [Function: setImmediate] {
    hadOwnProperty: [33mtrue[39m,
    clock: {
      now: [33m1764681223305[39m,
      Date: [36m[Function][39m,
      loopLimit: [33m10000[39m,
      Intl: [36m[Object][39m,
      requestIdleCallback: [36m[Function: requestIdleCallback][39m,
      cancelIdleCallback: [36m[Function: cancelIdleCallback][39m,
      setTimeout: [36m[Function][39m,
      clearTimeout: [36m[Function][39m,
      nextTick: [36m[Function: nextTick][39m,
      queueMicrotask: [36m[Function: queueMicrotask][39m,
      setInterval: [36m[Function][39m,
      clearInterval: [36m[Function][39m,
      setImmediate: [36m[Function][39m,
      clearImmediate: [36m[Function][39m,
      countTimers: [36m[Function: countTimers][39m,
      requestAnimationFrame: [36m[Function][39m,
      cancelAnimationFrame: [36m[Function][39m,
      runMicrotasks: [36m[Function: runMicrotasks][39m,
      tick: [36m[Function: tick][39m,
      tickAsync: [36m[Function: tickAsync][39m,
      next: [36m[Function: next][39m,
      nextAsync: [36m[Function: nextAsync][39m,
      runAll: [36m[Function: runAll][39m,
      runToFrame: [36m[Function: runToFrame][39m,
      runAllAsync: [36m[Function: runAllAsync][39m,
      runToLast: [36m[Function: runToLast][39m,
      runToLastAsync: [36m[Function: runToLastAsync][39m,
      reset: [36m[Function: reset][39m,
      setSystemTime: [36m[Function: setSystemTime][39m,
      jump: [36m[Function: jump][39m,
      performance: [36m[Object: null prototype][39m,
      hrtime: [36m[Function][39m,
      shouldClearNativeTimers: [33mtrue[39m,
      uninstall: [36m[Function (anonymous)][39m,
      abortListenerMap: Map(0) {},
      methods: [36m[Array][39m,
      _setTimeout: [36m[Function][39m,
      _clearTimeout: [36m[Function: clearTimeout][39m,
      _setInterval: [36m[Function: setInterval][39m,
      _clearInterval: [36m[Function: clearInterval][39m,
      _Date: [36m[Function: Date][39m,
      _setImmediate: [36m[Function][39m,
      _clearImmediate: [36m[Function: clearImmediate][39m,
      _hrtime: [36m[Function][39m,
      _performance: [36m[Performance][39m,
      _requestAnimationFrame: [36m[Function: bound ][39m,
      _cancelAnimationFrame: [36m[Function: bound ][39m,
      _Intl: Object [Intl] {}
    },
    [[32mSymbol(nodejs.util.promisify.custom)[39m]: [36m[Function: promisifiedSetImmediate][39m
  },
  clearInterval: [Function: clearInterval] {
    hadOwnProperty: [33mtrue[39m,
    clock: {
      now: [33m1764681223305[39m,
      Date: [36m[Function][39m,
      loopLimit: [33m10000[39m,
      Intl: [36m[Object][39m,
      requestIdleCallback: [36m[Function: requestIdleCallback][39m,
      cancelIdleCallback: [36m[Function: cancelIdleCallback][39m,
      setTimeout: [36m[Function][39m,
      clearTimeout: [36m[Function][39m,
      nextTick: [36m[Function: nextTick][39m,
      queueMicrotask: [36m[Function: queueMicrotask][39m,
      setInterval: [36m[Function][39m,
      clearInterval: [36m[Function][39m,
      setImmediate: [36m[Function][39m,
      clearImmediate: [36m[Function][39m,
      countTimers: [36m[Function: countTimers][39m,
      requestAnimationFrame: [36m[Function][39m,
      cancelAnimationFrame: [36m[Function][39m,
      runMicrotasks: [36m[Function: runMicrotasks][39m,
      tick: [36m[Function: tick][39m,
      tickAsync: [36m[Function: tickAsync][39m,
      next: [36m[Function: next][39m,
      nextAsync: [36m[Function: nextAsync][39m,
      runAll: [36m[Function: runAll][39m,
      runToFrame: [36m[Function: runToFrame][39m,
      runAllAsync: [36m[Function: runAllAsync][39m,
      runToLast: [36m[Function: runToLast][39m,
      runToLastAsync: [36m[Function: runToLastAsync][39m,
      reset: [36m[Function: reset][39m,
      setSystemTime: [36m[Function: setSystemTime][39m,
      jump: [36m[Function: jump][39m,
      performance: [36m[Object: null prototype][39m,
      hrtime: [36m[Function][39m,
      shouldClearNativeTimers: [33mtrue[39m,
      uninstall: [36m[Function (anonymous)][39m,
      abortListenerMap: Map(0) {},
      methods: [36m[Array][39m,
      _setTimeout: [36m[Function][39m,
      _clearTimeout: [36m[Function: clearTimeout][39m,
      _setInterval: [36m[Function: setInterval][39m,
      _clearInterval: [36m[Function: clearInterval][39m,
      _Date: [36m[Function: Date][39m,
      _setImmediate: [36m[Function][39m,
      _clearImmediate: [36m[Function: clearImmediate][39m,
      _hrtime: [36m[Function][39m,
      _performance: [36m[Performance][39m,
      _requestAnimationFrame: [36m[Function: bound ][39m,
      _cancelAnimationFrame: [36m[Function: bound ][39m,
      _Intl: Object [Intl] {}
    }
  },
  clearTimeout: [Function: clearTimeout] {
    hadOwnProperty: [33mtrue[39m,
    clock: {
      now: [33m1764681223305[39m,
      Date: [36m[Function][39m,
      loopLimit: [33m10000[39m,
      Intl: [36m[Object][39m,
      requestIdleCallback: [36m[Function: requestIdleCallback][39m,
      cancelIdleCallback: [36m[Function: cancelIdleCallback][39m,
      setTimeout: [36m[Function][39m,
      clearTimeout: [36m[Function][39m,
      nextTick: [36m[Function: nextTick][39m,
      queueMicrotask: [36m[Function: queueMicrotask][39m,
      setInterval: [36m[Function][39m,
      clearInterval: [36m[Function][39m,
      setImmediate: [36m[Function][39m,
      clearImmediate: [36m[Function][39m,
      countTimers: [36m[Function: countTimers][39m,
      requestAnimationFrame: [36m[Function][39m,
      cancelAnimationFrame: [36m[Function][39m,
      runMicrotasks: [36m[Function: runMicrotasks][39m,
      tick: [36m[Function: tick][39m,
      tickAsync: [36m[Function: tickAsync][39m,
      next: [36m[Function: next][39m,
      nextAsync: [36m[Function: nextAsync][39m,
      runAll: [36m[Function: runAll][39m,
      runToFrame: [36m[Function: runToFrame][39m,
      runAllAsync: [36m[Function: runAllAsync][39m,
      runToLast: [36m[Function: runToLast][39m,
      runToLastAsync: [36m[Function: runToLastAsync][39m,
      reset: [36m[Function: reset][39m,
      setSystemTime: [36m[Function: setSystemTime][39m,
      jump: [36m[Function: jump][39m,
      performance: [36m[Object: null prototype][39m,
      hrtime: [36m[Function][39m,
      shouldClearNativeTimers: [33mtrue[39m,
      uninstall: [36m[Function (anonymous)][39m,
      abortListenerMap: Map(0) {},
      methods: [36m[Array][39m,
      _setTimeout: [36m[Function][39m,
      _clearTimeout: [36m[Function: clearTimeout][39m,
      _setInterval: [36m[Function: setInterval][39m,
      _clearInterval: [36m[Function: clearInterval][39m,
      _Date: [36m[Function: Date][39m,
      _setImmediate: [36m[Function][39m,
      _clearImmediate: [36m[Function: clearImmediate][39m,
      _hrtime: [36m[Function][39m,
      _performance: [36m[Performance][39m,
      _requestAnimationFrame: [36m[Function: bound ][39m,
      _cancelAnimationFrame: [36m[Function: bound ][39m,
      _Intl: Object [Intl] {}
    }
  },
  setInterval: [Function: setInterval] {
    hadOwnProperty: [33mtrue[39m,
    clock: {
      now: [33m1764681223305[39m,
      Date: [36m[Function][39m,
      loopLimit: [33m10000[39m,
      Intl: [36m[Object][39m,
      requestIdleCallback: [36m[Function: requestIdleCallback][39m,
      cancelIdleCallback: [36m[Function: cancelIdleCallback][39m,
      setTimeout: [36m[Function][39m,
      clearTimeout: [36m[Function][39m,
      nextTick: [36m[Function: nextTick][39m,
      queueMicrotask: [36m[Function: queueMicrotask][39m,
      setInterval: [36m[Function][39m,
      clearInterval: [36m[Function][39m,
      setImmediate: [36m[Function][39m,
      clearImmediate: [36m[Function][39m,
      countTimers: [36m[Function: countTimers][39m,
      requestAnimationFrame: [36m[Function][39m,
      cancelAnimationFrame: [36m[Function][39m,
      runMicrotasks: [36m[Function: runMicrotasks][39m,
      tick: [36m[Function: tick][39m,
      tickAsync: [36m[Function: tickAsync][39m,
      next: [36m[Function: next][39m,
      nextAsync: [36m[Function: nextAsync][39m,
      runAll: [36m[Function: runAll][39m,
      runToFrame: [36m[Function: runToFrame][39m,
      runAllAsync: [36m[Function: runAllAsync][39m,
      runToLast: [36m[Function: runToLast][39m,
      runToLastAsync: [36m[Function: runToLastAsync][39m,
      reset: [36m[Function: reset][39m,
      setSystemTime: [36m[Function: setSystemTime][39m,
      jump: [36m[Function: jump][39m,
      performance: [36m[Object: null prototype][39m,
      hrtime: [36m[Function][39m,
      shouldClearNativeTimers: [33mtrue[39m,
      uninstall: [36m[Function (anonymous)][39m,
      abortListenerMap: Map(0) {},
      methods: [36m[Array][39m,
      _setTimeout: [36m[Function][39m,
      _clearTimeout: [36m[Function: clearTimeout][39m,
      _setInterval: [36m[Function: setInterval][39m,
      _clearInterval: [36m[Function: clearInterval][39m,
      _Date: [36m[Function: Date][39m,
      _setImmediate: [36m[Function][39m,
      _clearImmediate: [36m[Function: clearImmediate][39m,
      _hrtime: [36m[Function][39m,
      _performance: [36m[Performance][39m,
      _requestAnimationFrame: [36m[Function: bound ][39m,
      _cancelAnimationFrame: [36m[Function: bound ][39m,
      _Intl: Object [Intl] {}
    }
  },
  setTimeout: [Function: setTimeout] {
    hadOwnProperty: [33mtrue[39m,
    clock: {
      now: [33m1764681223305[39m,
      Date: [36m[Function][39m,
      loopLimit: [33m10000[39m,
      Intl: [36m[Object][39m,
      requestIdleCallback: [36m[Function: requestIdleCallback][39m,
      cancelIdleCallback: [36m[Function: cancelIdleCallback][39m,
      setTimeout: [36m[Function][39m,
      clearTimeout: [36m[Function][39m,
      nextTick: [36m[Function: nextTick][39m,
      queueMicrotask: [36m[Function: queueMicrotask][39m,
      setInterval: [36m[Function][39m,
      clearInterval: [36m[Function][39m,
      setImmediate: [36m[Function][39m,
      clearImmediate: [36m[Function][39m,
      countTimers: [36m[Function: countTimers][39m,
      requestAnimationFrame: [36m[Function][39m,
      cancelAnimationFrame: [36m[Function][39m,
      runMicrotasks: [36m[Function: runMicrotasks][39m,
      tick: [36m[Function: tick][39m,
      tickAsync: [36m[Function: tickAsync][39m,
      next: [36m[Function: next][39m,
      nextAsync: [36m[Function: nextAsync][39m,
      runAll: [36m[Function: runAll][39m,
      runToFrame: [36m[Function: runToFrame][39m,
      runAllAsync: [36m[Function: runAllAsync][39m,
      runToLast: [36m[Function: runToLast][39m,
      runToLastAsync: [36m[Function: runToLastAsync][39m,
      reset: [36m[Function: reset][39m,
      setSystemTime: [36m[Function: setSystemTime][39m,
      jump: [36m[Function: jump][39m,
      performance: [36m[Object: null prototype][39m,
      hrtime: [36m[Function][39m,
      shouldClearNativeTimers: [33mtrue[39m,
      uninstall: [36m[Function (anonymous)][39m,
      abortListenerMap: Map(0) {},
      methods: [36m[Array][39m,
      _setTimeout: [36m[Function][39m,
      _clearTimeout: [36m[Function: clearTimeout][39m,
      _setInterval: [36m[Function: setInterval][39m,
      _clearInterval: [36m[Function: clearInterval][39m,
      _Date: [36m[Function: Date][39m,
      _setImmediate: [36m[Function][39m,
      _clearImmediate: [36m[Function: clearImmediate][39m,
      _hrtime: [36m[Function][39m,
      _performance: [36m[Performance][39m,
      _requestAnimationFrame: [36m[Function: bound ][39m,
      _cancelAnimationFrame: [36m[Function: bound ][39m,
      _Intl: Object [Intl] {}
    },
    [[32mSymbol(nodejs.util.promisify.custom)[39m]: [36m[Function: promisifiedSetTimeout][39m
  },
  queueMicrotask: [36m[Function: queueMicrotask][39m,
  structuredClone: [36m[Function: structuredClone][39m,
  atob: [36m[Function: atob][39m,
  btoa: [36m[Function: btoa][39m,
  performance: [36m[Getter/Setter][39m,
  fetch: [36m[Function: fetch][39m,
  navigator: [36m[Getter/Setter][39m,
  crypto: [36m[Getter][39m,
  window: [36m[Circular *1][39m,
  self: [36m[Circular *1][39m,
  top: [36m[Circular *1][39m,
  parent: [36m[Circular *1][39m,
  jsdom: JSDOM {
    [[32mSymbol(window)[39m]: [36m<ref *2>[39m Window {
      StyleSheet: [36m[Function: StyleSheet][39m,
      MediaList: [36m[Function: MediaList][39m,
      CSSStyleSheet: [36m[Function: CSSStyleSheet][39m,
      CSSRule: [36m[Function][39m,
      CSSStyleRule: [36m[Function][39m,
      CSSMediaRule: [36m[Function: CSSMediaRule][39m,
      CSSImportRule: [36m[Function: CSSImportRule][39m,
      CSSStyleDeclaration: [36m[class CSSStyleDeclaration][39m,
      XPathException: [36m[Function][39m,
      XPathExpression: [36m[Function: XPathExpression][39m,
      XPathResult: [36m[Function][39m,
      XPathEvaluator: [36m[Function: XPathEvaluator][39m,
      onafterprint: [36m[Getter/Setter][39m,
      onbeforeprint: [36m[Getter/Setter][39m,
      onbeforeunload: [36m[Getter/Setter][39m,
      onhashchange: [36m[Getter/Setter][39m,
      onlanguagechange: [36m[Getter/Setter][39m,
      onmessage: [36m[Getter/Setter][39m,
      onmessageerror: [36m[Getter/Setter][39m,
      onoffline: [36m[Getter/Setter][39m,
      ononline: [36m[Getter/Setter][39m,
      onpagehide: [36m[Getter/Setter][39m,
      onpageshow: [36m[Getter/Setter][39m,
      onpopstate: [36m[Getter/Setter][39m,
      onrejectionhandled: [36m[Getter/Setter][39m,
      onstorage: [36m[Getter/Setter][39m,
      onunhandledrejection: [36m[Getter/Setter][39m,
      onunload: [36m[Getter/Setter][39m,
      onblur: [36m[Getter/Setter][39m,
      onerror: [36m[Getter/Setter][39m,
      onfocus: [36m[Getter/Setter][39m,
      onload: [36m[Getter/Setter][39m,
      onresize: [36m[Getter/Setter][39m,
      onscroll: [36m[Getter/Setter][39m,
      onabort: [36m[Getter/Setter][39m,
      onauxclick: [36m[Getter/Setter][39m,
      onbeforeinput: [36m[Getter/Setter][39m,
      onbeforematch: [36m[Getter/Setter][39m,
      onbeforetoggle: [36m[Getter/Setter][39m,
      oncancel: [36m[Getter/Setter][39m,
      oncanplay: [36m[Getter/Setter][39m,
      oncanplaythrough: [36m[Getter/Setter][39m,
      onchange: [36m[Getter/Setter][39m,
      onclick: [36m[Getter/Setter][39m,
      onclose: [36m[Getter/Setter][39m,
      oncontextlost: [36m[Getter/Setter][39m,
      oncontextmenu: [36m[Getter/Setter][39m,
      oncontextrestored: [36m[Getter/Setter][39m,
      oncopy: [36m[Getter/Setter][39m,
      oncuechange: [36m[Getter/Setter][39m,
      oncut: [36m[Getter/Setter][39m,
      ondblclick: [36m[Getter/Setter][39m,
      ondrag: [36m[Getter/Setter][39m,
      ondragend: [36m[Getter/Setter][39m,
      ondragenter: [36m[Getter/Setter][39m,
      ondragleave: [36m[Getter/Setter][39m,
      ondragover: [36m[Getter/Setter][39m,
      ondragstart: [36m[Getter/Setter][39m,
      ondrop: [36m[Getter/Setter][39m,
      ondurationchange: [36m[Getter/Setter][39m,
      onemptied: [36m[Getter/Setter][39m,
      onended: [36m[Getter/Setter][39m,
      onformdata: [36m[Getter/Setter][39m,
      oninput: [36m[Getter/Setter][39m,
      oninvalid: [36m[Getter/Setter][39m,
      onkeydown: [36m[Getter/Setter][39m,
      onkeypress: [36m[Getter/Setter][39m,
      onkeyup: [36m[Getter/Setter][39m,
      onloadeddata: [36m[Getter/Setter][39m,
      onloadedmetadata: [36m[Getter/Setter][39m,
      onloadstart: [36m[Getter/Setter][39m,
      onmousedown: [36m[Getter/Setter][39m,
      onmouseenter: [36m[Getter/Setter][39m,
      onmouseleave: [36m[Getter/Setter][39m,
      onmousemove: [36m[Getter/Setter][39m,
      onmouseout: [36m[Getter/Setter][39m,
      onmouseover: [36m[Getter/Setter][39m,
      onmouseup: [36m[Getter/Setter][39m,
      onpaste: [36m[Getter/Setter][39m,
      onpause: [36m[Getter/Setter][39m,
      onplay: [36m[Getter/Setter][39m,
      onplaying: [36m[Getter/Setter][39m,
      onprogress: [36m[Getter/Setter][39m,
      onratechange: [36m[Getter/Setter][39m,
      onreset: [36m[Getter/Setter][39m,
      onscrollend: [36m[Getter/Setter][39m,
      onsecuritypolicyviolation: [36m[Getter/Setter][39m,
      onseeked: [36m[Getter/Setter][39m,
      onseeking: [36m[Getter/Setter][39m,
      onselect: [36m[Getter/Setter][39m,
      onslotchange: [36m[Getter/Setter][39m,
      onstalled: [36m[Getter/Setter][39m,
      onsubmit: [36m[Getter/Setter][39m,
      onsuspend: [36m[Getter/Setter][39m,
      ontimeupdate: [36m[Getter/Setter][39m,
      ontoggle: [36m[Getter/Setter][39m,
      onvolumechange: [36m[Getter/Setter][39m,
      onwaiting: [36m[Getter/Setter][39m,
      onwebkitanimationend: [36m[Getter/Setter][39m,
      onwebkitanimationiteration: [36m[Getter/Setter][39m,
      onwebkitanimationstart: [36m[Getter/Setter][39m,
      onwebkittransitionend: [36m[Getter/Setter][39m,
      onwheel: [36m[Getter/Setter][39m,
      ontouchstart: [36m[Getter/Setter][39m,
      ontouchend: [36m[Getter/Setter][39m,
      ontouchmove: [36m[Getter/Setter][39m,
      ontouchcancel: [36m[Getter/Setter][39m,
      _registeredHandlers: Set(0) {},
      _eventHandlers: [Object: null prototype] {},
      onautocomplete: [36m[Getter/Setter][39m,
      onautocompleteerror: [36m[Getter/Setter][39m,
      onsort: [36m[Getter/Setter][39m,
      _globalObject: [36m[Circular *2][39m,
      _resourceLoader: [36m[NoOpResourceLoader][39m,
      _globalProxy: [36m[Object [Window]][39m,
      _document: [36m[Document][39m,
      _origin: [32m'http://localhost:3000'[39m,
      _sessionHistory: [36m[SessionHistory][39m,
      _virtualConsole: [36m[VirtualConsole][39m,
      _runScripts: [32m'dangerously'[39m,
      _top: [36m[Object [Window]][39m,
      _parent: [36m[Object [Window]][39m,
      _frameElement: [1mnull[22m,
      _length: [33m0[39m,
      _currentEvent: [90mundefined[39m,
      _pretendToBeVisual: [33mtrue[39m,
      _storageQuota: [33m5000000[39m,
      _commonForOrigin: [36m[Object][39m,
      _currentOriginData: [36m[Object][39m,
      _localStorage: Storage {},
      _sessionStorage: Storage {},
      _selection: [36m[SelectionImpl][39m,
      getSelection: [36m[Function (anonymous)][39m,
      _customElementRegistry: CustomElementRegistry {},
      length: [36m[Getter/Setter][39m,
      window: [36m[Getter][39m,
      frameElement: [36m[Getter][39m,
      frames: [36m[Getter/Setter][39m,
      self: [36m[Getter/Setter][39m,
      parent: [36m[Getter/Setter][39m,
      top: [36m[Getter][39m,
      document: [36m[Getter][39m,
      external: [36m[Getter/Setter][39m,
      location: [36m[Getter/Setter][39m,
      history: [36m[Getter][39m,
      navigator: [36m[Getter][39m,
      locationbar: [36m[Getter/Setter][39m,
      menubar: [36m[Getter/Setter][39m,
      personalbar: [36m[Getter/Setter][39m,
      scrollbars: [36m[Getter/Setter][39m,
      statusbar: [36m[Getter/Setter][39m,
      toolbar: [36m[Getter/Setter][39m,
      performance: [36m[Getter][39m,
      screen: [36m[Getter/Setter][39m,
      crypto: [36m[Getter][39m,
      origin: [36m[Getter/Setter][39m,
      localStorage: [36m[Getter][39m,
      sessionStorage: [36m[Getter][39m,
      customElements: [36m[Getter][39m,
      event: [36m[Getter/Setter][39m,
      setTimeout: [36m[Function (anonymous)][39m,
      setInterval: [36m[Function (anonymous)][39m,
      clearTimeout: [36m[Function (anonymous)][39m,
      clearInterval: [36m[Function (anonymous)][39m,
      queueMicrotask: [36m[Function (anonymous)][39m,
      requestAnimationFrame: [36m[Function (anonymous)][39m,
      cancelAnimationFrame: [36m[Function (anonymous)][39m,
      postMessage: [36m[Function (anonymous)][39m,
      atob: [36m[Function (anonymous)][39m,
      btoa: [36m[Function (anonymous)][39m,
      stop: [36m[Function (anonymous)][39m,
      close: [36m[Function (anonymous)][39m,
      getComputedStyle: [36m[Function (anonymous)][39m,
      captureEvents: [36m[Function (anonymous)][39m,
      releaseEvents: [36m[Function (anonymous)][39m,
      console: [36m[Object][39m,
      name: [32m''[39m,
      status: [32m''[39m,
      devicePixelRatio: [33m1[39m,
      innerWidth: [33m1024[39m,
      innerHeight: [33m768[39m,
      outerWidth: [33m1024[39m,
      outerHeight: [33m768[39m,
      pageXOffset: [33m0[39m,
      pageYOffset: [33m0[39m,
      screenX: [33m0[39m,
      screenLeft: [33m0[39m,
      screenY: [33m0[39m,
      screenTop: [33m0[39m,
      scrollX: [33m0[39m,
      scrollY: [33m0[39m,
      alert: [36m[Function (anonymous)][39m,
      blur: [36m[Function (anonymous)][39m,
      confirm: [36m[Function (anonymous)][39m,
      focus: [36m[Function (anonymous)][39m,
      moveBy: [36m[Function (anonymous)][39m,
      moveTo: [36m[Function (anonymous)][39m,
      open: [36m[Function (anonymous)][39m,
      print: [36m[Function (anonymous)][39m,
      prompt: [36m[Function (anonymous)][39m,
      resizeBy: [36m[Function (anonymous)][39m,
      resizeTo: [36m[Function (anonymous)][39m,
      scroll: [36m[Function (anonymous)][39m,
      scrollBy: [36m[Function (anonymous)][39m,
      scrollTo: [36m[Function (anonymous)][39m,
      [32m'test-container'[39m: [36m[Getter/Setter][39m,
      [32m'tutorial-target'[39m: [36m[Getter/Setter][39m,
      [[32mSymbol([webidl2js] constructor registry)[39m]: [36m[Object: null prototype][39m,
      [[32mSymbol(named property tracker)[39m]: [36m[NamedPropertiesTracker][39m
    }
  },
  suite: [Function: chain] {
    each: [36m[Function (anonymous)][39m,
    for: [36m[Function (anonymous)][39m,
    skipIf: [36m[Function (anonymous)][39m,
    runIf: [36m[Function (anonymous)][39m,
    withContext: [36m[Function (anonymous)][39m,
    setContext: [36m[Function (anonymous)][39m,
    mergeContext: [36m[Function (anonymous)][39m,
    fn: [Function: suiteFn] {
      each: [36m[Function (anonymous)][39m,
      for: [36m[Function (anonymous)][39m,
      skipIf: [36m[Function (anonymous)][39m,
      runIf: [36m[Function (anonymous)][39m
    }
  },
  test: [Function: chain] {
    each: [36m[Function (anonymous)][39m,
    for: [36m[Function (anonymous)][39m,
    skipIf: [36m[Function (anonymous)][39m,
    runIf: [36m[Function (anonymous)][39m,
    scoped: [36m[Function (anonymous)][39m,
    extend: [36m[Function (anonymous)][39m,
    beforeEach: [36m[Function: beforeEach][39m,
    afterEach: [36m[Function: afterEach][39m,
    beforeAll: [36m[Function: beforeAll][39m,
    afterAll: [36m[Function: afterAll][39m,
    withContext: [36m[Function (anonymous)][39m,
    setContext: [36m[Function (anonymous)][39m,
    mergeContext: [36m[Function (anonymous)][39m,
    fn: [Function (anonymous)] {
      each: [36m[Function (anonymous)][39m,
      for: [36m[Function (anonymous)][39m,
      skipIf: [36m[Function (anonymous)][39m,
      runIf: [36m[Function (anonymous)][39m,
      scoped: [36m[Function (anonymous)][39m,
      extend: [36m[Function (anonymous)][39m,
      beforeEach: [36m[Function: beforeEach][39m,
      afterEach: [36m[Function: afterEach][39m,
      beforeAll: [36m[Function: beforeAll][39m,
      afterAll: [36m[Function: afterAll][39m
    }
  },
  describe: [Function: chain] {
    each: [36m[Function (anonymous)][39m,
    for: [36m[Function (anonymous)][39m,
    skipIf: [36m[Function (anonymous)][39m,
    runIf: [36m[Function (anonymous)][39m,
    withContext: [36m[Function (anonymous)][39m,
    setContext: [36m[Function (anonymous)][39m,
    mergeContext: [36m[Function (anonymous)][39m,
    fn: [Function: suiteFn] {
      each: [36m[Function (anonymous)][39m,
      for: [36m[Function (anonymous)][39m,
      skipIf: [36m[Function (anonymous)][39m,
      runIf: [36m[Function (anonymous)][39m
    }
  },
  it: [Function: chain] {
    each: [36m[Function (anonymous)][39m,
    for: [36m[Function (anonymous)][39m,
    skipIf: [36m[Function (anonymous)][39m,
    runIf: [36m[Function (anonymous)][39m,
    scoped: [36m[Function (anonymous)][39m,
    extend: [36m[Function (anonymous)][39m,
    beforeEach: [36m[Function: beforeEach][39m,
    afterEach: [36m[Function: afterEach][39m,
    beforeAll: [36m[Function: beforeAll][39m,
    afterAll: [36m[Function: afterAll][39m,
    withContext: [36m[Function (anonymous)][39m,
    setContext: [36m[Function (anonymous)][39m,
    mergeContext: [36m[Function (anonymous)][39m,
    fn: [Function (anonymous)] {
      each: [36m[Function (anonymous)][39m,
      for: [36m[Function (anonymous)][39m,
      skipIf: [36m[Function (anonymous)][39m,
      runIf: [36m[Function (anonymous)][39m,
      scoped: [36m[Function (anonymous)][39m,
      extend: [36m[Function (anonymous)][39m,
      beforeEach: [36m[Function: beforeEach][39m,
      afterEach: [36m[Function: afterEach][39m,
      beforeAll: [36m[Function: beforeAll][39m,
      afterAll: [36m[Function: afterAll][39m
    }
  },
  chai: [Module: null prototype] {
    Assertion: [36m[class Assertion][39m,
    AssertionError: [36m[class AssertionError extends Error][39m,
    Should: [36m[Function: loadShould][39m,
    assert: [Function: assert] {
      fail: [36m[Function (anonymous)][39m,
      isOk: [36m[Function (anonymous)][39m,
      isNotOk: [36m[Function (anonymous)][39m,
      equal: [36m[Function (anonymous)][39m,
      notEqual: [36m[Function (anonymous)][39m,
      strictEqual: [36m[Function (anonymous)][39m,
      notStrictEqual: [36m[Function (anonymous)][39m,
      deepStrictEqual: [36m[Function (anonymous)][39m,
      deepEqual: [36m[Function (anonymous)][39m,
      notDeepEqual: [36m[Function (anonymous)][39m,
      isAbove: [36m[Function (anonymous)][39m,
      isAtLeast: [36m[Function (anonymous)][39m,
      isBelow: [36m[Function (anonymous)][39m,
      isAtMost: [36m[Function (anonymous)][39m,
      isTrue: [36m[Function (anonymous)][39m,
      isNotTrue: [36m[Function (anonymous)][39m,
      isFalse: [36m[Function (anonymous)][39m,
      isNotFalse: [36m[Function (anonymous)][39m,
      isNull: [36m[Function (anonymous)][39m,
      isNotNull: [36m[Function (anonymous)][39m,
      isNaN: [36m[Function (anonymous)][39m,
      isNotNaN: [36m[Function (anonymous)][39m,
      exists: [36m[Function (anonymous)][39m,
      notExists: [36m[Function (anonymous)][39m,
      isUndefined: [36m[Function (anonymous)][39m,
      isDefined: [36m[Function (anonymous)][39m,
      isCallable: [36m[Function (anonymous)][39m,
      isNotCallable: [36m[Function (anonymous)][39m,
      isObject: [36m[Function (anonymous)][39m,
      isNotObject: [36m[Function (anonymous)][39m,
      isArray: [36m[Function (anonymous)][39m,
      isNotArray: [36m[Function (anonymous)][39m,
      isString: [36m[Function (anonymous)][39m,
      isNotString: [36m[Function (anonymous)][39m,
      isNumber: [36m[Function (anonymous)][39m,
      isNotNumber: [36m[Function (anonymous)][39m,
      isNumeric: [36m[Function (anonymous)][39m,
      isNotNumeric: [36m[Function (anonymous)][39m,
      isFinite: [36m[Function (anonymous)][39m,
      isBoolean: [36m[Function (anonymous)][39m,
      isNotBoolean: [36m[Function (anonymous)][39m,
      typeOf: [36m[Function (anonymous)][39m,
      notTypeOf: [36m[Function (anonymous)][39m,
      instanceOf: [36m[Function (anonymous)][39m,
      notInstanceOf: [36m[Function (anonymous)][39m,
      include: [36m[Function (anonymous)][39m,
      notInclude: [36m[Function (anonymous)][39m,
      deepInclude: [36m[Function (anonymous)][39m,
      notDeepInclude: [36m[Function (anonymous)][39m,
      nestedInclude: [36m[Function (anonymous)][39m,
      notNestedInclude: [36m[Function (anonymous)][39m,
      deepNestedInclude: [36m[Function (anonymous)][39m,
      notDeepNestedInclude: [36m[Function (anonymous)][39m,
      ownInclude: [36m[Function (anonymous)][39m,
      notOwnInclude: [36m[Function (anonymous)][39m,
      deepOwnInclude: [36m[Function (anonymous)][39m,
      notDeepOwnInclude: [36m[Function (anonymous)][39m,
      match: [36m[Function (anonymous)][39m,
      notMatch: [36m[Function (anonymous)][39m,
      property: [36m[Function (anonymous)][39m,
      notProperty: [36m[Function (anonymous)][39m,
      propertyVal: [36m[Function (anonymous)][39m,
      notPropertyVal: [36m[Function (anonymous)][39m,
      deepPropertyVal: [36m[Function (anonymous)][39m,
      notDeepPropertyVal: [36m[Function (anonymous)][39m,
      ownProperty: [36m[Function (anonymous)][39m,
      notOwnProperty: [36m[Function (anonymous)][39m,
      ownPropertyVal: [36m[Function (anonymous)][39m,
      notOwnPropertyVal: [36m[Function (anonymous)][39m,
      deepOwnPropertyVal: [36m[Function (anonymous)][39m,
      notDeepOwnPropertyVal: [36m[Function (anonymous)][39m,
      nestedProperty: [36m[Function (anonymous)][39m,
      notNestedProperty: [36m[Function (anonymous)][39m,
      nestedPropertyVal: [36m[Function (anonymous)][39m,
      notNestedPropertyVal: [36m[Function (anonymous)][39m,
      deepNestedPropertyVal: [36m[Function (anonymous)][39m,
      notDeepNestedPropertyVal: [36m[Function (anonymous)][39m,
      lengthOf: [36m[Function (anonymous)][39m,
      hasAnyKeys: [36m[Function (anonymous)][39m,
      hasAllKeys: [36m[Function (anonymous)][39m,
      containsAllKeys: [36m[Function (anonymous)][39m,
      doesNotHaveAnyKeys: [36m[Function (anonymous)][39m,
      doesNotHaveAllKeys: [36m[Function (anonymous)][39m,
      hasAnyDeepKeys: [36m[Function (anonymous)][39m,
      hasAllDeepKeys: [36m[Function (anonymous)][39m,
      containsAllDeepKeys: [36m[Function (anonymous)][39m,
      doesNotHaveAnyDeepKeys: [36m[Function (anonymous)][39m,
      doesNotHaveAllDeepKeys: [36m[Function (anonymous)][39m,
      throws: [36m[Function (anonymous)][39m,
      doesNotThrow: [36m[Function (anonymous)][39m,
      operator: [36m[Function (anonymous)][39m,
      closeTo: [36m[Function (anonymous)][39m,
      approximately: [36m[Function (anonymous)][39m,
      sameMembers: [36m[Function (anonymous)][39m,
      notSameMembers: [36m[Function (anonymous)][39m,
      sameDeepMembers: [36m[Function (anonymous)][39m,
      notSameDeepMembers: [36m[Function (anonymous)][39m,
      sameOrderedMembers: [36m[Function (anonymous)][39m,
      notSameOrderedMembers: [36m[Function (anonymous)][39m,
      sameDeepOrderedMembers: [36m[Function (anonymous)][39m,
      notSameDeepOrderedMembers: [36m[Function (anonymous)][39m,
      includeMembers: [36m[Function (anonymous)][39m,
      notIncludeMembers: [36m[Function (anonymous)][39m,
      includeDeepMembers: [36m[Function (anonymous)][39m,
      notIncludeDeepMembers: [36m[Function (anonymous)][39m,
      includeOrderedMembers: [36m[Function (anonymous)][39m,
      notIncludeOrderedMembers: [36m[Function (anonymous)][39m,
      includeDeepOrderedMembers: [36m[Function (anonymous)][39m,
      notIncludeDeepOrderedMembers: [36m[Function (anonymous)][39m,
      oneOf: [36m[Function (anonymous)][39m,
      isIterable: [36m[Function (anonymous)][39m,
      changes: [36m[Function (anonymous)][39m,
      changesBy: [36m[Function (anonymous)][39m,
      doesNotChange: [36m[Function (anonymous)][39m,
      changesButNotBy: [36m[Function (anonymous)][39m,
      increases: [36m[Function (anonymous)][39m,
      increasesBy: [36m[Function (anonymous)][39m,
      doesNotIncrease: [36m[Function (anonymous)][39m,
      increasesButNotBy: [36m[Function (anonymous)][39m,
      decreases: [36m[Function (anonymous)][39m,
      decreasesBy: [36m[Function (anonymous)][39m,
      doesNotDecrease: [36m[Function (anonymous)][39m,
      doesNotDecreaseBy: [36m[Function (anonymous)][39m,
      decreasesButNotBy: [36m[Function (anonymous)][39m,
      ifError: [36m[Function (anonymous)][39m,
      isExtensible: [36m[Function (anonymous)][39m,
      isNotExtensible: [36m[Function (anonymous)][39m,
      isSealed: [36m[Function (anonymous)][39m,
      isNotSealed: [36m[Function (anonymous)][39m,
      isFrozen: [36m[Function (anonymous)][39m,
      isNotFrozen: [36m[Function (anonymous)][39m,
      isEmpty: [36m[Function (anonymous)][39m,
      isNotEmpty: [36m[Function (anonymous)][39m,
      containsSubset: [36m[Function (anonymous)][39m,
      doesNotContainSubset: [36m[Function (anonymous)][39m,
      ok: [36m[Function (anonymous)][39m,
      notOk: [36m[Function (anonymous)][39m,
      throw: [36m[Function (anonymous)][39m,
      Throw: [36m[Function (anonymous)][39m,
      extensible: [36m[Function (anonymous)][39m,
      notExtensible: [36m[Function (anonymous)][39m,
      sealed: [36m[Function (anonymous)][39m,
      notSealed: [36m[Function (anonymous)][39m,
      frozen: [36m[Function (anonymous)][39m,
      notFrozen: [36m[Function (anonymous)][39m,
      empty: [36m[Function (anonymous)][39m,
      notEmpty: [36m[Function (anonymous)][39m,
      isFunction: [36m[Function (anonymous)][39m,
      isNotFunction: [36m[Function (anonymous)][39m,
      containSubset: [36m[Function (anonymous)][39m
    },
    config: {
      includeStack: [33mfalse[39m,
      showDiff: [33mtrue[39m,
      truncateThreshold: [33m40[39m,
      useProxy: [33mtrue[39m,
      proxyExcludedKeys: [36m[Array][39m,
      deepEqual: [1mnull[22m
    },
    expect: [Function: expect] {
      fail: [36m[Function (anonymous)][39m,
      extend: [36m[Function: methodWrapper][39m,
      addSnapshotSerializer: [36m[Function: methodWrapper][39m,
      anything: [36m[Function: methodWrapper][39m,
      any: [36m[Function: methodWrapper][39m,
      stringContaining: [36m[Function: methodWrapper][39m,
      objectContaining: [36m[Function: methodWrapper][39m,
      arrayContaining: [36m[Function: methodWrapper][39m,
      stringMatching: [36m[Function: methodWrapper][39m,
      closeTo: [36m[Function: methodWrapper][39m,
      schemaMatching: [36m[Function: methodWrapper][39m,
      not: [36m[Object][39m,
      __flags: [36m[Object: null prototype][39m
    },
    should: [36m[Function: loadShould][39m,
    use: [36m[Function: use][39m,
    util: {
      addChainableMethod: [36m[Getter][39m,
      addLengthGuard: [36m[Getter][39m,
      addMethod: [36m[Getter][39m,
      addProperty: [36m[Getter][39m,
      checkError: [36m[Getter][39m,
      compareByInspect: [36m[Getter][39m,
      eql: [36m[Getter][39m,
      events: [36m[Getter][39m,
      expectTypes: [36m[Getter][39m,
      flag: [36m[Getter][39m,
      getActual: [36m[Getter][39m,
      getMessage: [36m[Getter][39m,
      getName: [36m[Getter][39m,
      getOperator: [36m[Getter][39m,
      getOwnEnumerableProperties: [36m[Getter][39m,
      getOwnEnumerablePropertySymbols: [36m[Getter][39m,
      getPathInfo: [36m[Getter][39m,
      hasProperty: [36m[Getter][39m,
      inspect: [36m[Getter][39m,
      isNaN: [36m[Getter][39m,
      isNumeric: [36m[Getter][39m,
      isProxyEnabled: [36m[Getter][39m,
      isRegExp: [36m[Getter][39m,
      objDisplay: [36m[Getter][39m,
      overwriteChainableMethod: [36m[Getter][39m,
      overwriteMethod: [36m[Getter][39m,
      overwriteProperty: [36m[Getter][39m,
      proxify: [36m[Getter][39m,
      test: [36m[Getter][39m,
      transferFlags: [36m[Getter][39m,
      type: [36m[Getter][39m
    }
  },
  expect: [Function: expect] {
    fail: [36m[Function (anonymous)][39m,
    extend: [36m[Function (anonymous)][39m,
    addSnapshotSerializer: [36m[Function: methodWrapper][39m,
    anything: [36m[Function: methodWrapper][39m,
    any: [36m[Function: methodWrapper][39m,
    stringContaining: [36m[Function: methodWrapper][39m,
    objectContaining: [36m[Function: methodWrapper][39m,
    arrayContaining: [36m[Function: methodWrapper][39m,
    stringMatching: [36m[Function: methodWrapper][39m,
    closeTo: [36m[Function: methodWrapper][39m,
    schemaMatching: [36m[Function: methodWrapper][39m,
    not: {
      stringContaining: [36m[Function: stringContaining][39m,
      objectContaining: [36m[Function: objectContaining][39m,
      arrayContaining: [36m[Function: arrayContaining][39m,
      stringMatching: [36m[Function: stringMatching][39m,
      closeTo: [36m[Function: closeTo][39m,
      schemaMatching: [36m[Function: schemaMatching][39m,
      toSatisfy: [36m[Function: value][39m,
      toBeOneOf: [36m[Function: value][39m
    },
    getState: [36m[Function (anonymous)][39m,
    setState: [36m[Function (anonymous)][39m,
    assert: [Function: assert] {
      fail: [36m[Function (anonymous)][39m,
      isOk: [36m[Function (anonymous)][39m,
      isNotOk: [36m[Function (anonymous)][39m,
      equal: [36m[Function (anonymous)][39m,
      notEqual: [36m[Function (anonymous)][39m,
      strictEqual: [36m[Function (anonymous)][39m,
      notStrictEqual: [36m[Function (anonymous)][39m,
      deepStrictEqual: [36m[Function (anonymous)][39m,
      deepEqual: [36m[Function (anonymous)][39m,
      notDeepEqual: [36m[Function (anonymous)][39m,
      isAbove: [36m[Function (anonymous)][39m,
      isAtLeast: [36m[Function (anonymous)][39m,
      isBelow: [36m[Function (anonymous)][39m,
      isAtMost: [36m[Function (anonymous)][39m,
      isTrue: [36m[Function (anonymous)][39m,
      isNotTrue: [36m[Function (anonymous)][39m,
      isFalse: [36m[Function (anonymous)][39m,
      isNotFalse: [36m[Function (anonymous)][39m,
      isNull: [36m[Function (anonymous)][39m,
      isNotNull: [36m[Function (anonymous)][39m,
      isNaN: [36m[Function (anonymous)][39m,
      isNotNaN: [36m[Function (anonymous)][39m,
      exists: [36m[Function (anonymous)][39m,
      notExists: [36m[Function (anonymous)][39m,
      isUndefined: [36m[Function (anonymous)][39m,
      isDefined: [36m[Function (anonymous)][39m,
      isCallable: [36m[Function (anonymous)][39m,
      isNotCallable: [36m[Function (anonymous)][39m,
      isObject: [36m[Function (anonymous)][39m,
      isNotObject: [36m[Function (anonymous)][39m,
      isArray: [36m[Function (anonymous)][39m,
      isNotArray: [36m[Function (anonymous)][39m,
      isString: [36m[Function (anonymous)][39m,
      isNotString: [36m[Function (anonymous)][39m,
      isNumber: [36m[Function (anonymous)][39m,
      isNotNumber: [36m[Function (anonymous)][39m,
      isNumeric: [36m[Function (anonymous)][39m,
      isNotNumeric: [36m[Function (anonymous)][39m,
      isFinite: [36m[Function (anonymous)][39m,
      isBoolean: [36m[Function (anonymous)][39m,
      isNotBoolean: [36m[Function (anonymous)][39m,
      typeOf: [36m[Function (anonymous)][39m,
      notTypeOf: [36m[Function (anonymous)][39m,
      instanceOf: [36m[Function (anonymous)][39m,
      notInstanceOf: [36m[Function (anonymous)][39m,
      include: [36m[Function (anonymous)][39m,
      notInclude: [36m[Function (anonymous)][39m,
      deepInclude: [36m[Function (anonymous)][39m,
      notDeepInclude: [36m[Function (anonymous)][39m,
      nestedInclude: [36m[Function (anonymous)][39m,
      notNestedInclude: [36m[Function (anonymous)][39m,
      deepNestedInclude: [36m[Function (anonymous)][39m,
      notDeepNestedInclude: [36m[Function (anonymous)][39m,
      ownInclude: [36m[Function (anonymous)][39m,
      notOwnInclude: [36m[Function (anonymous)][39m,
      deepOwnInclude: [36m[Function (anonymous)][39m,
      notDeepOwnInclude: [36m[Function (anonymous)][39m,
      match: [36m[Function (anonymous)][39m,
      notMatch: [36m[Function (anonymous)][39m,
      property: [36m[Function (anonymous)][39m,
      notProperty: [36m[Function (anonymous)][39m,
      propertyVal: [36m[Function (anonymous)][39m,
      notPropertyVal: [36m[Function (anonymous)][39m,
      deepPropertyVal: [36m[Function (anonymous)][39m,
      notDeepPropertyVal: [36m[Function (anonymous)][39m,
      ownProperty: [36m[Function (anonymous)][39m,
      notOwnProperty: [36m[Function (anonymous)][39m,
      ownPropertyVal: [36m[Function (anonymous)][39m,
      notOwnPropertyVal: [36m[Function (anonymous)][39m,
      deepOwnPropertyVal: [36m[Function (anonymous)][39m,
      notDeepOwnPropertyVal: [36m[Function (anonymous)][39m,
      nestedProperty: [36m[Function (anonymous)][39m,
      notNestedProperty: [36m[Function (anonymous)][39m,
      nestedPropertyVal: [36m[Function (anonymous)][39m,
      notNestedPropertyVal: [36m[Function (anonymous)][39m,
      deepNestedPropertyVal: [36m[Function (anonymous)][39m,
      notDeepNestedPropertyVal: [36m[Function (anonymous)][39m,
      lengthOf: [36m[Function (anonymous)][39m,
      hasAnyKeys: [36m[Function (anonymous)][39m,
      hasAllKeys: [36m[Function (anonymous)][39m,
      containsAllKeys: [36m[Function (anonymous)][39m,
      doesNotHaveAnyKeys: [36m[Function (anonymous)][39m,
      doesNotHaveAllKeys: [36m[Function (anonymous)][39m,
      hasAnyDeepKeys: [36m[Function (anonymous)][39m,
      hasAllDeepKeys: [36m[Function (anonymous)][39m,
      containsAllDeepKeys: [36m[Function (anonymous)][39m,
      doesNotHaveAnyDeepKeys: [36m[Function (anonymous)][39m,
      doesNotHaveAllDeepKeys: [36m[Function (anonymous)][39m,
      throws: [36m[Function (anonymous)][39m,
      doesNotThrow: [36m[Function (anonymous)][39m,
      operator: [36m[Function (anonymous)][39m,
      closeTo: [36m[Function (anonymous)][39m,
      approximately: [36m[Function (anonymous)][39m,
      sameMembers: [36m[Function (anonymous)][39m,
      notSameMembers: [36m[Function (anonymous)][39m,
      sameDeepMembers: [36m[Function (anonymous)][39m,
      notSameDeepMembers: [36m[Function (anonymous)][39m,
      sameOrderedMembers: [36m[Function (anonymous)][39m,
      notSameOrderedMembers: [36m[Function (anonymous)][39m,
      sameDeepOrderedMembers: [36m[Function (anonymous)][39m,
      notSameDeepOrderedMembers: [36m[Function (anonymous)][39m,
      includeMembers: [36m[Function (anonymous)][39m,
      notIncludeMembers: [36m[Function (anonymous)][39m,
      includeDeepMembers: [36m[Function (anonymous)][39m,
      notIncludeDeepMembers: [36m[Function (anonymous)][39m,
      includeOrderedMembers: [36m[Function (anonymous)][39m,
      notIncludeOrderedMembers: [36m[Function (anonymous)][39m,
      includeDeepOrderedMembers: [36m[Function (anonymous)][39m,
      notIncludeDeepOrderedMembers: [36m[Function (anonymous)][39m,
      oneOf: [36m[Function (anonymous)][39m,
      isIterable: [36m[Function (anonymous)][39m,
      changes: [36m[Function (anonymous)][39m,
      changesBy: [36m[Function (anonymous)][39m,
      doesNotChange: [36m[Function (anonymous)][39m,
      changesButNotBy: [36m[Function (anonymous)][39m,
      increases: [36m[Function (anonymous)][39m,
      increasesBy: [36m[Function (anonymous)][39m,
      doesNotIncrease: [36m[Function (anonymous)][39m,
      increasesButNotBy: [36m[Function (anonymous)][39m,
      decreases: [36m[Function (anonymous)][39m,
      decreasesBy: [36m[Function (anonymous)][39m,
      doesNotDecrease: [36m[Function (anonymous)][39m,
      doesNotDecreaseBy: [36m[Function (anonymous)][39m,
      decreasesButNotBy: [36m[Function (anonymous)][39m,
      ifError: [36m[Function (anonymous)][39m,
      isExtensible: [36m[Function (anonymous)][39m,
      isNotExtensible: [36m[Function (anonymous)][39m,
      isSealed: [36m[Function (anonymous)][39m,
      isNotSealed: [36m[Function (anonymous)][39m,
      isFrozen: [36m[Function (anonymous)][39m,
      isNotFrozen: [36m[Function (anonymous)][39m,
      isEmpty: [36m[Function (anonymous)][39m,
      isNotEmpty: [36m[Function (anonymous)][39m,
      containsSubset: [36m[Function (anonymous)][39m,
      doesNotContainSubset: [36m[Function (anonymous)][39m,
      ok: [36m[Function (anonymous)][39m,
      notOk: [36m[Function (anonymous)][39m,
      throw: [36m[Function (anonymous)][39m,
      Throw: [36m[Function (anonymous)][39m,
      extensible: [36m[Function (anonymous)][39m,
      notExtensible: [36m[Function (anonymous)][39m,
      sealed: [36m[Function (anonymous)][39m,
      notSealed: [36m[Function (anonymous)][39m,
      frozen: [36m[Function (anonymous)][39m,
      notFrozen: [36m[Function (anonymous)][39m,
      empty: [36m[Function (anonymous)][39m,
      notEmpty: [36m[Function (anonymous)][39m,
      isFunction: [36m[Function (anonymous)][39m,
      isNotFunction: [36m[Function (anonymous)][39m,
      containSubset: [36m[Function (anonymous)][39m
    },
    addEqualityTesters: [36m[Function (anonymous)][39m,
    soft: [36m[Function (anonymous)][39m,
    poll: [36m[Function: poll][39m,
    unreachable: [36m[Function (anonymous)][39m,
    assertions: [36m[Function: methodWrapper][39m,
    hasAssertions: [36m[Function: methodWrapper][39m,
    toSatisfy: [36m[Function: customMatcher][39m,
    toBeOneOf: [36m[Function: customMatcher][39m
  },
  assert: [Function: assert] {
    fail: [36m[Function (anonymous)][39m,
    isOk: [36m[Function (anonymous)][39m,
    isNotOk: [36m[Function (anonymous)][39m,
    equal: [36m[Function (anonymous)][39m,
    notEqual: [36m[Function (anonymous)][39m,
    strictEqual: [36m[Function (anonymous)][39m,
    notStrictEqual: [36m[Function (anonymous)][39m,
    deepStrictEqual: [36m[Function (anonymous)][39m,
    deepEqual: [36m[Function (anonymous)][39m,
    notDeepEqual: [36m[Function (anonymous)][39m,
    isAbove: [36m[Function (anonymous)][39m,
    isAtLeast: [36m[Function (anonymous)][39m,
    isBelow: [36m[Function (anonymous)][39m,
    isAtMost: [36m[Function (anonymous)][39m,
    isTrue: [36m[Function (anonymous)][39m,
    isNotTrue: [36m[Function (anonymous)][39m,
    isFalse: [36m[Function (anonymous)][39m,
    isNotFalse: [36m[Function (anonymous)][39m,
    isNull: [36m[Function (anonymous)][39m,
    isNotNull: [36m[Function (anonymous)][39m,
    isNaN: [36m[Function (anonymous)][39m,
    isNotNaN: [36m[Function (anonymous)][39m,
    exists: [36m[Function (anonymous)][39m,
    notExists: [36m[Function (anonymous)][39m,
    isUndefined: [36m[Function (anonymous)][39m,
    isDefined: [36m[Function (anonymous)][39m,
    isCallable: [36m[Function (anonymous)][39m,
    isNotCallable: [36m[Function (anonymous)][39m,
    isObject: [36m[Function (anonymous)][39m,
    isNotObject: [36m[Function (anonymous)][39m,
    isArray: [36m[Function (anonymous)][39m,
    isNotArray: [36m[Function (anonymous)][39m,
    isString: [36m[Function (anonymous)][39m,
    isNotString: [36m[Function (anonymous)][39m,
    isNumber: [36m[Function (anonymous)][39m,
    isNotNumber: [36m[Function (anonymous)][39m,
    isNumeric: [36m[Function (anonymous)][39m,
    isNotNumeric: [36m[Function (anonymous)][39m,
    isFinite: [36m[Function (anonymous)][39m,
    isBoolean: [36m[Function (anonymous)][39m,
    isNotBoolean: [36m[Function (anonymous)][39m,
    typeOf: [36m[Function (anonymous)][39m,
    notTypeOf: [36m[Function (anonymous)][39m,
    instanceOf: [36m[Function (anonymous)][39m,
    notInstanceOf: [36m[Function (anonymous)][39m,
    include: [36m[Function (anonymous)][39m,
    notInclude: [36m[Function (anonymous)][39m,
    deepInclude: [36m[Function (anonymous)][39m,
    notDeepInclude: [36m[Function (anonymous)][39m,
    nestedInclude: [36m[Function (anonymous)][39m,
    notNestedInclude: [36m[Function (anonymous)][39m,
    deepNestedInclude: [36m[Function (anonymous)][39m,
    notDeepNestedInclude: [36m[Function (anonymous)][39m,
    ownInclude: [36m[Function (anonymous)][39m,
    notOwnInclude: [36m[Function (anonymous)][39m,
    deepOwnInclude: [36m[Function (anonymous)][39m,
    notDeepOwnInclude: [36m[Function (anonymous)][39m,
    match: [36m[Function (anonymous)][39m,
    notMatch: [36m[Function (anonymous)][39m,
    property: [36m[Function (anonymous)][39m,
    notProperty: [36m[Function (anonymous)][39m,
    propertyVal: [36m[Function (anonymous)][39m,
    notPropertyVal: [36m[Function (anonymous)][39m,
    deepPropertyVal: [36m[Function (anonymous)][39m,
    notDeepPropertyVal: [36m[Function (anonymous)][39m,
    ownProperty: [36m[Function (anonymous)][39m,
    notOwnProperty: [36m[Function (anonymous)][39m,
    ownPropertyVal: [36m[Function (anonymous)][39m,
    notOwnPropertyVal: [36m[Function (anonymous)][39m,
    deepOwnPropertyVal: [36m[Function (anonymous)][39m,
    notDeepOwnPropertyVal: [36m[Function (anonymous)][39m,
    nestedProperty: [36m[Function (anonymous)][39m,
    notNestedProperty: [36m[Function (anonymous)][39m,
    nestedPropertyVal: [36m[Function (anonymous)][39m,
    notNestedPropertyVal: [36m[Function (anonymous)][39m,
    deepNestedPropertyVal: [36m[Function (anonymous)][39m,
    notDeepNestedPropertyVal: [36m[Function (anonymous)][39m,
    lengthOf: [36m[Function (anonymous)][39m,
    hasAnyKeys: [36m[Function (anonymous)][39m,
    hasAllKeys: [36m[Function (anonymous)][39m,
    containsAllKeys: [36m[Function (anonymous)][39m,
    doesNotHaveAnyKeys: [36m[Function (anonymous)][39m,
    doesNotHaveAllKeys: [36m[Function (anonymous)][39m,
    hasAnyDeepKeys: [36m[Function (anonymous)][39m,
    hasAllDeepKeys: [36m[Function (anonymous)][39m,
    containsAllDeepKeys: [36m[Function (anonymous)][39m,
    doesNotHaveAnyDeepKeys: [36m[Function (anonymous)][39m,
    doesNotHaveAllDeepKeys: [36m[Function (anonymous)][39m,
    throws: [36m[Function (anonymous)][39m,
    doesNotThrow: [36m[Function (anonymous)][39m,
    operator: [36m[Function (anonymous)][39m,
    closeTo: [36m[Function (anonymous)][39m,
    approximately: [36m[Function (anonymous)][39m,
    sameMembers: [36m[Function (anonymous)][39m,
    notSameMembers: [36m[Function (anonymous)][39m,
    sameDeepMembers: [36m[Function (anonymous)][39m,
    notSameDeepMembers: [36m[Function (anonymous)][39m,
    sameOrderedMembers: [36m[Function (anonymous)][39m,
    notSameOrderedMembers: [36m[Function (anonymous)][39m,
    sameDeepOrderedMembers: [36m[Function (anonymous)][39m,
    notSameDeepOrderedMembers: [36m[Function (anonymous)][39m,
    includeMembers: [36m[Function (anonymous)][39m,
    notIncludeMembers: [36m[Function (anonymous)][39m,
    includeDeepMembers: [36m[Function (anonymous)][39m,
    notIncludeDeepMembers: [36m[Function (anonymous)][39m,
    includeOrderedMembers: [36m[Function (anonymous)][39m,
    notIncludeOrderedMembers: [36m[Function (anonymous)][39m,
    includeDeepOrderedMembers: [36m[Function (anonymous)][39m,
    notIncludeDeepOrderedMembers: [36m[Function (anonymous)][39m,
    oneOf: [36m[Function (anonymous)][39m,
    isIterable: [36m[Function (anonymous)][39m,
    changes: [36m[Function (anonymous)][39m,
    changesBy: [36m[Function (anonymous)][39m,
    doesNotChange: [36m[Function (anonymous)][39m,
    changesButNotBy: [36m[Function (anonymous)][39m,
    increases: [36m[Function (anonymous)][39m,
    increasesBy: [36m[Function (anonymous)][39m,
    doesNotIncrease: [36m[Function (anonymous)][39m,
    increasesButNotBy: [36m[Function (anonymous)][39m,
    decreases: [36m[Function (anonymous)][39m,
    decreasesBy: [36m[Function (anonymous)][39m,
    doesNotDecrease: [36m[Function (anonymous)][39m,
    doesNotDecreaseBy: [36m[Function (anonymous)][39m,
    decreasesButNotBy: [36m[Function (anonymous)][39m,
    ifError: [36m[Function (anonymous)][39m,
    isExtensible: [36m[Function (anonymous)][39m,
    isNotExtensible: [36m[Function (anonymous)][39m,
    isSealed: [36m[Function (anonymous)][39m,
    isNotSealed: [36m[Function (anonymous)][39m,
    isFrozen: [36m[Function (anonymous)][39m,
    isNotFrozen: [36m[Function (anonymous)][39m,
    isEmpty: [36m[Function (anonymous)][39m,
    isNotEmpty: [36m[Function (anonymous)][39m,
    containsSubset: [36m[Function (anonymous)][39m,
    doesNotContainSubset: [36m[Function (anonymous)][39m,
    ok: [36m[Function (anonymous)][39m,
    notOk: [36m[Function (anonymous)][39m,
    throw: [36m[Function (anonymous)][39m,
    Throw: [36m[Function (anonymous)][39m,
    extensible: [36m[Function (anonymous)][39m,
    notExtensible: [36m[Function (anonymous)][39m,
    sealed: [36m[Function (anonymous)][39m,
    notSealed: [36m[Function (anonymous)][39m,
    frozen: [36m[Function (anonymous)][39m,
    notFrozen: [36m[Function (anonymous)][39m,
    empty: [36m[Function (anonymous)][39m,
    notEmpty: [36m[Function (anonymous)][39m,
    isFunction: [36m[Function (anonymous)][39m,
    isNotFunction: [36m[Function (anonymous)][39m,
    containSubset: [36m[Function (anonymous)][39m
  },
  expectTypeOf: [36m[Function: expectTypeOf][39m,
  assertType: [36m[Function: assertType][39m,
  vitest: {
    useFakeTimers: [36m[Function: useFakeTimers][39m,
    isFakeTimers: [36m[Function: isFakeTimers][39m,
    useRealTimers: [36m[Function: useRealTimers][39m,
    runOnlyPendingTimers: [36m[Function: runOnlyPendingTimers][39m,
    runOnlyPendingTimersAsync: [36m[AsyncFunction: runOnlyPendingTimersAsync][39m,
    runAllTimers: [36m[Function: runAllTimers][39m,
    runAllTimersAsync: [36m[AsyncFunction: runAllTimersAsync][39m,
    runAllTicks: [36m[Function: runAllTicks][39m,
    advanceTimersByTime: [36m[Function: advanceTimersByTime][39m,
    advanceTimersByTimeAsync: [36m[AsyncFunction: advanceTimersByTimeAsync][39m,
    advanceTimersToNextTimer: [36m[Function: advanceTimersToNextTimer][39m,
    advanceTimersToNextTimerAsync: [36m[AsyncFunction: advanceTimersToNextTimerAsync][39m,
    advanceTimersToNextFrame: [36m[Function: advanceTimersToNextFrame][39m,
    getTimerCount: [36m[Function: getTimerCount][39m,
    setSystemTime: [36m[Function: setSystemTime][39m,
    getMockedSystemTime: [36m[Function: getMockedSystemTime][39m,
    getRealSystemTime: [36m[Function: getRealSystemTime][39m,
    clearAllTimers: [36m[Function: clearAllTimers][39m,
    spyOn: [36m[Function: spyOn][39m,
    fn: [36m[Function: fn][39m,
    waitFor: [36m[Function: waitFor][39m,
    waitUntil: [36m[Function: waitUntil][39m,
    hoisted: [36m[Function: hoisted][39m,
    mock: [36m[Function: mock][39m,
    unmock: [36m[Function: unmock][39m,
    doMock: [36m[Function: doMock][39m,
    doUnmock: [36m[Function: doUnmock][39m,
    importActual: [36m[AsyncFunction: importActual][39m,
    importMock: [36m[AsyncFunction: importMock][39m,
    mockObject: [36m[Function: mockObject][39m,
    mocked: [36m[Function: mocked][39m,
    isMockFunction: [36m[Function: isMockFunction][39m,
    clearAllMocks: [36m[Function: clearAllMocks][39m,
    resetAllMocks: [36m[Function: resetAllMocks][39m,
    restoreAllMocks: [36m[Function: restoreAllMocks][39m,
    stubGlobal: [36m[Function: stubGlobal][39m,
    stubEnv: [36m[Function: stubEnv][39m,
    unstubAllGlobals: [36m[Function: unstubAllGlobals][39m,
    unstubAllEnvs: [36m[Function: unstubAllEnvs][39m,
    resetModules: [36m[Function: resetModules][39m,
    dynamicImportSettled: [36m[AsyncFunction: dynamicImportSettled][39m,
    setConfig: [36m[Function: setConfig][39m,
    resetConfig: [36m[Function: resetConfig][39m
  },
  vi: {
    useFakeTimers: [36m[Function: useFakeTimers][39m,
    isFakeTimers: [36m[Function: isFakeTimers][39m,
    useRealTimers: [36m[Function: useRealTimers][39m,
    runOnlyPendingTimers: [36m[Function: runOnlyPendingTimers][39m,
    runOnlyPendingTimersAsync: [36m[AsyncFunction: runOnlyPendingTimersAsync][39m,
    runAllTimers: [36m[Function: runAllTimers][39m,
    runAllTimersAsync: [36m[AsyncFunction: runAllTimersAsync][39m,
    runAllTicks: [36m[Function: runAllTicks][39m,
    advanceTimersByTime: [36m[Function: advanceTimersByTime][39m,
    advanceTimersByTimeAsync: [36m[AsyncFunction: advanceTimersByTimeAsync][39m,
    advanceTimersToNextTimer: [36m[Function: advanceTimersToNextTimer][39m,
    advanceTimersToNextTimerAsync: [36m[AsyncFunction: advanceTimersToNextTimerAsync][39m,
    advanceTimersToNextFrame: [36m[Function: advanceTimersToNextFrame][39m,
    getTimerCount: [36m[Function: getTimerCount][39m,
    setSystemTime: [36m[Function: setSystemTime][39m,
    getMockedSystemTime: [36m[Function: getMockedSystemTime][39m,
    getRealSystemTime: [36m[Function: getRealSystemTime][39m,
    clearAllTimers: [36m[Function: clearAllTimers][39m,
    spyOn: [36m[Function: spyOn][39m,
    fn: [36m[Function: fn][39m,
    waitFor: [36m[Function: waitFor][39m,
    waitUntil: [36m[Function: waitUntil][39m,
    hoisted: [36m[Function: hoisted][39m,
    mock: [36m[Function: mock][39m,
    unmock: [36m[Function: unmock][39m,
    doMock: [36m[Function: doMock][39m,
    doUnmock: [36m[Function: doUnmock][39m,
    importActual: [36m[AsyncFunction: importActual][39m,
    importMock: [36m[AsyncFunction: importMock][39m,
    mockObject: [36m[Function: mockObject][39m,
    mocked: [36m[Function: mocked][39m,
    isMockFunction: [36m[Function: isMockFunction][39m,
    clearAllMocks: [36m[Function: clearAllMocks][39m,
    resetAllMocks: [36m[Function: resetAllMocks][39m,
    restoreAllMocks: [36m[Function: restoreAllMocks][39m,
    stubGlobal: [36m[Function: stubGlobal][39m,
    stubEnv: [36m[Function: stubEnv][39m,
    unstubAllGlobals: [36m[Function: unstubAllGlobals][39m,
    unstubAllEnvs: [36m[Function: unstubAllEnvs][39m,
    resetModules: [36m[Function: resetModules][39m,
    dynamicImportSettled: [36m[AsyncFunction: dynamicImportSettled][39m,
    setConfig: [36m[Function: setConfig][39m,
    resetConfig: [36m[Function: resetConfig][39m
  },
  beforeAll: [36m[Function: beforeAll][39m,
  afterAll: [36m[Function: afterAll][39m,
  beforeEach: [36m[Function: beforeEach][39m,
  afterEach: [36m[Function: afterEach][39m,
 [32mΓ£ô[39m src/components/__tests__/theme-switcher.test.ts[2m > [22mThemeSwitcher[2m > [22mTheme Selection[2m > [22mshould close dropdown after theme selection[32m 141[2mms[22m[39m
  onTestFinished: [36m[Function (anonymous)][39m,
  onTestFailed: [36m[Function (anonymous)][39m,
  __vitest_required__: {
    util: {
      _errnoException: [36m[Function: _errnoException][39m,
      _exceptionWithHostPort: [36m[Function: _exceptionWithHostPort][39m,
      _extend: [36m[Function: deprecated][39m,
      callbackify: [36m[Function: callbackify][39m,
      debug: [36m[Function: debuglog][39m,
      debuglog: [36m[Function: debuglog][39m,
      deprecate: [36m[Function: deprecate][39m,
      format: [36m[Function: format][39m,
      styleText: [36m[Function: styleText][39m,
      formatWithOptions: [36m[Function: formatWithOptions][39m,
      getCallSite: [36m[Function: deprecated][39m,
      getCallSites: [36m[Function: getCallSites][39m,
      getSystemErrorMap: [36m[Function: getSystemErrorMap][39m,
      getSystemErrorName: [36m[Function: getSystemErrorName][39m,
      getSystemErrorMessage: [36m[Function: getSystemErrorMessage][39m,
      inherits: [36m[Function: inherits][39m,
      inspect: [36m[Function][39m,
      isArray: [36m[Function: deprecated][39m,
      isBoolean: [36m[Function: deprecated][39m,
      isBuffer: [36m[Function: deprecated][39m,
      isDeepStrictEqual: [36m[Function: isDeepStrictEqual][39m,
      isNull: [36m[Function: deprecated][39m,
      isNullOrUndefined: [36m[Function: deprecated][39m,
      isNumber: [36m[Function: deprecated][39m,
      isString: [36m[Function: deprecated][39m,
      isSymbol: [36m[Function: deprecated][39m,
      isUndefined: [36m[Function: deprecated][39m,
      isRegExp: [36m[Function: deprecated][39m,
      isObject: [36m[Function: deprecated][39m,
      isDate: [36m[Function: deprecated][39m,
      isError: [36m[Function: deprecated][39m,
      isFunction: [36m[Function: deprecated][39m,
      isPrimitive: [36m[Function: deprecated][39m,
      log: [36m[Function: deprecated][39m,
      promisify: [36m[Function][39m,
      stripVTControlCharacters: [36m[Function: stripVTControlCharacters][39m,
      toUSVString: [36m[Function: toUSVString][39m,
      transferableAbortSignal: [36m[Getter][39m,
      transferableAbortController: [36m[Getter][39m,
      aborted: [36m[Getter][39m,
      types: [36m[Object][39m,
      parseEnv: [36m[Function: parseEnv][39m,
      parseArgs: [36m[Function: parseArgs][39m,
      TextDecoder: [36m[class TextDecoder][39m,
      TextEncoder: [36m[class TextEncoder][39m,
      MIMEType: [36m[class MIMEType][39m,
      MIMEParams: [36m[class MIMEParams][39m,
      diff: [36m[Function: diff][39m,
      setTraceSigInt: [36m[Function: setTraceSigInt][39m
    },
    timers: {
      setTimeout: [36m[Function][39m,
      clearTimeout: [36m[Function: clearTimeout][39m,
      setImmediate: [36m[Function][39m,
      clearImmediate: [36m[Function: clearImmediate][39m,
      setInterval: [36m[Function: setInterval][39m,
      clearInterval: [36m[Function: clearInterval][39m,
      _unrefActive: [36m[Function: deprecated][39m,
      active: [36m[Function: deprecated][39m,
      unenroll: [36m[Function: deprecated][39m,
      enroll: [36m[Function: deprecated][39m,
      promises: [36m[Getter][39m
    },
    timersPromises: {
      setTimeout: [36m[Function: setTimeout][39m,
      setImmediate: [36m[Function: setImmediate][39m,
      setInterval: [36m[AsyncGeneratorFunction: setInterval][39m,
      scheduler: [36m[Scheduler][39m
    }
  },
  ch: [33m107[39m,
  ResizeObserver: [36m[class ResizeObserverMock][39m,
  [[32mSymbol(vitest:SAFE_TIMERS)[39m]: {
    nextTick: [36m[Function: nextTick][39m,
    setTimeout: [Function: setTimeout] {
      [[32mSymbol(nodejs.util.promisify.custom)[39m]: [36m[Getter][39m
    },
    setInterval: [36m[Function: setInterval][39m,
    clearInterval: [36m[Function: clearInterval][39m,
    clearTimeout: [36m[Function: clearTimeout][39m,
    setImmediate: [Function: setImmediate] {
      [[32mSymbol(nodejs.util.promisify.custom)[39m]: [36m[Getter][39m
    },
    clearImmediate: [36m[Function: clearImmediate][39m,
    queueMicrotask: [36m[Function: queueMicrotask][39m
  }
}

 [32mΓ£ô[39m src/components/__tests__/accessibility-checker-tool.test.ts[2m > [22mAccessibilityCheckerTool Component[2m > [22mupdateResults integration[2m > [22mshould render dye cards when dyes are selected[32m 53[2mms[22m[39m
 [32mΓ£ô[39m src/components/__tests__/accessibility-checker-tool.test.ts[2m > [22mAccessibilityCheckerTool Component[2m > [22mupdateResults integration[2m > [22mshould show pair comparison section when 2+ dyes selected[32m 24[2mms[22m[39m
 [32mΓ£ô[39m src/components/__tests__/accessibility-checker-tool.test.ts[2m > [22mAccessibilityCheckerTool Component[2m > [22mrenderDyeCard rendering[2m > [22mshould render dye card with name and hex[32m 15[2mms[22m[39m
 [32mΓ£ô[39m src/components/__tests__/accessibility-checker-tool.test.ts[2m > [22mAccessibilityCheckerTool Component[2m > [22mrenderDyeCard rendering[2m > [22mshould render WCAG badge[32m 11[2mms[22m[39m
 [32mΓ£ô[39m src/components/__tests__/accessibility-checker-tool.test.ts[2m > [22mAccessibilityCheckerTool Component[2m > [22mrenderDyeCard rendering[2m > [22mshould render warnings when present[32m 16[2mms[22m[39m
 [32mΓ£ô[39m src/components/__tests__/accessibility-checker-tool.test.ts[2m > [22mAccessibilityCheckerTool Component[2m > [22mrenderDyeCard rendering[2m > [22mshould render colorblindness simulations grid[32m 10[2mms[22m[39m
 [32mΓ£ô[39m src/components/__tests__/accessibility-checker-tool.test.ts[2m > [22mAccessibilityCheckerTool Component[2m > [22mrenderPairCard rendering[2m > [22mshould render both dye names[32m 6[2mms[22m[39m
 [32mΓ£ô[39m src/components/__tests__/accessibility-checker-tool.test.ts[2m > [22mAccessibilityCheckerTool Component[2m > [22mrenderPairCard rendering[2m > [22mshould render distinguishability score[32m 7[2mms[22m[39m
 [32mΓ£ô[39m src/components/__tests__/accessibility-checker-tool.test.ts[2m > [22mAccessibilityCheckerTool Component[2m > [22mrenderPairCard rendering[2m > [22mshould render warnings when present[32m 7[2mms[22m[39m
 [31m├ù[39m src/components/__tests__/color-matcher-tool.test.ts[2m > [22mColorMatcherTool[2m > [22mimage error handling branch coverage[2m > [22mshould handle error event without message[33m 1021[2mms[22m[39m
[31m   ΓåÆ expected "vi.fn()" to be called with arguments: [ 'Failed to load image' ][90m

Number of calls: [1m0[22m
[31m

Ignored nodes: comments, script, style
[36m<html[31m
  [33mclass[31m=[32m"theme-standard-light"[31m
  [33mstyle[31m=[32m"--theme-primary: #8B1A1A; --theme-background: #D3D3D3; --theme-text: #1A1A1A; --theme-text-header: #FFFFFF; --theme-border: #6B1515; --theme-background-secondary: #E0E0E0; --theme-card-background: #F5F5F5; --theme-card-hover: #FFFFFF; --theme-text-muted: #4A4A4A;"[31m
[36m>[31m
  [36m<head />[31m
  [36m<body>[31m
    [36m<div[31m
      [33mid[31m=[32m"test-container"[31m
    [36m>[31m
      [36m<div[31m
        [33mclass[31m=[32m"space-y-8"[31m
      [36m>[31m
        [36m<div[31m
          [33mclass[31m=[32m"space-y-4 text-center mb-8"[31m
        [36m>[31m
          [36m<h2[31m
            [33mclass[31m=[32m"text-2xl font-bold text-gray-900 dark:text-white flex items-center justify-center gap-2"[31m
          [36m>[31m
            [0mColor Matcher[0m
          [36m</h2>[31m
          [36m<p[31m
            [33mclass[31m=[32m"text-gray-600 dark:text-gray-400 max-w-2xl mx-auto"[31m
          [36m>[31m
            [0mUpload an image or select a color to find the closest matching FFXIV dyes.[0m
          [36m</p>[31m
        [36m</div>[31m
        [36m<div[31m
          [33mclass[31m=[32m"grid grid-cols-1 lg:grid-cols-2 gap-6"[31m
        [36m>[31m
          [36m<div[31m
            [33mclass[31m=[32m"bg-white dark:bg-gray-800 rounded-lg border border-gray-200 dark:border-gray-700 p-6"[31m
          [36m>[31m
            [36m<h3[31m
              [33mclass[31m=[32m"text-lg font-semibold text-gray-900 dark:text-white mb-4"[31m
            [36m>[31m
              [0mImage Upload[0m
            [36m</h3>[31m
            [36m<div[31m
              [33mid[31m=[32m"image-upload-container"[31m
            [36m/>[31m
          [36m</div>[31m
          [36m<div[31m
            [33mclass[31m=[32m"bg-white dark:bg-gray-800 rounded-lg border border-gray-200 dark:border-gray-700 p-6"[31m
          [36m>[31m
            [36m<h3[31m
              [33mclass[31m=[32m"text-lg font-semibold text-gray-900 dark:text-white mb-4"[31m
            [36m>[31m
              [0mManual Color Input[0m
            [36m</h3>[31m
            [36m<div[31m
              [33mid[31m=[32m"color-picker-container"[31m
            [36m/>[31m
          [36m</div>[31m
        [36m</div>[31m
        [36m<div[31m
          [33mclass[31m=[32m"bg-white dark:bg-gray-800 rounded-lg border border-gray-200 dark:border-gray-700 p-6 space-y-4"[31m
        [36m>[31m
          [36m<h3[31m
            [33mclass[31m=[32m"text-lg font-semibold text-gray-900 dark:text-white mb-4"[31m
          [36m>[31m
            [0mSample Settings[0m
          [36m</h3>[31m
          [36m<div[31m
            [33mclass[31m=[32m"space-y-2"[31m
          [36m>[31m
            [36m<label[31m
              [33mclass[31m=[32m"block text-sm font-semibold text-gray-700 dark:text-gray-300"[31m
            [36m>[31m
              [0mSample Size (for image color averaging)[0m
              [36m<button[31m
                [33maria-describedby[31m=[32m"tooltip_1764681224495_cfpyt7g"[31m
                [33maria-label[31m=[32m"More information"[31m
                [33mclass[31m=[32m"info-tooltip-icon inline-flex items-center justify-center w-4 h-4 ml-1 text-xs text-gray-400 dark:text-gray-500 hover:text-blue-500 dark:hover:text-blue-400 focus:outline-none focus:ring-2 focus:ring-blue-500 focus:ring-offset-1 rounded-full cursor-help transition-colors"[31m
                [33mdata-tooltip-id[31m=[32m"tooltip_1764681224495_cfpyt7g"[31m
                [33mtabindex[31m=[32m"0"[31m
                [33mtype[31m=[32m"button"[31m
              [36m>[31m
                [0mΓôÿ[0m
              [36m</button>[31m
            [36m</label>[31m
            [36m<div[31m
              [33mclass[31m=[32m"flex items-center gap-4"[31m
            [36m>[31m
              [36m<input[31m
                [33mclass[31m=[32m"flex-1 px-4 py-2 border border-gray-300 dark:border-gray-600 rounded-lg bg-white dark:bg-gray-700 text-gray-900 dark:text-white focus:outline-none"[31m
                [33mid[31m=[32m"sample-size-input"[31m
                [33mmax[31m=[32m"64"[31m
                [33mmin[31m=[32m"1"[31m
                [33mstyle[31m=[32m"accent-color: var(--theme-primary);"[31m
                [33mtype[31m=[32m"range"[31m
                [33mvalue[31m=[32m"5"[31m
              [36m/>[31m
              [36m<div[31m
                [33mclass[31m=[32m"text-lg font-bold text-gray-900 dark:text-white w-12 text-center"[31m
                [33mid[31m=[32m"sample-size-value"[31m
              [36m>[31m
                [0m5[0m
              [36m</div>[31m
            [36m</div>[31m
            [36m<p[31m
              [33mclass[31m=[32m"text-xs text-gray-600 dark:text-gray-400"[31m
            [36m>[31m
              [0mLarger sizes produce more accurate color matching but ignore fine details[0m
            [36m</p>[31m
          [36m</div>[31m
        [36m</div>[31m
        [36m<div[31m
          [33mid[31m=[32m"recent-colors-wrapper"[31m
        [36m/>[31m
        [36m<div[31m
          [33mclass[31m=[32m"bg-white dark:bg-gray-800 rounded-lg border border-gray-200 dark:border-gray-700 p-6"[31m
        [36m>[31m
          [36m<div[31m
            [33mid[31m=[32m"colormatcher-filters-container"[31m
          [36m>[31m
            [36m<div[31m
              [33mclass[31m=[32m"space-y-3"[31m
            [36m>[31m
              [36m<button[31m
                [33mclass[31m=[32m"w-full flex items-center justify-between p-2 -m-2 text-left hover:bg-gray-50 dark:hover:bg-gray-700/50 rounded transition-colors"[31m
                [33mtype[31m=[32m"button"[31m
              [36m>[31m
                [36m<label[31m
                  [33mclass[31m=[32m"text-sm font-semibold text-gray-700 dark:text-gray-300 cursor-pointer"[31m
                [36m>[31m
                  [0mAdvanced Dye Filters[0m
                [36m</label>[31m
                [36m<span[31m
                  [33mclass[31m=[32m"text-gray-400 dark:text-gray-500 text-xs transition-transform"[31m
                  [33mid[31m=[32m"colormatcher-filters-container-toggle-chevron"[31m
                  [33mstyle[31m=[32m"transform: rotate(-90deg); transition: transform 300ms ease-in-out;"[31m
                [36m>[31m
                  [0mΓû╝[0m
                [36m</span>[31m
              [36m</button>[31m
              [36m<div[31m
                [33mclass[31m=[32m"space-y-2 max-h-96 overflow-hidden transition-all duration-300 ease-in-out"[31m
                [33mid[31m=[32m"colormatcher-filters-container-checkboxes-container"[31m
                [33mstyle[31m=[32m"max-height: 0px; opacity: 0; margin-top: 0px; transition: max-height 300ms ease-in-out, opacity 300ms ease-in-out, margin-top 300ms ease-in-out;"[31m
              [36m>[31m
                [36m<div[31m
                  [33mclass[31m=[32m"flex items-start gap-3"[31m
                [36m>[31m
                  [36m<input[31m
                    [33mclass[31m=[32m"mt-1 w-4 h-4 text-blue-600 border-gray-300 rounded focus:ring-2 focus:ring-blue-500 cursor-pointer"[31m
                    [33mid[31m=[32m"colormatcher-filters-container-excludeMetallic"[31m
                    [33mtype[31m=[32m"checkbox"[31m
                  [36m/>[31m
                  [36m<label[31m
                    [33mclass[31m=[32m"cursor-pointer flex-1"[31m
                    [33mfor[31m=[32m"colormatcher-filters-container-excludeMetallic"[31m
                  [36m>[31m
                    [36m<div[31m
                      [33mclass[31m=[32m"text-sm font-medium text-gray-700 dark:text-gray-300"[31m
                    [36m>[31m
                      [0mExclude Metallic Dyes[0m
                    [36m</div>[31m
                    [36m<div[31m
                      [33mclass[31m=[32m"text-xs text-gray-500 dark:text-gray-400"[31m
                    [36m>[31m
                      [0mHide dyes with "Metallic" in the name[0m
                    [36m</div>[31m
                  [36m</label>[31m
                [36m</div>[31m
                [36m<div[31m
                  [33mclass[31m=[32m"flex items-start gap-3"[31m
                [36m>[31m
                  [36m<input[31m
                    [33mclass[31m=[32m"mt-1 w-4 h-4 text-blue-600 border-gray-300 rounded focus:ring-2 focus:ring-blue-500 cursor-pointer"[31m
                    [33mid[31m=[32m"colormatcher-filters-container-excludePastel"[31m
                    [33mtype[31m=[32m"checkbox"[31m
                  [36m/>[31m
                  [36m<label[31m
                    [33mclass[31m=[32m"cursor-pointer flex-1"[31m
                    [33mfor[31m=[32m"colormatcher-filters-container-excludePastel"[31m
                  [36m>[31m
                    [36m<div[31m
                      [33mclass[31m=[32m"text-sm font-medium text-gray-700 dark:text-gray-300"[31m
                    [36m>[31m
                      [0mExclude Pastel Dyes[0m
                    [36m</div>[31m
                    [36m<div[31m
                      [33mclass[31m=[32m"text-xs text-gray-500 dark:text-gray-400"[31m
                    [36m>[31m
                      [0mHide dyes with "Pastel" in the name[0m
                    [36m</div>[31m
                  [36m</label>[31m
                [36m</div>[31m
                [36m<div[31m
                  [33mclass[31m=[32m"flex items-start gap-3"[31m
                [36m>[31m
                  [36m<input[31m
                    [33mclass[31m=[32m"mt-1 w-4 h-4 text-blue-600 border-gray-300 rounded focus:ring-2 focus:ring-blue-500 cursor-pointer"[31m
                    [33mid[31m=[32m"colormatcher-filters-container-excludeDark"[31m
                    [33mtype[31m=[32m"checkbox"[31m
                  [36m/>[31m
                  [36m<label[31m
                    [33mclass[31m=[32m"cursor-pointer flex-1"[31m
                    [33mfor[31m=[32m"colormatcher-filters-container-excludeDark"[31m
                  [36m>[31m
                    [36m<div[31m
                      [33mclass[31m=[32m"text-sm font-medium text-gray-700 dark:text-gray-300"[31m
                    [36m>[31m
                      [0mExclude Dark Dyes[0m
                    [36m</div>[31m
                    [36m<div[31m
                      [33mclass[31m=[32m"text-xs text-gray-500 dark:text-gray-400"[31m
                    [36m>[31m
                      [0mHide dyes that begin with "Dark"[0m
                    [36m</div>[31m
                  [36m</label>[31m
                [36m</div>[31m
                [36m<div[31m
                  [33mclass[31m=[32m"flex items-start gap-3"[31m
                [36m>[31m
                  [36m<input[31m
                    [33mclass[31m=[32m"mt-1 w-4 h-4 text-blue-600 border-gray-300 rounded focus:ring-2 focus:ring-blue-500 cursor-pointer"[31m
                    [33mid[31m=[32m"colormatcher-filters-container-excludeCosmic"[31m
                    [33mtype[31m=[32m"checkbox"[31m
                  [36m/>[31m
                  [36m<label[31m
                    [33mclass[31m=[32m"cursor-pointer flex-1"[31m
                    [33mfor[31m=[32m"colormatcher-filters-container-excludeCosmic"[31m
                  [36m>[31m
                    [36m<div[31m
                      [33mclass[31m=[32m"text-sm font-medium text-gray-700 dark:text-gray-300"[31m
                    [36m>[31m
                      [0mExclude Cosmic Dyes[0m
                    [36m</div>[31m
                    [36m<div[31m
                      [33mclass[31m=[32m"text-xs text-gray-500 dark:text-gray-400"[31m
                    [36m>[31m
                      [0mHide dyes from Cosmic Exploration & Cosmic Fortunes[0m
                    [36m</div>[31m
                  [36m</label>[31m
                [36m</div>[31m
                [36m<div[31m
                  [33mclass[31m=[32m"flex items-start gap-3"[31m
                [36m>[31m
                  [36m<input[31m
                    [33mclass[31m=[32m"mt-1 w-4 h-4 text-blue-600 border-gray-300 rounded focus:ring-2 focus:ring-blue-500 cursor-pointer"[31m
                    [33mid[31m=[32m"colormatcher-filters-container-excludeExpensive"[31m
                    [33mtype[31m=[32m"checkbox"[31m
                  [36m/>[31m
                  [36m<label[31m
                    [33mclass[31m=[32m"cursor-pointer flex-1"[31m
                    [33mfor[31m=[32m"colormatcher-filters-container-excludeExpensive"[31m
                  [36m>[31m
                    [36m<div[31m
                      [33mclass[31m=[32m"text-sm font-medium text-gray-700 dark:text-gray-300"[31m
                    [36m>[31m
                      [0mExclude Expensive Dyes[0m
                    [36m</div>[31m
                    [36m<div[31m
                      [33mclass[31m=[32m"text-xs text-gray-500 dark:text-gray-400"[31m
                    [36m>[31m
                      [0mHide Jet Black & Pure White[0m
                    [36m</div>[31m
                  [36m</label>[31m
                [36m</div>[31m
              [36m</div>[31m
            [36m</div>[31m
          [36m</div>[31m
        [36m</div>[31m
        [36m<div[31m
          [33mclass[31m=[32m"bg-white dark:bg-gray-800 rounded-lg border border-gray-200 dark:border-gray-700 p-6"[31m
        [36m>[31m
          [36m<div[31m
            [33mid[31m=[32m"market-board-container"[31m
          [36m/>[31m
        [36m</div>[31m
        [36m<div[31m
          [33mid[31m=[32m"results-container"[31m
        [36m/>[31m
      [36m</div>[31m
    [36m</div>[31m
  [36m</body>[31m
[36m</html>[31m[39m
 [32mΓ£ô[39m src/components/__tests__/color-matcher-tool.test.ts[2m > [22mColorMatcherTool[2m > [22monMount function coverage[2m > [22mshould call onMount without throwing[32m 6[2mms[22m[39m
 [32mΓ£ô[39m src/components/__tests__/color-matcher-tool.test.ts[2m > [22mColorMatcherTool[2m > [22monMount function coverage[2m > [22mshould subscribe to language changes[32m 5[2mms[22m[39m
 [32mΓ£ô[39m src/components/__tests__/color-matcher-tool.test.ts[2m > [22mColorMatcherTool[2m > [22mdestroy with child components[2m > [22mshould destroy imageUpload if exists[32m 3[2mms[22m[39m
 [32mΓ£ô[39m src/components/__tests__/color-matcher-tool.test.ts[2m > [22mColorMatcherTool[2m > [22mdestroy with child components[2m > [22mshould destroy colorPicker if exists[32m 5[2mms[22m[39m
 [32mΓ£ô[39m src/components/__tests__/color-matcher-tool.test.ts[2m > [22mColorMatcherTool[2m > [22mdestroy with child components[2m > [22mshould destroy marketBoard if exists[32m 6[2mms[22m[39m
 [32mΓ£ô[39m src/components/__tests__/color-matcher-tool.test.ts[2m > [22mColorMatcherTool[2m > [22mdestroy with child components[2m > [22mshould handle destroy when child components are null[32m 5[2mms[22m[39m
 [32mΓ£ô[39m src/components/__tests__/app-layout.test.ts[2m > [22mAppLayout[2m > [22mSubscription Callbacks[2m > [22mshould handle updateHeaderColors when both title and version are missing[33m 350[2mms[22m[39m
 [32mΓ£ô[39m src/components/__tests__/app-layout.test.ts[2m > [22mAppLayout[2m > [22mEdge Cases[2m > [22mshould handle setContent when contentContainer is null[32m 0[2mms[22m[39m
 [32mΓ£ô[39m src/components/__tests__/app-layout.test.ts[2m > [22mAppLayout[2m > [22mEdge Cases[2m > [22mshould handle getContentContainer before init[32m 0[2mms[22m[39m
 [31m├ù[39m src/components/__tests__/app-layout.test.ts[2m > [22mAppLayout[2m > [22mEdge Cases[2m > [22mshould handle multiple init calls gracefully[32m 14[2mms[22m[39m
[31m   ΓåÆ expected "warn" to be called with arguments: [ 'Component already initialized' ][90m

Number of calls: [1m0[22m
[31m[39m
 [32mΓ£ô[39m src/components/__tests__/app-layout.test.ts[2m > [22mAppLayout[2m > [22mEdge Cases[2m > [22mshould handle setting content with element containing script tags[32m 12[2mms[22m[39m
 [32mΓ£ô[39m src/components/__tests__/app-layout.test.ts[2m > [22mAppLayout[2m > [22mEdge Cases[2m > [22mshould render all layout sections in correct order[32m 11[2mms[22m[39m
 [32mΓ£ô[39m src/components/__tests__/app-layout.test.ts[2m > [22mAppLayout[2m > [22mEdge Cases[2m > [22mshould maintain sticky header positioning through updates[32m 19[2mms[22m[39m
[90mstderr[2m | src/components/__tests__/tutorial-spotlight.test.ts[2m > [22m[2mTutorialSpotlight[2m > 
[22m[2mButton Actions[2m > [22m[2mshould call TutorialService.next when Next clicked
[22m[39mBaseComponent.on: Target is not HTMLElement, Document, or Window [36m<ref *1>[39m Object [global] {
  global: [36m[Circular *1][39m,
  clearImmediate: [Function: clearImmediate] {
    hadOwnProperty: [33mtrue[39m,
    clock: {
      now: [33m1764681223321[39m,
      Date: [36m[Function][39m,
      loopLimit: [33m10000[39m,
      Intl: [36m[Object][39m,
      requestIdleCallback: [36m[Function: requestIdleCallback][39m,
      cancelIdleCallback: [36m[Function: cancelIdleCallback][39m,
      setTimeout: [36m[Function][39m,
      clearTimeout: [36m[Function][39m,
      nextTick: [36m[Function: nextTick][39m,
      queueMicrotask: [36m[Function: queueMicrotask][39m,
      setInterval: [36m[Function][39m,
      clearInterval: [36m[Function][39m,
      setImmediate: [36m[Function][39m,
      clearImmediate: [36m[Function][39m,
      countTimers: [36m[Function: countTimers][39m,
      requestAnimationFrame: [36m[Function][39m,
      cancelAnimationFrame: [36m[Function][39m,
      runMicrotasks: [36m[Function: runMicrotasks][39m,
      tick: [36m[Function: tick][39m,
      tickAsync: [36m[Function: tickAsync][39m,
      next: [36m[Function: next][39m,
      nextAsync: [36m[Function: nextAsync][39m,
      runAll: [36m[Function: runAll][39m,
      runToFrame: [36m[Function: runToFrame][39m,
      runAllAsync: [36m[Function: runAllAsync][39m,
      runToLast: [36m[Function: runToLast][39m,
      runToLastAsync: [36m[Function: runToLastAsync][39m,
      reset: [36m[Function: reset][39m,
      setSystemTime: [36m[Function: setSystemTime][39m,
      jump: [36m[Function: jump][39m,
      performance: [36m[Object: null prototype][39m,
      hrtime: [36m[Function][39m,
      shouldClearNativeTimers: [33mtrue[39m,
      uninstall: [36m[Function (anonymous)][39m,
      abortListenerMap: Map(0) {},
      methods: [36m[Array][39m,
      _setTimeout: [36m[Function][39m,
      _clearTimeout: [36m[Function: clearTimeout][39m,
      _setInterval: [36m[Function: setInterval][39m,
      _clearInterval: [36m[Function: clearInterval][39m,
      _Date: [36m[Function: Date][39m,
      _setImmediate: [36m[Function][39m,
      _clearImmediate: [36m[Function: clearImmediate][39m,
      _hrtime: [36m[Function][39m,
      _performance: [36m[Performance][39m,
      _requestAnimationFrame: [36m[Function: bound ][39m,
      _cancelAnimationFrame: [36m[Function: bound ][39m,
      _Intl: Object [Intl] {}
    }
  },
  setImmediate: [Function: setImmediate] {
    hadOwnProperty: [33mtrue[39m,
    clock: {
      now: [33m1764681223321[39m,
      Date: [36m[Function][39m,
      loopLimit: [33m10000[39m,
      Intl: [36m[Object][39m,
      requestIdleCallback: [36m[Function: requestIdleCallback][39m,
      cancelIdleCallback: [36m[Function: cancelIdleCallback][39m,
      setTimeout: [36m[Function][39m,
      clearTimeout: [36m[Function][39m,
      nextTick: [36m[Function: nextTick][39m,
      queueMicrotask: [36m[Function: queueMicrotask][39m,
      setInterval: [36m[Function][39m,
      clearInterval: [36m[Function][39m,
      setImmediate: [36m[Function][39m,
      clearImmediate: [36m[Function][39m,
      countTimers: [36m[Function: countTimers][39m,
      requestAnimationFrame: [36m[Function][39m,
      cancelAnimationFrame: [36m[Function][39m,
      runMicrotasks: [36m[Function: runMicrotasks][39m,
      tick: [36m[Function: tick][39m,
      tickAsync: [36m[Function: tickAsync][39m,
      next: [36m[Function: next][39m,
      nextAsync: [36m[Function: nextAsync][39m,
      runAll: [36m[Function: runAll][39m,
      runToFrame: [36m[Function: runToFrame][39m,
      runAllAsync: [36m[Function: runAllAsync][39m,
      runToLast: [36m[Function: runToLast][39m,
      runToLastAsync: [36m[Function: runToLastAsync][39m,
      reset: [36m[Function: reset][39m,
      setSystemTime: [36m[Function: setSystemTime][39m,
      jump: [36m[Function: jump][39m,
      performance: [36m[Object: null prototype][39m,
      hrtime: [36m[Function][39m,
      shouldClearNativeTimers: [33mtrue[39m,
      uninstall: [36m[Function (anonymous)][39m,
      abortListenerMap: Map(0) {},
      methods: [36m[Array][39m,
      _setTimeout: [36m[Function][39m,
      _clearTimeout: [36m[Function: clearTimeout][39m,
      _setInterval: [36m[Function: setInterval][39m,
      _clearInterval: [36m[Function: clearInterval][39m,
      _Date: [36m[Function: Date][39m,
      _setImmediate: [36m[Function][39m,
      _clearImmediate: [36m[Function: clearImmediate][39m,
      _hrtime: [36m[Function][39m,
      _performance: [36m[Performance][39m,
      _requestAnimationFrame: [36m[Function: bound ][39m,
      _cancelAnimationFrame: [36m[Function: bound ][39m,
      _Intl: Object [Intl] {}
    },
    [[32mSymbol(nodejs.util.promisify.custom)[39m]: [36m[Function: promisifiedSetImmediate][39m
  },
  clearInterval: [Function: clearInterval] {
    hadOwnProperty: [33mtrue[39m,
    clock: {
      now: [33m1764681223321[39m,
      Date: [36m[Function][39m,
      loopLimit: [33m10000[39m,
      Intl: [36m[Object][39m,
      requestIdleCallback: [36m[Function: requestIdleCallback][39m,
      cancelIdleCallback: [36m[Function: cancelIdleCallback][39m,
      setTimeout: [36m[Function][39m,
      clearTimeout: [36m[Function][39m,
      nextTick: [36m[Function: nextTick][39m,
      queueMicrotask: [36m[Function: queueMicrotask][39m,
      setInterval: [36m[Function][39m,
      clearInterval: [36m[Function][39m,
      setImmediate: [36m[Function][39m,
      clearImmediate: [36m[Function][39m,
      countTimers: [36m[Function: countTimers][39m,
      requestAnimationFrame: [36m[Function][39m,
      cancelAnimationFrame: [36m[Function][39m,
      runMicrotasks: [36m[Function: runMicrotasks][39m,
      tick: [36m[Function: tick][39m,
      tickAsync: [36m[Function: tickAsync][39m,
      next: [36m[Function: next][39m,
      nextAsync: [36m[Function: nextAsync][39m,
      runAll: [36m[Function: runAll][39m,
      runToFrame: [36m[Function: runToFrame][39m,
      runAllAsync: [36m[Function: runAllAsync][39m,
      runToLast: [36m[Function: runToLast][39m,
      runToLastAsync: [36m[Function: runToLastAsync][39m,
      reset: [36m[Function: reset][39m,
      setSystemTime: [36m[Function: setSystemTime][39m,
      jump: [36m[Function: jump][39m,
      performance: [36m[Object: null prototype][39m,
      hrtime: [36m[Function][39m,
      shouldClearNativeTimers: [33mtrue[39m,
      uninstall: [36m[Function (anonymous)][39m,
      abortListenerMap: Map(0) {},
      methods: [36m[Array][39m,
      _setTimeout: [36m[Function][39m,
      _clearTimeout: [36m[Function: clearTimeout][39m,
      _setInterval: [36m[Function: setInterval][39m,
      _clearInterval: [36m[Function: clearInterval][39m,
      _Date: [36m[Function: Date][39m,
      _setImmediate: [36m[Function][39m,
      _clearImmediate: [36m[Function: clearImmediate][39m,
      _hrtime: [36m[Function][39m,
      _performance: [36m[Performance][39m,
      _requestAnimationFrame: [36m[Function: bound ][39m,
      _cancelAnimationFrame: [36m[Function: bound ][39m,
      _Intl: Object [Intl] {}
    }
  },
  clearTimeout: [Function: clearTimeout] {
    hadOwnProperty: [33mtrue[39m,
    clock: {
      now: [33m1764681223321[39m,
      Date: [36m[Function][39m,
      loopLimit: [33m10000[39m,
      Intl: [36m[Object][39m,
      requestIdleCallback: [36m[Function: requestIdleCallback][39m,
      cancelIdleCallback: [36m[Function: cancelIdleCallback][39m,
      setTimeout: [36m[Function][39m,
      clearTimeout: [36m[Function][39m,
      nextTick: [36m[Function: nextTick][39m,
      queueMicrotask: [36m[Function: queueMicrotask][39m,
      setInterval: [36m[Function][39m,
      clearInterval: [36m[Function][39m,
      setImmediate: [36m[Function][39m,
      clearImmediate: [36m[Function][39m,
      countTimers: [36m[Function: countTimers][39m,
      requestAnimationFrame: [36m[Function][39m,
      cancelAnimationFrame: [36m[Function][39m,
      runMicrotasks: [36m[Function: runMicrotasks][39m,
      tick: [36m[Function: tick][39m,
      tickAsync: [36m[Function: tickAsync][39m,
      next: [36m[Function: next][39m,
      nextAsync: [36m[Function: nextAsync][39m,
      runAll: [36m[Function: runAll][39m,
      runToFrame: [36m[Function: runToFrame][39m,
      runAllAsync: [36m[Function: runAllAsync][39m,
      runToLast: [36m[Function: runToLast][39m,
      runToLastAsync: [36m[Function: runToLastAsync][39m,
      reset: [36m[Function: reset][39m,
      setSystemTime: [36m[Function: setSystemTime][39m,
      jump: [36m[Function: jump][39m,
      performance: [36m[Object: null prototype][39m,
      hrtime: [36m[Function][39m,
      shouldClearNativeTimers: [33mtrue[39m,
      uninstall: [36m[Function (anonymous)][39m,
      abortListenerMap: Map(0) {},
      methods: [36m[Array][39m,
      _setTimeout: [36m[Function][39m,
      _clearTimeout: [36m[Function: clearTimeout][39m,
      _setInterval: [36m[Function: setInterval][39m,
      _clearInterval: [36m[Function: clearInterval][39m,
      _Date: [36m[Function: Date][39m,
      _setImmediate: [36m[Function][39m,
      _clearImmediate: [36m[Function: clearImmediate][39m,
      _hrtime: [36m[Function][39m,
      _performance: [36m[Performance][39m,
      _requestAnimationFrame: [36m[Function: bound ][39m,
      _cancelAnimationFrame: [36m[Function: bound ][39m,
      _Intl: Object [Intl] {}
    }
  },
  setInterval: [Function: setInterval] {
    hadOwnProperty: [33mtrue[39m,
    clock: {
      now: [33m1764681223321[39m,
      Date: [36m[Function][39m,
      loopLimit: [33m10000[39m,
      Intl: [36m[Object][39m,
      requestIdleCallback: [36m[Function: requestIdleCallback][39m,
      cancelIdleCallback: [36m[Function: cancelIdleCallback][39m,
      setTimeout: [36m[Function][39m,
      clearTimeout: [36m[Function][39m,
      nextTick: [36m[Function: nextTick][39m,
      queueMicrotask: [36m[Function: queueMicrotask][39m,
      setInterval: [36m[Function][39m,
      clearInterval: [36m[Function][39m,
      setImmediate: [36m[Function][39m,
      clearImmediate: [36m[Function][39m,
      countTimers: [36m[Function: countTimers][39m,
      requestAnimationFrame: [36m[Function][39m,
      cancelAnimationFrame: [36m[Function][39m,
      runMicrotasks: [36m[Function: runMicrotasks][39m,
      tick: [36m[Function: tick][39m,
      tickAsync: [36m[Function: tickAsync][39m,
      next: [36m[Function: next][39m,
      nextAsync: [36m[Function: nextAsync][39m,
      runAll: [36m[Function: runAll][39m,
      runToFrame: [36m[Function: runToFrame][39m,
      runAllAsync: [36m[Function: runAllAsync][39m,
      runToLast: [36m[Function: runToLast][39m,
      runToLastAsync: [36m[Function: runToLastAsync][39m,
      reset: [36m[Function: reset][39m,
      setSystemTime: [36m[Function: setSystemTime][39m,
      jump: [36m[Function: jump][39m,
      performance: [36m[Object: null prototype][39m,
      hrtime: [36m[Function][39m,
      shouldClearNativeTimers: [33mtrue[39m,
      uninstall: [36m[Function (anonymous)][39m,
      abortListenerMap: Map(0) {},
      methods: [36m[Array][39m,
      _setTimeout: [36m[Function][39m,
      _clearTimeout: [36m[Function: clearTimeout][39m,
      _setInterval: [36m[Function: setInterval][39m,
      _clearInterval: [36m[Function: clearInterval][39m,
      _Date: [36m[Function: Date][39m,
      _setImmediate: [36m[Function][39m,
      _clearImmediate: [36m[Function: clearImmediate][39m,
      _hrtime: [36m[Function][39m,
      _performance: [36m[Performance][39m,
      _requestAnimationFrame: [36m[Function: bound ][39m,
      _cancelAnimationFrame: [36m[Function: bound ][39m,
      _Intl: Object [Intl] {}
    }
  },
  setTimeout: [Function: setTimeout] {
    hadOwnProperty: [33mtrue[39m,
    clock: {
      now: [33m1764681223321[39m,
      Date: [36m[Function][39m,
      loopLimit: [33m10000[39m,
      Intl: [36m[Object][39m,
      requestIdleCallback: [36m[Function: requestIdleCallback][39m,
      cancelIdleCallback: [36m[Function: cancelIdleCallback][39m,
      setTimeout: [36m[Function][39m,
      clearTimeout: [36m[Function][39m,
      nextTick: [36m[Function: nextTick][39m,
      queueMicrotask: [36m[Function: queueMicrotask][39m,
      setInterval: [36m[Function][39m,
      clearInterval: [36m[Function][39m,
      setImmediate: [36m[Function][39m,
      clearImmediate: [36m[Function][39m,
      countTimers: [36m[Function: countTimers][39m,
      requestAnimationFrame: [36m[Function][39m,
      cancelAnimationFrame: [36m[Function][39m,
      runMicrotasks: [36m[Function: runMicrotasks][39m,
      tick: [36m[Function: tick][39m,
      tickAsync: [36m[Function: tickAsync][39m,
      next: [36m[Function: next][39m,
      nextAsync: [36m[Function: nextAsync][39m,
      runAll: [36m[Function: runAll][39m,
      runToFrame: [36m[Function: runToFrame][39m,
      runAllAsync: [36m[Function: runAllAsync][39m,
      runToLast: [36m[Function: runToLast][39m,
      runToLastAsync: [36m[Function: runToLastAsync][39m,
      reset: [36m[Function: reset][39m,
      setSystemTime: [36m[Function: setSystemTime][39m,
      jump: [36m[Function: jump][39m,
      performance: [36m[Object: null prototype][39m,
      hrtime: [36m[Function][39m,
      shouldClearNativeTimers: [33mtrue[39m,
      uninstall: [36m[Function (anonymous)][39m,
      abortListenerMap: Map(0) {},
      methods: [36m[Array][39m,
      _setTimeout: [36m[Function][39m,
      _clearTimeout: [36m[Function: clearTimeout][39m,
      _setInterval: [36m[Function: setInterval][39m,
      _clearInterval: [36m[Function: clearInterval][39m,
      _Date: [36m[Function: Date][39m,
      _setImmediate: [36m[Function][39m,
      _clearImmediate: [36m[Function: clearImmediate][39m,
      _hrtime: [36m[Function][39m,
      _performance: [36m[Performance][39m,
      _requestAnimationFrame: [36m[Function: bound ][39m,
      _cancelAnimationFrame: [36m[Function: bound ][39m,
      _Intl: Object [Intl] {}
    },
    [[32mSymbol(nodejs.util.promisify.custom)[39m]: [36m[Function: promisifiedSetTimeout][39m
  },
  queueMicrotask: [36m[Function: queueMicrotask][39m,
  structuredClone: [36m[Function: structuredClone][39m,
  atob: [36m[Function: atob][39m,
  btoa: [36m[Function: btoa][39m,
  performance: [36m[Getter/Setter][39m,
  fetch: [36m[Function: fetch][39m,
  navigator: [36m[Getter/Setter][39m,
  crypto: [36m[Getter][39m,
  window: [36m[Circular *1][39m,
  self: [36m[Circular *1][39m,
  top: [36m[Circular *1][39m,
  parent: [36m[Circular *1][39m,
  jsdom: JSDOM {
    [[32mSymbol(window)[39m]: [36m<ref *2>[39m Window {
      StyleSheet: [36m[Function: StyleSheet][39m,
      MediaList: [36m[Function: MediaList][39m,
      CSSStyleSheet: [36m[Function: CSSStyleSheet][39m,
      CSSRule: [36m[Function][39m,
      CSSStyleRule: [36m[Function][39m,
      CSSMediaRule: [36m[Function: CSSMediaRule][39m,
      CSSImportRule: [36m[Function: CSSImportRule][39m,
      CSSStyleDeclaration: [36m[class CSSStyleDeclaration][39m,
      XPathException: [36m[Function][39m,
      XPathExpression: [36m[Function: XPathExpression][39m,
      XPathResult: [36m[Function][39m,
      XPathEvaluator: [36m[Function: XPathEvaluator][39m,
      onafterprint: [36m[Getter/Setter][39m,
      onbeforeprint: [36m[Getter/Setter][39m,
      onbeforeunload: [36m[Getter/Setter][39m,
      onhashchange: [36m[Getter/Setter][39m,
      onlanguagechange: [36m[Getter/Setter][39m,
      onmessage: [36m[Getter/Setter][39m,
      onmessageerror: [36m[Getter/Setter][39m,
      onoffline: [36m[Getter/Setter][39m,
      ononline: [36m[Getter/Setter][39m,
      onpagehide: [36m[Getter/Setter][39m,
      onpageshow: [36m[Getter/Setter][39m,
      onpopstate: [36m[Getter/Setter][39m,
      onrejectionhandled: [36m[Getter/Setter][39m,
      onstorage: [36m[Getter/Setter][39m,
      onunhandledrejection: [36m[Getter/Setter][39m,
      onunload: [36m[Getter/Setter][39m,
      onblur: [36m[Getter/Setter][39m,
      onerror: [36m[Getter/Setter][39m,
      onfocus: [36m[Getter/Setter][39m,
      onload: [36m[Getter/Setter][39m,
      onresize: [36m[Getter/Setter][39m,
      onscroll: [36m[Getter/Setter][39m,
      onabort: [36m[Getter/Setter][39m,
      onauxclick: [36m[Getter/Setter][39m,
      onbeforeinput: [36m[Getter/Setter][39m,
      onbeforematch: [36m[Getter/Setter][39m,
      onbeforetoggle: [36m[Getter/Setter][39m,
      oncancel: [36m[Getter/Setter][39m,
      oncanplay: [36m[Getter/Setter][39m,
      oncanplaythrough: [36m[Getter/Setter][39m,
      onchange: [36m[Getter/Setter][39m,
      onclick: [36m[Getter/Setter][39m,
      onclose: [36m[Getter/Setter][39m,
      oncontextlost: [36m[Getter/Setter][39m,
      oncontextmenu: [36m[Getter/Setter][39m,
      oncontextrestored: [36m[Getter/Setter][39m,
      oncopy: [36m[Getter/Setter][39m,
      oncuechange: [36m[Getter/Setter][39m,
      oncut: [36m[Getter/Setter][39m,
      ondblclick: [36m[Getter/Setter][39m,
      ondrag: [36m[Getter/Setter][39m,
      ondragend: [36m[Getter/Setter][39m,
      ondragenter: [36m[Getter/Setter][39m,
      ondragleave: [36m[Getter/Setter][39m,
      ondragover: [36m[Getter/Setter][39m,
      ondragstart: [36m[Getter/Setter][39m,
      ondrop: [36m[Getter/Setter][39m,
      ondurationchange: [36m[Getter/Setter][39m,
      onemptied: [36m[Getter/Setter][39m,
      onended: [36m[Getter/Setter][39m,
      onformdata: [36m[Getter/Setter][39m,
      oninput: [36m[Getter/Setter][39m,
      oninvalid: [36m[Getter/Setter][39m,
      onkeydown: [36m[Getter/Setter][39m,
      onkeypress: [36m[Getter/Setter][39m,
      onkeyup: [36m[Getter/Setter][39m,
      onloadeddata: [36m[Getter/Setter][39m,
      onloadedmetadata: [36m[Getter/Setter][39m,
      onloadstart: [36m[Getter/Setter][39m,
      onmousedown: [36m[Getter/Setter][39m,
      onmouseenter: [36m[Getter/Setter][39m,
      onmouseleave: [36m[Getter/Setter][39m,
      onmousemove: [36m[Getter/Setter][39m,
      onmouseout: [36m[Getter/Setter][39m,
      onmouseover: [36m[Getter/Setter][39m,
      onmouseup: [36m[Getter/Setter][39m,
      onpaste: [36m[Getter/Setter][39m,
      onpause: [36m[Getter/Setter][39m,
      onplay: [36m[Getter/Setter][39m,
      onplaying: [36m[Getter/Setter][39m,
      onprogress: [36m[Getter/Setter][39m,
      onratechange: [36m[Getter/Setter][39m,
      onreset: [36m[Getter/Setter][39m,
      onscrollend: [36m[Getter/Setter][39m,
      onsecuritypolicyviolation: [36m[Getter/Setter][39m,
      onseeked: [36m[Getter/Setter][39m,
      onseeking: [36m[Getter/Setter][39m,
      onselect: [36m[Getter/Setter][39m,
      onslotchange: [36m[Getter/Setter][39m,
      onstalled: [36m[Getter/Setter][39m,
      onsubmit: [36m[Getter/Setter][39m,
      onsuspend: [36m[Getter/Setter][39m,
      ontimeupdate: [36m[Getter/Setter][39m,
      ontoggle: [36m[Getter/Setter][39m,
      onvolumechange: [36m[Getter/Setter][39m,
      onwaiting: [36m[Getter/Setter][39m,
      onwebkitanimationend: [36m[Getter/Setter][39m,
      onwebkitanimationiteration: [36m[Getter/Setter][39m,
      onwebkitanimationstart: [36m[Getter/Setter][39m,
      onwebkittransitionend: [36m[Getter/Setter][39m,
      onwheel: [36m[Getter/Setter][39m,
      ontouchstart: [36m[Getter/Setter][39m,
      ontouchend: [36m[Getter/Setter][39m,
      ontouchmove: [36m[Getter/Setter][39m,
      ontouchcancel: [36m[Getter/Setter][39m,
      _registeredHandlers: Set(0) {},
      _eventHandlers: [Object: null prototype] {},
      onautocomplete: [36m[Getter/Setter][39m,
      onautocompleteerror: [36m[Getter/Setter][39m,
      onsort: [36m[Getter/Setter][39m,
      _globalObject: [36m[Circular *2][39m,
      _resourceLoader: [36m[NoOpResourceLoader][39m,
      _globalProxy: [36m[Object [Window]][39m,
      _document: [36m[Document][39m,
      _origin: [32m'http://localhost:3000'[39m,
      _sessionHistory: [36m[SessionHistory][39m,
      _virtualConsole: [36m[VirtualConsole][39m,
      _runScripts: [32m'dangerously'[39m,
      _top: [36m[Object [Window]][39m,
      _parent: [36m[Object [Window]][39m,
      _frameElement: [1mnull[22m,
      _length: [33m0[39m,
      _currentEvent: [90mundefined[39m,
      _pretendToBeVisual: [33mtrue[39m,
      _storageQuota: [33m5000000[39m,
      _commonForOrigin: [36m[Object][39m,
      _currentOriginData: [36m[Object][39m,
      _localStorage: Storage {},
      _sessionStorage: Storage {},
      _selection: [36m[SelectionImpl][39m,
      getSelection: [36m[Function (anonymous)][39m,
      _customElementRegistry: CustomElementRegistry {},
      length: [36m[Getter/Setter][39m,
      window: [36m[Getter][39m,
      frameElement: [36m[Getter][39m,
      frames: [36m[Getter/Setter][39m,
      self: [36m[Getter/Setter][39m,
      parent: [36m[Getter/Setter][39m,
      top: [36m[Getter][39m,
      document: [36m[Getter][39m,
      external: [36m[Getter/Setter][39m,
      location: [36m[Getter/Setter][39m,
      history: [36m[Getter][39m,
      navigator: [36m[Getter][39m,
      locationbar: [36m[Getter/Setter][39m,
      menubar: [36m[Getter/Setter][39m,
      personalbar: [36m[Getter/Setter][39m,
      scrollbars: [36m[Getter/Setter][39m,
      statusbar: [36m[Getter/Setter][39m,
      toolbar: [36m[Getter/Setter][39m,
      performance: [36m[Getter][39m,
      screen: [36m[Getter/Setter][39m,
      crypto: [36m[Getter][39m,
      origin: [36m[Getter/Setter][39m,
      localStorage: [36m[Getter][39m,
      sessionStorage: [36m[Getter][39m,
      customElements: [36m[Getter][39m,
      event: [36m[Getter/Setter][39m,
      setTimeout: [36m[Function (anonymous)][39m,
      setInterval: [36m[Function (anonymous)][39m,
      clearTimeout: [36m[Function (anonymous)][39m,
      clearInterval: [36m[Function (anonymous)][39m,
      queueMicrotask: [36m[Function (anonymous)][39m,
      requestAnimationFrame: [36m[Function (anonymous)][39m,
      cancelAnimationFrame: [36m[Function (anonymous)][39m,
      postMessage: [36m[Function (anonymous)][39m,
      atob: [36m[Function (anonymous)][39m,
      btoa: [36m[Function (anonymous)][39m,
      stop: [36m[Function (anonymous)][39m,
      close: [36m[Function (anonymous)][39m,
      getComputedStyle: [36m[Function (anonymous)][39m,
      captureEvents: [36m[Function (anonymous)][39m,
      releaseEvents: [36m[Function (anonymous)][39m,
      console: [36m[Object][39m,
      name: [32m''[39m,
      status: [32m''[39m,
      devicePixelRatio: [33m1[39m,
      innerWidth: [33m1024[39m,
      innerHeight: [33m768[39m,
      outerWidth: [33m1024[39m,
      outerHeight: [33m768[39m,
      pageXOffset: [33m0[39m,
      pageYOffset: [33m0[39m,
      screenX: [33m0[39m,
      screenLeft: [33m0[39m,
      screenY: [33m0[39m,
      screenTop: [33m0[39m,
      scrollX: [33m0[39m,
      scrollY: [33m0[39m,
      alert: [36m[Function (anonymous)][39m,
      blur: [36m[Function (anonymous)][39m,
      confirm: [36m[Function (anonymous)][39m,
      focus: [36m[Function (anonymous)][39m,
      moveBy: [36m[Function (anonymous)][39m,
      moveTo: [36m[Function (anonymous)][39m,
      open: [36m[Function (anonymous)][39m,
      print: [36m[Function (anonymous)][39m,
      prompt: [36m[Function (anonymous)][39m,
      resizeBy: [36m[Function (anonymous)][39m,
      resizeTo: [36m[Function (anonymous)][39m,
      scroll: [36m[Function (anonymous)][39m,
      scrollBy: [36m[Function (anonymous)][39m,
      scrollTo: [36m[Function (anonymous)][39m,
      [32m'test-container'[39m: [36m[Getter/Setter][39m,
      [32m'tutorial-target'[39m: [36m[Getter/Setter][39m,
      [[32mSymbol([webidl2js] constructor registry)[39m]: [36m[Object: null prototype][39m,
      [[32mSymbol(named property tracker)[39m]: [36m[NamedPropertiesTracker][39m
    }
  },
  suite: [Function: chain] {
    each: [36m[Function (anonymous)][39m,
    for: [36m[Function (anonymous)][39m,
    skipIf: [36m[Function (anonymous)][39m,
    runIf: [36m[Function (anonymous)][39m,
    withContext: [36m[Function (anonymous)][39m,
    setContext: [36m[Function (anonymous)][39m,
    mergeContext: [36m[Function (anonymous)][39m,
    fn: [Function: suiteFn] {
      each: [36m[Function (anonymous)][39m,
      for: [36m[Function (anonymous)][39m,
      skipIf: [36m[Function (anonymous)][39m,
      runIf: [36m[Function (anonymous)][39m
    }
  },
  test: [Function: chain] {
    each: [36m[Function (anonymous)][39m,
    for: [36m[Function (anonymous)][39m,
    skipIf: [36m[Function (anonymous)][39m,
    runIf: [36m[Function (anonymous)][39m,
    scoped: [36m[Function (anonymous)][39m,
    extend: [36m[Function (anonymous)][39m,
    beforeEach: [36m[Function: beforeEach][39m,
    afterEach: [36m[Function: afterEach][39m,
    beforeAll: [36m[Function: beforeAll][39m,
    afterAll: [36m[Function: afterAll][39m,
    withContext: [36m[Function (anonymous)][39m,
    setContext: [36m[Function (anonymous)][39m,
    mergeContext: [36m[Function (anonymous)][39m,
    fn: [Function (anonymous)] {
      each: [36m[Function (anonymous)][39m,
      for: [36m[Function (anonymous)][39m,
      skipIf: [36m[Function (anonymous)][39m,
      runIf: [36m[Function (anonymous)][39m,
      scoped: [36m[Function (anonymous)][39m,
      extend: [36m[Function (anonymous)][39m,
      beforeEach: [36m[Function: beforeEach][39m,
      afterEach: [36m[Function: afterEach][39m,
      beforeAll: [36m[Function: beforeAll][39m,
      afterAll: [36m[Function: afterAll][39m
    }
  },
  describe: [Function: chain] {
    each: [36m[Function (anonymous)][39m,
    for: [36m[Function (anonymous)][39m,
    skipIf: [36m[Function (anonymous)][39m,
    runIf: [36m[Function (anonymous)][39m,
    withContext: [36m[Function (anonymous)][39m,
    setContext: [36m[Function (anonymous)][39m,
    mergeContext: [36m[Function (anonymous)][39m,
    fn: [Function: suiteFn] {
      each: [36m[Function (anonymous)][39m,
      for: [36m[Function (anonymous)][39m,
      skipIf: [36m[Function (anonymous)][39m,
      runIf: [36m[Function (anonymous)][39m
    }
  },
  it: [Function: chain] {
    each: [36m[Function (anonymous)][39m,
    for: [36m[Function (anonymous)][39m,
    skipIf: [36m[Function (anonymous)][39m,
    runIf: [36m[Function (anonymous)][39m,
    scoped: [36m[Function (anonymous)][39m,
    extend: [36m[Function (anonymous)][39m,
    beforeEach: [36m[Function: beforeEach][39m,
    afterEach: [36m[Function: afterEach][39m,
    beforeAll: [36m[Function: beforeAll][39m,
    afterAll: [36m[Function: afterAll][39m,
    withContext: [36m[Function (anonymous)][39m,
    setContext: [36m[Function (anonymous)][39m,
    mergeContext: [36m[Function (anonymous)][39m,
    fn: [Function (anonymous)] {
      each: [36m[Function (anonymous)][39m,
      for: [36m[Function (anonymous)][39m,
      skipIf: [36m[Function (anonymous)][39m,
      runIf: [36m[Function (anonymous)][39m,
      scoped: [36m[Function (anonymous)][39m,
      extend: [36m[Function (anonymous)][39m,
      beforeEach: [36m[Function: beforeEach][39m,
      afterEach: [36m[Function: afterEach][39m,
      beforeAll: [36m[Function: beforeAll][39m,
      afterAll: [36m[Function: afterAll][39m
    }
  },
  chai: [Module: null prototype] {
    Assertion: [36m[class Assertion][39m,
    AssertionError: [36m[class AssertionError extends Error][39m,
    Should: [36m[Function: loadShould][39m,
    assert: [Function: assert] {
      fail: [36m[Function (anonymous)][39m,
      isOk: [36m[Function (anonymous)][39m,
      isNotOk: [36m[Function (anonymous)][39m,
      equal: [36m[Function (anonymous)][39m,
      notEqual: [36m[Function (anonymous)][39m,
      strictEqual: [36m[Function (anonymous)][39m,
      notStrictEqual: [36m[Function (anonymous)][39m,
      deepStrictEqual: [36m[Function (anonymous)][39m,
      deepEqual: [36m[Function (anonymous)][39m,
      notDeepEqual: [36m[Function (anonymous)][39m,
      isAbove: [36m[Function (anonymous)][39m,
      isAtLeast: [36m[Function (anonymous)][39m,
      isBelow: [36m[Function (anonymous)][39m,
      isAtMost: [36m[Function (anonymous)][39m,
      isTrue: [36m[Function (anonymous)][39m,
      isNotTrue: [36m[Function (anonymous)][39m,
      isFalse: [36m[Function (anonymous)][39m,
      isNotFalse: [36m[Function (anonymous)][39m,
      isNull: [36m[Function (anonymous)][39m,
      isNotNull: [36m[Function (anonymous)][39m,
      isNaN: [36m[Function (anonymous)][39m,
      isNotNaN: [36m[Function (anonymous)][39m,
      exists: [36m[Function (anonymous)][39m,
      notExists: [36m[Function (anonymous)][39m,
      isUndefined: [36m[Function (anonymous)][39m,
      isDefined: [36m[Function (anonymous)][39m,
      isCallable: [36m[Function (anonymous)][39m,
      isNotCallable: [36m[Function (anonymous)][39m,
      isObject: [36m[Function (anonymous)][39m,
      isNotObject: [36m[Function (anonymous)][39m,
      isArray: [36m[Function (anonymous)][39m,
      isNotArray: [36m[Function (anonymous)][39m,
      isString: [36m[Function (anonymous)][39m,
      isNotString: [36m[Function (anonymous)][39m,
      isNumber: [36m[Function (anonymous)][39m,
      isNotNumber: [36m[Function (anonymous)][39m,
      isNumeric: [36m[Function (anonymous)][39m,
      isNotNumeric: [36m[Function (anonymous)][39m,
      isFinite: [36m[Function (anonymous)][39m,
      isBoolean: [36m[Function (anonymous)][39m,
      isNotBoolean: [36m[Function (anonymous)][39m,
      typeOf: [36m[Function (anonymous)][39m,
      notTypeOf: [36m[Function (anonymous)][39m,
      instanceOf: [36m[Function (anonymous)][39m,
      notInstanceOf: [36m[Function (anonymous)][39m,
      include: [36m[Function (anonymous)][39m,
      notInclude: [36m[Function (anonymous)][39m,
      deepInclude: [36m[Function (anonymous)][39m,
      notDeepInclude: [36m[Function (anonymous)][39m,
      nestedInclude: [36m[Function (anonymous)][39m,
      notNestedInclude: [36m[Function (anonymous)][39m,
      deepNestedInclude: [36m[Function (anonymous)][39m,
      notDeepNestedInclude: [36m[Function (anonymous)][39m,
      ownInclude: [36m[Function (anonymous)][39m,
      notOwnInclude: [36m[Function (anonymous)][39m,
      deepOwnInclude: [36m[Function (anonymous)][39m,
      notDeepOwnInclude: [36m[Function (anonymous)][39m,
      match: [36m[Function (anonymous)][39m,
      notMatch: [36m[Function (anonymous)][39m,
      property: [36m[Function (anonymous)][39m,
      notProperty: [36m[Function (anonymous)][39m,
      propertyVal: [36m[Function (anonymous)][39m,
      notPropertyVal: [36m[Function (anonymous)][39m,
      deepPropertyVal: [36m[Function (anonymous)][39m,
      notDeepPropertyVal: [36m[Function (anonymous)][39m,
      ownProperty: [36m[Function (anonymous)][39m,
      notOwnProperty: [36m[Function (anonymous)][39m,
      ownPropertyVal: [36m[Function (anonymous)][39m,
      notOwnPropertyVal: [36m[Function (anonymous)][39m,
      deepOwnPropertyVal: [36m[Function (anonymous)][39m,
      notDeepOwnPropertyVal: [36m[Function (anonymous)][39m,
      nestedProperty: [36m[Function (anonymous)][39m,
      notNestedProperty: [36m[Function (anonymous)][39m,
      nestedPropertyVal: [36m[Function (anonymous)][39m,
      notNestedPropertyVal: [36m[Function (anonymous)][39m,
      deepNestedPropertyVal: [36m[Function (anonymous)][39m,
      notDeepNestedPropertyVal: [36m[Function (anonymous)][39m,
      lengthOf: [36m[Function (anonymous)][39m,
      hasAnyKeys: [36m[Function (anonymous)][39m,
      hasAllKeys: [36m[Function (anonymous)][39m,
      containsAllKeys: [36m[Function (anonymous)][39m,
      doesNotHaveAnyKeys: [36m[Function (anonymous)][39m,
      doesNotHaveAllKeys: [36m[Function (anonymous)][39m,
      hasAnyDeepKeys: [36m[Function (anonymous)][39m,
      hasAllDeepKeys: [36m[Function (anonymous)][39m,
      containsAllDeepKeys: [36m[Function (anonymous)][39m,
      doesNotHaveAnyDeepKeys: [36m[Function (anonymous)][39m,
      doesNotHaveAllDeepKeys: [36m[Function (anonymous)][39m,
      throws: [36m[Function (anonymous)][39m,
      doesNotThrow: [36m[Function (anonymous)][39m,
      operator: [36m[Function (anonymous)][39m,
      closeTo: [36m[Function (anonymous)][39m,
      approximately: [36m[Function (anonymous)][39m,
      sameMembers: [36m[Function (anonymous)][39m,
      notSameMembers: [36m[Function (anonymous)][39m,
      sameDeepMembers: [36m[Function (anonymous)][39m,
      notSameDeepMembers: [36m[Function (anonymous)][39m,
      sameOrderedMembers: [36m[Function (anonymous)][39m,
      notSameOrderedMembers: [36m[Function (anonymous)][39m,
      sameDeepOrderedMembers: [36m[Function (anonymous)][39m,
      notSameDeepOrderedMembers: [36m[Function (anonymous)][39m,
      includeMembers: [36m[Function (anonymous)][39m,
      notIncludeMembers: [36m[Function (anonymous)][39m,
      includeDeepMembers: [36m[Function (anonymous)][39m,
      notIncludeDeepMembers: [36m[Function (anonymous)][39m,
      includeOrderedMembers: [36m[Function (anonymous)][39m,
      notIncludeOrderedMembers: [36m[Function (anonymous)][39m,
      includeDeepOrderedMembers: [36m[Function (anonymous)][39m,
      notIncludeDeepOrderedMembers: [36m[Function (anonymous)][39m,
      oneOf: [36m[Function (anonymous)][39m,
      isIterable: [36m[Function (anonymous)][39m,
      changes: [36m[Function (anonymous)][39m,
      changesBy: [36m[Function (anonymous)][39m,
      doesNotChange: [36m[Function (anonymous)][39m,
      changesButNotBy: [36m[Function (anonymous)][39m,
      increases: [36m[Function (anonymous)][39m,
      increasesBy: [36m[Function (anonymous)][39m,
      doesNotIncrease: [36m[Function (anonymous)][39m,
      increasesButNotBy: [36m[Function (anonymous)][39m,
      decreases: [36m[Function (anonymous)][39m,
      decreasesBy: [36m[Function (anonymous)][39m,
      doesNotDecrease: [36m[Function (anonymous)][39m,
      doesNotDecreaseBy: [36m[Function (anonymous)][39m,
      decreasesButNotBy: [36m[Function (anonymous)][39m,
      ifError: [36m[Function (anonymous)][39m,
      isExtensible: [36m[Function (anonymous)][39m,
      isNotExtensible: [36m[Function (anonymous)][39m,
      isSealed: [36m[Function (anonymous)][39m,
      isNotSealed: [36m[Function (anonymous)][39m,
      isFrozen: [36m[Function (anonymous)][39m,
      isNotFrozen: [36m[Function (anonymous)][39m,
      isEmpty: [36m[Function (anonymous)][39m,
      isNotEmpty: [36m[Function (anonymous)][39m,
      containsSubset: [36m[Function (anonymous)][39m,
      doesNotContainSubset: [36m[Function (anonymous)][39m,
      ok: [36m[Function (anonymous)][39m,
      notOk: [36m[Function (anonymous)][39m,
      throw: [36m[Function (anonymous)][39m,
      Throw: [36m[Function (anonymous)][39m,
      extensible: [36m[Function (anonymous)][39m,
      notExtensible: [36m[Function (anonymous)][39m,
      sealed: [36m[Function (anonymous)][39m,
      notSealed: [36m[Function (anonymous)][39m,
      frozen: [36m[Function (anonymous)][39m,
      notFrozen: [36m[Function (anonymous)][39m,
      empty: [36m[Function (anonymous)][39m,
      notEmpty: [36m[Function (anonymous)][39m,
      isFunction: [36m[Function (anonymous)][39m,
      isNotFunction: [36m[Function (anonymous)][39m,
      containSubset: [36m[Function (anonymous)][39m
    },
    config: {
      includeStack: [33mfalse[39m,
      showDiff: [33mtrue[39m,
      truncateThreshold: [33m40[39m,
      useProxy: [33mtrue[39m,
      proxyExcludedKeys: [36m[Array][39m,
      deepEqual: [1mnull[22m
    },
    expect: [Function: expect] {
      fail: [36m[Function (anonymous)][39m,
      extend: [36m[Function: methodWrapper][39m,
      addSnapshotSerializer: [36m[Function: methodWrapper][39m,
      anything: [36m[Function: methodWrapper][39m,
      any: [36m[Function: methodWrapper][39m,
      stringContaining: [36m[Function: methodWrapper][39m,
      objectContaining: [36m[Function: methodWrapper][39m,
      arrayContaining: [36m[Function: methodWrapper][39m,
      stringMatching: [36m[Function: methodWrapper][39m,
      closeTo: [36m[Function: methodWrapper][39m,
      schemaMatching: [36m[Function: methodWrapper][39m,
      not: [36m[Object][39m,
      __flags: [36m[Object: null prototype][39m
    },
    should: [36m[Function: loadShould][39m,
    use: [36m[Function: use][39m,
    util: {
      addChainableMethod: [36m[Getter][39m,
      addLengthGuard: [36m[Getter][39m,
      addMethod: [36m[Getter][39m,
      addProperty: [36m[Getter][39m,
      checkError: [36m[Getter][39m,
      compareByInspect: [36m[Getter][39m,
      eql: [36m[Getter][39m,
      events: [36m[Getter][39m,
      expectTypes: [36m[Getter][39m,
      flag: [36m[Getter][39m,
      getActual: [36m[Getter][39m,
      getMessage: [36m[Getter][39m,
      getName: [36m[Getter][39m,
      getOperator: [36m[Getter][39m,
      getOwnEnumerableProperties: [36m[Getter][39m,
      getOwnEnumerablePropertySymbols: [36m[Getter][39m,
      getPathInfo: [36m[Getter][39m,
      hasProperty: [36m[Getter][39m,
      inspect: [36m[Getter][39m,
      isNaN: [36m[Getter][39m,
      isNumeric: [36m[Getter][39m,
      isProxyEnabled: [36m[Getter][39m,
      isRegExp: [36m[Getter][39m,
      objDisplay: [36m[Getter][39m,
      overwriteChainableMethod: [36m[Getter][39m,
      overwriteMethod: [36m[Getter][39m,
      overwriteProperty: [36m[Getter][39m,
      proxify: [36m[Getter][39m,
      test: [36m[Getter][39m,
      transferFlags: [36m[Getter][39m,
      type: [36m[Getter][39m
    }
  },
  expect: [Function: expect] {
    fail: [36m[Function (anonymous)][39m,
    extend: [36m[Function (anonymous)][39m,
    addSnapshotSerializer: [36m[Function: methodWrapper][39m,
    anything: [36m[Function: methodWrapper][39m,
    any: [36m[Function: methodWrapper][39m,
    stringContaining: [36m[Function: methodWrapper][39m,
    objectContaining: [36m[Function: methodWrapper][39m,
    arrayContaining: [36m[Function: methodWrapper][39m,
    stringMatching: [36m[Function: methodWrapper][39m,
    closeTo: [36m[Function: methodWrapper][39m,
    schemaMatching: [36m[Function: methodWrapper][39m,
    not: {
      stringContaining: [36m[Function: stringContaining][39m,
      objectContaining: [36m[Function: objectContaining][39m,
      arrayContaining: [36m[Function: arrayContaining][39m,
      stringMatching: [36m[Function: stringMatching][39m,
      closeTo: [36m[Function: closeTo][39m,
      schemaMatching: [36m[Function: schemaMatching][39m,
      toSatisfy: [36m[Function: value][39m,
      toBeOneOf: [36m[Function: value][39m
    },
    getState: [36m[Function (anonymous)][39m,
    setState: [36m[Function (anonymous)][39m,
    assert: [Function: assert] {
      fail: [36m[Function (anonymous)][39m,
      isOk: [36m[Function (anonymous)][39m,
      isNotOk: [36m[Function (anonymous)][39m,
      equal: [36m[Function (anonymous)][39m,
      notEqual: [36m[Function (anonymous)][39m,
      strictEqual: [36m[Function (anonymous)][39m,
      notStrictEqual: [36m[Function (anonymous)][39m,
      deepStrictEqual: [36m[Function (anonymous)][39m,
      deepEqual: [36m[Function (anonymous)][39m,
      notDeepEqual: [36m[Function (anonymous)][39m,
      isAbove: [36m[Function (anonymous)][39m,
      isAtLeast: [36m[Function (anonymous)][39m,
      isBelow: [36m[Function (anonymous)][39m,
      isAtMost: [36m[Function (anonymous)][39m,
      isTrue: [36m[Function (anonymous)][39m,
      isNotTrue: [36m[Function (anonymous)][39m,
      isFalse: [36m[Function (anonymous)][39m,
      isNotFalse: [36m[Function (anonymous)][39m,
      isNull: [36m[Function (anonymous)][39m,
      isNotNull: [36m[Function (anonymous)][39m,
      isNaN: [36m[Function (anonymous)][39m,
      isNotNaN: [36m[Function (anonymous)][39m,
      exists: [36m[Function (anonymous)][39m,
      notExists: [36m[Function (anonymous)][39m,
      isUndefined: [36m[Function (anonymous)][39m,
      isDefined: [36m[Function (anonymous)][39m,
      isCallable: [36m[Function (anonymous)][39m,
      isNotCallable: [36m[Function (anonymous)][39m,
      isObject: [36m[Function (anonymous)][39m,
      isNotObject: [36m[Function (anonymous)][39m,
      isArray: [36m[Function (anonymous)][39m,
      isNotArray: [36m[Function (anonymous)][39m,
      isString: [36m[Function (anonymous)][39m,
      isNotString: [36m[Function (anonymous)][39m,
      isNumber: [36m[Function (anonymous)][39m,
      isNotNumber: [36m[Function (anonymous)][39m,
      isNumeric: [36m[Function (anonymous)][39m,
      isNotNumeric: [36m[Function (anonymous)][39m,
      isFinite: [36m[Function (anonymous)][39m,
      isBoolean: [36m[Function (anonymous)][39m,
      isNotBoolean: [36m[Function (anonymous)][39m,
      typeOf: [36m[Function (anonymous)][39m,
      notTypeOf: [36m[Function (anonymous)][39m,
      instanceOf: [36m[Function (anonymous)][39m,
      notInstanceOf: [36m[Function (anonymous)][39m,
      include: [36m[Function (anonymous)][39m,
      notInclude: [36m[Function (anonymous)][39m,
      deepInclude: [36m[Function (anonymous)][39m,
      notDeepInclude: [36m[Function (anonymous)][39m,
      nestedInclude: [36m[Function (anonymous)][39m,
      notNestedInclude: [36m[Function (anonymous)][39m,
      deepNestedInclude: [36m[Function (anonymous)][39m,
      notDeepNestedInclude: [36m[Function (anonymous)][39m,
      ownInclude: [36m[Function (anonymous)][39m,
      notOwnInclude: [36m[Function (anonymous)][39m,
      deepOwnInclude: [36m[Function (anonymous)][39m,
      notDeepOwnInclude: [36m[Function (anonymous)][39m,
      match: [36m[Function (anonymous)][39m,
      notMatch: [36m[Function (anonymous)][39m,
      property: [36m[Function (anonymous)][39m,
      notProperty: [36m[Function (anonymous)][39m,
      propertyVal: [36m[Function (anonymous)][39m,
      notPropertyVal: [36m[Function (anonymous)][39m,
      deepPropertyVal: [36m[Function (anonymous)][39m,
      notDeepPropertyVal: [36m[Function (anonymous)][39m,
      ownProperty: [36m[Function (anonymous)][39m,
      notOwnProperty: [36m[Function (anonymous)][39m,
      ownPropertyVal: [36m[Function (anonymous)][39m,
      notOwnPropertyVal: [36m[Function (anonymous)][39m,
      deepOwnPropertyVal: [36m[Function (anonymous)][39m,
      notDeepOwnPropertyVal: [36m[Function (anonymous)][39m,
      nestedProperty: [36m[Function (anonymous)][39m,
      notNestedProperty: [36m[Function (anonymous)][39m,
      nestedPropertyVal: [36m[Function (anonymous)][39m,
      notNestedPropertyVal: [36m[Function (anonymous)][39m,
      deepNestedPropertyVal: [36m[Function (anonymous)][39m,
      notDeepNestedPropertyVal: [36m[Function (anonymous)][39m,
      lengthOf: [36m[Function (anonymous)][39m,
      hasAnyKeys: [36m[Function (anonymous)][39m,
      hasAllKeys: [36m[Function (anonymous)][39m,
      containsAllKeys: [36m[Function (anonymous)][39m,
      doesNotHaveAnyKeys: [36m[Function (anonymous)][39m,
      doesNotHaveAllKeys: [36m[Function (anonymous)][39m,
      hasAnyDeepKeys: [36m[Function (anonymous)][39m,
      hasAllDeepKeys: [36m[Function (anonymous)][39m,
      containsAllDeepKeys: [36m[Function (anonymous)][39m,
      doesNotHaveAnyDeepKeys: [36m[Function (anonymous)][39m,
      doesNotHaveAllDeepKeys: [36m[Function (anonymous)][39m,
      throws: [36m[Function (anonymous)][39m,
      doesNotThrow: [36m[Function (anonymous)][39m,
      operator: [36m[Function (anonymous)][39m,
      closeTo: [36m[Function (anonymous)][39m,
      approximately: [36m[Function (anonymous)][39m,
      sameMembers: [36m[Function (anonymous)][39m,
      notSameMembers: [36m[Function (anonymous)][39m,
      sameDeepMembers: [36m[Function (anonymous)][39m,
      notSameDeepMembers: [36m[Function (anonymous)][39m,
      sameOrderedMembers: [36m[Function (anonymous)][39m,
      notSameOrderedMembers: [36m[Function (anonymous)][39m,
      sameDeepOrderedMembers: [36m[Function (anonymous)][39m,
      notSameDeepOrderedMembers: [36m[Function (anonymous)][39m,
      includeMembers: [36m[Function (anonymous)][39m,
      notIncludeMembers: [36m[Function (anonymous)][39m,
      includeDeepMembers: [36m[Function (anonymous)][39m,
      notIncludeDeepMembers: [36m[Function (anonymous)][39m,
      includeOrderedMembers: [36m[Function (anonymous)][39m,
      notIncludeOrderedMembers: [36m[Function (anonymous)][39m,
      includeDeepOrderedMembers: [36m[Function (anonymous)][39m,
      notIncludeDeepOrderedMembers: [36m[Function (anonymous)][39m,
      oneOf: [36m[Function (anonymous)][39m,
      isIterable: [36m[Function (anonymous)][39m,
      changes: [36m[Function (anonymous)][39m,
      changesBy: [36m[Function (anonymous)][39m,
      doesNotChange: [36m[Function (anonymous)][39m,
      changesButNotBy: [36m[Function (anonymous)][39m,
      increases: [36m[Function (anonymous)][39m,
      increasesBy: [36m[Function (anonymous)][39m,
      doesNotIncrease: [36m[Function (anonymous)][39m,
      increasesButNotBy: [36m[Function (anonymous)][39m,
      decreases: [36m[Function (anonymous)][39m,
      decreasesBy: [36m[Function (anonymous)][39m,
      doesNotDecrease: [36m[Function (anonymous)][39m,
      doesNotDecreaseBy: [36m[Function (anonymous)][39m,
      decreasesButNotBy: [36m[Function (anonymous)][39m,
      ifError: [36m[Function (anonymous)][39m,
      isExtensible: [36m[Function (anonymous)][39m,
      isNotExtensible: [36m[Function (anonymous)][39m,
      isSealed: [36m[Function (anonymous)][39m,
      isNotSealed: [36m[Function (anonymous)][39m,
      isFrozen: [36m[Function (anonymous)][39m,
      isNotFrozen: [36m[Function (anonymous)][39m,
      isEmpty: [36m[Function (anonymous)][39m,
      isNotEmpty: [36m[Function (anonymous)][39m,
      containsSubset: [36m[Function (anonymous)][39m,
      doesNotContainSubset: [36m[Function (anonymous)][39m,
      ok: [36m[Function (anonymous)][39m,
      notOk: [36m[Function (anonymous)][39m,
      throw: [36m[Function (anonymous)][39m,
      Throw: [36m[Function (anonymous)][39m,
      extensible: [36m[Function (anonymous)][39m,
      notExtensible: [36m[Function (anonymous)][39m,
      sealed: [36m[Function (anonymous)][39m,
      notSealed: [36m[Function (anonymous)][39m,
      frozen: [36m[Function (anonymous)][39m,
      notFrozen: [36m[Function (anonymous)][39m,
      empty: [36m[Function (anonymous)][39m,
      notEmpty: [36m[Function (anonymous)][39m,
      isFunction: [36m[Function (anonymous)][39m,
      isNotFunction: [36m[Function (anonymous)][39m,
      containSubset: [36m[Function (anonymous)][39m
    },
    addEqualityTesters: [36m[Function (anonymous)][39m,
    soft: [36m[Function (anonymous)][39m,
    poll: [36m[Function: poll][39m,
    unreachable: [36m[Function (anonymous)][39m,
    assertions: [36m[Function: methodWrapper][39m,
    hasAssertions: [36m[Function: methodWrapper][39m,
    toSatisfy: [36m[Function: customMatcher][39m,
    toBeOneOf: [36m[Function: customMatcher][39m
  },
  assert: [Function: assert] {
    fail: [36m[Function (anonymous)][39m,
    isOk: [36m[Function (anonymous)][39m,
    isNotOk: [36m[Function (anonymous)][39m,
    equal: [36m[Function (anonymous)][39m,
    notEqual: [36m[Function (anonymous)][39m,
    strictEqual: [36m[Function (anonymous)][39m,
    notStrictEqual: [36m[Function (anonymous)][39m,
    deepStrictEqual: [36m[Function (anonymous)][39m,
    deepEqual: [36m[Function (anonymous)][39m,
    notDeepEqual: [36m[Function (anonymous)][39m,
    isAbove: [36m[Function (anonymous)][39m,
    isAtLeast: [36m[Function (anonymous)][39m,
    isBelow: [36m[Function (anonymous)][39m,
    isAtMost: [36m[Function (anonymous)][39m,
    isTrue: [36m[Function (anonymous)][39m,
    isNotTrue: [36m[Function (anonymous)][39m,
    isFalse: [36m[Function (anonymous)][39m,
    isNotFalse: [36m[Function (anonymous)][39m,
    isNull: [36m[Function (anonymous)][39m,
    isNotNull: [36m[Function (anonymous)][39m,
    isNaN: [36m[Function (anonymous)][39m,
    isNotNaN: [36m[Function (anonymous)][39m,
    exists: [36m[Function (anonymous)][39m,
    notExists: [36m[Function (anonymous)][39m,
    isUndefined: [36m[Function (anonymous)][39m,
    isDefined: [36m[Function (anonymous)][39m,
    isCallable: [36m[Function (anonymous)][39m,
    isNotCallable: [36m[Function (anonymous)][39m,
    isObject: [36m[Function (anonymous)][39m,
    isNotObject: [36m[Function (anonymous)][39m,
    isArray: [36m[Function (anonymous)][39m,
    isNotArray: [36m[Function (anonymous)][39m,
    isString: [36m[Function (anonymous)][39m,
    isNotString: [36m[Function (anonymous)][39m,
    isNumber: [36m[Function (anonymous)][39m,
    isNotNumber: [36m[Function (anonymous)][39m,
    isNumeric: [36m[Function (anonymous)][39m,
    isNotNumeric: [36m[Function (anonymous)][39m,
    isFinite: [36m[Function (anonymous)][39m,
    isBoolean: [36m[Function (anonymous)][39m,
    isNotBoolean: [36m[Function (anonymous)][39m,
    typeOf: [36m[Function (anonymous)][39m,
    notTypeOf: [36m[Function (anonymous)][39m,
    instanceOf: [36m[Function (anonymous)][39m,
    notInstanceOf: [36m[Function (anonymous)][39m,
    include: [36m[Function (anonymous)][39m,
    notInclude: [36m[Function (anonymous)][39m,
    deepInclude: [36m[Function (anonymous)][39m,
    notDeepInclude: [36m[Function (anonymous)][39m,
    nestedInclude: [36m[Function (anonymous)][39m,
    notNestedInclude: [36m[Function (anonymous)][39m,
    deepNestedInclude: [36m[Function (anonymous)][39m,
    notDeepNestedInclude: [36m[Function (anonymous)][39m,
    ownInclude: [36m[Function (anonymous)][39m,
    notOwnInclude: [36m[Function (anonymous)][39m,
    deepOwnInclude: [36m[Function (anonymous)][39m,
    notDeepOwnInclude: [36m[Function (anonymous)][39m,
    match: [36m[Function (anonymous)][39m,
    notMatch: [36m[Function (anonymous)][39m,
    property: [36m[Function (anonymous)][39m,
    notProperty: [36m[Function (anonymous)][39m,
    propertyVal: [36m[Function (anonymous)][39m,
    notPropertyVal: [36m[Function (anonymous)][39m,
    deepPropertyVal: [36m[Function (anonymous)][39m,
    notDeepPropertyVal: [36m[Function (anonymous)][39m,
    ownProperty: [36m[Function (anonymous)][39m,
    notOwnProperty: [36m[Function (anonymous)][39m,
    ownPropertyVal: [36m[Function (anonymous)][39m,
    notOwnPropertyVal: [36m[Function (anonymous)][39m,
    deepOwnPropertyVal: [36m[Function (anonymous)][39m,
    notDeepOwnPropertyVal: [36m[Function (anonymous)][39m,
    nestedProperty: [36m[Function (anonymous)][39m,
    notNestedProperty: [36m[Function (anonymous)][39m,
    nestedPropertyVal: [36m[Function (anonymous)][39m,
    notNestedPropertyVal: [36m[Function (anonymous)][39m,
    deepNestedPropertyVal: [36m[Function (anonymous)][39m,
    notDeepNestedPropertyVal: [36m[Function (anonymous)][39m,
    lengthOf: [36m[Function (anonymous)][39m,
    hasAnyKeys: [36m[Function (anonymous)][39m,
    hasAllKeys: [36m[Function (anonymous)][39m,
    containsAllKeys: [36m[Function (anonymous)][39m,
    doesNotHaveAnyKeys: [36m[Function (anonymous)][39m,
    doesNotHaveAllKeys: [36m[Function (anonymous)][39m,
    hasAnyDeepKeys: [36m[Function (anonymous)][39m,
    hasAllDeepKeys: [36m[Function (anonymous)][39m,
    containsAllDeepKeys: [36m[Function (anonymous)][39m,
    doesNotHaveAnyDeepKeys: [36m[Function (anonymous)][39m,
    doesNotHaveAllDeepKeys: [36m[Function (anonymous)][39m,
    throws: [36m[Function (anonymous)][39m,
    doesNotThrow: [36m[Function (anonymous)][39m,
    operator: [36m[Function (anonymous)][39m,
    closeTo: [36m[Function (anonymous)][39m,
    approximately: [36m[Function (anonymous)][39m,
    sameMembers: [36m[Function (anonymous)][39m,
    notSameMembers: [36m[Function (anonymous)][39m,
    sameDeepMembers: [36m[Function (anonymous)][39m,
    notSameDeepMembers: [36m[Function (anonymous)][39m,
    sameOrderedMembers: [36m[Function (anonymous)][39m,
    notSameOrderedMembers: [36m[Function (anonymous)][39m,
    sameDeepOrderedMembers: [36m[Function (anonymous)][39m,
    notSameDeepOrderedMembers: [36m[Function (anonymous)][39m,
    includeMembers: [36m[Function (anonymous)][39m,
    notIncludeMembers: [36m[Function (anonymous)][39m,
    includeDeepMembers: [36m[Function (anonymous)][39m,
    notIncludeDeepMembers: [36m[Function (anonymous)][39m,
    includeOrderedMembers: [36m[Function (anonymous)][39m,
    notIncludeOrderedMembers: [36m[Function (anonymous)][39m,
    includeDeepOrderedMembers: [36m[Function (anonymous)][39m,
    notIncludeDeepOrderedMembers: [36m[Function (anonymous)][39m,
    oneOf: [36m[Function (anonymous)][39m,
    isIterable: [36m[Function (anonymous)][39m,
    changes: [36m[Function (anonymous)][39m,
    changesBy: [36m[Function (anonymous)][39m,
    doesNotChange: [36m[Function (anonymous)][39m,
    changesButNotBy: [36m[Function (anonymous)][39m,
    increases: [36m[Function (anonymous)][39m,
    increasesBy: [36m[Function (anonymous)][39m,
    doesNotIncrease: [36m[Function (anonymous)][39m,
    increasesButNotBy: [36m[Function (anonymous)][39m,
    decreases: [36m[Function (anonymous)][39m,
    decreasesBy: [36m[Function (anonymous)][39m,
    doesNotDecrease: [36m[Function (anonymous)][39m,
    doesNotDecreaseBy: [36m[Function (anonymous)][39m,
    decreasesButNotBy: [36m[Function (anonymous)][39m,
    ifError: [36m[Function (anonymous)][39m,
    isExtensible: [36m[Function (anonymous)][39m,
    isNotExtensible: [36m[Function (anonymous)][39m,
    isSealed: [36m[Function (anonymous)][39m,
    isNotSealed: [36m[Function (anonymous)][39m,
    isFrozen: [36m[Function (anonymous)][39m,
    isNotFrozen: [36m[Function (anonymous)][39m,
    isEmpty: [36m[Function (anonymous)][39m,
    isNotEmpty: [36m[Function (anonymous)][39m,
    containsSubset: [36m[Function (anonymous)][39m,
    doesNotContainSubset: [36m[Function (anonymous)][39m,
    ok: [36m[Function (anonymous)][39m,
    notOk: [36m[Function (anonymous)][39m,
    throw: [36m[Function (anonymous)][39m,
    Throw: [36m[Function (anonymous)][39m,
    extensible: [36m[Function (anonymous)][39m,
    notExtensible: [36m[Function (anonymous)][39m,
    sealed: [36m[Function (anonymous)][39m,
    notSealed: [36m[Function (anonymous)][39m,
    frozen: [36m[Function (anonymous)][39m,
    notFrozen: [36m[Function (anonymous)][39m,
    empty: [36m[Function (anonymous)][39m,
    notEmpty: [36m[Function (anonymous)][39m,
    isFunction: [36m[Function (anonymous)][39m,
    isNotFunction: [36m[Function (anonymous)][39m,
    containSubset: [36m[Function (anonymous)][39m
  },
  expectTypeOf: [36m[Function: expectTypeOf][39m,
  assertType: [36m[Function: assertType][39m,
  vitest: {
    useFakeTimers: [36m[Function: useFakeTimers][39m,
    isFakeTimers: [36m[Function: isFakeTimers][39m,
    useRealTimers: [36m[Function: useRealTimers][39m,
    runOnlyPendingTimers: [36m[Function: runOnlyPendingTimers][39m,
    runOnlyPendingTimersAsync: [36m[AsyncFunction: runOnlyPendingTimersAsync][39m,
    runAllTimers: [36m[Function: runAllTimers][39m,
    runAllTimersAsync: [36m[AsyncFunction: runAllTimersAsync][39m,
    runAllTicks: [36m[Function: runAllTicks][39m,
    advanceTimersByTime: [36m[Function: advanceTimersByTime][39m,
    advanceTimersByTimeAsync: [36m[AsyncFunction: advanceTimersByTimeAsync][39m,
    advanceTimersToNextTimer: [36m[Function: advanceTimersToNextTimer][39m,
    advanceTimersToNextTimerAsync: [36m[AsyncFunction: advanceTimersToNextTimerAsync][39m,
    advanceTimersToNextFrame: [36m[Function: advanceTimersToNextFrame][39m,
    getTimerCount: [36m[Function: getTimerCount][39m,
    setSystemTime: [36m[Function: setSystemTime][39m,
    getMockedSystemTime: [36m[Function: getMockedSystemTime][39m,
    getRealSystemTime: [36m[Function: getRealSystemTime][39m,
    clearAllTimers: [36m[Function: clearAllTimers][39m,
    spyOn: [36m[Function: spyOn][39m,
    fn: [36m[Function: fn][39m,
    waitFor: [36m[Function: waitFor][39m,
    waitUntil: [36m[Function: waitUntil][39m,
    hoisted: [36m[Function: hoisted][39m,
    mock: [36m[Function: mock][39m,
    unmock: [36m[Function: unmock][39m,
    doMock: [36m[Function: doMock][39m,
    doUnmock: [36m[Function: doUnmock][39m,
    importActual: [36m[AsyncFunction: importActual][39m,
    importMock: [36m[AsyncFunction: importMock][39m,
    mockObject: [36m[Function: mockObject][39m,
    mocked: [36m[Function: mocked][39m,
    isMockFunction: [36m[Function: isMockFunction][39m,
    clearAllMocks: [36m[Function: clearAllMocks][39m,
    resetAllMocks: [36m[Function: resetAllMocks][39m,
    restoreAllMocks: [36m[Function: restoreAllMocks][39m,
    stubGlobal: [36m[Function: stubGlobal][39m,
    stubEnv: [36m[Function: stubEnv][39m,
    unstubAllGlobals: [36m[Function: unstubAllGlobals][39m,
    unstubAllEnvs: [36m[Function: unstubAllEnvs][39m,
    resetModules: [36m[Function: resetModules][39m,
    dynamicImportSettled: [36m[AsyncFunction: dynamicImportSettled][39m,
    setConfig: [36m[Function: setConfig][39m,
    resetConfig: [36m[Function: resetConfig][39m
  },
  vi: {
    useFakeTimers: [36m[Function: useFakeTimers][39m,
    isFakeTimers: [36m[Function: isFakeTimers][39m,
    useRealTimers: [36m[Function: useRealTimers][39m,
    runOnlyPendingTimers: [36m[Function: runOnlyPendingTimers][39m,
    runOnlyPendingTimersAsync: [36m[AsyncFunction: runOnlyPendingTimersAsync][39m,
    runAllTimers: [36m[Function: runAllTimers][39m,
    runAllTimersAsync: [36m[AsyncFunction: runAllTimersAsync][39m,
    runAllTicks: [36m[Function: runAllTicks][39m,
    advanceTimersByTime: [36m[Function: advanceTimersByTime][39m,
    advanceTimersByTimeAsync: [36m[AsyncFunction: advanceTimersByTimeAsync][39m,
    advanceTimersToNextTimer: [36m[Function: advanceTimersToNextTimer][39m,
    advanceTimersToNextTimerAsync: [36m[AsyncFunction: advanceTimersToNextTimerAsync][39m,
    advanceTimersToNextFrame: [36m[Function: advanceTimersToNextFrame][39m,
    getTimerCount: [36m[Function: getTimerCount][39m,
    setSystemTime: [36m[Function: setSystemTime][39m,
    getMockedSystemTime: [36m[Function: getMockedSystemTime][39m,
    getRealSystemTime: [36m[Function: getRealSystemTime][39m,
    clearAllTimers: [36m[Function: clearAllTimers][39m,
    spyOn: [36m[Function: spyOn][39m,
    fn: [36m[Function: fn][39m,
    waitFor: [36m[Function: waitFor][39m,
    waitUntil: [36m[Function: waitUntil][39m,
    hoisted: [36m[Function: hoisted][39m,
    mock: [36m[Function: mock][39m,
    unmock: [36m[Function: unmock][39m,
    doMock: [36m[Function: doMock][39m,
    doUnmock: [36m[Function: doUnmock][39m,
    importActual: [36m[AsyncFunction: importActual][39m,
    importMock: [36m[AsyncFunction: importMock][39m,
    mockObject: [36m[Function: mockObject][39m,
    mocked: [36m[Function: mocked][39m,
    isMockFunction: [36m[Function: isMockFunction][39m,
    clearAllMocks: [36m[Function: clearAllMocks][39m,
    resetAllMocks: [36m[Function: resetAllMocks][39m,
    restoreAllMocks: [36m[Function: restoreAllMocks][39m,
    stubGlobal: [36m[Function: stubGlobal][39m,
    stubEnv: [36m[Function: stubEnv][39m,
    unstubAllGlobals: [36m[Function: unstubAllGlobals][39m,
    unstubAllEnvs: [36m[Function: unstubAllEnvs][39m,
    resetModules: [36m[Function: resetModules][39m,
    dynamicImportSettled: [36m[AsyncFunction: dynamicImportSettled][39m,
    setConfig: [36m[Function: setConfig][39m,
    resetConfig: [36m[Function: resetConfig][39m
  },
  beforeAll: [36m[Function: beforeAll][39m,
  afterAll: [36m[Function: afterAll][39m,
  beforeEach: [36m[Function: beforeEach][39m,
  afterEach: [36m[Function: afterEach][39m,
  onTestFinished: [36m[Function (anonymous)][39m,
  onTestFailed: [36m[Function (anonymous)][39m,
  __vitest_required__: {
    util: {
      _errnoException: [36m[Function: _errnoException][39m,
      _exceptionWithHostPort: [36m[Function: _exceptionWithHostPort][39m,
      _extend: [36m[Function: deprecated][39m,
      callbackify: [36m[Function: callbackify][39m,
      debug: [36m[Function: debuglog][39m,
      debuglog: [36m[Function: debuglog][39m,
      deprecate: [36m[Function: deprecate][39m,
      format: [36m[Function: format][39m,
      styleText: [36m[Function: styleText][39m,
      formatWithOptions: [36m[Function: formatWithOptions][39m,
      getCallSite: [36m[Function: deprecated][39m,
      getCallSites: [36m[Function: getCallSites][39m,
      getSystemErrorMap: [36m[Function: getSystemErrorMap][39m,
      getSystemErrorName: [36m[Function: getSystemErrorName][39m,
      getSystemErrorMessage: [36m[Function: getSystemErrorMessage][39m,
      inherits: [36m[Function: inherits][39m,
      inspect: [36m[Function][39m,
      isArray: [36m[Function: deprecated][39m,
      isBoolean: [36m[Function: deprecated][39m,
      isBuffer: [36m[Function: deprecated][39m,
      isDeepStrictEqual: [36m[Function: isDeepStrictEqual][39m,
      isNull: [36m[Function: deprecated][39m,
      isNullOrUndefined: [36m[Function: deprecated][39m,
      isNumber: [36m[Function: deprecated][39m,
      isString: [36m[Function: deprecated][39m,
      isSymbol: [36m[Function: deprecated][39m,
      isUndefined: [36m[Function: deprecated][39m,
      isRegExp: [36m[Function: deprecated][39m,
      isObject: [36m[Function: deprecated][39m,
      isDate: [36m[Function: deprecated][39m,
      isError: [36m[Function: deprecated][39m,
      isFunction: [36m[Function: deprecated][39m,
      isPrimitive: [36m[Function: deprecated][39m,
      log: [36m[Function: deprecated][39m,
      promisify: [36m[Function][39m,
      stripVTControlCharacters: [36m[Function: stripVTControlCharacters][39m,
      toUSVString: [36m[Function: toUSVString][39m,
      transferableAbortSignal: [36m[Getter][39m,
      transferableAbortController: [36m[Getter][39m,
      aborted: [36m[Getter][39m,
      types: [36m[Object][39m,
      parseEnv: [36m[Function: parseEnv][39m,
      parseArgs: [36m[Function: parseArgs][39m,
      TextDecoder: [36m[class TextDecoder][39m,
      TextEncoder: [36m[class TextEncoder][39m,
      MIMEType: [36m[class MIMEType][39m,
      MIMEParams: [36m[class MIMEParams][39m,
      diff: [36m[Function: diff][39m,
      setTraceSigInt: [36m[Function: setTraceSigInt][39m
    },
    timers: {
      setTimeout: [36m[Function][39m,
      clearTimeout: [36m[Function: clearTimeout][39m,
      setImmediate: [36m[Function][39m,
      clearImmediate: [36m[Function: clearImmediate][39m,
      setInterval: [36m[Function: setInterval][39m,
      clearInterval: [36m[Function: clearInterval][39m,
      _unrefActive: [36m[Function: deprecated][39m,
      active: [36m[Function: deprecated][39m,
      unenroll: [36m[Function: deprecated][39m,
      enroll: [36m[Function: deprecated][39m,
      promises: [36m[Getter][39m
    },
    timersPromises: {
      setTimeout: [36m[Function: setTimeout][39m,
      setImmediate: [36m[Function: setImmediate][39m,
      setInterval: [36m[AsyncGeneratorFunction: setInterval][39m,
      scheduler: [36m[Scheduler][39m
    }
  },
  ch: [33m107[39m,
  ResizeObserver: [36m[class ResizeObserverMock][39m,
  [[32mSymbol(vitest:SAFE_TIMERS)[39m]: {
    nextTick: [36m[Function: nextTick][39m,
    setTimeout: [Function: setTimeout] {
      [[32mSymbol(nodejs.util.promisify.custom)[39m]: [36m[Getter][39m
    },
    setInterval: [36m[Function: setInterval][39m,
    clearInterval: [36m[Function: clearInterval][39m,
    clearTimeout: [36m[Function: clearTimeout][39m,
    setImmediate: [Function: setImmediate] {
      [[32mSymbol(nodejs.util.promisify.custom)[39m]: [36m[Getter][39m
    },
    clearImmediate: [36m[Function: clearImmediate][39m,
    queueMicrotask: [36m[Function: queueMicrotask][39m
  }
}

 [32mΓ£ô[39m src/components/__tests__/theme-switcher.test.ts[2m > [22mThemeSwitcher[2m > [22mTheme Selection[2m > [22mshould emit theme-changed event on selection[32m 121[2mms[22m[39m
 [32mΓ£ô[39m src/components/__tests__/image-upload-display.test.ts[2m > [22mImageUploadDisplay[2m > [22mcoordinate clamping branch coverage[2m > [22mshould handle average color region clamping at edges[32m 6[2mms[22m[39m
 [32mΓ£ô[39m src/components/__tests__/image-upload-display.test.ts[2m > [22mImageUploadDisplay[2m > [22mfile input event branch coverage[2m > [22mshould handle change event with null files property[32m 4[2mms[22m[39m
 [32mΓ£ô[39m src/components/__tests__/image-upload-display.test.ts[2m > [22mImageUploadDisplay[2m > [22mfile input event branch coverage[2m > [22mshould handle camera input change event[32m 8[2mms[22m[39m
 [32mΓ£ô[39m src/components/__tests__/image-upload-display.test.ts[2m > [22mImageUploadDisplay[2m > [22mfile input event branch coverage[2m > [22mshould handle camera input with null files[32m 6[2mms[22m[39m
 [32mΓ£ô[39m src/components/__tests__/image-upload-display.test.ts[2m > [22mImageUploadDisplay[2m > [22mgetState branch coverage[2m > [22mshould return image dimensions when image is uploaded[32m 7[2mms[22m[39m
 [32mΓ£ô[39m src/components/__tests__/accessibility-checker-tool.test.ts[2m > [22mAccessibilityCheckerTool Component[2m > [22mrenderOverallAccessibilityScore rendering[2m > [22mshould render score value[32m 6[2mms[22m[39m
 [32mΓ£ô[39m src/components/__tests__/accessibility-checker-tool.test.ts[2m > [22mAccessibilityCheckerTool Component[2m > [22mrenderOverallAccessibilityScore rendering[2m > [22mshould render excellent label for high score[32m 5[2mms[22m[39m
 [32mΓ£ô[39m src/components/__tests__/accessibility-checker-tool.test.ts[2m > [22mAccessibilityCheckerTool Component[2m > [22mrenderOverallAccessibilityScore rendering[2m > [22mshould render fair label for medium score[32m 5[2mms[22m[39m
 [32mΓ£ô[39m src/components/__tests__/accessibility-checker-tool.test.ts[2m > [22mAccessibilityCheckerTool Component[2m > [22mrenderOverallAccessibilityScore rendering[2m > [22mshould render poor label for low score[32m 5[2mms[22m[39m
 [32mΓ£ô[39m src/components/__tests__/accessibility-checker-tool.test.ts[2m > [22mAccessibilityCheckerTool Component[2m > [22mrenderOverallAccessibilityScore rendering[2m > [22mshould render progress bar[32m 7[2mms[22m[39m
 [32mΓ£ô[39m src/components/__tests__/accessibility-checker-tool.test.ts[2m > [22mAccessibilityCheckerTool Component[2m > [22manalyzeDye warning generation[2m > [22mshould generate red-green warning for similar deuteranopia/protanopia colors[32m 10[2mms[22m[39m
 [32mΓ£ô[39m src/components/__tests__/accessibility-checker-tool.test.ts[2m > [22mAccessibilityCheckerTool Component[2m > [22manalyzeDye warning generation[2m > [22mshould check tritanopia distinguishability[32m 6[2mms[22m[39m
 [32mΓ£ô[39m src/components/__tests__/accessibility-checker-tool.test.ts[2m > [22mAccessibilityCheckerTool Component[2m > [22manalyzeDye warning generation[2m > [22mshould check achromatopsia distinguishability[32m 5[2mms[22m[39m
 [32mΓ£ô[39m src/components/__tests__/accessibility-checker-tool.test.ts[2m > [22mAccessibilityCheckerTool Component[2m > [22manalyzePair warning generation[2m > [22mshould warn for very similar colors (distinguishability < 20)[32m 7[2mms[22m[39m
 [32mΓ£ô[39m src/components/__tests__/accessibility-checker-tool.test.ts[2m > [22mAccessibilityCheckerTool Component[2m > [22manalyzePair warning generation[2m > [22mshould warn for somewhat similar colors (distinguishability < 40)[32m 8[2mms[22m[39m
 [32mΓ£ô[39m src/components/__tests__/accessibility-checker-tool.test.ts[2m > [22mAccessibilityCheckerTool Component[2m > [22manalyzePair warning generation[2m > [22mshould not warn for very different colors[32m 21[2mms[22m[39m
 [32mΓ£ô[39m src/components/__tests__/accessibility-checker-tool.test.ts[2m > [22mAccessibilityCheckerTool Component[2m > [22mcalculateOverallAccessibilityScore edge cases[2m > [22mshould apply penalties for indistinguishable dye pairs[32m 4[2mms[22m[39m
 [32mΓ£ô[39m src/components/__tests__/accessibility-checker-tool.test.ts[2m > [22mAccessibilityCheckerTool Component[2m > [22mcalculateOverallAccessibilityScore edge cases[2m > [22mshould check all vision types for pair comparisons[32m 5[2mms[22m[39m
 [32mΓ£ô[39m src/components/__tests__/accessibility-checker-tool.test.ts[2m > [22mAccessibilityCheckerTool Component[2m > [22mcalculateOverallAccessibilityScore edge cases[2m > [22mshould clamp score to minimum of 0[32m 6[2mms[22m[39m
[90mstderr[2m | src/services/__tests__/api-service-wrapper.test.ts[2m > [22m[2mAPIService Wrapper[2m > 
[22m[2mgetPriceData[2m > [22m[2mshould accept itemID parameter
[22m[39mFailed to fetch price data: AppError: Failed to fetch price data for item 99999999: HTTP 404: Not Found
    at APIService.fetchPriceData [90m(file:///C:/Users/DrawF/OneDrive/Projects/CodingProjects/XIVProjects/xivdye
tools-web-app/[39mnode_modules/[4mxivdyetools-core[24m/dist/services/APIService.js:225:19[90m)[39m
[90m    at processTicksAndRejections (node:internal/process/task_queues:105:5)[39m
    at APIService.getPriceData [90m(file:///C:/Users/DrawF/OneDrive/Projects/CodingProjects/XIVProjects/xivdyeto
ols-web-app/[39mnode_modules/[4mxivdyetools-core[24m/dist/services/APIService.js:200:20[90m)[39m
    at C:/Users/DrawF/OneDrive/Projects/CodingProjects/XIVProjects/xivdyetools-web-app/src/services/__tests__/api
-service-wrapper.test.ts:97:22
    at [90mfile:///C:/Users/DrawF/OneDrive/Projects/CodingProjects/XIVProjects/xivdyetools-web-app/[39mnode_mod
ules/[4m@vitest/runner[24m/dist/index.js:912:20 {
  code: [32m'API_CALL_FAILED'[39m,
  severity: [32m'warning'[39m
}

[90mstderr[2m | src/components/__tests__/tutorial-spotlight.test.ts[2m > [22m[2mTutorialSpotlight[2m > 
[22m[2mButton Actions[2m > [22m[2mshould call TutorialService.previous when Previous clicked
[22m[39mBaseComponent.on: Target is not HTMLElement, Document, or Window [36m<ref *1>[39m Object [global] {
  global: [36m[Circular *1][39m,
  clearImmediate: [Function: clearImmediate] {
    hadOwnProperty: [33mtrue[39m,
    clock: {
      now: [33m1764681223336[39m,
      Date: [36m[Function][39m,
      loopLimit: [33m10000[39m,
      Intl: [36m[Object][39m,
      requestIdleCallback: [36m[Function: requestIdleCallback][39m,
      cancelIdleCallback: [36m[Function: cancelIdleCallback][39m,
      setTimeout: [36m[Function][39m,
      clearTimeout: [36m[Function][39m,
      nextTick: [36m[Function: nextTick][39m,
      queueMicrotask: [36m[Function: queueMicrotask][39m,
      setInterval: [36m[Function][39m,
      clearInterval: [36m[Function][39m,
      setImmediate: [36m[Function][39m,
      clearImmediate: [36m[Function][39m,
      countTimers: [36m[Function: countTimers][39m,
      requestAnimationFrame: [36m[Function][39m,
      cancelAnimationFrame: [36m[Function][39m,
      runMicrotasks: [36m[Function: runMicrotasks][39m,
      tick: [36m[Function: tick][39m,
      tickAsync: [36m[Function: tickAsync][39m,
      next: [36m[Function: next][39m,
      nextAsync: [36m[Function: nextAsync][39m,
      runAll: [36m[Function: runAll][39m,
      runToFrame: [36m[Function: runToFrame][39m,
      runAllAsync: [36m[Function: runAllAsync][39m,
      runToLast: [36m[Function: runToLast][39m,
      runToLastAsync: [36m[Function: runToLastAsync][39m,
      reset: [36m[Function: reset][39m,
      setSystemTime: [36m[Function: setSystemTime][39m,
      jump: [36m[Function: jump][39m,
      performance: [36m[Object: null prototype][39m,
      hrtime: [36m[Function][39m,
      shouldClearNativeTimers: [33mtrue[39m,
      uninstall: [36m[Function (anonymous)][39m,
      abortListenerMap: Map(0) {},
      methods: [36m[Array][39m,
      _setTimeout: [36m[Function][39m,
      _clearTimeout: [36m[Function: clearTimeout][39m,
      _setInterval: [36m[Function: setInterval][39m,
      _clearInterval: [36m[Function: clearInterval][39m,
      _Date: [36m[Function: Date][39m,
      _setImmediate: [36m[Function][39m,
      _clearImmediate: [36m[Function: clearImmediate][39m,
      _hrtime: [36m[Function][39m,
      _performance: [36m[Performance][39m,
      _requestAnimationFrame: [36m[Function: bound ][39m,
      _cancelAnimationFrame: [36m[Function: bound ][39m,
      _Intl: Object [Intl] {}
    }
  },
  setImmediate: [Function: setImmediate] {
    hadOwnProperty: [33mtrue[39m,
    clock: {
      now: [33m1764681223336[39m,
      Date: [36m[Function][39m,
      loopLimit: [33m10000[39m,
      Intl: [36m[Object][39m,
      requestIdleCallback: [36m[Function: requestIdleCallback][39m,
      cancelIdleCallback: [36m[Function: cancelIdleCallback][39m,
      setTimeout: [36m[Function][39m,
      clearTimeout: [36m[Function][39m,
      nextTick: [36m[Function: nextTick][39m,
      queueMicrotask: [36m[Function: queueMicrotask][39m,
      setInterval: [36m[Function][39m,
      clearInterval: [36m[Function][39m,
      setImmediate: [36m[Function][39m,
      clearImmediate: [36m[Function][39m,
      countTimers: [36m[Function: countTimers][39m,
      requestAnimationFrame: [36m[Function][39m,
      cancelAnimationFrame: [36m[Function][39m,
      runMicrotasks: [36m[Function: runMicrotasks][39m,
      tick: [36m[Function: tick][39m,
      tickAsync: [36m[Function: tickAsync][39m,
      next: [36m[Function: next][39m,
      nextAsync: [36m[Function: nextAsync][39m,
      runAll: [36m[Function: runAll][39m,
      runToFrame: [36m[Function: runToFrame][39m,
      runAllAsync: [36m[Function: runAllAsync][39m,
      runToLast: [36m[Function: runToLast][39m,
      runToLastAsync: [36m[Function: runToLastAsync][39m,
      reset: [36m[Function: reset][39m,
      setSystemTime: [36m[Function: setSystemTime][39m,
      jump: [36m[Function: jump][39m,
      performance: [36m[Object: null prototype][39m,
      hrtime: [36m[Function][39m,
      shouldClearNativeTimers: [33mtrue[39m,
      uninstall: [36m[Function (anonymous)][39m,
      abortListenerMap: Map(0) {},
      methods: [36m[Array][39m,
      _setTimeout: [36m[Function][39m,
      _clearTimeout: [36m[Function: clearTimeout][39m,
      _setInterval: [36m[Function: setInterval][39m,
      _clearInterval: [36m[Function: clearInterval][39m,
      _Date: [36m[Function: Date][39m,
      _setImmediate: [36m[Function][39m,
      _clearImmediate: [36m[Function: clearImmediate][39m,
      _hrtime: [36m[Function][39m,
      _performance: [36m[Performance][39m,
      _requestAnimationFrame: [36m[Function: bound ][39m,
      _cancelAnimationFrame: [36m[Function: bound ][39m,
      _Intl: Object [Intl] {}
    },
    [[32mSymbol(nodejs.util.promisify.custom)[39m]: [36m[Function: promisifiedSetImmediate][39m
  },
  clearInterval: [Function: clearInterval] {
    hadOwnProperty: [33mtrue[39m,
    clock: {
      now: [33m1764681223336[39m,
      Date: [36m[Function][39m,
      loopLimit: [33m10000[39m,
      Intl: [36m[Object][39m,
      requestIdleCallback: [36m[Function: requestIdleCallback][39m,
      cancelIdleCallback: [36m[Function: cancelIdleCallback][39m,
      setTimeout: [36m[Function][39m,
      clearTimeout: [36m[Function][39m,
      nextTick: [36m[Function: nextTick][39m,
      queueMicrotask: [36m[Function: queueMicrotask][39m,
      setInterval: [36m[Function][39m,
      clearInterval: [36m[Function][39m,
      setImmediate: [36m[Function][39m,
      clearImmediate: [36m[Function][39m,
      countTimers: [36m[Function: countTimers][39m,
      requestAnimationFrame: [36m[Function][39m,
      cancelAnimationFrame: [36m[Function][39m,
      runMicrotasks: [36m[Function: runMicrotasks][39m,
      tick: [36m[Function: tick][39m,
      tickAsync: [36m[Function: tickAsync][39m,
      next: [36m[Function: next][39m,
      nextAsync: [36m[Function: nextAsync][39m,
      runAll: [36m[Function: runAll][39m,
      runToFrame: [36m[Function: runToFrame][39m,
      runAllAsync: [36m[Function: runAllAsync][39m,
      runToLast: [36m[Function: runToLast][39m,
      runToLastAsync: [36m[Function: runToLastAsync][39m,
      reset: [36m[Function: reset][39m,
      setSystemTime: [36m[Function: setSystemTime][39m,
      jump: [36m[Function: jump][39m,
      performance: [36m[Object: null prototype][39m,
      hrtime: [36m[Function][39m,
      shouldClearNativeTimers: [33mtrue[39m,
      uninstall: [36m[Function (anonymous)][39m,
      abortListenerMap: Map(0) {},
      methods: [36m[Array][39m,
      _setTimeout: [36m[Function][39m,
      _clearTimeout: [36m[Function: clearTimeout][39m,
      _setInterval: [36m[Function: setInterval][39m,
      _clearInterval: [36m[Function: clearInterval][39m,
      _Date: [36m[Function: Date][39m,
      _setImmediate: [36m[Function][39m,
      _clearImmediate: [36m[Function: clearImmediate][39m,
      _hrtime: [36m[Function][39m,
      _performance: [36m[Performance][39m,
      _requestAnimationFrame: [36m[Function: bound ][39m,
      _cancelAnimationFrame: [36m[Function: bound ][39m,
      _Intl: Object [Intl] {}
    }
  },
  clearTimeout: [Function: clearTimeout] {
    hadOwnProperty: [33mtrue[39m,
    clock: {
      now: [33m1764681223336[39m,
      Date: [36m[Function][39m,
      loopLimit: [33m10000[39m,
      Intl: [36m[Object][39m,
      requestIdleCallback: [36m[Function: requestIdleCallback][39m,
      cancelIdleCallback: [36m[Function: cancelIdleCallback][39m,
      setTimeout: [36m[Function][39m,
      clearTimeout: [36m[Function][39m,
      nextTick: [36m[Function: nextTick][39m,
      queueMicrotask: [36m[Function: queueMicrotask][39m,
      setInterval: [36m[Function][39m,
      clearInterval: [36m[Function][39m,
      setImmediate: [36m[Function][39m,
      clearImmediate: [36m[Function][39m,
      countTimers: [36m[Function: countTimers][39m,
      requestAnimationFrame: [36m[Function][39m,
      cancelAnimationFrame: [36m[Function][39m,
      runMicrotasks: [36m[Function: runMicrotasks][39m,
      tick: [36m[Function: tick][39m,
      tickAsync: [36m[Function: tickAsync][39m,
      next: [36m[Function: next][39m,
      nextAsync: [36m[Function: nextAsync][39m,
      runAll: [36m[Function: runAll][39m,
      runToFrame: [36m[Function: runToFrame][39m,
      runAllAsync: [36m[Function: runAllAsync][39m,
      runToLast: [36m[Function: runToLast][39m,
      runToLastAsync: [36m[Function: runToLastAsync][39m,
      reset: [36m[Function: reset][39m,
      setSystemTime: [36m[Function: setSystemTime][39m,
      jump: [36m[Function: jump][39m,
      performance: [36m[Object: null prototype][39m,
      hrtime: [36m[Function][39m,
      shouldClearNativeTimers: [33mtrue[39m,
      uninstall: [36m[Function (anonymous)][39m,
      abortListenerMap: Map(0) {},
      methods: [36m[Array][39m,
      _setTimeout: [36m[Function][39m,
      _clearTimeout: [36m[Function: clearTimeout][39m,
      _setInterval: [36m[Function: setInterval][39m,
      _clearInterval: [36m[Function: clearInterval][39m,
      _Date: [36m[Function: Date][39m,
      _setImmediate: [36m[Function][39m,
      _clearImmediate: [36m[Function: clearImmediate][39m,
      _hrtime: [36m[Function][39m,
      _performance: [36m[Performance][39m,
      _requestAnimationFrame: [36m[Function: bound ][39m,
      _cancelAnimationFrame: [36m[Function: bound ][39m,
      _Intl: Object [Intl] {}
    }
  },
  setInterval: [Function: setInterval] {
    hadOwnProperty: [33mtrue[39m,
    clock: {
      now: [33m1764681223336[39m,
      Date: [36m[Function][39m,
      loopLimit: [33m10000[39m,
      Intl: [36m[Object][39m,
      requestIdleCallback: [36m[Function: requestIdleCallback][39m,
      cancelIdleCallback: [36m[Function: cancelIdleCallback][39m,
      setTimeout: [36m[Function][39m,
      clearTimeout: [36m[Function][39m,
      nextTick: [36m[Function: nextTick][39m,
      queueMicrotask: [36m[Function: queueMicrotask][39m,
      setInterval: [36m[Function][39m,
      clearInterval: [36m[Function][39m,
      setImmediate: [36m[Function][39m,
      clearImmediate: [36m[Function][39m,
      countTimers: [36m[Function: countTimers][39m,
      requestAnimationFrame: [36m[Function][39m,
      cancelAnimationFrame: [36m[Function][39m,
      runMicrotasks: [36m[Function: runMicrotasks][39m,
      tick: [36m[Function: tick][39m,
      tickAsync: [36m[Function: tickAsync][39m,
      next: [36m[Function: next][39m,
      nextAsync: [36m[Function: nextAsync][39m,
      runAll: [36m[Function: runAll][39m,
      runToFrame: [36m[Function: runToFrame][39m,
      runAllAsync: [36m[Function: runAllAsync][39m,
      runToLast: [36m[Function: runToLast][39m,
      runToLastAsync: [36m[Function: runToLastAsync][39m,
      reset: [36m[Function: reset][39m,
      setSystemTime: [36m[Function: setSystemTime][39m,
      jump: [36m[Function: jump][39m,
      performance: [36m[Object: null prototype][39m,
      hrtime: [36m[Function][39m,
      shouldClearNativeTimers: [33mtrue[39m,
      uninstall: [36m[Function (anonymous)][39m,
      abortListenerMap: Map(0) {},
      methods: [36m[Array][39m,
      _setTimeout: [36m[Function][39m,
      _clearTimeout: [36m[Function: clearTimeout][39m,
      _setInterval: [36m[Function: setInterval][39m,
      _clearInterval: [36m[Function: clearInterval][39m,
      _Date: [36m[Function: Date][39m,
      _setImmediate: [36m[Function][39m,
      _clearImmediate: [36m[Function: clearImmediate][39m,
      _hrtime: [36m[Function][39m,
      _performance: [36m[Performance][39m,
      _requestAnimationFrame: [36m[Function: bound ][39m,
      _cancelAnimationFrame: [36m[Function: bound ][39m,
      _Intl: Object [Intl] {}
    }
  },
  setTimeout: [Function: setTimeout] {
    hadOwnProperty: [33mtrue[39m,
    clock: {
      now: [33m1764681223336[39m,
      Date: [36m[Function][39m,
      loopLimit: [33m10000[39m,
      Intl: [36m[Object][39m,
      requestIdleCallback: [36m[Function: requestIdleCallback][39m,
      cancelIdleCallback: [36m[Function: cancelIdleCallback][39m,
      setTimeout: [36m[Function][39m,
      clearTimeout: [36m[Function][39m,
      nextTick: [36m[Function: nextTick][39m,
      queueMicrotask: [36m[Function: queueMicrotask][39m,
      setInterval: [36m[Function][39m,
      clearInterval: [36m[Function][39m,
      setImmediate: [36m[Function][39m,
      clearImmediate: [36m[Function][39m,
      countTimers: [36m[Function: countTimers][39m,
      requestAnimationFrame: [36m[Function][39m,
      cancelAnimationFrame: [36m[Function][39m,
      runMicrotasks: [36m[Function: runMicrotasks][39m,
      tick: [36m[Function: tick][39m,
      tickAsync: [36m[Function: tickAsync][39m,
      next: [36m[Function: next][39m,
      nextAsync: [36m[Function: nextAsync][39m,
      runAll: [36m[Function: runAll][39m,
      runToFrame: [36m[Function: runToFrame][39m,
      runAllAsync: [36m[Function: runAllAsync][39m,
      runToLast: [36m[Function: runToLast][39m,
      runToLastAsync: [36m[Function: runToLastAsync][39m,
      reset: [36m[Function: reset][39m,
      setSystemTime: [36m[Function: setSystemTime][39m,
      jump: [36m[Function: jump][39m,
      performance: [36m[Object: null prototype][39m,
      hrtime: [36m[Function][39m,
      shouldClearNativeTimers: [33mtrue[39m,
      uninstall: [36m[Function (anonymous)][39m,
      abortListenerMap: Map(0) {},
      methods: [36m[Array][39m,
      _setTimeout: [36m[Function][39m,
      _clearTimeout: [36m[Function: clearTimeout][39m,
      _setInterval: [36m[Function: setInterval][39m,
      _clearInterval: [36m[Function: clearInterval][39m,
      _Date: [36m[Function: Date][39m,
      _setImmediate: [36m[Function][39m,
      _clearImmediate: [36m[Function: clearImmediate][39m,
      _hrtime: [36m[Function][39m,
      _performance: [36m[Performance][39m,
      _requestAnimationFrame: [36m[Function: bound ][39m,
      _cancelAnimationFrame: [36m[Function: bound ][39m,
      _Intl: Object [Intl] {}
    },
    [[32mSymbol(nodejs.util.promisify.custom)[39m]: [36m[Function: promisifiedSetTimeout][39m
  },
  queueMicrotask: [36m[Function: queueMicrotask][39m,
  structuredClone: [36m[Function: structuredClone][39m,
  atob: [36m[Function: atob][39m,
  btoa: [36m[Function: btoa][39m,
  performance: [36m[Getter/Setter][39m,
  fetch: [36m[Function: fetch][39m,
  navigator: [36m[Getter/Setter][39m,
  crypto: [36m[Getter][39m,
  window: [36m[Circular *1][39m,
  self: [36m[Circular *1][39m,
  top: [36m[Circular *1][39m,
  parent: [36m[Circular *1][39m,
  jsdom: JSDOM {
    [[32mSymbol(window)[39m]: [36m<ref *2>[39m Window {
      StyleSheet: [36m[Function: StyleSheet][39m,
      MediaList: [36m[Function: MediaList][39m,
      CSSStyleSheet: [36m[Function: CSSStyleSheet][39m,
      CSSRule: [36m[Function][39m,
      CSSStyleRule: [36m[Function][39m,
      CSSMediaRule: [36m[Function: CSSMediaRule][39m,
      CSSImportRule: [36m[Function: CSSImportRule][39m,
      CSSStyleDeclaration: [36m[class CSSStyleDeclaration][39m,
      XPathException: [36m[Function][39m,
      XPathExpression: [36m[Function: XPathExpression][39m,
      XPathResult: [36m[Function][39m,
      XPathEvaluator: [36m[Function: XPathEvaluator][39m,
      onafterprint: [36m[Getter/Setter][39m,
      onbeforeprint: [36m[Getter/Setter][39m,
      onbeforeunload: [36m[Getter/Setter][39m,
      onhashchange: [36m[Getter/Setter][39m,
      onlanguagechange: [36m[Getter/Setter][39m,
      onmessage: [36m[Getter/Setter][39m,
      onmessageerror: [36m[Getter/Setter][39m,
      onoffline: [36m[Getter/Setter][39m,
      ononline: [36m[Getter/Setter][39m,
      onpagehide: [36m[Getter/Setter][39m,
      onpageshow: [36m[Getter/Setter][39m,
      onpopstate: [36m[Getter/Setter][39m,
      onrejectionhandled: [36m[Getter/Setter][39m,
      onstorage: [36m[Getter/Setter][39m,
      onunhandledrejection: [36m[Getter/Setter][39m,
      onunload: [36m[Getter/Setter][39m,
      onblur: [36m[Getter/Setter][39m,
      onerror: [36m[Getter/Setter][39m,
      onfocus: [36m[Getter/Setter][39m,
      onload: [36m[Getter/Setter][39m,
      onresize: [36m[Getter/Setter][39m,
      onscroll: [36m[Getter/Setter][39m,
      onabort: [36m[Getter/Setter][39m,
      onauxclick: [36m[Getter/Setter][39m,
      onbeforeinput: [36m[Getter/Setter][39m,
      onbeforematch: [36m[Getter/Setter][39m,
      onbeforetoggle: [36m[Getter/Setter][39m,
      oncancel: [36m[Getter/Setter][39m,
      oncanplay: [36m[Getter/Setter][39m,
      oncanplaythrough: [36m[Getter/Setter][39m,
      onchange: [36m[Getter/Setter][39m,
      onclick: [36m[Getter/Setter][39m,
      onclose: [36m[Getter/Setter][39m,
      oncontextlost: [36m[Getter/Setter][39m,
      oncontextmenu: [36m[Getter/Setter][39m,
      oncontextrestored: [36m[Getter/Setter][39m,
      oncopy: [36m[Getter/Setter][39m,
      oncuechange: [36m[Getter/Setter][39m,
      oncut: [36m[Getter/Setter][39m,
      ondblclick: [36m[Getter/Setter][39m,
      ondrag: [36m[Getter/Setter][39m,
      ondragend: [36m[Getter/Setter][39m,
      ondragenter: [36m[Getter/Setter][39m,
      ondragleave: [36m[Getter/Setter][39m,
      ondragover: [36m[Getter/Setter][39m,
      ondragstart: [36m[Getter/Setter][39m,
      ondrop: [36m[Getter/Setter][39m,
      ondurationchange: [36m[Getter/Setter][39m,
      onemptied: [36m[Getter/Setter][39m,
      onended: [36m[Getter/Setter][39m,
      onformdata: [36m[Getter/Setter][39m,
      oninput: [36m[Getter/Setter][39m,
      oninvalid: [36m[Getter/Setter][39m,
      onkeydown: [36m[Getter/Setter][39m,
      onkeypress: [36m[Getter/Setter][39m,
      onkeyup: [36m[Getter/Setter][39m,
      onloadeddata: [36m[Getter/Setter][39m,
      onloadedmetadata: [36m[Getter/Setter][39m,
      onloadstart: [36m[Getter/Setter][39m,
      onmousedown: [36m[Getter/Setter][39m,
      onmouseenter: [36m[Getter/Setter][39m,
      onmouseleave: [36m[Getter/Setter][39m,
      onmousemove: [36m[Getter/Setter][39m,
      onmouseout: [36m[Getter/Setter][39m,
      onmouseover: [36m[Getter/Setter][39m,
      onmouseup: [36m[Getter/Setter][39m,
      onpaste: [36m[Getter/Setter][39m,
      onpause: [36m[Getter/Setter][39m,
      onplay: [36m[Getter/Setter][39m,
      onplaying: [36m[Getter/Setter][39m,
      onprogress: [36m[Getter/Setter][39m,
      onratechange: [36m[Getter/Setter][39m,
      onreset: [36m[Getter/Setter][39m,
      onscrollend: [36m[Getter/Setter][39m,
      onsecuritypolicyviolation: [36m[Getter/Setter][39m,
      onseeked: [36m[Getter/Setter][39m,
      onseeking: [36m[Getter/Setter][39m,
      onselect: [36m[Getter/Setter][39m,
      onslotchange: [36m[Getter/Setter][39m,
      onstalled: [36m[Getter/Setter][39m,
      onsubmit: [36m[Getter/Setter][39m,
      onsuspend: [36m[Getter/Setter][39m,
      ontimeupdate: [36m[Getter/Setter][39m,
      ontoggle: [36m[Getter/Setter][39m,
      onvolumechange: [36m[Getter/Setter][39m,
      onwaiting: [36m[Getter/Setter][39m,
      onwebkitanimationend: [36m[Getter/Setter][39m,
      onwebkitanimationiteration: [36m[Getter/Setter][39m,
      onwebkitanimationstart: [36m[Getter/Setter][39m,
      onwebkittransitionend: [36m[Getter/Setter][39m,
      onwheel: [36m[Getter/Setter][39m,
      ontouchstart: [36m[Getter/Setter][39m,
      ontouchend: [36m[Getter/Setter][39m,
      ontouchmove: [36m[Getter/Setter][39m,
      ontouchcancel: [36m[Getter/Setter][39m,
      _registeredHandlers: Set(0) {},
      _eventHandlers: [Object: null prototype] {},
      onautocomplete: [36m[Getter/Setter][39m,
      onautocompleteerror: [36m[Getter/Setter][39m,
      onsort: [36m[Getter/Setter][39m,
      _globalObject: [36m[Circular *2][39m,
      _resourceLoader: [36m[NoOpResourceLoader][39m,
      _globalProxy: [36m[Object [Window]][39m,
      _document: [36m[Document][39m,
      _origin: [32m'http://localhost:3000'[39m,
      _sessionHistory: [36m[SessionHistory][39m,
      _virtualConsole: [36m[VirtualConsole][39m,
      _runScripts: [32m'dangerously'[39m,
      _top: [36m[Object [Window]][39m,
      _parent: [36m[Object [Window]][39m,
      _frameElement: [1mnull[22m,
      _length: [33m0[39m,
      _currentEvent: [90mundefined[39m,
      _pretendToBeVisual: [33mtrue[39m,
      _storageQuota: [33m5000000[39m,
      _commonForOrigin: [36m[Object][39m,
      _currentOriginData: [36m[Object][39m,
      _localStorage: Storage {},
      _sessionStorage: Storage {},
      _selection: [36m[SelectionImpl][39m,
      getSelection: [36m[Function (anonymous)][39m,
      _customElementRegistry: CustomElementRegistry {},
      length: [36m[Getter/Setter][39m,
      window: [36m[Getter][39m,
      frameElement: [36m[Getter][39m,
      frames: [36m[Getter/Setter][39m,
      self: [36m[Getter/Setter][39m,
      parent: [36m[Getter/Setter][39m,
      top: [36m[Getter][39m,
      document: [36m[Getter][39m,
      external: [36m[Getter/Setter][39m,
      location: [36m[Getter/Setter][39m,
      history: [36m[Getter][39m,
      navigator: [36m[Getter][39m,
      locationbar: [36m[Getter/Setter][39m,
      menubar: [36m[Getter/Setter][39m,
      personalbar: [36m[Getter/Setter][39m,
      scrollbars: [36m[Getter/Setter][39m,
      statusbar: [36m[Getter/Setter][39m,
      toolbar: [36m[Getter/Setter][39m,
      performance: [36m[Getter][39m,
      screen: [36m[Getter/Setter][39m,
      crypto: [36m[Getter][39m,
      origin: [36m[Getter/Setter][39m,
      localStorage: [36m[Getter][39m,
      sessionStorage: [36m[Getter][39m,
      customElements: [36m[Getter][39m,
      event: [36m[Getter/Setter][39m,
      setTimeout: [36m[Function (anonymous)][39m,
      setInterval: [36m[Function (anonymous)][39m,
      clearTimeout: [36m[Function (anonymous)][39m,
      clearInterval: [36m[Function (anonymous)][39m,
      queueMicrotask: [36m[Function (anonymous)][39m,
      requestAnimationFrame: [36m[Function (anonymous)][39m,
      cancelAnimationFrame: [36m[Function (anonymous)][39m,
      postMessage: [36m[Function (anonymous)][39m,
      atob: [36m[Function (anonymous)][39m,
      btoa: [36m[Function (anonymous)][39m,
      stop: [36m[Function (anonymous)][39m,
      close: [36m[Function (anonymous)][39m,
      getComputedStyle: [36m[Function (anonymous)][39m,
      captureEvents: [36m[Function (anonymous)][39m,
      releaseEvents: [36m[Function (anonymous)][39m,
      console: [36m[Object][39m,
      name: [32m''[39m,
      status: [32m''[39m,
      devicePixelRatio: [33m1[39m,
      innerWidth: [33m1024[39m,
      innerHeight: [33m768[39m,
      outerWidth: [33m1024[39m,
      outerHeight: [33m768[39m,
      pageXOffset: [33m0[39m,
      pageYOffset: [33m0[39m,
      screenX: [33m0[39m,
      screenLeft: [33m0[39m,
      screenY: [33m0[39m,
      screenTop: [33m0[39m,
      scrollX: [33m0[39m,
      scrollY: [33m0[39m,
      alert: [36m[Function (anonymous)][39m,
      blur: [36m[Function (anonymous)][39m,
      confirm: [36m[Function (anonymous)][39m,
      focus: [36m[Function (anonymous)][39m,
      moveBy: [36m[Function (anonymous)][39m,
      moveTo: [36m[Function (anonymous)][39m,
      open: [36m[Function (anonymous)][39m,
      print: [36m[Function (anonymous)][39m,
      prompt: [36m[Function (anonymous)][39m,
      resizeBy: [36m[Function (anonymous)][39m,
      resizeTo: [36m[Function (anonymous)][39m,
      scroll: [36m[Function (anonymous)][39m,
      scrollBy: [36m[Function (anonymous)][39m,
      scrollTo: [36m[Function (anonymous)][39m,
      [32m'test-container'[39m: [36m[Getter/Setter][39m,
      [32m'tutorial-target'[39m: [36m[Getter/Setter][39m,
      [[32mSymbol([webidl2js] constructor registry)[39m]: [36m[Object: null prototype][39m,
      [[32mSymbol(named property tracker)[39m]: [36m[NamedPropertiesTracker][39m
    }
  },
  suite: [Function: chain] {
    each: [36m[Function (anonymous)][39m,
    for: [36m[Function (anonymous)][39m,
    skipIf: [36m[Function (anonymous)][39m,
    runIf: [36m[Function (anonymous)][39m,
    withContext: [36m[Function (anonymous)][39m,
    setContext: [36m[Function (anonymous)][39m,
    mergeContext: [36m[Function (anonymous)][39m,
    fn: [Function: suiteFn] {
      each: [36m[Function (anonymous)][39m,
      for: [36m[Function (anonymous)][39m,
      skipIf: [36m[Function (anonymous)][39m,
      runIf: [36m[Function (anonymous)][39m
    }
  },
  test: [Function: chain] {
    each: [36m[Function (anonymous)][39m,
    for: [36m[Function (anonymous)][39m,
    skipIf: [36m[Function (anonymous)][39m,
    runIf: [36m[Function (anonymous)][39m,
    scoped: [36m[Function (anonymous)][39m,
    extend: [36m[Function (anonymous)][39m,
    beforeEach: [36m[Function: beforeEach][39m,
    afterEach: [36m[Function: afterEach][39m,
    beforeAll: [36m[Function: beforeAll][39m,
    afterAll: [36m[Function: afterAll][39m,
    withContext: [36m[Function (anonymous)][39m,
    setContext: [36m[Function (anonymous)][39m,
    mergeContext: [36m[Function (anonymous)][39m,
    fn: [Function (anonymous)] {
      each: [36m[Function (anonymous)][39m,
      for: [36m[Function (anonymous)][39m,
      skipIf: [36m[Function (anonymous)][39m,
      runIf: [36m[Function (anonymous)][39m,
      scoped: [36m[Function (anonymous)][39m,
      extend: [36m[Function (anonymous)][39m,
      beforeEach: [36m[Function: beforeEach][39m,
      afterEach: [36m[Function: afterEach][39m,
      beforeAll: [36m[Function: beforeAll][39m,
      afterAll: [36m[Function: afterAll][39m
    }
  },
  describe: [Function: chain] {
    each: [36m[Function (anonymous)][39m,
    for: [36m[Function (anonymous)][39m,
    skipIf: [36m[Function (anonymous)][39m,
    runIf: [36m[Function (anonymous)][39m,
    withContext: [36m[Function (anonymous)][39m,
    setContext: [36m[Function (anonymous)][39m,
    mergeContext: [36m[Function (anonymous)][39m,
    fn: [Function: suiteFn] {
      each: [36m[Function (anonymous)][39m,
      for: [36m[Function (anonymous)][39m,
      skipIf: [36m[Function (anonymous)][39m,
      runIf: [36m[Function (anonymous)][39m
    }
  },
  it: [Function: chain] {
    each: [36m[Function (anonymous)][39m,
    for: [36m[Function (anonymous)][39m,
    skipIf: [36m[Function (anonymous)][39m,
    runIf: [36m[Function (anonymous)][39m,
    scoped: [36m[Function (anonymous)][39m,
    extend: [36m[Function (anonymous)][39m,
    beforeEach: [36m[Function: beforeEach][39m,
    afterEach: [36m[Function: afterEach][39m,
    beforeAll: [36m[Function: beforeAll][39m,
    afterAll: [36m[Function: afterAll][39m,
    withContext: [36m[Function (anonymous)][39m,
    setContext: [36m[Function (anonymous)][39m,
    mergeContext: [36m[Function (anonymous)][39m,
    fn: [Function (anonymous)] {
      each: [36m[Function (anonymous)][39m,
      for: [36m[Function (anonymous)][39m,
      skipIf: [36m[Function (anonymous)][39m,
      runIf: [36m[Function (anonymous)][39m,
      scoped: [36m[Function (anonymous)][39m,
      extend: [36m[Function (anonymous)][39m,
      beforeEach: [36m[Function: beforeEach][39m,
      afterEach: [36m[Function: afterEach][39m,
      beforeAll: [36m[Function: beforeAll][39m,
      afterAll: [36m[Function: afterAll][39m
    }
  },
  chai: [Module: null prototype] {
    Assertion: [36m[class Assertion][39m,
    AssertionError: [36m[class AssertionError extends Error][39m,
    Should: [36m[Function: loadShould][39m,
    assert: [Function: assert] {
      fail: [36m[Function (anonymous)][39m,
      isOk: [36m[Function (anonymous)][39m,
      isNotOk: [36m[Function (anonymous)][39m,
      equal: [36m[Function (anonymous)][39m,
      notEqual: [36m[Function (anonymous)][39m,
      strictEqual: [36m[Function (anonymous)][39m,
      notStrictEqual: [36m[Function (anonymous)][39m,
      deepStrictEqual: [36m[Function (anonymous)][39m,
      deepEqual: [36m[Function (anonymous)][39m,
      notDeepEqual: [36m[Function (anonymous)][39m,
      isAbove: [36m[Function (anonymous)][39m,
      isAtLeast: [36m[Function (anonymous)][39m,
      isBelow: [36m[Function (anonymous)][39m,
      isAtMost: [36m[Function (anonymous)][39m,
      isTrue: [36m[Function (anonymous)][39m,
      isNotTrue: [36m[Function (anonymous)][39m,
      isFalse: [36m[Function (anonymous)][39m,
      isNotFalse: [36m[Function (anonymous)][39m,
      isNull: [36m[Function (anonymous)][39m,
      isNotNull: [36m[Function (anonymous)][39m,
      isNaN: [36m[Function (anonymous)][39m,
      isNotNaN: [36m[Function (anonymous)][39m,
      exists: [36m[Function (anonymous)][39m,
      notExists: [36m[Function (anonymous)][39m,
      isUndefined: [36m[Function (anonymous)][39m,
      isDefined: [36m[Function (anonymous)][39m,
      isCallable: [36m[Function (anonymous)][39m,
      isNotCallable: [36m[Function (anonymous)][39m,
      isObject: [36m[Function (anonymous)][39m,
      isNotObject: [36m[Function (anonymous)][39m,
      isArray: [36m[Function (anonymous)][39m,
      isNotArray: [36m[Function (anonymous)][39m,
      isString: [36m[Function (anonymous)][39m,
      isNotString: [36m[Function (anonymous)][39m,
      isNumber: [36m[Function (anonymous)][39m,
      isNotNumber: [36m[Function (anonymous)][39m,
      isNumeric: [36m[Function (anonymous)][39m,
      isNotNumeric: [36m[Function (anonymous)][39m,
      isFinite: [36m[Function (anonymous)][39m,
      isBoolean: [36m[Function (anonymous)][39m,
      isNotBoolean: [36m[Function (anonymous)][39m,
      typeOf: [36m[Function (anonymous)][39m,
      notTypeOf: [36m[Function (anonymous)][39m,
      instanceOf: [36m[Function (anonymous)][39m,
      notInstanceOf: [36m[Function (anonymous)][39m,
      include: [36m[Function (anonymous)][39m,
      notInclude: [36m[Function (anonymous)][39m,
      deepInclude: [36m[Function (anonymous)][39m,
      notDeepInclude: [36m[Function (anonymous)][39m,
      nestedInclude: [36m[Function (anonymous)][39m,
      notNestedInclude: [36m[Function (anonymous)][39m,
      deepNestedInclude: [36m[Function (anonymous)][39m,
      notDeepNestedInclude: [36m[Function (anonymous)][39m,
      ownInclude: [36m[Function (anonymous)][39m,
      notOwnInclude: [36m[Function (anonymous)][39m,
      deepOwnInclude: [36m[Function (anonymous)][39m,
      notDeepOwnInclude: [36m[Function (anonymous)][39m,
      match: [36m[Function (anonymous)][39m,
      notMatch: [36m[Function (anonymous)][39m,
      property: [36m[Function (anonymous)][39m,
      notProperty: [36m[Function (anonymous)][39m,
      propertyVal: [36m[Function (anonymous)][39m,
      notPropertyVal: [36m[Function (anonymous)][39m,
      deepPropertyVal: [36m[Function (anonymous)][39m,
      notDeepPropertyVal: [36m[Function (anonymous)][39m,
      ownProperty: [36m[Function (anonymous)][39m,
      notOwnProperty: [36m[Function (anonymous)][39m,
      ownPropertyVal: [36m[Function (anonymous)][39m,
      notOwnPropertyVal: [36m[Function (anonymous)][39m,
      deepOwnPropertyVal: [36m[Function (anonymous)][39m,
      notDeepOwnPropertyVal: [36m[Function (anonymous)][39m,
      nestedProperty: [36m[Function (anonymous)][39m,
      notNestedProperty: [36m[Function (anonymous)][39m,
      nestedPropertyVal: [36m[Function (anonymous)][39m,
      notNestedPropertyVal: [36m[Function (anonymous)][39m,
      deepNestedPropertyVal: [36m[Function (anonymous)][39m,
      notDeepNestedPropertyVal: [36m[Function (anonymous)][39m,
      lengthOf: [36m[Function (anonymous)][39m,
      hasAnyKeys: [36m[Function (anonymous)][39m,
      hasAllKeys: [36m[Function (anonymous)][39m,
      containsAllKeys: [36m[Function (anonymous)][39m,
      doesNotHaveAnyKeys: [36m[Function (anonymous)][39m,
      doesNotHaveAllKeys: [36m[Function (anonymous)][39m,
      hasAnyDeepKeys: [36m[Function (anonymous)][39m,
      hasAllDeepKeys: [36m[Function (anonymous)][39m,
      containsAllDeepKeys: [36m[Function (anonymous)][39m,
      doesNotHaveAnyDeepKeys: [36m[Function (anonymous)][39m,
      doesNotHaveAllDeepKeys: [36m[Function (anonymous)][39m,
      throws: [36m[Function (anonymous)][39m,
      doesNotThrow: [36m[Function (anonymous)][39m,
      operator: [36m[Function (anonymous)][39m,
      closeTo: [36m[Function (anonymous)][39m,
      approximately: [36m[Function (anonymous)][39m,
      sameMembers: [36m[Function (anonymous)][39m,
      notSameMembers: [36m[Function (anonymous)][39m,
      sameDeepMembers: [36m[Function (anonymous)][39m,
      notSameDeepMembers: [36m[Function (anonymous)][39m,
      sameOrderedMembers: [36m[Function (anonymous)][39m,
      notSameOrderedMembers: [36m[Function (anonymous)][39m,
      sameDeepOrderedMembers: [36m[Function (anonymous)][39m,
      notSameDeepOrderedMembers: [36m[Function (anonymous)][39m,
      includeMembers: [36m[Function (anonymous)][39m,
      notIncludeMembers: [36m[Function (anonymous)][39m,
      includeDeepMembers: [36m[Function (anonymous)][39m,
      notIncludeDeepMembers: [36m[Function (anonymous)][39m,
      includeOrderedMembers: [36m[Function (anonymous)][39m,
      notIncludeOrderedMembers: [36m[Function (anonymous)][39m,
      includeDeepOrderedMembers: [36m[Function (anonymous)][39m,
      notIncludeDeepOrderedMembers: [36m[Function (anonymous)][39m,
      oneOf: [36m[Function (anonymous)][39m,
      isIterable: [36m[Function (anonymous)][39m,
      changes: [36m[Function (anonymous)][39m,
      changesBy: [36m[Function (anonymous)][39m,
      doesNotChange: [36m[Function (anonymous)][39m,
      changesButNotBy: [36m[Function (anonymous)][39m,
      increases: [36m[Function (anonymous)][39m,
      increasesBy: [36m[Function (anonymous)][39m,
      doesNotIncrease: [36m[Function (anonymous)][39m,
      increasesButNotBy: [36m[Function (anonymous)][39m,
      decreases: [36m[Function (anonymous)][39m,
      decreasesBy: [36m[Function (anonymous)][39m,
      doesNotDecrease: [36m[Function (anonymous)][39m,
      doesNotDecreaseBy: [36m[Function (anonymous)][39m,
      decreasesButNotBy: [36m[Function (anonymous)][39m,
      ifError: [36m[Function (anonymous)][39m,
      isExtensible: [36m[Function (anonymous)][39m,
      isNotExtensible: [36m[Function (anonymous)][39m,
      isSealed: [36m[Function (anonymous)][39m,
      isNotSealed: [36m[Function (anonymous)][39m,
      isFrozen: [36m[Function (anonymous)][39m,
      isNotFrozen: [36m[Function (anonymous)][39m,
      isEmpty: [36m[Function (anonymous)][39m,
      isNotEmpty: [36m[Function (anonymous)][39m,
      containsSubset: [36m[Function (anonymous)][39m,
      doesNotContainSubset: [36m[Function (anonymous)][39m,
      ok: [36m[Function (anonymous)][39m,
      notOk: [36m[Function (anonymous)][39m,
      throw: [36m[Function (anonymous)][39m,
      Throw: [36m[Function (anonymous)][39m,
      extensible: [36m[Function (anonymous)][39m,
      notExtensible: [36m[Function (anonymous)][39m,
      sealed: [36m[Function (anonymous)][39m,
      notSealed: [36m[Function (anonymous)][39m,
      frozen: [36m[Function (anonymous)][39m,
      notFrozen: [36m[Function (anonymous)][39m,
      empty: [36m[Function (anonymous)][39m,
      notEmpty: [36m[Function (anonymous)][39m,
      isFunction: [36m[Function (anonymous)][39m,
      isNotFunction: [36m[Function (anonymous)][39m,
      containSubset: [36m[Function (anonymous)][39m
    },
    config: {
      includeStack: [33mfalse[39m,
      showDiff: [33mtrue[39m,
      truncateThreshold: [33m40[39m,
      useProxy: [33mtrue[39m,
      proxyExcludedKeys: [36m[Array][39m,
      deepEqual: [1mnull[22m
    },
    expect: [Function: expect] {
      fail: [36m[Function (anonymous)][39m,
      extend: [36m[Function: methodWrapper][39m,
      addSnapshotSerializer: [36m[Function: methodWrapper][39m,
      anything: [36m[Function: methodWrapper][39m,
      any: [36m[Function: methodWrapper][39m,
      stringContaining: [36m[Function: methodWrapper][39m,
      objectContaining: [36m[Function: methodWrapper][39m,
      arrayContaining: [36m[Function: methodWrapper][39m,
      stringMatching: [36m[Function: methodWrapper][39m,
      closeTo: [36m[Function: methodWrapper][39m,
      schemaMatching: [36m[Function: methodWrapper][39m,
      not: [36m[Object][39m,
      __flags: [36m[Object: null prototype][39m
    },
    should: [36m[Function: loadShould][39m,
    use: [36m[Function: use][39m,
    util: {
      addChainableMethod: [36m[Getter][39m,
      addLengthGuard: [36m[Getter][39m,
      addMethod: [36m[Getter][39m,
      addProperty: [36m[Getter][39m,
      checkError: [36m[Getter][39m,
      compareByInspect: [36m[Getter][39m,
      eql: [36m[Getter][39m,
      events: [36m[Getter][39m,
      expectTypes: [36m[Getter][39m,
      flag: [36m[Getter][39m,
      getActual: [36m[Getter][39m,
      getMessage: [36m[Getter][39m,
      getName: [36m[Getter][39m,
      getOperator: [36m[Getter][39m,
      getOwnEnumerableProperties: [36m[Getter][39m,
      getOwnEnumerablePropertySymbols: [36m[Getter][39m,
      getPathInfo: [36m[Getter][39m,
      hasProperty: [36m[Getter][39m,
      inspect: [36m[Getter][39m,
      isNaN: [36m[Getter][39m,
      isNumeric: [36m[Getter][39m,
      isProxyEnabled: [36m[Getter][39m,
      isRegExp: [36m[Getter][39m,
      objDisplay: [36m[Getter][39m,
      overwriteChainableMethod: [36m[Getter][39m,
      overwriteMethod: [36m[Getter][39m,
      overwriteProperty: [36m[Getter][39m,
      proxify: [36m[Getter][39m,
      test: [36m[Getter][39m,
      transferFlags: [36m[Getter][39m,
      type: [36m[Getter][39m
    }
  },
  expect: [Function: expect] {
    fail: [36m[Function (anonymous)][39m,
    extend: [36m[Function (anonymous)][39m,
    addSnapshotSerializer: [36m[Function: methodWrapper][39m,
    anything: [36m[Function: methodWrapper][39m,
    any: [36m[Function: methodWrapper][39m,
    stringContaining: [36m[Function: methodWrapper][39m,
    objectContaining: [36m[Function: methodWrapper][39m,
    arrayContaining: [36m[Function: methodWrapper][39m,
    stringMatching: [36m[Function: methodWrapper][39m,
    closeTo: [36m[Function: methodWrapper][39m,
    schemaMatching: [36m[Function: methodWrapper][39m,
    not: {
      stringContaining: [36m[Function: stringContaining][39m,
      objectContaining: [36m[Function: objectContaining][39m,
      arrayContaining: [36m[Function: arrayContaining][39m,
      stringMatching: [36m[Function: stringMatching][39m,
      closeTo: [36m[Function: closeTo][39m,
      schemaMatching: [36m[Function: schemaMatching][39m,
      toSatisfy: [36m[Function: value][39m,
      toBeOneOf: [36m[Function: value][39m
    },
    getState: [36m[Function (anonymous)][39m,
    setState: [36m[Function (anonymous)][39m,
    assert: [Function: assert] {
      fail: [36m[Function (anonymous)][39m,
      isOk: [36m[Function (anonymous)][39m,
      isNotOk: [36m[Function (anonymous)][39m,
      equal: [36m[Function (anonymous)][39m,
      notEqual: [36m[Function (anonymous)][39m,
      strictEqual: [36m[Function (anonymous)][39m,
      notStrictEqual: [36m[Function (anonymous)][39m,
      deepStrictEqual: [36m[Function (anonymous)][39m,
      deepEqual: [36m[Function (anonymous)][39m,
      notDeepEqual: [36m[Function (anonymous)][39m,
      isAbove: [36m[Function (anonymous)][39m,
      isAtLeast: [36m[Function (anonymous)][39m,
      isBelow: [36m[Function (anonymous)][39m,
      isAtMost: [36m[Function (anonymous)][39m,
      isTrue: [36m[Function (anonymous)][39m,
      isNotTrue: [36m[Function (anonymous)][39m,
      isFalse: [36m[Function (anonymous)][39m,
      isNotFalse: [36m[Function (anonymous)][39m,
      isNull: [36m[Function (anonymous)][39m,
      isNotNull: [36m[Function (anonymous)][39m,
      isNaN: [36m[Function (anonymous)][39m,
      isNotNaN: [36m[Function (anonymous)][39m,
      exists: [36m[Function (anonymous)][39m,
      notExists: [36m[Function (anonymous)][39m,
      isUndefined: [36m[Function (anonymous)][39m,
      isDefined: [36m[Function (anonymous)][39m,
      isCallable: [36m[Function (anonymous)][39m,
      isNotCallable: [36m[Function (anonymous)][39m,
      isObject: [36m[Function (anonymous)][39m,
      isNotObject: [36m[Function (anonymous)][39m,
      isArray: [36m[Function (anonymous)][39m,
      isNotArray: [36m[Function (anonymous)][39m,
      isString: [36m[Function (anonymous)][39m,
      isNotString: [36m[Function (anonymous)][39m,
      isNumber: [36m[Function (anonymous)][39m,
      isNotNumber: [36m[Function (anonymous)][39m,
      isNumeric: [36m[Function (anonymous)][39m,
      isNotNumeric: [36m[Function (anonymous)][39m,
      isFinite: [36m[Function (anonymous)][39m,
      isBoolean: [36m[Function (anonymous)][39m,
      isNotBoolean: [36m[Function (anonymous)][39m,
      typeOf: [36m[Function (anonymous)][39m,
      notTypeOf: [36m[Function (anonymous)][39m,
      instanceOf: [36m[Function (anonymous)][39m,
      notInstanceOf: [36m[Function (anonymous)][39m,
      include: [36m[Function (anonymous)][39m,
      notInclude: [36m[Function (anonymous)][39m,
      deepInclude: [36m[Function (anonymous)][39m,
      notDeepInclude: [36m[Function (anonymous)][39m,
      nestedInclude: [36m[Function (anonymous)][39m,
      notNestedInclude: [36m[Function (anonymous)][39m,
      deepNestedInclude: [36m[Function (anonymous)][39m,
      notDeepNestedInclude: [36m[Function (anonymous)][39m,
      ownInclude: [36m[Function (anonymous)][39m,
      notOwnInclude: [36m[Function (anonymous)][39m,
      deepOwnInclude: [36m[Function (anonymous)][39m,
      notDeepOwnInclude: [36m[Function (anonymous)][39m,
      match: [36m[Function (anonymous)][39m,
      notMatch: [36m[Function (anonymous)][39m,
      property: [36m[Function (anonymous)][39m,
      notProperty: [36m[Function (anonymous)][39m,
      propertyVal: [36m[Function (anonymous)][39m,
      notPropertyVal: [36m[Function (anonymous)][39m,
      deepPropertyVal: [36m[Function (anonymous)][39m,
      notDeepPropertyVal: [36m[Function (anonymous)][39m,
      ownProperty: [36m[Function (anonymous)][39m,
      notOwnProperty: [36m[Function (anonymous)][39m,
      ownPropertyVal: [36m[Function (anonymous)][39m,
      notOwnPropertyVal: [36m[Function (anonymous)][39m,
      deepOwnPropertyVal: [36m[Function (anonymous)][39m,
      notDeepOwnPropertyVal: [36m[Function (anonymous)][39m,
      nestedProperty: [36m[Function (anonymous)][39m,
      notNestedProperty: [36m[Function (anonymous)][39m,
      nestedPropertyVal: [36m[Function (anonymous)][39m,
      notNestedPropertyVal: [36m[Function (anonymous)][39m,
      deepNestedPropertyVal: [36m[Function (anonymous)][39m,
      notDeepNestedPropertyVal: [36m[Function (anonymous)][39m,
      lengthOf: [36m[Function (anonymous)][39m,
      hasAnyKeys: [36m[Function (anonymous)][39m,
      hasAllKeys: [36m[Function (anonymous)][39m,
      containsAllKeys: [36m[Function (anonymous)][39m,
      doesNotHaveAnyKeys: [36m[Function (anonymous)][39m,
      doesNotHaveAllKeys: [36m[Function (anonymous)][39m,
      hasAnyDeepKeys: [36m[Function (anonymous)][39m,
      hasAllDeepKeys: [36m[Function (anonymous)][39m,
      containsAllDeepKeys: [36m[Function (anonymous)][39m,
      doesNotHaveAnyDeepKeys: [36m[Function (anonymous)][39m,
      doesNotHaveAllDeepKeys: [36m[Function (anonymous)][39m,
      throws: [36m[Function (anonymous)][39m,
      doesNotThrow: [36m[Function (anonymous)][39m,
      operator: [36m[Function (anonymous)][39m,
      closeTo: [36m[Function (anonymous)][39m,
      approximately: [36m[Function (anonymous)][39m,
      sameMembers: [36m[Function (anonymous)][39m,
      notSameMembers: [36m[Function (anonymous)][39m,
      sameDeepMembers: [36m[Function (anonymous)][39m,
      notSameDeepMembers: [36m[Function (anonymous)][39m,
      sameOrderedMembers: [36m[Function (anonymous)][39m,
      notSameOrderedMembers: [36m[Function (anonymous)][39m,
      sameDeepOrderedMembers: [36m[Function (anonymous)][39m,
      notSameDeepOrderedMembers: [36m[Function (anonymous)][39m,
      includeMembers: [36m[Function (anonymous)][39m,
      notIncludeMembers: [36m[Function (anonymous)][39m,
      includeDeepMembers: [36m[Function (anonymous)][39m,
      notIncludeDeepMembers: [36m[Function (anonymous)][39m,
      includeOrderedMembers: [36m[Function (anonymous)][39m,
      notIncludeOrderedMembers: [36m[Function (anonymous)][39m,
      includeDeepOrderedMembers: [36m[Function (anonymous)][39m,
      notIncludeDeepOrderedMembers: [36m[Function (anonymous)][39m,
      oneOf: [36m[Function (anonymous)][39m,
      isIterable: [36m[Function (anonymous)][39m,
      changes: [36m[Function (anonymous)][39m,
      changesBy: [36m[Function (anonymous)][39m,
      doesNotChange: [36m[Function (anonymous)][39m,
      changesButNotBy: [36m[Function (anonymous)][39m,
      increases: [36m[Function (anonymous)][39m,
      increasesBy: [36m[Function (anonymous)][39m,
      doesNotIncrease: [36m[Function (anonymous)][39m,
      increasesButNotBy: [36m[Function (anonymous)][39m,
      decreases: [36m[Function (anonymous)][39m,
      decreasesBy: [36m[Function (anonymous)][39m,
      doesNotDecrease: [36m[Function (anonymous)][39m,
      doesNotDecreaseBy: [36m[Function (anonymous)][39m,
      decreasesButNotBy: [36m[Function (anonymous)][39m,
      ifError: [36m[Function (anonymous)][39m,
      isExtensible: [36m[Function (anonymous)][39m,
      isNotExtensible: [36m[Function (anonymous)][39m,
      isSealed: [36m[Function (anonymous)][39m,
      isNotSealed: [36m[Function (anonymous)][39m,
      isFrozen: [36m[Function (anonymous)][39m,
      isNotFrozen: [36m[Function (anonymous)][39m,
      isEmpty: [36m[Function (anonymous)][39m,
      isNotEmpty: [36m[Function (anonymous)][39m,
      containsSubset: [36m[Function (anonymous)][39m,
      doesNotContainSubset: [36m[Function (anonymous)][39m,
      ok: [36m[Function (anonymous)][39m,
      notOk: [36m[Function (anonymous)][39m,
      throw: [36m[Function (anonymous)][39m,
      Throw: [36m[Function (anonymous)][39m,
      extensible: [36m[Function (anonymous)][39m,
      notExtensible: [36m[Function (anonymous)][39m,
      sealed: [36m[Function (anonymous)][39m,
      notSealed: [36m[Function (anonymous)][39m,
      frozen: [36m[Function (anonymous)][39m,
      notFrozen: [36m[Function (anonymous)][39m,
      empty: [36m[Function (anonymous)][39m,
      notEmpty: [36m[Function (anonymous)][39m,
      isFunction: [36m[Function (anonymous)][39m,
      isNotFunction: [36m[Function (anonymous)][39m,
      containSubset: [36m[Function (anonymous)][39m
    },
    addEqualityTesters: [36m[Function (anonymous)][39m,
    soft: [36m[Function (anonymous)][39m,
    poll: [36m[Function: poll][39m,
    unreachable: [36m[Function (anonymous)][39m,
    assertions: [36m[Function: methodWrapper][39m,
    hasAssertions: [36m[Function: methodWrapper][39m,
    toSatisfy: [36m[Function: customMatcher][39m,
    toBeOneOf: [36m[Function: customMatcher][39m
  },
  assert: [Function: assert] {
    fail: [36m[Function (anonymous)][39m,
    isOk: [36m[Function (anonymous)][39m,
    isNotOk: [36m[Function (anonymous)][39m,
    equal: [36m[Function (anonymous)][39m,
    notEqual: [36m[Function (anonymous)][39m,
    strictEqual: [36m[Function (anonymous)][39m,
    notStrictEqual: [36m[Function (anonymous)][39m,
    deepStrictEqual: [36m[Function (anonymous)][39m,
    deepEqual: [36m[Function (anonymous)][39m,
    notDeepEqual: [36m[Function (anonymous)][39m,
    isAbove: [36m[Function (anonymous)][39m,
    isAtLeast: [36m[Function (anonymous)][39m,
    isBelow: [36m[Function (anonymous)][39m,
    isAtMost: [36m[Function (anonymous)][39m,
    isTrue: [36m[Function (anonymous)][39m,
    isNotTrue: [36m[Function (anonymous)][39m,
    isFalse: [36m[Function (anonymous)][39m,
    isNotFalse: [36m[Function (anonymous)][39m,
    isNull: [36m[Function (anonymous)][39m,
    isNotNull: [36m[Function (anonymous)][39m,
    isNaN: [36m[Function (anonymous)][39m,
    isNotNaN: [36m[Function (anonymous)][39m,
    exists: [36m[Function (anonymous)][39m,
    notExists: [36m[Function (anonymous)][39m,
    isUndefined: [36m[Function (anonymous)][39m,
    isDefined: [36m[Function (anonymous)][39m,
    isCallable: [36m[Function (anonymous)][39m,
    isNotCallable: [36m[Function (anonymous)][39m,
    isObject: [36m[Function (anonymous)][39m,
    isNotObject: [36m[Function (anonymous)][39m,
    isArray: [36m[Function (anonymous)][39m,
    isNotArray: [36m[Function (anonymous)][39m,
    isString: [36m[Function (anonymous)][39m,
    isNotString: [36m[Function (anonymous)][39m,
    isNumber: [36m[Function (anonymous)][39m,
    isNotNumber: [36m[Function (anonymous)][39m,
    isNumeric: [36m[Function (anonymous)][39m,
    isNotNumeric: [36m[Function (anonymous)][39m,
    isFinite: [36m[Function (anonymous)][39m,
    isBoolean: [36m[Function (anonymous)][39m,
    isNotBoolean: [36m[Function (anonymous)][39m,
    typeOf: [36m[Function (anonymous)][39m,
    notTypeOf: [36m[Function (anonymous)][39m,
    instanceOf: [36m[Function (anonymous)][39m,
    notInstanceOf: [36m[Function (anonymous)][39m,
    include: [36m[Function (anonymous)][39m,
    notInclude: [36m[Function (anonymous)][39m,
    deepInclude: [36m[Function (anonymous)][39m,
    notDeepInclude: [36m[Function (anonymous)][39m,
    nestedInclude: [36m[Function (anonymous)][39m,
    notNestedInclude: [36m[Function (anonymous)][39m,
    deepNestedInclude: [36m[Function (anonymous)][39m,
    notDeepNestedInclude: [36m[Function (anonymous)][39m,
    ownInclude: [36m[Function (anonymous)][39m,
    notOwnInclude: [36m[Function (anonymous)][39m,
    deepOwnInclude: [36m[Function (anonymous)][39m,
    notDeepOwnInclude: [36m[Function (anonymous)][39m,
    match: [36m[Function (anonymous)][39m,
    notMatch: [36m[Function (anonymous)][39m,
    property: [36m[Function (anonymous)][39m,
    notProperty: [36m[Function (anonymous)][39m,
    propertyVal: [36m[Function (anonymous)][39m,
    notPropertyVal: [36m[Function (anonymous)][39m,
    deepPropertyVal: [36m[Function (anonymous)][39m,
    notDeepPropertyVal: [36m[Function (anonymous)][39m,
    ownProperty: [36m[Function (anonymous)][39m,
    notOwnProperty: [36m[Function (anonymous)][39m,
    ownPropertyVal: [36m[Function (anonymous)][39m,
    notOwnPropertyVal: [36m[Function (anonymous)][39m,
    deepOwnPropertyVal: [36m[Function (anonymous)][39m,
    notDeepOwnPropertyVal: [36m[Function (anonymous)][39m,
    nestedProperty: [36m[Function (anonymous)][39m,
    notNestedProperty: [36m[Function (anonymous)][39m,
    nestedPropertyVal: [36m[Function (anonymous)][39m,
    notNestedPropertyVal: [36m[Function (anonymous)][39m,
    deepNestedPropertyVal: [36m[Function (anonymous)][39m,
    notDeepNestedPropertyVal: [36m[Function (anonymous)][39m,
    lengthOf: [36m[Function (anonymous)][39m,
    hasAnyKeys: [36m[Function (anonymous)][39m,
    hasAllKeys: [36m[Function (anonymous)][39m,
    containsAllKeys: [36m[Function (anonymous)][39m,
    doesNotHaveAnyKeys: [36m[Function (anonymous)][39m,
    doesNotHaveAllKeys: [36m[Function (anonymous)][39m,
    hasAnyDeepKeys: [36m[Function (anonymous)][39m,
    hasAllDeepKeys: [36m[Function (anonymous)][39m,
    containsAllDeepKeys: [36m[Function (anonymous)][39m,
    doesNotHaveAnyDeepKeys: [36m[Function (anonymous)][39m,
    doesNotHaveAllDeepKeys: [36m[Function (anonymous)][39m,
    throws: [36m[Function (anonymous)][39m,
    doesNotThrow: [36m[Function (anonymous)][39m,
    operator: [36m[Function (anonymous)][39m,
    closeTo: [36m[Function (anonymous)][39m,
    approximately: [36m[Function (anonymous)][39m,
    sameMembers: [36m[Function (anonymous)][39m,
    notSameMembers: [36m[Function (anonymous)][39m,
    sameDeepMembers: [36m[Function (anonymous)][39m,
    notSameDeepMembers: [36m[Function (anonymous)][39m,
    sameOrderedMembers: [36m[Function (anonymous)][39m,
    notSameOrderedMembers: [36m[Function (anonymous)][39m,
    sameDeepOrderedMembers: [36m[Function (anonymous)][39m,
    notSameDeepOrderedMembers: [36m[Function (anonymous)][39m,
    includeMembers: [36m[Function (anonymous)][39m,
    notIncludeMembers: [36m[Function (anonymous)][39m,
    includeDeepMembers: [36m[Function (anonymous)][39m,
    notIncludeDeepMembers: [36m[Function (anonymous)][39m,
    includeOrderedMembers: [36m[Function (anonymous)][39m,
    notIncludeOrderedMembers: [36m[Function (anonymous)][39m,
    includeDeepOrderedMembers: [36m[Function (anonymous)][39m,
    notIncludeDeepOrderedMembers: [36m[Function (anonymous)][39m,
    oneOf: [36m[Function (anonymous)][39m,
    isIterable: [36m[Function (anonymous)][39m,
    changes: [36m[Function (anonymous)][39m,
    changesBy: [36m[Function (anonymous)][39m,
    doesNotChange: [36m[Function (anonymous)][39m,
    changesButNotBy: [36m[Function (anonymous)][39m,
    increases: [36m[Function (anonymous)][39m,
    increasesBy: [36m[Function (anonymous)][39m,
    doesNotIncrease: [36m[Function (anonymous)][39m,
    increasesButNotBy: [36m[Function (anonymous)][39m,
    decreases: [36m[Function (anonymous)][39m,
    decreasesBy: [36m[Function (anonymous)][39m,
    doesNotDecrease: [36m[Function (anonymous)][39m,
    doesNotDecreaseBy: [36m[Function (anonymous)][39m,
    decreasesButNotBy: [36m[Function (anonymous)][39m,
    ifError: [36m[Function (anonymous)][39m,
    isExtensible: [36m[Function (anonymous)][39m,
    isNotExtensible: [36m[Function (anonymous)][39m,
    isSealed: [36m[Function (anonymous)][39m,
    isNotSealed: [36m[Function (anonymous)][39m,
    isFrozen: [36m[Function (anonymous)][39m,
    isNotFrozen: [36m[Function (anonymous)][39m,
    isEmpty: [36m[Function (anonymous)][39m,
    isNotEmpty: [36m[Function (anonymous)][39m,
    containsSubset: [36m[Function (anonymous)][39m,
    doesNotContainSubset: [36m[Function (anonymous)][39m,
    ok: [36m[Function (anonymous)][39m,
    notOk: [36m[Function (anonymous)][39m,
    throw: [36m[Function (anonymous)][39m,
    Throw: [36m[Function (anonymous)][39m,
    extensible: [36m[Function (anonymous)][39m,
    notExtensible: [36m[Function (anonymous)][39m,
    sealed: [36m[Function (anonymous)][39m,
    notSealed: [36m[Function (anonymous)][39m,
    frozen: [36m[Function (anonymous)][39m,
    notFrozen: [36m[Function (anonymous)][39m,
    empty: [36m[Function (anonymous)][39m,
    notEmpty: [36m[Function (anonymous)][39m,
    isFunction: [36m[Function (anonymous)][39m,
    isNotFunction: [36m[Function (anonymous)][39m,
    containSubset: [36m[Function (anonymous)][39m
  },
  expectTypeOf: [36m[Function: expectTypeOf][39m,
  assertType: [36m[Function: assertType][39m,
  vitest: {
    useFakeTimers: [36m[Function: useFakeTimers][39m,
    isFakeTimers: [36m[Function: isFakeTimers][39m,
    useRealTimers: [36m[Function: useRealTimers][39m,
    runOnlyPendingTimers: [36m[Function: runOnlyPendingTimers][39m,
    runOnlyPendingTimersAsync: [36m[AsyncFunction: runOnlyPendingTimersAsync][39m,
    runAllTimers: [36m[Function: runAllTimers][39m,
    runAllTimersAsync: [36m[AsyncFunction: runAllTimersAsync][39m,
    runAllTicks: [36m[Function: runAllTicks][39m,
    advanceTimersByTime: [36m[Function: advanceTimersByTime][39m,
    advanceTimersByTimeAsync: [36m[AsyncFunction: advanceTimersByTimeAsync][39m,
    advanceTimersToNextTimer: [36m[Function: advanceTimersToNextTimer][39m,
    advanceTimersToNextTimerAsync: [36m[AsyncFunction: advanceTimersToNextTimerAsync][39m,
    advanceTimersToNextFrame: [36m[Function: advanceTimersToNextFrame][39m,
    getTimerCount: [36m[Function: getTimerCount][39m,
    setSystemTime: [36m[Function: setSystemTime][39m,
    getMockedSystemTime: [36m[Function: getMockedSystemTime][39m,
    getRealSystemTime: [36m[Function: getRealSystemTime][39m,
    clearAllTimers: [36m[Function: clearAllTimers][39m,
    spyOn: [36m[Function: spyOn][39m,
    fn: [36m[Function: fn][39m,
    waitFor: [36m[Function: waitFor][39m,
    waitUntil: [36m[Function: waitUntil][39m,
    hoisted: [36m[Function: hoisted][39m,
    mock: [36m[Function: mock][39m,
    unmock: [36m[Function: unmock][39m,
    doMock: [36m[Function: doMock][39m,
    doUnmock: [36m[Function: doUnmock][39m,
    importActual: [36m[AsyncFunction: importActual][39m,
    importMock: [36m[AsyncFunction: importMock][39m,
    mockObject: [36m[Function: mockObject][39m,
    mocked: [36m[Function: mocked][39m,
    isMockFunction: [36m[Function: isMockFunction][39m,
    clearAllMocks: [36m[Function: clearAllMocks][39m,
    resetAllMocks: [36m[Function: resetAllMocks][39m,
    restoreAllMocks: [36m[Function: restoreAllMocks][39m,
    stubGlobal: [36m[Function: stubGlobal][39m,
    stubEnv: [36m[Function: stubEnv][39m,
    unstubAllGlobals: [36m[Function: unstubAllGlobals][39m,
    unstubAllEnvs: [36m[Function: unstubAllEnvs][39m,
    resetModules: [36m[Function: resetModules][39m,
    dynamicImportSettled: [36m[AsyncFunction: dynamicImportSettled][39m,
    setConfig: [36m[Function: setConfig][39m,
    resetConfig: [36m[Function: resetConfig][39m
  },
  vi: {
    useFakeTimers: [36m[Function: useFakeTimers][39m,
    isFakeTimers: [36m[Function: isFakeTimers][39m,
    useRealTimers: [36m[Function: useRealTimers][39m,
    runOnlyPendingTimers: [36m[Function: runOnlyPendingTimers][39m,
    runOnlyPendingTimersAsync: [36m[AsyncFunction: runOnlyPendingTimersAsync][39m,
    runAllTimers: [36m[Function: runAllTimers][39m,
    runAllTimersAsync: [36m[AsyncFunction: runAllTimersAsync][39m,
    runAllTicks: [36m[Function: runAllTicks][39m,
    advanceTimersByTime: [36m[Function: advanceTimersByTime][39m,
    advanceTimersByTimeAsync: [36m[AsyncFunction: advanceTimersByTimeAsync][39m,
    advanceTimersToNextTimer: [36m[Function: advanceTimersToNextTimer][39m,
    advanceTimersToNextTimerAsync: [36m[AsyncFunction: advanceTimersToNextTimerAsync][39m,
    advanceTimersToNextFrame: [36m[Function: advanceTimersToNextFrame][39m,
    getTimerCount: [36m[Function: getTimerCount][39m,
    setSystemTime: [36m[Function: setSystemTime][39m,
    getMockedSystemTime: [36m[Function: getMockedSystemTime][39m,
    getRealSystemTime: [36m[Function: getRealSystemTime][39m,
    clearAllTimers: [36m[Function: clearAllTimers][39m,
    spyOn: [36m[Function: spyOn][39m,
    fn: [36m[Function: fn][39m,
    waitFor: [36m[Function: waitFor][39m,
    waitUntil: [36m[Function: waitUntil][39m,
    hoisted: [36m[Function: hoisted][39m,
    mock: [36m[Function: mock][39m,
    unmock: [36m[Function: unmock][39m,
    doMock: [36m[Function: doMock][39m,
    doUnmock: [36m[Function: doUnmock][39m,
    importActual: [36m[AsyncFunction: importActual][39m,
    importMock: [36m[AsyncFunction: importMock][39m,
    mockObject: [36m[Function: mockObject][39m,
    mocked: [36m[Function: mocked][39m,
    isMockFunction: [36m[Function: isMockFunction][39m,
    clearAllMocks: [36m[Function: clearAllMocks][39m,
    resetAllMocks: [36m[Function: resetAllMocks][39m,
    restoreAllMocks: [36m[Function: restoreAllMocks][39m,
    stubGlobal: [36m[Function: stubGlobal][39m,
    stubEnv: [36m[Function: stubEnv][39m,
    unstubAllGlobals: [36m[Function: unstubAllGlobals][39m,
    unstubAllEnvs: [36m[Function: unstubAllEnvs][39m,
    resetModules: [36m[Function: resetModules][39m,
    dynamicImportSettled: [36m[AsyncFunction: dynamicImportSettled][39m,
    setConfig: [36m[Function: setConfig][39m,
    resetConfig: [36m[Function: resetConfig][39m
  },
  beforeAll: [36m[Function: beforeAll][39m,
  afterAll: [36m[Function: afterAll][39m,
  beforeEach: [36m[Function: beforeEach][39m,
  afterEach: [36m[Function: afterEach][39m,
  onTestFinished: [36m[Function (anonymous)][39m,
  onTestFailed: [36m[Function (anonymous)][39m,
  __vitest_required__: {
    util: {
      _errnoException: [36m[Function: _errnoException][39m,
      _exceptionWithHostPort: [36m[Function: _exceptionWithHostPort][39m,
      _extend: [36m[Function: deprecated][39m,
      callbackify: [36m[Function: callbackify][39m,
      debug: [36m[Function: debuglog][39m,
      debuglog: [36m[Function: debuglog][39m,
      deprecate: [36m[Function: deprecate][39m,
      format: [36m[Function: format][39m,
      styleText: [36m[Function: styleText][39m,
      formatWithOptions: [36m[Function: formatWithOptions][39m,
      getCallSite: [36m[Function: deprecated][39m,
      getCallSites: [36m[Function: getCallSites][39m,
      getSystemErrorMap: [36m[Function: getSystemErrorMap][39m,
      getSystemErrorName: [36m[Function: getSystemErrorName][39m,
      getSystemErrorMessage: [36m[Function: getSystemErrorMessage][39m,
      inherits: [36m[Function: inherits][39m,
      inspect: [36m[Function][39m,
      isArray: [36m[Function: deprecated][39m,
      isBoolean: [36m[Function: deprecated][39m,
      isBuffer: [36m[Function: deprecated][39m,
      isDeepStrictEqual: [36m[Function: isDeepStrictEqual][39m,
      isNull: [36m[Function: deprecated][39m,
      isNullOrUndefined: [36m[Function: deprecated][39m,
      isNumber: [36m[Function: deprecated][39m,
      isString: [36m[Function: deprecated][39m,
      isSymbol: [36m[Function: deprecated][39m,
      isUndefined: [36m[Function: deprecated][39m,
      isRegExp: [36m[Function: deprecated][39m,
      isObject: [36m[Function: deprecated][39m,
      isDate: [36m[Function: deprecated][39m,
      isError: [36m[Function: deprecated][39m,
      isFunction: [36m[Function: deprecated][39m,
      isPrimitive: [36m[Function: deprecated][39m,
      log: [36m[Function: deprecated][39m,
      promisify: [36m[Function][39m,
      stripVTControlCharacters: [36m[Function: stripVTControlCharacters][39m,
      toUSVString: [36m[Function: toUSVString][39m,
      transferableAbortSignal: [36m[Getter][39m,
      transferableAbortController: [36m[Getter][39m,
      aborted: [36m[Getter][39m,
      types: [36m[Object][39m,
      parseEnv: [36m[Function: parseEnv][39m,
      parseArgs: [36m[Function: parseArgs][39m,
      TextDecoder: [36m[class TextDecoder][39m,
      TextEncoder: [36m[class TextEncoder][39m,
      MIMEType: [36m[class MIMEType][39m,
      MIMEParams: [36m[class MIMEParams][39m,
      diff: [36m[Function: diff][39m,
      setTraceSigInt: [36m[Function: setTraceSigInt][39m
    },
    timers: {
      setTimeout: [36m[Function][39m,
      clearTimeout: [36m[Function: clearTimeout][39m,
      setImmediate: [36m[Function][39m,
      clearImmediate: [36m[Function: clearImmediate][39m,
      setInterval: [36m[Function: setInterval][39m,
      clearInterval: [36m[Function: clearInterval][39m,
      _unrefActive: [36m[Function: deprecated][39m,
      active: [36m[Function: deprecated][39m,
      unenroll: [36m[Function: deprecated][39m,
      enroll: [36m[Function: deprecated][39m,
      promises: [36m[Getter][39m
    },
    timersPromises: {
      setTimeout: [36m[Function: setTimeout][39m,
      setImmediate: [36m[Function: setImmediate][39m,
      setInterval: [36m[AsyncGeneratorFunction: setInterval][39m,
      scheduler: [36m[Scheduler][39m
    }
  },
  ch: [33m107[39m,
  ResizeObserver: [36m[class ResizeObserverMock][39m,
  [[32mSymbol(vitest:SAFE_TIMERS)[39m]: {
    nextTick: [36m[Function: nextTick][39m,
    setTimeout: [Function: setTimeout] {
      [[32mSymbol(nodejs.util.promisify.custom)[39m]: [36m[Getter][39m
    },
    setInterval: [36m[Function: setInterval][39m,
    clearInterval: [36m[Function: clearInterval][39m,
    clearTimeout: [36m[Function: clearTimeout][39m,
    setImmediate: [Function: setImmediate] {
      [[32mSymbol(nodejs.util.promisify.custom)[39m]: [36m[Getter][39m
    },
    clearImmediate: [36m[Function: clearImmediate][39m,
    queueMicrotask: [36m[Function: queueMicrotask][39m
  }
}

[90mstderr[2m | src/components/__tests__/tutorial-spotlight.test.ts[2m > [22m[2mTutorialSpotlight[2m > 
[22m[2mKeyboard Navigation[2m > [22m[2mshould skip tutorial on Escape key
[22m[39mBaseComponent.on: Target is not HTMLElement, Document, or Window [36m<ref *1>[39m Object [global] {
  global: [36m[Circular *1][39m,
  clearImmediate: [Function: clearImmediate] {
    hadOwnProperty: [33mtrue[39m,
    clock: {
      now: [33m1764681223374[39m,
      Date: [36m[Function][39m,
      loopLimit: [33m10000[39m,
      Intl: [36m[Object][39m,
      requestIdleCallback: [36m[Function: requestIdleCallback][39m,
      cancelIdleCallback: [36m[Function: cancelIdleCallback][39m,
      setTimeout: [36m[Function][39m,
      clearTimeout: [36m[Function][39m,
      nextTick: [36m[Function: nextTick][39m,
      queueMicrotask: [36m[Function: queueMicrotask][39m,
      setInterval: [36m[Function][39m,
      clearInterval: [36m[Function][39m,
      setImmediate: [36m[Function][39m,
      clearImmediate: [36m[Function][39m,
      countTimers: [36m[Function: countTimers][39m,
      requestAnimationFrame: [36m[Function][39m,
      cancelAnimationFrame: [36m[Function][39m,
      runMicrotasks: [36m[Function: runMicrotasks][39m,
      tick: [36m[Function: tick][39m,
      tickAsync: [36m[Function: tickAsync][39m,
      next: [36m[Function: next][39m,
      nextAsync: [36m[Function: nextAsync][39m,
      runAll: [36m[Function: runAll][39m,
      runToFrame: [36m[Function: runToFrame][39m,
      runAllAsync: [36m[Function: runAllAsync][39m,
      runToLast: [36m[Function: runToLast][39m,
      runToLastAsync: [36m[Function: runToLastAsync][39m,
      reset: [36m[Function: reset][39m,
      setSystemTime: [36m[Function: setSystemTime][39m,
      jump: [36m[Function: jump][39m,
      performance: [36m[Object: null prototype][39m,
      hrtime: [36m[Function][39m,
      shouldClearNativeTimers: [33mtrue[39m,
      uninstall: [36m[Function (anonymous)][39m,
      abortListenerMap: Map(0) {},
      methods: [36m[Array][39m,
      _setTimeout: [36m[Function][39m,
      _clearTimeout: [36m[Function: clearTimeout][39m,
      _setInterval: [36m[Function: setInterval][39m,
      _clearInterval: [36m[Function: clearInterval][39m,
      _Date: [36m[Function: Date][39m,
      _setImmediate: [36m[Function][39m,
      _clearImmediate: [36m[Function: clearImmediate][39m,
      _hrtime: [36m[Function][39m,
      _performance: [36m[Performance][39m,
      _requestAnimationFrame: [36m[Function: bound ][39m,
      _cancelAnimationFrame: [36m[Function: bound ][39m,
      _Intl: Object [Intl] {}
    }
  },
  setImmediate: [Function: setImmediate] {
    hadOwnProperty: [33mtrue[39m,
    clock: {
      now: [33m1764681223374[39m,
      Date: [36m[Function][39m,
      loopLimit: [33m10000[39m,
      Intl: [36m[Object][39m,
      requestIdleCallback: [36m[Function: requestIdleCallback][39m,
      cancelIdleCallback: [36m[Function: cancelIdleCallback][39m,
      setTimeout: [36m[Function][39m,
      clearTimeout: [36m[Function][39m,
      nextTick: [36m[Function: nextTick][39m,
      queueMicrotask: [36m[Function: queueMicrotask][39m,
      setInterval: [36m[Function][39m,
      clearInterval: [36m[Function][39m,
      setImmediate: [36m[Function][39m,
      clearImmediate: [36m[Function][39m,
      countTimers: [36m[Function: countTimers][39m,
      requestAnimationFrame: [36m[Function][39m,
      cancelAnimationFrame: [36m[Function][39m,
      runMicrotasks: [36m[Function: runMicrotasks][39m,
      tick: [36m[Function: tick][39m,
      tickAsync: [36m[Function: tickAsync][39m,
      next: [36m[Function: next][39m,
      nextAsync: [36m[Function: nextAsync][39m,
      runAll: [36m[Function: runAll][39m,
      runToFrame: [36m[Function: runToFrame][39m,
      runAllAsync: [36m[Function: runAllAsync][39m,
      runToLast: [36m[Function: runToLast][39m,
      runToLastAsync: [36m[Function: runToLastAsync][39m,
      reset: [36m[Function: reset][39m,
      setSystemTime: [36m[Function: setSystemTime][39m,
      jump: [36m[Function: jump][39m,
      performance: [36m[Object: null prototype][39m,
      hrtime: [36m[Function][39m,
      shouldClearNativeTimers: [33mtrue[39m,
      uninstall: [36m[Function (anonymous)][39m,
      abortListenerMap: Map(0) {},
      methods: [36m[Array][39m,
      _setTimeout: [36m[Function][39m,
      _clearTimeout: [36m[Function: clearTimeout][39m,
      _setInterval: [36m[Function: setInterval][39m,
      _clearInterval: [36m[Function: clearInterval][39m,
      _Date: [36m[Function: Date][39m,
      _setImmediate: [36m[Function][39m,
      _clearImmediate: [36m[Function: clearImmediate][39m,
      _hrtime: [36m[Function][39m,
      _performance: [36m[Performance][39m,
      _requestAnimationFrame: [36m[Function: bound ][39m,
      _cancelAnimationFrame: [36m[Function: bound ][39m,
      _Intl: Object [Intl] {}
    },
    [[32mSymbol(nodejs.util.promisify.custom)[39m]: [36m[Function: promisifiedSetImmediate][39m
  },
  clearInterval: [Function: clearInterval] {
    hadOwnProperty: [33mtrue[39m,
    clock: {
      now: [33m1764681223374[39m,
      Date: [36m[Function][39m,
      loopLimit: [33m10000[39m,
      Intl: [36m[Object][39m,
      requestIdleCallback: [36m[Function: requestIdleCallback][39m,
      cancelIdleCallback: [36m[Function: cancelIdleCallback][39m,
      setTimeout: [36m[Function][39m,
      clearTimeout: [36m[Function][39m,
      nextTick: [36m[Function: nextTick][39m,
      queueMicrotask: [36m[Function: queueMicrotask][39m,
      setInterval: [36m[Function][39m,
      clearInterval: [36m[Function][39m,
      setImmediate: [36m[Function][39m,
      clearImmediate: [36m[Function][39m,
      countTimers: [36m[Function: countTimers][39m,
 [32mΓ£ô[39m src/components/__tests__/theme-switcher.test.ts[2m > [22mThemeSwitcher[2m > [22mTheme Selection[2m > [22mshould persist theme to storage[32m 122[2mms[22m[39m
      requestAnimationFrame: [36m[Function][39m,
      cancelAnimationFrame: [36m[Function][39m,
      runMicrotasks: [36m[Function: runMicrotasks][39m,
      tick: [36m[Function: tick][39m,
      tickAsync: [36m[Function: tickAsync][39m,
      next: [36m[Function: next][39m,
      nextAsync: [36m[Function: nextAsync][39m,
      runAll: [36m[Function: runAll][39m,
      runToFrame: [36m[Function: runToFrame][39m,
      runAllAsync: [36m[Function: runAllAsync][39m,
      runToLast: [36m[Function: runToLast][39m,
      runToLastAsync: [36m[Function: runToLastAsync][39m,
      reset: [36m[Function: reset][39m,
      setSystemTime: [36m[Function: setSystemTime][39m,
      jump: [36m[Function: jump][39m,
      performance: [36m[Object: null prototype][39m,
      hrtime: [36m[Function][39m,
      shouldClearNativeTimers: [33mtrue[39m,
      uninstall: [36m[Function (anonymous)][39m,
      abortListenerMap: Map(0) {},
      methods: [36m[Array][39m,
      _setTimeout: [36m[Function][39m,
      _clearTimeout: [36m[Function: clearTimeout][39m,
      _setInterval: [36m[Function: setInterval][39m,
      _clearInterval: [36m[Function: clearInterval][39m,
      _Date: [36m[Function: Date][39m,
      _setImmediate: [36m[Function][39m,
      _clearImmediate: [36m[Function: clearImmediate][39m,
      _hrtime: [36m[Function][39m,
      _performance: [36m[Performance][39m,
      _requestAnimationFrame: [36m[Function: bound ][39m,
      _cancelAnimationFrame: [36m[Function: bound ][39m,
      _Intl: Object [Intl] {}
    }
  },
  clearTimeout: [Function: clearTimeout] {
    hadOwnProperty: [33mtrue[39m,
    clock: {
      now: [33m1764681223374[39m,
      Date: [36m[Function][39m,
      loopLimit: [33m10000[39m,
      Intl: [36m[Object][39m,
      requestIdleCallback: [36m[Function: requestIdleCallback][39m,
      cancelIdleCallback: [36m[Function: cancelIdleCallback][39m,
      setTimeout: [36m[Function][39m,
      clearTimeout: [36m[Function][39m,
      nextTick: [36m[Function: nextTick][39m,
      queueMicrotask: [36m[Function: queueMicrotask][39m,
      setInterval: [36m[Function][39m,
      clearInterval: [36m[Function][39m,
      setImmediate: [36m[Function][39m,
      clearImmediate: [36m[Function][39m,
      countTimers: [36m[Function: countTimers][39m,
      requestAnimationFrame: [36m[Function][39m,
      cancelAnimationFrame: [36m[Function][39m,
      runMicrotasks: [36m[Function: runMicrotasks][39m,
      tick: [36m[Function: tick][39m,
      tickAsync: [36m[Function: tickAsync][39m,
      next: [36m[Function: next][39m,
      nextAsync: [36m[Function: nextAsync][39m,
      runAll: [36m[Function: runAll][39m,
      runToFrame: [36m[Function: runToFrame][39m,
      runAllAsync: [36m[Function: runAllAsync][39m,
      runToLast: [36m[Function: runToLast][39m,
      runToLastAsync: [36m[Function: runToLastAsync][39m,
      reset: [36m[Function: reset][39m,
      setSystemTime: [36m[Function: setSystemTime][39m,
      jump: [36m[Function: jump][39m,
      performance: [36m[Object: null prototype][39m,
      hrtime: [36m[Function][39m,
      shouldClearNativeTimers: [33mtrue[39m,
      uninstall: [36m[Function (anonymous)][39m,
      abortListenerMap: Map(0) {},
      methods: [36m[Array][39m,
      _setTimeout: [36m[Function][39m,
      _clearTimeout: [36m[Function: clearTimeout][39m,
      _setInterval: [36m[Function: setInterval][39m,
      _clearInterval: [36m[Function: clearInterval][39m,
      _Date: [36m[Function: Date][39m,
      _setImmediate: [36m[Function][39m,
      _clearImmediate: [36m[Function: clearImmediate][39m,
      _hrtime: [36m[Function][39m,
      _performance: [36m[Performance][39m,
      _requestAnimationFrame: [36m[Function: bound ][39m,
      _cancelAnimationFrame: [36m[Function: bound ][39m,
      _Intl: Object [Intl] {}
    }
  },
  setInterval: [Function: setInterval] {
    hadOwnProperty: [33mtrue[39m,
    clock: {
      now: [33m1764681223374[39m,
      Date: [36m[Function][39m,
      loopLimit: [33m10000[39m,
      Intl: [36m[Object][39m,
      requestIdleCallback: [36m[Function: requestIdleCallback][39m,
      cancelIdleCallback: [36m[Function: cancelIdleCallback][39m,
      setTimeout: [36m[Function][39m,
      clearTimeout: [36m[Function][39m,
      nextTick: [36m[Function: nextTick][39m,
      queueMicrotask: [36m[Function: queueMicrotask][39m,
      setInterval: [36m[Function][39m,
      clearInterval: [36m[Function][39m,
      setImmediate: [36m[Function][39m,
      clearImmediate: [36m[Function][39m,
      countTimers: [36m[Function: countTimers][39m,
      requestAnimationFrame: [36m[Function][39m,
      cancelAnimationFrame: [36m[Function][39m,
      runMicrotasks: [36m[Function: runMicrotasks][39m,
      tick: [36m[Function: tick][39m,
      tickAsync: [36m[Function: tickAsync][39m,
      next: [36m[Function: next][39m,
      nextAsync: [36m[Function: nextAsync][39m,
      runAll: [36m[Function: runAll][39m,
      runToFrame: [36m[Function: runToFrame][39m,
      runAllAsync: [36m[Function: runAllAsync][39m,
      runToLast: [36m[Function: runToLast][39m,
      runToLastAsync: [36m[Function: runToLastAsync][39m,
      reset: [36m[Function: reset][39m,
      setSystemTime: [36m[Function: setSystemTime][39m,
      jump: [36m[Function: jump][39m,
      performance: [36m[Object: null prototype][39m,
      hrtime: [36m[Function][39m,
      shouldClearNativeTimers: [33mtrue[39m,
      uninstall: [36m[Function (anonymous)][39m,
      abortListenerMap: Map(0) {},
      methods: [36m[Array][39m,
      _setTimeout: [36m[Function][39m,
      _clearTimeout: [36m[Function: clearTimeout][39m,
      _setInterval: [36m[Function: setInterval][39m,
      _clearInterval: [36m[Function: clearInterval][39m,
      _Date: [36m[Function: Date][39m,
      _setImmediate: [36m[Function][39m,
      _clearImmediate: [36m[Function: clearImmediate][39m,
      _hrtime: [36m[Function][39m,
      _performance: [36m[Performance][39m,
      _requestAnimationFrame: [36m[Function: bound ][39m,
      _cancelAnimationFrame: [36m[Function: bound ][39m,
      _Intl: Object [Intl] {}
    }
  },
  setTimeout: [Function: setTimeout] {
    hadOwnProperty: [33mtrue[39m,
    clock: {
      now: [33m1764681223374[39m,
      Date: [36m[Function][39m,
      loopLimit: [33m10000[39m,
      Intl: [36m[Object][39m,
      requestIdleCallback: [36m[Function: requestIdleCallback][39m,
      cancelIdleCallback: [36m[Function: cancelIdleCallback][39m,
      setTimeout: [36m[Function][39m,
      clearTimeout: [36m[Function][39m,
      nextTick: [36m[Function: nextTick][39m,
      queueMicrotask: [36m[Function: queueMicrotask][39m,
      setInterval: [36m[Function][39m,
      clearInterval: [36m[Function][39m,
      setImmediate: [36m[Function][39m,
      clearImmediate: [36m[Function][39m,
      countTimers: [36m[Function: countTimers][39m,
      requestAnimationFrame: [36m[Function][39m,
      cancelAnimationFrame: [36m[Function][39m,
      runMicrotasks: [36m[Function: runMicrotasks][39m,
      tick: [36m[Function: tick][39m,
      tickAsync: [36m[Function: tickAsync][39m,
      next: [36m[Function: next][39m,
      nextAsync: [36m[Function: nextAsync][39m,
      runAll: [36m[Function: runAll][39m,
      runToFrame: [36m[Function: runToFrame][39m,
      runAllAsync: [36m[Function: runAllAsync][39m,
      runToLast: [36m[Function: runToLast][39m,
      runToLastAsync: [36m[Function: runToLastAsync][39m,
      reset: [36m[Function: reset][39m,
      setSystemTime: [36m[Function: setSystemTime][39m,
      jump: [36m[Function: jump][39m,
      performance: [36m[Object: null prototype][39m,
      hrtime: [36m[Function][39m,
      shouldClearNativeTimers: [33mtrue[39m,
      uninstall: [36m[Function (anonymous)][39m,
      abortListenerMap: Map(0) {},
      methods: [36m[Array][39m,
      _setTimeout: [36m[Function][39m,
      _clearTimeout: [36m[Function: clearTimeout][39m,
      _setInterval: [36m[Function: setInterval][39m,
      _clearInterval: [36m[Function: clearInterval][39m,
      _Date: [36m[Function: Date][39m,
      _setImmediate: [36m[Function][39m,
      _clearImmediate: [36m[Function: clearImmediate][39m,
      _hrtime: [36m[Function][39m,
      _performance: [36m[Performance][39m,
      _requestAnimationFrame: [36m[Function: bound ][39m,
      _cancelAnimationFrame: [36m[Function: bound ][39m,
      _Intl: Object [Intl] {}
    },
    [[32mSymbol(nodejs.util.promisify.custom)[39m]: [36m[Function: promisifiedSetTimeout][39m
  },
  queueMicrotask: [36m[Function: queueMicrotask][39m,
  structuredClone: [36m[Function: structuredClone][39m,
  atob: [36m[Function: atob][39m,
  btoa: [36m[Function: btoa][39m,
  performance: [36m[Getter/Setter][39m,
  fetch: [36m[Function: fetch][39m,
  navigator: [36m[Getter/Setter][39m,
  crypto: [36m[Getter][39m,
  window: [36m[Circular *1][39m,
  self: [36m[Circular *1][39m,
  top: [36m[Circular *1][39m,
  parent: [36m[Circular *1][39m,
  jsdom: JSDOM {
    [[32mSymbol(window)[39m]: [36m<ref *2>[39m Window {
      StyleSheet: [36m[Function: StyleSheet][39m,
      MediaList: [36m[Function: MediaList][39m,
      CSSStyleSheet: [36m[Function: CSSStyleSheet][39m,
      CSSRule: [36m[Function][39m,
      CSSStyleRule: [36m[Function][39m,
      CSSMediaRule: [36m[Function: CSSMediaRule][39m,
      CSSImportRule: [36m[Function: CSSImportRule][39m,
      CSSStyleDeclaration: [36m[class CSSStyleDeclaration][39m,
      XPathException: [36m[Function][39m,
      XPathExpression: [36m[Function: XPathExpression][39m,
      XPathResult: [36m[Function][39m,
      XPathEvaluator: [36m[Function: XPathEvaluator][39m,
      onafterprint: [36m[Getter/Setter][39m,
      onbeforeprint: [36m[Getter/Setter][39m,
      onbeforeunload: [36m[Getter/Setter][39m,
      onhashchange: [36m[Getter/Setter][39m,
      onlanguagechange: [36m[Getter/Setter][39m,
      onmessage: [36m[Getter/Setter][39m,
      onmessageerror: [36m[Getter/Setter][39m,
      onoffline: [36m[Getter/Setter][39m,
      ononline: [36m[Getter/Setter][39m,
      onpagehide: [36m[Getter/Setter][39m,
      onpageshow: [36m[Getter/Setter][39m,
      onpopstate: [36m[Getter/Setter][39m,
      onrejectionhandled: [36m[Getter/Setter][39m,
      onstorage: [36m[Getter/Setter][39m,
      onunhandledrejection: [36m[Getter/Setter][39m,
      onunload: [36m[Getter/Setter][39m,
      onblur: [36m[Getter/Setter][39m,
      onerror: [36m[Getter/Setter][39m,
      onfocus: [36m[Getter/Setter][39m,
      onload: [36m[Getter/Setter][39m,
      onresize: [36m[Getter/Setter][39m,
      onscroll: [36m[Getter/Setter][39m,
      onabort: [36m[Getter/Setter][39m,
      onauxclick: [36m[Getter/Setter][39m,
      onbeforeinput: [36m[Getter/Setter][39m,
      onbeforematch: [36m[Getter/Setter][39m,
      onbeforetoggle: [36m[Getter/Setter][39m,
      oncancel: [36m[Getter/Setter][39m,
      oncanplay: [36m[Getter/Setter][39m,
      oncanplaythrough: [36m[Getter/Setter][39m,
      onchange: [36m[Getter/Setter][39m,
      onclick: [36m[Getter/Setter][39m,
      onclose: [36m[Getter/Setter][39m,
      oncontextlost: [36m[Getter/Setter][39m,
      oncontextmenu: [36m[Getter/Setter][39m,
      oncontextrestored: [36m[Getter/Setter][39m,
      oncopy: [36m[Getter/Setter][39m,
      oncuechange: [36m[Getter/Setter][39m,
      oncut: [36m[Getter/Setter][39m,
      ondblclick: [36m[Getter/Setter][39m,
      ondrag: [36m[Getter/Setter][39m,
      ondragend: [36m[Getter/Setter][39m,
      ondragenter: [36m[Getter/Setter][39m,
      ondragleave: [36m[Getter/Setter][39m,
      ondragover: [36m[Getter/Setter][39m,
      ondragstart: [36m[Getter/Setter][39m,
      ondrop: [36m[Getter/Setter][39m,
      ondurationchange: [36m[Getter/Setter][39m,
      onemptied: [36m[Getter/Setter][39m,
      onended: [36m[Getter/Setter][39m,
      onformdata: [36m[Getter/Setter][39m,
      oninput: [36m[Getter/Setter][39m,
      oninvalid: [36m[Getter/Setter][39m,
      onkeydown: [36m[Getter/Setter][39m,
      onkeypress: [36m[Getter/Setter][39m,
      onkeyup: [36m[Getter/Setter][39m,
      onloadeddata: [36m[Getter/Setter][39m,
      onloadedmetadata: [36m[Getter/Setter][39m,
      onloadstart: [36m[Getter/Setter][39m,
      onmousedown: [36m[Getter/Setter][39m,
      onmouseenter: [36m[Getter/Setter][39m,
      onmouseleave: [36m[Getter/Setter][39m,
      onmousemove: [36m[Getter/Setter][39m,
      onmouseout: [36m[Getter/Setter][39m,
      onmouseover: [36m[Getter/Setter][39m,
      onmouseup: [36m[Getter/Setter][39m,
      onpaste: [36m[Getter/Setter][39m,
      onpause: [36m[Getter/Setter][39m,
      onplay: [36m[Getter/Setter][39m,
      onplaying: [36m[Getter/Setter][39m,
      onprogress: [36m[Getter/Setter][39m,
      onratechange: [36m[Getter/Setter][39m,
      onreset: [36m[Getter/Setter][39m,
      onscrollend: [36m[Getter/Setter][39m,
      onsecuritypolicyviolation: [36m[Getter/Setter][39m,
      onseeked: [36m[Getter/Setter][39m,
      onseeking: [36m[Getter/Setter][39m,
      onselect: [36m[Getter/Setter][39m,
      onslotchange: [36m[Getter/Setter][39m,
      onstalled: [36m[Getter/Setter][39m,
      onsubmit: [36m[Getter/Setter][39m,
      onsuspend: [36m[Getter/Setter][39m,
      ontimeupdate: [36m[Getter/Setter][39m,
      ontoggle: [36m[Getter/Setter][39m,
      onvolumechange: [36m[Getter/Setter][39m,
      onwaiting: [36m[Getter/Setter][39m,
      onwebkitanimationend: [36m[Getter/Setter][39m,
      onwebkitanimationiteration: [36m[Getter/Setter][39m,
      onwebkitanimationstart: [36m[Getter/Setter][39m,
      onwebkittransitionend: [36m[Getter/Setter][39m,
      onwheel: [36m[Getter/Setter][39m,
      ontouchstart: [36m[Getter/Setter][39m,
      ontouchend: [36m[Getter/Setter][39m,
      ontouchmove: [36m[Getter/Setter][39m,
      ontouchcancel: [36m[Getter/Setter][39m,
      _registeredHandlers: Set(0) {},
      _eventHandlers: [Object: null prototype] {},
      onautocomplete: [36m[Getter/Setter][39m,
      onautocompleteerror: [36m[Getter/Setter][39m,
      onsort: [36m[Getter/Setter][39m,
      _globalObject: [36m[Circular *2][39m,
      _resourceLoader: [36m[NoOpResourceLoader][39m,
      _globalProxy: [36m[Object [Window]][39m,
      _document: [36m[Document][39m,
      _origin: [32m'http://localhost:3000'[39m,
      _sessionHistory: [36m[SessionHistory][39m,
      _virtualConsole: [36m[VirtualConsole][39m,
      _runScripts: [32m'dangerously'[39m,
      _top: [36m[Object [Window]][39m,
      _parent: [36m[Object [Window]][39m,
      _frameElement: [1mnull[22m,
      _length: [33m0[39m,
      _currentEvent: [90mundefined[39m,
      _pretendToBeVisual: [33mtrue[39m,
      _storageQuota: [33m5000000[39m,
      _commonForOrigin: [36m[Object][39m,
      _currentOriginData: [36m[Object][39m,
      _localStorage: Storage {},
      _sessionStorage: Storage {},
      _selection: [36m[SelectionImpl][39m,
      getSelection: [36m[Function (anonymous)][39m,
      _customElementRegistry: CustomElementRegistry {},
      length: [36m[Getter/Setter][39m,
      window: [36m[Getter][39m,
      frameElement: [36m[Getter][39m,
      frames: [36m[Getter/Setter][39m,
      self: [36m[Getter/Setter][39m,
      parent: [36m[Getter/Setter][39m,
      top: [36m[Getter][39m,
      document: [36m[Getter][39m,
      external: [36m[Getter/Setter][39m,
      location: [36m[Getter/Setter][39m,
      history: [36m[Getter][39m,
      navigator: [36m[Getter][39m,
      locationbar: [36m[Getter/Setter][39m,
      menubar: [36m[Getter/Setter][39m,
      personalbar: [36m[Getter/Setter][39m,
      scrollbars: [36m[Getter/Setter][39m,
      statusbar: [36m[Getter/Setter][39m,
      toolbar: [36m[Getter/Setter][39m,
      performance: [36m[Getter][39m,
      screen: [36m[Getter/Setter][39m,
      crypto: [36m[Getter][39m,
      origin: [36m[Getter/Setter][39m,
      localStorage: [36m[Getter][39m,
      sessionStorage: [36m[Getter][39m,
      customElements: [36m[Getter][39m,
      event: [36m[Getter/Setter][39m,
      setTimeout: [36m[Function (anonymous)][39m,
      setInterval: [36m[Function (anonymous)][39m,
      clearTimeout: [36m[Function (anonymous)][39m,
      clearInterval: [36m[Function (anonymous)][39m,
      queueMicrotask: [36m[Function (anonymous)][39m,
      requestAnimationFrame: [36m[Function (anonymous)][39m,
      cancelAnimationFrame: [36m[Function (anonymous)][39m,
      postMessage: [36m[Function (anonymous)][39m,
      atob: [36m[Function (anonymous)][39m,
      btoa: [36m[Function (anonymous)][39m,
      stop: [36m[Function (anonymous)][39m,
      close: [36m[Function (anonymous)][39m,
      getComputedStyle: [36m[Function (anonymous)][39m,
      captureEvents: [36m[Function (anonymous)][39m,
      releaseEvents: [36m[Function (anonymous)][39m,
      console: [36m[Object][39m,
      name: [32m''[39m,
      status: [32m''[39m,
      devicePixelRatio: [33m1[39m,
      innerWidth: [33m1024[39m,
      innerHeight: [33m768[39m,
      outerWidth: [33m1024[39m,
      outerHeight: [33m768[39m,
      pageXOffset: [33m0[39m,
      pageYOffset: [33m0[39m,
      screenX: [33m0[39m,
      screenLeft: [33m0[39m,
      screenY: [33m0[39m,
      screenTop: [33m0[39m,
      scrollX: [33m0[39m,
      scrollY: [33m0[39m,
      alert: [36m[Function (anonymous)][39m,
      blur: [36m[Function (anonymous)][39m,
      confirm: [36m[Function (anonymous)][39m,
      focus: [36m[Function (anonymous)][39m,
      moveBy: [36m[Function (anonymous)][39m,
      moveTo: [36m[Function (anonymous)][39m,
      open: [36m[Function (anonymous)][39m,
      print: [36m[Function (anonymous)][39m,
      prompt: [36m[Function (anonymous)][39m,
      resizeBy: [36m[Function (anonymous)][39m,
      resizeTo: [36m[Function (anonymous)][39m,
      scroll: [36m[Function (anonymous)][39m,
      scrollBy: [36m[Function (anonymous)][39m,
      scrollTo: [36m[Function (anonymous)][39m,
      [32m'test-container'[39m: [36m[Getter/Setter][39m,
      [32m'tutorial-target'[39m: [36m[Getter/Setter][39m,
      [[32mSymbol([webidl2js] constructor registry)[39m]: [36m[Object: null prototype][39m,
      [[32mSymbol(named property tracker)[39m]: [36m[NamedPropertiesTracker][39m
    }
  },
  suite: [Function: chain] {
    each: [36m[Function (anonymous)][39m,
    for: [36m[Function (anonymous)][39m,
    skipIf: [36m[Function (anonymous)][39m,
    runIf: [36m[Function (anonymous)][39m,
    withContext: [36m[Function (anonymous)][39m,
    setContext: [36m[Function (anonymous)][39m,
    mergeContext: [36m[Function (anonymous)][39m,
    fn: [Function: suiteFn] {
      each: [36m[Function (anonymous)][39m,
      for: [36m[Function (anonymous)][39m,
      skipIf: [36m[Function (anonymous)][39m,
      runIf: [36m[Function (anonymous)][39m
    }
  },
  test: [Function: chain] {
    each: [36m[Function (anonymous)][39m,
    for: [36m[Function (anonymous)][39m,
    skipIf: [36m[Function (anonymous)][39m,
    runIf: [36m[Function (anonymous)][39m,
    scoped: [36m[Function (anonymous)][39m,
    extend: [36m[Function (anonymous)][39m,
    beforeEach: [36m[Function: beforeEach][39m,
    afterEach: [36m[Function: afterEach][39m,
    beforeAll: [36m[Function: beforeAll][39m,
    afterAll: [36m[Function: afterAll][39m,
    withContext: [36m[Function (anonymous)][39m,
    setContext: [36m[Function (anonymous)][39m,
    mergeContext: [36m[Function (anonymous)][39m,
    fn: [Function (anonymous)] {
      each: [36m[Function (anonymous)][39m,
      for: [36m[Function (anonymous)][39m,
      skipIf: [36m[Function (anonymous)][39m,
      runIf: [36m[Function (anonymous)][39m,
      scoped: [36m[Function (anonymous)][39m,
      extend: [36m[Function (anonymous)][39m,
      beforeEach: [36m[Function: beforeEach][39m,
      afterEach: [36m[Function: afterEach][39m,
      beforeAll: [36m[Function: beforeAll][39m,
      afterAll: [36m[Function: afterAll][39m
    }
  },
  describe: [Function: chain] {
    each: [36m[Function (anonymous)][39m,
    for: [36m[Function (anonymous)][39m,
    skipIf: [36m[Function (anonymous)][39m,
    runIf: [36m[Function (anonymous)][39m,
    withContext: [36m[Function (anonymous)][39m,
    setContext: [36m[Function (anonymous)][39m,
    mergeContext: [36m[Function (anonymous)][39m,
    fn: [Function: suiteFn] {
      each: [36m[Function (anonymous)][39m,
      for: [36m[Function (anonymous)][39m,
      skipIf: [36m[Function (anonymous)][39m,
      runIf: [36m[Function (anonymous)][39m
    }
  },
  it: [Function: chain] {
    each: [36m[Function (anonymous)][39m,
    for: [36m[Function (anonymous)][39m,
    skipIf: [36m[Function (anonymous)][39m,
    runIf: [36m[Function (anonymous)][39m,
    scoped: [36m[Function (anonymous)][39m,
    extend: [36m[Function (anonymous)][39m,
    beforeEach: [36m[Function: beforeEach][39m,
    afterEach: [36m[Function: afterEach][39m,
    beforeAll: [36m[Function: beforeAll][39m,
    afterAll: [36m[Function: afterAll][39m,
    withContext: [36m[Function (anonymous)][39m,
    setContext: [36m[Function (anonymous)][39m,
    mergeContext: [36m[Function (anonymous)][39m,
    fn: [Function (anonymous)] {
      each: [36m[Function (anonymous)][39m,
      for: [36m[Function (anonymous)][39m,
      skipIf: [36m[Function (anonymous)][39m,
      runIf: [36m[Function (anonymous)][39m,
      scoped: [36m[Function (anonymous)][39m,
      extend: [36m[Function (anonymous)][39m,
      beforeEach: [36m[Function: beforeEach][39m,
      afterEach: [36m[Function: afterEach][39m,
      beforeAll: [36m[Function: beforeAll][39m,
      afterAll: [36m[Function: afterAll][39m
    }
  },
  chai: [Module: null prototype] {
    Assertion: [36m[class Assertion][39m,
    AssertionError: [36m[class AssertionError extends Error][39m,
    Should: [36m[Function: loadShould][39m,
    assert: [Function: assert] {
      fail: [36m[Function (anonymous)][39m,
      isOk: [36m[Function (anonymous)][39m,
      isNotOk: [36m[Function (anonymous)][39m,
      equal: [36m[Function (anonymous)][39m,
      notEqual: [36m[Function (anonymous)][39m,
      strictEqual: [36m[Function (anonymous)][39m,
      notStrictEqual: [36m[Function (anonymous)][39m,
      deepStrictEqual: [36m[Function (anonymous)][39m,
      deepEqual: [36m[Function (anonymous)][39m,
      notDeepEqual: [36m[Function (anonymous)][39m,
      isAbove: [36m[Function (anonymous)][39m,
      isAtLeast: [36m[Function (anonymous)][39m,
      isBelow: [36m[Function (anonymous)][39m,
      isAtMost: [36m[Function (anonymous)][39m,
      isTrue: [36m[Function (anonymous)][39m,
      isNotTrue: [36m[Function (anonymous)][39m,
      isFalse: [36m[Function (anonymous)][39m,
      isNotFalse: [36m[Function (anonymous)][39m,
      isNull: [36m[Function (anonymous)][39m,
      isNotNull: [36m[Function (anonymous)][39m,
      isNaN: [36m[Function (anonymous)][39m,
      isNotNaN: [36m[Function (anonymous)][39m,
      exists: [36m[Function (anonymous)][39m,
      notExists: [36m[Function (anonymous)][39m,
      isUndefined: [36m[Function (anonymous)][39m,
      isDefined: [36m[Function (anonymous)][39m,
      isCallable: [36m[Function (anonymous)][39m,
      isNotCallable: [36m[Function (anonymous)][39m,
      isObject: [36m[Function (anonymous)][39m,
      isNotObject: [36m[Function (anonymous)][39m,
      isArray: [36m[Function (anonymous)][39m,
      isNotArray: [36m[Function (anonymous)][39m,
      isString: [36m[Function (anonymous)][39m,
      isNotString: [36m[Function (anonymous)][39m,
      isNumber: [36m[Function (anonymous)][39m,
      isNotNumber: [36m[Function (anonymous)][39m,
      isNumeric: [36m[Function (anonymous)][39m,
      isNotNumeric: [36m[Function (anonymous)][39m,
      isFinite: [36m[Function (anonymous)][39m,
      isBoolean: [36m[Function (anonymous)][39m,
      isNotBoolean: [36m[Function (anonymous)][39m,
      typeOf: [36m[Function (anonymous)][39m,
      notTypeOf: [36m[Function (anonymous)][39m,
      instanceOf: [36m[Function (anonymous)][39m,
      notInstanceOf: [36m[Function (anonymous)][39m,
      include: [36m[Function (anonymous)][39m,
      notInclude: [36m[Function (anonymous)][39m,
      deepInclude: [36m[Function (anonymous)][39m,
      notDeepInclude: [36m[Function (anonymous)][39m,
      nestedInclude: [36m[Function (anonymous)][39m,
      notNestedInclude: [36m[Function (anonymous)][39m,
      deepNestedInclude: [36m[Function (anonymous)][39m,
      notDeepNestedInclude: [36m[Function (anonymous)][39m,
      ownInclude: [36m[Function (anonymous)][39m,
      notOwnInclude: [36m[Function (anonymous)][39m,
      deepOwnInclude: [36m[Function (anonymous)][39m,
      notDeepOwnInclude: [36m[Function (anonymous)][39m,
      match: [36m[Function (anonymous)][39m,
      notMatch: [36m[Function (anonymous)][39m,
      property: [36m[Function (anonymous)][39m,
      notProperty: [36m[Function (anonymous)][39m,
      propertyVal: [36m[Function (anonymous)][39m,
      notPropertyVal: [36m[Function (anonymous)][39m,
      deepPropertyVal: [36m[Function (anonymous)][39m,
      notDeepPropertyVal: [36m[Function (anonymous)][39m,
      ownProperty: [36m[Function (anonymous)][39m,
      notOwnProperty: [36m[Function (anonymous)][39m,
      ownPropertyVal: [36m[Function (anonymous)][39m,
      notOwnPropertyVal: [36m[Function (anonymous)][39m,
      deepOwnPropertyVal: [36m[Function (anonymous)][39m,
      notDeepOwnPropertyVal: [36m[Function (anonymous)][39m,
      nestedProperty: [36m[Function (anonymous)][39m,
      notNestedProperty: [36m[Function (anonymous)][39m,
      nestedPropertyVal: [36m[Function (anonymous)][39m,
      notNestedPropertyVal: [36m[Function (anonymous)][39m,
      deepNestedPropertyVal: [36m[Function (anonymous)][39m,
      notDeepNestedPropertyVal: [36m[Function (anonymous)][39m,
      lengthOf: [36m[Function (anonymous)][39m,
      hasAnyKeys: [36m[Function (anonymous)][39m,
      hasAllKeys: [36m[Function (anonymous)][39m,
      containsAllKeys: [36m[Function (anonymous)][39m,
      doesNotHaveAnyKeys: [36m[Function (anonymous)][39m,
      doesNotHaveAllKeys: [36m[Function (anonymous)][39m,
      hasAnyDeepKeys: [36m[Function (anonymous)][39m,
      hasAllDeepKeys: [36m[Function (anonymous)][39m,
      containsAllDeepKeys: [36m[Function (anonymous)][39m,
      doesNotHaveAnyDeepKeys: [36m[Function (anonymous)][39m,
      doesNotHaveAllDeepKeys: [36m[Function (anonymous)][39m,
      throws: [36m[Function (anonymous)][39m,
      doesNotThrow: [36m[Function (anonymous)][39m,
      operator: [36m[Function (anonymous)][39m,
      closeTo: [36m[Function (anonymous)][39m,
      approximately: [36m[Function (anonymous)][39m,
      sameMembers: [36m[Function (anonymous)][39m,
      notSameMembers: [36m[Function (anonymous)][39m,
      sameDeepMembers: [36m[Function (anonymous)][39m,
      notSameDeepMembers: [36m[Function (anonymous)][39m,
      sameOrderedMembers: [36m[Function (anonymous)][39m,
      notSameOrderedMembers: [36m[Function (anonymous)][39m,
      sameDeepOrderedMembers: [36m[Function (anonymous)][39m,
      notSameDeepOrderedMembers: [36m[Function (anonymous)][39m,
      includeMembers: [36m[Function (anonymous)][39m,
      notIncludeMembers: [36m[Function (anonymous)][39m,
      includeDeepMembers: [36m[Function (anonymous)][39m,
      notIncludeDeepMembers: [36m[Function (anonymous)][39m,
      includeOrderedMembers: [36m[Function (anonymous)][39m,
      notIncludeOrderedMembers: [36m[Function (anonymous)][39m,
      includeDeepOrderedMembers: [36m[Function (anonymous)][39m,
      notIncludeDeepOrderedMembers: [36m[Function (anonymous)][39m,
      oneOf: [36m[Function (anonymous)][39m,
      isIterable: [36m[Function (anonymous)][39m,
      changes: [36m[Function (anonymous)][39m,
      changesBy: [36m[Function (anonymous)][39m,
      doesNotChange: [36m[Function (anonymous)][39m,
      changesButNotBy: [36m[Function (anonymous)][39m,
      increases: [36m[Function (anonymous)][39m,
      increasesBy: [36m[Function (anonymous)][39m,
      doesNotIncrease: [36m[Function (anonymous)][39m,
      increasesButNotBy: [36m[Function (anonymous)][39m,
      decreases: [36m[Function (anonymous)][39m,
      decreasesBy: [36m[Function (anonymous)][39m,
      doesNotDecrease: [36m[Function (anonymous)][39m,
      doesNotDecreaseBy: [36m[Function (anonymous)][39m,
      decreasesButNotBy: [36m[Function (anonymous)][39m,
      ifError: [36m[Function (anonymous)][39m,
      isExtensible: [36m[Function (anonymous)][39m,
      isNotExtensible: [36m[Function (anonymous)][39m,
      isSealed: [36m[Function (anonymous)][39m,
      isNotSealed: [36m[Function (anonymous)][39m,
      isFrozen: [36m[Function (anonymous)][39m,
      isNotFrozen: [36m[Function (anonymous)][39m,
      isEmpty: [36m[Function (anonymous)][39m,
      isNotEmpty: [36m[Function (anonymous)][39m,
      containsSubset: [36m[Function (anonymous)][39m,
      doesNotContainSubset: [36m[Function (anonymous)][39m,
      ok: [36m[Function (anonymous)][39m,
      notOk: [36m[Function (anonymous)][39m,
      throw: [36m[Function (anonymous)][39m,
      Throw: [36m[Function (anonymous)][39m,
      extensible: [36m[Function (anonymous)][39m,
      notExtensible: [36m[Function (anonymous)][39m,
      sealed: [36m[Function (anonymous)][39m,
      notSealed: [36m[Function (anonymous)][39m,
      frozen: [36m[Function (anonymous)][39m,
      notFrozen: [36m[Function (anonymous)][39m,
      empty: [36m[Function (anonymous)][39m,
      notEmpty: [36m[Function (anonymous)][39m,
      isFunction: [36m[Function (anonymous)][39m,
      isNotFunction: [36m[Function (anonymous)][39m,
      containSubset: [36m[Function (anonymous)][39m
    },
    config: {
      includeStack: [33mfalse[39m,
      showDiff: [33mtrue[39m,
      truncateThreshold: [33m40[39m,
      useProxy: [33mtrue[39m,
      proxyExcludedKeys: [36m[Array][39m,
      deepEqual: [1mnull[22m
    },
    expect: [Function: expect] {
      fail: [36m[Function (anonymous)][39m,
      extend: [36m[Function: methodWrapper][39m,
      addSnapshotSerializer: [36m[Function: methodWrapper][39m,
      anything: [36m[Function: methodWrapper][39m,
      any: [36m[Function: methodWrapper][39m,
      stringContaining: [36m[Function: methodWrapper][39m,
      objectContaining: [36m[Function: methodWrapper][39m,
      arrayContaining: [36m[Function: methodWrapper][39m,
      stringMatching: [36m[Function: methodWrapper][39m,
      closeTo: [36m[Function: methodWrapper][39m,
      schemaMatching: [36m[Function: methodWrapper][39m,
      not: [36m[Object][39m,
      __flags: [36m[Object: null prototype][39m
    },
    should: [36m[Function: loadShould][39m,
    use: [36m[Function: use][39m,
    util: {
      addChainableMethod: [36m[Getter][39m,
      addLengthGuard: [36m[Getter][39m,
      addMethod: [36m[Getter][39m,
      addProperty: [36m[Getter][39m,
      checkError: [36m[Getter][39m,
      compareByInspect: [36m[Getter][39m,
      eql: [36m[Getter][39m,
      events: [36m[Getter][39m,
      expectTypes: [36m[Getter][39m,
      flag: [36m[Getter][39m,
      getActual: [36m[Getter][39m,
      getMessage: [36m[Getter][39m,
      getName: [36m[Getter][39m,
      getOperator: [36m[Getter][39m,
      getOwnEnumerableProperties: [36m[Getter][39m,
      getOwnEnumerablePropertySymbols: [36m[Getter][39m,
      getPathInfo: [36m[Getter][39m,
      hasProperty: [36m[Getter][39m,
      inspect: [36m[Getter][39m,
      isNaN: [36m[Getter][39m,
      isNumeric: [36m[Getter][39m,
      isProxyEnabled: [36m[Getter][39m,
      isRegExp: [36m[Getter][39m,
      objDisplay: [36m[Getter][39m,
      overwriteChainableMethod: [36m[Getter][39m,
      overwriteMethod: [36m[Getter][39m,
      overwriteProperty: [36m[Getter][39m,
      proxify: [36m[Getter][39m,
      test: [36m[Getter][39m,
      transferFlags: [36m[Getter][39m,
      type: [36m[Getter][39m
    }
  },
  expect: [Function: expect] {
    fail: [36m[Function (anonymous)][39m,
    extend: [36m[Function (anonymous)][39m,
    addSnapshotSerializer: [36m[Function: methodWrapper][39m,
    anything: [36m[Function: methodWrapper][39m,
    any: [36m[Function: methodWrapper][39m,
    stringContaining: [36m[Function: methodWrapper][39m,
    objectContaining: [36m[Function: methodWrapper][39m,
    arrayContaining: [36m[Function: methodWrapper][39m,
    stringMatching: [36m[Function: methodWrapper][39m,
    closeTo: [36m[Function: methodWrapper][39m,
    schemaMatching: [36m[Function: methodWrapper][39m,
    not: {
      stringContaining: [36m[Function: stringContaining][39m,
      objectContaining: [36m[Function: objectContaining][39m,
      arrayContaining: [36m[Function: arrayContaining][39m,
      stringMatching: [36m[Function: stringMatching][39m,
      closeTo: [36m[Function: closeTo][39m,
      schemaMatching: [36m[Function: schemaMatching][39m,
      toSatisfy: [36m[Function: value][39m,
      toBeOneOf: [36m[Function: value][39m
    },
    getState: [36m[Function (anonymous)][39m,
    setState: [36m[Function (anonymous)][39m,
    assert: [Function: assert] {
      fail: [36m[Function (anonymous)][39m,
      isOk: [36m[Function (anonymous)][39m,
      isNotOk: [36m[Function (anonymous)][39m,
      equal: [36m[Function (anonymous)][39m,
      notEqual: [36m[Function (anonymous)][39m,
      strictEqual: [36m[Function (anonymous)][39m,
      notStrictEqual: [36m[Function (anonymous)][39m,
      deepStrictEqual: [36m[Function (anonymous)][39m,
      deepEqual: [36m[Function (anonymous)][39m,
      notDeepEqual: [36m[Function (anonymous)][39m,
      isAbove: [36m[Function (anonymous)][39m,
      isAtLeast: [36m[Function (anonymous)][39m,
      isBelow: [36m[Function (anonymous)][39m,
      isAtMost: [36m[Function (anonymous)][39m,
      isTrue: [36m[Function (anonymous)][39m,
      isNotTrue: [36m[Function (anonymous)][39m,
      isFalse: [36m[Function (anonymous)][39m,
      isNotFalse: [36m[Function (anonymous)][39m,
      isNull: [36m[Function (anonymous)][39m,
      isNotNull: [36m[Function (anonymous)][39m,
      isNaN: [36m[Function (anonymous)][39m,
      isNotNaN: [36m[Function (anonymous)][39m,
      exists: [36m[Function (anonymous)][39m,
      notExists: [36m[Function (anonymous)][39m,
      isUndefined: [36m[Function (anonymous)][39m,
      isDefined: [36m[Function (anonymous)][39m,
      isCallable: [36m[Function (anonymous)][39m,
      isNotCallable: [36m[Function (anonymous)][39m,
      isObject: [36m[Function (anonymous)][39m,
      isNotObject: [36m[Function (anonymous)][39m,
      isArray: [36m[Function (anonymous)][39m,
      isNotArray: [36m[Function (anonymous)][39m,
      isString: [36m[Function (anonymous)][39m,
      isNotString: [36m[Function (anonymous)][39m,
      isNumber: [36m[Function (anonymous)][39m,
      isNotNumber: [36m[Function (anonymous)][39m,
      isNumeric: [36m[Function (anonymous)][39m,
      isNotNumeric: [36m[Function (anonymous)][39m,
      isFinite: [36m[Function (anonymous)][39m,
      isBoolean: [36m[Function (anonymous)][39m,
      isNotBoolean: [36m[Function (anonymous)][39m,
      typeOf: [36m[Function (anonymous)][39m,
      notTypeOf: [36m[Function (anonymous)][39m,
      instanceOf: [36m[Function (anonymous)][39m,
      notInstanceOf: [36m[Function (anonymous)][39m,
      include: [36m[Function (anonymous)][39m,
      notInclude: [36m[Function (anonymous)][39m,
      deepInclude: [36m[Function (anonymous)][39m,
      notDeepInclude: [36m[Function (anonymous)][39m,
      nestedInclude: [36m[Function (anonymous)][39m,
      notNestedInclude: [36m[Function (anonymous)][39m,
      deepNestedInclude: [36m[Function (anonymous)][39m,
      notDeepNestedInclude: [36m[Function (anonymous)][39m,
      ownInclude: [36m[Function (anonymous)][39m,
      notOwnInclude: [36m[Function (anonymous)][39m,
      deepOwnInclude: [36m[Function (anonymous)][39m,
      notDeepOwnInclude: [36m[Function (anonymous)][39m,
      match: [36m[Function (anonymous)][39m,
      notMatch: [36m[Function (anonymous)][39m,
      property: [36m[Function (anonymous)][39m,
      notProperty: [36m[Function (anonymous)][39m,
      propertyVal: [36m[Function (anonymous)][39m,
      notPropertyVal: [36m[Function (anonymous)][39m,
      deepPropertyVal: [36m[Function (anonymous)][39m,
      notDeepPropertyVal: [36m[Function (anonymous)][39m,
      ownProperty: [36m[Function (anonymous)][39m,
      notOwnProperty: [36m[Function (anonymous)][39m,
      ownPropertyVal: [36m[Function (anonymous)][39m,
      notOwnPropertyVal: [36m[Function (anonymous)][39m,
      deepOwnPropertyVal: [36m[Function (anonymous)][39m,
      notDeepOwnPropertyVal: [36m[Function (anonymous)][39m,
      nestedProperty: [36m[Function (anonymous)][39m,
      notNestedProperty: [36m[Function (anonymous)][39m,
      nestedPropertyVal: [36m[Function (anonymous)][39m,
      notNestedPropertyVal: [36m[Function (anonymous)][39m,
      deepNestedPropertyVal: [36m[Function (anonymous)][39m,
      notDeepNestedPropertyVal: [36m[Function (anonymous)][39m,
      lengthOf: [36m[Function (anonymous)][39m,
      hasAnyKeys: [36m[Function (anonymous)][39m,
      hasAllKeys: [36m[Function (anonymous)][39m,
      containsAllKeys: [36m[Function (anonymous)][39m,
      doesNotHaveAnyKeys: [36m[Function (anonymous)][39m,
      doesNotHaveAllKeys: [36m[Function (anonymous)][39m,
      hasAnyDeepKeys: [36m[Function (anonymous)][39m,
      hasAllDeepKeys: [36m[Function (anonymous)][39m,
      containsAllDeepKeys: [36m[Function (anonymous)][39m,
      doesNotHaveAnyDeepKeys: [36m[Function (anonymous)][39m,
      doesNotHaveAllDeepKeys: [36m[Function (anonymous)][39m,
      throws: [36m[Function (anonymous)][39m,
      doesNotThrow: [36m[Function (anonymous)][39m,
      operator: [36m[Function (anonymous)][39m,
      closeTo: [36m[Function (anonymous)][39m,
      approximately: [36m[Function (anonymous)][39m,
      sameMembers: [36m[Function (anonymous)][39m,
      notSameMembers: [36m[Function (anonymous)][39m,
      sameDeepMembers: [36m[Function (anonymous)][39m,
      notSameDeepMembers: [36m[Function (anonymous)][39m,
      sameOrderedMembers: [36m[Function (anonymous)][39m,
      notSameOrderedMembers: [36m[Function (anonymous)][39m,
      sameDeepOrderedMembers: [36m[Function (anonymous)][39m,
      notSameDeepOrderedMembers: [36m[Function (anonymous)][39m,
      includeMembers: [36m[Function (anonymous)][39m,
      notIncludeMembers: [36m[Function (anonymous)][39m,
      includeDeepMembers: [36m[Function (anonymous)][39m,
      notIncludeDeepMembers: [36m[Function (anonymous)][39m,
      includeOrderedMembers: [36m[Function (anonymous)][39m,
      notIncludeOrderedMembers: [36m[Function (anonymous)][39m,
      includeDeepOrderedMembers: [36m[Function (anonymous)][39m,
      notIncludeDeepOrderedMembers: [36m[Function (anonymous)][39m,
      oneOf: [36m[Function (anonymous)][39m,
      isIterable: [36m[Function (anonymous)][39m,
      changes: [36m[Function (anonymous)][39m,
      changesBy: [36m[Function (anonymous)][39m,
      doesNotChange: [36m[Function (anonymous)][39m,
      changesButNotBy: [36m[Function (anonymous)][39m,
      increases: [36m[Function (anonymous)][39m,
      increasesBy: [36m[Function (anonymous)][39m,
      doesNotIncrease: [36m[Function (anonymous)][39m,
      increasesButNotBy: [36m[Function (anonymous)][39m,
      decreases: [36m[Function (anonymous)][39m,
      decreasesBy: [36m[Function (anonymous)][39m,
      doesNotDecrease: [36m[Function (anonymous)][39m,
      doesNotDecreaseBy: [36m[Function (anonymous)][39m,
      decreasesButNotBy: [36m[Function (anonymous)][39m,
      ifError: [36m[Function (anonymous)][39m,
      isExtensible: [36m[Function (anonymous)][39m,
      isNotExtensible: [36m[Function (anonymous)][39m,
      isSealed: [36m[Function (anonymous)][39m,
      isNotSealed: [36m[Function (anonymous)][39m,
      isFrozen: [36m[Function (anonymous)][39m,
      isNotFrozen: [36m[Function (anonymous)][39m,
      isEmpty: [36m[Function (anonymous)][39m,
      isNotEmpty: [36m[Function (anonymous)][39m,
      containsSubset: [36m[Function (anonymous)][39m,
      doesNotContainSubset: [36m[Function (anonymous)][39m,
      ok: [36m[Function (anonymous)][39m,
      notOk: [36m[Function (anonymous)][39m,
      throw: [36m[Function (anonymous)][39m,
      Throw: [36m[Function (anonymous)][39m,
      extensible: [36m[Function (anonymous)][39m,
      notExtensible: [36m[Function (anonymous)][39m,
      sealed: [36m[Function (anonymous)][39m,
      notSealed: [36m[Function (anonymous)][39m,
      frozen: [36m[Function (anonymous)][39m,
      notFrozen: [36m[Function (anonymous)][39m,
      empty: [36m[Function (anonymous)][39m,
      notEmpty: [36m[Function (anonymous)][39m,
      isFunction: [36m[Function (anonymous)][39m,
      isNotFunction: [36m[Function (anonymous)][39m,
      containSubset: [36m[Function (anonymous)][39m
    },
    addEqualityTesters: [36m[Function (anonymous)][39m,
    soft: [36m[Function (anonymous)][39m,
    poll: [36m[Function: poll][39m,
    unreachable: [36m[Function (anonymous)][39m,
    assertions: [36m[Function: methodWrapper][39m,
    hasAssertions: [36m[Function: methodWrapper][39m,
    toSatisfy: [36m[Function: customMatcher][39m,
    toBeOneOf: [36m[Function: customMatcher][39m
  },
  assert: [Function: assert] {
    fail: [36m[Function (anonymous)][39m,
    isOk: [36m[Function (anonymous)][39m,
    isNotOk: [36m[Function (anonymous)][39m,
    equal: [36m[Function (anonymous)][39m,
    notEqual: [36m[Function (anonymous)][39m,
    strictEqual: [36m[Function (anonymous)][39m,
    notStrictEqual: [36m[Function (anonymous)][39m,
    deepStrictEqual: [36m[Function (anonymous)][39m,
    deepEqual: [36m[Function (anonymous)][39m,
    notDeepEqual: [36m[Function (anonymous)][39m,
    isAbove: [36m[Function (anonymous)][39m,
    isAtLeast: [36m[Function (anonymous)][39m,
    isBelow: [36m[Function (anonymous)][39m,
    isAtMost: [36m[Function (anonymous)][39m,
    isTrue: [36m[Function (anonymous)][39m,
    isNotTrue: [36m[Function (anonymous)][39m,
    isFalse: [36m[Function (anonymous)][39m,
    isNotFalse: [36m[Function (anonymous)][39m,
    isNull: [36m[Function (anonymous)][39m,
    isNotNull: [36m[Function (anonymous)][39m,
    isNaN: [36m[Function (anonymous)][39m,
    isNotNaN: [36m[Function (anonymous)][39m,
    exists: [36m[Function (anonymous)][39m,
    notExists: [36m[Function (anonymous)][39m,
    isUndefined: [36m[Function (anonymous)][39m,
    isDefined: [36m[Function (anonymous)][39m,
    isCallable: [36m[Function (anonymous)][39m,
    isNotCallable: [36m[Function (anonymous)][39m,
    isObject: [36m[Function (anonymous)][39m,
    isNotObject: [36m[Function (anonymous)][39m,
    isArray: [36m[Function (anonymous)][39m,
    isNotArray: [36m[Function (anonymous)][39m,
    isString: [36m[Function (anonymous)][39m,
    isNotString: [36m[Function (anonymous)][39m,
    isNumber: [36m[Function (anonymous)][39m,
    isNotNumber: [36m[Function (anonymous)][39m,
    isNumeric: [36m[Function (anonymous)][39m,
    isNotNumeric: [36m[Function (anonymous)][39m,
    isFinite: [36m[Function (anonymous)][39m,
    isBoolean: [36m[Function (anonymous)][39m,
    isNotBoolean: [36m[Function (anonymous)][39m,
    typeOf: [36m[Function (anonymous)][39m,
    notTypeOf: [36m[Function (anonymous)][39m,
    instanceOf: [36m[Function (anonymous)][39m,
    notInstanceOf: [36m[Function (anonymous)][39m,
    include: [36m[Function (anonymous)][39m,
    notInclude: [36m[Function (anonymous)][39m,
    deepInclude: [36m[Function (anonymous)][39m,
    notDeepInclude: [36m[Function (anonymous)][39m,
    nestedInclude: [36m[Function (anonymous)][39m,
    notNestedInclude: [36m[Function (anonymous)][39m,
    deepNestedInclude: [36m[Function (anonymous)][39m,
    notDeepNestedInclude: [36m[Function (anonymous)][39m,
    ownInclude: [36m[Function (anonymous)][39m,
    notOwnInclude: [36m[Function (anonymous)][39m,
    deepOwnInclude: [36m[Function (anonymous)][39m,
    notDeepOwnInclude: [36m[Function (anonymous)][39m,
    match: [36m[Function (anonymous)][39m,
    notMatch: [36m[Function (anonymous)][39m,
    property: [36m[Function (anonymous)][39m,
    notProperty: [36m[Function (anonymous)][39m,
    propertyVal: [36m[Function (anonymous)][39m,
    notPropertyVal: [36m[Function (anonymous)][39m,
    deepPropertyVal: [36m[Function (anonymous)][39m,
    notDeepPropertyVal: [36m[Function (anonymous)][39m,
    ownProperty: [36m[Function (anonymous)][39m,
    notOwnProperty: [36m[Function (anonymous)][39m,
    ownPropertyVal: [36m[Function (anonymous)][39m,
    notOwnPropertyVal: [36m[Function (anonymous)][39m,
    deepOwnPropertyVal: [36m[Function (anonymous)][39m,
    notDeepOwnPropertyVal: [36m[Function (anonymous)][39m,
    nestedProperty: [36m[Function (anonymous)][39m,
    notNestedProperty: [36m[Function (anonymous)][39m,
    nestedPropertyVal: [36m[Function (anonymous)][39m,
    notNestedPropertyVal: [36m[Function (anonymous)][39m,
    deepNestedPropertyVal: [36m[Function (anonymous)][39m,
    notDeepNestedPropertyVal: [36m[Function (anonymous)][39m,
    lengthOf: [36m[Function (anonymous)][39m,
    hasAnyKeys: [36m[Function (anonymous)][39m,
    hasAllKeys: [36m[Function (anonymous)][39m,
    containsAllKeys: [36m[Function (anonymous)][39m,
    doesNotHaveAnyKeys: [36m[Function (anonymous)][39m,
    doesNotHaveAllKeys: [36m[Function (anonymous)][39m,
    hasAnyDeepKeys: [36m[Function (anonymous)][39m,
    hasAllDeepKeys: [36m[Function (anonymous)][39m,
    containsAllDeepKeys: [36m[Function (anonymous)][39m,
    doesNotHaveAnyDeepKeys: [36m[Function (anonymous)][39m,
    doesNotHaveAllDeepKeys: [36m[Function (anonymous)][39m,
    throws: [36m[Function (anonymous)][39m,
    doesNotThrow: [36m[Function (anonymous)][39m,
    operator: [36m[Function (anonymous)][39m,
    closeTo: [36m[Function (anonymous)][39m,
    approximately: [36m[Function (anonymous)][39m,
    sameMembers: [36m[Function (anonymous)][39m,
    notSameMembers: [36m[Function (anonymous)][39m,
    sameDeepMembers: [36m[Function (anonymous)][39m,
    notSameDeepMembers: [36m[Function (anonymous)][39m,
    sameOrderedMembers: [36m[Function (anonymous)][39m,
    notSameOrderedMembers: [36m[Function (anonymous)][39m,
    sameDeepOrderedMembers: [36m[Function (anonymous)][39m,
    notSameDeepOrderedMembers: [36m[Function (anonymous)][39m,
    includeMembers: [36m[Function (anonymous)][39m,
    notIncludeMembers: [36m[Function (anonymous)][39m,
    includeDeepMembers: [36m[Function (anonymous)][39m,
    notIncludeDeepMembers: [36m[Function (anonymous)][39m,
    includeOrderedMembers: [36m[Function (anonymous)][39m,
    notIncludeOrderedMembers: [36m[Function (anonymous)][39m,
    includeDeepOrderedMembers: [36m[Function (anonymous)][39m,
    notIncludeDeepOrderedMembers: [36m[Function (anonymous)][39m,
    oneOf: [36m[Function (anonymous)][39m,
    isIterable: [36m[Function (anonymous)][39m,
    changes: [36m[Function (anonymous)][39m,
    changesBy: [36m[Function (anonymous)][39m,
    doesNotChange: [36m[Function (anonymous)][39m,
    changesButNotBy: [36m[Function (anonymous)][39m,
    increases: [36m[Function (anonymous)][39m,
    increasesBy: [36m[Function (anonymous)][39m,
    doesNotIncrease: [36m[Function (anonymous)][39m,
    increasesButNotBy: [36m[Function (anonymous)][39m,
    decreases: [36m[Function (anonymous)][39m,
    decreasesBy: [36m[Function (anonymous)][39m,
    doesNotDecrease: [36m[Function (anonymous)][39m,
    doesNotDecreaseBy: [36m[Function (anonymous)][39m,
    decreasesButNotBy: [36m[Function (anonymous)][39m,
    ifError: [36m[Function (anonymous)][39m,
    isExtensible: [36m[Function (anonymous)][39m,
    isNotExtensible: [36m[Function (anonymous)][39m,
    isSealed: [36m[Function (anonymous)][39m,
    isNotSealed: [36m[Function (anonymous)][39m,
    isFrozen: [36m[Function (anonymous)][39m,
    isNotFrozen: [36m[Function (anonymous)][39m,
    isEmpty: [36m[Function (anonymous)][39m,
    isNotEmpty: [36m[Function (anonymous)][39m,
    containsSubset: [36m[Function (anonymous)][39m,
    doesNotContainSubset: [36m[Function (anonymous)][39m,
    ok: [36m[Function (anonymous)][39m,
    notOk: [36m[Function (anonymous)][39m,
    throw: [36m[Function (anonymous)][39m,
    Throw: [36m[Function (anonymous)][39m,
    extensible: [36m[Function (anonymous)][39m,
    notExtensible: [36m[Function (anonymous)][39m,
    sealed: [36m[Function (anonymous)][39m,
    notSealed: [36m[Function (anonymous)][39m,
    frozen: [36m[Function (anonymous)][39m,
    notFrozen: [36m[Function (anonymous)][39m,
    empty: [36m[Function (anonymous)][39m,
    notEmpty: [36m[Function (anonymous)][39m,
    isFunction: [36m[Function (anonymous)][39m,
    isNotFunction: [36m[Function (anonymous)][39m,
    containSubset: [36m[Function (anonymous)][39m
  },
  expectTypeOf: [36m[Function: expectTypeOf][39m,
  assertType: [36m[Function: assertType][39m,
  vitest: {
    useFakeTimers: [36m[Function: useFakeTimers][39m,
    isFakeTimers: [36m[Function: isFakeTimers][39m,
    useRealTimers: [36m[Function: useRealTimers][39m,
    runOnlyPendingTimers: [36m[Function: runOnlyPendingTimers][39m,
    runOnlyPendingTimersAsync: [36m[AsyncFunction: runOnlyPendingTimersAsync][39m,
    runAllTimers: [36m[Function: runAllTimers][39m,
    runAllTimersAsync: [36m[AsyncFunction: runAllTimersAsync][39m,
    runAllTicks: [36m[Function: runAllTicks][39m,
    advanceTimersByTime: [36m[Function: advanceTimersByTime][39m,
    advanceTimersByTimeAsync: [36m[AsyncFunction: advanceTimersByTimeAsync][39m,
    advanceTimersToNextTimer: [36m[Function: advanceTimersToNextTimer][39m,
    advanceTimersToNextTimerAsync: [36m[AsyncFunction: advanceTimersToNextTimerAsync][39m,
    advanceTimersToNextFrame: [36m[Function: advanceTimersToNextFrame][39m,
    getTimerCount: [36m[Function: getTimerCount][39m,
    setSystemTime: [36m[Function: setSystemTime][39m,
    getMockedSystemTime: [36m[Function: getMockedSystemTime][39m,
    getRealSystemTime: [36m[Function: getRealSystemTime][39m,
    clearAllTimers: [36m[Function: clearAllTimers][39m,
    spyOn: [36m[Function: spyOn][39m,
    fn: [36m[Function: fn][39m,
    waitFor: [36m[Function: waitFor][39m,
    waitUntil: [36m[Function: waitUntil][39m,
    hoisted: [36m[Function: hoisted][39m,
    mock: [36m[Function: mock][39m,
    unmock: [36m[Function: unmock][39m,
    doMock: [36m[Function: doMock][39m,
    doUnmock: [36m[Function: doUnmock][39m,
    importActual: [36m[AsyncFunction: importActual][39m,
    importMock: [36m[AsyncFunction: importMock][39m,
    mockObject: [36m[Function: mockObject][39m,
    mocked: [36m[Function: mocked][39m,
    isMockFunction: [36m[Function: isMockFunction][39m,
    clearAllMocks: [36m[Function: clearAllMocks][39m,
    resetAllMocks: [36m[Function: resetAllMocks][39m,
    restoreAllMocks: [36m[Function: restoreAllMocks][39m,
    stubGlobal: [36m[Function: stubGlobal][39m,
    stubEnv: [36m[Function: stubEnv][39m,
    unstubAllGlobals: [36m[Function: unstubAllGlobals][39m,
    unstubAllEnvs: [36m[Function: unstubAllEnvs][39m,
    resetModules: [36m[Function: resetModules][39m,
    dynamicImportSettled: [36m[AsyncFunction: dynamicImportSettled][39m,
    setConfig: [36m[Function: setConfig][39m,
    resetConfig: [36m[Function: resetConfig][39m
  },
  vi: {
    useFakeTimers: [36m[Function: useFakeTimers][39m,
    isFakeTimers: [36m[Function: isFakeTimers][39m,
    useRealTimers: [36m[Function: useRealTimers][39m,
    runOnlyPendingTimers: [36m[Function: runOnlyPendingTimers][39m,
    runOnlyPendingTimersAsync: [36m[AsyncFunction: runOnlyPendingTimersAsync][39m,
    runAllTimers: [36m[Function: runAllTimers][39m,
    runAllTimersAsync: [36m[AsyncFunction: runAllTimersAsync][39m,
    runAllTicks: [36m[Function: runAllTicks][39m,
    advanceTimersByTime: [36m[Function: advanceTimersByTime][39m,
    advanceTimersByTimeAsync: [36m[AsyncFunction: advanceTimersByTimeAsync][39m,
    advanceTimersToNextTimer: [36m[Function: advanceTimersToNextTimer][39m,
    advanceTimersToNextTimerAsync: [36m[AsyncFunction: advanceTimersToNextTimerAsync][39m,
    advanceTimersToNextFrame: [36m[Function: advanceTimersToNextFrame][39m,
    getTimerCount: [36m[Function: getTimerCount][39m,
    setSystemTime: [36m[Function: setSystemTime][39m,
    getMockedSystemTime: [36m[Function: getMockedSystemTime][39m,
    getRealSystemTime: [36m[Function: getRealSystemTime][39m,
    clearAllTimers: [36m[Function: clearAllTimers][39m,
    spyOn: [36m[Function: spyOn][39m,
    fn: [36m[Function: fn][39m,
    waitFor: [36m[Function: waitFor][39m,
    waitUntil: [36m[Function: waitUntil][39m,
    hoisted: [36m[Function: hoisted][39m,
    mock: [36m[Function: mock][39m,
    unmock: [36m[Function: unmock][39m,
    doMock: [36m[Function: doMock][39m,
    doUnmock: [36m[Function: doUnmock][39m,
    importActual: [36m[AsyncFunction: importActual][39m,
    importMock: [36m[AsyncFunction: importMock][39m,
    mockObject: [36m[Function: mockObject][39m,
    mocked: [36m[Function: mocked][39m,
    isMockFunction: [36m[Function: isMockFunction][39m,
    clearAllMocks: [36m[Function: clearAllMocks][39m,
    resetAllMocks: [36m[Function: resetAllMocks][39m,
    restoreAllMocks: [36m[Function: restoreAllMocks][39m,
    stubGlobal: [36m[Function: stubGlobal][39m,
    stubEnv: [36m[Function: stubEnv][39m,
    unstubAllGlobals: [36m[Function: unstubAllGlobals][39m,
    unstubAllEnvs: [36m[Function: unstubAllEnvs][39m,
    resetModules: [36m[Function: resetModules][39m,
    dynamicImportSettled: [36m[AsyncFunction: dynamicImportSettled][39m,
    setConfig: [36m[Function: setConfig][39m,
    resetConfig: [36m[Function: resetConfig][39m
  },
  beforeAll: [36m[Function: beforeAll][39m,
  afterAll: [36m[Function: afterAll][39m,
  beforeEach: [36m[Function: beforeEach][39m,
  afterEach: [36m[Function: afterEach][39m,
  onTestFinished: [36m[Function (anonymous)][39m,
  onTestFailed: [36m[Function (anonymous)][39m,
  __vitest_required__: {
    util: {
      _errnoException: [36m[Function: _errnoException][39m,
      _exceptionWithHostPort: [36m[Function: _exceptionWithHostPort][39m,
      _extend: [36m[Function: deprecated][39m,
      callbackify: [36m[Function: callbackify][39m,
      debug: [36m[Function: debuglog][39m,
      debuglog: [36m[Function: debuglog][39m,
      deprecate: [36m[Function: deprecate][39m,
      format: [36m[Function: format][39m,
      styleText: [36m[Function: styleText][39m,
      formatWithOptions: [36m[Function: formatWithOptions][39m,
      getCallSite: [36m[Function: deprecated][39m,
      getCallSites: [36m[Function: getCallSites][39m,
      getSystemErrorMap: [36m[Function: getSystemErrorMap][39m,
      getSystemErrorName: [36m[Function: getSystemErrorName][39m,
      getSystemErrorMessage: [36m[Function: getSystemErrorMessage][39m,
      inherits: [36m[Function: inherits][39m,
      inspect: [36m[Function][39m,
      isArray: [36m[Function: deprecated][39m,
      isBoolean: [36m[Function: deprecated][39m,
      isBuffer: [36m[Function: deprecated][39m,
      isDeepStrictEqual: [36m[Function: isDeepStrictEqual][39m,
      isNull: [36m[Function: deprecated][39m,
      isNullOrUndefined: [36m[Function: deprecated][39m,
      isNumber: [36m[Function: deprecated][39m,
      isString: [36m[Function: deprecated][39m,
      isSymbol: [36m[Function: deprecated][39m,
      isUndefined: [36m[Function: deprecated][39m,
      isRegExp: [36m[Function: deprecated][39m,
      isObject: [36m[Function: deprecated][39m,
      isDate: [36m[Function: deprecated][39m,
      isError: [36m[Function: deprecated][39m,
      isFunction: [36m[Function: deprecated][39m,
      isPrimitive: [36m[Function: deprecated][39m,
      log: [36m[Function: deprecated][39m,
      promisify: [36m[Function][39m,
      stripVTControlCharacters: [36m[Function: stripVTControlCharacters][39m,
      toUSVString: [36m[Function: toUSVString][39m,
      transferableAbortSignal: [36m[Getter][39m,
      transferableAbortController: [36m[Getter][39m,
      aborted: [36m[Getter][39m,
      types: [36m[Object][39m,
      parseEnv: [36m[Function: parseEnv][39m,
      parseArgs: [36m[Function: parseArgs][39m,
      TextDecoder: [36m[class TextDecoder][39m,
      TextEncoder: [36m[class TextEncoder][39m,
      MIMEType: [36m[class MIMEType][39m,
      MIMEParams: [36m[class MIMEParams][39m,
      diff: [36m[Function: diff][39m,
      setTraceSigInt: [36m[Function: setTraceSigInt][39m
    },
    timers: {
      setTimeout: [36m[Function][39m,
      clearTimeout: [36m[Function: clearTimeout][39m,
      setImmediate: [36m[Function][39m,
      clearImmediate: [36m[Function: clearImmediate][39m,
      setInterval: [36m[Function: setInterval][39m,
      clearInterval: [36m[Function: clearInterval][39m,
      _unrefActive: [36m[Function: deprecated][39m,
      active: [36m[Function: deprecated][39m,
      unenroll: [36m[Function: deprecated][39m,
      enroll: [36m[Function: deprecated][39m,
      promises: [36m[Getter][39m
    },
    timersPromises: {
      setTimeout: [36m[Function: setTimeout][39m,
      setImmediate: [36m[Function: setImmediate][39m,
      setInterval: [36m[AsyncGeneratorFunction: setInterval][39m,
      scheduler: [36m[Scheduler][39m
    }
  },
  ch: [33m107[39m,
  ResizeObserver: [36m[class ResizeObserverMock][39m,
  [[32mSymbol(vitest:SAFE_TIMERS)[39m]: {
    nextTick: [36m[Function: nextTick][39m,
    setTimeout: [Function: setTimeout] {
      [[32mSymbol(nodejs.util.promisify.custom)[39m]: [36m[Getter][39m
    },
    setInterval: [36m[Function: setInterval][39m,
    clearInterval: [36m[Function: clearInterval][39m,
    clearTimeout: [36m[Function: clearTimeout][39m,
    setImmediate: [Function: setImmediate] {
      [[32mSymbol(nodejs.util.promisify.custom)[39m]: [36m[Getter][39m
    },
    clearImmediate: [36m[Function: clearImmediate][39m,
    queueMicrotask: [36m[Function: queueMicrotask][39m
  }
}

[90mstderr[2m | src/components/__tests__/tutorial-spotlight.test.ts[2m > [22m[2mTutorialSpotlight[2m > 
[22m[2mKeyboard Navigation[2m > [22m[2mshould not skip if tutorial is not active
[22m[39mBaseComponent.on: Target is not HTMLElement, Document, or Window [36m<ref *1>[39m Object [global] {
  global: [36m[Circular *1][39m,
  clearImmediate: [Function: clearImmediate] {
    hadOwnProperty: [33mtrue[39m,
    clock: {
      now: [33m1764681223383[39m,
      Date: [36m[Function][39m,
      loopLimit: [33m10000[39m,
      Intl: [36m[Object][39m,
      requestIdleCallback: [36m[Function: requestIdleCallback][39m,
      cancelIdleCallback: [36m[Function: cancelIdleCallback][39m,
      setTimeout: [36m[Function][39m,
      clearTimeout: [36m[Function][39m,
      nextTick: [36m[Function: nextTick][39m,
      queueMicrotask: [36m[Function: queueMicrotask][39m,
      setInterval: [36m[Function][39m,
      clearInterval: [36m[Function][39m,
      setImmediate: [36m[Function][39m,
      clearImmediate: [36m[Function][39m,
      countTimers: [36m[Function: countTimers][39m,
      requestAnimationFrame: [36m[Function][39m,
      cancelAnimationFrame: [36m[Function][39m,
      runMicrotasks: [36m[Function: runMicrotasks][39m,
      tick: [36m[Function: tick][39m,
      tickAsync: [36m[Function: tickAsync][39m,
      next: [36m[Function: next][39m,
      nextAsync: [36m[Function: nextAsync][39m,
      runAll: [36m[Function: runAll][39m,
      runToFrame: [36m[Function: runToFrame][39m,
      runAllAsync: [36m[Function: runAllAsync][39m,
      runToLast: [36m[Function: runToLast][39m,
      runToLastAsync: [36m[Function: runToLastAsync][39m,
      reset: [36m[Function: reset][39m,
      setSystemTime: [36m[Function: setSystemTime][39m,
      jump: [36m[Function: jump][39m,
      performance: [36m[Object: null prototype][39m,
      hrtime: [36m[Function][39m,
      shouldClearNativeTimers: [33mtrue[39m,
      uninstall: [36m[Function (anonymous)][39m,
      abortListenerMap: Map(0) {},
      methods: [36m[Array][39m,
      _setTimeout: [36m[Function][39m,
      _clearTimeout: [36m[Function: clearTimeout][39m,
      _setInterval: [36m[Function: setInterval][39m,
      _clearInterval: [36m[Function: clearInterval][39m,
      _Date: [36m[Function: Date][39m,
      _setImmediate: [36m[Function][39m,
      _clearImmediate: [36m[Function: clearImmediate][39m,
      _hrtime: [36m[Function][39m,
      _performance: [36m[Performance][39m,
      _requestAnimationFrame: [36m[Function: bound ][39m,
      _cancelAnimationFrame: [36m[Function: bound ][39m,
      _Intl: Object [Intl] {}
    }
  },
  setImmediate: [Function: setImmediate] {
    hadOwnProperty: [33mtrue[39m,
    clock: {
      now: [33m1764681223383[39m,
      Date: [36m[Function][39m,
      loopLimit: [33m10000[39m,
      Intl: [36m[Object][39m,
      requestIdleCallback: [36m[Function: requestIdleCallback][39m,
      cancelIdleCallback: [36m[Function: cancelIdleCallback][39m,
      setTimeout: [36m[Function][39m,
      clearTimeout: [36m[Function][39m,
      nextTick: [36m[Function: nextTick][39m,
      queueMicrotask: [36m[Function: queueMicrotask][39m,
      setInterval: [36m[Function][39m,
      clearInterval: [36m[Function][39m,
      setImmediate: [36m[Function][39m,
      clearImmediate: [36m[Function][39m,
      countTimers: [36m[Function: countTimers][39m,
      requestAnimationFrame: [36m[Function][39m,
      cancelAnimationFrame: [36m[Function][39m,
      runMicrotasks: [36m[Function: runMicrotasks][39m,
      tick: [36m[Function: tick][39m,
      tickAsync: [36m[Function: tickAsync][39m,
      next: [36m[Function: next][39m,
      nextAsync: [36m[Function: nextAsync][39m,
      runAll: [36m[Function: runAll][39m,
      runToFrame: [36m[Function: runToFrame][39m,
      runAllAsync: [36m[Function: runAllAsync][39m,
      runToLast: [36m[Function: runToLast][39m,
      runToLastAsync: [36m[Function: runToLastAsync][39m,
      reset: [36m[Function: reset][39m,
      setSystemTime: [36m[Function: setSystemTime][39m,
      jump: [36m[Function: jump][39m,
      performance: [36m[Object: null prototype][39m,
      hrtime: [36m[Function][39m,
      shouldClearNativeTimers: [33mtrue[39m,
      uninstall: [36m[Function (anonymous)][39m,
      abortListenerMap: Map(0) {},
      methods: [36m[Array][39m,
      _setTimeout: [36m[Function][39m,
      _clearTimeout: [36m[Function: clearTimeout][39m,
      _setInterval: [36m[Function: setInterval][39m,
      _clearInterval: [36m[Function: clearInterval][39m,
      _Date: [36m[Function: Date][39m,
      _setImmediate: [36m[Function][39m,
      _clearImmediate: [36m[Function: clearImmediate][39m,
      _hrtime: [36m[Function][39m,
      _performance: [36m[Performance][39m,
      _requestAnimationFrame: [36m[Function: bound ][39m,
      _cancelAnimationFrame: [36m[Function: bound ][39m,
      _Intl: Object [Intl] {}
    },
    [[32mSymbol(nodejs.util.promisify.custom)[39m]: [36m[Function: promisifiedSetImmediate][39m
  },
  clearInterval: [Function: clearInterval] {
    hadOwnProperty: [33mtrue[39m,
    clock: {
      now: [33m1764681223383[39m,
      Date: [36m[Function][39m,
      loopLimit: [33m10000[39m,
      Intl: [36m[Object][39m,
      requestIdleCallback: [36m[Function: requestIdleCallback][39m,
      cancelIdleCallback: [36m[Function: cancelIdleCallback][39m,
 [32mΓ£ô[39m src/components/__tests__/theme-switcher.test.ts[2m > [22mThemeSwitcher[2m > [22mTheme Selection[2m > [22mshould update component state after theme selection[32m 112[2mms[22m[39m
      setTimeout: [36m[Function][39m,
      clearTimeout: [36m[Function][39m,
      nextTick: [36m[Function: nextTick][39m,
      queueMicrotask: [36m[Function: queueMicrotask][39m,
      setInterval: [36m[Function][39m,
      clearInterval: [36m[Function][39m,
      setImmediate: [36m[Function][39m,
      clearImmediate: [36m[Function][39m,
      countTimers: [36m[Function: countTimers][39m,
      requestAnimationFrame: [36m[Function][39m,
      cancelAnimationFrame: [36m[Function][39m,
      runMicrotasks: [36m[Function: runMicrotasks][39m,
      tick: [36m[Function: tick][39m,
      tickAsync: [36m[Function: tickAsync][39m,
      next: [36m[Function: next][39m,
      nextAsync: [36m[Function: nextAsync][39m,
      runAll: [36m[Function: runAll][39m,
      runToFrame: [36m[Function: runToFrame][39m,
      runAllAsync: [36m[Function: runAllAsync][39m,
      runToLast: [36m[Function: runToLast][39m,
      runToLastAsync: [36m[Function: runToLastAsync][39m,
      reset: [36m[Function: reset][39m,
      setSystemTime: [36m[Function: setSystemTime][39m,
      jump: [36m[Function: jump][39m,
      performance: [36m[Object: null prototype][39m,
      hrtime: [36m[Function][39m,
      shouldClearNativeTimers: [33mtrue[39m,
      uninstall: [36m[Function (anonymous)][39m,
      abortListenerMap: Map(0) {},
      methods: [36m[Array][39m,
      _setTimeout: [36m[Function][39m,
      _clearTimeout: [36m[Function: clearTimeout][39m,
      _setInterval: [36m[Function: setInterval][39m,
      _clearInterval: [36m[Function: clearInterval][39m,
      _Date: [36m[Function: Date][39m,
      _setImmediate: [36m[Function][39m,
      _clearImmediate: [36m[Function: clearImmediate][39m,
      _hrtime: [36m[Function][39m,
      _performance: [36m[Performance][39m,
      _requestAnimationFrame: [36m[Function: bound ][39m,
      _cancelAnimationFrame: [36m[Function: bound ][39m,
      _Intl: Object [Intl] {}
    }
  },
  clearTimeout: [Function: clearTimeout] {
    hadOwnProperty: [33mtrue[39m,
    clock: {
      now: [33m1764681223383[39m,
      Date: [36m[Function][39m,
      loopLimit: [33m10000[39m,
      Intl: [36m[Object][39m,
      requestIdleCallback: [36m[Function: requestIdleCallback][39m,
      cancelIdleCallback: [36m[Function: cancelIdleCallback][39m,
      setTimeout: [36m[Function][39m,
      clearTimeout: [36m[Function][39m,
      nextTick: [36m[Function: nextTick][39m,
      queueMicrotask: [36m[Function: queueMicrotask][39m,
      setInterval: [36m[Function][39m,
      clearInterval: [36m[Function][39m,
      setImmediate: [36m[Function][39m,
      clearImmediate: [36m[Function][39m,
      countTimers: [36m[Function: countTimers][39m,
      requestAnimationFrame: [36m[Function][39m,
      cancelAnimationFrame: [36m[Function][39m,
      runMicrotasks: [36m[Function: runMicrotasks][39m,
      tick: [36m[Function: tick][39m,
      tickAsync: [36m[Function: tickAsync][39m,
      next: [36m[Function: next][39m,
      nextAsync: [36m[Function: nextAsync][39m,
      runAll: [36m[Function: runAll][39m,
      runToFrame: [36m[Function: runToFrame][39m,
      runAllAsync: [36m[Function: runAllAsync][39m,
      runToLast: [36m[Function: runToLast][39m,
      runToLastAsync: [36m[Function: runToLastAsync][39m,
      reset: [36m[Function: reset][39m,
      setSystemTime: [36m[Function: setSystemTime][39m,
      jump: [36m[Function: jump][39m,
      performance: [36m[Object: null prototype][39m,
      hrtime: [36m[Function][39m,
      shouldClearNativeTimers: [33mtrue[39m,
      uninstall: [36m[Function (anonymous)][39m,
      abortListenerMap: Map(0) {},
      methods: [36m[Array][39m,
      _setTimeout: [36m[Function][39m,
      _clearTimeout: [36m[Function: clearTimeout][39m,
      _setInterval: [36m[Function: setInterval][39m,
      _clearInterval: [36m[Function: clearInterval][39m,
      _Date: [36m[Function: Date][39m,
      _setImmediate: [36m[Function][39m,
      _clearImmediate: [36m[Function: clearImmediate][39m,
      _hrtime: [36m[Function][39m,
      _performance: [36m[Performance][39m,
      _requestAnimationFrame: [36m[Function: bound ][39m,
      _cancelAnimationFrame: [36m[Function: bound ][39m,
      _Intl: Object [Intl] {}
    }
  },
  setInterval: [Function: setInterval] {
    hadOwnProperty: [33mtrue[39m,
    clock: {
      now: [33m1764681223383[39m,
      Date: [36m[Function][39m,
      loopLimit: [33m10000[39m,
      Intl: [36m[Object][39m,
      requestIdleCallback: [36m[Function: requestIdleCallback][39m,
      cancelIdleCallback: [36m[Function: cancelIdleCallback][39m,
      setTimeout: [36m[Function][39m,
      clearTimeout: [36m[Function][39m,
      nextTick: [36m[Function: nextTick][39m,
      queueMicrotask: [36m[Function: queueMicrotask][39m,
      setInterval: [36m[Function][39m,
      clearInterval: [36m[Function][39m,
      setImmediate: [36m[Function][39m,
      clearImmediate: [36m[Function][39m,
      countTimers: [36m[Function: countTimers][39m,
      requestAnimationFrame: [36m[Function][39m,
      cancelAnimationFrame: [36m[Function][39m,
      runMicrotasks: [36m[Function: runMicrotasks][39m,
      tick: [36m[Function: tick][39m,
      tickAsync: [36m[Function: tickAsync][39m,
      next: [36m[Function: next][39m,
      nextAsync: [36m[Function: nextAsync][39m,
      runAll: [36m[Function: runAll][39m,
      runToFrame: [36m[Function: runToFrame][39m,
      runAllAsync: [36m[Function: runAllAsync][39m,
      runToLast: [36m[Function: runToLast][39m,
      runToLastAsync: [36m[Function: runToLastAsync][39m,
      reset: [36m[Function: reset][39m,
      setSystemTime: [36m[Function: setSystemTime][39m,
      jump: [36m[Function: jump][39m,
      performance: [36m[Object: null prototype][39m,
      hrtime: [36m[Function][39m,
      shouldClearNativeTimers: [33mtrue[39m,
      uninstall: [36m[Function (anonymous)][39m,
      abortListenerMap: Map(0) {},
      methods: [36m[Array][39m,
      _setTimeout: [36m[Function][39m,
      _clearTimeout: [36m[Function: clearTimeout][39m,
      _setInterval: [36m[Function: setInterval][39m,
      _clearInterval: [36m[Function: clearInterval][39m,
      _Date: [36m[Function: Date][39m,
      _setImmediate: [36m[Function][39m,
      _clearImmediate: [36m[Function: clearImmediate][39m,
      _hrtime: [36m[Function][39m,
      _performance: [36m[Performance][39m,
      _requestAnimationFrame: [36m[Function: bound ][39m,
      _cancelAnimationFrame: [36m[Function: bound ][39m,
      _Intl: Object [Intl] {}
    }
  },
  setTimeout: [Function: setTimeout] {
    hadOwnProperty: [33mtrue[39m,
    clock: {
      now: [33m1764681223383[39m,
      Date: [36m[Function][39m,
      loopLimit: [33m10000[39m,
      Intl: [36m[Object][39m,
      requestIdleCallback: [36m[Function: requestIdleCallback][39m,
      cancelIdleCallback: [36m[Function: cancelIdleCallback][39m,
      setTimeout: [36m[Function][39m,
      clearTimeout: [36m[Function][39m,
      nextTick: [36m[Function: nextTick][39m,
      queueMicrotask: [36m[Function: queueMicrotask][39m,
      setInterval: [36m[Function][39m,
      clearInterval: [36m[Function][39m,
      setImmediate: [36m[Function][39m,
      clearImmediate: [36m[Function][39m,
      countTimers: [36m[Function: countTimers][39m,
      requestAnimationFrame: [36m[Function][39m,
      cancelAnimationFrame: [36m[Function][39m,
      runMicrotasks: [36m[Function: runMicrotasks][39m,
      tick: [36m[Function: tick][39m,
      tickAsync: [36m[Function: tickAsync][39m,
      next: [36m[Function: next][39m,
      nextAsync: [36m[Function: nextAsync][39m,
      runAll: [36m[Function: runAll][39m,
      runToFrame: [36m[Function: runToFrame][39m,
      runAllAsync: [36m[Function: runAllAsync][39m,
      runToLast: [36m[Function: runToLast][39m,
      runToLastAsync: [36m[Function: runToLastAsync][39m,
      reset: [36m[Function: reset][39m,
      setSystemTime: [36m[Function: setSystemTime][39m,
      jump: [36m[Function: jump][39m,
      performance: [36m[Object: null prototype][39m,
      hrtime: [36m[Function][39m,
      shouldClearNativeTimers: [33mtrue[39m,
      uninstall: [36m[Function (anonymous)][39m,
      abortListenerMap: Map(0) {},
      methods: [36m[Array][39m,
      _setTimeout: [36m[Function][39m,
      _clearTimeout: [36m[Function: clearTimeout][39m,
      _setInterval: [36m[Function: setInterval][39m,
      _clearInterval: [36m[Function: clearInterval][39m,
      _Date: [36m[Function: Date][39m,
      _setImmediate: [36m[Function][39m,
      _clearImmediate: [36m[Function: clearImmediate][39m,
      _hrtime: [36m[Function][39m,
      _performance: [36m[Performance][39m,
      _requestAnimationFrame: [36m[Function: bound ][39m,
      _cancelAnimationFrame: [36m[Function: bound ][39m,
      _Intl: Object [Intl] {}
 [32mΓ£ô[39m src/components/__tests__/accessibility-checker-tool.test.ts[2m > [22mAccessibilityCheckerTool Component[2m > [22mcreatePair with DOM rendering[2m > [22mshould add pair card to pairs container when it exists[32m 6[2mms[22m[39m
 [32mΓ£ô[39m src/components/__tests__/accessibility-checker-tool.test.ts[2m > [22mAccessibilityCheckerTool Component[2m > [22mcreatePair with DOM rendering[2m > [22mshould handle missing pairs container gracefully[32m 4[2mms[22m[39m
 [32mΓ£ô[39m src/services/__tests__/api-service-wrapper.test.ts[2m > [22mAPIService Wrapper[2m > [22mgetPriceData[2m > [22mshould accept itemID parameter[33m 3606[2mms[22m[39m
    },
    [[32mSymbol(nodejs.util.promisify.custom)[39m]: [36m[Function: promisifiedSetTimeout][39m
  },
  queueMicrotask: [36m[Function: queueMicrotask][39m,
  structuredClone: [36m[Function: structuredClone][39m,
  atob: [36m[Function: atob][39m,
  btoa: [36m[Function: btoa][39m,
  performance: [36m[Getter/Setter][39m,
  fetch: [36m[Function: fetch][39m,
  navigator: [36m[Getter/Setter][39m,
  crypto: [36m[Getter][39m,
  window: [36m[Circular *1][39m,
  self: [36m[Circular *1][39m,
  top: [36m[Circular *1][39m,
  parent: [36m[Circular *1][39m,
  jsdom: JSDOM {
    [[32mSymbol(window)[39m]: [36m<ref *2>[39m Window {
      StyleSheet: [36m[Function: StyleSheet][39m,
      MediaList: [36m[Function: MediaList][39m,
      CSSStyleSheet: [36m[Function: CSSStyleSheet][39m,
      CSSRule: [36m[Function][39m,
      CSSStyleRule: [36m[Function][39m,
      CSSMediaRule: [36m[Function: CSSMediaRule][39m,
      CSSImportRule: [36m[Function: CSSImportRule][39m,
      CSSStyleDeclaration: [36m[class CSSStyleDeclaration][39m,
      XPathException: [36m[Function][39m,
      XPathExpression: [36m[Function: XPathExpression][39m,
      XPathResult: [36m[Function][39m,
      XPathEvaluator: [36m[Function: XPathEvaluator][39m,
      onafterprint: [36m[Getter/Setter][39m,
      onbeforeprint: [36m[Getter/Setter][39m,
      onbeforeunload: [36m[Getter/Setter][39m,
      onhashchange: [36m[Getter/Setter][39m,
      onlanguagechange: [36m[Getter/Setter][39m,
      onmessage: [36m[Getter/Setter][39m,
      onmessageerror: [36m[Getter/Setter][39m,
      onoffline: [36m[Getter/Setter][39m,
      ononline: [36m[Getter/Setter][39m,
      onpagehide: [36m[Getter/Setter][39m,
      onpageshow: [36m[Getter/Setter][39m,
      onpopstate: [36m[Getter/Setter][39m,
      onrejectionhandled: [36m[Getter/Setter][39m,
      onstorage: [36m[Getter/Setter][39m,
      onunhandledrejection: [36m[Getter/Setter][39m,
      onunload: [36m[Getter/Setter][39m,
      onblur: [36m[Getter/Setter][39m,
      onerror: [36m[Getter/Setter][39m,
      onfocus: [36m[Getter/Setter][39m,
      onload: [36m[Getter/Setter][39m,
      onresize: [36m[Getter/Setter][39m,
      onscroll: [36m[Getter/Setter][39m,
      onabort: [36m[Getter/Setter][39m,
      onauxclick: [36m[Getter/Setter][39m,
      onbeforeinput: [36m[Getter/Setter][39m,
      onbeforematch: [36m[Getter/Setter][39m,
      onbeforetoggle: [36m[Getter/Setter][39m,
      oncancel: [36m[Getter/Setter][39m,
      oncanplay: [36m[Getter/Setter][39m,
      oncanplaythrough: [36m[Getter/Setter][39m,
      onchange: [36m[Getter/Setter][39m,
      onclick: [36m[Getter/Setter][39m,
      onclose: [36m[Getter/Setter][39m,
      oncontextlost: [36m[Getter/Setter][39m,
      oncontextmenu: [36m[Getter/Setter][39m,
      oncontextrestored: [36m[Getter/Setter][39m,
      oncopy: [36m[Getter/Setter][39m,
      oncuechange: [36m[Getter/Setter][39m,
      oncut: [36m[Getter/Setter][39m,
      ondblclick: [36m[Getter/Setter][39m,
      ondrag: [36m[Getter/Setter][39m,
      ondragend: [36m[Getter/Setter][39m,
      ondragenter: [36m[Getter/Setter][39m,
      ondragleave: [36m[Getter/Setter][39m,
      ondragover: [36m[Getter/Setter][39m,
      ondragstart: [36m[Getter/Setter][39m,
      ondrop: [36m[Getter/Setter][39m,
      ondurationchange: [36m[Getter/Setter][39m,
      onemptied: [36m[Getter/Setter][39m,
      onended: [36m[Getter/Setter][39m,
      onformdata: [36m[Getter/Setter][39m,
      oninput: [36m[Getter/Setter][39m,
      oninvalid: [36m[Getter/Setter][39m,
      onkeydown: [36m[Getter/Setter][39m,
      onkeypress: [36m[Getter/Setter][39m,
      onkeyup: [36m[Getter/Setter][39m,
      onloadeddata: [36m[Getter/Setter][39m,
      onloadedmetadata: [36m[Getter/Setter][39m,
      onloadstart: [36m[Getter/Setter][39m,
      onmousedown: [36m[Getter/Setter][39m,
      onmouseenter: [36m[Getter/Setter][39m,
      onmouseleave: [36m[Getter/Setter][39m,
      onmousemove: [36m[Getter/Setter][39m,
      onmouseout: [36m[Getter/Setter][39m,
      onmouseover: [36m[Getter/Setter][39m,
      onmouseup: [36m[Getter/Setter][39m,
      onpaste: [36m[Getter/Setter][39m,
      onpause: [36m[Getter/Setter][39m,
      onplay: [36m[Getter/Setter][39m,
      onplaying: [36m[Getter/Setter][39m,
      onprogress: [36m[Getter/Setter][39m,
      onratechange: [36m[Getter/Setter][39m,
      onreset: [36m[Getter/Setter][39m,
      onscrollend: [36m[Getter/Setter][39m,
      onsecuritypolicyviolation: [36m[Getter/Setter][39m,
      onseeked: [36m[Getter/Setter][39m,
      onseeking: [36m[Getter/Setter][39m,
      onselect: [36m[Getter/Setter][39m,
      onslotchange: [36m[Getter/Setter][39m,
      onstalled: [36m[Getter/Setter][39m,
      onsubmit: [36m[Getter/Setter][39m,
      onsuspend: [36m[Getter/Setter][39m,
      ontimeupdate: [36m[Getter/Setter][39m,
      ontoggle: [36m[Getter/Setter][39m,
      onvolumechange: [36m[Getter/Setter][39m,
      onwaiting: [36m[Getter/Setter][39m,
      onwebkitanimationend: [36m[Getter/Setter][39m,
      onwebkitanimationiteration: [36m[Getter/Setter][39m,
      onwebkitanimationstart: [36m[Getter/Setter][39m,
      onwebkittransitionend: [36m[Getter/Setter][39m,
      onwheel: [36m[Getter/Setter][39m,
      ontouchstart: [36m[Getter/Setter][39m,
      ontouchend: [36m[Getter/Setter][39m,
      ontouchmove: [36m[Getter/Setter][39m,
      ontouchcancel: [36m[Getter/Setter][39m,
      _registeredHandlers: Set(0) {},
      _eventHandlers: [Object: null prototype] {},
      onautocomplete: [36m[Getter/Setter][39m,
      onautocompleteerror: [36m[Getter/Setter][39m,
      onsort: [36m[Getter/Setter][39m,
      _globalObject: [36m[Circular *2][39m,
      _resourceLoader: [36m[NoOpResourceLoader][39m,
      _globalProxy: [36m[Object [Window]][39m,
      _document: [36m[Document][39m,
      _origin: [32m'http://localhost:3000'[39m,
      _sessionHistory: [36m[SessionHistory][39m,
      _virtualConsole: [36m[VirtualConsole][39m,
      _runScripts: [32m'dangerously'[39m,
      _top: [36m[Object [Window]][39m,
      _parent: [36m[Object [Window]][39m,
      _frameElement: [1mnull[22m,
      _length: [33m0[39m,
      _currentEvent: [90mundefined[39m,
      _pretendToBeVisual: [33mtrue[39m,
      _storageQuota: [33m5000000[39m,
      _commonForOrigin: [36m[Object][39m,
      _currentOriginData: [36m[Object][39m,
      _localStorage: Storage {},
      _sessionStorage: Storage {},
      _selection: [36m[SelectionImpl][39m,
      getSelection: [36m[Function (anonymous)][39m,
      _customElementRegistry: CustomElementRegistry {},
      length: [36m[Getter/Setter][39m,
      window: [36m[Getter][39m,
      frameElement: [36m[Getter][39m,
      frames: [36m[Getter/Setter][39m,
      self: [36m[Getter/Setter][39m,
      parent: [36m[Getter/Setter][39m,
      top: [36m[Getter][39m,
      document: [36m[Getter][39m,
      external: [36m[Getter/Setter][39m,
      location: [36m[Getter/Setter][39m,
      history: [36m[Getter][39m,
      navigator: [36m[Getter][39m,
      locationbar: [36m[Getter/Setter][39m,
      menubar: [36m[Getter/Setter][39m,
      personalbar: [36m[Getter/Setter][39m,
      scrollbars: [36m[Getter/Setter][39m,
      statusbar: [36m[Getter/Setter][39m,
      toolbar: [36m[Getter/Setter][39m,
      performance: [36m[Getter][39m,
      screen: [36m[Getter/Setter][39m,
      crypto: [36m[Getter][39m,
      origin: [36m[Getter/Setter][39m,
      localStorage: [36m[Getter][39m,
      sessionStorage: [36m[Getter][39m,
      customElements: [36m[Getter][39m,
      event: [36m[Getter/Setter][39m,
      setTimeout: [36m[Function (anonymous)][39m,
      setInterval: [36m[Function (anonymous)][39m,
      clearTimeout: [36m[Function (anonymous)][39m,
      clearInterval: [36m[Function (anonymous)][39m,
      queueMicrotask: [36m[Function (anonymous)][39m,
      requestAnimationFrame: [36m[Function (anonymous)][39m,
      cancelAnimationFrame: [36m[Function (anonymous)][39m,
      postMessage: [36m[Function (anonymous)][39m,
      atob: [36m[Function (anonymous)][39m,
      btoa: [36m[Function (anonymous)][39m,
      stop: [36m[Function (anonymous)][39m,
      close: [36m[Function (anonymous)][39m,
      getComputedStyle: [36m[Function (anonymous)][39m,
      captureEvents: [36m[Function (anonymous)][39m,
      releaseEvents: [36m[Function (anonymous)][39m,
      console: [36m[Object][39m,
      name: [32m''[39m,
      status: [32m''[39m,
      devicePixelRatio: [33m1[39m,
      innerWidth: [33m1024[39m,
      innerHeight: [33m768[39m,
      outerWidth: [33m1024[39m,
      outerHeight: [33m768[39m,
      pageXOffset: [33m0[39m,
      pageYOffset: [33m0[39m,
      screenX: [33m0[39m,
      screenLeft: [33m0[39m,
      screenY: [33m0[39m,
      screenTop: [33m0[39m,
      scrollX: [33m0[39m,
      scrollY: [33m0[39m,
      alert: [36m[Function (anonymous)][39m,
      blur: [36m[Function (anonymous)][39m,
      confirm: [36m[Function (anonymous)][39m,
      focus: [36m[Function (anonymous)][39m,
      moveBy: [36m[Function (anonymous)][39m,
      moveTo: [36m[Function (anonymous)][39m,
      open: [36m[Function (anonymous)][39m,
      print: [36m[Function (anonymous)][39m,
      prompt: [36m[Function (anonymous)][39m,
      resizeBy: [36m[Function (anonymous)][39m,
      resizeTo: [36m[Function (anonymous)][39m,
      scroll: [36m[Function (anonymous)][39m,
      scrollBy: [36m[Function (anonymous)][39m,
      scrollTo: [36m[Function (anonymous)][39m,
      [32m'test-container'[39m: [36m[Getter/Setter][39m,
      [32m'tutorial-target'[39m: [36m[Getter/Setter][39m,
      [[32mSymbol([webidl2js] constructor registry)[39m]: [36m[Object: null prototype][39m,
      [[32mSymbol(named property tracker)[39m]: [36m[NamedPropertiesTracker][39m
    }
  },
  suite: [Function: chain] {
    each: [36m[Function (anonymous)][39m,
    for: [36m[Function (anonymous)][39m,
    skipIf: [36m[Function (anonymous)][39m,
    runIf: [36m[Function (anonymous)][39m,
    withContext: [36m[Function (anonymous)][39m,
    setContext: [36m[Function (anonymous)][39m,
    mergeContext: [36m[Function (anonymous)][39m,
    fn: [Function: suiteFn] {
      each: [36m[Function (anonymous)][39m,
      for: [36m[Function (anonymous)][39m,
      skipIf: [36m[Function (anonymous)][39m,
      runIf: [36m[Function (anonymous)][39m
    }
  },
  test: [Function: chain] {
    each: [36m[Function (anonymous)][39m,
    for: [36m[Function (anonymous)][39m,
    skipIf: [36m[Function (anonymous)][39m,
    runIf: [36m[Function (anonymous)][39m,
    scoped: [36m[Function (anonymous)][39m,
    extend: [36m[Function (anonymous)][39m,
    beforeEach: [36m[Function: beforeEach][39m,
    afterEach: [36m[Function: afterEach][39m,
    beforeAll: [36m[Function: beforeAll][39m,
    afterAll: [36m[Function: afterAll][39m,
    withContext: [36m[Function (anonymous)][39m,
    setContext: [36m[Function (anonymous)][39m,
    mergeContext: [36m[Function (anonymous)][39m,
    fn: [Function (anonymous)] {
      each: [36m[Function (anonymous)][39m,
      for: [36m[Function (anonymous)][39m,
      skipIf: [36m[Function (anonymous)][39m,
      runIf: [36m[Function (anonymous)][39m,
      scoped: [36m[Function (anonymous)][39m,
      extend: [36m[Function (anonymous)][39m,
      beforeEach: [36m[Function: beforeEach][39m,
      afterEach: [36m[Function: afterEach][39m,
      beforeAll: [36m[Function: beforeAll][39m,
      afterAll: [36m[Function: afterAll][39m
    }
  },
  describe: [Function: chain] {
    each: [36m[Function (anonymous)][39m,
    for: [36m[Function (anonymous)][39m,
    skipIf: [36m[Function (anonymous)][39m,
    runIf: [36m[Function (anonymous)][39m,
    withContext: [36m[Function (anonymous)][39m,
    setContext: [36m[Function (anonymous)][39m,
    mergeContext: [36m[Function (anonymous)][39m,
    fn: [Function: suiteFn] {
      each: [36m[Function (anonymous)][39m,
      for: [36m[Function (anonymous)][39m,
      skipIf: [36m[Function (anonymous)][39m,
      runIf: [36m[Function (anonymous)][39m
    }
  },
  it: [Function: chain] {
    each: [36m[Function (anonymous)][39m,
    for: [36m[Function (anonymous)][39m,
    skipIf: [36m[Function (anonymous)][39m,
    runIf: [36m[Function (anonymous)][39m,
    scoped: [36m[Function (anonymous)][39m,
    extend: [36m[Function (anonymous)][39m,
    beforeEach: [36m[Function: beforeEach][39m,
    afterEach: [36m[Function: afterEach][39m,
    beforeAll: [36m[Function: beforeAll][39m,
    afterAll: [36m[Function: afterAll][39m,
    withContext: [36m[Function (anonymous)][39m,
    setContext: [36m[Function (anonymous)][39m,
    mergeContext: [36m[Function (anonymous)][39m,
    fn: [Function (anonymous)] {
      each: [36m[Function (anonymous)][39m,
      for: [36m[Function (anonymous)][39m,
      skipIf: [36m[Function (anonymous)][39m,
      runIf: [36m[Function (anonymous)][39m,
      scoped: [36m[Function (anonymous)][39m,
      extend: [36m[Function (anonymous)][39m,
      beforeEach: [36m[Function: beforeEach][39m,
      afterEach: [36m[Function: afterEach][39m,
      beforeAll: [36m[Function: beforeAll][39m,
      afterAll: [36m[Function: afterAll][39m
    }
  },
  chai: [Module: null prototype] {
    Assertion: [36m[class Assertion][39m,
    AssertionError: [36m[class AssertionError extends Error][39m,
    Should: [36m[Function: loadShould][39m,
    assert: [Function: assert] {
      fail: [36m[Function (anonymous)][39m,
      isOk: [36m[Function (anonymous)][39m,
      isNotOk: [36m[Function (anonymous)][39m,
      equal: [36m[Function (anonymous)][39m,
      notEqual: [36m[Function (anonymous)][39m,
      strictEqual: [36m[Function (anonymous)][39m,
      notStrictEqual: [36m[Function (anonymous)][39m,
      deepStrictEqual: [36m[Function (anonymous)][39m,
      deepEqual: [36m[Function (anonymous)][39m,
      notDeepEqual: [36m[Function (anonymous)][39m,
      isAbove: [36m[Function (anonymous)][39m,
      isAtLeast: [36m[Function (anonymous)][39m,
      isBelow: [36m[Function (anonymous)][39m,
      isAtMost: [36m[Function (anonymous)][39m,
      isTrue: [36m[Function (anonymous)][39m,
      isNotTrue: [36m[Function (anonymous)][39m,
      isFalse: [36m[Function (anonymous)][39m,
      isNotFalse: [36m[Function (anonymous)][39m,
      isNull: [36m[Function (anonymous)][39m,
      isNotNull: [36m[Function (anonymous)][39m,
      isNaN: [36m[Function (anonymous)][39m,
      isNotNaN: [36m[Function (anonymous)][39m,
      exists: [36m[Function (anonymous)][39m,
      notExists: [36m[Function (anonymous)][39m,
      isUndefined: [36m[Function (anonymous)][39m,
      isDefined: [36m[Function (anonymous)][39m,
      isCallable: [36m[Function (anonymous)][39m,
      isNotCallable: [36m[Function (anonymous)][39m,
      isObject: [36m[Function (anonymous)][39m,
      isNotObject: [36m[Function (anonymous)][39m,
      isArray: [36m[Function (anonymous)][39m,
      isNotArray: [36m[Function (anonymous)][39m,
      isString: [36m[Function (anonymous)][39m,
      isNotString: [36m[Function (anonymous)][39m,
      isNumber: [36m[Function (anonymous)][39m,
      isNotNumber: [36m[Function (anonymous)][39m,
      isNumeric: [36m[Function (anonymous)][39m,
      isNotNumeric: [36m[Function (anonymous)][39m,
      isFinite: [36m[Function (anonymous)][39m,
      isBoolean: [36m[Function (anonymous)][39m,
      isNotBoolean: [36m[Function (anonymous)][39m,
      typeOf: [36m[Function (anonymous)][39m,
      notTypeOf: [36m[Function (anonymous)][39m,
      instanceOf: [36m[Function (anonymous)][39m,
      notInstanceOf: [36m[Function (anonymous)][39m,
      include: [36m[Function (anonymous)][39m,
      notInclude: [36m[Function (anonymous)][39m,
      deepInclude: [36m[Function (anonymous)][39m,
      notDeepInclude: [36m[Function (anonymous)][39m,
      nestedInclude: [36m[Function (anonymous)][39m,
      notNestedInclude: [36m[Function (anonymous)][39m,
      deepNestedInclude: [36m[Function (anonymous)][39m,
      notDeepNestedInclude: [36m[Function (anonymous)][39m,
      ownInclude: [36m[Function (anonymous)][39m,
      notOwnInclude: [36m[Function (anonymous)][39m,
      deepOwnInclude: [36m[Function (anonymous)][39m,
      notDeepOwnInclude: [36m[Function (anonymous)][39m,
      match: [36m[Function (anonymous)][39m,
      notMatch: [36m[Function (anonymous)][39m,
      property: [36m[Function (anonymous)][39m,
      notProperty: [36m[Function (anonymous)][39m,
      propertyVal: [36m[Function (anonymous)][39m,
      notPropertyVal: [36m[Function (anonymous)][39m,
      deepPropertyVal: [36m[Function (anonymous)][39m,
      notDeepPropertyVal: [36m[Function (anonymous)][39m,
      ownProperty: [36m[Function (anonymous)][39m,
      notOwnProperty: [36m[Function (anonymous)][39m,
      ownPropertyVal: [36m[Function (anonymous)][39m,
      notOwnPropertyVal: [36m[Function (anonymous)][39m,
      deepOwnPropertyVal: [36m[Function (anonymous)][39m,
      notDeepOwnPropertyVal: [36m[Function (anonymous)][39m,
      nestedProperty: [36m[Function (anonymous)][39m,
      notNestedProperty: [36m[Function (anonymous)][39m,
      nestedPropertyVal: [36m[Function (anonymous)][39m,
      notNestedPropertyVal: [36m[Function (anonymous)][39m,
      deepNestedPropertyVal: [36m[Function (anonymous)][39m,
      notDeepNestedPropertyVal: [36m[Function (anonymous)][39m,
      lengthOf: [36m[Function (anonymous)][39m,
      hasAnyKeys: [36m[Function (anonymous)][39m,
      hasAllKeys: [36m[Function (anonymous)][39m,
      containsAllKeys: [36m[Function (anonymous)][39m,
      doesNotHaveAnyKeys: [36m[Function (anonymous)][39m,
      doesNotHaveAllKeys: [36m[Function (anonymous)][39m,
      hasAnyDeepKeys: [36m[Function (anonymous)][39m,
      hasAllDeepKeys: [36m[Function (anonymous)][39m,
      containsAllDeepKeys: [36m[Function (anonymous)][39m,
      doesNotHaveAnyDeepKeys: [36m[Function (anonymous)][39m,
      doesNotHaveAllDeepKeys: [36m[Function (anonymous)][39m,
      throws: [36m[Function (anonymous)][39m,
      doesNotThrow: [36m[Function (anonymous)][39m,
      operator: [36m[Function (anonymous)][39m,
      closeTo: [36m[Function (anonymous)][39m,
      approximately: [36m[Function (anonymous)][39m,
      sameMembers: [36m[Function (anonymous)][39m,
      notSameMembers: [36m[Function (anonymous)][39m,
      sameDeepMembers: [36m[Function (anonymous)][39m,
      notSameDeepMembers: [36m[Function (anonymous)][39m,
      sameOrderedMembers: [36m[Function (anonymous)][39m,
      notSameOrderedMembers: [36m[Function (anonymous)][39m,
      sameDeepOrderedMembers: [36m[Function (anonymous)][39m,
      notSameDeepOrderedMembers: [36m[Function (anonymous)][39m,
      includeMembers: [36m[Function (anonymous)][39m,
      notIncludeMembers: [36m[Function (anonymous)][39m,
      includeDeepMembers: [36m[Function (anonymous)][39m,
      notIncludeDeepMembers: [36m[Function (anonymous)][39m,
      includeOrderedMembers: [36m[Function (anonymous)][39m,
      notIncludeOrderedMembers: [36m[Function (anonymous)][39m,
      includeDeepOrderedMembers: [36m[Function (anonymous)][39m,
      notIncludeDeepOrderedMembers: [36m[Function (anonymous)][39m,
      oneOf: [36m[Function (anonymous)][39m,
      isIterable: [36m[Function (anonymous)][39m,
      changes: [36m[Function (anonymous)][39m,
      changesBy: [36m[Function (anonymous)][39m,
      doesNotChange: [36m[Function (anonymous)][39m,
      changesButNotBy: [36m[Function (anonymous)][39m,
      increases: [36m[Function (anonymous)][39m,
      increasesBy: [36m[Function (anonymous)][39m,
      doesNotIncrease: [36m[Function (anonymous)][39m,
      increasesButNotBy: [36m[Function (anonymous)][39m,
      decreases: [36m[Function (anonymous)][39m,
      decreasesBy: [36m[Function (anonymous)][39m,
      doesNotDecrease: [36m[Function (anonymous)][39m,
      doesNotDecreaseBy: [36m[Function (anonymous)][39m,
      decreasesButNotBy: [36m[Function (anonymous)][39m,
      ifError: [36m[Function (anonymous)][39m,
      isExtensible: [36m[Function (anonymous)][39m,
      isNotExtensible: [36m[Function (anonymous)][39m,
      isSealed: [36m[Function (anonymous)][39m,
      isNotSealed: [36m[Function (anonymous)][39m,
      isFrozen: [36m[Function (anonymous)][39m,
      isNotFrozen: [36m[Function (anonymous)][39m,
      isEmpty: [36m[Function (anonymous)][39m,
      isNotEmpty: [36m[Function (anonymous)][39m,
      containsSubset: [36m[Function (anonymous)][39m,
      doesNotContainSubset: [36m[Function (anonymous)][39m,
      ok: [36m[Function (anonymous)][39m,
      notOk: [36m[Function (anonymous)][39m,
      throw: [36m[Function (anonymous)][39m,
      Throw: [36m[Function (anonymous)][39m,
      extensible: [36m[Function (anonymous)][39m,
      notExtensible: [36m[Function (anonymous)][39m,
      sealed: [36m[Function (anonymous)][39m,
      notSealed: [36m[Function (anonymous)][39m,
      frozen: [36m[Function (anonymous)][39m,
      notFrozen: [36m[Function (anonymous)][39m,
      empty: [36m[Function (anonymous)][39m,
      notEmpty: [36m[Function (anonymous)][39m,
      isFunction: [36m[Function (anonymous)][39m,
      isNotFunction: [36m[Function (anonymous)][39m,
      containSubset: [36m[Function (anonymous)][39m
    },
    config: {
      includeStack: [33mfalse[39m,
      showDiff: [33mtrue[39m,
      truncateThreshold: [33m40[39m,
      useProxy: [33mtrue[39m,
      proxyExcludedKeys: [36m[Array][39m,
      deepEqual: [1mnull[22m
    },
    expect: [Function: expect] {
      fail: [36m[Function (anonymous)][39m,
      extend: [36m[Function: methodWrapper][39m,
      addSnapshotSerializer: [36m[Function: methodWrapper][39m,
      anything: [36m[Function: methodWrapper][39m,
      any: [36m[Function: methodWrapper][39m,
      stringContaining: [36m[Function: methodWrapper][39m,
      objectContaining: [36m[Function: methodWrapper][39m,
      arrayContaining: [36m[Function: methodWrapper][39m,
      stringMatching: [36m[Function: methodWrapper][39m,
      closeTo: [36m[Function: methodWrapper][39m,
      schemaMatching: [36m[Function: methodWrapper][39m,
      not: [36m[Object][39m,
      __flags: [36m[Object: null prototype][39m
    },
    should: [36m[Function: loadShould][39m,
    use: [36m[Function: use][39m,
    util: {
      addChainableMethod: [36m[Getter][39m,
      addLengthGuard: [36m[Getter][39m,
      addMethod: [36m[Getter][39m,
      addProperty: [36m[Getter][39m,
      checkError: [36m[Getter][39m,
      compareByInspect: [36m[Getter][39m,
      eql: [36m[Getter][39m,
      events: [36m[Getter][39m,
      expectTypes: [36m[Getter][39m,
      flag: [36m[Getter][39m,
      getActual: [36m[Getter][39m,
      getMessage: [36m[Getter][39m,
      getName: [36m[Getter][39m,
      getOperator: [36m[Getter][39m,
      getOwnEnumerableProperties: [36m[Getter][39m,
      getOwnEnumerablePropertySymbols: [36m[Getter][39m,
      getPathInfo: [36m[Getter][39m,
      hasProperty: [36m[Getter][39m,
      inspect: [36m[Getter][39m,
      isNaN: [36m[Getter][39m,
      isNumeric: [36m[Getter][39m,
      isProxyEnabled: [36m[Getter][39m,
      isRegExp: [36m[Getter][39m,
      objDisplay: [36m[Getter][39m,
      overwriteChainableMethod: [36m[Getter][39m,
      overwriteMethod: [36m[Getter][39m,
      overwriteProperty: [36m[Getter][39m,
      proxify: [36m[Getter][39m,
      test: [36m[Getter][39m,
      transferFlags: [36m[Getter][39m,
      type: [36m[Getter][39m
    }
  },
  expect: [Function: expect] {
    fail: [36m[Function (anonymous)][39m,
    extend: [36m[Function (anonymous)][39m,
    addSnapshotSerializer: [36m[Function: methodWrapper][39m,
    anything: [36m[Function: methodWrapper][39m,
    any: [36m[Function: methodWrapper][39m,
    stringContaining: [36m[Function: methodWrapper][39m,
    objectContaining: [36m[Function: methodWrapper][39m,
    arrayContaining: [36m[Function: methodWrapper][39m,
    stringMatching: [36m[Function: methodWrapper][39m,
    closeTo: [36m[Function: methodWrapper][39m,
    schemaMatching: [36m[Function: methodWrapper][39m,
    not: {
      stringContaining: [36m[Function: stringContaining][39m,
      objectContaining: [36m[Function: objectContaining][39m,
      arrayContaining: [36m[Function: arrayContaining][39m,
      stringMatching: [36m[Function: stringMatching][39m,
      closeTo: [36m[Function: closeTo][39m,
      schemaMatching: [36m[Function: schemaMatching][39m,
      toSatisfy: [36m[Function: value][39m,
      toBeOneOf: [36m[Function: value][39m
    },
    getState: [36m[Function (anonymous)][39m,
    setState: [36m[Function (anonymous)][39m,
    assert: [Function: assert] {
      fail: [36m[Function (anonymous)][39m,
      isOk: [36m[Function (anonymous)][39m,
      isNotOk: [36m[Function (anonymous)][39m,
      equal: [36m[Function (anonymous)][39m,
      notEqual: [36m[Function (anonymous)][39m,
      strictEqual: [36m[Function (anonymous)][39m,
      notStrictEqual: [36m[Function (anonymous)][39m,
      deepStrictEqual: [36m[Function (anonymous)][39m,
      deepEqual: [36m[Function (anonymous)][39m,
      notDeepEqual: [36m[Function (anonymous)][39m,
      isAbove: [36m[Function (anonymous)][39m,
      isAtLeast: [36m[Function (anonymous)][39m,
      isBelow: [36m[Function (anonymous)][39m,
      isAtMost: [36m[Function (anonymous)][39m,
      isTrue: [36m[Function (anonymous)][39m,
      isNotTrue: [36m[Function (anonymous)][39m,
      isFalse: [36m[Function (anonymous)][39m,
      isNotFalse: [36m[Function (anonymous)][39m,
      isNull: [36m[Function (anonymous)][39m,
      isNotNull: [36m[Function (anonymous)][39m,
      isNaN: [36m[Function (anonymous)][39m,
      isNotNaN: [36m[Function (anonymous)][39m,
      exists: [36m[Function (anonymous)][39m,
      notExists: [36m[Function (anonymous)][39m,
      isUndefined: [36m[Function (anonymous)][39m,
      isDefined: [36m[Function (anonymous)][39m,
      isCallable: [36m[Function (anonymous)][39m,
      isNotCallable: [36m[Function (anonymous)][39m,
      isObject: [36m[Function (anonymous)][39m,
      isNotObject: [36m[Function (anonymous)][39m,
      isArray: [36m[Function (anonymous)][39m,
      isNotArray: [36m[Function (anonymous)][39m,
      isString: [36m[Function (anonymous)][39m,
      isNotString: [36m[Function (anonymous)][39m,
      isNumber: [36m[Function (anonymous)][39m,
      isNotNumber: [36m[Function (anonymous)][39m,
      isNumeric: [36m[Function (anonymous)][39m,
      isNotNumeric: [36m[Function (anonymous)][39m,
      isFinite: [36m[Function (anonymous)][39m,
      isBoolean: [36m[Function (anonymous)][39m,
      isNotBoolean: [36m[Function (anonymous)][39m,
      typeOf: [36m[Function (anonymous)][39m,
      notTypeOf: [36m[Function (anonymous)][39m,
      instanceOf: [36m[Function (anonymous)][39m,
      notInstanceOf: [36m[Function (anonymous)][39m,
      include: [36m[Function (anonymous)][39m,
      notInclude: [36m[Function (anonymous)][39m,
      deepInclude: [36m[Function (anonymous)][39m,
      notDeepInclude: [36m[Function (anonymous)][39m,
      nestedInclude: [36m[Function (anonymous)][39m,
      notNestedInclude: [36m[Function (anonymous)][39m,
      deepNestedInclude: [36m[Function (anonymous)][39m,
      notDeepNestedInclude: [36m[Function (anonymous)][39m,
      ownInclude: [36m[Function (anonymous)][39m,
      notOwnInclude: [36m[Function (anonymous)][39m,
      deepOwnInclude: [36m[Function (anonymous)][39m,
      notDeepOwnInclude: [36m[Function (anonymous)][39m,
      match: [36m[Function (anonymous)][39m,
      notMatch: [36m[Function (anonymous)][39m,
      property: [36m[Function (anonymous)][39m,
      notProperty: [36m[Function (anonymous)][39m,
      propertyVal: [36m[Function (anonymous)][39m,
      notPropertyVal: [36m[Function (anonymous)][39m,
      deepPropertyVal: [36m[Function (anonymous)][39m,
      notDeepPropertyVal: [36m[Function (anonymous)][39m,
      ownProperty: [36m[Function (anonymous)][39m,
      notOwnProperty: [36m[Function (anonymous)][39m,
      ownPropertyVal: [36m[Function (anonymous)][39m,
      notOwnPropertyVal: [36m[Function (anonymous)][39m,
      deepOwnPropertyVal: [36m[Function (anonymous)][39m,
      notDeepOwnPropertyVal: [36m[Function (anonymous)][39m,
      nestedProperty: [36m[Function (anonymous)][39m,
      notNestedProperty: [36m[Function (anonymous)][39m,
      nestedPropertyVal: [36m[Function (anonymous)][39m,
      notNestedPropertyVal: [36m[Function (anonymous)][39m,
      deepNestedPropertyVal: [36m[Function (anonymous)][39m,
      notDeepNestedPropertyVal: [36m[Function (anonymous)][39m,
      lengthOf: [36m[Function (anonymous)][39m,
      hasAnyKeys: [36m[Function (anonymous)][39m,
      hasAllKeys: [36m[Function (anonymous)][39m,
      containsAllKeys: [36m[Function (anonymous)][39m,
      doesNotHaveAnyKeys: [36m[Function (anonymous)][39m,
      doesNotHaveAllKeys: [36m[Function (anonymous)][39m,
      hasAnyDeepKeys: [36m[Function (anonymous)][39m,
      hasAllDeepKeys: [36m[Function (anonymous)][39m,
      containsAllDeepKeys: [36m[Function (anonymous)][39m,
      doesNotHaveAnyDeepKeys: [36m[Function (anonymous)][39m,
      doesNotHaveAllDeepKeys: [36m[Function (anonymous)][39m,
      throws: [36m[Function (anonymous)][39m,
      doesNotThrow: [36m[Function (anonymous)][39m,
      operator: [36m[Function (anonymous)][39m,
      closeTo: [36m[Function (anonymous)][39m,
      approximately: [36m[Function (anonymous)][39m,
      sameMembers: [36m[Function (anonymous)][39m,
      notSameMembers: [36m[Function (anonymous)][39m,
      sameDeepMembers: [36m[Function (anonymous)][39m,
      notSameDeepMembers: [36m[Function (anonymous)][39m,
      sameOrderedMembers: [36m[Function (anonymous)][39m,
      notSameOrderedMembers: [36m[Function (anonymous)][39m,
      sameDeepOrderedMembers: [36m[Function (anonymous)][39m,
      notSameDeepOrderedMembers: [36m[Function (anonymous)][39m,
      includeMembers: [36m[Function (anonymous)][39m,
      notIncludeMembers: [36m[Function (anonymous)][39m,
      includeDeepMembers: [36m[Function (anonymous)][39m,
      notIncludeDeepMembers: [36m[Function (anonymous)][39m,
      includeOrderedMembers: [36m[Function (anonymous)][39m,
      notIncludeOrderedMembers: [36m[Function (anonymous)][39m,
      includeDeepOrderedMembers: [36m[Function (anonymous)][39m,
      notIncludeDeepOrderedMembers: [36m[Function (anonymous)][39m,
      oneOf: [36m[Function (anonymous)][39m,
      isIterable: [36m[Function (anonymous)][39m,
      changes: [36m[Function (anonymous)][39m,
      changesBy: [36m[Function (anonymous)][39m,
      doesNotChange: [36m[Function (anonymous)][39m,
      changesButNotBy: [36m[Function (anonymous)][39m,
      increases: [36m[Function (anonymous)][39m,
      increasesBy: [36m[Function (anonymous)][39m,
      doesNotIncrease: [36m[Function (anonymous)][39m,
      increasesButNotBy: [36m[Function (anonymous)][39m,
      decreases: [36m[Function (anonymous)][39m,
      decreasesBy: [36m[Function (anonymous)][39m,
      doesNotDecrease: [36m[Function (anonymous)][39m,
      doesNotDecreaseBy: [36m[Function (anonymous)][39m,
      decreasesButNotBy: [36m[Function (anonymous)][39m,
      ifError: [36m[Function (anonymous)][39m,
      isExtensible: [36m[Function (anonymous)][39m,
      isNotExtensible: [36m[Function (anonymous)][39m,
      isSealed: [36m[Function (anonymous)][39m,
      isNotSealed: [36m[Function (anonymous)][39m,
      isFrozen: [36m[Function (anonymous)][39m,
      isNotFrozen: [36m[Function (anonymous)][39m,
      isEmpty: [36m[Function (anonymous)][39m,
      isNotEmpty: [36m[Function (anonymous)][39m,
      containsSubset: [36m[Function (anonymous)][39m,
      doesNotContainSubset: [36m[Function (anonymous)][39m,
      ok: [36m[Function (anonymous)][39m,
      notOk: [36m[Function (anonymous)][39m,
      throw: [36m[Function (anonymous)][39m,
      Throw: [36m[Function (anonymous)][39m,
      extensible: [36m[Function (anonymous)][39m,
      notExtensible: [36m[Function (anonymous)][39m,
      sealed: [36m[Function (anonymous)][39m,
      notSealed: [36m[Function (anonymous)][39m,
      frozen: [36m[Function (anonymous)][39m,
      notFrozen: [36m[Function (anonymous)][39m,
      empty: [36m[Function (anonymous)][39m,
      notEmpty: [36m[Function (anonymous)][39m,
      isFunction: [36m[Function (anonymous)][39m,
      isNotFunction: [36m[Function (anonymous)][39m,
      containSubset: [36m[Function (anonymous)][39m
    },
    addEqualityTesters: [36m[Function (anonymous)][39m,
    soft: [36m[Function (anonymous)][39m,
    poll: [36m[Function: poll][39m,
    unreachable: [36m[Function (anonymous)][39m,
    assertions: [36m[Function: methodWrapper][39m,
    hasAssertions: [36m[Function: methodWrapper][39m,
    toSatisfy: [36m[Function: customMatcher][39m,
    toBeOneOf: [36m[Function: customMatcher][39m
  },
  assert: [Function: assert] {
    fail: [36m[Function (anonymous)][39m,
    isOk: [36m[Function (anonymous)][39m,
    isNotOk: [36m[Function (anonymous)][39m,
    equal: [36m[Function (anonymous)][39m,
    notEqual: [36m[Function (anonymous)][39m,
    strictEqual: [36m[Function (anonymous)][39m,
    notStrictEqual: [36m[Function (anonymous)][39m,
    deepStrictEqual: [36m[Function (anonymous)][39m,
    deepEqual: [36m[Function (anonymous)][39m,
    notDeepEqual: [36m[Function (anonymous)][39m,
    isAbove: [36m[Function (anonymous)][39m,
    isAtLeast: [36m[Function (anonymous)][39m,
    isBelow: [36m[Function (anonymous)][39m,
    isAtMost: [36m[Function (anonymous)][39m,
    isTrue: [36m[Function (anonymous)][39m,
    isNotTrue: [36m[Function (anonymous)][39m,
    isFalse: [36m[Function (anonymous)][39m,
    isNotFalse: [36m[Function (anonymous)][39m,
    isNull: [36m[Function (anonymous)][39m,
    isNotNull: [36m[Function (anonymous)][39m,
    isNaN: [36m[Function (anonymous)][39m,
    isNotNaN: [36m[Function (anonymous)][39m,
    exists: [36m[Function (anonymous)][39m,
    notExists: [36m[Function (anonymous)][39m,
    isUndefined: [36m[Function (anonymous)][39m,
    isDefined: [36m[Function (anonymous)][39m,
    isCallable: [36m[Function (anonymous)][39m,
    isNotCallable: [36m[Function (anonymous)][39m,
    isObject: [36m[Function (anonymous)][39m,
    isNotObject: [36m[Function (anonymous)][39m,
    isArray: [36m[Function (anonymous)][39m,
    isNotArray: [36m[Function (anonymous)][39m,
    isString: [36m[Function (anonymous)][39m,
    isNotString: [36m[Function (anonymous)][39m,
    isNumber: [36m[Function (anonymous)][39m,
    isNotNumber: [36m[Function (anonymous)][39m,
    isNumeric: [36m[Function (anonymous)][39m,
    isNotNumeric: [36m[Function (anonymous)][39m,
    isFinite: [36m[Function (anonymous)][39m,
    isBoolean: [36m[Function (anonymous)][39m,
    isNotBoolean: [36m[Function (anonymous)][39m,
    typeOf: [36m[Function (anonymous)][39m,
    notTypeOf: [36m[Function (anonymous)][39m,
    instanceOf: [36m[Function (anonymous)][39m,
    notInstanceOf: [36m[Function (anonymous)][39m,
    include: [36m[Function (anonymous)][39m,
    notInclude: [36m[Function (anonymous)][39m,
    deepInclude: [36m[Function (anonymous)][39m,
    notDeepInclude: [36m[Function (anonymous)][39m,
    nestedInclude: [36m[Function (anonymous)][39m,
    notNestedInclude: [36m[Function (anonymous)][39m,
    deepNestedInclude: [36m[Function (anonymous)][39m,
    notDeepNestedInclude: [36m[Function (anonymous)][39m,
    ownInclude: [36m[Function (anonymous)][39m,
    notOwnInclude: [36m[Function (anonymous)][39m,
    deepOwnInclude: [36m[Function (anonymous)][39m,
    notDeepOwnInclude: [36m[Function (anonymous)][39m,
    match: [36m[Function (anonymous)][39m,
    notMatch: [36m[Function (anonymous)][39m,
    property: [36m[Function (anonymous)][39m,
    notProperty: [36m[Function (anonymous)][39m,
    propertyVal: [36m[Function (anonymous)][39m,
    notPropertyVal: [36m[Function (anonymous)][39m,
    deepPropertyVal: [36m[Function (anonymous)][39m,
    notDeepPropertyVal: [36m[Function (anonymous)][39m,
    ownProperty: [36m[Function (anonymous)][39m,
    notOwnProperty: [36m[Function (anonymous)][39m,
    ownPropertyVal: [36m[Function (anonymous)][39m,
    notOwnPropertyVal: [36m[Function (anonymous)][39m,
    deepOwnPropertyVal: [36m[Function (anonymous)][39m,
    notDeepOwnPropertyVal: [36m[Function (anonymous)][39m,
    nestedProperty: [36m[Function (anonymous)][39m,
    notNestedProperty: [36m[Function (anonymous)][39m,
    nestedPropertyVal: [36m[Function (anonymous)][39m,
    notNestedPropertyVal: [36m[Function (anonymous)][39m,
    deepNestedPropertyVal: [36m[Function (anonymous)][39m,
    notDeepNestedPropertyVal: [36m[Function (anonymous)][39m,
    lengthOf: [36m[Function (anonymous)][39m,
    hasAnyKeys: [36m[Function (anonymous)][39m,
    hasAllKeys: [36m[Function (anonymous)][39m,
    containsAllKeys: [36m[Function (anonymous)][39m,
    doesNotHaveAnyKeys: [36m[Function (anonymous)][39m,
    doesNotHaveAllKeys: [36m[Function (anonymous)][39m,
    hasAnyDeepKeys: [36m[Function (anonymous)][39m,
    hasAllDeepKeys: [36m[Function (anonymous)][39m,
    containsAllDeepKeys: [36m[Function (anonymous)][39m,
    doesNotHaveAnyDeepKeys: [36m[Function (anonymous)][39m,
    doesNotHaveAllDeepKeys: [36m[Function (anonymous)][39m,
    throws: [36m[Function (anonymous)][39m,
    doesNotThrow: [36m[Function (anonymous)][39m,
    operator: [36m[Function (anonymous)][39m,
    closeTo: [36m[Function (anonymous)][39m,
    approximately: [36m[Function (anonymous)][39m,
    sameMembers: [36m[Function (anonymous)][39m,
    notSameMembers: [36m[Function (anonymous)][39m,
    sameDeepMembers: [36m[Function (anonymous)][39m,
    notSameDeepMembers: [36m[Function (anonymous)][39m,
    sameOrderedMembers: [36m[Function (anonymous)][39m,
    notSameOrderedMembers: [36m[Function (anonymous)][39m,
    sameDeepOrderedMembers: [36m[Function (anonymous)][39m,
    notSameDeepOrderedMembers: [36m[Function (anonymous)][39m,
    includeMembers: [36m[Function (anonymous)][39m,
    notIncludeMembers: [36m[Function (anonymous)][39m,
    includeDeepMembers: [36m[Function (anonymous)][39m,
    notIncludeDeepMembers: [36m[Function (anonymous)][39m,
    includeOrderedMembers: [36m[Function (anonymous)][39m,
    notIncludeOrderedMembers: [36m[Function (anonymous)][39m,
    includeDeepOrderedMembers: [36m[Function (anonymous)][39m,
    notIncludeDeepOrderedMembers: [36m[Function (anonymous)][39m,
    oneOf: [36m[Function (anonymous)][39m,
    isIterable: [36m[Function (anonymous)][39m,
    changes: [36m[Function (anonymous)][39m,
    changesBy: [36m[Function (anonymous)][39m,
    doesNotChange: [36m[Function (anonymous)][39m,
    changesButNotBy: [36m[Function (anonymous)][39m,
    increases: [36m[Function (anonymous)][39m,
    increasesBy: [36m[Function (anonymous)][39m,
    doesNotIncrease: [36m[Function (anonymous)][39m,
    increasesButNotBy: [36m[Function (anonymous)][39m,
    decreases: [36m[Function (anonymous)][39m,
    decreasesBy: [36m[Function (anonymous)][39m,
    doesNotDecrease: [36m[Function (anonymous)][39m,
    doesNotDecreaseBy: [36m[Function (anonymous)][39m,
    decreasesButNotBy: [36m[Function (anonymous)][39m,
    ifError: [36m[Function (anonymous)][39m,
    isExtensible: [36m[Function (anonymous)][39m,
    isNotExtensible: [36m[Function (anonymous)][39m,
    isSealed: [36m[Function (anonymous)][39m,
    isNotSealed: [36m[Function (anonymous)][39m,
    isFrozen: [36m[Function (anonymous)][39m,
    isNotFrozen: [36m[Function (anonymous)][39m,
    isEmpty: [36m[Function (anonymous)][39m,
    isNotEmpty: [36m[Function (anonymous)][39m,
    containsSubset: [36m[Function (anonymous)][39m,
    doesNotContainSubset: [36m[Function (anonymous)][39m,
    ok: [36m[Function (anonymous)][39m,
    notOk: [36m[Function (anonymous)][39m,
    throw: [36m[Function (anonymous)][39m,
    Throw: [36m[Function (anonymous)][39m,
    extensible: [36m[Function (anonymous)][39m,
    notExtensible: [36m[Function (anonymous)][39m,
    sealed: [36m[Function (anonymous)][39m,
    notSealed: [36m[Function (anonymous)][39m,
    frozen: [36m[Function (anonymous)][39m,
    notFrozen: [36m[Function (anonymous)][39m,
    empty: [36m[Function (anonymous)][39m,
    notEmpty: [36m[Function (anonymous)][39m,
    isFunction: [36m[Function (anonymous)][39m,
    isNotFunction: [36m[Function (anonymous)][39m,
    containSubset: [36m[Function (anonymous)][39m
  },
  expectTypeOf: [36m[Function: expectTypeOf][39m,
  assertType: [36m[Function: assertType][39m,
  vitest: {
    useFakeTimers: [36m[Function: useFakeTimers][39m,
    isFakeTimers: [36m[Function: isFakeTimers][39m,
    useRealTimers: [36m[Function: useRealTimers][39m,
    runOnlyPendingTimers: [36m[Function: runOnlyPendingTimers][39m,
    runOnlyPendingTimersAsync: [36m[AsyncFunction: runOnlyPendingTimersAsync][39m,
    runAllTimers: [36m[Function: runAllTimers][39m,
    runAllTimersAsync: [36m[AsyncFunction: runAllTimersAsync][39m,
    runAllTicks: [36m[Function: runAllTicks][39m,
    advanceTimersByTime: [36m[Function: advanceTimersByTime][39m,
    advanceTimersByTimeAsync: [36m[AsyncFunction: advanceTimersByTimeAsync][39m,
    advanceTimersToNextTimer: [36m[Function: advanceTimersToNextTimer][39m,
    advanceTimersToNextTimerAsync: [36m[AsyncFunction: advanceTimersToNextTimerAsync][39m,
    advanceTimersToNextFrame: [36m[Function: advanceTimersToNextFrame][39m,
    getTimerCount: [36m[Function: getTimerCount][39m,
    setSystemTime: [36m[Function: setSystemTime][39m,
    getMockedSystemTime: [36m[Function: getMockedSystemTime][39m,
    getRealSystemTime: [36m[Function: getRealSystemTime][39m,
    clearAllTimers: [36m[Function: clearAllTimers][39m,
    spyOn: [36m[Function: spyOn][39m,
    fn: [36m[Function: fn][39m,
    waitFor: [36m[Function: waitFor][39m,
    waitUntil: [36m[Function: waitUntil][39m,
    hoisted: [36m[Function: hoisted][39m,
    mock: [36m[Function: mock][39m,
    unmock: [36m[Function: unmock][39m,
    doMock: [36m[Function: doMock][39m,
    doUnmock: [36m[Function: doUnmock][39m,
    importActual: [36m[AsyncFunction: importActual][39m,
    importMock: [36m[AsyncFunction: importMock][39m,
    mockObject: [36m[Function: mockObject][39m,
    mocked: [36m[Function: mocked][39m,
    isMockFunction: [36m[Function: isMockFunction][39m,
    clearAllMocks: [36m[Function: clearAllMocks][39m,
    resetAllMocks: [36m[Function: resetAllMocks][39m,
    restoreAllMocks: [36m[Function: restoreAllMocks][39m,
    stubGlobal: [36m[Function: stubGlobal][39m,
    stubEnv: [36m[Function: stubEnv][39m,
    unstubAllGlobals: [36m[Function: unstubAllGlobals][39m,
    unstubAllEnvs: [36m[Function: unstubAllEnvs][39m,
    resetModules: [36m[Function: resetModules][39m,
    dynamicImportSettled: [36m[AsyncFunction: dynamicImportSettled][39m,
    setConfig: [36m[Function: setConfig][39m,
    resetConfig: [36m[Function: resetConfig][39m
  },
  vi: {
    useFakeTimers: [36m[Function: useFakeTimers][39m,
    isFakeTimers: [36m[Function: isFakeTimers][39m,
    useRealTimers: [36m[Function: useRealTimers][39m,
    runOnlyPendingTimers: [36m[Function: runOnlyPendingTimers][39m,
    runOnlyPendingTimersAsync: [36m[AsyncFunction: runOnlyPendingTimersAsync][39m,
    runAllTimers: [36m[Function: runAllTimers][39m,
    runAllTimersAsync: [36m[AsyncFunction: runAllTimersAsync][39m,
    runAllTicks: [36m[Function: runAllTicks][39m,
    advanceTimersByTime: [36m[Function: advanceTimersByTime][39m,
    advanceTimersByTimeAsync: [36m[AsyncFunction: advanceTimersByTimeAsync][39m,
    advanceTimersToNextTimer: [36m[Function: advanceTimersToNextTimer][39m,
    advanceTimersToNextTimerAsync: [36m[AsyncFunction: advanceTimersToNextTimerAsync][39m,
    advanceTimersToNextFrame: [36m[Function: advanceTimersToNextFrame][39m,
    getTimerCount: [36m[Function: getTimerCount][39m,
    setSystemTime: [36m[Function: setSystemTime][39m,
    getMockedSystemTime: [36m[Function: getMockedSystemTime][39m,
    getRealSystemTime: [36m[Function: getRealSystemTime][39m,
    clearAllTimers: [36m[Function: clearAllTimers][39m,
    spyOn: [36m[Function: spyOn][39m,
    fn: [36m[Function: fn][39m,
    waitFor: [36m[Function: waitFor][39m,
    waitUntil: [36m[Function: waitUntil][39m,
    hoisted: [36m[Function: hoisted][39m,
    mock: [36m[Function: mock][39m,
    unmock: [36m[Function: unmock][39m,
    doMock: [36m[Function: doMock][39m,
    doUnmock: [36m[Function: doUnmock][39m,
    importActual: [36m[AsyncFunction: importActual][39m,
    importMock: [36m[AsyncFunction: importMock][39m,
    mockObject: [36m[Function: mockObject][39m,
    mocked: [36m[Function: mocked][39m,
    isMockFunction: [36m[Function: isMockFunction][39m,
    clearAllMocks: [36m[Function: clearAllMocks][39m,
    resetAllMocks: [36m[Function: resetAllMocks][39m,
    restoreAllMocks: [36m[Function: restoreAllMocks][39m,
    stubGlobal: [36m[Function: stubGlobal][39m,
    stubEnv: [36m[Function: stubEnv][39m,
    unstubAllGlobals: [36m[Function: unstubAllGlobals][39m,
    unstubAllEnvs: [36m[Function: unstubAllEnvs][39m,
    resetModules: [36m[Function: resetModules][39m,
    dynamicImportSettled: [36m[AsyncFunction: dynamicImportSettled][39m,
    setConfig: [36m[Function: setConfig][39m,
    resetConfig: [36m[Function: resetConfig][39m
  },
  beforeAll: [36m[Function: beforeAll][39m,
  afterAll: [36m[Function: afterAll][39m,
  beforeEach: [36m[Function: beforeEach][39m,
  afterEach: [36m[Function: afterEach][39m,
  onTestFinished: [36m[Function (anonymous)][39m,
  onTestFailed: [36m[Function (anonymous)][39m,
  __vitest_required__: {
    util: {
 [32mΓ£ô[39m src/components/__tests__/theme-switcher.test.ts[2m > [22mThemeSwitcher[2m > [22mTheme Selection[2m > [22mshould highlight newly selected theme after update[32m 189[2mms[22m[39m
      _errnoException: [36m[Function: _errnoException][39m,
      _exceptionWithHostPort: [36m[Function: _exceptionWithHostPort][39m,
      _extend: [36m[Function: deprecated][39m,
      callbackify: [36m[Function: callbackify][39m,
      debug: [36m[Function: debuglog][39m,
      debuglog: [36m[Function: debuglog][39m,
      deprecate: [36m[Function: deprecate][39m,
      format: [36m[Function: format][39m,
      styleText: [36m[Function: styleText][39m,
      formatWithOptions: [36m[Function: formatWithOptions][39m,
      getCallSite: [36m[Function: deprecated][39m,
      getCallSites: [36m[Function: getCallSites][39m,
      getSystemErrorMap: [36m[Function: getSystemErrorMap][39m,
      getSystemErrorName: [36m[Function: getSystemErrorName][39m,
      getSystemErrorMessage: [36m[Function: getSystemErrorMessage][39m,
      inherits: [36m[Function: inherits][39m,
      inspect: [36m[Function][39m,
      isArray: [36m[Function: deprecated][39m,
      isBoolean: [36m[Function: deprecated][39m,
      isBuffer: [36m[Function: deprecated][39m,
      isDeepStrictEqual: [36m[Function: isDeepStrictEqual][39m,
      isNull: [36m[Function: deprecated][39m,
      isNullOrUndefined: [36m[Function: deprecated][39m,
      isNumber: [36m[Function: deprecated][39m,
      isString: [36m[Function: deprecated][39m,
      isSymbol: [36m[Function: deprecated][39m,
      isUndefined: [36m[Function: deprecated][39m,
      isRegExp: [36m[Function: deprecated][39m,
      isObject: [36m[Function: deprecated][39m,
      isDate: [36m[Function: deprecated][39m,
      isError: [36m[Function: deprecated][39m,
      isFunction: [36m[Function: deprecated][39m,
      isPrimitive: [36m[Function: deprecated][39m,
      log: [36m[Function: deprecated][39m,
      promisify: [36m[Function][39m,
      stripVTControlCharacters: [36m[Function: stripVTControlCharacters][39m,
      toUSVString: [36m[Function: toUSVString][39m,
      transferableAbortSignal: [36m[Getter][39m,
      transferableAbortController: [36m[Getter][39m,
      aborted: [36m[Getter][39m,
      types: [36m[Object][39m,
      parseEnv: [36m[Function: parseEnv][39m,
      parseArgs: [36m[Function: parseArgs][39m,
      TextDecoder: [36m[class TextDecoder][39m,
      TextEncoder: [36m[class TextEncoder][39m,
      MIMEType: [36m[class MIMEType][39m,
      MIMEParams: [36m[class MIMEParams][39m,
      diff: [36m[Function: diff][39m,
      setTraceSigInt: [36m[Function: setTraceSigInt][39m
    },
    timers: {
      setTimeout: [36m[Function][39m,
      clearTimeout: [36m[Function: clearTimeout][39m,
      setImmediate: [36m[Function][39m,
      clearImmediate: [36m[Function: clearImmediate][39m,
      setInterval: [36m[Function: setInterval][39m,
      clearInterval: [36m[Function: clearInterval][39m,
      _unrefActive: [36m[Function: deprecated][39m,
      active: [36m[Function: deprecated][39m,
      unenroll: [36m[Function: deprecated][39m,
      enroll: [36m[Function: deprecated][39m,
      promises: [36m[Getter][39m
    },
    timersPromises: {
      setTimeout: [36m[Function: setTimeout][39m,
      setImmediate: [36m[Function: setImmediate][39m,
      setInterval: [36m[AsyncGeneratorFunction: setInterval][39m,
      scheduler: [36m[Scheduler][39m
    }
  },
  ch: [33m107[39m,
  ResizeObserver: [36m[class ResizeObserverMock][39m,
  [[32mSymbol(vitest:SAFE_TIMERS)[39m]: {
    nextTick: [36m[Function: nextTick][39m,
    setTimeout: [Function: setTimeout] {
      [[32mSymbol(nodejs.util.promisify.custom)[39m]: [36m[Getter][39m
    },
    setInterval: [36m[Function: setInterval][39m,
    clearInterval: [36m[Function: clearInterval][39m,
    clearTimeout: [36m[Function: clearTimeout][39m,
    setImmediate: [Function: setImmediate] {
      [[32mSymbol(nodejs.util.promisify.custom)[39m]: [36m[Getter][39m
    },
    clearImmediate: [36m[Function: clearImmediate][39m,
    queueMicrotask: [36m[Function: queueMicrotask][39m
  }
}

[90mstderr[2m | src/components/__tests__/tutorial-spotlight.test.ts[2m > [22m[2mTutorialSpotlight[2m > 
[22m[2mTarget Not Found[2m > [22m[2mshould skip to next step if target not found
[22m[39mBaseComponent.on: Target is not HTMLElement, Document, or Window [36m<ref *1>[39m Object [global] {
  global: [36m[Circular *1][39m,
  clearImmediate: [Function: clearImmediate] {
    hadOwnProperty: [33mtrue[39m,
    clock: {
      now: [33m1764681223393[39m,
      Date: [36m[Function][39m,
      loopLimit: [33m10000[39m,
      Intl: [36m[Object][39m,
      requestIdleCallback: [36m[Function: requestIdleCallback][39m,
      cancelIdleCallback: [36m[Function: cancelIdleCallback][39m,
      setTimeout: [36m[Function][39m,
      clearTimeout: [36m[Function][39m,
      nextTick: [36m[Function: nextTick][39m,
      queueMicrotask: [36m[Function: queueMicrotask][39m,
      setInterval: [36m[Function][39m,
      clearInterval: [36m[Function][39m,
      setImmediate: [36m[Function][39m,
      clearImmediate: [36m[Function][39m,
      countTimers: [36m[Function: countTimers][39m,
      requestAnimationFrame: [36m[Function][39m,
      cancelAnimationFrame: [36m[Function][39m,
      runMicrotasks: [36m[Function: runMicrotasks][39m,
      tick: [36m[Function: tick][39m,
      tickAsync: [36m[Function: tickAsync][39m,
      next: [36m[Function: next][39m,
      nextAsync: [36m[Function: nextAsync][39m,
      runAll: [36m[Function: runAll][39m,
      runToFrame: [36m[Function: runToFrame][39m,
      runAllAsync: [36m[Function: runAllAsync][39m,
      runToLast: [36m[Function: runToLast][39m,
      runToLastAsync: [36m[Function: runToLastAsync][39m,
      reset: [36m[Function: reset][39m,
      setSystemTime: [36m[Function: setSystemTime][39m,
      jump: [36m[Function: jump][39m,
      performance: [36m[Object: null prototype][39m,
      hrtime: [36m[Function][39m,
      shouldClearNativeTimers: [33mtrue[39m,
      uninstall: [36m[Function (anonymous)][39m,
      abortListenerMap: Map(0) {},
      methods: [36m[Array][39m,
      _setTimeout: [36m[Function][39m,
      _clearTimeout: [36m[Function: clearTimeout][39m,
      _setInterval: [36m[Function: setInterval][39m,
      _clearInterval: [36m[Function: clearInterval][39m,
      _Date: [36m[Function: Date][39m,
      _setImmediate: [36m[Function][39m,
      _clearImmediate: [36m[Function: clearImmediate][39m,
      _hrtime: [36m[Function][39m,
      _performance: [36m[Performance][39m,
      _requestAnimationFrame: [36m[Function: bound ][39m,
      _cancelAnimationFrame: [36m[Function: bound ][39m,
      _Intl: Object [Intl] {}
    }
  },
  setImmediate: [Function: setImmediate] {
    hadOwnProperty: [33mtrue[39m,
    clock: {
      now: [33m1764681223393[39m,
      Date: [36m[Function][39m,
      loopLimit: [33m10000[39m,
      Intl: [36m[Object][39m,
      requestIdleCallback: [36m[Function: requestIdleCallback][39m,
      cancelIdleCallback: [36m[Function: cancelIdleCallback][39m,
      setTimeout: [36m[Function][39m,
      clearTimeout: [36m[Function][39m,
      nextTick: [36m[Function: nextTick][39m,
      queueMicrotask: [36m[Function: queueMicrotask][39m,
      setInterval: [36m[Function][39m,
      clearInterval: [36m[Function][39m,
      setImmediate: [36m[Function][39m,
      clearImmediate: [36m[Function][39m,
      countTimers: [36m[Function: countTimers][39m,
      requestAnimationFrame: [36m[Function][39m,
      cancelAnimationFrame: [36m[Function][39m,
      runMicrotasks: [36m[Function: runMicrotasks][39m,
      tick: [36m[Function: tick][39m,
      tickAsync: [36m[Function: tickAsync][39m,
      next: [36m[Function: next][39m,
      nextAsync: [36m[Function: nextAsync][39m,
      runAll: [36m[Function: runAll][39m,
      runToFrame: [36m[Function: runToFrame][39m,
      runAllAsync: [36m[Function: runAllAsync][39m,
      runToLast: [36m[Function: runToLast][39m,
      runToLastAsync: [36m[Function: runToLastAsync][39m,
      reset: [36m[Function: reset][39m,
      setSystemTime: [36m[Function: setSystemTime][39m,
      jump: [36m[Function: jump][39m,
      performance: [36m[Object: null prototype][39m,
      hrtime: [36m[Function][39m,
      shouldClearNativeTimers: [33mtrue[39m,
      uninstall: [36m[Function (anonymous)][39m,
      abortListenerMap: Map(0) {},
      methods: [36m[Array][39m,
      _setTimeout: [36m[Function][39m,
      _clearTimeout: [36m[Function: clearTimeout][39m,
      _setInterval: [36m[Function: setInterval][39m,
      _clearInterval: [36m[Function: clearInterval][39m,
      _Date: [36m[Function: Date][39m,
      _setImmediate: [36m[Function][39m,
      _clearImmediate: [36m[Function: clearImmediate][39m,
      _hrtime: [36m[Function][39m,
      _performance: [36m[Performance][39m,
      _requestAnimationFrame: [36m[Function: bound ][39m,
      _cancelAnimationFrame: [36m[Function: bound ][39m,
      _Intl: Object [Intl] {}
    },
    [[32mSymbol(nodejs.util.promisify.custom)[39m]: [36m[Function: promisifiedSetImmediate][39m
  },
  clearInterval: [Function: clearInterval] {
    hadOwnProperty: [33mtrue[39m,
    clock: {
      now: [33m1764681223393[39m,
      Date: [36m[Function][39m,
      loopLimit: [33m10000[39m,
      Intl: [36m[Object][39m,
      requestIdleCallback: [36m[Function: requestIdleCallback][39m,
      cancelIdleCallback: [36m[Function: cancelIdleCallback][39m,
      setTimeout: [36m[Function][39m,
      clearTimeout: [36m[Function][39m,
      nextTick: [36m[Function: nextTick][39m,
      queueMicrotask: [36m[Function: queueMicrotask][39m,
      setInterval: [36m[Function][39m,
      clearInterval: [36m[Function][39m,
      setImmediate: [36m[Function][39m,
      clearImmediate: [36m[Function][39m,
      countTimers: [36m[Function: countTimers][39m,
      requestAnimationFrame: [36m[Function][39m,
      cancelAnimationFrame: [36m[Function][39m,
      runMicrotasks: [36m[Function: runMicrotasks][39m,
      tick: [36m[Function: tick][39m,
      tickAsync: [36m[Function: tickAsync][39m,
      next: [36m[Function: next][39m,
      nextAsync: [36m[Function: nextAsync][39m,
      runAll: [36m[Function: runAll][39m,
      runToFrame: [36m[Function: runToFrame][39m,
      runAllAsync: [36m[Function: runAllAsync][39m,
      runToLast: [36m[Function: runToLast][39m,
      runToLastAsync: [36m[Function: runToLastAsync][39m,
      reset: [36m[Function: reset][39m,
      setSystemTime: [36m[Function: setSystemTime][39m,
      jump: [36m[Function: jump][39m,
      performance: [36m[Object: null prototype][39m,
      hrtime: [36m[Function][39m,
      shouldClearNativeTimers: [33mtrue[39m,
      uninstall: [36m[Function (anonymous)][39m,
      abortListenerMap: Map(0) {},
      methods: [36m[Array][39m,
      _setTimeout: [36m[Function][39m,
      _clearTimeout: [36m[Function: clearTimeout][39m,
      _setInterval: [36m[Function: setInterval][39m,
      _clearInterval: [36m[Function: clearInterval][39m,
      _Date: [36m[Function: Date][39m,
      _setImmediate: [36m[Function][39m,
      _clearImmediate: [36m[Function: clearImmediate][39m,
      _hrtime: [36m[Function][39m,
      _performance: [36m[Performance][39m,
      _requestAnimationFrame: [36m[Function: bound ][39m,
      _cancelAnimationFrame: [36m[Function: bound ][39m,
      _Intl: Object [Intl] {}
    }
  },
  clearTimeout: [Function: clearTimeout] {
    hadOwnProperty: [33mtrue[39m,
    clock: {
      now: [33m1764681223393[39m,
      Date: [36m[Function][39m,
      loopLimit: [33m10000[39m,
      Intl: [36m[Object][39m,
      requestIdleCallback: [36m[Function: requestIdleCallback][39m,
      cancelIdleCallback: [36m[Function: cancelIdleCallback][39m,
      setTimeout: [36m[Function][39m,
      clearTimeout: [36m[Function][39m,
      nextTick: [36m[Function: nextTick][39m,
      queueMicrotask: [36m[Function: queueMicrotask][39m,
      setInterval: [36m[Function][39m,
      clearInterval: [36m[Function][39m,
      setImmediate: [36m[Function][39m,
      clearImmediate: [36m[Function][39m,
      countTimers: [36m[Function: countTimers][39m,
      requestAnimationFrame: [36m[Function][39m,
      cancelAnimationFrame: [36m[Function][39m,
      runMicrotasks: [36m[Function: runMicrotasks][39m,
      tick: [36m[Function: tick][39m,
      tickAsync: [36m[Function: tickAsync][39m,
      next: [36m[Function: next][39m,
      nextAsync: [36m[Function: nextAsync][39m,
      runAll: [36m[Function: runAll][39m,
      runToFrame: [36m[Function: runToFrame][39m,
      runAllAsync: [36m[Function: runAllAsync][39m,
      runToLast: [36m[Function: runToLast][39m,
      runToLastAsync: [36m[Function: runToLastAsync][39m,
      reset: [36m[Function: reset][39m,
      setSystemTime: [36m[Function: setSystemTime][39m,
      jump: [36m[Function: jump][39m,
      performance: [36m[Object: null prototype][39m,
      hrtime: [36m[Function][39m,
      shouldClearNativeTimers: [33mtrue[39m,
      uninstall: [36m[Function (anonymous)][39m,
      abortListenerMap: Map(0) {},
      methods: [36m[Array][39m,
      _setTimeout: [36m[Function][39m,
      _clearTimeout: [36m[Function: clearTimeout][39m,
      _setInterval: [36m[Function: setInterval][39m,
      _clearInterval: [36m[Function: clearInterval][39m,
      _Date: [36m[Function: Date][39m,
      _setImmediate: [36m[Function][39m,
      _clearImmediate: [36m[Function: clearImmediate][39m,
      _hrtime: [36m[Function][39m,
      _performance: [36m[Performance][39m,
      _requestAnimationFrame: [36m[Function: bound ][39m,
      _cancelAnimationFrame: [36m[Function: bound ][39m,
      _Intl: Object [Intl] {}
    }
  },
  setInterval: [Function: setInterval] {
    hadOwnProperty: [33mtrue[39m,
    clock: {
      now: [33m1764681223393[39m,
      Date: [36m[Function][39m,
      loopLimit: [33m10000[39m,
      Intl: [36m[Object][39m,
      requestIdleCallback: [36m[Function: requestIdleCallback][39m,
      cancelIdleCallback: [36m[Function: cancelIdleCallback][39m,
      setTimeout: [36m[Function][39m,
      clearTimeout: [36m[Function][39m,
      nextTick: [36m[Function: nextTick][39m,
      queueMicrotask: [36m[Function: queueMicrotask][39m,
      setInterval: [36m[Function][39m,
      clearInterval: [36m[Function][39m,
      setImmediate: [36m[Function][39m,
      clearImmediate: [36m[Function][39m,
      countTimers: [36m[Function: countTimers][39m,
      requestAnimationFrame: [36m[Function][39m,
      cancelAnimationFrame: [36m[Function][39m,
      runMicrotasks: [36m[Function: runMicrotasks][39m,
      tick: [36m[Function: tick][39m,
      tickAsync: [36m[Function: tickAsync][39m,
      next: [36m[Function: next][39m,
      nextAsync: [36m[Function: nextAsync][39m,
      runAll: [36m[Function: runAll][39m,
      runToFrame: [36m[Function: runToFrame][39m,
      runAllAsync: [36m[Function: runAllAsync][39m,
      runToLast: [36m[Function: runToLast][39m,
      runToLastAsync: [36m[Function: runToLastAsync][39m,
      reset: [36m[Function: reset][39m,
      setSystemTime: [36m[Function: setSystemTime][39m,
      jump: [36m[Function: jump][39m,
      performance: [36m[Object: null prototype][39m,
      hrtime: [36m[Function][39m,
      shouldClearNativeTimers: [33mtrue[39m,
      uninstall: [36m[Function (anonymous)][39m,
      abortListenerMap: Map(0) {},
      methods: [36m[Array][39m,
      _setTimeout: [36m[Function][39m,
      _clearTimeout: [36m[Function: clearTimeout][39m,
      _setInterval: [36m[Function: setInterval][39m,
      _clearInterval: [36m[Function: clearInterval][39m,
      _Date: [36m[Function: Date][39m,
      _setImmediate: [36m[Function][39m,
      _clearImmediate: [36m[Function: clearImmediate][39m,
      _hrtime: [36m[Function][39m,
      _performance: [36m[Performance][39m,
      _requestAnimationFrame: [36m[Function: bound ][39m,
      _cancelAnimationFrame: [36m[Function: bound ][39m,
      _Intl: Object [Intl] {}
    }
  },
  setTimeout: [Function: setTimeout] {
    hadOwnProperty: [33mtrue[39m,
    clock: {
      now: [33m1764681223393[39m,
      Date: [36m[Function][39m,
      loopLimit: [33m10000[39m,
      Intl: [36m[Object][39m,
      requestIdleCallback: [36m[Function: requestIdleCallback][39m,
      cancelIdleCallback: [36m[Function: cancelIdleCallback][39m,
      setTimeout: [36m[Function][39m,
      clearTimeout: [36m[Function][39m,
      nextTick: [36m[Function: nextTick][39m,
      queueMicrotask: [36m[Function: queueMicrotask][39m,
      setInterval: [36m[Function][39m,
      clearInterval: [36m[Function][39m,
      setImmediate: [36m[Function][39m,
      clearImmediate: [36m[Function][39m,
      countTimers: [36m[Function: countTimers][39m,
      requestAnimationFrame: [36m[Function][39m,
      cancelAnimationFrame: [36m[Function][39m,
      runMicrotasks: [36m[Function: runMicrotasks][39m,
      tick: [36m[Function: tick][39m,
      tickAsync: [36m[Function: tickAsync][39m,
      next: [36m[Function: next][39m,
      nextAsync: [36m[Function: nextAsync][39m,
      runAll: [36m[Function: runAll][39m,
      runToFrame: [36m[Function: runToFrame][39m,
      runAllAsync: [36m[Function: runAllAsync][39m,
      runToLast: [36m[Function: runToLast][39m,
      runToLastAsync: [36m[Function: runToLastAsync][39m,
      reset: [36m[Function: reset][39m,
      setSystemTime: [36m[Function: setSystemTime][39m,
      jump: [36m[Function: jump][39m,
      performance: [36m[Object: null prototype][39m,
      hrtime: [36m[Function][39m,
      shouldClearNativeTimers: [33mtrue[39m,
      uninstall: [36m[Function (anonymous)][39m,
      abortListenerMap: Map(0) {},
      methods: [36m[Array][39m,
      _setTimeout: [36m[Function][39m,
      _clearTimeout: [36m[Function: clearTimeout][39m,
      _setInterval: [36m[Function: setInterval][39m,
      _clearInterval: [36m[Function: clearInterval][39m,
      _Date: [36m[Function: Date][39m,
      _setImmediate: [36m[Function][39m,
      _clearImmediate: [36m[Function: clearImmediate][39m,
      _hrtime: [36m[Function][39m,
      _performance: [36m[Performance][39m,
      _requestAnimationFrame: [36m[Function: bound ][39m,
      _cancelAnimationFrame: [36m[Function: bound ][39m,
      _Intl: Object [Intl] {}
    },
    [[32mSymbol(nodejs.util.promisify.custom)[39m]: [36m[Function: promisifiedSetTimeout][39m
  },
  queueMicrotask: [36m[Function: queueMicrotask][39m,
  structuredClone: [36m[Function: structuredClone][39m,
  atob: [36m[Function: atob][39m,
  btoa: [36m[Function: btoa][39m,
  performance: [36m[Getter/Setter][39m,
  fetch: [36m[Function: fetch][39m,
  navigator: [36m[Getter/Setter][39m,
  crypto: [36m[Getter][39m,
  window: [36m[Circular *1][39m,
  self: [36m[Circular *1][39m,
  top: [36m[Circular *1][39m,
  parent: [36m[Circular *1][39m,
  jsdom: JSDOM {
    [[32mSymbol(window)[39m]: [36m<ref *2>[39m Window {
      StyleSheet: [36m[Function: StyleSheet][39m,
      MediaList: [36m[Function: MediaList][39m,
      CSSStyleSheet: [36m[Function: CSSStyleSheet][39m,
      CSSRule: [36m[Function][39m,
      CSSStyleRule: [36m[Function][39m,
      CSSMediaRule: [36m[Function: CSSMediaRule][39m,
      CSSImportRule: [36m[Function: CSSImportRule][39m,
      CSSStyleDeclaration: [36m[class CSSStyleDeclaration][39m,
      XPathException: [36m[Function][39m,
      XPathExpression: [36m[Function: XPathExpression][39m,
      XPathResult: [36m[Function][39m,
      XPathEvaluator: [36m[Function: XPathEvaluator][39m,
      onafterprint: [36m[Getter/Setter][39m,
      onbeforeprint: [36m[Getter/Setter][39m,
      onbeforeunload: [36m[Getter/Setter][39m,
      onhashchange: [36m[Getter/Setter][39m,
      onlanguagechange: [36m[Getter/Setter][39m,
      onmessage: [36m[Getter/Setter][39m,
      onmessageerror: [36m[Getter/Setter][39m,
      onoffline: [36m[Getter/Setter][39m,
      ononline: [36m[Getter/Setter][39m,
      onpagehide: [36m[Getter/Setter][39m,
      onpageshow: [36m[Getter/Setter][39m,
      onpopstate: [36m[Getter/Setter][39m,
      onrejectionhandled: [36m[Getter/Setter][39m,
      onstorage: [36m[Getter/Setter][39m,
      onunhandledrejection: [36m[Getter/Setter][39m,
      onunload: [36m[Getter/Setter][39m,
      onblur: [36m[Getter/Setter][39m,
      onerror: [36m[Getter/Setter][39m,
      onfocus: [36m[Getter/Setter][39m,
      onload: [36m[Getter/Setter][39m,
      onresize: [36m[Getter/Setter][39m,
      onscroll: [36m[Getter/Setter][39m,
      onabort: [36m[Getter/Setter][39m,
      onauxclick: [36m[Getter/Setter][39m,
      onbeforeinput: [36m[Getter/Setter][39m,
      onbeforematch: [36m[Getter/Setter][39m,
      onbeforetoggle: [36m[Getter/Setter][39m,
      oncancel: [36m[Getter/Setter][39m,
      oncanplay: [36m[Getter/Setter][39m,
      oncanplaythrough: [36m[Getter/Setter][39m,
      onchange: [36m[Getter/Setter][39m,
      onclick: [36m[Getter/Setter][39m,
      onclose: [36m[Getter/Setter][39m,
      oncontextlost: [36m[Getter/Setter][39m,
      oncontextmenu: [36m[Getter/Setter][39m,
      oncontextrestored: [36m[Getter/Setter][39m,
      oncopy: [36m[Getter/Setter][39m,
      oncuechange: [36m[Getter/Setter][39m,
      oncut: [36m[Getter/Setter][39m,
      ondblclick: [36m[Getter/Setter][39m,
      ondrag: [36m[Getter/Setter][39m,
      ondragend: [36m[Getter/Setter][39m,
      ondragenter: [36m[Getter/Setter][39m,
      ondragleave: [36m[Getter/Setter][39m,
      ondragover: [36m[Getter/Setter][39m,
      ondragstart: [36m[Getter/Setter][39m,
      ondrop: [36m[Getter/Setter][39m,
      ondurationchange: [36m[Getter/Setter][39m,
      onemptied: [36m[Getter/Setter][39m,
      onended: [36m[Getter/Setter][39m,
      onformdata: [36m[Getter/Setter][39m,
      oninput: [36m[Getter/Setter][39m,
      oninvalid: [36m[Getter/Setter][39m,
      onkeydown: [36m[Getter/Setter][39m,
      onkeypress: [36m[Getter/Setter][39m,
      onkeyup: [36m[Getter/Setter][39m,
      onloadeddata: [36m[Getter/Setter][39m,
      onloadedmetadata: [36m[Getter/Setter][39m,
      onloadstart: [36m[Getter/Setter][39m,
      onmousedown: [36m[Getter/Setter][39m,
      onmouseenter: [36m[Getter/Setter][39m,
      onmouseleave: [36m[Getter/Setter][39m,
      onmousemove: [36m[Getter/Setter][39m,
      onmouseout: [36m[Getter/Setter][39m,
      onmouseover: [36m[Getter/Setter][39m,
      onmouseup: [36m[Getter/Setter][39m,
      onpaste: [36m[Getter/Setter][39m,
      onpause: [36m[Getter/Setter][39m,
      onplay: [36m[Getter/Setter][39m,
      onplaying: [36m[Getter/Setter][39m,
      onprogress: [36m[Getter/Setter][39m,
      onratechange: [36m[Getter/Setter][39m,
      onreset: [36m[Getter/Setter][39m,
      onscrollend: [36m[Getter/Setter][39m,
      onsecuritypolicyviolation: [36m[Getter/Setter][39m,
      onseeked: [36m[Getter/Setter][39m,
      onseeking: [36m[Getter/Setter][39m,
      onselect: [36m[Getter/Setter][39m,
      onslotchange: [36m[Getter/Setter][39m,
      onstalled: [36m[Getter/Setter][39m,
      onsubmit: [36m[Getter/Setter][39m,
      onsuspend: [36m[Getter/Setter][39m,
      ontimeupdate: [36m[Getter/Setter][39m,
      ontoggle: [36m[Getter/Setter][39m,
      onvolumechange: [36m[Getter/Setter][39m,
      onwaiting: [36m[Getter/Setter][39m,
      onwebkitanimationend: [36m[Getter/Setter][39m,
      onwebkitanimationiteration: [36m[Getter/Setter][39m,
      onwebkitanimationstart: [36m[Getter/Setter][39m,
      onwebkittransitionend: [36m[Getter/Setter][39m,
      onwheel: [36m[Getter/Setter][39m,
      ontouchstart: [36m[Getter/Setter][39m,
      ontouchend: [36m[Getter/Setter][39m,
      ontouchmove: [36m[Getter/Setter][39m,
      ontouchcancel: [36m[Getter/Setter][39m,
      _registeredHandlers: Set(0) {},
      _eventHandlers: [Object: null prototype] {},
      onautocomplete: [36m[Getter/Setter][39m,
      onautocompleteerror: [36m[Getter/Setter][39m,
      onsort: [36m[Getter/Setter][39m,
      _globalObject: [36m[Circular *2][39m,
      _resourceLoader: [36m[NoOpResourceLoader][39m,
      _globalProxy: [36m[Object [Window]][39m,
      _document: [36m[Document][39m,
      _origin: [32m'http://localhost:3000'[39m,
      _sessionHistory: [36m[SessionHistory][39m,
      _virtualConsole: [36m[VirtualConsole][39m,
      _runScripts: [32m'dangerously'[39m,
      _top: [36m[Object [Window]][39m,
      _parent: [36m[Object [Window]][39m,
      _frameElement: [1mnull[22m,
      _length: [33m0[39m,
      _currentEvent: [90mundefined[39m,
      _pretendToBeVisual: [33mtrue[39m,
      _storageQuota: [33m5000000[39m,
      _commonForOrigin: [36m[Object][39m,
      _currentOriginData: [36m[Object][39m,
      _localStorage: Storage {},
      _sessionStorage: Storage {},
      _selection: [36m[SelectionImpl][39m,
      getSelection: [36m[Function (anonymous)][39m,
      _customElementRegistry: CustomElementRegistry {},
      length: [36m[Getter/Setter][39m,
      window: [36m[Getter][39m,
      frameElement: [36m[Getter][39m,
      frames: [36m[Getter/Setter][39m,
      self: [36m[Getter/Setter][39m,
      parent: [36m[Getter/Setter][39m,
      top: [36m[Getter][39m,
      document: [36m[Getter][39m,
      external: [36m[Getter/Setter][39m,
      location: [36m[Getter/Setter][39m,
      history: [36m[Getter][39m,
      navigator: [36m[Getter][39m,
      locationbar: [36m[Getter/Setter][39m,
      menubar: [36m[Getter/Setter][39m,
      personalbar: [36m[Getter/Setter][39m,
      scrollbars: [36m[Getter/Setter][39m,
      statusbar: [36m[Getter/Setter][39m,
      toolbar: [36m[Getter/Setter][39m,
      performance: [36m[Getter][39m,
      screen: [36m[Getter/Setter][39m,
      crypto: [36m[Getter][39m,
      origin: [36m[Getter/Setter][39m,
      localStorage: [36m[Getter][39m,
      sessionStorage: [36m[Getter][39m,
      customElements: [36m[Getter][39m,
      event: [36m[Getter/Setter][39m,
      setTimeout: [36m[Function (anonymous)][39m,
      setInterval: [36m[Function (anonymous)][39m,
      clearTimeout: [36m[Function (anonymous)][39m,
      clearInterval: [36m[Function (anonymous)][39m,
      queueMicrotask: [36m[Function (anonymous)][39m,
      requestAnimationFrame: [36m[Function (anonymous)][39m,
      cancelAnimationFrame: [36m[Function (anonymous)][39m,
      postMessage: [36m[Function (anonymous)][39m,
      atob: [36m[Function (anonymous)][39m,
      btoa: [36m[Function (anonymous)][39m,
      stop: [36m[Function (anonymous)][39m,
      close: [36m[Function (anonymous)][39m,
      getComputedStyle: [36m[Function (anonymous)][39m,
      captureEvents: [36m[Function (anonymous)][39m,
      releaseEvents: [36m[Function (anonymous)][39m,
      console: [36m[Object][39m,
      name: [32m''[39m,
      status: [32m''[39m,
      devicePixelRatio: [33m1[39m,
      innerWidth: [33m1024[39m,
      innerHeight: [33m768[39m,
      outerWidth: [33m1024[39m,
      outerHeight: [33m768[39m,
      pageXOffset: [33m0[39m,
      pageYOffset: [33m0[39m,
      screenX: [33m0[39m,
      screenLeft: [33m0[39m,
      screenY: [33m0[39m,
      screenTop: [33m0[39m,
      scrollX: [33m0[39m,
      scrollY: [33m0[39m,
      alert: [36m[Function (anonymous)][39m,
      blur: [36m[Function (anonymous)][39m,
      confirm: [36m[Function (anonymous)][39m,
      focus: [36m[Function (anonymous)][39m,
      moveBy: [36m[Function (anonymous)][39m,
      moveTo: [36m[Function (anonymous)][39m,
      open: [36m[Function (anonymous)][39m,
      print: [36m[Function (anonymous)][39m,
      prompt: [36m[Function (anonymous)][39m,
      resizeBy: [36m[Function (anonymous)][39m,
      resizeTo: [36m[Function (anonymous)][39m,
      scroll: [36m[Function (anonymous)][39m,
      scrollBy: [36m[Function (anonymous)][39m,
      scrollTo: [36m[Function (anonymous)][39m,
      [32m'test-container'[39m: [36m[Getter/Setter][39m,
      [32m'tutorial-target'[39m: [36m[Getter/Setter][39m,
      [[32mSymbol([webidl2js] constructor registry)[39m]: [36m[Object: null prototype][39m,
      [[32mSymbol(named property tracker)[39m]: [36m[NamedPropertiesTracker][39m
    }
  },
  suite: [Function: chain] {
    each: [36m[Function (anonymous)][39m,
    for: [36m[Function (anonymous)][39m,
    skipIf: [36m[Function (anonymous)][39m,
    runIf: [36m[Function (anonymous)][39m,
    withContext: [36m[Function (anonymous)][39m,
    setContext: [36m[Function (anonymous)][39m,
    mergeContext: [36m[Function (anonymous)][39m,
    fn: [Function: suiteFn] {
      each: [36m[Function (anonymous)][39m,
      for: [36m[Function (anonymous)][39m,
      skipIf: [36m[Function (anonymous)][39m,
      runIf: [36m[Function (anonymous)][39m
    }
  },
  test: [Function: chain] {
    each: [36m[Function (anonymous)][39m,
    for: [36m[Function (anonymous)][39m,
    skipIf: [36m[Function (anonymous)][39m,
    runIf: [36m[Function (anonymous)][39m,
    scoped: [36m[Function (anonymous)][39m,
    extend: [36m[Function (anonymous)][39m,
    beforeEach: [36m[Function: beforeEach][39m,
    afterEach: [36m[Function: afterEach][39m,
    beforeAll: [36m[Function: beforeAll][39m,
    afterAll: [36m[Function: afterAll][39m,
    withContext: [36m[Function (anonymous)][39m,
    setContext: [36m[Function (anonymous)][39m,
    mergeContext: [36m[Function (anonymous)][39m,
    fn: [Function (anonymous)] {
      each: [36m[Function (anonymous)][39m,
      for: [36m[Function (anonymous)][39m,
      skipIf: [36m[Function (anonymous)][39m,
      runIf: [36m[Function (anonymous)][39m,
      scoped: [36m[Function (anonymous)][39m,
      extend: [36m[Function (anonymous)][39m,
      beforeEach: [36m[Function: beforeEach][39m,
      afterEach: [36m[Function: afterEach][39m,
      beforeAll: [36m[Function: beforeAll][39m,
      afterAll: [36m[Function: afterAll][39m
    }
  },
  describe: [Function: chain] {
    each: [36m[Function (anonymous)][39m,
    for: [36m[Function (anonymous)][39m,
    skipIf: [36m[Function (anonymous)][39m,
    runIf: [36m[Function (anonymous)][39m,
    withContext: [36m[Function (anonymous)][39m,
    setContext: [36m[Function (anonymous)][39m,
    mergeContext: [36m[Function (anonymous)][39m,
    fn: [Function: suiteFn] {
      each: [36m[Function (anonymous)][39m,
      for: [36m[Function (anonymous)][39m,
      skipIf: [36m[Function (anonymous)][39m,
      runIf: [36m[Function (anonymous)][39m
    }
  },
  it: [Function: chain] {
    each: [36m[Function (anonymous)][39m,
    for: [36m[Function (anonymous)][39m,
    skipIf: [36m[Function (anonymous)][39m,
    runIf: [36m[Function (anonymous)][39m,
    scoped: [36m[Function (anonymous)][39m,
    extend: [36m[Function (anonymous)][39m,
    beforeEach: [36m[Function: beforeEach][39m,
    afterEach: [36m[Function: afterEach][39m,
    beforeAll: [36m[Function: beforeAll][39m,
    afterAll: [36m[Function: afterAll][39m,
    withContext: [36m[Function (anonymous)][39m,
    setContext: [36m[Function (anonymous)][39m,
    mergeContext: [36m[Function (anonymous)][39m,
    fn: [Function (anonymous)] {
      each: [36m[Function (anonymous)][39m,
      for: [36m[Function (anonymous)][39m,
      skipIf: [36m[Function (anonymous)][39m,
      runIf: [36m[Function (anonymous)][39m,
      scoped: [36m[Function (anonymous)][39m,
      extend: [36m[Function (anonymous)][39m,
      beforeEach: [36m[Function: beforeEach][39m,
      afterEach: [36m[Function: afterEach][39m,
      beforeAll: [36m[Function: beforeAll][39m,
      afterAll: [36m[Function: afterAll][39m
    }
  },
  chai: [Module: null prototype] {
    Assertion: [36m[class Assertion][39m,
    AssertionError: [36m[class AssertionError extends Error][39m,
    Should: [36m[Function: loadShould][39m,
    assert: [Function: assert] {
      fail: [36m[Function (anonymous)][39m,
      isOk: [36m[Function (anonymous)][39m,
      isNotOk: [36m[Function (anonymous)][39m,
      equal: [36m[Function (anonymous)][39m,
      notEqual: [36m[Function (anonymous)][39m,
      strictEqual: [36m[Function (anonymous)][39m,
      notStrictEqual: [36m[Function (anonymous)][39m,
      deepStrictEqual: [36m[Function (anonymous)][39m,
      deepEqual: [36m[Function (anonymous)][39m,
      notDeepEqual: [36m[Function (anonymous)][39m,
      isAbove: [36m[Function (anonymous)][39m,
      isAtLeast: [36m[Function (anonymous)][39m,
      isBelow: [36m[Function (anonymous)][39m,
      isAtMost: [36m[Function (anonymous)][39m,
      isTrue: [36m[Function (anonymous)][39m,
      isNotTrue: [36m[Function (anonymous)][39m,
      isFalse: [36m[Function (anonymous)][39m,
      isNotFalse: [36m[Function (anonymous)][39m,
      isNull: [36m[Function (anonymous)][39m,
      isNotNull: [36m[Function (anonymous)][39m,
      isNaN: [36m[Function (anonymous)][39m,
      isNotNaN: [36m[Function (anonymous)][39m,
      exists: [36m[Function (anonymous)][39m,
      notExists: [36m[Function (anonymous)][39m,
      isUndefined: [36m[Function (anonymous)][39m,
      isDefined: [36m[Function (anonymous)][39m,
      isCallable: [36m[Function (anonymous)][39m,
      isNotCallable: [36m[Function (anonymous)][39m,
      isObject: [36m[Function (anonymous)][39m,
      isNotObject: [36m[Function (anonymous)][39m,
      isArray: [36m[Function (anonymous)][39m,
      isNotArray: [36m[Function (anonymous)][39m,
      isString: [36m[Function (anonymous)][39m,
      isNotString: [36m[Function (anonymous)][39m,
      isNumber: [36m[Function (anonymous)][39m,
      isNotNumber: [36m[Function (anonymous)][39m,
      isNumeric: [36m[Function (anonymous)][39m,
      isNotNumeric: [36m[Function (anonymous)][39m,
      isFinite: [36m[Function (anonymous)][39m,
      isBoolean: [36m[Function (anonymous)][39m,
      isNotBoolean: [36m[Function (anonymous)][39m,
      typeOf: [36m[Function (anonymous)][39m,
      notTypeOf: [36m[Function (anonymous)][39m,
      instanceOf: [36m[Function (anonymous)][39m,
      notInstanceOf: [36m[Function (anonymous)][39m,
      include: [36m[Function (anonymous)][39m,
      notInclude: [36m[Function (anonymous)][39m,
      deepInclude: [36m[Function (anonymous)][39m,
      notDeepInclude: [36m[Function (anonymous)][39m,
      nestedInclude: [36m[Function (anonymous)][39m,
      notNestedInclude: [36m[Function (anonymous)][39m,
      deepNestedInclude: [36m[Function (anonymous)][39m,
      notDeepNestedInclude: [36m[Function (anonymous)][39m,
      ownInclude: [36m[Function (anonymous)][39m,
      notOwnInclude: [36m[Function (anonymous)][39m,
      deepOwnInclude: [36m[Function (anonymous)][39m,
      notDeepOwnInclude: [36m[Function (anonymous)][39m,
      match: [36m[Function (anonymous)][39m,
      notMatch: [36m[Function (anonymous)][39m,
      property: [36m[Function (anonymous)][39m,
      notProperty: [36m[Function (anonymous)][39m,
      propertyVal: [36m[Function (anonymous)][39m,
      notPropertyVal: [36m[Function (anonymous)][39m,
      deepPropertyVal: [36m[Function (anonymous)][39m,
      notDeepPropertyVal: [36m[Function (anonymous)][39m,
      ownProperty: [36m[Function (anonymous)][39m,
      notOwnProperty: [36m[Function (anonymous)][39m,
      ownPropertyVal: [36m[Function (anonymous)][39m,
      notOwnPropertyVal: [36m[Function (anonymous)][39m,
      deepOwnPropertyVal: [36m[Function (anonymous)][39m,
      notDeepOwnPropertyVal: [36m[Function (anonymous)][39m,
      nestedProperty: [36m[Function (anonymous)][39m,
      notNestedProperty: [36m[Function (anonymous)][39m,
      nestedPropertyVal: [36m[Function (anonymous)][39m,
      notNestedPropertyVal: [36m[Function (anonymous)][39m,
      deepNestedPropertyVal: [36m[Function (anonymous)][39m,
      notDeepNestedPropertyVal: [36m[Function (anonymous)][39m,
      lengthOf: [36m[Function (anonymous)][39m,
      hasAnyKeys: [36m[Function (anonymous)][39m,
      hasAllKeys: [36m[Function (anonymous)][39m,
      containsAllKeys: [36m[Function (anonymous)][39m,
      doesNotHaveAnyKeys: [36m[Function (anonymous)][39m,
      doesNotHaveAllKeys: [36m[Function (anonymous)][39m,
      hasAnyDeepKeys: [36m[Function (anonymous)][39m,
      hasAllDeepKeys: [36m[Function (anonymous)][39m,
      containsAllDeepKeys: [36m[Function (anonymous)][39m,
      doesNotHaveAnyDeepKeys: [36m[Function (anonymous)][39m,
      doesNotHaveAllDeepKeys: [36m[Function (anonymous)][39m,
      throws: [36m[Function (anonymous)][39m,
      doesNotThrow: [36m[Function (anonymous)][39m,
      operator: [36m[Function (anonymous)][39m,
      closeTo: [36m[Function (anonymous)][39m,
      approximately: [36m[Function (anonymous)][39m,
      sameMembers: [36m[Function (anonymous)][39m,
      notSameMembers: [36m[Function (anonymous)][39m,
      sameDeepMembers: [36m[Function (anonymous)][39m,
      notSameDeepMembers: [36m[Function (anonymous)][39m,
      sameOrderedMembers: [36m[Function (anonymous)][39m,
      notSameOrderedMembers: [36m[Function (anonymous)][39m,
      sameDeepOrderedMembers: [36m[Function (anonymous)][39m,
      notSameDeepOrderedMembers: [36m[Function (anonymous)][39m,
      includeMembers: [36m[Function (anonymous)][39m,
      notIncludeMembers: [36m[Function (anonymous)][39m,
      includeDeepMembers: [36m[Function (anonymous)][39m,
      notIncludeDeepMembers: [36m[Function (anonymous)][39m,
      includeOrderedMembers: [36m[Function (anonymous)][39m,
      notIncludeOrderedMembers: [36m[Function (anonymous)][39m,
      includeDeepOrderedMembers: [36m[Function (anonymous)][39m,
      notIncludeDeepOrderedMembers: [36m[Function (anonymous)][39m,
      oneOf: [36m[Function (anonymous)][39m,
      isIterable: [36m[Function (anonymous)][39m,
      changes: [36m[Function (anonymous)][39m,
      changesBy: [36m[Function (anonymous)][39m,
      doesNotChange: [36m[Function (anonymous)][39m,
      changesButNotBy: [36m[Function (anonymous)][39m,
      increases: [36m[Function (anonymous)][39m,
      increasesBy: [36m[Function (anonymous)][39m,
      doesNotIncrease: [36m[Function (anonymous)][39m,
      increasesButNotBy: [36m[Function (anonymous)][39m,
      decreases: [36m[Function (anonymous)][39m,
      decreasesBy: [36m[Function (anonymous)][39m,
      doesNotDecrease: [36m[Function (anonymous)][39m,
      doesNotDecreaseBy: [36m[Function (anonymous)][39m,
      decreasesButNotBy: [36m[Function (anonymous)][39m,
      ifError: [36m[Function (anonymous)][39m,
      isExtensible: [36m[Function (anonymous)][39m,
      isNotExtensible: [36m[Function (anonymous)][39m,
      isSealed: [36m[Function (anonymous)][39m,
      isNotSealed: [36m[Function (anonymous)][39m,
      isFrozen: [36m[Function (anonymous)][39m,
      isNotFrozen: [36m[Function (anonymous)][39m,
      isEmpty: [36m[Function (anonymous)][39m,
      isNotEmpty: [36m[Function (anonymous)][39m,
      containsSubset: [36m[Function (anonymous)][39m,
      doesNotContainSubset: [36m[Function (anonymous)][39m,
      ok: [36m[Function (anonymous)][39m,
      notOk: [36m[Function (anonymous)][39m,
      throw: [36m[Function (anonymous)][39m,
      Throw: [36m[Function (anonymous)][39m,
      extensible: [36m[Function (anonymous)][39m,
      notExtensible: [36m[Function (anonymous)][39m,
      sealed: [36m[Function (anonymous)][39m,
      notSealed: [36m[Function (anonymous)][39m,
      frozen: [36m[Function (anonymous)][39m,
      notFrozen: [36m[Function (anonymous)][39m,
      empty: [36m[Function (anonymous)][39m,
      notEmpty: [36m[Function (anonymous)][39m,
      isFunction: [36m[Function (anonymous)][39m,
      isNotFunction: [36m[Function (anonymous)][39m,
      containSubset: [36m[Function (anonymous)][39m
    },
    config: {
      includeStack: [33mfalse[39m,
      showDiff: [33mtrue[39m,
      truncateThreshold: [33m40[39m,
      useProxy: [33mtrue[39m,
      proxyExcludedKeys: [36m[Array][39m,
      deepEqual: [1mnull[22m
    },
    expect: [Function: expect] {
      fail: [36m[Function (anonymous)][39m,
      extend: [36m[Function: methodWrapper][39m,
      addSnapshotSerializer: [36m[Function: methodWrapper][39m,
      anything: [36m[Function: methodWrapper][39m,
      any: [36m[Function: methodWrapper][39m,
      stringContaining: [36m[Function: methodWrapper][39m,
      objectContaining: [36m[Function: methodWrapper][39m,
      arrayContaining: [36m[Function: methodWrapper][39m,
      stringMatching: [36m[Function: methodWrapper][39m,
      closeTo: [36m[Function: methodWrapper][39m,
      schemaMatching: [36m[Function: methodWrapper][39m,
      not: [36m[Object][39m,
      __flags: [36m[Object: null prototype][39m
    },
    should: [36m[Function: loadShould][39m,
    use: [36m[Function: use][39m,
    util: {
      addChainableMethod: [36m[Getter][39m,
      addLengthGuard: [36m[Getter][39m,
      addMethod: [36m[Getter][39m,
      addProperty: [36m[Getter][39m,
      checkError: [36m[Getter][39m,
      compareByInspect: [36m[Getter][39m,
      eql: [36m[Getter][39m,
      events: [36m[Getter][39m,
      expectTypes: [36m[Getter][39m,
      flag: [36m[Getter][39m,
      getActual: [36m[Getter][39m,
      getMessage: [36m[Getter][39m,
      getName: [36m[Getter][39m,
      getOperator: [36m[Getter][39m,
      getOwnEnumerableProperties: [36m[Getter][39m,
      getOwnEnumerablePropertySymbols: [36m[Getter][39m,
      getPathInfo: [36m[Getter][39m,
      hasProperty: [36m[Getter][39m,
      inspect: [36m[Getter][39m,
      isNaN: [36m[Getter][39m,
      isNumeric: [36m[Getter][39m,
      isProxyEnabled: [36m[Getter][39m,
      isRegExp: [36m[Getter][39m,
      objDisplay: [36m[Getter][39m,
      overwriteChainableMethod: [36m[Getter][39m,
      overwriteMethod: [36m[Getter][39m,
      overwriteProperty: [36m[Getter][39m,
      proxify: [36m[Getter][39m,
      test: [36m[Getter][39m,
      transferFlags: [36m[Getter][39m,
      type: [36m[Getter][39m
    }
  },
  expect: [Function: expect] {
    fail: [36m[Function (anonymous)][39m,
    extend: [36m[Function (anonymous)][39m,
    addSnapshotSerializer: [36m[Function: methodWrapper][39m,
    anything: [36m[Function: methodWrapper][39m,
    any: [36m[Function: methodWrapper][39m,
    stringContaining: [36m[Function: methodWrapper][39m,
    objectContaining: [36m[Function: methodWrapper][39m,
    arrayContaining: [36m[Function: methodWrapper][39m,
    stringMatching: [36m[Function: methodWrapper][39m,
    closeTo: [36m[Function: methodWrapper][39m,
    schemaMatching: [36m[Function: methodWrapper][39m,
    not: {
      stringContaining: [36m[Function: stringContaining][39m,
      objectContaining: [36m[Function: objectContaining][39m,
      arrayContaining: [36m[Function: arrayContaining][39m,
      stringMatching: [36m[Function: stringMatching][39m,
      closeTo: [36m[Function: closeTo][39m,
      schemaMatching: [36m[Function: schemaMatching][39m,
      toSatisfy: [36m[Function: value][39m,
      toBeOneOf: [36m[Function: value][39m
    },
    getState: [36m[Function (anonymous)][39m,
    setState: [36m[Function (anonymous)][39m,
    assert: [Function: assert] {
      fail: [36m[Function (anonymous)][39m,
      isOk: [36m[Function (anonymous)][39m,
      isNotOk: [36m[Function (anonymous)][39m,
      equal: [36m[Function (anonymous)][39m,
      notEqual: [36m[Function (anonymous)][39m,
      strictEqual: [36m[Function (anonymous)][39m,
      notStrictEqual: [36m[Function (anonymous)][39m,
      deepStrictEqual: [36m[Function (anonymous)][39m,
      deepEqual: [36m[Function (anonymous)][39m,
      notDeepEqual: [36m[Function (anonymous)][39m,
      isAbove: [36m[Function (anonymous)][39m,
      isAtLeast: [36m[Function (anonymous)][39m,
      isBelow: [36m[Function (anonymous)][39m,
      isAtMost: [36m[Function (anonymous)][39m,
      isTrue: [36m[Function (anonymous)][39m,
      isNotTrue: [36m[Function (anonymous)][39m,
      isFalse: [36m[Function (anonymous)][39m,
      isNotFalse: [36m[Function (anonymous)][39m,
      isNull: [36m[Function (anonymous)][39m,
      isNotNull: [36m[Function (anonymous)][39m,
      isNaN: [36m[Function (anonymous)][39m,
      isNotNaN: [36m[Function (anonymous)][39m,
      exists: [36m[Function (anonymous)][39m,
      notExists: [36m[Function (anonymous)][39m,
      isUndefined: [36m[Function (anonymous)][39m,
      isDefined: [36m[Function (anonymous)][39m,
      isCallable: [36m[Function (anonymous)][39m,
      isNotCallable: [36m[Function (anonymous)][39m,
      isObject: [36m[Function (anonymous)][39m,
      isNotObject: [36m[Function (anonymous)][39m,
      isArray: [36m[Function (anonymous)][39m,
      isNotArray: [36m[Function (anonymous)][39m,
      isString: [36m[Function (anonymous)][39m,
      isNotString: [36m[Function (anonymous)][39m,
      isNumber: [36m[Function (anonymous)][39m,
      isNotNumber: [36m[Function (anonymous)][39m,
      isNumeric: [36m[Function (anonymous)][39m,
      isNotNumeric: [36m[Function (anonymous)][39m,
      isFinite: [36m[Function (anonymous)][39m,
      isBoolean: [36m[Function (anonymous)][39m,
      isNotBoolean: [36m[Function (anonymous)][39m,
      typeOf: [36m[Function (anonymous)][39m,
      notTypeOf: [36m[Function (anonymous)][39m,
      instanceOf: [36m[Function (anonymous)][39m,
      notInstanceOf: [36m[Function (anonymous)][39m,
      include: [36m[Function (anonymous)][39m,
      notInclude: [36m[Function (anonymous)][39m,
      deepInclude: [36m[Function (anonymous)][39m,
      notDeepInclude: [36m[Function (anonymous)][39m,
      nestedInclude: [36m[Function (anonymous)][39m,
      notNestedInclude: [36m[Function (anonymous)][39m,
      deepNestedInclude: [36m[Function (anonymous)][39m,
      notDeepNestedInclude: [36m[Function (anonymous)][39m,
      ownInclude: [36m[Function (anonymous)][39m,
      notOwnInclude: [36m[Function (anonymous)][39m,
      deepOwnInclude: [36m[Function (anonymous)][39m,
      notDeepOwnInclude: [36m[Function (anonymous)][39m,
      match: [36m[Function (anonymous)][39m,
      notMatch: [36m[Function (anonymous)][39m,
      property: [36m[Function (anonymous)][39m,
      notProperty: [36m[Function (anonymous)][39m,
      propertyVal: [36m[Function (anonymous)][39m,
      notPropertyVal: [36m[Function (anonymous)][39m,
      deepPropertyVal: [36m[Function (anonymous)][39m,
      notDeepPropertyVal: [36m[Function (anonymous)][39m,
      ownProperty: [36m[Function (anonymous)][39m,
      notOwnProperty: [36m[Function (anonymous)][39m,
      ownPropertyVal: [36m[Function (anonymous)][39m,
      notOwnPropertyVal: [36m[Function (anonymous)][39m,
      deepOwnPropertyVal: [36m[Function (anonymous)][39m,
      notDeepOwnPropertyVal: [36m[Function (anonymous)][39m,
      nestedProperty: [36m[Function (anonymous)][39m,
      notNestedProperty: [36m[Function (anonymous)][39m,
      nestedPropertyVal: [36m[Function (anonymous)][39m,
      notNestedPropertyVal: [36m[Function (anonymous)][39m,
      deepNestedPropertyVal: [36m[Function (anonymous)][39m,
      notDeepNestedPropertyVal: [36m[Function (anonymous)][39m,
      lengthOf: [36m[Function (anonymous)][39m,
      hasAnyKeys: [36m[Function (anonymous)][39m,
      hasAllKeys: [36m[Function (anonymous)][39m,
      containsAllKeys: [36m[Function (anonymous)][39m,
      doesNotHaveAnyKeys: [36m[Function (anonymous)][39m,
      doesNotHaveAllKeys: [36m[Function (anonymous)][39m,
      hasAnyDeepKeys: [36m[Function (anonymous)][39m,
      hasAllDeepKeys: [36m[Function (anonymous)][39m,
      containsAllDeepKeys: [36m[Function (anonymous)][39m,
      doesNotHaveAnyDeepKeys: [36m[Function (anonymous)][39m,
      doesNotHaveAllDeepKeys: [36m[Function (anonymous)][39m,
      throws: [36m[Function (anonymous)][39m,
      doesNotThrow: [36m[Function (anonymous)][39m,
      operator: [36m[Function (anonymous)][39m,
      closeTo: [36m[Function (anonymous)][39m,
      approximately: [36m[Function (anonymous)][39m,
      sameMembers: [36m[Function (anonymous)][39m,
      notSameMembers: [36m[Function (anonymous)][39m,
      sameDeepMembers: [36m[Function (anonymous)][39m,
      notSameDeepMembers: [36m[Function (anonymous)][39m,
      sameOrderedMembers: [36m[Function (anonymous)][39m,
      notSameOrderedMembers: [36m[Function (anonymous)][39m,
      sameDeepOrderedMembers: [36m[Function (anonymous)][39m,
      notSameDeepOrderedMembers: [36m[Function (anonymous)][39m,
      includeMembers: [36m[Function (anonymous)][39m,
      notIncludeMembers: [36m[Function (anonymous)][39m,
      includeDeepMembers: [36m[Function (anonymous)][39m,
      notIncludeDeepMembers: [36m[Function (anonymous)][39m,
      includeOrderedMembers: [36m[Function (anonymous)][39m,
      notIncludeOrderedMembers: [36m[Function (anonymous)][39m,
      includeDeepOrderedMembers: [36m[Function (anonymous)][39m,
      notIncludeDeepOrderedMembers: [36m[Function (anonymous)][39m,
      oneOf: [36m[Function (anonymous)][39m,
      isIterable: [36m[Function (anonymous)][39m,
      changes: [36m[Function (anonymous)][39m,
      changesBy: [36m[Function (anonymous)][39m,
      doesNotChange: [36m[Function (anonymous)][39m,
      changesButNotBy: [36m[Function (anonymous)][39m,
      increases: [36m[Function (anonymous)][39m,
      increasesBy: [36m[Function (anonymous)][39m,
      doesNotIncrease: [36m[Function (anonymous)][39m,
      increasesButNotBy: [36m[Function (anonymous)][39m,
      decreases: [36m[Function (anonymous)][39m,
      decreasesBy: [36m[Function (anonymous)][39m,
      doesNotDecrease: [36m[Function (anonymous)][39m,
      doesNotDecreaseBy: [36m[Function (anonymous)][39m,
      decreasesButNotBy: [36m[Function (anonymous)][39m,
      ifError: [36m[Function (anonymous)][39m,
      isExtensible: [36m[Function (anonymous)][39m,
      isNotExtensible: [36m[Function (anonymous)][39m,
      isSealed: [36m[Function (anonymous)][39m,
      isNotSealed: [36m[Function (anonymous)][39m,
      isFrozen: [36m[Function (anonymous)][39m,
      isNotFrozen: [36m[Function (anonymous)][39m,
      isEmpty: [36m[Function (anonymous)][39m,
      isNotEmpty: [36m[Function (anonymous)][39m,
      containsSubset: [36m[Function (anonymous)][39m,
      doesNotContainSubset: [36m[Function (anonymous)][39m,
      ok: [36m[Function (anonymous)][39m,
      notOk: [36m[Function (anonymous)][39m,
      throw: [36m[Function (anonymous)][39m,
      Throw: [36m[Function (anonymous)][39m,
      extensible: [36m[Function (anonymous)][39m,
      notExtensible: [36m[Function (anonymous)][39m,
      sealed: [36m[Function (anonymous)][39m,
      notSealed: [36m[Function (anonymous)][39m,
      frozen: [36m[Function (anonymous)][39m,
      notFrozen: [36m[Function (anonymous)][39m,
      empty: [36m[Function (anonymous)][39m,
      notEmpty: [36m[Function (anonymous)][39m,
      isFunction: [36m[Function (anonymous)][39m,
      isNotFunction: [36m[Function (anonymous)][39m,
      containSubset: [36m[Function (anonymous)][39m
    },
    addEqualityTesters: [36m[Function (anonymous)][39m,
    soft: [36m[Function (anonymous)][39m,
    poll: [36m[Function: poll][39m,
    unreachable: [36m[Function (anonymous)][39m,
    assertions: [36m[Function: methodWrapper][39m,
    hasAssertions: [36m[Function: methodWrapper][39m,
    toSatisfy: [36m[Function: customMatcher][39m,
    toBeOneOf: [36m[Function: customMatcher][39m
  },
  assert: [Function: assert] {
    fail: [36m[Function (anonymous)][39m,
    isOk: [36m[Function (anonymous)][39m,
    isNotOk: [36m[Function (anonymous)][39m,
    equal: [36m[Function (anonymous)][39m,
    notEqual: [36m[Function (anonymous)][39m,
    strictEqual: [36m[Function (anonymous)][39m,
    notStrictEqual: [36m[Function (anonymous)][39m,
    deepStrictEqual: [36m[Function (anonymous)][39m,
    deepEqual: [36m[Function (anonymous)][39m,
    notDeepEqual: [36m[Function (anonymous)][39m,
    isAbove: [36m[Function (anonymous)][39m,
    isAtLeast: [36m[Function (anonymous)][39m,
    isBelow: [36m[Function (anonymous)][39m,
    isAtMost: [36m[Function (anonymous)][39m,
    isTrue: [36m[Function (anonymous)][39m,
    isNotTrue: [36m[Function (anonymous)][39m,
    isFalse: [36m[Function (anonymous)][39m,
    isNotFalse: [36m[Function (anonymous)][39m,
    isNull: [36m[Function (anonymous)][39m,
    isNotNull: [36m[Function (anonymous)][39m,
    isNaN: [36m[Function (anonymous)][39m,
    isNotNaN: [36m[Function (anonymous)][39m,
    exists: [36m[Function (anonymous)][39m,
    notExists: [36m[Function (anonymous)][39m,
    isUndefined: [36m[Function (anonymous)][39m,
    isDefined: [36m[Function (anonymous)][39m,
    isCallable: [36m[Function (anonymous)][39m,
    isNotCallable: [36m[Function (anonymous)][39m,
    isObject: [36m[Function (anonymous)][39m,
    isNotObject: [36m[Function (anonymous)][39m,
    isArray: [36m[Function (anonymous)][39m,
    isNotArray: [36m[Function (anonymous)][39m,
    isString: [36m[Function (anonymous)][39m,
    isNotString: [36m[Function (anonymous)][39m,
    isNumber: [36m[Function (anonymous)][39m,
    isNotNumber: [36m[Function (anonymous)][39m,
    isNumeric: [36m[Function (anonymous)][39m,
    isNotNumeric: [36m[Function (anonymous)][39m,
    isFinite: [36m[Function (anonymous)][39m,
    isBoolean: [36m[Function (anonymous)][39m,
    isNotBoolean: [36m[Function (anonymous)][39m,
    typeOf: [36m[Function (anonymous)][39m,
    notTypeOf: [36m[Function (anonymous)][39m,
    instanceOf: [36m[Function (anonymous)][39m,
    notInstanceOf: [36m[Function (anonymous)][39m,
    include: [36m[Function (anonymous)][39m,
    notInclude: [36m[Function (anonymous)][39m,
    deepInclude: [36m[Function (anonymous)][39m,
    notDeepInclude: [36m[Function (anonymous)][39m,
    nestedInclude: [36m[Function (anonymous)][39m,
    notNestedInclude: [36m[Function (anonymous)][39m,
    deepNestedInclude: [36m[Function (anonymous)][39m,
    notDeepNestedInclude: [36m[Function (anonymous)][39m,
    ownInclude: [36m[Function (anonymous)][39m,
    notOwnInclude: [36m[Function (anonymous)][39m,
    deepOwnInclude: [36m[Function (anonymous)][39m,
    notDeepOwnInclude: [36m[Function (anonymous)][39m,
    match: [36m[Function (anonymous)][39m,
    notMatch: [36m[Function (anonymous)][39m,
    property: [36m[Function (anonymous)][39m,
    notProperty: [36m[Function (anonymous)][39m,
    propertyVal: [36m[Function (anonymous)][39m,
    notPropertyVal: [36m[Function (anonymous)][39m,
    deepPropertyVal: [36m[Function (anonymous)][39m,
    notDeepPropertyVal: [36m[Function (anonymous)][39m,
    ownProperty: [36m[Function (anonymous)][39m,
    notOwnProperty: [36m[Function (anonymous)][39m,
    ownPropertyVal: [36m[Function (anonymous)][39m,
    notOwnPropertyVal: [36m[Function (anonymous)][39m,
    deepOwnPropertyVal: [36m[Function (anonymous)][39m,
    notDeepOwnPropertyVal: [36m[Function (anonymous)][39m,
    nestedProperty: [36m[Function (anonymous)][39m,
    notNestedProperty: [36m[Function (anonymous)][39m,
    nestedPropertyVal: [36m[Function (anonymous)][39m,
    notNestedPropertyVal: [36m[Function (anonymous)][39m,
    deepNestedPropertyVal: [36m[Function (anonymous)][39m,
    notDeepNestedPropertyVal: [36m[Function (anonymous)][39m,
    lengthOf: [36m[Function (anonymous)][39m,
    hasAnyKeys: [36m[Function (anonymous)][39m,
    hasAllKeys: [36m[Function (anonymous)][39m,
    containsAllKeys: [36m[Function (anonymous)][39m,
    doesNotHaveAnyKeys: [36m[Function (anonymous)][39m,
    doesNotHaveAllKeys: [36m[Function (anonymous)][39m,
    hasAnyDeepKeys: [36m[Function (anonymous)][39m,
    hasAllDeepKeys: [36m[Function (anonymous)][39m,
    containsAllDeepKeys: [36m[Function (anonymous)][39m,
    doesNotHaveAnyDeepKeys: [36m[Function (anonymous)][39m,
    doesNotHaveAllDeepKeys: [36m[Function (anonymous)][39m,
    throws: [36m[Function (anonymous)][39m,
    doesNotThrow: [36m[Function (anonymous)][39m,
    operator: [36m[Function (anonymous)][39m,
    closeTo: [36m[Function (anonymous)][39m,
    approximately: [36m[Function (anonymous)][39m,
    sameMembers: [36m[Function (anonymous)][39m,
    notSameMembers: [36m[Function (anonymous)][39m,
    sameDeepMembers: [36m[Function (anonymous)][39m,
    notSameDeepMembers: [36m[Function (anonymous)][39m,
    sameOrderedMembers: [36m[Function (anonymous)][39m,
    notSameOrderedMembers: [36m[Function (anonymous)][39m,
    sameDeepOrderedMembers: [36m[Function (anonymous)][39m,
    notSameDeepOrderedMembers: [36m[Function (anonymous)][39m,
    includeMembers: [36m[Function (anonymous)][39m,
    notIncludeMembers: [36m[Function (anonymous)][39m,
    includeDeepMembers: [36m[Function (anonymous)][39m,
    notIncludeDeepMembers: [36m[Function (anonymous)][39m,
    includeOrderedMembers: [36m[Function (anonymous)][39m,
    notIncludeOrderedMembers: [36m[Function (anonymous)][39m,
    includeDeepOrderedMembers: [36m[Function (anonymous)][39m,
    notIncludeDeepOrderedMembers: [36m[Function (anonymous)][39m,
    oneOf: [36m[Function (anonymous)][39m,
    isIterable: [36m[Function (anonymous)][39m,
    changes: [36m[Function (anonymous)][39m,
    changesBy: [36m[Function (anonymous)][39m,
    doesNotChange: [36m[Function (anonymous)][39m,
    changesButNotBy: [36m[Function (anonymous)][39m,
    increases: [36m[Function (anonymous)][39m,
    increasesBy: [36m[Function (anonymous)][39m,
    doesNotIncrease: [36m[Function (anonymous)][39m,
    increasesButNotBy: [36m[Function (anonymous)][39m,
    decreases: [36m[Function (anonymous)][39m,
    decreasesBy: [36m[Function (anonymous)][39m,
    doesNotDecrease: [36m[Function (anonymous)][39m,
    doesNotDecreaseBy: [36m[Function (anonymous)][39m,
    decreasesButNotBy: [36m[Function (anonymous)][39m,
    ifError: [36m[Function (anonymous)][39m,
    isExtensible: [36m[Function (anonymous)][39m,
    isNotExtensible: [36m[Function (anonymous)][39m,
    isSealed: [36m[Function (anonymous)][39m,
    isNotSealed: [36m[Function (anonymous)][39m,
    isFrozen: [36m[Function (anonymous)][39m,
    isNotFrozen: [36m[Function (anonymous)][39m,
    isEmpty: [36m[Function (anonymous)][39m,
    isNotEmpty: [36m[Function (anonymous)][39m,
    containsSubset: [36m[Function (anonymous)][39m,
    doesNotContainSubset: [36m[Function (anonymous)][39m,
    ok: [36m[Function (anonymous)][39m,
    notOk: [36m[Function (anonymous)][39m,
    throw: [36m[Function (anonymous)][39m,
    Throw: [36m[Function (anonymous)][39m,
    extensible: [36m[Function (anonymous)][39m,
    notExtensible: [36m[Function (anonymous)][39m,
    sealed: [36m[Function (anonymous)][39m,
    notSealed: [36m[Function (anonymous)][39m,
    frozen: [36m[Function (anonymous)][39m,
    notFrozen: [36m[Function (anonymous)][39m,
    empty: [36m[Function (anonymous)][39m,
    notEmpty: [36m[Function (anonymous)][39m,
    isFunction: [36m[Function (anonymous)][39m,
    isNotFunction: [36m[Function (anonymous)][39m,
    containSubset: [36m[Function (anonymous)][39m
  },
  expectTypeOf: [36m[Function: expectTypeOf][39m,
  assertType: [36m[Function: assertType][39m,
  vitest: {
    useFakeTimers: [36m[Function: useFakeTimers][39m,
    isFakeTimers: [36m[Function: isFakeTimers][39m,
    useRealTimers: [36m[Function: useRealTimers][39m,
    runOnlyPendingTimers: [36m[Function: runOnlyPendingTimers][39m,
    runOnlyPendingTimersAsync: [36m[AsyncFunction: runOnlyPendingTimersAsync][39m,
    runAllTimers: [36m[Function: runAllTimers][39m,
    runAllTimersAsync: [36m[AsyncFunction: runAllTimersAsync][39m,
    runAllTicks: [36m[Function: runAllTicks][39m,
    advanceTimersByTime: [36m[Function: advanceTimersByTime][39m,
    advanceTimersByTimeAsync: [36m[AsyncFunction: advanceTimersByTimeAsync][39m,
    advanceTimersToNextTimer: [36m[Function: advanceTimersToNextTimer][39m,
    advanceTimersToNextTimerAsync: [36m[AsyncFunction: advanceTimersToNextTimerAsync][39m,
    advanceTimersToNextFrame: [36m[Function: advanceTimersToNextFrame][39m,
    getTimerCount: [36m[Function: getTimerCount][39m,
    setSystemTime: [36m[Function: setSystemTime][39m,
    getMockedSystemTime: [36m[Function: getMockedSystemTime][39m,
    getRealSystemTime: [36m[Function: getRealSystemTime][39m,
    clearAllTimers: [36m[Function: clearAllTimers][39m,
    spyOn: [36m[Function: spyOn][39m,
    fn: [36m[Function: fn][39m,
    waitFor: [36m[Function: waitFor][39m,
    waitUntil: [36m[Function: waitUntil][39m,
    hoisted: [36m[Function: hoisted][39m,
    mock: [36m[Function: mock][39m,
    unmock: [36m[Function: unmock][39m,
    doMock: [36m[Function: doMock][39m,
    doUnmock: [36m[Function: doUnmock][39m,
    importActual: [36m[AsyncFunction: importActual][39m,
    importMock: [36m[AsyncFunction: importMock][39m,
    mockObject: [36m[Function: mockObject][39m,
    mocked: [36m[Function: mocked][39m,
    isMockFunction: [36m[Function: isMockFunction][39m,
    clearAllMocks: [36m[Function: clearAllMocks][39m,
    resetAllMocks: [36m[Function: resetAllMocks][39m,
    restoreAllMocks: [36m[Function: restoreAllMocks][39m,
    stubGlobal: [36m[Function: stubGlobal][39m,
    stubEnv: [36m[Function: stubEnv][39m,
    unstubAllGlobals: [36m[Function: unstubAllGlobals][39m,
    unstubAllEnvs: [36m[Function: unstubAllEnvs][39m,
    resetModules: [36m[Function: resetModules][39m,
    dynamicImportSettled: [36m[AsyncFunction: dynamicImportSettled][39m,
    setConfig: [36m[Function: setConfig][39m,
    resetConfig: [36m[Function: resetConfig][39m
  },
  vi: {
    useFakeTimers: [36m[Function: useFakeTimers][39m,
    isFakeTimers: [36m[Function: isFakeTimers][39m,
    useRealTimers: [36m[Function: useRealTimers][39m,
    runOnlyPendingTimers: [36m[Function: runOnlyPendingTimers][39m,
    runOnlyPendingTimersAsync: [36m[AsyncFunction: runOnlyPendingTimersAsync][39m,
    runAllTimers: [36m[Function: runAllTimers][39m,
    runAllTimersAsync: [36m[AsyncFunction: runAllTimersAsync][39m,
    runAllTicks: [36m[Function: runAllTicks][39m,
    advanceTimersByTime: [36m[Function: advanceTimersByTime][39m,
    advanceTimersByTimeAsync: [36m[AsyncFunction: advanceTimersByTimeAsync][39m,
    advanceTimersToNextTimer: [36m[Function: advanceTimersToNextTimer][39m,
    advanceTimersToNextTimerAsync: [36m[AsyncFunction: advanceTimersToNextTimerAsync][39m,
    advanceTimersToNextFrame: [36m[Function: advanceTimersToNextFrame][39m,
    getTimerCount: [36m[Function: getTimerCount][39m,
    setSystemTime: [36m[Function: setSystemTime][39m,
    getMockedSystemTime: [36m[Function: getMockedSystemTime][39m,
    getRealSystemTime: [36m[Function: getRealSystemTime][39m,
    clearAllTimers: [36m[Function: clearAllTimers][39m,
    spyOn: [36m[Function: spyOn][39m,
    fn: [36m[Function: fn][39m,
    waitFor: [36m[Function: waitFor][39m,
    waitUntil: [36m[Function: waitUntil][39m,
    hoisted: [36m[Function: hoisted][39m,
    mock: [36m[Function: mock][39m,
    unmock: [36m[Function: unmock][39m,
    doMock: [36m[Function: doMock][39m,
    doUnmock: [36m[Function: doUnmock][39m,
    importActual: [36m[AsyncFunction: importActual][39m,
    importMock: [36m[AsyncFunction: importMock][39m,
    mockObject: [36m[Function: mockObject][39m,
    mocked: [36m[Function: mocked][39m,
    isMockFunction: [36m[Function: isMockFunction][39m,
    clearAllMocks: [36m[Function: clearAllMocks][39m,
    resetAllMocks: [36m[Function: resetAllMocks][39m,
    restoreAllMocks: [36m[Function: restoreAllMocks][39m,
    stubGlobal: [36m[Function: stubGlobal][39m,
    stubEnv: [36m[Function: stubEnv][39m,
    unstubAllGlobals: [36m[Function: unstubAllGlobals][39m,
    unstubAllEnvs: [36m[Function: unstubAllEnvs][39m,
    resetModules: [36m[Function: resetModules][39m,
    dynamicImportSettled: [36m[AsyncFunction: dynamicImportSettled][39m,
    setConfig: [36m[Function: setConfig][39m,
    resetConfig: [36m[Function: resetConfig][39m
  },
  beforeAll: [36m[Function: beforeAll][39m,
  afterAll: [36m[Function: afterAll][39m,
  beforeEach: [36m[Function: beforeEach][39m,
  afterEach: [36m[Function: afterEach][39m,
  onTestFinished: [36m[Function (anonymous)][39m,
  onTestFailed: [36m[Function (anonymous)][39m,
  __vitest_required__: {
    util: {
      _errnoException: [36m[Function: _errnoException][39m,
      _exceptionWithHostPort: [36m[Function: _exceptionWithHostPort][39m,
      _extend: [36m[Function: deprecated][39m,
      callbackify: [36m[Function: callbackify][39m,
      debug: [36m[Function: debuglog][39m,
      debuglog: [36m[Function: debuglog][39m,
      deprecate: [36m[Function: deprecate][39m,
      format: [36m[Function: format][39m,
      styleText: [36m[Function: styleText][39m,
      formatWithOptions: [36m[Function: formatWithOptions][39m,
      getCallSite: [36m[Function: deprecated][39m,
      getCallSites: [36m[Function: getCallSites][39m,
      getSystemErrorMap: [36m[Function: getSystemErrorMap][39m,
      getSystemErrorName: [36m[Function: getSystemErrorName][39m,
      getSystemErrorMessage: [36m[Function: getSystemErrorMessage][39m,
      inherits: [36m[Function: inherits][39m,
      inspect: [36m[Function][39m,
      isArray: [36m[Function: deprecated][39m,
      isBoolean: [36m[Function: deprecated][39m,
      isBuffer: [36m[Function: deprecated][39m,
      isDeepStrictEqual: [36m[Function: isDeepStrictEqual][39m,
      isNull: [36m[Function: deprecated][39m,
      isNullOrUndefined: [36m[Function: deprecated][39m,
      isNumber: [36m[Function: deprecated][39m,
      isString: [36m[Function: deprecated][39m,
      isSymbol: [36m[Function: deprecated][39m,
      isUndefined: [36m[Function: deprecated][39m,
      isRegExp: [36m[Function: deprecated][39m,
      isObject: [36m[Function: deprecated][39m,
      isDate: [36m[Function: deprecated][39m,
      isError: [36m[Function: deprecated][39m,
      isFunction: [36m[Function: deprecated][39m,
      isPrimitive: [36m[Function: deprecated][39m,
      log: [36m[Function: deprecated][39m,
      promisify: [36m[Function][39m,
      stripVTControlCharacters: [36m[Function: stripVTControlCharacters][39m,
      toUSVString: [36m[Function: toUSVString][39m,
      transferableAbortSignal: [36m[Getter][39m,
      transferableAbortController: [36m[Getter][39m,
      aborted: [36m[Getter][39m,
      types: [36m[Object][39m,
      parseEnv: [36m[Function: parseEnv][39m,
      parseArgs: [36m[Function: parseArgs][39m,
      TextDecoder: [36m[class TextDecoder][39m,
      TextEncoder: [36m[class TextEncoder][39m,
      MIMEType: [36m[class MIMEType][39m,
      MIMEParams: [36m[class MIMEParams][39m,
      diff: [36m[Function: diff][39m,
      setTraceSigInt: [36m[Function: setTraceSigInt][39m
    },
    timers: {
      setTimeout: [36m[Function][39m,
      clearTimeout: [36m[Function: clearTimeout][39m,
      setImmediate: [36m[Function][39m,
      clearImmediate: [36m[Function: clearImmediate][39m,
      setInterval: [36m[Function: setInterval][39m,
      clearInterval: [36m[Function: clearInterval][39m,
      _unrefActive: [36m[Function: deprecated][39m,
      active: [36m[Function: deprecated][39m,
      unenroll: [36m[Function: deprecated][39m,
      enroll: [36m[Function: deprecated][39m,
      promises: [36m[Getter][39m
    },
    timersPromises: {
      setTimeout: [36m[Function: setTimeout][39m,
      setImmediate: [36m[Function: setImmediate][39m,
      setInterval: [36m[AsyncGeneratorFunction: setInterval][39m,
 [32mΓ£ô[39m src/components/__tests__/theme-switcher.test.ts[2m > [22mThemeSwitcher[2m > [22mTheme Service Integration[2m > [22mshould initialize with current theme from service[32m 122[2mms[22m[39m
 [32mΓ£ô[39m src/components/__tests__/tutorial-spotlight.test.ts[2m > [22mTutorialSpotlight[2m > [22mStep Display[2m > [22mshould display progress dots[32m 22[2mms[22m[39m
 [32mΓ£ô[39m src/components/__tests__/tutorial-spotlight.test.ts[2m > [22mTutorialSpotlight[2m > [22mButton Actions[2m > [22mshould call TutorialService.skip when Skip clicked[32m 16[2mms[22m[39m
 [32mΓ£ô[39m src/components/__tests__/tutorial-spotlight.test.ts[2m > [22mTutorialSpotlight[2m > [22mButton Actions[2m > [22mshould call TutorialService.next when Next clicked[32m 14[2mms[22m[39m
 [32mΓ£ô[39m src/components/__tests__/tutorial-spotlight.test.ts[2m > [22mTutorialSpotlight[2m > [22mButton Actions[2m > [22mshould call TutorialService.previous when Previous clicked[32m 38[2mms[22m[39m
 [32mΓ£ô[39m src/components/__tests__/tutorial-spotlight.test.ts[2m > [22mTutorialSpotlight[2m > [22mKeyboard Navigation[2m > [22mshould skip tutorial on Escape key[32m 10[2mms[22m[39m
 [31m├ù[39m src/components/__tests__/tutorial-spotlight.test.ts[2m > [22mTutorialSpotlight[2m > [22mKeyboard Navigation[2m > [22mshould not skip if tutorial is not active[32m 10[2mms[22m[39m
[31m   ΓåÆ expected "vi.fn()" to not be called at all, but actually been called 2 times[90m

Received: 

[1m  1st vi.fn() call:

[22m    Array []

[1m  2nd vi.fn() call:

[22m    Array []
[31m[90m

Number of calls: [1m2[22m
[31m[39m
 [32mΓ£ô[39m src/components/__tests__/tutorial-spotlight.test.ts[2m > [22mTutorialSpotlight[2m > [22mTarget Not Found[2m > [22mshould skip to next step if target not found[32m 8[2mms[22m[39m
      scheduler: [36m[Scheduler][39m
    }
  },
  ch: [33m107[39m,
  ResizeObserver: [36m[class ResizeObserverMock][39m,
  [[32mSymbol(vitest:SAFE_TIMERS)[39m]: {
    nextTick: [36m[Function: nextTick][39m,
    setTimeout: [Function: setTimeout] {
      [[32mSymbol(nodejs.util.promisify.custom)[39m]: [36m[Getter][39m
    },
    setInterval: [36m[Function: setInterval][39m,
    clearInterval: [36m[Function: clearInterval][39m,
    clearTimeout: [36m[Function: clearTimeout][39m,
    setImmediate: [Function: setImmediate] {
      [[32mSymbol(nodejs.util.promisify.custom)[39m]: [36m[Getter][39m
    },
    clearImmediate: [36m[Function: clearImmediate][39m,
    queueMicrotask: [36m[Function: queueMicrotask][39m
  }
}

[90mstderr[2m | src/components/__tests__/tutorial-spotlight.test.ts[2m > [22m[2mTutorialSpotlight[2m > 
[22m[2mTutorial End Event[2m > [22m[2mshould hide on tutorial:end event
[22m[39mBaseComponent.on: Target is not HTMLElement, Document, or Window [36m<ref *1>[39m Object [global] {
  global: [36m[Circular *1][39m,
  clearImmediate: [Function: clearImmediate] {
    hadOwnProperty: [33mtrue[39m,
    clock: {
      now: [33m1764681223402[39m,
      Date: [36m[Function][39m,
      loopLimit: [33m10000[39m,
      Intl: [36m[Object][39m,
      requestIdleCallback: [36m[Function: requestIdleCallback][39m,
      cancelIdleCallback: [36m[Function: cancelIdleCallback][39m,
      setTimeout: [36m[Function][39m,
      clearTimeout: [36m[Function][39m,
      nextTick: [36m[Function: nextTick][39m,
      queueMicrotask: [36m[Function: queueMicrotask][39m,
      setInterval: [36m[Function][39m,
      clearInterval: [36m[Function][39m,
      setImmediate: [36m[Function][39m,
      clearImmediate: [36m[Function][39m,
      countTimers: [36m[Function: countTimers][39m,
      requestAnimationFrame: [36m[Function][39m,
      cancelAnimationFrame: [36m[Function][39m,
      runMicrotasks: [36m[Function: runMicrotasks][39m,
      tick: [36m[Function: tick][39m,
      tickAsync: [36m[Function: tickAsync][39m,
      next: [36m[Function: next][39m,
      nextAsync: [36m[Function: nextAsync][39m,
      runAll: [36m[Function: runAll][39m,
      runToFrame: [36m[Function: runToFrame][39m,
      runAllAsync: [36m[Function: runAllAsync][39m,
      runToLast: [36m[Function: runToLast][39m,
      runToLastAsync: [36m[Function: runToLastAsync][39m,
      reset: [36m[Function: reset][39m,
      setSystemTime: [36m[Function: setSystemTime][39m,
      jump: [36m[Function: jump][39m,
      performance: [36m[Object: null prototype][39m,
      hrtime: [36m[Function][39m,
      shouldClearNativeTimers: [33mtrue[39m,
      uninstall: [36m[Function (anonymous)][39m,
      abortListenerMap: Map(0) {},
      methods: [36m[Array][39m,
      _setTimeout: [36m[Function][39m,
      _clearTimeout: [36m[Function: clearTimeout][39m,
      _setInterval: [36m[Function: setInterval][39m,
      _clearInterval: [36m[Function: clearInterval][39m,
      _Date: [36m[Function: Date][39m,
      _setImmediate: [36m[Function][39m,
      _clearImmediate: [36m[Function: clearImmediate][39m,
      _hrtime: [36m[Function][39m,
      _performance: [36m[Performance][39m,
      _requestAnimationFrame: [36m[Function: bound ][39m,
      _cancelAnimationFrame: [36m[Function: bound ][39m,
      _Intl: Object [Intl] {}
    }
  },
  setImmediate: [Function: setImmediate] {
    hadOwnProperty: [33mtrue[39m,
    clock: {
      now: [33m1764681223402[39m,
      Date: [36m[Function][39m,
      loopLimit: [33m10000[39m,
      Intl: [36m[Object][39m,
      requestIdleCallback: [36m[Function: requestIdleCallback][39m,
      cancelIdleCallback: [36m[Function: cancelIdleCallback][39m,
      setTimeout: [36m[Function][39m,
      clearTimeout: [36m[Function][39m,
      nextTick: [36m[Function: nextTick][39m,
      queueMicrotask: [36m[Function: queueMicrotask][39m,
      setInterval: [36m[Function][39m,
      clearInterval: [36m[Function][39m,
      setImmediate: [36m[Function][39m,
      clearImmediate: [36m[Function][39m,
      countTimers: [36m[Function: countTimers][39m,
      requestAnimationFrame: [36m[Function][39m,
      cancelAnimationFrame: [36m[Function][39m,
      runMicrotasks: [36m[Function: runMicrotasks][39m,
      tick: [36m[Function: tick][39m,
      tickAsync: [36m[Function: tickAsync][39m,
      next: [36m[Function: next][39m,
      nextAsync: [36m[Function: nextAsync][39m,
      runAll: [36m[Function: runAll][39m,
      runToFrame: [36m[Function: runToFrame][39m,
      runAllAsync: [36m[Function: runAllAsync][39m,
      runToLast: [36m[Function: runToLast][39m,
      runToLastAsync: [36m[Function: runToLastAsync][39m,
      reset: [36m[Function: reset][39m,
      setSystemTime: [36m[Function: setSystemTime][39m,
      jump: [36m[Function: jump][39m,
      performance: [36m[Object: null prototype][39m,
      hrtime: [36m[Function][39m,
      shouldClearNativeTimers: [33mtrue[39m,
      uninstall: [36m[Function (anonymous)][39m,
      abortListenerMap: Map(0) {},
      methods: [36m[Array][39m,
      _setTimeout: [36m[Function][39m,
      _clearTimeout: [36m[Function: clearTimeout][39m,
      _setInterval: [36m[Function: setInterval][39m,
      _clearInterval: [36m[Function: clearInterval][39m,
      _Date: [36m[Function: Date][39m,
      _setImmediate: [36m[Function][39m,
      _clearImmediate: [36m[Function: clearImmediate][39m,
      _hrtime: [36m[Function][39m,
      _performance: [36m[Performance][39m,
      _requestAnimationFrame: [36m[Function: bound ][39m,
      _cancelAnimationFrame: [36m[Function: bound ][39m,
      _Intl: Object [Intl] {}
    },
    [[32mSymbol(nodejs.util.promisify.custom)[39m]: [36m[Function: promisifiedSetImmediate][39m
  },
  clearInterval: [Function: clearInterval] {
    hadOwnProperty: [33mtrue[39m,
    clock: {
      now: [33m1764681223402[39m,
      Date: [36m[Function][39m,
      loopLimit: [33m10000[39m,
      Intl: [36m[Object][39m,
      requestIdleCallback: [36m[Function: requestIdleCallback][39m,
      cancelIdleCallback: [36m[Function: cancelIdleCallback][39m,
      setTimeout: [36m[Function][39m,
      clearTimeout: [36m[Function][39m,
      nextTick: [36m[Function: nextTick][39m,
      queueMicrotask: [36m[Function: queueMicrotask][39m,
      setInterval: [36m[Function][39m,
      clearInterval: [36m[Function][39m,
      setImmediate: [36m[Function][39m,
      clearImmediate: [36m[Function][39m,
      countTimers: [36m[Function: countTimers][39m,
      requestAnimationFrame: [36m[Function][39m,
      cancelAnimationFrame: [36m[Function][39m,
      runMicrotasks: [36m[Function: runMicrotasks][39m,
      tick: [36m[Function: tick][39m,
      tickAsync: [36m[Function: tickAsync][39m,
      next: [36m[Function: next][39m,
      nextAsync: [36m[Function: nextAsync][39m,
      runAll: [36m[Function: runAll][39m,
      runToFrame: [36m[Function: runToFrame][39m,
      runAllAsync: [36m[Function: runAllAsync][39m,
      runToLast: [36m[Function: runToLast][39m,
      runToLastAsync: [36m[Function: runToLastAsync][39m,
      reset: [36m[Function: reset][39m,
      setSystemTime: [36m[Function: setSystemTime][39m,
      jump: [36m[Function: jump][39m,
      performance: [36m[Object: null prototype][39m,
      hrtime: [36m[Function][39m,
      shouldClearNativeTimers: [33mtrue[39m,
      uninstall: [36m[Function (anonymous)][39m,
      abortListenerMap: Map(0) {},
      methods: [36m[Array][39m,
      _setTimeout: [36m[Function][39m,
      _clearTimeout: [36m[Function: clearTimeout][39m,
      _setInterval: [36m[Function: setInterval][39m,
      _clearInterval: [36m[Function: clearInterval][39m,
      _Date: [36m[Function: Date][39m,
      _setImmediate: [36m[Function][39m,
      _clearImmediate: [36m[Function: clearImmediate][39m,
      _hrtime: [36m[Function][39m,
      _performance: [36m[Performance][39m,
      _requestAnimationFrame: [36m[Function: bound ][39m,
      _cancelAnimationFrame: [36m[Function: bound ][39m,
      _Intl: Object [Intl] {}
    }
  },
  clearTimeout: [Function: clearTimeout] {
    hadOwnProperty: [33mtrue[39m,
    clock: {
      now: [33m1764681223402[39m,
      Date: [36m[Function][39m,
      loopLimit: [33m10000[39m,
      Intl: [36m[Object][39m,
      requestIdleCallback: [36m[Function: requestIdleCallback][39m,
      cancelIdleCallback: [36m[Function: cancelIdleCallback][39m,
      setTimeout: [36m[Function][39m,
      clearTimeout: [36m[Function][39m,
      nextTick: [36m[Function: nextTick][39m,
      queueMicrotask: [36m[Function: queueMicrotask][39m,
      setInterval: [36m[Function][39m,
      clearInterval: [36m[Function][39m,
      setImmediate: [36m[Function][39m,
      clearImmediate: [36m[Function][39m,
      countTimers: [36m[Function: countTimers][39m,
      requestAnimationFrame: [36m[Function][39m,
      cancelAnimationFrame: [36m[Function][39m,
      runMicrotasks: [36m[Function: runMicrotasks][39m,
      tick: [36m[Function: tick][39m,
      tickAsync: [36m[Function: tickAsync][39m,
      next: [36m[Function: next][39m,
      nextAsync: [36m[Function: nextAsync][39m,
      runAll: [36m[Function: runAll][39m,
      runToFrame: [36m[Function: runToFrame][39m,
      runAllAsync: [36m[Function: runAllAsync][39m,
      runToLast: [36m[Function: runToLast][39m,
      runToLastAsync: [36m[Function: runToLastAsync][39m,
      reset: [36m[Function: reset][39m,
      setSystemTime: [36m[Function: setSystemTime][39m,
      jump: [36m[Function: jump][39m,
      performance: [36m[Object: null prototype][39m,
      hrtime: [36m[Function][39m,
      shouldClearNativeTimers: [33mtrue[39m,
      uninstall: [36m[Function (anonymous)][39m,
      abortListenerMap: Map(0) {},
      methods: [36m[Array][39m,
      _setTimeout: [36m[Function][39m,
      _clearTimeout: [36m[Function: clearTimeout][39m,
      _setInterval: [36m[Function: setInterval][39m,
      _clearInterval: [36m[Function: clearInterval][39m,
      _Date: [36m[Function: Date][39m,
      _setImmediate: [36m[Function][39m,
      _clearImmediate: [36m[Function: clearImmediate][39m,
      _hrtime: [36m[Function][39m,
      _performance: [36m[Performance][39m,
      _requestAnimationFrame: [36m[Function: bound ][39m,
      _cancelAnimationFrame: [36m[Function: bound ][39m,
      _Intl: Object [Intl] {}
    }
  },
  setInterval: [Function: setInterval] {
    hadOwnProperty: [33mtrue[39m,
    clock: {
      now: [33m1764681223402[39m,
      Date: [36m[Function][39m,
      loopLimit: [33m10000[39m,
      Intl: [36m[Object][39m,
      requestIdleCallback: [36m[Function: requestIdleCallback][39m,
      cancelIdleCallback: [36m[Function: cancelIdleCallback][39m,
      setTimeout: [36m[Function][39m,
      clearTimeout: [36m[Function][39m,
      nextTick: [36m[Function: nextTick][39m,
      queueMicrotask: [36m[Function: queueMicrotask][39m,
      setInterval: [36m[Function][39m,
      clearInterval: [36m[Function][39m,
      setImmediate: [36m[Function][39m,
      clearImmediate: [36m[Function][39m,
      countTimers: [36m[Function: countTimers][39m,
      requestAnimationFrame: [36m[Function][39m,
      cancelAnimationFrame: [36m[Function][39m,
      runMicrotasks: [36m[Function: runMicrotasks][39m,
      tick: [36m[Function: tick][39m,
      tickAsync: [36m[Function: tickAsync][39m,
      next: [36m[Function: next][39m,
      nextAsync: [36m[Function: nextAsync][39m,
      runAll: [36m[Function: runAll][39m,
      runToFrame: [36m[Function: runToFrame][39m,
      runAllAsync: [36m[Function: runAllAsync][39m,
      runToLast: [36m[Function: runToLast][39m,
      runToLastAsync: [36m[Function: runToLastAsync][39m,
      reset: [36m[Function: reset][39m,
      setSystemTime: [36m[Function: setSystemTime][39m,
      jump: [36m[Function: jump][39m,
      performance: [36m[Object: null prototype][39m,
      hrtime: [36m[Function][39m,
      shouldClearNativeTimers: [33mtrue[39m,
      uninstall: [36m[Function (anonymous)][39m,
      abortListenerMap: Map(0) {},
      methods: [36m[Array][39m,
      _setTimeout: [36m[Function][39m,
      _clearTimeout: [36m[Function: clearTimeout][39m,
      _setInterval: [36m[Function: setInterval][39m,
      _clearInterval: [36m[Function: clearInterval][39m,
      _Date: [36m[Function: Date][39m,
      _setImmediate: [36m[Function][39m,
      _clearImmediate: [36m[Function: clearImmediate][39m,
      _hrtime: [36m[Function][39m,
      _performance: [36m[Performance][39m,
      _requestAnimationFrame: [36m[Function: bound ][39m,
      _cancelAnimationFrame: [36m[Function: bound ][39m,
      _Intl: Object [Intl] {}
    }
  },
  setTimeout: [Function: setTimeout] {
    hadOwnProperty: [33mtrue[39m,
    clock: {
      now: [33m1764681223402[39m,
      Date: [36m[Function][39m,
      loopLimit: [33m10000[39m,
      Intl: [36m[Object][39m,
      requestIdleCallback: [36m[Function: requestIdleCallback][39m,
      cancelIdleCallback: [36m[Function: cancelIdleCallback][39m,
      setTimeout: [36m[Function][39m,
      clearTimeout: [36m[Function][39m,
      nextTick: [36m[Function: nextTick][39m,
      queueMicrotask: [36m[Function: queueMicrotask][39m,
      setInterval: [36m[Function][39m,
      clearInterval: [36m[Function][39m,
      setImmediate: [36m[Function][39m,
      clearImmediate: [36m[Function][39m,
      countTimers: [36m[Function: countTimers][39m,
      requestAnimationFrame: [36m[Function][39m,
      cancelAnimationFrame: [36m[Function][39m,
      runMicrotasks: [36m[Function: runMicrotasks][39m,
      tick: [36m[Function: tick][39m,
      tickAsync: [36m[Function: tickAsync][39m,
      next: [36m[Function: next][39m,
      nextAsync: [36m[Function: nextAsync][39m,
      runAll: [36m[Function: runAll][39m,
      runToFrame: [36m[Function: runToFrame][39m,
      runAllAsync: [36m[Function: runAllAsync][39m,
      runToLast: [36m[Function: runToLast][39m,
      runToLastAsync: [36m[Function: runToLastAsync][39m,
      reset: [36m[Function: reset][39m,
      setSystemTime: [36m[Function: setSystemTime][39m,
      jump: [36m[Function: jump][39m,
      performance: [36m[Object: null prototype][39m,
      hrtime: [36m[Function][39m,
      shouldClearNativeTimers: [33mtrue[39m,
      uninstall: [36m[Function (anonymous)][39m,
      abortListenerMap: Map(0) {},
      methods: [36m[Array][39m,
      _setTimeout: [36m[Function][39m,
      _clearTimeout: [36m[Function: clearTimeout][39m,
      _setInterval: [36m[Function: setInterval][39m,
      _clearInterval: [36m[Function: clearInterval][39m,
      _Date: [36m[Function: Date][39m,
      _setImmediate: [36m[Function][39m,
      _clearImmediate: [36m[Function: clearImmediate][39m,
      _hrtime: [36m[Function][39m,
      _performance: [36m[Performance][39m,
      _requestAnimationFrame: [36m[Function: bound ][39m,
      _cancelAnimationFrame: [36m[Function: bound ][39m,
      _Intl: Object [Intl] {}
    },
    [[32mSymbol(nodejs.util.promisify.custom)[39m]: [36m[Function: promisifiedSetTimeout][39m
  },
  queueMicrotask: [36m[Function: queueMicrotask][39m,
  structuredClone: [36m[Function: structuredClone][39m,
  atob: [36m[Function: atob][39m,
  btoa: [36m[Function: btoa][39m,
  performance: [36m[Getter/Setter][39m,
  fetch: [36m[Function: fetch][39m,
  navigator: [36m[Getter/Setter][39m,
  crypto: [36m[Getter][39m,
  window: [36m[Circular *1][39m,
  self: [36m[Circular *1][39m,
  top: [36m[Circular *1][39m,
  parent: [36m[Circular *1][39m,
  jsdom: JSDOM {
    [[32mSymbol(window)[39m]: [36m<ref *2>[39m Window {
      StyleSheet: [36m[Function: StyleSheet][39m,
      MediaList: [36m[Function: MediaList][39m,
      CSSStyleSheet: [36m[Function: CSSStyleSheet][39m,
      CSSRule: [36m[Function][39m,
      CSSStyleRule: [36m[Function][39m,
      CSSMediaRule: [36m[Function: CSSMediaRule][39m,
      CSSImportRule: [36m[Function: CSSImportRule][39m,
      CSSStyleDeclaration: [36m[class CSSStyleDeclaration][39m,
      XPathException: [36m[Function][39m,
      XPathExpression: [36m[Function: XPathExpression][39m,
      XPathResult: [36m[Function][39m,
      XPathEvaluator: [36m[Function: XPathEvaluator][39m,
      onafterprint: [36m[Getter/Setter][39m,
      onbeforeprint: [36m[Getter/Setter][39m,
      onbeforeunload: [36m[Getter/Setter][39m,
      onhashchange: [36m[Getter/Setter][39m,
      onlanguagechange: [36m[Getter/Setter][39m,
      onmessage: [36m[Getter/Setter][39m,
      onmessageerror: [36m[Getter/Setter][39m,
      onoffline: [36m[Getter/Setter][39m,
      ononline: [36m[Getter/Setter][39m,
      onpagehide: [36m[Getter/Setter][39m,
      onpageshow: [36m[Getter/Setter][39m,
      onpopstate: [36m[Getter/Setter][39m,
      onrejectionhandled: [36m[Getter/Setter][39m,
      onstorage: [36m[Getter/Setter][39m,
      onunhandledrejection: [36m[Getter/Setter][39m,
      onunload: [36m[Getter/Setter][39m,
      onblur: [36m[Getter/Setter][39m,
      onerror: [36m[Getter/Setter][39m,
      onfocus: [36m[Getter/Setter][39m,
      onload: [36m[Getter/Setter][39m,
      onresize: [36m[Getter/Setter][39m,
      onscroll: [36m[Getter/Setter][39m,
      onabort: [36m[Getter/Setter][39m,
      onauxclick: [36m[Getter/Setter][39m,
      onbeforeinput: [36m[Getter/Setter][39m,
      onbeforematch: [36m[Getter/Setter][39m,
      onbeforetoggle: [36m[Getter/Setter][39m,
      oncancel: [36m[Getter/Setter][39m,
      oncanplay: [36m[Getter/Setter][39m,
      oncanplaythrough: [36m[Getter/Setter][39m,
      onchange: [36m[Getter/Setter][39m,
      onclick: [36m[Getter/Setter][39m,
      onclose: [36m[Getter/Setter][39m,
      oncontextlost: [36m[Getter/Setter][39m,
      oncontextmenu: [36m[Getter/Setter][39m,
      oncontextrestored: [36m[Getter/Setter][39m,
      oncopy: [36m[Getter/Setter][39m,
      oncuechange: [36m[Getter/Setter][39m,
      oncut: [36m[Getter/Setter][39m,
      ondblclick: [36m[Getter/Setter][39m,
      ondrag: [36m[Getter/Setter][39m,
      ondragend: [36m[Getter/Setter][39m,
      ondragenter: [36m[Getter/Setter][39m,
      ondragleave: [36m[Getter/Setter][39m,
      ondragover: [36m[Getter/Setter][39m,
      ondragstart: [36m[Getter/Setter][39m,
      ondrop: [36m[Getter/Setter][39m,
      ondurationchange: [36m[Getter/Setter][39m,
      onemptied: [36m[Getter/Setter][39m,
      onended: [36m[Getter/Setter][39m,
      onformdata: [36m[Getter/Setter][39m,
      oninput: [36m[Getter/Setter][39m,
      oninvalid: [36m[Getter/Setter][39m,
      onkeydown: [36m[Getter/Setter][39m,
      onkeypress: [36m[Getter/Setter][39m,
      onkeyup: [36m[Getter/Setter][39m,
      onloadeddata: [36m[Getter/Setter][39m,
      onloadedmetadata: [36m[Getter/Setter][39m,
      onloadstart: [36m[Getter/Setter][39m,
      onmousedown: [36m[Getter/Setter][39m,
      onmouseenter: [36m[Getter/Setter][39m,
      onmouseleave: [36m[Getter/Setter][39m,
      onmousemove: [36m[Getter/Setter][39m,
      onmouseout: [36m[Getter/Setter][39m,
      onmouseover: [36m[Getter/Setter][39m,
      onmouseup: [36m[Getter/Setter][39m,
      onpaste: [36m[Getter/Setter][39m,
      onpause: [36m[Getter/Setter][39m,
      onplay: [36m[Getter/Setter][39m,
      onplaying: [36m[Getter/Setter][39m,
      onprogress: [36m[Getter/Setter][39m,
      onratechange: [36m[Getter/Setter][39m,
      onreset: [36m[Getter/Setter][39m,
      onscrollend: [36m[Getter/Setter][39m,
      onsecuritypolicyviolation: [36m[Getter/Setter][39m,
      onseeked: [36m[Getter/Setter][39m,
      onseeking: [36m[Getter/Setter][39m,
      onselect: [36m[Getter/Setter][39m,
      onslotchange: [36m[Getter/Setter][39m,
      onstalled: [36m[Getter/Setter][39m,
      onsubmit: [36m[Getter/Setter][39m,
      onsuspend: [36m[Getter/Setter][39m,
      ontimeupdate: [36m[Getter/Setter][39m,
      ontoggle: [36m[Getter/Setter][39m,
      onvolumechange: [36m[Getter/Setter][39m,
      onwaiting: [36m[Getter/Setter][39m,
      onwebkitanimationend: [36m[Getter/Setter][39m,
      onwebkitanimationiteration: [36m[Getter/Setter][39m,
      onwebkitanimationstart: [36m[Getter/Setter][39m,
      onwebkittransitionend: [36m[Getter/Setter][39m,
      onwheel: [36m[Getter/Setter][39m,
      ontouchstart: [36m[Getter/Setter][39m,
      ontouchend: [36m[Getter/Setter][39m,
      ontouchmove: [36m[Getter/Setter][39m,
      ontouchcancel: [36m[Getter/Setter][39m,
      _registeredHandlers: Set(0) {},
      _eventHandlers: [Object: null prototype] {},
      onautocomplete: [36m[Getter/Setter][39m,
      onautocompleteerror: [36m[Getter/Setter][39m,
      onsort: [36m[Getter/Setter][39m,
      _globalObject: [36m[Circular *2][39m,
      _resourceLoader: [36m[NoOpResourceLoader][39m,
      _globalProxy: [36m[Object [Window]][39m,
      _document: [36m[Document][39m,
      _origin: [32m'http://localhost:3000'[39m,
      _sessionHistory: [36m[SessionHistory][39m,
      _virtualConsole: [36m[VirtualConsole][39m,
      _runScripts: [32m'dangerously'[39m,
      _top: [36m[Object [Window]][39m,
      _parent: [36m[Object [Window]][39m,
      _frameElement: [1mnull[22m,
      _length: [33m0[39m,
      _currentEvent: [90mundefined[39m,
      _pretendToBeVisual: [33mtrue[39m,
      _storageQuota: [33m5000000[39m,
      _commonForOrigin: [36m[Object][39m,
      _currentOriginData: [36m[Object][39m,
      _localStorage: Storage {},
      _sessionStorage: Storage {},
      _selection: [36m[SelectionImpl][39m,
      getSelection: [36m[Function (anonymous)][39m,
      _customElementRegistry: CustomElementRegistry {},
      length: [36m[Getter/Setter][39m,
      window: [36m[Getter][39m,
      frameElement: [36m[Getter][39m,
      frames: [36m[Getter/Setter][39m,
      self: [36m[Getter/Setter][39m,
      parent: [36m[Getter/Setter][39m,
      top: [36m[Getter][39m,
      document: [36m[Getter][39m,
      external: [36m[Getter/Setter][39m,
      location: [36m[Getter/Setter][39m,
      history: [36m[Getter][39m,
      navigator: [36m[Getter][39m,
      locationbar: [36m[Getter/Setter][39m,
      menubar: [36m[Getter/Setter][39m,
      personalbar: [36m[Getter/Setter][39m,
      scrollbars: [36m[Getter/Setter][39m,
      statusbar: [36m[Getter/Setter][39m,
      toolbar: [36m[Getter/Setter][39m,
      performance: [36m[Getter][39m,
      screen: [36m[Getter/Setter][39m,
      crypto: [36m[Getter][39m,
      origin: [36m[Getter/Setter][39m,
      localStorage: [36m[Getter][39m,
      sessionStorage: [36m[Getter][39m,
      customElements: [36m[Getter][39m,
      event: [36m[Getter/Setter][39m,
      setTimeout: [36m[Function (anonymous)][39m,
      setInterval: [36m[Function (anonymous)][39m,
      clearTimeout: [36m[Function (anonymous)][39m,
      clearInterval: [36m[Function (anonymous)][39m,
      queueMicrotask: [36m[Function (anonymous)][39m,
      requestAnimationFrame: [36m[Function (anonymous)][39m,
      cancelAnimationFrame: [36m[Function (anonymous)][39m,
      postMessage: [36m[Function (anonymous)][39m,
      atob: [36m[Function (anonymous)][39m,
      btoa: [36m[Function (anonymous)][39m,
      stop: [36m[Function (anonymous)][39m,
      close: [36m[Function (anonymous)][39m,
      getComputedStyle: [36m[Function (anonymous)][39m,
      captureEvents: [36m[Function (anonymous)][39m,
      releaseEvents: [36m[Function (anonymous)][39m,
      console: [36m[Object][39m,
      name: [32m''[39m,
      status: [32m''[39m,
      devicePixelRatio: [33m1[39m,
      innerWidth: [33m1024[39m,
      innerHeight: [33m768[39m,
      outerWidth: [33m1024[39m,
      outerHeight: [33m768[39m,
      pageXOffset: [33m0[39m,
      pageYOffset: [33m0[39m,
      screenX: [33m0[39m,
      screenLeft: [33m0[39m,
      screenY: [33m0[39m,
      screenTop: [33m0[39m,
      scrollX: [33m0[39m,
      scrollY: [33m0[39m,
      alert: [36m[Function (anonymous)][39m,
      blur: [36m[Function (anonymous)][39m,
      confirm: [36m[Function (anonymous)][39m,
      focus: [36m[Function (anonymous)][39m,
      moveBy: [36m[Function (anonymous)][39m,
      moveTo: [36m[Function (anonymous)][39m,
      open: [36m[Function (anonymous)][39m,
      print: [36m[Function (anonymous)][39m,
      prompt: [36m[Function (anonymous)][39m,
      resizeBy: [36m[Function (anonymous)][39m,
      resizeTo: [36m[Function (anonymous)][39m,
      scroll: [36m[Function (anonymous)][39m,
      scrollBy: [36m[Function (anonymous)][39m,
      scrollTo: [36m[Function (anonymous)][39m,
      [32m'test-container'[39m: [36m[Getter/Setter][39m,
      [32m'tutorial-target'[39m: [36m[Getter/Setter][39m,
      [[32mSymbol([webidl2js] constructor registry)[39m]: [36m[Object: null prototype][39m,
      [[32mSymbol(named property tracker)[39m]: [36m[NamedPropertiesTracker][39m
    }
  },
  suite: [Function: chain] {
    each: [36m[Function (anonymous)][39m,
    for: [36m[Function (anonymous)][39m,
    skipIf: [36m[Function (anonymous)][39m,
    runIf: [36m[Function (anonymous)][39m,
    withContext: [36m[Function (anonymous)][39m,
    setContext: [36m[Function (anonymous)][39m,
    mergeContext: [36m[Function (anonymous)][39m,
    fn: [Function: suiteFn] {
      each: [36m[Function (anonymous)][39m,
      for: [36m[Function (anonymous)][39m,
      skipIf: [36m[Function (anonymous)][39m,
      runIf: [36m[Function (anonymous)][39m
    }
  },
  test: [Function: chain] {
    each: [36m[Function (anonymous)][39m,
    for: [36m[Function (anonymous)][39m,
    skipIf: [36m[Function (anonymous)][39m,
    runIf: [36m[Function (anonymous)][39m,
    scoped: [36m[Function (anonymous)][39m,
    extend: [36m[Function (anonymous)][39m,
    beforeEach: [36m[Function: beforeEach][39m,
    afterEach: [36m[Function: afterEach][39m,
    beforeAll: [36m[Function: beforeAll][39m,
    afterAll: [36m[Function: afterAll][39m,
    withContext: [36m[Function (anonymous)][39m,
    setContext: [36m[Function (anonymous)][39m,
    mergeContext: [36m[Function (anonymous)][39m,
    fn: [Function (anonymous)] {
      each: [36m[Function (anonymous)][39m,
      for: [36m[Function (anonymous)][39m,
      skipIf: [36m[Function (anonymous)][39m,
      runIf: [36m[Function (anonymous)][39m,
      scoped: [36m[Function (anonymous)][39m,
      extend: [36m[Function (anonymous)][39m,
      beforeEach: [36m[Function: beforeEach][39m,
      afterEach: [36m[Function: afterEach][39m,
      beforeAll: [36m[Function: beforeAll][39m,
      afterAll: [36m[Function: afterAll][39m
    }
  },
  describe: [Function: chain] {
    each: [36m[Function (anonymous)][39m,
    for: [36m[Function (anonymous)][39m,
    skipIf: [36m[Function (anonymous)][39m,
    runIf: [36m[Function (anonymous)][39m,
    withContext: [36m[Function (anonymous)][39m,
    setContext: [36m[Function (anonymous)][39m,
    mergeContext: [36m[Function (anonymous)][39m,
    fn: [Function: suiteFn] {
      each: [36m[Function (anonymous)][39m,
      for: [36m[Function (anonymous)][39m,
      skipIf: [36m[Function (anonymous)][39m,
      runIf: [36m[Function (anonymous)][39m
    }
  },
  it: [Function: chain] {
    each: [36m[Function (anonymous)][39m,
    for: [36m[Function (anonymous)][39m,
    skipIf: [36m[Function (anonymous)][39m,
    runIf: [36m[Function (anonymous)][39m,
    scoped: [36m[Function (anonymous)][39m,
    extend: [36m[Function (anonymous)][39m,
    beforeEach: [36m[Function: beforeEach][39m,
    afterEach: [36m[Function: afterEach][39m,
    beforeAll: [36m[Function: beforeAll][39m,
    afterAll: [36m[Function: afterAll][39m,
    withContext: [36m[Function (anonymous)][39m,
    setContext: [36m[Function (anonymous)][39m,
    mergeContext: [36m[Function (anonymous)][39m,
    fn: [Function (anonymous)] {
      each: [36m[Function (anonymous)][39m,
      for: [36m[Function (anonymous)][39m,
      skipIf: [36m[Function (anonymous)][39m,
      runIf: [36m[Function (anonymous)][39m,
      scoped: [36m[Function (anonymous)][39m,
      extend: [36m[Function (anonymous)][39m,
      beforeEach: [36m[Function: beforeEach][39m,
      afterEach: [36m[Function: afterEach][39m,
      beforeAll: [36m[Function: beforeAll][39m,
      afterAll: [36m[Function: afterAll][39m
    }
  },
  chai: [Module: null prototype] {
    Assertion: [36m[class Assertion][39m,
    AssertionError: [36m[class AssertionError extends Error][39m,
    Should: [36m[Function: loadShould][39m,
    assert: [Function: assert] {
      fail: [36m[Function (anonymous)][39m,
      isOk: [36m[Function (anonymous)][39m,
      isNotOk: [36m[Function (anonymous)][39m,
      equal: [36m[Function (anonymous)][39m,
      notEqual: [36m[Function (anonymous)][39m,
      strictEqual: [36m[Function (anonymous)][39m,
      notStrictEqual: [36m[Function (anonymous)][39m,
      deepStrictEqual: [36m[Function (anonymous)][39m,
      deepEqual: [36m[Function (anonymous)][39m,
      notDeepEqual: [36m[Function (anonymous)][39m,
      isAbove: [36m[Function (anonymous)][39m,
      isAtLeast: [36m[Function (anonymous)][39m,
      isBelow: [36m[Function (anonymous)][39m,
      isAtMost: [36m[Function (anonymous)][39m,
      isTrue: [36m[Function (anonymous)][39m,
      isNotTrue: [36m[Function (anonymous)][39m,
      isFalse: [36m[Function (anonymous)][39m,
      isNotFalse: [36m[Function (anonymous)][39m,
      isNull: [36m[Function (anonymous)][39m,
      isNotNull: [36m[Function (anonymous)][39m,
      isNaN: [36m[Function (anonymous)][39m,
      isNotNaN: [36m[Function (anonymous)][39m,
      exists: [36m[Function (anonymous)][39m,
      notExists: [36m[Function (anonymous)][39m,
      isUndefined: [36m[Function (anonymous)][39m,
      isDefined: [36m[Function (anonymous)][39m,
      isCallable: [36m[Function (anonymous)][39m,
      isNotCallable: [36m[Function (anonymous)][39m,
      isObject: [36m[Function (anonymous)][39m,
      isNotObject: [36m[Function (anonymous)][39m,
      isArray: [36m[Function (anonymous)][39m,
      isNotArray: [36m[Function (anonymous)][39m,
      isString: [36m[Function (anonymous)][39m,
      isNotString: [36m[Function (anonymous)][39m,
      isNumber: [36m[Function (anonymous)][39m,
      isNotNumber: [36m[Function (anonymous)][39m,
      isNumeric: [36m[Function (anonymous)][39m,
      isNotNumeric: [36m[Function (anonymous)][39m,
      isFinite: [36m[Function (anonymous)][39m,
      isBoolean: [36m[Function (anonymous)][39m,
      isNotBoolean: [36m[Function (anonymous)][39m,
      typeOf: [36m[Function (anonymous)][39m,
      notTypeOf: [36m[Function (anonymous)][39m,
      instanceOf: [36m[Function (anonymous)][39m,
      notInstanceOf: [36m[Function (anonymous)][39m,
      include: [36m[Function (anonymous)][39m,
      notInclude: [36m[Function (anonymous)][39m,
      deepInclude: [36m[Function (anonymous)][39m,
      notDeepInclude: [36m[Function (anonymous)][39m,
      nestedInclude: [36m[Function (anonymous)][39m,
      notNestedInclude: [36m[Function (anonymous)][39m,
      deepNestedInclude: [36m[Function (anonymous)][39m,
      notDeepNestedInclude: [36m[Function (anonymous)][39m,
      ownInclude: [36m[Function (anonymous)][39m,
      notOwnInclude: [36m[Function (anonymous)][39m,
      deepOwnInclude: [36m[Function (anonymous)][39m,
      notDeepOwnInclude: [36m[Function (anonymous)][39m,
      match: [36m[Function (anonymous)][39m,
      notMatch: [36m[Function (anonymous)][39m,
      property: [36m[Function (anonymous)][39m,
      notProperty: [36m[Function (anonymous)][39m,
      propertyVal: [36m[Function (anonymous)][39m,
      notPropertyVal: [36m[Function (anonymous)][39m,
      deepPropertyVal: [36m[Function (anonymous)][39m,
      notDeepPropertyVal: [36m[Function (anonymous)][39m,
      ownProperty: [36m[Function (anonymous)][39m,
      notOwnProperty: [36m[Function (anonymous)][39m,
      ownPropertyVal: [36m[Function (anonymous)][39m,
      notOwnPropertyVal: [36m[Function (anonymous)][39m,
      deepOwnPropertyVal: [36m[Function (anonymous)][39m,
      notDeepOwnPropertyVal: [36m[Function (anonymous)][39m,
      nestedProperty: [36m[Function (anonymous)][39m,
      notNestedProperty: [36m[Function (anonymous)][39m,
      nestedPropertyVal: [36m[Function (anonymous)][39m,
      notNestedPropertyVal: [36m[Function (anonymous)][39m,
      deepNestedPropertyVal: [36m[Function (anonymous)][39m,
      notDeepNestedPropertyVal: [36m[Function (anonymous)][39m,
      lengthOf: [36m[Function (anonymous)][39m,
      hasAnyKeys: [36m[Function (anonymous)][39m,
      hasAllKeys: [36m[Function (anonymous)][39m,
      containsAllKeys: [36m[Function (anonymous)][39m,
      doesNotHaveAnyKeys: [36m[Function (anonymous)][39m,
      doesNotHaveAllKeys: [36m[Function (anonymous)][39m,
      hasAnyDeepKeys: [36m[Function (anonymous)][39m,
      hasAllDeepKeys: [36m[Function (anonymous)][39m,
      containsAllDeepKeys: [36m[Function (anonymous)][39m,
      doesNotHaveAnyDeepKeys: [36m[Function (anonymous)][39m,
      doesNotHaveAllDeepKeys: [36m[Function (anonymous)][39m,
      throws: [36m[Function (anonymous)][39m,
      doesNotThrow: [36m[Function (anonymous)][39m,
      operator: [36m[Function (anonymous)][39m,
      closeTo: [36m[Function (anonymous)][39m,
      approximately: [36m[Function (anonymous)][39m,
      sameMembers: [36m[Function (anonymous)][39m,
      notSameMembers: [36m[Function (anonymous)][39m,
      sameDeepMembers: [36m[Function (anonymous)][39m,
      notSameDeepMembers: [36m[Function (anonymous)][39m,
      sameOrderedMembers: [36m[Function (anonymous)][39m,
      notSameOrderedMembers: [36m[Function (anonymous)][39m,
      sameDeepOrderedMembers: [36m[Function (anonymous)][39m,
      notSameDeepOrderedMembers: [36m[Function (anonymous)][39m,
      includeMembers: [36m[Function (anonymous)][39m,
      notIncludeMembers: [36m[Function (anonymous)][39m,
      includeDeepMembers: [36m[Function (anonymous)][39m,
      notIncludeDeepMembers: [36m[Function (anonymous)][39m,
      includeOrderedMembers: [36m[Function (anonymous)][39m,
      notIncludeOrderedMembers: [36m[Function (anonymous)][39m,
      includeDeepOrderedMembers: [36m[Function (anonymous)][39m,
      notIncludeDeepOrderedMembers: [36m[Function (anonymous)][39m,
      oneOf: [36m[Function (anonymous)][39m,
      isIterable: [36m[Function (anonymous)][39m,
      changes: [36m[Function (anonymous)][39m,
      changesBy: [36m[Function (anonymous)][39m,
      doesNotChange: [36m[Function (anonymous)][39m,
      changesButNotBy: [36m[Function (anonymous)][39m,
      increases: [36m[Function (anonymous)][39m,
      increasesBy: [36m[Function (anonymous)][39m,
      doesNotIncrease: [36m[Function (anonymous)][39m,
      increasesButNotBy: [36m[Function (anonymous)][39m,
      decreases: [36m[Function (anonymous)][39m,
      decreasesBy: [36m[Function (anonymous)][39m,
      doesNotDecrease: [36m[Function (anonymous)][39m,
      doesNotDecreaseBy: [36m[Function (anonymous)][39m,
      decreasesButNotBy: [36m[Function (anonymous)][39m,
      ifError: [36m[Function (anonymous)][39m,
      isExtensible: [36m[Function (anonymous)][39m,
      isNotExtensible: [36m[Function (anonymous)][39m,
      isSealed: [36m[Function (anonymous)][39m,
      isNotSealed: [36m[Function (anonymous)][39m,
      isFrozen: [36m[Function (anonymous)][39m,
      isNotFrozen: [36m[Function (anonymous)][39m,
      isEmpty: [36m[Function (anonymous)][39m,
      isNotEmpty: [36m[Function (anonymous)][39m,
      containsSubset: [36m[Function (anonymous)][39m,
      doesNotContainSubset: [36m[Function (anonymous)][39m,
      ok: [36m[Function (anonymous)][39m,
      notOk: [36m[Function (anonymous)][39m,
      throw: [36m[Function (anonymous)][39m,
      Throw: [36m[Function (anonymous)][39m,
      extensible: [36m[Function (anonymous)][39m,
      notExtensible: [36m[Function (anonymous)][39m,
      sealed: [36m[Function (anonymous)][39m,
      notSealed: [36m[Function (anonymous)][39m,
      frozen: [36m[Function (anonymous)][39m,
      notFrozen: [36m[Function (anonymous)][39m,
      empty: [36m[Function (anonymous)][39m,
      notEmpty: [36m[Function (anonymous)][39m,
      isFunction: [36m[Function (anonymous)][39m,
      isNotFunction: [36m[Function (anonymous)][39m,
      containSubset: [36m[Function (anonymous)][39m
    },
    config: {
      includeStack: [33mfalse[39m,
      showDiff: [33mtrue[39m,
      truncateThreshold: [33m40[39m,
      useProxy: [33mtrue[39m,
      proxyExcludedKeys: [36m[Array][39m,
      deepEqual: [1mnull[22m
    },
    expect: [Function: expect] {
      fail: [36m[Function (anonymous)][39m,
      extend: [36m[Function: methodWrapper][39m,
      addSnapshotSerializer: [36m[Function: methodWrapper][39m,
      anything: [36m[Function: methodWrapper][39m,
      any: [36m[Function: methodWrapper][39m,
      stringContaining: [36m[Function: methodWrapper][39m,
      objectContaining: [36m[Function: methodWrapper][39m,
      arrayContaining: [36m[Function: methodWrapper][39m,
      stringMatching: [36m[Function: methodWrapper][39m,
      closeTo: [36m[Function: methodWrapper][39m,
      schemaMatching: [36m[Function: methodWrapper][39m,
      not: [36m[Object][39m,
      __flags: [36m[Object: null prototype][39m
    },
    should: [36m[Function: loadShould][39m,
    use: [36m[Function: use][39m,
    util: {
      addChainableMethod: [36m[Getter][39m,
      addLengthGuard: [36m[Getter][39m,
      addMethod: [36m[Getter][39m,
      addProperty: [36m[Getter][39m,
      checkError: [36m[Getter][39m,
      compareByInspect: [36m[Getter][39m,
      eql: [36m[Getter][39m,
      events: [36m[Getter][39m,
      expectTypes: [36m[Getter][39m,
      flag: [36m[Getter][39m,
      getActual: [36m[Getter][39m,
      getMessage: [36m[Getter][39m,
      getName: [36m[Getter][39m,
      getOperator: [36m[Getter][39m,
      getOwnEnumerableProperties: [36m[Getter][39m,
      getOwnEnumerablePropertySymbols: [36m[Getter][39m,
      getPathInfo: [36m[Getter][39m,
      hasProperty: [36m[Getter][39m,
      inspect: [36m[Getter][39m,
      isNaN: [36m[Getter][39m,
      isNumeric: [36m[Getter][39m,
      isProxyEnabled: [36m[Getter][39m,
      isRegExp: [36m[Getter][39m,
      objDisplay: [36m[Getter][39m,
      overwriteChainableMethod: [36m[Getter][39m,
      overwriteMethod: [36m[Getter][39m,
      overwriteProperty: [36m[Getter][39m,
      proxify: [36m[Getter][39m,
      test: [36m[Getter][39m,
      transferFlags: [36m[Getter][39m,
      type: [36m[Getter][39m
    }
  },
  expect: [Function: expect] {
    fail: [36m[Function (anonymous)][39m,
    extend: [36m[Function (anonymous)][39m,
    addSnapshotSerializer: [36m[Function: methodWrapper][39m,
    anything: [36m[Function: methodWrapper][39m,
    any: [36m[Function: methodWrapper][39m,
    stringContaining: [36m[Function: methodWrapper][39m,
    objectContaining: [36m[Function: methodWrapper][39m,
    arrayContaining: [36m[Function: methodWrapper][39m,
    stringMatching: [36m[Function: methodWrapper][39m,
    closeTo: [36m[Function: methodWrapper][39m,
    schemaMatching: [36m[Function: methodWrapper][39m,
    not: {
      stringContaining: [36m[Function: stringContaining][39m,
      objectContaining: [36m[Function: objectContaining][39m,
      arrayContaining: [36m[Function: arrayContaining][39m,
      stringMatching: [36m[Function: stringMatching][39m,
      closeTo: [36m[Function: closeTo][39m,
      schemaMatching: [36m[Function: schemaMatching][39m,
      toSatisfy: [36m[Function: value][39m,
      toBeOneOf: [36m[Function: value][39m
    },
    getState: [36m[Function (anonymous)][39m,
    setState: [36m[Function (anonymous)][39m,
    assert: [Function: assert] {
      fail: [36m[Function (anonymous)][39m,
      isOk: [36m[Function (anonymous)][39m,
      isNotOk: [36m[Function (anonymous)][39m,
      equal: [36m[Function (anonymous)][39m,
      notEqual: [36m[Function (anonymous)][39m,
      strictEqual: [36m[Function (anonymous)][39m,
      notStrictEqual: [36m[Function (anonymous)][39m,
      deepStrictEqual: [36m[Function (anonymous)][39m,
      deepEqual: [36m[Function (anonymous)][39m,
      notDeepEqual: [36m[Function (anonymous)][39m,
      isAbove: [36m[Function (anonymous)][39m,
      isAtLeast: [36m[Function (anonymous)][39m,
      isBelow: [36m[Function (anonymous)][39m,
      isAtMost: [36m[Function (anonymous)][39m,
      isTrue: [36m[Function (anonymous)][39m,
      isNotTrue: [36m[Function (anonymous)][39m,
      isFalse: [36m[Function (anonymous)][39m,
      isNotFalse: [36m[Function (anonymous)][39m,
      isNull: [36m[Function (anonymous)][39m,
      isNotNull: [36m[Function (anonymous)][39m,
      isNaN: [36m[Function (anonymous)][39m,
      isNotNaN: [36m[Function (anonymous)][39m,
      exists: [36m[Function (anonymous)][39m,
      notExists: [36m[Function (anonymous)][39m,
      isUndefined: [36m[Function (anonymous)][39m,
      isDefined: [36m[Function (anonymous)][39m,
      isCallable: [36m[Function (anonymous)][39m,
      isNotCallable: [36m[Function (anonymous)][39m,
      isObject: [36m[Function (anonymous)][39m,
      isNotObject: [36m[Function (anonymous)][39m,
      isArray: [36m[Function (anonymous)][39m,
      isNotArray: [36m[Function (anonymous)][39m,
      isString: [36m[Function (anonymous)][39m,
      isNotString: [36m[Function (anonymous)][39m,
      isNumber: [36m[Function (anonymous)][39m,
      isNotNumber: [36m[Function (anonymous)][39m,
      isNumeric: [36m[Function (anonymous)][39m,
      isNotNumeric: [36m[Function (anonymous)][39m,
      isFinite: [36m[Function (anonymous)][39m,
      isBoolean: [36m[Function (anonymous)][39m,
      isNotBoolean: [36m[Function (anonymous)][39m,
      typeOf: [36m[Function (anonymous)][39m,
      notTypeOf: [36m[Function (anonymous)][39m,
      instanceOf: [36m[Function (anonymous)][39m,
      notInstanceOf: [36m[Function (anonymous)][39m,
      include: [36m[Function (anonymous)][39m,
      notInclude: [36m[Function (anonymous)][39m,
      deepInclude: [36m[Function (anonymous)][39m,
      notDeepInclude: [36m[Function (anonymous)][39m,
      nestedInclude: [36m[Function (anonymous)][39m,
      notNestedInclude: [36m[Function (anonymous)][39m,
      deepNestedInclude: [36m[Function (anonymous)][39m,
      notDeepNestedInclude: [36m[Function (anonymous)][39m,
      ownInclude: [36m[Function (anonymous)][39m,
      notOwnInclude: [36m[Function (anonymous)][39m,
      deepOwnInclude: [36m[Function (anonymous)][39m,
      notDeepOwnInclude: [36m[Function (anonymous)][39m,
      match: [36m[Function (anonymous)][39m,
      notMatch: [36m[Function (anonymous)][39m,
      property: [36m[Function (anonymous)][39m,
      notProperty: [36m[Function (anonymous)][39m,
      propertyVal: [36m[Function (anonymous)][39m,
      notPropertyVal: [36m[Function (anonymous)][39m,
      deepPropertyVal: [36m[Function (anonymous)][39m,
      notDeepPropertyVal: [36m[Function (anonymous)][39m,
      ownProperty: [36m[Function (anonymous)][39m,
      notOwnProperty: [36m[Function (anonymous)][39m,
      ownPropertyVal: [36m[Function (anonymous)][39m,
      notOwnPropertyVal: [36m[Function (anonymous)][39m,
      deepOwnPropertyVal: [36m[Function (anonymous)][39m,
      notDeepOwnPropertyVal: [36m[Function (anonymous)][39m,
      nestedProperty: [36m[Function (anonymous)][39m,
      notNestedProperty: [36m[Function (anonymous)][39m,
      nestedPropertyVal: [36m[Function (anonymous)][39m,
      notNestedPropertyVal: [36m[Function (anonymous)][39m,
      deepNestedPropertyVal: [36m[Function (anonymous)][39m,
      notDeepNestedPropertyVal: [36m[Function (anonymous)][39m,
      lengthOf: [36m[Function (anonymous)][39m,
      hasAnyKeys: [36m[Function (anonymous)][39m,
      hasAllKeys: [36m[Function (anonymous)][39m,
      containsAllKeys: [36m[Function (anonymous)][39m,
      doesNotHaveAnyKeys: [36m[Function (anonymous)][39m,
      doesNotHaveAllKeys: [36m[Function (anonymous)][39m,
      hasAnyDeepKeys: [36m[Function (anonymous)][39m,
      hasAllDeepKeys: [36m[Function (anonymous)][39m,
      containsAllDeepKeys: [36m[Function (anonymous)][39m,
      doesNotHaveAnyDeepKeys: [36m[Function (anonymous)][39m,
      doesNotHaveAllDeepKeys: [36m[Function (anonymous)][39m,
      throws: [36m[Function (anonymous)][39m,
      doesNotThrow: [36m[Function (anonymous)][39m,
      operator: [36m[Function (anonymous)][39m,
      closeTo: [36m[Function (anonymous)][39m,
      approximately: [36m[Function (anonymous)][39m,
      sameMembers: [36m[Function (anonymous)][39m,
      notSameMembers: [36m[Function (anonymous)][39m,
      sameDeepMembers: [36m[Function (anonymous)][39m,
      notSameDeepMembers: [36m[Function (anonymous)][39m,
      sameOrderedMembers: [36m[Function (anonymous)][39m,
      notSameOrderedMembers: [36m[Function (anonymous)][39m,
      sameDeepOrderedMembers: [36m[Function (anonymous)][39m,
      notSameDeepOrderedMembers: [36m[Function (anonymous)][39m,
      includeMembers: [36m[Function (anonymous)][39m,
      notIncludeMembers: [36m[Function (anonymous)][39m,
      includeDeepMembers: [36m[Function (anonymous)][39m,
      notIncludeDeepMembers: [36m[Function (anonymous)][39m,
      includeOrderedMembers: [36m[Function (anonymous)][39m,
      notIncludeOrderedMembers: [36m[Function (anonymous)][39m,
      includeDeepOrderedMembers: [36m[Function (anonymous)][39m,
      notIncludeDeepOrderedMembers: [36m[Function (anonymous)][39m,
      oneOf: [36m[Function (anonymous)][39m,
      isIterable: [36m[Function (anonymous)][39m,
      changes: [36m[Function (anonymous)][39m,
      changesBy: [36m[Function (anonymous)][39m,
      doesNotChange: [36m[Function (anonymous)][39m,
      changesButNotBy: [36m[Function (anonymous)][39m,
      increases: [36m[Function (anonymous)][39m,
      increasesBy: [36m[Function (anonymous)][39m,
      doesNotIncrease: [36m[Function (anonymous)][39m,
      increasesButNotBy: [36m[Function (anonymous)][39m,
      decreases: [36m[Function (anonymous)][39m,
      decreasesBy: [36m[Function (anonymous)][39m,
      doesNotDecrease: [36m[Function (anonymous)][39m,
      doesNotDecreaseBy: [36m[Function (anonymous)][39m,
      decreasesButNotBy: [36m[Function (anonymous)][39m,
      ifError: [36m[Function (anonymous)][39m,
      isExtensible: [36m[Function (anonymous)][39m,
      isNotExtensible: [36m[Function (anonymous)][39m,
      isSealed: [36m[Function (anonymous)][39m,
      isNotSealed: [36m[Function (anonymous)][39m,
      isFrozen: [36m[Function (anonymous)][39m,
      isNotFrozen: [36m[Function (anonymous)][39m,
      isEmpty: [36m[Function (anonymous)][39m,
      isNotEmpty: [36m[Function (anonymous)][39m,
      containsSubset: [36m[Function (anonymous)][39m,
      doesNotContainSubset: [36m[Function (anonymous)][39m,
      ok: [36m[Function (anonymous)][39m,
      notOk: [36m[Function (anonymous)][39m,
      throw: [36m[Function (anonymous)][39m,
      Throw: [36m[Function (anonymous)][39m,
      extensible: [36m[Function (anonymous)][39m,
      notExtensible: [36m[Function (anonymous)][39m,
      sealed: [36m[Function (anonymous)][39m,
      notSealed: [36m[Function (anonymous)][39m,
      frozen: [36m[Function (anonymous)][39m,
      notFrozen: [36m[Function (anonymous)][39m,
      empty: [36m[Function (anonymous)][39m,
      notEmpty: [36m[Function (anonymous)][39m,
      isFunction: [36m[Function (anonymous)][39m,
      isNotFunction: [36m[Function (anonymous)][39m,
      containSubset: [36m[Function (anonymous)][39m
    },
    addEqualityTesters: [36m[Function (anonymous)][39m,
    soft: [36m[Function (anonymous)][39m,
    poll: [36m[Function: poll][39m,
    unreachable: [36m[Function (anonymous)][39m,
    assertions: [36m[Function: methodWrapper][39m,
    hasAssertions: [36m[Function: methodWrapper][39m,
    toSatisfy: [36m[Function: customMatcher][39m,
    toBeOneOf: [36m[Function: customMatcher][39m
  },
  assert: [Function: assert] {
    fail: [36m[Function (anonymous)][39m,
    isOk: [36m[Function (anonymous)][39m,
    isNotOk: [36m[Function (anonymous)][39m,
    equal: [36m[Function (anonymous)][39m,
    notEqual: [36m[Function (anonymous)][39m,
    strictEqual: [36m[Function (anonymous)][39m,
    notStrictEqual: [36m[Function (anonymous)][39m,
    deepStrictEqual: [36m[Function (anonymous)][39m,
    deepEqual: [36m[Function (anonymous)][39m,
    notDeepEqual: [36m[Function (anonymous)][39m,
    isAbove: [36m[Function (anonymous)][39m,
    isAtLeast: [36m[Function (anonymous)][39m,
    isBelow: [36m[Function (anonymous)][39m,
    isAtMost: [36m[Function (anonymous)][39m,
    isTrue: [36m[Function (anonymous)][39m,
    isNotTrue: [36m[Function (anonymous)][39m,
    isFalse: [36m[Function (anonymous)][39m,
    isNotFalse: [36m[Function (anonymous)][39m,
    isNull: [36m[Function (anonymous)][39m,
    isNotNull: [36m[Function (anonymous)][39m,
    isNaN: [36m[Function (anonymous)][39m,
    isNotNaN: [36m[Function (anonymous)][39m,
    exists: [36m[Function (anonymous)][39m,
    notExists: [36m[Function (anonymous)][39m,
    isUndefined: [36m[Function (anonymous)][39m,
    isDefined: [36m[Function (anonymous)][39m,
    isCallable: [36m[Function (anonymous)][39m,
    isNotCallable: [36m[Function (anonymous)][39m,
    isObject: [36m[Function (anonymous)][39m,
    isNotObject: [36m[Function (anonymous)][39m,
    isArray: [36m[Function (anonymous)][39m,
    isNotArray: [36m[Function (anonymous)][39m,
    isString: [36m[Function (anonymous)][39m,
    isNotString: [36m[Function (anonymous)][39m,
    isNumber: [36m[Function (anonymous)][39m,
    isNotNumber: [36m[Function (anonymous)][39m,
    isNumeric: [36m[Function (anonymous)][39m,
    isNotNumeric: [36m[Function (anonymous)][39m,
    isFinite: [36m[Function (anonymous)][39m,
    isBoolean: [36m[Function (anonymous)][39m,
    isNotBoolean: [36m[Function (anonymous)][39m,
    typeOf: [36m[Function (anonymous)][39m,
    notTypeOf: [36m[Function (anonymous)][39m,
    instanceOf: [36m[Function (anonymous)][39m,
    notInstanceOf: [36m[Function (anonymous)][39m,
    include: [36m[Function (anonymous)][39m,
    notInclude: [36m[Function (anonymous)][39m,
    deepInclude: [36m[Function (anonymous)][39m,
    notDeepInclude: [36m[Function (anonymous)][39m,
    nestedInclude: [36m[Function (anonymous)][39m,
    notNestedInclude: [36m[Function (anonymous)][39m,
    deepNestedInclude: [36m[Function (anonymous)][39m,
    notDeepNestedInclude: [36m[Function (anonymous)][39m,
    ownInclude: [36m[Function (anonymous)][39m,
    notOwnInclude: [36m[Function (anonymous)][39m,
    deepOwnInclude: [36m[Function (anonymous)][39m,
    notDeepOwnInclude: [36m[Function (anonymous)][39m,
    match: [36m[Function (anonymous)][39m,
    notMatch: [36m[Function (anonymous)][39m,
    property: [36m[Function (anonymous)][39m,
    notProperty: [36m[Function (anonymous)][39m,
    propertyVal: [36m[Function (anonymous)][39m,
    notPropertyVal: [36m[Function (anonymous)][39m,
    deepPropertyVal: [36m[Function (anonymous)][39m,
    notDeepPropertyVal: [36m[Function (anonymous)][39m,
    ownProperty: [36m[Function (anonymous)][39m,
    notOwnProperty: [36m[Function (anonymous)][39m,
    ownPropertyVal: [36m[Function (anonymous)][39m,
    notOwnPropertyVal: [36m[Function (anonymous)][39m,
    deepOwnPropertyVal: [36m[Function (anonymous)][39m,
    notDeepOwnPropertyVal: [36m[Function (anonymous)][39m,
    nestedProperty: [36m[Function (anonymous)][39m,
    notNestedProperty: [36m[Function (anonymous)][39m,
    nestedPropertyVal: [36m[Function (anonymous)][39m,
    notNestedPropertyVal: [36m[Function (anonymous)][39m,
    deepNestedPropertyVal: [36m[Function (anonymous)][39m,
    notDeepNestedPropertyVal: [36m[Function (anonymous)][39m,
    lengthOf: [36m[Function (anonymous)][39m,
    hasAnyKeys: [36m[Function (anonymous)][39m,
    hasAllKeys: [36m[Function (anonymous)][39m,
    containsAllKeys: [36m[Function (anonymous)][39m,
    doesNotHaveAnyKeys: [36m[Function (anonymous)][39m,
    doesNotHaveAllKeys: [36m[Function (anonymous)][39m,
    hasAnyDeepKeys: [36m[Function (anonymous)][39m,
    hasAllDeepKeys: [36m[Function (anonymous)][39m,
    containsAllDeepKeys: [36m[Function (anonymous)][39m,
    doesNotHaveAnyDeepKeys: [36m[Function (anonymous)][39m,
    doesNotHaveAllDeepKeys: [36m[Function (anonymous)][39m,
    throws: [36m[Function (anonymous)][39m,
    doesNotThrow: [36m[Function (anonymous)][39m,
    operator: [36m[Function (anonymous)][39m,
    closeTo: [36m[Function (anonymous)][39m,
    approximately: [36m[Function (anonymous)][39m,
    sameMembers: [36m[Function (anonymous)][39m,
    notSameMembers: [36m[Function (anonymous)][39m,
    sameDeepMembers: [36m[Function (anonymous)][39m,
    notSameDeepMembers: [36m[Function (anonymous)][39m,
    sameOrderedMembers: [36m[Function (anonymous)][39m,
    notSameOrderedMembers: [36m[Function (anonymous)][39m,
    sameDeepOrderedMembers: [36m[Function (anonymous)][39m,
    notSameDeepOrderedMembers: [36m[Function (anonymous)][39m,
    includeMembers: [36m[Function (anonymous)][39m,
    notIncludeMembers: [36m[Function (anonymous)][39m,
    includeDeepMembers: [36m[Function (anonymous)][39m,
    notIncludeDeepMembers: [36m[Function (anonymous)][39m,
    includeOrderedMembers: [36m[Function (anonymous)][39m,
    notIncludeOrderedMembers: [36m[Function (anonymous)][39m,
    includeDeepOrderedMembers: [36m[Function (anonymous)][39m,
    notIncludeDeepOrderedMembers: [36m[Function (anonymous)][39m,
    oneOf: [36m[Function (anonymous)][39m,
    isIterable: [36m[Function (anonymous)][39m,
    changes: [36m[Function (anonymous)][39m,
    changesBy: [36m[Function (anonymous)][39m,
    doesNotChange: [36m[Function (anonymous)][39m,
    changesButNotBy: [36m[Function (anonymous)][39m,
    increases: [36m[Function (anonymous)][39m,
    increasesBy: [36m[Function (anonymous)][39m,
    doesNotIncrease: [36m[Function (anonymous)][39m,
    increasesButNotBy: [36m[Function (anonymous)][39m,
    decreases: [36m[Function (anonymous)][39m,
    decreasesBy: [36m[Function (anonymous)][39m,
    doesNotDecrease: [36m[Function (anonymous)][39m,
    doesNotDecreaseBy: [36m[Function (anonymous)][39m,
    decreasesButNotBy: [36m[Function (anonymous)][39m,
    ifError: [36m[Function (anonymous)][39m,
    isExtensible: [36m[Function (anonymous)][39m,
    isNotExtensible: [36m[Function (anonymous)][39m,
    isSealed: [36m[Function (anonymous)][39m,
    isNotSealed: [36m[Function (anonymous)][39m,
    isFrozen: [36m[Function (anonymous)][39m,
    isNotFrozen: [36m[Function (anonymous)][39m,
    isEmpty: [36m[Function (anonymous)][39m,
    isNotEmpty: [36m[Function (anonymous)][39m,
    containsSubset: [36m[Function (anonymous)][39m,
    doesNotContainSubset: [36m[Function (anonymous)][39m,
    ok: [36m[Function (anonymous)][39m,
    notOk: [36m[Function (anonymous)][39m,
    throw: [36m[Function (anonymous)][39m,
    Throw: [36m[Function (anonymous)][39m,
    extensible: [36m[Function (anonymous)][39m,
    notExtensible: [36m[Function (anonymous)][39m,
    sealed: [36m[Function (anonymous)][39m,
    notSealed: [36m[Function (anonymous)][39m,
    frozen: [36m[Function (anonymous)][39m,
    notFrozen: [36m[Function (anonymous)][39m,
    empty: [36m[Function (anonymous)][39m,
    notEmpty: [36m[Function (anonymous)][39m,
    isFunction: [36m[Function (anonymous)][39m,
    isNotFunction: [36m[Function (anonymous)][39m,
    containSubset: [36m[Function (anonymous)][39m
  },
  expectTypeOf: [36m[Function: expectTypeOf][39m,
  assertType: [36m[Function: assertType][39m,
  vitest: {
    useFakeTimers: [36m[Function: useFakeTimers][39m,
    isFakeTimers: [36m[Function: isFakeTimers][39m,
    useRealTimers: [36m[Function: useRealTimers][39m,
    runOnlyPendingTimers: [36m[Function: runOnlyPendingTimers][39m,
    runOnlyPendingTimersAsync: [36m[AsyncFunction: runOnlyPendingTimersAsync][39m,
    runAllTimers: [36m[Function: runAllTimers][39m,
    runAllTimersAsync: [36m[AsyncFunction: runAllTimersAsync][39m,
    runAllTicks: [36m[Function: runAllTicks][39m,
    advanceTimersByTime: [36m[Function: advanceTimersByTime][39m,
    advanceTimersByTimeAsync: [36m[AsyncFunction: advanceTimersByTimeAsync][39m,
    advanceTimersToNextTimer: [36m[Function: advanceTimersToNextTimer][39m,
    advanceTimersToNextTimerAsync: [36m[AsyncFunction: advanceTimersToNextTimerAsync][39m,
    advanceTimersToNextFrame: [36m[Function: advanceTimersToNextFrame][39m,
    getTimerCount: [36m[Function: getTimerCount][39m,
    setSystemTime: [36m[Function: setSystemTime][39m,
    getMockedSystemTime: [36m[Function: getMockedSystemTime][39m,
    getRealSystemTime: [36m[Function: getRealSystemTime][39m,
    clearAllTimers: [36m[Function: clearAllTimers][39m,
    spyOn: [36m[Function: spyOn][39m,
    fn: [36m[Function: fn][39m,
    waitFor: [36m[Function: waitFor][39m,
    waitUntil: [36m[Function: waitUntil][39m,
    hoisted: [36m[Function: hoisted][39m,
    mock: [36m[Function: mock][39m,
    unmock: [36m[Function: unmock][39m,
    doMock: [36m[Function: doMock][39m,
    doUnmock: [36m[Function: doUnmock][39m,
    importActual: [36m[AsyncFunction: importActual][39m,
    importMock: [36m[AsyncFunction: importMock][39m,
    mockObject: [36m[Function: mockObject][39m,
    mocked: [36m[Function: mocked][39m,
    isMockFunction: [36m[Function: isMockFunction][39m,
    clearAllMocks: [36m[Function: clearAllMocks][39m,
    resetAllMocks: [36m[Function: resetAllMocks][39m,
    restoreAllMocks: [36m[Function: restoreAllMocks][39m,
    stubGlobal: [36m[Function: stubGlobal][39m,
    stubEnv: [36m[Function: stubEnv][39m,
    unstubAllGlobals: [36m[Function: unstubAllGlobals][39m,
    unstubAllEnvs: [36m[Function: unstubAllEnvs][39m,
    resetModules: [36m[Function: resetModules][39m,
    dynamicImportSettled: [36m[AsyncFunction: dynamicImportSettled][39m,
    setConfig: [36m[Function: setConfig][39m,
    resetConfig: [36m[Function: resetConfig][39m
  },
  vi: {
    useFakeTimers: [36m[Function: useFakeTimers][39m,
    isFakeTimers: [36m[Function: isFakeTimers][39m,
    useRealTimers: [36m[Function: useRealTimers][39m,
    runOnlyPendingTimers: [36m[Function: runOnlyPendingTimers][39m,
    runOnlyPendingTimersAsync: [36m[AsyncFunction: runOnlyPendingTimersAsync][39m,
    runAllTimers: [36m[Function: runAllTimers][39m,
    runAllTimersAsync: [36m[AsyncFunction: runAllTimersAsync][39m,
    runAllTicks: [36m[Function: runAllTicks][39m,
    advanceTimersByTime: [36m[Function: advanceTimersByTime][39m,
    advanceTimersByTimeAsync: [36m[AsyncFunction: advanceTimersByTimeAsync][39m,
    advanceTimersToNextTimer: [36m[Function: advanceTimersToNextTimer][39m,
    advanceTimersToNextTimerAsync: [36m[AsyncFunction: advanceTimersToNextTimerAsync][39m,
    advanceTimersToNextFrame: [36m[Function: advanceTimersToNextFrame][39m,
    getTimerCount: [36m[Function: getTimerCount][39m,
    setSystemTime: [36m[Function: setSystemTime][39m,
    getMockedSystemTime: [36m[Function: getMockedSystemTime][39m,
    getRealSystemTime: [36m[Function: getRealSystemTime][39m,
    clearAllTimers: [36m[Function: clearAllTimers][39m,
    spyOn: [36m[Function: spyOn][39m,
    fn: [36m[Function: fn][39m,
    waitFor: [36m[Function: waitFor][39m,
    waitUntil: [36m[Function: waitUntil][39m,
    hoisted: [36m[Function: hoisted][39m,
    mock: [36m[Function: mock][39m,
    unmock: [36m[Function: unmock][39m,
    doMock: [36m[Function: doMock][39m,
    doUnmock: [36m[Function: doUnmock][39m,
    importActual: [36m[AsyncFunction: importActual][39m,
    importMock: [36m[AsyncFunction: importMock][39m,
    mockObject: [36m[Function: mockObject][39m,
    mocked: [36m[Function: mocked][39m,
    isMockFunction: [36m[Function: isMockFunction][39m,
    clearAllMocks: [36m[Function: clearAllMocks][39m,
    resetAllMocks: [36m[Function: resetAllMocks][39m,
    restoreAllMocks: [36m[Function: restoreAllMocks][39m,
    stubGlobal: [36m[Function: stubGlobal][39m,
    stubEnv: [36m[Function: stubEnv][39m,
    unstubAllGlobals: [36m[Function: unstubAllGlobals][39m,
    unstubAllEnvs: [36m[Function: unstubAllEnvs][39m,
    resetModules: [36m[Function: resetModules][39m,
    dynamicImportSettled: [36m[AsyncFunction: dynamicImportSettled][39m,
    setConfig: [36m[Function: setConfig][39m,
    resetConfig: [36m[Function: resetConfig][39m
  },
  beforeAll: [36m[Function: beforeAll][39m,
  afterAll: [36m[Function: afterAll][39m,
  beforeEach: [36m[Function: beforeEach][39m,
  afterEach: [36m[Function: afterEach][39m,
  onTestFinished: [36m[Function (anonymous)][39m,
  onTestFailed: [36m[Function (anonymous)][39m,
  __vitest_required__: {
    util: {
      _errnoException: [36m[Function: _errnoException][39m,
      _exceptionWithHostPort: [36m[Function: _exceptionWithHostPort][39m,
      _extend: [36m[Function: deprecated][39m,
      callbackify: [36m[Function: callbackify][39m,
      debug: [36m[Function: debuglog][39m,
      debuglog: [36m[Function: debuglog][39m,
      deprecate: [36m[Function: deprecate][39m,
      format: [36m[Function: format][39m,
      styleText: [36m[Function: styleText][39m,
      formatWithOptions: [36m[Function: formatWithOptions][39m,
      getCallSite: [36m[Function: deprecated][39m,
      getCallSites: [36m[Function: getCallSites][39m,
      getSystemErrorMap: [36m[Function: getSystemErrorMap][39m,
      getSystemErrorName: [36m[Function: getSystemErrorName][39m,
 [32mΓ£ô[39m src/components/__tests__/theme-switcher.test.ts[2m > [22mThemeSwitcher[2m > [22mTheme Service Integration[2m > [22mshould update when theme changes externally[32m 267[2mms[22m[39m
 [32mΓ£ô[39m src/components/__tests__/theme-switcher.test.ts[2m > [22mThemeSwitcher[2m > [22mTheme Service Integration[2m > [22mshould subscribe to theme changes on mount[32m 87[2mms[22m[39m
      getSystemErrorMessage: [36m[Function: getSystemErrorMessage][39m,
      inherits: [36m[Function: inherits][39m,
      inspect: [36m[Function][39m,
      isArray: [36m[Function: deprecated][39m,
      isBoolean: [36m[Function: deprecated][39m,
      isBuffer: [36m[Function: deprecated][39m,
      isDeepStrictEqual: [36m[Function: isDeepStrictEqual][39m,
      isNull: [36m[Function: deprecated][39m,
      isNullOrUndefined: [36m[Function: deprecated][39m,
      isNumber: [36m[Function: deprecated][39m,
      isString: [36m[Function: deprecated][39m,
      isSymbol: [36m[Function: deprecated][39m,
      isUndefined: [36m[Function: deprecated][39m,
      isRegExp: [36m[Function: deprecated][39m,
      isObject: [36m[Function: deprecated][39m,
      isDate: [36m[Function: deprecated][39m,
      isError: [36m[Function: deprecated][39m,
      isFunction: [36m[Function: deprecated][39m,
      isPrimitive: [36m[Function: deprecated][39m,
      log: [36m[Function: deprecated][39m,
      promisify: [36m[Function][39m,
      stripVTControlCharacters: [36m[Function: stripVTControlCharacters][39m,
      toUSVString: [36m[Function: toUSVString][39m,
      transferableAbortSignal: [36m[Getter][39m,
      transferableAbortController: [36m[Getter][39m,
      aborted: [36m[Getter][39m,
      types: [36m[Object][39m,
      parseEnv: [36m[Function: parseEnv][39m,
      parseArgs: [36m[Function: parseArgs][39m,
      TextDecoder: [36m[class TextDecoder][39m,
      TextEncoder: [36m[class TextEncoder][39m,
      MIMEType: [36m[class MIMEType][39m,
      MIMEParams: [36m[class MIMEParams][39m,
      diff: [36m[Function: diff][39m,
      setTraceSigInt: [36m[Function: setTraceSigInt][39m
    },
    timers: {
      setTimeout: [36m[Function][39m,
      clearTimeout: [36m[Function: clearTimeout][39m,
      setImmediate: [36m[Function][39m,
      clearImmediate: [36m[Function: clearImmediate][39m,
      setInterval: [36m[Function: setInterval][39m,
      clearInterval: [36m[Function: clearInterval][39m,
      _unrefActive: [36m[Function: deprecated][39m,
      active: [36m[Function: deprecated][39m,
      unenroll: [36m[Function: deprecated][39m,
      enroll: [36m[Function: deprecated][39m,
      promises: [36m[Getter][39m
    },
    timersPromises: {
      setTimeout: [36m[Function: setTimeout][39m,
      setImmediate: [36m[Function: setImmediate][39m,
      setInterval: [36m[AsyncGeneratorFunction: setInterval][39m,
      scheduler: [36m[Scheduler][39m
    }
  },
  ch: [33m107[39m,
  ResizeObserver: [36m[class ResizeObserverMock][39m,
  [[32mSymbol(vitest:SAFE_TIMERS)[39m]: {
    nextTick: [36m[Function: nextTick][39m,
    setTimeout: [Function: setTimeout] {
      [[32mSymbol(nodejs.util.promisify.custom)[39m]: [36m[Getter][39m
    },
    setInterval: [36m[Function: setInterval][39m,
    clearInterval: [36m[Function: clearInterval][39m,
    clearTimeout: [36m[Function: clearTimeout][39m,
    setImmediate: [Function: setImmediate] {
      [[32mSymbol(nodejs.util.promisify.custom)[39m]: [36m[Getter][39m
    },
    clearImmediate: [36m[Function: clearImmediate][39m,
    queueMicrotask: [36m[Function: queueMicrotask][39m
  }
}

[90mstderr[2m | src/components/__tests__/tutorial-spotlight.test.ts[2m > [22m[2mTutorialSpotlight[2m > 
[22m[2mCleanup[2m > [22m[2mshould unsubscribe from TutorialService on destroy
[22m[39mBaseComponent.on: Target is not HTMLElement, Document, or Window [36m<ref *1>[39m Object [global] {
  global: [36m[Circular *1][39m,
  clearImmediate: [Function: clearImmediate] {
    hadOwnProperty: [33mtrue[39m,
    clock: {
      now: [33m1764681223410[39m,
      Date: [36m[Function][39m,
      loopLimit: [33m10000[39m,
      Intl: [36m[Object][39m,
      requestIdleCallback: [36m[Function: requestIdleCallback][39m,
      cancelIdleCallback: [36m[Function: cancelIdleCallback][39m,
      setTimeout: [36m[Function][39m,
      clearTimeout: [36m[Function][39m,
      nextTick: [36m[Function: nextTick][39m,
      queueMicrotask: [36m[Function: queueMicrotask][39m,
      setInterval: [36m[Function][39m,
      clearInterval: [36m[Function][39m,
      setImmediate: [36m[Function][39m,
      clearImmediate: [36m[Function][39m,
      countTimers: [36m[Function: countTimers][39m,
      requestAnimationFrame: [36m[Function][39m,
      cancelAnimationFrame: [36m[Function][39m,
      runMicrotasks: [36m[Function: runMicrotasks][39m,
      tick: [36m[Function: tick][39m,
      tickAsync: [36m[Function: tickAsync][39m,
      next: [36m[Function: next][39m,
      nextAsync: [36m[Function: nextAsync][39m,
      runAll: [36m[Function: runAll][39m,
      runToFrame: [36m[Function: runToFrame][39m,
      runAllAsync: [36m[Function: runAllAsync][39m,
      runToLast: [36m[Function: runToLast][39m,
      runToLastAsync: [36m[Function: runToLastAsync][39m,
      reset: [36m[Function: reset][39m,
      setSystemTime: [36m[Function: setSystemTime][39m,
      jump: [36m[Function: jump][39m,
      performance: [36m[Object: null prototype][39m,
      hrtime: [36m[Function][39m,
      shouldClearNativeTimers: [33mtrue[39m,
      uninstall: [36m[Function (anonymous)][39m,
      abortListenerMap: Map(0) {},
      methods: [36m[Array][39m,
      _setTimeout: [36m[Function][39m,
      _clearTimeout: [36m[Function: clearTimeout][39m,
      _setInterval: [36m[Function: setInterval][39m,
      _clearInterval: [36m[Function: clearInterval][39m,
      _Date: [36m[Function: Date][39m,
      _setImmediate: [36m[Function][39m,
      _clearImmediate: [36m[Function: clearImmediate][39m,
      _hrtime: [36m[Function][39m,
      _performance: [36m[Performance][39m,
      _requestAnimationFrame: [36m[Function: bound ][39m,
      _cancelAnimationFrame: [36m[Function: bound ][39m,
      _Intl: Object [Intl] {}
    }
  },
  setImmediate: [Function: setImmediate] {
    hadOwnProperty: [33mtrue[39m,
    clock: {
      now: [33m1764681223410[39m,
      Date: [36m[Function][39m,
      loopLimit: [33m10000[39m,
      Intl: [36m[Object][39m,
      requestIdleCallback: [36m[Function: requestIdleCallback][39m,
      cancelIdleCallback: [36m[Function: cancelIdleCallback][39m,
      setTimeout: [36m[Function][39m,
      clearTimeout: [36m[Function][39m,
      nextTick: [36m[Function: nextTick][39m,
      queueMicrotask: [36m[Function: queueMicrotask][39m,
      setInterval: [36m[Function][39m,
      clearInterval: [36m[Function][39m,
      setImmediate: [36m[Function][39m,
      clearImmediate: [36m[Function][39m,
      countTimers: [36m[Function: countTimers][39m,
      requestAnimationFrame: [36m[Function][39m,
      cancelAnimationFrame: [36m[Function][39m,
      runMicrotasks: [36m[Function: runMicrotasks][39m,
      tick: [36m[Function: tick][39m,
      tickAsync: [36m[Function: tickAsync][39m,
      next: [36m[Function: next][39m,
      nextAsync: [36m[Function: nextAsync][39m,
      runAll: [36m[Function: runAll][39m,
      runToFrame: [36m[Function: runToFrame][39m,
      runAllAsync: [36m[Function: runAllAsync][39m,
      runToLast: [36m[Function: runToLast][39m,
      runToLastAsync: [36m[Function: runToLastAsync][39m,
      reset: [36m[Function: reset][39m,
      setSystemTime: [36m[Function: setSystemTime][39m,
      jump: [36m[Function: jump][39m,
      performance: [36m[Object: null prototype][39m,
      hrtime: [36m[Function][39m,
      shouldClearNativeTimers: [33mtrue[39m,
      uninstall: [36m[Function (anonymous)][39m,
      abortListenerMap: Map(0) {},
      methods: [36m[Array][39m,
      _setTimeout: [36m[Function][39m,
      _clearTimeout: [36m[Function: clearTimeout][39m,
      _setInterval: [36m[Function: setInterval][39m,
      _clearInterval: [36m[Function: clearInterval][39m,
      _Date: [36m[Function: Date][39m,
      _setImmediate: [36m[Function][39m,
      _clearImmediate: [36m[Function: clearImmediate][39m,
      _hrtime: [36m[Function][39m,
      _performance: [36m[Performance][39m,
      _requestAnimationFrame: [36m[Function: bound ][39m,
      _cancelAnimationFrame: [36m[Function: bound ][39m,
      _Intl: Object [Intl] {}
    },
    [[32mSymbol(nodejs.util.promisify.custom)[39m]: [36m[Function: promisifiedSetImmediate][39m
  },
  clearInterval: [Function: clearInterval] {
    hadOwnProperty: [33mtrue[39m,
    clock: {
      now: [33m1764681223410[39m,
      Date: [36m[Function][39m,
      loopLimit: [33m10000[39m,
      Intl: [36m[Object][39m,
      requestIdleCallback: [36m[Function: requestIdleCallback][39m,
      cancelIdleCallback: [36m[Function: cancelIdleCallback][39m,
      setTimeout: [36m[Function][39m,
      clearTimeout: [36m[Function][39m,
      nextTick: [36m[Function: nextTick][39m,
      queueMicrotask: [36m[Function: queueMicrotask][39m,
      setInterval: [36m[Function][39m,
      clearInterval: [36m[Function][39m,
      setImmediate: [36m[Function][39m,
      clearImmediate: [36m[Function][39m,
      countTimers: [36m[Function: countTimers][39m,
      requestAnimationFrame: [36m[Function][39m,
      cancelAnimationFrame: [36m[Function][39m,
      runMicrotasks: [36m[Function: runMicrotasks][39m,
      tick: [36m[Function: tick][39m,
      tickAsync: [36m[Function: tickAsync][39m,
      next: [36m[Function: next][39m,
      nextAsync: [36m[Function: nextAsync][39m,
      runAll: [36m[Function: runAll][39m,
      runToFrame: [36m[Function: runToFrame][39m,
      runAllAsync: [36m[Function: runAllAsync][39m,
      runToLast: [36m[Function: runToLast][39m,
      runToLastAsync: [36m[Function: runToLastAsync][39m,
      reset: [36m[Function: reset][39m,
      setSystemTime: [36m[Function: setSystemTime][39m,
      jump: [36m[Function: jump][39m,
      performance: [36m[Object: null prototype][39m,
      hrtime: [36m[Function][39m,
      shouldClearNativeTimers: [33mtrue[39m,
      uninstall: [36m[Function (anonymous)][39m,
      abortListenerMap: Map(0) {},
      methods: [36m[Array][39m,
      _setTimeout: [36m[Function][39m,
      _clearTimeout: [36m[Function: clearTimeout][39m,
      _setInterval: [36m[Function: setInterval][39m,
      _clearInterval: [36m[Function: clearInterval][39m,
      _Date: [36m[Function: Date][39m,
      _setImmediate: [36m[Function][39m,
      _clearImmediate: [36m[Function: clearImmediate][39m,
      _hrtime: [36m[Function][39m,
      _performance: [36m[Performance][39m,
      _requestAnimationFrame: [36m[Function: bound ][39m,
      _cancelAnimationFrame: [36m[Function: bound ][39m,
      _Intl: Object [Intl] {}
    }
  },
  clearTimeout: [Function: clearTimeout] {
    hadOwnProperty: [33mtrue[39m,
    clock: {
      now: [33m1764681223410[39m,
      Date: [36m[Function][39m,
      loopLimit: [33m10000[39m,
      Intl: [36m[Object][39m,
      requestIdleCallback: [36m[Function: requestIdleCallback][39m,
      cancelIdleCallback: [36m[Function: cancelIdleCallback][39m,
      setTimeout: [36m[Function][39m,
      clearTimeout: [36m[Function][39m,
      nextTick: [36m[Function: nextTick][39m,
      queueMicrotask: [36m[Function: queueMicrotask][39m,
      setInterval: [36m[Function][39m,
      clearInterval: [36m[Function][39m,
      setImmediate: [36m[Function][39m,
      clearImmediate: [36m[Function][39m,
      countTimers: [36m[Function: countTimers][39m,
      requestAnimationFrame: [36m[Function][39m,
      cancelAnimationFrame: [36m[Function][39m,
      runMicrotasks: [36m[Function: runMicrotasks][39m,
      tick: [36m[Function: tick][39m,
      tickAsync: [36m[Function: tickAsync][39m,
      next: [36m[Function: next][39m,
      nextAsync: [36m[Function: nextAsync][39m,
      runAll: [36m[Function: runAll][39m,
      runToFrame: [36m[Function: runToFrame][39m,
      runAllAsync: [36m[Function: runAllAsync][39m,
      runToLast: [36m[Function: runToLast][39m,
      runToLastAsync: [36m[Function: runToLastAsync][39m,
      reset: [36m[Function: reset][39m,
      setSystemTime: [36m[Function: setSystemTime][39m,
      jump: [36m[Function: jump][39m,
      performance: [36m[Object: null prototype][39m,
      hrtime: [36m[Function][39m,
      shouldClearNativeTimers: [33mtrue[39m,
      uninstall: [36m[Function (anonymous)][39m,
      abortListenerMap: Map(0) {},
      methods: [36m[Array][39m,
      _setTimeout: [36m[Function][39m,
      _clearTimeout: [36m[Function: clearTimeout][39m,
      _setInterval: [36m[Function: setInterval][39m,
      _clearInterval: [36m[Function: clearInterval][39m,
      _Date: [36m[Function: Date][39m,
      _setImmediate: [36m[Function][39m,
      _clearImmediate: [36m[Function: clearImmediate][39m,
      _hrtime: [36m[Function][39m,
      _performance: [36m[Performance][39m,
      _requestAnimationFrame: [36m[Function: bound ][39m,
      _cancelAnimationFrame: [36m[Function: bound ][39m,
      _Intl: Object [Intl] {}
    }
  },
  setInterval: [Function: setInterval] {
    hadOwnProperty: [33mtrue[39m,
    clock: {
      now: [33m1764681223410[39m,
      Date: [36m[Function][39m,
      loopLimit: [33m10000[39m,
      Intl: [36m[Object][39m,
      requestIdleCallback: [36m[Function: requestIdleCallback][39m,
      cancelIdleCallback: [36m[Function: cancelIdleCallback][39m,
      setTimeout: [36m[Function][39m,
      clearTimeout: [36m[Function][39m,
      nextTick: [36m[Function: nextTick][39m,
      queueMicrotask: [36m[Function: queueMicrotask][39m,
      setInterval: [36m[Function][39m,
      clearInterval: [36m[Function][39m,
      setImmediate: [36m[Function][39m,
      clearImmediate: [36m[Function][39m,
      countTimers: [36m[Function: countTimers][39m,
      requestAnimationFrame: [36m[Function][39m,
      cancelAnimationFrame: [36m[Function][39m,
      runMicrotasks: [36m[Function: runMicrotasks][39m,
      tick: [36m[Function: tick][39m,
      tickAsync: [36m[Function: tickAsync][39m,
      next: [36m[Function: next][39m,
      nextAsync: [36m[Function: nextAsync][39m,
      runAll: [36m[Function: runAll][39m,
      runToFrame: [36m[Function: runToFrame][39m,
      runAllAsync: [36m[Function: runAllAsync][39m,
      runToLast: [36m[Function: runToLast][39m,
      runToLastAsync: [36m[Function: runToLastAsync][39m,
      reset: [36m[Function: reset][39m,
      setSystemTime: [36m[Function: setSystemTime][39m,
      jump: [36m[Function: jump][39m,
      performance: [36m[Object: null prototype][39m,
      hrtime: [36m[Function][39m,
      shouldClearNativeTimers: [33mtrue[39m,
      uninstall: [36m[Function (anonymous)][39m,
      abortListenerMap: Map(0) {},
      methods: [36m[Array][39m,
      _setTimeout: [36m[Function][39m,
      _clearTimeout: [36m[Function: clearTimeout][39m,
      _setInterval: [36m[Function: setInterval][39m,
      _clearInterval: [36m[Function: clearInterval][39m,
      _Date: [36m[Function: Date][39m,
      _setImmediate: [36m[Function][39m,
      _clearImmediate: [36m[Function: clearImmediate][39m,
      _hrtime: [36m[Function][39m,
      _performance: [36m[Performance][39m,
      _requestAnimationFrame: [36m[Function: bound ][39m,
      _cancelAnimationFrame: [36m[Function: bound ][39m,
      _Intl: Object [Intl] {}
    }
  },
  setTimeout: [Function: setTimeout] {
    hadOwnProperty: [33mtrue[39m,
    clock: {
      now: [33m1764681223410[39m,
      Date: [36m[Function][39m,
      loopLimit: [33m10000[39m,
      Intl: [36m[Object][39m,
      requestIdleCallback: [36m[Function: requestIdleCallback][39m,
      cancelIdleCallback: [36m[Function: cancelIdleCallback][39m,
      setTimeout: [36m[Function][39m,
      clearTimeout: [36m[Function][39m,
      nextTick: [36m[Function: nextTick][39m,
      queueMicrotask: [36m[Function: queueMicrotask][39m,
      setInterval: [36m[Function][39m,
      clearInterval: [36m[Function][39m,
      setImmediate: [36m[Function][39m,
      clearImmediate: [36m[Function][39m,
      countTimers: [36m[Function: countTimers][39m,
      requestAnimationFrame: [36m[Function][39m,
      cancelAnimationFrame: [36m[Function][39m,
      runMicrotasks: [36m[Function: runMicrotasks][39m,
      tick: [36m[Function: tick][39m,
      tickAsync: [36m[Function: tickAsync][39m,
      next: [36m[Function: next][39m,
      nextAsync: [36m[Function: nextAsync][39m,
      runAll: [36m[Function: runAll][39m,
      runToFrame: [36m[Function: runToFrame][39m,
      runAllAsync: [36m[Function: runAllAsync][39m,
      runToLast: [36m[Function: runToLast][39m,
      runToLastAsync: [36m[Function: runToLastAsync][39m,
      reset: [36m[Function: reset][39m,
      setSystemTime: [36m[Function: setSystemTime][39m,
      jump: [36m[Function: jump][39m,
      performance: [36m[Object: null prototype][39m,
      hrtime: [36m[Function][39m,
      shouldClearNativeTimers: [33mtrue[39m,
      uninstall: [36m[Function (anonymous)][39m,
      abortListenerMap: Map(0) {},
      methods: [36m[Array][39m,
      _setTimeout: [36m[Function][39m,
      _clearTimeout: [36m[Function: clearTimeout][39m,
      _setInterval: [36m[Function: setInterval][39m,
      _clearInterval: [36m[Function: clearInterval][39m,
      _Date: [36m[Function: Date][39m,
      _setImmediate: [36m[Function][39m,
      _clearImmediate: [36m[Function: clearImmediate][39m,
      _hrtime: [36m[Function][39m,
      _performance: [36m[Performance][39m,
      _requestAnimationFrame: [36m[Function: bound ][39m,
      _cancelAnimationFrame: [36m[Function: bound ][39m,
      _Intl: Object [Intl] {}
    },
    [[32mSymbol(nodejs.util.promisify.custom)[39m]: [36m[Function: promisifiedSetTimeout][39m
  },
  queueMicrotask: [36m[Function: queueMicrotask][39m,
  structuredClone: [36m[Function: structuredClone][39m,
  atob: [36m[Function: atob][39m,
  btoa: [36m[Function: btoa][39m,
  performance: [36m[Getter/Setter][39m,
  fetch: [36m[Function: fetch][39m,
  navigator: [36m[Getter/Setter][39m,
  crypto: [36m[Getter][39m,
  window: [36m[Circular *1][39m,
  self: [36m[Circular *1][39m,
  top: [36m[Circular *1][39m,
  parent: [36m[Circular *1][39m,
  jsdom: JSDOM {
    [[32mSymbol(window)[39m]: [36m<ref *2>[39m Window {
      StyleSheet: [36m[Function: StyleSheet][39m,
      MediaList: [36m[Function: MediaList][39m,
      CSSStyleSheet: [36m[Function: CSSStyleSheet][39m,
      CSSRule: [36m[Function][39m,
      CSSStyleRule: [36m[Function][39m,
      CSSMediaRule: [36m[Function: CSSMediaRule][39m,
      CSSImportRule: [36m[Function: CSSImportRule][39m,
      CSSStyleDeclaration: [36m[class CSSStyleDeclaration][39m,
      XPathException: [36m[Function][39m,
      XPathExpression: [36m[Function: XPathExpression][39m,
      XPathResult: [36m[Function][39m,
      XPathEvaluator: [36m[Function: XPathEvaluator][39m,
      onafterprint: [36m[Getter/Setter][39m,
      onbeforeprint: [36m[Getter/Setter][39m,
      onbeforeunload: [36m[Getter/Setter][39m,
      onhashchange: [36m[Getter/Setter][39m,
      onlanguagechange: [36m[Getter/Setter][39m,
      onmessage: [36m[Getter/Setter][39m,
      onmessageerror: [36m[Getter/Setter][39m,
      onoffline: [36m[Getter/Setter][39m,
      ononline: [36m[Getter/Setter][39m,
      onpagehide: [36m[Getter/Setter][39m,
      onpageshow: [36m[Getter/Setter][39m,
      onpopstate: [36m[Getter/Setter][39m,
      onrejectionhandled: [36m[Getter/Setter][39m,
      onstorage: [36m[Getter/Setter][39m,
      onunhandledrejection: [36m[Getter/Setter][39m,
      onunload: [36m[Getter/Setter][39m,
      onblur: [36m[Getter/Setter][39m,
      onerror: [36m[Getter/Setter][39m,
      onfocus: [36m[Getter/Setter][39m,
      onload: [36m[Getter/Setter][39m,
      onresize: [36m[Getter/Setter][39m,
      onscroll: [36m[Getter/Setter][39m,
      onabort: [36m[Getter/Setter][39m,
      onauxclick: [36m[Getter/Setter][39m,
      onbeforeinput: [36m[Getter/Setter][39m,
      onbeforematch: [36m[Getter/Setter][39m,
      onbeforetoggle: [36m[Getter/Setter][39m,
      oncancel: [36m[Getter/Setter][39m,
      oncanplay: [36m[Getter/Setter][39m,
      oncanplaythrough: [36m[Getter/Setter][39m,
      onchange: [36m[Getter/Setter][39m,
      onclick: [36m[Getter/Setter][39m,
      onclose: [36m[Getter/Setter][39m,
      oncontextlost: [36m[Getter/Setter][39m,
      oncontextmenu: [36m[Getter/Setter][39m,
      oncontextrestored: [36m[Getter/Setter][39m,
      oncopy: [36m[Getter/Setter][39m,
      oncuechange: [36m[Getter/Setter][39m,
      oncut: [36m[Getter/Setter][39m,
      ondblclick: [36m[Getter/Setter][39m,
      ondrag: [36m[Getter/Setter][39m,
      ondragend: [36m[Getter/Setter][39m,
      ondragenter: [36m[Getter/Setter][39m,
      ondragleave: [36m[Getter/Setter][39m,
      ondragover: [36m[Getter/Setter][39m,
      ondragstart: [36m[Getter/Setter][39m,
      ondrop: [36m[Getter/Setter][39m,
      ondurationchange: [36m[Getter/Setter][39m,
      onemptied: [36m[Getter/Setter][39m,
      onended: [36m[Getter/Setter][39m,
      onformdata: [36m[Getter/Setter][39m,
      oninput: [36m[Getter/Setter][39m,
      oninvalid: [36m[Getter/Setter][39m,
      onkeydown: [36m[Getter/Setter][39m,
      onkeypress: [36m[Getter/Setter][39m,
      onkeyup: [36m[Getter/Setter][39m,
      onloadeddata: [36m[Getter/Setter][39m,
      onloadedmetadata: [36m[Getter/Setter][39m,
      onloadstart: [36m[Getter/Setter][39m,
      onmousedown: [36m[Getter/Setter][39m,
      onmouseenter: [36m[Getter/Setter][39m,
      onmouseleave: [36m[Getter/Setter][39m,
      onmousemove: [36m[Getter/Setter][39m,
      onmouseout: [36m[Getter/Setter][39m,
      onmouseover: [36m[Getter/Setter][39m,
      onmouseup: [36m[Getter/Setter][39m,
      onpaste: [36m[Getter/Setter][39m,
      onpause: [36m[Getter/Setter][39m,
      onplay: [36m[Getter/Setter][39m,
      onplaying: [36m[Getter/Setter][39m,
      onprogress: [36m[Getter/Setter][39m,
      onratechange: [36m[Getter/Setter][39m,
      onreset: [36m[Getter/Setter][39m,
      onscrollend: [36m[Getter/Setter][39m,
      onsecuritypolicyviolation: [36m[Getter/Setter][39m,
      onseeked: [36m[Getter/Setter][39m,
      onseeking: [36m[Getter/Setter][39m,
      onselect: [36m[Getter/Setter][39m,
      onslotchange: [36m[Getter/Setter][39m,
      onstalled: [36m[Getter/Setter][39m,
      onsubmit: [36m[Getter/Setter][39m,
      onsuspend: [36m[Getter/Setter][39m,
      ontimeupdate: [36m[Getter/Setter][39m,
      ontoggle: [36m[Getter/Setter][39m,
      onvolumechange: [36m[Getter/Setter][39m,
      onwaiting: [36m[Getter/Setter][39m,
      onwebkitanimationend: [36m[Getter/Setter][39m,
      onwebkitanimationiteration: [36m[Getter/Setter][39m,
      onwebkitanimationstart: [36m[Getter/Setter][39m,
      onwebkittransitionend: [36m[Getter/Setter][39m,
      onwheel: [36m[Getter/Setter][39m,
      ontouchstart: [36m[Getter/Setter][39m,
      ontouchend: [36m[Getter/Setter][39m,
      ontouchmove: [36m[Getter/Setter][39m,
      ontouchcancel: [36m[Getter/Setter][39m,
      _registeredHandlers: Set(0) {},
      _eventHandlers: [Object: null prototype] {},
      onautocomplete: [36m[Getter/Setter][39m,
      onautocompleteerror: [36m[Getter/Setter][39m,
      onsort: [36m[Getter/Setter][39m,
      _globalObject: [36m[Circular *2][39m,
      _resourceLoader: [36m[NoOpResourceLoader][39m,
      _globalProxy: [36m[Object [Window]][39m,
      _document: [36m[Document][39m,
      _origin: [32m'http://localhost:3000'[39m,
      _sessionHistory: [36m[SessionHistory][39m,
      _virtualConsole: [36m[VirtualConsole][39m,
      _runScripts: [32m'dangerously'[39m,
      _top: [36m[Object [Window]][39m,
      _parent: [36m[Object [Window]][39m,
      _frameElement: [1mnull[22m,
      _length: [33m0[39m,
      _currentEvent: [90mundefined[39m,
      _pretendToBeVisual: [33mtrue[39m,
      _storageQuota: [33m5000000[39m,
      _commonForOrigin: [36m[Object][39m,
      _currentOriginData: [36m[Object][39m,
      _localStorage: Storage {},
      _sessionStorage: Storage {},
      _selection: [36m[SelectionImpl][39m,
      getSelection: [36m[Function (anonymous)][39m,
      _customElementRegistry: CustomElementRegistry {},
      length: [36m[Getter/Setter][39m,
      window: [36m[Getter][39m,
      frameElement: [36m[Getter][39m,
      frames: [36m[Getter/Setter][39m,
      self: [36m[Getter/Setter][39m,
      parent: [36m[Getter/Setter][39m,
      top: [36m[Getter][39m,
      document: [36m[Getter][39m,
      external: [36m[Getter/Setter][39m,
      location: [36m[Getter/Setter][39m,
      history: [36m[Getter][39m,
      navigator: [36m[Getter][39m,
      locationbar: [36m[Getter/Setter][39m,
      menubar: [36m[Getter/Setter][39m,
      personalbar: [36m[Getter/Setter][39m,
      scrollbars: [36m[Getter/Setter][39m,
      statusbar: [36m[Getter/Setter][39m,
      toolbar: [36m[Getter/Setter][39m,
      performance: [36m[Getter][39m,
      screen: [36m[Getter/Setter][39m,
      crypto: [36m[Getter][39m,
      origin: [36m[Getter/Setter][39m,
      localStorage: [36m[Getter][39m,
      sessionStorage: [36m[Getter][39m,
      customElements: [36m[Getter][39m,
      event: [36m[Getter/Setter][39m,
      setTimeout: [36m[Function (anonymous)][39m,
      setInterval: [36m[Function (anonymous)][39m,
      clearTimeout: [36m[Function (anonymous)][39m,
      clearInterval: [36m[Function (anonymous)][39m,
      queueMicrotask: [36m[Function (anonymous)][39m,
      requestAnimationFrame: [36m[Function (anonymous)][39m,
      cancelAnimationFrame: [36m[Function (anonymous)][39m,
      postMessage: [36m[Function (anonymous)][39m,
      atob: [36m[Function (anonymous)][39m,
      btoa: [36m[Function (anonymous)][39m,
      stop: [36m[Function (anonymous)][39m,
      close: [36m[Function (anonymous)][39m,
      getComputedStyle: [36m[Function (anonymous)][39m,
      captureEvents: [36m[Function (anonymous)][39m,
      releaseEvents: [36m[Function (anonymous)][39m,
      console: [36m[Object][39m,
      name: [32m''[39m,
      status: [32m''[39m,
      devicePixelRatio: [33m1[39m,
      innerWidth: [33m1024[39m,
      innerHeight: [33m768[39m,
      outerWidth: [33m1024[39m,
      outerHeight: [33m768[39m,
      pageXOffset: [33m0[39m,
      pageYOffset: [33m0[39m,
      screenX: [33m0[39m,
      screenLeft: [33m0[39m,
      screenY: [33m0[39m,
      screenTop: [33m0[39m,
      scrollX: [33m0[39m,
      scrollY: [33m0[39m,
      alert: [36m[Function (anonymous)][39m,
      blur: [36m[Function (anonymous)][39m,
      confirm: [36m[Function (anonymous)][39m,
      focus: [36m[Function (anonymous)][39m,
      moveBy: [36m[Function (anonymous)][39m,
      moveTo: [36m[Function (anonymous)][39m,
      open: [36m[Function (anonymous)][39m,
      print: [36m[Function (anonymous)][39m,
      prompt: [36m[Function (anonymous)][39m,
      resizeBy: [36m[Function (anonymous)][39m,
      resizeTo: [36m[Function (anonymous)][39m,
      scroll: [36m[Function (anonymous)][39m,
      scrollBy: [36m[Function (anonymous)][39m,
      scrollTo: [36m[Function (anonymous)][39m,
      [32m'test-container'[39m: [36m[Getter/Setter][39m,
      [32m'tutorial-target'[39m: [36m[Getter/Setter][39m,
      [[32mSymbol([webidl2js] constructor registry)[39m]: [36m[Object: null prototype][39m,
      [[32mSymbol(named property tracker)[39m]: [36m[NamedPropertiesTracker][39m
    }
  },
  suite: [Function: chain] {
    each: [36m[Function (anonymous)][39m,
    for: [36m[Function (anonymous)][39m,
    skipIf: [36m[Function (anonymous)][39m,
    runIf: [36m[Function (anonymous)][39m,
    withContext: [36m[Function (anonymous)][39m,
    setContext: [36m[Function (anonymous)][39m,
    mergeContext: [36m[Function (anonymous)][39m,
    fn: [Function: suiteFn] {
      each: [36m[Function (anonymous)][39m,
      for: [36m[Function (anonymous)][39m,
      skipIf: [36m[Function (anonymous)][39m,
      runIf: [36m[Function (anonymous)][39m
    }
  },
  test: [Function: chain] {
    each: [36m[Function (anonymous)][39m,
    for: [36m[Function (anonymous)][39m,
    skipIf: [36m[Function (anonymous)][39m,
    runIf: [36m[Function (anonymous)][39m,
    scoped: [36m[Function (anonymous)][39m,
    extend: [36m[Function (anonymous)][39m,
    beforeEach: [36m[Function: beforeEach][39m,
    afterEach: [36m[Function: afterEach][39m,
    beforeAll: [36m[Function: beforeAll][39m,
    afterAll: [36m[Function: afterAll][39m,
    withContext: [36m[Function (anonymous)][39m,
    setContext: [36m[Function (anonymous)][39m,
    mergeContext: [36m[Function (anonymous)][39m,
    fn: [Function (anonymous)] {
      each: [36m[Function (anonymous)][39m,
      for: [36m[Function (anonymous)][39m,
      skipIf: [36m[Function (anonymous)][39m,
      runIf: [36m[Function (anonymous)][39m,
      scoped: [36m[Function (anonymous)][39m,
      extend: [36m[Function (anonymous)][39m,
      beforeEach: [36m[Function: beforeEach][39m,
      afterEach: [36m[Function: afterEach][39m,
      beforeAll: [36m[Function: beforeAll][39m,
      afterAll: [36m[Function: afterAll][39m
    }
  },
  describe: [Function: chain] {
    each: [36m[Function (anonymous)][39m,
    for: [36m[Function (anonymous)][39m,
    skipIf: [36m[Function (anonymous)][39m,
    runIf: [36m[Function (anonymous)][39m,
    withContext: [36m[Function (anonymous)][39m,
    setContext: [36m[Function (anonymous)][39m,
    mergeContext: [36m[Function (anonymous)][39m,
    fn: [Function: suiteFn] {
      each: [36m[Function (anonymous)][39m,
      for: [36m[Function (anonymous)][39m,
      skipIf: [36m[Function (anonymous)][39m,
      runIf: [36m[Function (anonymous)][39m
    }
  },
  it: [Function: chain] {
    each: [36m[Function (anonymous)][39m,
    for: [36m[Function (anonymous)][39m,
    skipIf: [36m[Function (anonymous)][39m,
    runIf: [36m[Function (anonymous)][39m,
    scoped: [36m[Function (anonymous)][39m,
    extend: [36m[Function (anonymous)][39m,
    beforeEach: [36m[Function: beforeEach][39m,
    afterEach: [36m[Function: afterEach][39m,
    beforeAll: [36m[Function: beforeAll][39m,
    afterAll: [36m[Function: afterAll][39m,
    withContext: [36m[Function (anonymous)][39m,
    setContext: [36m[Function (anonymous)][39m,
    mergeContext: [36m[Function (anonymous)][39m,
    fn: [Function (anonymous)] {
      each: [36m[Function (anonymous)][39m,
      for: [36m[Function (anonymous)][39m,
      skipIf: [36m[Function (anonymous)][39m,
      runIf: [36m[Function (anonymous)][39m,
      scoped: [36m[Function (anonymous)][39m,
      extend: [36m[Function (anonymous)][39m,
      beforeEach: [36m[Function: beforeEach][39m,
      afterEach: [36m[Function: afterEach][39m,
      beforeAll: [36m[Function: beforeAll][39m,
      afterAll: [36m[Function: afterAll][39m
    }
  },
  chai: [Module: null prototype] {
    Assertion: [36m[class Assertion][39m,
    AssertionError: [36m[class AssertionError extends Error][39m,
    Should: [36m[Function: loadShould][39m,
    assert: [Function: assert] {
      fail: [36m[Function (anonymous)][39m,
      isOk: [36m[Function (anonymous)][39m,
      isNotOk: [36m[Function (anonymous)][39m,
      equal: [36m[Function (anonymous)][39m,
      notEqual: [36m[Function (anonymous)][39m,
      strictEqual: [36m[Function (anonymous)][39m,
      notStrictEqual: [36m[Function (anonymous)][39m,
      deepStrictEqual: [36m[Function (anonymous)][39m,
      deepEqual: [36m[Function (anonymous)][39m,
      notDeepEqual: [36m[Function (anonymous)][39m,
      isAbove: [36m[Function (anonymous)][39m,
      isAtLeast: [36m[Function (anonymous)][39m,
      isBelow: [36m[Function (anonymous)][39m,
      isAtMost: [36m[Function (anonymous)][39m,
      isTrue: [36m[Function (anonymous)][39m,
      isNotTrue: [36m[Function (anonymous)][39m,
      isFalse: [36m[Function (anonymous)][39m,
      isNotFalse: [36m[Function (anonymous)][39m,
      isNull: [36m[Function (anonymous)][39m,
      isNotNull: [36m[Function (anonymous)][39m,
      isNaN: [36m[Function (anonymous)][39m,
      isNotNaN: [36m[Function (anonymous)][39m,
      exists: [36m[Function (anonymous)][39m,
      notExists: [36m[Function (anonymous)][39m,
      isUndefined: [36m[Function (anonymous)][39m,
      isDefined: [36m[Function (anonymous)][39m,
      isCallable: [36m[Function (anonymous)][39m,
      isNotCallable: [36m[Function (anonymous)][39m,
      isObject: [36m[Function (anonymous)][39m,
      isNotObject: [36m[Function (anonymous)][39m,
      isArray: [36m[Function (anonymous)][39m,
      isNotArray: [36m[Function (anonymous)][39m,
      isString: [36m[Function (anonymous)][39m,
      isNotString: [36m[Function (anonymous)][39m,
      isNumber: [36m[Function (anonymous)][39m,
      isNotNumber: [36m[Function (anonymous)][39m,
      isNumeric: [36m[Function (anonymous)][39m,
      isNotNumeric: [36m[Function (anonymous)][39m,
      isFinite: [36m[Function (anonymous)][39m,
      isBoolean: [36m[Function (anonymous)][39m,
      isNotBoolean: [36m[Function (anonymous)][39m,
      typeOf: [36m[Function (anonymous)][39m,
      notTypeOf: [36m[Function (anonymous)][39m,
      instanceOf: [36m[Function (anonymous)][39m,
      notInstanceOf: [36m[Function (anonymous)][39m,
      include: [36m[Function (anonymous)][39m,
      notInclude: [36m[Function (anonymous)][39m,
      deepInclude: [36m[Function (anonymous)][39m,
      notDeepInclude: [36m[Function (anonymous)][39m,
      nestedInclude: [36m[Function (anonymous)][39m,
      notNestedInclude: [36m[Function (anonymous)][39m,
      deepNestedInclude: [36m[Function (anonymous)][39m,
      notDeepNestedInclude: [36m[Function (anonymous)][39m,
      ownInclude: [36m[Function (anonymous)][39m,
      notOwnInclude: [36m[Function (anonymous)][39m,
      deepOwnInclude: [36m[Function (anonymous)][39m,
      notDeepOwnInclude: [36m[Function (anonymous)][39m,
      match: [36m[Function (anonymous)][39m,
      notMatch: [36m[Function (anonymous)][39m,
      property: [36m[Function (anonymous)][39m,
      notProperty: [36m[Function (anonymous)][39m,
      propertyVal: [36m[Function (anonymous)][39m,
      notPropertyVal: [36m[Function (anonymous)][39m,
      deepPropertyVal: [36m[Function (anonymous)][39m,
      notDeepPropertyVal: [36m[Function (anonymous)][39m,
      ownProperty: [36m[Function (anonymous)][39m,
      notOwnProperty: [36m[Function (anonymous)][39m,
      ownPropertyVal: [36m[Function (anonymous)][39m,
      notOwnPropertyVal: [36m[Function (anonymous)][39m,
      deepOwnPropertyVal: [36m[Function (anonymous)][39m,
      notDeepOwnPropertyVal: [36m[Function (anonymous)][39m,
      nestedProperty: [36m[Function (anonymous)][39m,
      notNestedProperty: [36m[Function (anonymous)][39m,
      nestedPropertyVal: [36m[Function (anonymous)][39m,
      notNestedPropertyVal: [36m[Function (anonymous)][39m,
      deepNestedPropertyVal: [36m[Function (anonymous)][39m,
      notDeepNestedPropertyVal: [36m[Function (anonymous)][39m,
      lengthOf: [36m[Function (anonymous)][39m,
      hasAnyKeys: [36m[Function (anonymous)][39m,
      hasAllKeys: [36m[Function (anonymous)][39m,
      containsAllKeys: [36m[Function (anonymous)][39m,
      doesNotHaveAnyKeys: [36m[Function (anonymous)][39m,
      doesNotHaveAllKeys: [36m[Function (anonymous)][39m,
      hasAnyDeepKeys: [36m[Function (anonymous)][39m,
      hasAllDeepKeys: [36m[Function (anonymous)][39m,
      containsAllDeepKeys: [36m[Function (anonymous)][39m,
      doesNotHaveAnyDeepKeys: [36m[Function (anonymous)][39m,
      doesNotHaveAllDeepKeys: [36m[Function (anonymous)][39m,
      throws: [36m[Function (anonymous)][39m,
      doesNotThrow: [36m[Function (anonymous)][39m,
      operator: [36m[Function (anonymous)][39m,
      closeTo: [36m[Function (anonymous)][39m,
      approximately: [36m[Function (anonymous)][39m,
      sameMembers: [36m[Function (anonymous)][39m,
      notSameMembers: [36m[Function (anonymous)][39m,
      sameDeepMembers: [36m[Function (anonymous)][39m,
      notSameDeepMembers: [36m[Function (anonymous)][39m,
      sameOrderedMembers: [36m[Function (anonymous)][39m,
      notSameOrderedMembers: [36m[Function (anonymous)][39m,
      sameDeepOrderedMembers: [36m[Function (anonymous)][39m,
      notSameDeepOrderedMembers: [36m[Function (anonymous)][39m,
      includeMembers: [36m[Function (anonymous)][39m,
      notIncludeMembers: [36m[Function (anonymous)][39m,
      includeDeepMembers: [36m[Function (anonymous)][39m,
      notIncludeDeepMembers: [36m[Function (anonymous)][39m,
      includeOrderedMembers: [36m[Function (anonymous)][39m,
      notIncludeOrderedMembers: [36m[Function (anonymous)][39m,
      includeDeepOrderedMembers: [36m[Function (anonymous)][39m,
      notIncludeDeepOrderedMembers: [36m[Function (anonymous)][39m,
      oneOf: [36m[Function (anonymous)][39m,
      isIterable: [36m[Function (anonymous)][39m,
      changes: [36m[Function (anonymous)][39m,
      changesBy: [36m[Function (anonymous)][39m,
      doesNotChange: [36m[Function (anonymous)][39m,
      changesButNotBy: [36m[Function (anonymous)][39m,
      increases: [36m[Function (anonymous)][39m,
      increasesBy: [36m[Function (anonymous)][39m,
      doesNotIncrease: [36m[Function (anonymous)][39m,
      increasesButNotBy: [36m[Function (anonymous)][39m,
      decreases: [36m[Function (anonymous)][39m,
      decreasesBy: [36m[Function (anonymous)][39m,
      doesNotDecrease: [36m[Function (anonymous)][39m,
      doesNotDecreaseBy: [36m[Function (anonymous)][39m,
      decreasesButNotBy: [36m[Function (anonymous)][39m,
      ifError: [36m[Function (anonymous)][39m,
      isExtensible: [36m[Function (anonymous)][39m,
      isNotExtensible: [36m[Function (anonymous)][39m,
      isSealed: [36m[Function (anonymous)][39m,
      isNotSealed: [36m[Function (anonymous)][39m,
      isFrozen: [36m[Function (anonymous)][39m,
      isNotFrozen: [36m[Function (anonymous)][39m,
      isEmpty: [36m[Function (anonymous)][39m,
      isNotEmpty: [36m[Function (anonymous)][39m,
      containsSubset: [36m[Function (anonymous)][39m,
      doesNotContainSubset: [36m[Function (anonymous)][39m,
      ok: [36m[Function (anonymous)][39m,
      notOk: [36m[Function (anonymous)][39m,
      throw: [36m[Function (anonymous)][39m,
      Throw: [36m[Function (anonymous)][39m,
      extensible: [36m[Function (anonymous)][39m,
      notExtensible: [36m[Function (anonymous)][39m,
      sealed: [36m[Function (anonymous)][39m,
      notSealed: [36m[Function (anonymous)][39m,
      frozen: [36m[Function (anonymous)][39m,
      notFrozen: [36m[Function (anonymous)][39m,
      empty: [36m[Function (anonymous)][39m,
      notEmpty: [36m[Function (anonymous)][39m,
      isFunction: [36m[Function (anonymous)][39m,
      isNotFunction: [36m[Function (anonymous)][39m,
      containSubset: [36m[Function (anonymous)][39m
    },
    config: {
      includeStack: [33mfalse[39m,
      showDiff: [33mtrue[39m,
      truncateThreshold: [33m40[39m,
      useProxy: [33mtrue[39m,
      proxyExcludedKeys: [36m[Array][39m,
      deepEqual: [1mnull[22m
    },
    expect: [Function: expect] {
      fail: [36m[Function (anonymous)][39m,
      extend: [36m[Function: methodWrapper][39m,
      addSnapshotSerializer: [36m[Function: methodWrapper][39m,
      anything: [36m[Function: methodWrapper][39m,
      any: [36m[Function: methodWrapper][39m,
      stringContaining: [36m[Function: methodWrapper][39m,
      objectContaining: [36m[Function: methodWrapper][39m,
      arrayContaining: [36m[Function: methodWrapper][39m,
      stringMatching: [36m[Function: methodWrapper][39m,
      closeTo: [36m[Function: methodWrapper][39m,
      schemaMatching: [36m[Function: methodWrapper][39m,
      not: [36m[Object][39m,
      __flags: [36m[Object: null prototype][39m
    },
    should: [36m[Function: loadShould][39m,
    use: [36m[Function: use][39m,
    util: {
      addChainableMethod: [36m[Getter][39m,
      addLengthGuard: [36m[Getter][39m,
      addMethod: [36m[Getter][39m,
      addProperty: [36m[Getter][39m,
      checkError: [36m[Getter][39m,
      compareByInspect: [36m[Getter][39m,
      eql: [36m[Getter][39m,
      events: [36m[Getter][39m,
      expectTypes: [36m[Getter][39m,
      flag: [36m[Getter][39m,
      getActual: [36m[Getter][39m,
      getMessage: [36m[Getter][39m,
      getName: [36m[Getter][39m,
      getOperator: [36m[Getter][39m,
      getOwnEnumerableProperties: [36m[Getter][39m,
      getOwnEnumerablePropertySymbols: [36m[Getter][39m,
      getPathInfo: [36m[Getter][39m,
      hasProperty: [36m[Getter][39m,
      inspect: [36m[Getter][39m,
      isNaN: [36m[Getter][39m,
      isNumeric: [36m[Getter][39m,
      isProxyEnabled: [36m[Getter][39m,
      isRegExp: [36m[Getter][39m,
      objDisplay: [36m[Getter][39m,
      overwriteChainableMethod: [36m[Getter][39m,
      overwriteMethod: [36m[Getter][39m,
      overwriteProperty: [36m[Getter][39m,
      proxify: [36m[Getter][39m,
      test: [36m[Getter][39m,
      transferFlags: [36m[Getter][39m,
      type: [36m[Getter][39m
    }
  },
  expect: [Function: expect] {
    fail: [36m[Function (anonymous)][39m,
    extend: [36m[Function (anonymous)][39m,
    addSnapshotSerializer: [36m[Function: methodWrapper][39m,
    anything: [36m[Function: methodWrapper][39m,
    any: [36m[Function: methodWrapper][39m,
    stringContaining: [36m[Function: methodWrapper][39m,
    objectContaining: [36m[Function: methodWrapper][39m,
    arrayContaining: [36m[Function: methodWrapper][39m,
    stringMatching: [36m[Function: methodWrapper][39m,
    closeTo: [36m[Function: methodWrapper][39m,
    schemaMatching: [36m[Function: methodWrapper][39m,
    not: {
      stringContaining: [36m[Function: stringContaining][39m,
      objectContaining: [36m[Function: objectContaining][39m,
      arrayContaining: [36m[Function: arrayContaining][39m,
      stringMatching: [36m[Function: stringMatching][39m,
      closeTo: [36m[Function: closeTo][39m,
      schemaMatching: [36m[Function: schemaMatching][39m,
      toSatisfy: [36m[Function: value][39m,
      toBeOneOf: [36m[Function: value][39m
    },
    getState: [36m[Function (anonymous)][39m,
    setState: [36m[Function (anonymous)][39m,
    assert: [Function: assert] {
      fail: [36m[Function (anonymous)][39m,
      isOk: [36m[Function (anonymous)][39m,
      isNotOk: [36m[Function (anonymous)][39m,
      equal: [36m[Function (anonymous)][39m,
      notEqual: [36m[Function (anonymous)][39m,
      strictEqual: [36m[Function (anonymous)][39m,
      notStrictEqual: [36m[Function (anonymous)][39m,
      deepStrictEqual: [36m[Function (anonymous)][39m,
      deepEqual: [36m[Function (anonymous)][39m,
      notDeepEqual: [36m[Function (anonymous)][39m,
      isAbove: [36m[Function (anonymous)][39m,
      isAtLeast: [36m[Function (anonymous)][39m,
      isBelow: [36m[Function (anonymous)][39m,
      isAtMost: [36m[Function (anonymous)][39m,
      isTrue: [36m[Function (anonymous)][39m,
      isNotTrue: [36m[Function (anonymous)][39m,
      isFalse: [36m[Function (anonymous)][39m,
      isNotFalse: [36m[Function (anonymous)][39m,
      isNull: [36m[Function (anonymous)][39m,
      isNotNull: [36m[Function (anonymous)][39m,
      isNaN: [36m[Function (anonymous)][39m,
      isNotNaN: [36m[Function (anonymous)][39m,
      exists: [36m[Function (anonymous)][39m,
      notExists: [36m[Function (anonymous)][39m,
      isUndefined: [36m[Function (anonymous)][39m,
      isDefined: [36m[Function (anonymous)][39m,
      isCallable: [36m[Function (anonymous)][39m,
      isNotCallable: [36m[Function (anonymous)][39m,
      isObject: [36m[Function (anonymous)][39m,
      isNotObject: [36m[Function (anonymous)][39m,
      isArray: [36m[Function (anonymous)][39m,
      isNotArray: [36m[Function (anonymous)][39m,
      isString: [36m[Function (anonymous)][39m,
      isNotString: [36m[Function (anonymous)][39m,
      isNumber: [36m[Function (anonymous)][39m,
      isNotNumber: [36m[Function (anonymous)][39m,
      isNumeric: [36m[Function (anonymous)][39m,
      isNotNumeric: [36m[Function (anonymous)][39m,
      isFinite: [36m[Function (anonymous)][39m,
      isBoolean: [36m[Function (anonymous)][39m,
      isNotBoolean: [36m[Function (anonymous)][39m,
      typeOf: [36m[Function (anonymous)][39m,
      notTypeOf: [36m[Function (anonymous)][39m,
      instanceOf: [36m[Function (anonymous)][39m,
      notInstanceOf: [36m[Function (anonymous)][39m,
      include: [36m[Function (anonymous)][39m,
      notInclude: [36m[Function (anonymous)][39m,
      deepInclude: [36m[Function (anonymous)][39m,
      notDeepInclude: [36m[Function (anonymous)][39m,
      nestedInclude: [36m[Function (anonymous)][39m,
      notNestedInclude: [36m[Function (anonymous)][39m,
      deepNestedInclude: [36m[Function (anonymous)][39m,
      notDeepNestedInclude: [36m[Function (anonymous)][39m,
      ownInclude: [36m[Function (anonymous)][39m,
      notOwnInclude: [36m[Function (anonymous)][39m,
      deepOwnInclude: [36m[Function (anonymous)][39m,
      notDeepOwnInclude: [36m[Function (anonymous)][39m,
      match: [36m[Function (anonymous)][39m,
      notMatch: [36m[Function (anonymous)][39m,
      property: [36m[Function (anonymous)][39m,
      notProperty: [36m[Function (anonymous)][39m,
      propertyVal: [36m[Function (anonymous)][39m,
      notPropertyVal: [36m[Function (anonymous)][39m,
      deepPropertyVal: [36m[Function (anonymous)][39m,
      notDeepPropertyVal: [36m[Function (anonymous)][39m,
      ownProperty: [36m[Function (anonymous)][39m,
      notOwnProperty: [36m[Function (anonymous)][39m,
      ownPropertyVal: [36m[Function (anonymous)][39m,
      notOwnPropertyVal: [36m[Function (anonymous)][39m,
      deepOwnPropertyVal: [36m[Function (anonymous)][39m,
      notDeepOwnPropertyVal: [36m[Function (anonymous)][39m,
      nestedProperty: [36m[Function (anonymous)][39m,
      notNestedProperty: [36m[Function (anonymous)][39m,
      nestedPropertyVal: [36m[Function (anonymous)][39m,
      notNestedPropertyVal: [36m[Function (anonymous)][39m,
      deepNestedPropertyVal: [36m[Function (anonymous)][39m,
      notDeepNestedPropertyVal: [36m[Function (anonymous)][39m,
      lengthOf: [36m[Function (anonymous)][39m,
      hasAnyKeys: [36m[Function (anonymous)][39m,
      hasAllKeys: [36m[Function (anonymous)][39m,
      containsAllKeys: [36m[Function (anonymous)][39m,
      doesNotHaveAnyKeys: [36m[Function (anonymous)][39m,
      doesNotHaveAllKeys: [36m[Function (anonymous)][39m,
      hasAnyDeepKeys: [36m[Function (anonymous)][39m,
      hasAllDeepKeys: [36m[Function (anonymous)][39m,
      containsAllDeepKeys: [36m[Function (anonymous)][39m,
      doesNotHaveAnyDeepKeys: [36m[Function (anonymous)][39m,
      doesNotHaveAllDeepKeys: [36m[Function (anonymous)][39m,
      throws: [36m[Function (anonymous)][39m,
      doesNotThrow: [36m[Function (anonymous)][39m,
      operator: [36m[Function (anonymous)][39m,
      closeTo: [36m[Function (anonymous)][39m,
      approximately: [36m[Function (anonymous)][39m,
      sameMembers: [36m[Function (anonymous)][39m,
      notSameMembers: [36m[Function (anonymous)][39m,
      sameDeepMembers: [36m[Function (anonymous)][39m,
      notSameDeepMembers: [36m[Function (anonymous)][39m,
      sameOrderedMembers: [36m[Function (anonymous)][39m,
      notSameOrderedMembers: [36m[Function (anonymous)][39m,
      sameDeepOrderedMembers: [36m[Function (anonymous)][39m,
      notSameDeepOrderedMembers: [36m[Function (anonymous)][39m,
      includeMembers: [36m[Function (anonymous)][39m,
      notIncludeMembers: [36m[Function (anonymous)][39m,
      includeDeepMembers: [36m[Function (anonymous)][39m,
      notIncludeDeepMembers: [36m[Function (anonymous)][39m,
      includeOrderedMembers: [36m[Function (anonymous)][39m,
      notIncludeOrderedMembers: [36m[Function (anonymous)][39m,
      includeDeepOrderedMembers: [36m[Function (anonymous)][39m,
      notIncludeDeepOrderedMembers: [36m[Function (anonymous)][39m,
      oneOf: [36m[Function (anonymous)][39m,
      isIterable: [36m[Function (anonymous)][39m,
      changes: [36m[Function (anonymous)][39m,
      changesBy: [36m[Function (anonymous)][39m,
      doesNotChange: [36m[Function (anonymous)][39m,
      changesButNotBy: [36m[Function (anonymous)][39m,
      increases: [36m[Function (anonymous)][39m,
      increasesBy: [36m[Function (anonymous)][39m,
      doesNotIncrease: [36m[Function (anonymous)][39m,
      increasesButNotBy: [36m[Function (anonymous)][39m,
      decreases: [36m[Function (anonymous)][39m,
      decreasesBy: [36m[Function (anonymous)][39m,
      doesNotDecrease: [36m[Function (anonymous)][39m,
      doesNotDecreaseBy: [36m[Function (anonymous)][39m,
      decreasesButNotBy: [36m[Function (anonymous)][39m,
      ifError: [36m[Function (anonymous)][39m,
      isExtensible: [36m[Function (anonymous)][39m,
      isNotExtensible: [36m[Function (anonymous)][39m,
      isSealed: [36m[Function (anonymous)][39m,
      isNotSealed: [36m[Function (anonymous)][39m,
      isFrozen: [36m[Function (anonymous)][39m,
      isNotFrozen: [36m[Function (anonymous)][39m,
      isEmpty: [36m[Function (anonymous)][39m,
      isNotEmpty: [36m[Function (anonymous)][39m,
      containsSubset: [36m[Function (anonymous)][39m,
      doesNotContainSubset: [36m[Function (anonymous)][39m,
      ok: [36m[Function (anonymous)][39m,
      notOk: [36m[Function (anonymous)][39m,
      throw: [36m[Function (anonymous)][39m,
      Throw: [36m[Function (anonymous)][39m,
      extensible: [36m[Function (anonymous)][39m,
      notExtensible: [36m[Function (anonymous)][39m,
      sealed: [36m[Function (anonymous)][39m,
      notSealed: [36m[Function (anonymous)][39m,
      frozen: [36m[Function (anonymous)][39m,
      notFrozen: [36m[Function (anonymous)][39m,
      empty: [36m[Function (anonymous)][39m,
      notEmpty: [36m[Function (anonymous)][39m,
      isFunction: [36m[Function (anonymous)][39m,
      isNotFunction: [36m[Function (anonymous)][39m,
      containSubset: [36m[Function (anonymous)][39m
    },
    addEqualityTesters: [36m[Function (anonymous)][39m,
    soft: [36m[Function (anonymous)][39m,
    poll: [36m[Function: poll][39m,
    unreachable: [36m[Function (anonymous)][39m,
    assertions: [36m[Function: methodWrapper][39m,
    hasAssertions: [36m[Function: methodWrapper][39m,
    toSatisfy: [36m[Function: customMatcher][39m,
    toBeOneOf: [36m[Function: customMatcher][39m
  },
  assert: [Function: assert] {
    fail: [36m[Function (anonymous)][39m,
    isOk: [36m[Function (anonymous)][39m,
    isNotOk: [36m[Function (anonymous)][39m,
    equal: [36m[Function (anonymous)][39m,
    notEqual: [36m[Function (anonymous)][39m,
    strictEqual: [36m[Function (anonymous)][39m,
    notStrictEqual: [36m[Function (anonymous)][39m,
    deepStrictEqual: [36m[Function (anonymous)][39m,
    deepEqual: [36m[Function (anonymous)][39m,
    notDeepEqual: [36m[Function (anonymous)][39m,
    isAbove: [36m[Function (anonymous)][39m,
    isAtLeast: [36m[Function (anonymous)][39m,
    isBelow: [36m[Function (anonymous)][39m,
    isAtMost: [36m[Function (anonymous)][39m,
    isTrue: [36m[Function (anonymous)][39m,
    isNotTrue: [36m[Function (anonymous)][39m,
    isFalse: [36m[Function (anonymous)][39m,
    isNotFalse: [36m[Function (anonymous)][39m,
    isNull: [36m[Function (anonymous)][39m,
    isNotNull: [36m[Function (anonymous)][39m,
    isNaN: [36m[Function (anonymous)][39m,
    isNotNaN: [36m[Function (anonymous)][39m,
    exists: [36m[Function (anonymous)][39m,
    notExists: [36m[Function (anonymous)][39m,
    isUndefined: [36m[Function (anonymous)][39m,
    isDefined: [36m[Function (anonymous)][39m,
    isCallable: [36m[Function (anonymous)][39m,
    isNotCallable: [36m[Function (anonymous)][39m,
    isObject: [36m[Function (anonymous)][39m,
    isNotObject: [36m[Function (anonymous)][39m,
    isArray: [36m[Function (anonymous)][39m,
    isNotArray: [36m[Function (anonymous)][39m,
    isString: [36m[Function (anonymous)][39m,
    isNotString: [36m[Function (anonymous)][39m,
    isNumber: [36m[Function (anonymous)][39m,
    isNotNumber: [36m[Function (anonymous)][39m,
    isNumeric: [36m[Function (anonymous)][39m,
    isNotNumeric: [36m[Function (anonymous)][39m,
    isFinite: [36m[Function (anonymous)][39m,
    isBoolean: [36m[Function (anonymous)][39m,
    isNotBoolean: [36m[Function (anonymous)][39m,
    typeOf: [36m[Function (anonymous)][39m,
    notTypeOf: [36m[Function (anonymous)][39m,
    instanceOf: [36m[Function (anonymous)][39m,
    notInstanceOf: [36m[Function (anonymous)][39m,
    include: [36m[Function (anonymous)][39m,
    notInclude: [36m[Function (anonymous)][39m,
    deepInclude: [36m[Function (anonymous)][39m,
    notDeepInclude: [36m[Function (anonymous)][39m,
    nestedInclude: [36m[Function (anonymous)][39m,
    notNestedInclude: [36m[Function (anonymous)][39m,
    deepNestedInclude: [36m[Function (anonymous)][39m,
    notDeepNestedInclude: [36m[Function (anonymous)][39m,
    ownInclude: [36m[Function (anonymous)][39m,
    notOwnInclude: [36m[Function (anonymous)][39m,
    deepOwnInclude: [36m[Function (anonymous)][39m,
    notDeepOwnInclude: [36m[Function (anonymous)][39m,
    match: [36m[Function (anonymous)][39m,
    notMatch: [36m[Function (anonymous)][39m,
    property: [36m[Function (anonymous)][39m,
    notProperty: [36m[Function (anonymous)][39m,
    propertyVal: [36m[Function (anonymous)][39m,
    notPropertyVal: [36m[Function (anonymous)][39m,
    deepPropertyVal: [36m[Function (anonymous)][39m,
    notDeepPropertyVal: [36m[Function (anonymous)][39m,
    ownProperty: [36m[Function (anonymous)][39m,
    notOwnProperty: [36m[Function (anonymous)][39m,
    ownPropertyVal: [36m[Function (anonymous)][39m,
    notOwnPropertyVal: [36m[Function (anonymous)][39m,
    deepOwnPropertyVal: [36m[Function (anonymous)][39m,
    notDeepOwnPropertyVal: [36m[Function (anonymous)][39m,
    nestedProperty: [36m[Function (anonymous)][39m,
    notNestedProperty: [36m[Function (anonymous)][39m,
    nestedPropertyVal: [36m[Function (anonymous)][39m,
    notNestedPropertyVal: [36m[Function (anonymous)][39m,
    deepNestedPropertyVal: [36m[Function (anonymous)][39m,
    notDeepNestedPropertyVal: [36m[Function (anonymous)][39m,
    lengthOf: [36m[Function (anonymous)][39m,
    hasAnyKeys: [36m[Function (anonymous)][39m,
    hasAllKeys: [36m[Function (anonymous)][39m,
    containsAllKeys: [36m[Function (anonymous)][39m,
    doesNotHaveAnyKeys: [36m[Function (anonymous)][39m,
    doesNotHaveAllKeys: [36m[Function (anonymous)][39m,
    hasAnyDeepKeys: [36m[Function (anonymous)][39m,
    hasAllDeepKeys: [36m[Function (anonymous)][39m,
    containsAllDeepKeys: [36m[Function (anonymous)][39m,
    doesNotHaveAnyDeepKeys: [36m[Function (anonymous)][39m,
    doesNotHaveAllDeepKeys: [36m[Function (anonymous)][39m,
    throws: [36m[Function (anonymous)][39m,
    doesNotThrow: [36m[Function (anonymous)][39m,
    operator: [36m[Function (anonymous)][39m,
    closeTo: [36m[Function (anonymous)][39m,
    approximately: [36m[Function (anonymous)][39m,
    sameMembers: [36m[Function (anonymous)][39m,
    notSameMembers: [36m[Function (anonymous)][39m,
    sameDeepMembers: [36m[Function (anonymous)][39m,
    notSameDeepMembers: [36m[Function (anonymous)][39m,
    sameOrderedMembers: [36m[Function (anonymous)][39m,
    notSameOrderedMembers: [36m[Function (anonymous)][39m,
    sameDeepOrderedMembers: [36m[Function (anonymous)][39m,
    notSameDeepOrderedMembers: [36m[Function (anonymous)][39m,
    includeMembers: [36m[Function (anonymous)][39m,
    notIncludeMembers: [36m[Function (anonymous)][39m,
    includeDeepMembers: [36m[Function (anonymous)][39m,
    notIncludeDeepMembers: [36m[Function (anonymous)][39m,
    includeOrderedMembers: [36m[Function (anonymous)][39m,
    notIncludeOrderedMembers: [36m[Function (anonymous)][39m,
    includeDeepOrderedMembers: [36m[Function (anonymous)][39m,
    notIncludeDeepOrderedMembers: [36m[Function (anonymous)][39m,
    oneOf: [36m[Function (anonymous)][39m,
    isIterable: [36m[Function (anonymous)][39m,
    changes: [36m[Function (anonymous)][39m,
    changesBy: [36m[Function (anonymous)][39m,
    doesNotChange: [36m[Function (anonymous)][39m,
    changesButNotBy: [36m[Function (anonymous)][39m,
    increases: [36m[Function (anonymous)][39m,
    increasesBy: [36m[Function (anonymous)][39m,
    doesNotIncrease: [36m[Function (anonymous)][39m,
    increasesButNotBy: [36m[Function (anonymous)][39m,
    decreases: [36m[Function (anonymous)][39m,
    decreasesBy: [36m[Function (anonymous)][39m,
    doesNotDecrease: [36m[Function (anonymous)][39m,
    doesNotDecreaseBy: [36m[Function (anonymous)][39m,
    decreasesButNotBy: [36m[Function (anonymous)][39m,
    ifError: [36m[Function (anonymous)][39m,
    isExtensible: [36m[Function (anonymous)][39m,
    isNotExtensible: [36m[Function (anonymous)][39m,
    isSealed: [36m[Function (anonymous)][39m,
    isNotSealed: [36m[Function (anonymous)][39m,
    isFrozen: [36m[Function (anonymous)][39m,
    isNotFrozen: [36m[Function (anonymous)][39m,
    isEmpty: [36m[Function (anonymous)][39m,
    isNotEmpty: [36m[Function (anonymous)][39m,
    containsSubset: [36m[Function (anonymous)][39m,
    doesNotContainSubset: [36m[Function (anonymous)][39m,
    ok: [36m[Function (anonymous)][39m,
    notOk: [36m[Function (anonymous)][39m,
    throw: [36m[Function (anonymous)][39m,
    Throw: [36m[Function (anonymous)][39m,
    extensible: [36m[Function (anonymous)][39m,
    notExtensible: [36m[Function (anonymous)][39m,
    sealed: [36m[Function (anonymous)][39m,
    notSealed: [36m[Function (anonymous)][39m,
    frozen: [36m[Function (anonymous)][39m,
    notFrozen: [36m[Function (anonymous)][39m,
    empty: [36m[Function (anonymous)][39m,
    notEmpty: [36m[Function (anonymous)][39m,
    isFunction: [36m[Function (anonymous)][39m,
    isNotFunction: [36m[Function (anonymous)][39m,
    containSubset: [36m[Function (anonymous)][39m
  },
  expectTypeOf: [36m[Function: expectTypeOf][39m,
  assertType: [36m[Function: assertType][39m,
  vitest: {
    useFakeTimers: [36m[Function: useFakeTimers][39m,
    isFakeTimers: [36m[Function: isFakeTimers][39m,
    useRealTimers: [36m[Function: useRealTimers][39m,
    runOnlyPendingTimers: [36m[Function: runOnlyPendingTimers][39m,
    runOnlyPendingTimersAsync: [36m[AsyncFunction: runOnlyPendingTimersAsync][39m,
    runAllTimers: [36m[Function: runAllTimers][39m,
    runAllTimersAsync: [36m[AsyncFunction: runAllTimersAsync][39m,
    runAllTicks: [36m[Function: runAllTicks][39m,
    advanceTimersByTime: [36m[Function: advanceTimersByTime][39m,
    advanceTimersByTimeAsync: [36m[AsyncFunction: advanceTimersByTimeAsync][39m,
    advanceTimersToNextTimer: [36m[Function: advanceTimersToNextTimer][39m,
    advanceTimersToNextTimerAsync: [36m[AsyncFunction: advanceTimersToNextTimerAsync][39m,
    advanceTimersToNextFrame: [36m[Function: advanceTimersToNextFrame][39m,
    getTimerCount: [36m[Function: getTimerCount][39m,
    setSystemTime: [36m[Function: setSystemTime][39m,
    getMockedSystemTime: [36m[Function: getMockedSystemTime][39m,
    getRealSystemTime: [36m[Function: getRealSystemTime][39m,
    clearAllTimers: [36m[Function: clearAllTimers][39m,
    spyOn: [36m[Function: spyOn][39m,
    fn: [36m[Function: fn][39m,
    waitFor: [36m[Function: waitFor][39m,
    waitUntil: [36m[Function: waitUntil][39m,
    hoisted: [36m[Function: hoisted][39m,
    mock: [36m[Function: mock][39m,
    unmock: [36m[Function: unmock][39m,
    doMock: [36m[Function: doMock][39m,
    doUnmock: [36m[Function: doUnmock][39m,
    importActual: [36m[AsyncFunction: importActual][39m,
    importMock: [36m[AsyncFunction: importMock][39m,
    mockObject: [36m[Function: mockObject][39m,
    mocked: [36m[Function: mocked][39m,
    isMockFunction: [36m[Function: isMockFunction][39m,
    clearAllMocks: [36m[Function: clearAllMocks][39m,
    resetAllMocks: [36m[Function: resetAllMocks][39m,
    restoreAllMocks: [36m[Function: restoreAllMocks][39m,
    stubGlobal: [36m[Function: stubGlobal][39m,
    stubEnv: [36m[Function: stubEnv][39m,
    unstubAllGlobals: [36m[Function: unstubAllGlobals][39m,
    unstubAllEnvs: [36m[Function: unstubAllEnvs][39m,
    resetModules: [36m[Function: resetModules][39m,
    dynamicImportSettled: [36m[AsyncFunction: dynamicImportSettled][39m,
    setConfig: [36m[Function: setConfig][39m,
    resetConfig: [36m[Function: resetConfig][39m
  },
  vi: {
    useFakeTimers: [36m[Function: useFakeTimers][39m,
    isFakeTimers: [36m[Function: isFakeTimers][39m,
    useRealTimers: [36m[Function: useRealTimers][39m,
    runOnlyPendingTimers: [36m[Function: runOnlyPendingTimers][39m,
    runOnlyPendingTimersAsync: [36m[AsyncFunction: runOnlyPendingTimersAsync][39m,
    runAllTimers: [36m[Function: runAllTimers][39m,
    runAllTimersAsync: [36m[AsyncFunction: runAllTimersAsync][39m,
    runAllTicks: [36m[Function: runAllTicks][39m,
    advanceTimersByTime: [36m[Function: advanceTimersByTime][39m,
    advanceTimersByTimeAsync: [36m[AsyncFunction: advanceTimersByTimeAsync][39m,
    advanceTimersToNextTimer: [36m[Function: advanceTimersToNextTimer][39m,
    advanceTimersToNextTimerAsync: [36m[AsyncFunction: advanceTimersToNextTimerAsync][39m,
    advanceTimersToNextFrame: [36m[Function: advanceTimersToNextFrame][39m,
    getTimerCount: [36m[Function: getTimerCount][39m,
    setSystemTime: [36m[Function: setSystemTime][39m,
    getMockedSystemTime: [36m[Function: getMockedSystemTime][39m,
    getRealSystemTime: [36m[Function: getRealSystemTime][39m,
    clearAllTimers: [36m[Function: clearAllTimers][39m,
    spyOn: [36m[Function: spyOn][39m,
    fn: [36m[Function: fn][39m,
    waitFor: [36m[Function: waitFor][39m,
    waitUntil: [36m[Function: waitUntil][39m,
    hoisted: [36m[Function: hoisted][39m,
    mock: [36m[Function: mock][39m,
    unmock: [36m[Function: unmock][39m,
    doMock: [36m[Function: doMock][39m,
    doUnmock: [36m[Function: doUnmock][39m,
    importActual: [36m[AsyncFunction: importActual][39m,
    importMock: [36m[AsyncFunction: importMock][39m,
    mockObject: [36m[Function: mockObject][39m,
    mocked: [36m[Function: mocked][39m,
    isMockFunction: [36m[Function: isMockFunction][39m,
    clearAllMocks: [36m[Function: clearAllMocks][39m,
    resetAllMocks: [36m[Function: resetAllMocks][39m,
    restoreAllMocks: [36m[Function: restoreAllMocks][39m,
    stubGlobal: [36m[Function: stubGlobal][39m,
    stubEnv: [36m[Function: stubEnv][39m,
    unstubAllGlobals: [36m[Function: unstubAllGlobals][39m,
    unstubAllEnvs: [36m[Function: unstubAllEnvs][39m,
    resetModules: [36m[Function: resetModules][39m,
    dynamicImportSettled: [36m[AsyncFunction: dynamicImportSettled][39m,
    setConfig: [36m[Function: setConfig][39m,
    resetConfig: [36m[Function: resetConfig][39m
  },
  beforeAll: [36m[Function: beforeAll][39m,
  afterAll: [36m[Function: afterAll][39m,
  beforeEach: [36m[Function: beforeEach][39m,
  afterEach: [36m[Function: afterEach][39m,
  onTestFinished: [36m[Function (anonymous)][39m,
  onTestFailed: [36m[Function (anonymous)][39m,
  __vitest_required__: {
    util: {
      _errnoException: [36m[Function: _errnoException][39m,
      _exceptionWithHostPort: [36m[Function: _exceptionWithHostPort][39m,
      _extend: [36m[Function: deprecated][39m,
      callbackify: [36m[Function: callbackify][39m,
      debug: [36m[Function: debuglog][39m,
      debuglog: [36m[Function: debuglog][39m,
      deprecate: [36m[Function: deprecate][39m,
      format: [36m[Function: format][39m,
      styleText: [36m[Function: styleText][39m,
      formatWithOptions: [36m[Function: formatWithOptions][39m,
      getCallSite: [36m[Function: deprecated][39m,
      getCallSites: [36m[Function: getCallSites][39m,
      getSystemErrorMap: [36m[Function: getSystemErrorMap][39m,
      getSystemErrorName: [36m[Function: getSystemErrorName][39m,
      getSystemErrorMessage: [36m[Function: getSystemErrorMessage][39m,
      inherits: [36m[Function: inherits][39m,
      inspect: [36m[Function][39m,
      isArray: [36m[Function: deprecated][39m,
      isBoolean: [36m[Function: deprecated][39m,
      isBuffer: [36m[Function: deprecated][39m,
      isDeepStrictEqual: [36m[Function: isDeepStrictEqual][39m,
      isNull: [36m[Function: deprecated][39m,
      isNullOrUndefined: [36m[Function: deprecated][39m,
      isNumber: [36m[Function: deprecated][39m,
      isString: [36m[Function: deprecated][39m,
      isSymbol: [36m[Function: deprecated][39m,
      isUndefined: [36m[Function: deprecated][39m,
      isRegExp: [36m[Function: deprecated][39m,
      isObject: [36m[Function: deprecated][39m,
      isDate: [36m[Function: deprecated][39m,
      isError: [36m[Function: deprecated][39m,
      isFunction: [36m[Function: deprecated][39m,
      isPrimitive: [36m[Function: deprecated][39m,
      log: [36m[Function: deprecated][39m,
      promisify: [36m[Function][39m,
      stripVTControlCharacters: [36m[Function: stripVTControlCharacters][39m,
      toUSVString: [36m[Function: toUSVString][39m,
      transferableAbortSignal: [36m[Getter][39m,
      transferableAbortController: [36m[Getter][39m,
      aborted: [36m[Getter][39m,
      types: [36m[Object][39m,
      parseEnv: [36m[Function: parseEnv][39m,
      parseArgs: [36m[Function: parseArgs][39m,
      TextDecoder: [36m[class TextDecoder][39m,
      TextEncoder: [36m[class TextEncoder][39m,
      MIMEType: [36m[class MIMEType][39m,
      MIMEParams: [36m[class MIMEParams][39m,
      diff: [36m[Function: diff][39m,
      setTraceSigInt: [36m[Function: setTraceSigInt][39m
    },
    timers: {
      setTimeout: [36m[Function][39m,
      clearTimeout: [36m[Function: clearTimeout][39m,
      setImmediate: [36m[Function][39m,
      clearImmediate: [36m[Function: clearImmediate][39m,
      setInterval: [36m[Function: setInterval][39m,
      clearInterval: [36m[Function: clearInterval][39m,
      _unrefActive: [36m[Function: deprecated][39m,
      active: [36m[Function: deprecated][39m,
      unenroll: [36m[Function: deprecated][39m,
      enroll: [36m[Function: deprecated][39m,
      promises: [36m[Getter][39m
    },
    timersPromises: {
      setTimeout: [36m[Function: setTimeout][39m,
      setImmediate: [36m[Function: setImmediate][39m,
      setInterval: [36m[AsyncGeneratorFunction: setInterval][39m,
      scheduler: [36m[Scheduler][39m
    }
  },
  ch: [33m107[39m,
  ResizeObserver: [36m[class ResizeObserverMock][39m,
  [[32mSymbol(vitest:SAFE_TIMERS)[39m]: {
    nextTick: [36m[Function: nextTick][39m,
    setTimeout: [Function: setTimeout] {
      [[32mSymbol(nodejs.util.promisify.custom)[39m]: [36m[Getter][39m
    },
    setInterval: [36m[Function: setInterval][39m,
    clearInterval: [36m[Function: clearInterval][39m,
    clearTimeout: [36m[Function: clearTimeout][39m,
    setImmediate: [Function: setImmediate] {
      [[32mSymbol(nodejs.util.promisify.custom)[39m]: [36m[Getter][39m
    },
    clearImmediate: [36m[Function: clearImmediate][39m,
    queueMicrotask: [36m[Function: queueMicrotask][39m
  }
}

[90mstderr[2m | src/components/__tests__/tutorial-spotlight.test.ts[2m > 
[22m[2minitializeTutorialSpotlight[2m > [22m[2mshould create and return TutorialSpotlight instance
[22m[39mBaseComponent.on: Target is not HTMLElement, Document, or Window [36m<ref *1>[39m Object [global] {
  global: [36m[Circular *1][39m,
  clearImmediate: [36m[Function: clearImmediate][39m,
  setImmediate: [Function: setImmediate] {
    [[32mSymbol(nodejs.util.promisify.custom)[39m]: [36m[Getter][39m
  },
  clearInterval: [36m[Function: clearInterval][39m,
  clearTimeout: [36m[Function: clearTimeout][39m,
  setInterval: [36m[Function: setInterval][39m,
  setTimeout: [Function: setTimeout] {
    [[32mSymbol(nodejs.util.promisify.custom)[39m]: [36m[Getter][39m
  },
  queueMicrotask: [36m[Function: queueMicrotask][39m,
  structuredClone: [36m[Function: structuredClone][39m,
  atob: [36m[Function: atob][39m,
  btoa: [36m[Function: btoa][39m,
  performance: [36m[Getter/Setter][39m,
  fetch: [36m[Function: fetch][39m,
  navigator: [36m[Getter/Setter][39m,
  crypto: [36m[Getter][39m,
  window: [36m[Circular *1][39m,
  self: [36m[Circular *1][39m,
  top: [36m[Circular *1][39m,
  parent: [36m[Circular *1][39m,
  jsdom: JSDOM {
    [[32mSymbol(window)[39m]: [36m<ref *2>[39m Window {
      StyleSheet: [36m[Function: StyleSheet][39m,
      MediaList: [36m[Function: MediaList][39m,
      CSSStyleSheet: [36m[Function: CSSStyleSheet][39m,
      CSSRule: [36m[Function][39m,
      CSSStyleRule: [36m[Function][39m,
      CSSMediaRule: [36m[Function: CSSMediaRule][39m,
      CSSImportRule: [36m[Function: CSSImportRule][39m,
      CSSStyleDeclaration: [36m[class CSSStyleDeclaration][39m,
      XPathException: [36m[Function][39m,
      XPathExpression: [36m[Function: XPathExpression][39m,
      XPathResult: [36m[Function][39m,
      XPathEvaluator: [36m[Function: XPathEvaluator][39m,
      onafterprint: [36m[Getter/Setter][39m,
      onbeforeprint: [36m[Getter/Setter][39m,
      onbeforeunload: [36m[Getter/Setter][39m,
      onhashchange: [36m[Getter/Setter][39m,
      onlanguagechange: [36m[Getter/Setter][39m,
      onmessage: [36m[Getter/Setter][39m,
      onmessageerror: [36m[Getter/Setter][39m,
      onoffline: [36m[Getter/Setter][39m,
      ononline: [36m[Getter/Setter][39m,
      onpagehide: [36m[Getter/Setter][39m,
      onpageshow: [36m[Getter/Setter][39m,
      onpopstate: [36m[Getter/Setter][39m,
      onrejectionhandled: [36m[Getter/Setter][39m,
      onstorage: [36m[Getter/Setter][39m,
      onunhandledrejection: [36m[Getter/Setter][39m,
      onunload: [36m[Getter/Setter][39m,
      onblur: [36m[Getter/Setter][39m,
      onerror: [36m[Getter/Setter][39m,
      onfocus: [36m[Getter/Setter][39m,
      onload: [36m[Getter/Setter][39m,
      onresize: [36m[Getter/Setter][39m,
      onscroll: [36m[Getter/Setter][39m,
      onabort: [36m[Getter/Setter][39m,
      onauxclick: [36m[Getter/Setter][39m,
      onbeforeinput: [36m[Getter/Setter][39m,
      onbeforematch: [36m[Getter/Setter][39m,
      onbeforetoggle: [36m[Getter/Setter][39m,
      oncancel: [36m[Getter/Setter][39m,
      oncanplay: [36m[Getter/Setter][39m,
      oncanplaythrough: [36m[Getter/Setter][39m,
      onchange: [36m[Getter/Setter][39m,
      onclick: [36m[Getter/Setter][39m,
      onclose: [36m[Getter/Setter][39m,
      oncontextlost: [36m[Getter/Setter][39m,
      oncontextmenu: [36m[Getter/Setter][39m,
      oncontextrestored: [36m[Getter/Setter][39m,
      oncopy: [36m[Getter/Setter][39m,
      oncuechange: [36m[Getter/Setter][39m,
      oncut: [36m[Getter/Setter][39m,
      ondblclick: [36m[Getter/Setter][39m,
      ondrag: [36m[Getter/Setter][39m,
      ondragend: [36m[Getter/Setter][39m,
      ondragenter: [36m[Getter/Setter][39m,
      ondragleave: [36m[Getter/Setter][39m,
      ondragover: [36m[Getter/Setter][39m,
      ondragstart: [36m[Getter/Setter][39m,
      ondrop: [36m[Getter/Setter][39m,
      ondurationchange: [36m[Getter/Setter][39m,
      onemptied: [36m[Getter/Setter][39m,
 [32mΓ£ô[39m src/components/__tests__/theme-switcher.test.ts[2m > [22mThemeSwitcher[2m > [22mTheme Service Integration[2m > [22mshould apply theme to DOM via ThemeService[32m 195[2mms[22m[39m
      onended: [36m[Getter/Setter][39m,
      onformdata: [36m[Getter/Setter][39m,
      oninput: [36m[Getter/Setter][39m,
      oninvalid: [36m[Getter/Setter][39m,
      onkeydown: [36m[Getter/Setter][39m,
      onkeypress: [36m[Getter/Setter][39m,
      onkeyup: [36m[Getter/Setter][39m,
      onloadeddata: [36m[Getter/Setter][39m,
      onloadedmetadata: [36m[Getter/Setter][39m,
      onloadstart: [36m[Getter/Setter][39m,
      onmousedown: [36m[Getter/Setter][39m,
      onmouseenter: [36m[Getter/Setter][39m,
      onmouseleave: [36m[Getter/Setter][39m,
      onmousemove: [36m[Getter/Setter][39m,
      onmouseout: [36m[Getter/Setter][39m,
      onmouseover: [36m[Getter/Setter][39m,
      onmouseup: [36m[Getter/Setter][39m,
      onpaste: [36m[Getter/Setter][39m,
      onpause: [36m[Getter/Setter][39m,
      onplay: [36m[Getter/Setter][39m,
      onplaying: [36m[Getter/Setter][39m,
      onprogress: [36m[Getter/Setter][39m,
      onratechange: [36m[Getter/Setter][39m,
      onreset: [36m[Getter/Setter][39m,
      onscrollend: [36m[Getter/Setter][39m,
      onsecuritypolicyviolation: [36m[Getter/Setter][39m,
      onseeked: [36m[Getter/Setter][39m,
      onseeking: [36m[Getter/Setter][39m,
      onselect: [36m[Getter/Setter][39m,
      onslotchange: [36m[Getter/Setter][39m,
      onstalled: [36m[Getter/Setter][39m,
      onsubmit: [36m[Getter/Setter][39m,
      onsuspend: [36m[Getter/Setter][39m,
      ontimeupdate: [36m[Getter/Setter][39m,
      ontoggle: [36m[Getter/Setter][39m,
      onvolumechange: [36m[Getter/Setter][39m,
      onwaiting: [36m[Getter/Setter][39m,
      onwebkitanimationend: [36m[Getter/Setter][39m,
      onwebkitanimationiteration: [36m[Getter/Setter][39m,
      onwebkitanimationstart: [36m[Getter/Setter][39m,
      onwebkittransitionend: [36m[Getter/Setter][39m,
      onwheel: [36m[Getter/Setter][39m,
      ontouchstart: [36m[Getter/Setter][39m,
      ontouchend: [36m[Getter/Setter][39m,
      ontouchmove: [36m[Getter/Setter][39m,
      ontouchcancel: [36m[Getter/Setter][39m,
      _registeredHandlers: Set(0) {},
      _eventHandlers: [Object: null prototype] {},
      onautocomplete: [36m[Getter/Setter][39m,
      onautocompleteerror: [36m[Getter/Setter][39m,
      onsort: [36m[Getter/Setter][39m,
      _globalObject: [36m[Circular *2][39m,
      _resourceLoader: [36m[NoOpResourceLoader][39m,
      _globalProxy: [36m[Object [Window]][39m,
      _document: [36m[Document][39m,
      _origin: [32m'http://localhost:3000'[39m,
      _sessionHistory: [36m[SessionHistory][39m,
      _virtualConsole: [36m[VirtualConsole][39m,
      _runScripts: [32m'dangerously'[39m,
      _top: [36m[Object [Window]][39m,
      _parent: [36m[Object [Window]][39m,
      _frameElement: [1mnull[22m,
      _length: [33m0[39m,
      _currentEvent: [90mundefined[39m,
      _pretendToBeVisual: [33mtrue[39m,
      _storageQuota: [33m5000000[39m,
      _commonForOrigin: [36m[Object][39m,
      _currentOriginData: [36m[Object][39m,
      _localStorage: Storage {},
      _sessionStorage: Storage {},
      _selection: [36m[SelectionImpl][39m,
      getSelection: [36m[Function (anonymous)][39m,
      _customElementRegistry: CustomElementRegistry {},
      length: [36m[Getter/Setter][39m,
      window: [36m[Getter][39m,
      frameElement: [36m[Getter][39m,
      frames: [36m[Getter/Setter][39m,
      self: [36m[Getter/Setter][39m,
      parent: [36m[Getter/Setter][39m,
      top: [36m[Getter][39m,
      document: [36m[Getter][39m,
      external: [36m[Getter/Setter][39m,
      location: [36m[Getter/Setter][39m,
      history: [36m[Getter][39m,
      navigator: [36m[Getter][39m,
      locationbar: [36m[Getter/Setter][39m,
      menubar: [36m[Getter/Setter][39m,
      personalbar: [36m[Getter/Setter][39m,
      scrollbars: [36m[Getter/Setter][39m,
      statusbar: [36m[Getter/Setter][39m,
      toolbar: [36m[Getter/Setter][39m,
      performance: [36m[Getter][39m,
      screen: [36m[Getter/Setter][39m,
      crypto: [36m[Getter][39m,
      origin: [36m[Getter/Setter][39m,
      localStorage: [36m[Getter][39m,
      sessionStorage: [36m[Getter][39m,
      customElements: [36m[Getter][39m,
      event: [36m[Getter/Setter][39m,
      setTimeout: [36m[Function (anonymous)][39m,
      setInterval: [36m[Function (anonymous)][39m,
      clearTimeout: [36m[Function (anonymous)][39m,
      clearInterval: [36m[Function (anonymous)][39m,
      queueMicrotask: [36m[Function (anonymous)][39m,
      requestAnimationFrame: [36m[Function (anonymous)][39m,
      cancelAnimationFrame: [36m[Function (anonymous)][39m,
      postMessage: [36m[Function (anonymous)][39m,
      atob: [36m[Function (anonymous)][39m,
      btoa: [36m[Function (anonymous)][39m,
      stop: [36m[Function (anonymous)][39m,
      close: [36m[Function (anonymous)][39m,
      getComputedStyle: [36m[Function (anonymous)][39m,
      captureEvents: [36m[Function (anonymous)][39m,
      releaseEvents: [36m[Function (anonymous)][39m,
      console: [36m[Object][39m,
      name: [32m''[39m,
      status: [32m''[39m,
      devicePixelRatio: [33m1[39m,
      innerWidth: [33m1024[39m,
      innerHeight: [33m768[39m,
      outerWidth: [33m1024[39m,
      outerHeight: [33m768[39m,
      pageXOffset: [33m0[39m,
      pageYOffset: [33m0[39m,
      screenX: [33m0[39m,
      screenLeft: [33m0[39m,
      screenY: [33m0[39m,
      screenTop: [33m0[39m,
      scrollX: [33m0[39m,
      scrollY: [33m0[39m,
      alert: [36m[Function (anonymous)][39m,
      blur: [36m[Function (anonymous)][39m,
      confirm: [36m[Function (anonymous)][39m,
      focus: [36m[Function (anonymous)][39m,
      moveBy: [36m[Function (anonymous)][39m,
      moveTo: [36m[Function (anonymous)][39m,
      open: [36m[Function (anonymous)][39m,
      print: [36m[Function (anonymous)][39m,
      prompt: [36m[Function (anonymous)][39m,
      resizeBy: [36m[Function (anonymous)][39m,
      resizeTo: [36m[Function (anonymous)][39m,
      scroll: [36m[Function (anonymous)][39m,
      scrollBy: [36m[Function (anonymous)][39m,
      scrollTo: [36m[Function (anonymous)][39m,
      [[32mSymbol([webidl2js] constructor registry)[39m]: [36m[Object: null prototype][39m,
      [[32mSymbol(named property tracker)[39m]: [36m[NamedPropertiesTracker][39m
    }
  },
  suite: [Function: chain] {
    each: [36m[Function (anonymous)][39m,
    for: [36m[Function (anonymous)][39m,
    skipIf: [36m[Function (anonymous)][39m,
    runIf: [36m[Function (anonymous)][39m,
    withContext: [36m[Function (anonymous)][39m,
    setContext: [36m[Function (anonymous)][39m,
    mergeContext: [36m[Function (anonymous)][39m,
    fn: [Function: suiteFn] {
      each: [36m[Function (anonymous)][39m,
      for: [36m[Function (anonymous)][39m,
      skipIf: [36m[Function (anonymous)][39m,
      runIf: [36m[Function (anonymous)][39m
    }
  },
  test: [Function: chain] {
    each: [36m[Function (anonymous)][39m,
    for: [36m[Function (anonymous)][39m,
    skipIf: [36m[Function (anonymous)][39m,
    runIf: [36m[Function (anonymous)][39m,
    scoped: [36m[Function (anonymous)][39m,
    extend: [36m[Function (anonymous)][39m,
    beforeEach: [36m[Function: beforeEach][39m,
    afterEach: [36m[Function: afterEach][39m,
    beforeAll: [36m[Function: beforeAll][39m,
    afterAll: [36m[Function: afterAll][39m,
    withContext: [36m[Function (anonymous)][39m,
    setContext: [36m[Function (anonymous)][39m,
    mergeContext: [36m[Function (anonymous)][39m,
    fn: [Function (anonymous)] {
      each: [36m[Function (anonymous)][39m,
      for: [36m[Function (anonymous)][39m,
      skipIf: [36m[Function (anonymous)][39m,
      runIf: [36m[Function (anonymous)][39m,
      scoped: [36m[Function (anonymous)][39m,
      extend: [36m[Function (anonymous)][39m,
      beforeEach: [36m[Function: beforeEach][39m,
      afterEach: [36m[Function: afterEach][39m,
      beforeAll: [36m[Function: beforeAll][39m,
      afterAll: [36m[Function: afterAll][39m
    }
  },
  describe: [Function: chain] {
    each: [36m[Function (anonymous)][39m,
    for: [36m[Function (anonymous)][39m,
    skipIf: [36m[Function (anonymous)][39m,
    runIf: [36m[Function (anonymous)][39m,
    withContext: [36m[Function (anonymous)][39m,
    setContext: [36m[Function (anonymous)][39m,
    mergeContext: [36m[Function (anonymous)][39m,
    fn: [Function: suiteFn] {
      each: [36m[Function (anonymous)][39m,
      for: [36m[Function (anonymous)][39m,
      skipIf: [36m[Function (anonymous)][39m,
      runIf: [36m[Function (anonymous)][39m
    }
  },
  it: [Function: chain] {
    each: [36m[Function (anonymous)][39m,
    for: [36m[Function (anonymous)][39m,
    skipIf: [36m[Function (anonymous)][39m,
    runIf: [36m[Function (anonymous)][39m,
    scoped: [36m[Function (anonymous)][39m,
    extend: [36m[Function (anonymous)][39m,
    beforeEach: [36m[Function: beforeEach][39m,
    afterEach: [36m[Function: afterEach][39m,
    beforeAll: [36m[Function: beforeAll][39m,
    afterAll: [36m[Function: afterAll][39m,
    withContext: [36m[Function (anonymous)][39m,
    setContext: [36m[Function (anonymous)][39m,
    mergeContext: [36m[Function (anonymous)][39m,
    fn: [Function (anonymous)] {
      each: [36m[Function (anonymous)][39m,
      for: [36m[Function (anonymous)][39m,
      skipIf: [36m[Function (anonymous)][39m,
      runIf: [36m[Function (anonymous)][39m,
      scoped: [36m[Function (anonymous)][39m,
      extend: [36m[Function (anonymous)][39m,
      beforeEach: [36m[Function: beforeEach][39m,
      afterEach: [36m[Function: afterEach][39m,
      beforeAll: [36m[Function: beforeAll][39m,
      afterAll: [36m[Function: afterAll][39m
    }
  },
  chai: [Module: null prototype] {
    Assertion: [36m[class Assertion][39m,
    AssertionError: [36m[class AssertionError extends Error][39m,
    Should: [36m[Function: loadShould][39m,
    assert: [Function: assert] {
      fail: [36m[Function (anonymous)][39m,
      isOk: [36m[Function (anonymous)][39m,
      isNotOk: [36m[Function (anonymous)][39m,
      equal: [36m[Function (anonymous)][39m,
      notEqual: [36m[Function (anonymous)][39m,
      strictEqual: [36m[Function (anonymous)][39m,
      notStrictEqual: [36m[Function (anonymous)][39m,
      deepStrictEqual: [36m[Function (anonymous)][39m,
      deepEqual: [36m[Function (anonymous)][39m,
      notDeepEqual: [36m[Function (anonymous)][39m,
      isAbove: [36m[Function (anonymous)][39m,
      isAtLeast: [36m[Function (anonymous)][39m,
      isBelow: [36m[Function (anonymous)][39m,
      isAtMost: [36m[Function (anonymous)][39m,
      isTrue: [36m[Function (anonymous)][39m,
      isNotTrue: [36m[Function (anonymous)][39m,
      isFalse: [36m[Function (anonymous)][39m,
      isNotFalse: [36m[Function (anonymous)][39m,
      isNull: [36m[Function (anonymous)][39m,
      isNotNull: [36m[Function (anonymous)][39m,
      isNaN: [36m[Function (anonymous)][39m,
      isNotNaN: [36m[Function (anonymous)][39m,
      exists: [36m[Function (anonymous)][39m,
      notExists: [36m[Function (anonymous)][39m,
      isUndefined: [36m[Function (anonymous)][39m,
      isDefined: [36m[Function (anonymous)][39m,
      isCallable: [36m[Function (anonymous)][39m,
      isNotCallable: [36m[Function (anonymous)][39m,
      isObject: [36m[Function (anonymous)][39m,
      isNotObject: [36m[Function (anonymous)][39m,
      isArray: [36m[Function (anonymous)][39m,
      isNotArray: [36m[Function (anonymous)][39m,
      isString: [36m[Function (anonymous)][39m,
      isNotString: [36m[Function (anonymous)][39m,
      isNumber: [36m[Function (anonymous)][39m,
      isNotNumber: [36m[Function (anonymous)][39m,
      isNumeric: [36m[Function (anonymous)][39m,
      isNotNumeric: [36m[Function (anonymous)][39m,
      isFinite: [36m[Function (anonymous)][39m,
      isBoolean: [36m[Function (anonymous)][39m,
      isNotBoolean: [36m[Function (anonymous)][39m,
      typeOf: [36m[Function (anonymous)][39m,
      notTypeOf: [36m[Function (anonymous)][39m,
      instanceOf: [36m[Function (anonymous)][39m,
      notInstanceOf: [36m[Function (anonymous)][39m,
      include: [36m[Function (anonymous)][39m,
      notInclude: [36m[Function (anonymous)][39m,
      deepInclude: [36m[Function (anonymous)][39m,
      notDeepInclude: [36m[Function (anonymous)][39m,
      nestedInclude: [36m[Function (anonymous)][39m,
      notNestedInclude: [36m[Function (anonymous)][39m,
      deepNestedInclude: [36m[Function (anonymous)][39m,
      notDeepNestedInclude: [36m[Function (anonymous)][39m,
      ownInclude: [36m[Function (anonymous)][39m,
      notOwnInclude: [36m[Function (anonymous)][39m,
      deepOwnInclude: [36m[Function (anonymous)][39m,
      notDeepOwnInclude: [36m[Function (anonymous)][39m,
      match: [36m[Function (anonymous)][39m,
      notMatch: [36m[Function (anonymous)][39m,
      property: [36m[Function (anonymous)][39m,
      notProperty: [36m[Function (anonymous)][39m,
      propertyVal: [36m[Function (anonymous)][39m,
      notPropertyVal: [36m[Function (anonymous)][39m,
      deepPropertyVal: [36m[Function (anonymous)][39m,
      notDeepPropertyVal: [36m[Function (anonymous)][39m,
      ownProperty: [36m[Function (anonymous)][39m,
      notOwnProperty: [36m[Function (anonymous)][39m,
      ownPropertyVal: [36m[Function (anonymous)][39m,
      notOwnPropertyVal: [36m[Function (anonymous)][39m,
      deepOwnPropertyVal: [36m[Function (anonymous)][39m,
      notDeepOwnPropertyVal: [36m[Function (anonymous)][39m,
      nestedProperty: [36m[Function (anonymous)][39m,
      notNestedProperty: [36m[Function (anonymous)][39m,
      nestedPropertyVal: [36m[Function (anonymous)][39m,
      notNestedPropertyVal: [36m[Function (anonymous)][39m,
      deepNestedPropertyVal: [36m[Function (anonymous)][39m,
      notDeepNestedPropertyVal: [36m[Function (anonymous)][39m,
      lengthOf: [36m[Function (anonymous)][39m,
      hasAnyKeys: [36m[Function (anonymous)][39m,
      hasAllKeys: [36m[Function (anonymous)][39m,
      containsAllKeys: [36m[Function (anonymous)][39m,
      doesNotHaveAnyKeys: [36m[Function (anonymous)][39m,
      doesNotHaveAllKeys: [36m[Function (anonymous)][39m,
      hasAnyDeepKeys: [36m[Function (anonymous)][39m,
      hasAllDeepKeys: [36m[Function (anonymous)][39m,
      containsAllDeepKeys: [36m[Function (anonymous)][39m,
      doesNotHaveAnyDeepKeys: [36m[Function (anonymous)][39m,
      doesNotHaveAllDeepKeys: [36m[Function (anonymous)][39m,
      throws: [36m[Function (anonymous)][39m,
      doesNotThrow: [36m[Function (anonymous)][39m,
      operator: [36m[Function (anonymous)][39m,
      closeTo: [36m[Function (anonymous)][39m,
      approximately: [36m[Function (anonymous)][39m,
      sameMembers: [36m[Function (anonymous)][39m,
      notSameMembers: [36m[Function (anonymous)][39m,
      sameDeepMembers: [36m[Function (anonymous)][39m,
      notSameDeepMembers: [36m[Function (anonymous)][39m,
      sameOrderedMembers: [36m[Function (anonymous)][39m,
      notSameOrderedMembers: [36m[Function (anonymous)][39m,
      sameDeepOrderedMembers: [36m[Function (anonymous)][39m,
      notSameDeepOrderedMembers: [36m[Function (anonymous)][39m,
      includeMembers: [36m[Function (anonymous)][39m,
      notIncludeMembers: [36m[Function (anonymous)][39m,
      includeDeepMembers: [36m[Function (anonymous)][39m,
      notIncludeDeepMembers: [36m[Function (anonymous)][39m,
      includeOrderedMembers: [36m[Function (anonymous)][39m,
      notIncludeOrderedMembers: [36m[Function (anonymous)][39m,
      includeDeepOrderedMembers: [36m[Function (anonymous)][39m,
      notIncludeDeepOrderedMembers: [36m[Function (anonymous)][39m,
      oneOf: [36m[Function (anonymous)][39m,
      isIterable: [36m[Function (anonymous)][39m,
      changes: [36m[Function (anonymous)][39m,
      changesBy: [36m[Function (anonymous)][39m,
      doesNotChange: [36m[Function (anonymous)][39m,
      changesButNotBy: [36m[Function (anonymous)][39m,
      increases: [36m[Function (anonymous)][39m,
      increasesBy: [36m[Function (anonymous)][39m,
      doesNotIncrease: [36m[Function (anonymous)][39m,
      increasesButNotBy: [36m[Function (anonymous)][39m,
      decreases: [36m[Function (anonymous)][39m,
      decreasesBy: [36m[Function (anonymous)][39m,
      doesNotDecrease: [36m[Function (anonymous)][39m,
      doesNotDecreaseBy: [36m[Function (anonymous)][39m,
      decreasesButNotBy: [36m[Function (anonymous)][39m,
      ifError: [36m[Function (anonymous)][39m,
      isExtensible: [36m[Function (anonymous)][39m,
      isNotExtensible: [36m[Function (anonymous)][39m,
      isSealed: [36m[Function (anonymous)][39m,
      isNotSealed: [36m[Function (anonymous)][39m,
      isFrozen: [36m[Function (anonymous)][39m,
      isNotFrozen: [36m[Function (anonymous)][39m,
      isEmpty: [36m[Function (anonymous)][39m,
      isNotEmpty: [36m[Function (anonymous)][39m,
      containsSubset: [36m[Function (anonymous)][39m,
      doesNotContainSubset: [36m[Function (anonymous)][39m,
      ok: [36m[Function (anonymous)][39m,
      notOk: [36m[Function (anonymous)][39m,
      throw: [36m[Function (anonymous)][39m,
      Throw: [36m[Function (anonymous)][39m,
      extensible: [36m[Function (anonymous)][39m,
      notExtensible: [36m[Function (anonymous)][39m,
      sealed: [36m[Function (anonymous)][39m,
      notSealed: [36m[Function (anonymous)][39m,
      frozen: [36m[Function (anonymous)][39m,
      notFrozen: [36m[Function (anonymous)][39m,
      empty: [36m[Function (anonymous)][39m,
      notEmpty: [36m[Function (anonymous)][39m,
      isFunction: [36m[Function (anonymous)][39m,
      isNotFunction: [36m[Function (anonymous)][39m,
      containSubset: [36m[Function (anonymous)][39m
    },
    config: {
      includeStack: [33mfalse[39m,
      showDiff: [33mtrue[39m,
      truncateThreshold: [33m40[39m,
      useProxy: [33mtrue[39m,
      proxyExcludedKeys: [36m[Array][39m,
      deepEqual: [1mnull[22m
    },
    expect: [Function: expect] {
      fail: [36m[Function (anonymous)][39m,
      extend: [36m[Function: methodWrapper][39m,
      addSnapshotSerializer: [36m[Function: methodWrapper][39m,
      anything: [36m[Function: methodWrapper][39m,
      any: [36m[Function: methodWrapper][39m,
      stringContaining: [36m[Function: methodWrapper][39m,
      objectContaining: [36m[Function: methodWrapper][39m,
      arrayContaining: [36m[Function: methodWrapper][39m,
      stringMatching: [36m[Function: methodWrapper][39m,
      closeTo: [36m[Function: methodWrapper][39m,
      schemaMatching: [36m[Function: methodWrapper][39m,
      not: [36m[Object][39m,
      __flags: [36m[Object: null prototype][39m
    },
    should: [36m[Function: loadShould][39m,
    use: [36m[Function: use][39m,
    util: {
      addChainableMethod: [36m[Getter][39m,
      addLengthGuard: [36m[Getter][39m,
      addMethod: [36m[Getter][39m,
      addProperty: [36m[Getter][39m,
      checkError: [36m[Getter][39m,
      compareByInspect: [36m[Getter][39m,
      eql: [36m[Getter][39m,
      events: [36m[Getter][39m,
      expectTypes: [36m[Getter][39m,
      flag: [36m[Getter][39m,
      getActual: [36m[Getter][39m,
      getMessage: [36m[Getter][39m,
      getName: [36m[Getter][39m,
      getOperator: [36m[Getter][39m,
      getOwnEnumerableProperties: [36m[Getter][39m,
      getOwnEnumerablePropertySymbols: [36m[Getter][39m,
      getPathInfo: [36m[Getter][39m,
      hasProperty: [36m[Getter][39m,
      inspect: [36m[Getter][39m,
      isNaN: [36m[Getter][39m,
      isNumeric: [36m[Getter][39m,
      isProxyEnabled: [36m[Getter][39m,
      isRegExp: [36m[Getter][39m,
      objDisplay: [36m[Getter][39m,
      overwriteChainableMethod: [36m[Getter][39m,
      overwriteMethod: [36m[Getter][39m,
      overwriteProperty: [36m[Getter][39m,
      proxify: [36m[Getter][39m,
      test: [36m[Getter][39m,
      transferFlags: [36m[Getter][39m,
      type: [36m[Getter][39m
    }
  },
  expect: [Function: expect] {
    fail: [36m[Function (anonymous)][39m,
    extend: [36m[Function (anonymous)][39m,
    addSnapshotSerializer: [36m[Function: methodWrapper][39m,
    anything: [36m[Function: methodWrapper][39m,
    any: [36m[Function: methodWrapper][39m,
    stringContaining: [36m[Function: methodWrapper][39m,
    objectContaining: [36m[Function: methodWrapper][39m,
    arrayContaining: [36m[Function: methodWrapper][39m,
    stringMatching: [36m[Function: methodWrapper][39m,
    closeTo: [36m[Function: methodWrapper][39m,
    schemaMatching: [36m[Function: methodWrapper][39m,
    not: {
      stringContaining: [36m[Function: stringContaining][39m,
      objectContaining: [36m[Function: objectContaining][39m,
      arrayContaining: [36m[Function: arrayContaining][39m,
      stringMatching: [36m[Function: stringMatching][39m,
      closeTo: [36m[Function: closeTo][39m,
      schemaMatching: [36m[Function: schemaMatching][39m,
      toSatisfy: [36m[Function: value][39m,
      toBeOneOf: [36m[Function: value][39m
    },
    getState: [36m[Function (anonymous)][39m,
    setState: [36m[Function (anonymous)][39m,
    assert: [Function: assert] {
      fail: [36m[Function (anonymous)][39m,
      isOk: [36m[Function (anonymous)][39m,
      isNotOk: [36m[Function (anonymous)][39m,
      equal: [36m[Function (anonymous)][39m,
      notEqual: [36m[Function (anonymous)][39m,
      strictEqual: [36m[Function (anonymous)][39m,
      notStrictEqual: [36m[Function (anonymous)][39m,
      deepStrictEqual: [36m[Function (anonymous)][39m,
      deepEqual: [36m[Function (anonymous)][39m,
      notDeepEqual: [36m[Function (anonymous)][39m,
      isAbove: [36m[Function (anonymous)][39m,
      isAtLeast: [36m[Function (anonymous)][39m,
      isBelow: [36m[Function (anonymous)][39m,
      isAtMost: [36m[Function (anonymous)][39m,
      isTrue: [36m[Function (anonymous)][39m,
      isNotTrue: [36m[Function (anonymous)][39m,
      isFalse: [36m[Function (anonymous)][39m,
      isNotFalse: [36m[Function (anonymous)][39m,
      isNull: [36m[Function (anonymous)][39m,
      isNotNull: [36m[Function (anonymous)][39m,
      isNaN: [36m[Function (anonymous)][39m,
      isNotNaN: [36m[Function (anonymous)][39m,
      exists: [36m[Function (anonymous)][39m,
      notExists: [36m[Function (anonymous)][39m,
      isUndefined: [36m[Function (anonymous)][39m,
      isDefined: [36m[Function (anonymous)][39m,
      isCallable: [36m[Function (anonymous)][39m,
      isNotCallable: [36m[Function (anonymous)][39m,
      isObject: [36m[Function (anonymous)][39m,
      isNotObject: [36m[Function (anonymous)][39m,
      isArray: [36m[Function (anonymous)][39m,
      isNotArray: [36m[Function (anonymous)][39m,
      isString: [36m[Function (anonymous)][39m,
      isNotString: [36m[Function (anonymous)][39m,
      isNumber: [36m[Function (anonymous)][39m,
      isNotNumber: [36m[Function (anonymous)][39m,
      isNumeric: [36m[Function (anonymous)][39m,
      isNotNumeric: [36m[Function (anonymous)][39m,
      isFinite: [36m[Function (anonymous)][39m,
      isBoolean: [36m[Function (anonymous)][39m,
      isNotBoolean: [36m[Function (anonymous)][39m,
      typeOf: [36m[Function (anonymous)][39m,
      notTypeOf: [36m[Function (anonymous)][39m,
      instanceOf: [36m[Function (anonymous)][39m,
      notInstanceOf: [36m[Function (anonymous)][39m,
      include: [36m[Function (anonymous)][39m,
      notInclude: [36m[Function (anonymous)][39m,
      deepInclude: [36m[Function (anonymous)][39m,
      notDeepInclude: [36m[Function (anonymous)][39m,
      nestedInclude: [36m[Function (anonymous)][39m,
      notNestedInclude: [36m[Function (anonymous)][39m,
      deepNestedInclude: [36m[Function (anonymous)][39m,
      notDeepNestedInclude: [36m[Function (anonymous)][39m,
      ownInclude: [36m[Function (anonymous)][39m,
      notOwnInclude: [36m[Function (anonymous)][39m,
      deepOwnInclude: [36m[Function (anonymous)][39m,
      notDeepOwnInclude: [36m[Function (anonymous)][39m,
      match: [36m[Function (anonymous)][39m,
      notMatch: [36m[Function (anonymous)][39m,
      property: [36m[Function (anonymous)][39m,
      notProperty: [36m[Function (anonymous)][39m,
      propertyVal: [36m[Function (anonymous)][39m,
      notPropertyVal: [36m[Function (anonymous)][39m,
      deepPropertyVal: [36m[Function (anonymous)][39m,
      notDeepPropertyVal: [36m[Function (anonymous)][39m,
      ownProperty: [36m[Function (anonymous)][39m,
      notOwnProperty: [36m[Function (anonymous)][39m,
      ownPropertyVal: [36m[Function (anonymous)][39m,
      notOwnPropertyVal: [36m[Function (anonymous)][39m,
      deepOwnPropertyVal: [36m[Function (anonymous)][39m,
      notDeepOwnPropertyVal: [36m[Function (anonymous)][39m,
      nestedProperty: [36m[Function (anonymous)][39m,
      notNestedProperty: [36m[Function (anonymous)][39m,
      nestedPropertyVal: [36m[Function (anonymous)][39m,
      notNestedPropertyVal: [36m[Function (anonymous)][39m,
      deepNestedPropertyVal: [36m[Function (anonymous)][39m,
      notDeepNestedPropertyVal: [36m[Function (anonymous)][39m,
      lengthOf: [36m[Function (anonymous)][39m,
      hasAnyKeys: [36m[Function (anonymous)][39m,
      hasAllKeys: [36m[Function (anonymous)][39m,
      containsAllKeys: [36m[Function (anonymous)][39m,
      doesNotHaveAnyKeys: [36m[Function (anonymous)][39m,
      doesNotHaveAllKeys: [36m[Function (anonymous)][39m,
      hasAnyDeepKeys: [36m[Function (anonymous)][39m,
      hasAllDeepKeys: [36m[Function (anonymous)][39m,
      containsAllDeepKeys: [36m[Function (anonymous)][39m,
      doesNotHaveAnyDeepKeys: [36m[Function (anonymous)][39m,
      doesNotHaveAllDeepKeys: [36m[Function (anonymous)][39m,
      throws: [36m[Function (anonymous)][39m,
      doesNotThrow: [36m[Function (anonymous)][39m,
      operator: [36m[Function (anonymous)][39m,
      closeTo: [36m[Function (anonymous)][39m,
      approximately: [36m[Function (anonymous)][39m,
      sameMembers: [36m[Function (anonymous)][39m,
      notSameMembers: [36m[Function (anonymous)][39m,
      sameDeepMembers: [36m[Function (anonymous)][39m,
      notSameDeepMembers: [36m[Function (anonymous)][39m,
      sameOrderedMembers: [36m[Function (anonymous)][39m,
      notSameOrderedMembers: [36m[Function (anonymous)][39m,
      sameDeepOrderedMembers: [36m[Function (anonymous)][39m,
      notSameDeepOrderedMembers: [36m[Function (anonymous)][39m,
      includeMembers: [36m[Function (anonymous)][39m,
      notIncludeMembers: [36m[Function (anonymous)][39m,
      includeDeepMembers: [36m[Function (anonymous)][39m,
      notIncludeDeepMembers: [36m[Function (anonymous)][39m,
      includeOrderedMembers: [36m[Function (anonymous)][39m,
      notIncludeOrderedMembers: [36m[Function (anonymous)][39m,
      includeDeepOrderedMembers: [36m[Function (anonymous)][39m,
      notIncludeDeepOrderedMembers: [36m[Function (anonymous)][39m,
      oneOf: [36m[Function (anonymous)][39m,
      isIterable: [36m[Function (anonymous)][39m,
      changes: [36m[Function (anonymous)][39m,
      changesBy: [36m[Function (anonymous)][39m,
      doesNotChange: [36m[Function (anonymous)][39m,
      changesButNotBy: [36m[Function (anonymous)][39m,
      increases: [36m[Function (anonymous)][39m,
      increasesBy: [36m[Function (anonymous)][39m,
      doesNotIncrease: [36m[Function (anonymous)][39m,
      increasesButNotBy: [36m[Function (anonymous)][39m,
      decreases: [36m[Function (anonymous)][39m,
      decreasesBy: [36m[Function (anonymous)][39m,
      doesNotDecrease: [36m[Function (anonymous)][39m,
      doesNotDecreaseBy: [36m[Function (anonymous)][39m,
      decreasesButNotBy: [36m[Function (anonymous)][39m,
      ifError: [36m[Function (anonymous)][39m,
      isExtensible: [36m[Function (anonymous)][39m,
      isNotExtensible: [36m[Function (anonymous)][39m,
      isSealed: [36m[Function (anonymous)][39m,
      isNotSealed: [36m[Function (anonymous)][39m,
      isFrozen: [36m[Function (anonymous)][39m,
      isNotFrozen: [36m[Function (anonymous)][39m,
      isEmpty: [36m[Function (anonymous)][39m,
      isNotEmpty: [36m[Function (anonymous)][39m,
      containsSubset: [36m[Function (anonymous)][39m,
      doesNotContainSubset: [36m[Function (anonymous)][39m,
      ok: [36m[Function (anonymous)][39m,
      notOk: [36m[Function (anonymous)][39m,
      throw: [36m[Function (anonymous)][39m,
      Throw: [36m[Function (anonymous)][39m,
      extensible: [36m[Function (anonymous)][39m,
      notExtensible: [36m[Function (anonymous)][39m,
      sealed: [36m[Function (anonymous)][39m,
      notSealed: [36m[Function (anonymous)][39m,
      frozen: [36m[Function (anonymous)][39m,
      notFrozen: [36m[Function (anonymous)][39m,
      empty: [36m[Function (anonymous)][39m,
      notEmpty: [36m[Function (anonymous)][39m,
      isFunction: [36m[Function (anonymous)][39m,
      isNotFunction: [36m[Function (anonymous)][39m,
      containSubset: [36m[Function (anonymous)][39m
    },
    addEqualityTesters: [36m[Function (anonymous)][39m,
    soft: [36m[Function (anonymous)][39m,
    poll: [36m[Function: poll][39m,
    unreachable: [36m[Function (anonymous)][39m,
    assertions: [36m[Function: methodWrapper][39m,
    hasAssertions: [36m[Function: methodWrapper][39m,
    toSatisfy: [36m[Function: customMatcher][39m,
    toBeOneOf: [36m[Function: customMatcher][39m
  },
  assert: [Function: assert] {
    fail: [36m[Function (anonymous)][39m,
    isOk: [36m[Function (anonymous)][39m,
    isNotOk: [36m[Function (anonymous)][39m,
    equal: [36m[Function (anonymous)][39m,
    notEqual: [36m[Function (anonymous)][39m,
    strictEqual: [36m[Function (anonymous)][39m,
    notStrictEqual: [36m[Function (anonymous)][39m,
    deepStrictEqual: [36m[Function (anonymous)][39m,
    deepEqual: [36m[Function (anonymous)][39m,
    notDeepEqual: [36m[Function (anonymous)][39m,
    isAbove: [36m[Function (anonymous)][39m,
    isAtLeast: [36m[Function (anonymous)][39m,
    isBelow: [36m[Function (anonymous)][39m,
    isAtMost: [36m[Function (anonymous)][39m,
    isTrue: [36m[Function (anonymous)][39m,
    isNotTrue: [36m[Function (anonymous)][39m,
    isFalse: [36m[Function (anonymous)][39m,
    isNotFalse: [36m[Function (anonymous)][39m,
    isNull: [36m[Function (anonymous)][39m,
    isNotNull: [36m[Function (anonymous)][39m,
    isNaN: [36m[Function (anonymous)][39m,
    isNotNaN: [36m[Function (anonymous)][39m,
    exists: [36m[Function (anonymous)][39m,
    notExists: [36m[Function (anonymous)][39m,
    isUndefined: [36m[Function (anonymous)][39m,
    isDefined: [36m[Function (anonymous)][39m,
    isCallable: [36m[Function (anonymous)][39m,
    isNotCallable: [36m[Function (anonymous)][39m,
    isObject: [36m[Function (anonymous)][39m,
    isNotObject: [36m[Function (anonymous)][39m,
    isArray: [36m[Function (anonymous)][39m,
    isNotArray: [36m[Function (anonymous)][39m,
    isString: [36m[Function (anonymous)][39m,
    isNotString: [36m[Function (anonymous)][39m,
    isNumber: [36m[Function (anonymous)][39m,
    isNotNumber: [36m[Function (anonymous)][39m,
    isNumeric: [36m[Function (anonymous)][39m,
    isNotNumeric: [36m[Function (anonymous)][39m,
    isFinite: [36m[Function (anonymous)][39m,
    isBoolean: [36m[Function (anonymous)][39m,
    isNotBoolean: [36m[Function (anonymous)][39m,
    typeOf: [36m[Function (anonymous)][39m,
    notTypeOf: [36m[Function (anonymous)][39m,
    instanceOf: [36m[Function (anonymous)][39m,
    notInstanceOf: [36m[Function (anonymous)][39m,
    include: [36m[Function (anonymous)][39m,
    notInclude: [36m[Function (anonymous)][39m,
    deepInclude: [36m[Function (anonymous)][39m,
    notDeepInclude: [36m[Function (anonymous)][39m,
    nestedInclude: [36m[Function (anonymous)][39m,
    notNestedInclude: [36m[Function (anonymous)][39m,
    deepNestedInclude: [36m[Function (anonymous)][39m,
    notDeepNestedInclude: [36m[Function (anonymous)][39m,
    ownInclude: [36m[Function (anonymous)][39m,
    notOwnInclude: [36m[Function (anonymous)][39m,
    deepOwnInclude: [36m[Function (anonymous)][39m,
    notDeepOwnInclude: [36m[Function (anonymous)][39m,
    match: [36m[Function (anonymous)][39m,
    notMatch: [36m[Function (anonymous)][39m,
    property: [36m[Function (anonymous)][39m,
    notProperty: [36m[Function (anonymous)][39m,
    propertyVal: [36m[Function (anonymous)][39m,
    notPropertyVal: [36m[Function (anonymous)][39m,
    deepPropertyVal: [36m[Function (anonymous)][39m,
    notDeepPropertyVal: [36m[Function (anonymous)][39m,
    ownProperty: [36m[Function (anonymous)][39m,
    notOwnProperty: [36m[Function (anonymous)][39m,
    ownPropertyVal: [36m[Function (anonymous)][39m,
    notOwnPropertyVal: [36m[Function (anonymous)][39m,
    deepOwnPropertyVal: [36m[Function (anonymous)][39m,
    notDeepOwnPropertyVal: [36m[Function (anonymous)][39m,
    nestedProperty: [36m[Function (anonymous)][39m,
    notNestedProperty: [36m[Function (anonymous)][39m,
    nestedPropertyVal: [36m[Function (anonymous)][39m,
    notNestedPropertyVal: [36m[Function (anonymous)][39m,
    deepNestedPropertyVal: [36m[Function (anonymous)][39m,
    notDeepNestedPropertyVal: [36m[Function (anonymous)][39m,
    lengthOf: [36m[Function (anonymous)][39m,
    hasAnyKeys: [36m[Function (anonymous)][39m,
    hasAllKeys: [36m[Function (anonymous)][39m,
    containsAllKeys: [36m[Function (anonymous)][39m,
    doesNotHaveAnyKeys: [36m[Function (anonymous)][39m,
    doesNotHaveAllKeys: [36m[Function (anonymous)][39m,
    hasAnyDeepKeys: [36m[Function (anonymous)][39m,
    hasAllDeepKeys: [36m[Function (anonymous)][39m,
    containsAllDeepKeys: [36m[Function (anonymous)][39m,
    doesNotHaveAnyDeepKeys: [36m[Function (anonymous)][39m,
    doesNotHaveAllDeepKeys: [36m[Function (anonymous)][39m,
    throws: [36m[Function (anonymous)][39m,
    doesNotThrow: [36m[Function (anonymous)][39m,
    operator: [36m[Function (anonymous)][39m,
    closeTo: [36m[Function (anonymous)][39m,
    approximately: [36m[Function (anonymous)][39m,
    sameMembers: [36m[Function (anonymous)][39m,
    notSameMembers: [36m[Function (anonymous)][39m,
    sameDeepMembers: [36m[Function (anonymous)][39m,
    notSameDeepMembers: [36m[Function (anonymous)][39m,
    sameOrderedMembers: [36m[Function (anonymous)][39m,
    notSameOrderedMembers: [36m[Function (anonymous)][39m,
    sameDeepOrderedMembers: [36m[Function (anonymous)][39m,
    notSameDeepOrderedMembers: [36m[Function (anonymous)][39m,
    includeMembers: [36m[Function (anonymous)][39m,
    notIncludeMembers: [36m[Function (anonymous)][39m,
    includeDeepMembers: [36m[Function (anonymous)][39m,
    notIncludeDeepMembers: [36m[Function (anonymous)][39m,
    includeOrderedMembers: [36m[Function (anonymous)][39m,
    notIncludeOrderedMembers: [36m[Function (anonymous)][39m,
    includeDeepOrderedMembers: [36m[Function (anonymous)][39m,
    notIncludeDeepOrderedMembers: [36m[Function (anonymous)][39m,
    oneOf: [36m[Function (anonymous)][39m,
    isIterable: [36m[Function (anonymous)][39m,
    changes: [36m[Function (anonymous)][39m,
    changesBy: [36m[Function (anonymous)][39m,
    doesNotChange: [36m[Function (anonymous)][39m,
    changesButNotBy: [36m[Function (anonymous)][39m,
    increases: [36m[Function (anonymous)][39m,
    increasesBy: [36m[Function (anonymous)][39m,
    doesNotIncrease: [36m[Function (anonymous)][39m,
    increasesButNotBy: [36m[Function (anonymous)][39m,
    decreases: [36m[Function (anonymous)][39m,
    decreasesBy: [36m[Function (anonymous)][39m,
    doesNotDecrease: [36m[Function (anonymous)][39m,
    doesNotDecreaseBy: [36m[Function (anonymous)][39m,
    decreasesButNotBy: [36m[Function (anonymous)][39m,
    ifError: [36m[Function (anonymous)][39m,
    isExtensible: [36m[Function (anonymous)][39m,
    isNotExtensible: [36m[Function (anonymous)][39m,
    isSealed: [36m[Function (anonymous)][39m,
    isNotSealed: [36m[Function (anonymous)][39m,
    isFrozen: [36m[Function (anonymous)][39m,
    isNotFrozen: [36m[Function (anonymous)][39m,
    isEmpty: [36m[Function (anonymous)][39m,
    isNotEmpty: [36m[Function (anonymous)][39m,
    containsSubset: [36m[Function (anonymous)][39m,
    doesNotContainSubset: [36m[Function (anonymous)][39m,
    ok: [36m[Function (anonymous)][39m,
    notOk: [36m[Function (anonymous)][39m,
    throw: [36m[Function (anonymous)][39m,
    Throw: [36m[Function (anonymous)][39m,
    extensible: [36m[Function (anonymous)][39m,
    notExtensible: [36m[Function (anonymous)][39m,
    sealed: [36m[Function (anonymous)][39m,
    notSealed: [36m[Function (anonymous)][39m,
    frozen: [36m[Function (anonymous)][39m,
    notFrozen: [36m[Function (anonymous)][39m,
    empty: [36m[Function (anonymous)][39m,
    notEmpty: [36m[Function (anonymous)][39m,
    isFunction: [36m[Function (anonymous)][39m,
    isNotFunction: [36m[Function (anonymous)][39m,
    containSubset: [36m[Function (anonymous)][39m
  },
  expectTypeOf: [36m[Function: expectTypeOf][39m,
  assertType: [36m[Function: assertType][39m,
  vitest: {
    useFakeTimers: [36m[Function: useFakeTimers][39m,
    isFakeTimers: [36m[Function: isFakeTimers][39m,
    useRealTimers: [36m[Function: useRealTimers][39m,
    runOnlyPendingTimers: [36m[Function: runOnlyPendingTimers][39m,
    runOnlyPendingTimersAsync: [36m[AsyncFunction: runOnlyPendingTimersAsync][39m,
    runAllTimers: [36m[Function: runAllTimers][39m,
    runAllTimersAsync: [36m[AsyncFunction: runAllTimersAsync][39m,
    runAllTicks: [36m[Function: runAllTicks][39m,
    advanceTimersByTime: [36m[Function: advanceTimersByTime][39m,
    advanceTimersByTimeAsync: [36m[AsyncFunction: advanceTimersByTimeAsync][39m,
    advanceTimersToNextTimer: [36m[Function: advanceTimersToNextTimer][39m,
    advanceTimersToNextTimerAsync: [36m[AsyncFunction: advanceTimersToNextTimerAsync][39m,
    advanceTimersToNextFrame: [36m[Function: advanceTimersToNextFrame][39m,
    getTimerCount: [36m[Function: getTimerCount][39m,
    setSystemTime: [36m[Function: setSystemTime][39m,
    getMockedSystemTime: [36m[Function: getMockedSystemTime][39m,
    getRealSystemTime: [36m[Function: getRealSystemTime][39m,
    clearAllTimers: [36m[Function: clearAllTimers][39m,
    spyOn: [36m[Function: spyOn][39m,
    fn: [36m[Function: fn][39m,
    waitFor: [36m[Function: waitFor][39m,
    waitUntil: [36m[Function: waitUntil][39m,
    hoisted: [36m[Function: hoisted][39m,
    mock: [36m[Function: mock][39m,
    unmock: [36m[Function: unmock][39m,
    doMock: [36m[Function: doMock][39m,
    doUnmock: [36m[Function: doUnmock][39m,
    importActual: [36m[AsyncFunction: importActual][39m,
    importMock: [36m[AsyncFunction: importMock][39m,
    mockObject: [36m[Function: mockObject][39m,
    mocked: [36m[Function: mocked][39m,
    isMockFunction: [36m[Function: isMockFunction][39m,
    clearAllMocks: [36m[Function: clearAllMocks][39m,
    resetAllMocks: [36m[Function: resetAllMocks][39m,
    restoreAllMocks: [36m[Function: restoreAllMocks][39m,
    stubGlobal: [36m[Function: stubGlobal][39m,
    stubEnv: [36m[Function: stubEnv][39m,
    unstubAllGlobals: [36m[Function: unstubAllGlobals][39m,
    unstubAllEnvs: [36m[Function: unstubAllEnvs][39m,
    resetModules: [36m[Function: resetModules][39m,
    dynamicImportSettled: [36m[AsyncFunction: dynamicImportSettled][39m,
    setConfig: [36m[Function: setConfig][39m,
    resetConfig: [36m[Function: resetConfig][39m
  },
  vi: {
    useFakeTimers: [36m[Function: useFakeTimers][39m,
    isFakeTimers: [36m[Function: isFakeTimers][39m,
    useRealTimers: [36m[Function: useRealTimers][39m,
    runOnlyPendingTimers: [36m[Function: runOnlyPendingTimers][39m,
    runOnlyPendingTimersAsync: [36m[AsyncFunction: runOnlyPendingTimersAsync][39m,
    runAllTimers: [36m[Function: runAllTimers][39m,
    runAllTimersAsync: [36m[AsyncFunction: runAllTimersAsync][39m,
    runAllTicks: [36m[Function: runAllTicks][39m,
    advanceTimersByTime: [36m[Function: advanceTimersByTime][39m,
    advanceTimersByTimeAsync: [36m[AsyncFunction: advanceTimersByTimeAsync][39m,
    advanceTimersToNextTimer: [36m[Function: advanceTimersToNextTimer][39m,
    advanceTimersToNextTimerAsync: [36m[AsyncFunction: advanceTimersToNextTimerAsync][39m,
    advanceTimersToNextFrame: [36m[Function: advanceTimersToNextFrame][39m,
    getTimerCount: [36m[Function: getTimerCount][39m,
    setSystemTime: [36m[Function: setSystemTime][39m,
    getMockedSystemTime: [36m[Function: getMockedSystemTime][39m,
    getRealSystemTime: [36m[Function: getRealSystemTime][39m,
    clearAllTimers: [36m[Function: clearAllTimers][39m,
    spyOn: [36m[Function: spyOn][39m,
    fn: [36m[Function: fn][39m,
    waitFor: [36m[Function: waitFor][39m,
    waitUntil: [36m[Function: waitUntil][39m,
    hoisted: [36m[Function: hoisted][39m,
    mock: [36m[Function: mock][39m,
    unmock: [36m[Function: unmock][39m,
    doMock: [36m[Function: doMock][39m,
    doUnmock: [36m[Function: doUnmock][39m,
    importActual: [36m[AsyncFunction: importActual][39m,
    importMock: [36m[AsyncFunction: importMock][39m,
    mockObject: [36m[Function: mockObject][39m,
    mocked: [36m[Function: mocked][39m,
    isMockFunction: [36m[Function: isMockFunction][39m,
    clearAllMocks: [36m[Function: clearAllMocks][39m,
    resetAllMocks: [36m[Function: resetAllMocks][39m,
    restoreAllMocks: [36m[Function: restoreAllMocks][39m,
    stubGlobal: [36m[Function: stubGlobal][39m,
    stubEnv: [36m[Function: stubEnv][39m,
    unstubAllGlobals: [36m[Function: unstubAllGlobals][39m,
    unstubAllEnvs: [36m[Function: unstubAllEnvs][39m,
    resetModules: [36m[Function: resetModules][39m,
    dynamicImportSettled: [36m[AsyncFunction: dynamicImportSettled][39m,
    setConfig: [36m[Function: setConfig][39m,
    resetConfig: [36m[Function: resetConfig][39m
  },
  beforeAll: [36m[Function: beforeAll][39m,
  afterAll: [36m[Function: afterAll][39m,
  beforeEach: [36m[Function: beforeEach][39m,
  afterEach: [36m[Function: afterEach][39m,
  onTestFinished: [36m[Function (anonymous)][39m,
  onTestFailed: [36m[Function (anonymous)][39m,
  __vitest_required__: {
    util: {
      _errnoException: [36m[Function: _errnoException][39m,
      _exceptionWithHostPort: [36m[Function: _exceptionWithHostPort][39m,
      _extend: [36m[Function: deprecated][39m,
      callbackify: [36m[Function: callbackify][39m,
      debug: [36m[Function: debuglog][39m,
      debuglog: [36m[Function: debuglog][39m,
      deprecate: [36m[Function: deprecate][39m,
      format: [36m[Function: format][39m,
      styleText: [36m[Function: styleText][39m,
      formatWithOptions: [36m[Function: formatWithOptions][39m,
      getCallSite: [36m[Function: deprecated][39m,
      getCallSites: [36m[Function: getCallSites][39m,
      getSystemErrorMap: [36m[Function: getSystemErrorMap][39m,
      getSystemErrorName: [36m[Function: getSystemErrorName][39m,
      getSystemErrorMessage: [36m[Function: getSystemErrorMessage][39m,
      inherits: [36m[Function: inherits][39m,
      inspect: [36m[Function][39m,
      isArray: [36m[Function: deprecated][39m,
      isBoolean: [36m[Function: deprecated][39m,
      isBuffer: [36m[Function: deprecated][39m,
      isDeepStrictEqual: [36m[Function: isDeepStrictEqual][39m,
      isNull: [36m[Function: deprecated][39m,
      isNullOrUndefined: [36m[Function: deprecated][39m,
      isNumber: [36m[Function: deprecated][39m,
      isString: [36m[Function: deprecated][39m,
      isSymbol: [36m[Function: deprecated][39m,
      isUndefined: [36m[Function: deprecated][39m,
      isRegExp: [36m[Function: deprecated][39m,
      isObject: [36m[Function: deprecated][39m,
      isDate: [36m[Function: deprecated][39m,
      isError: [36m[Function: deprecated][39m,
      isFunction: [36m[Function: deprecated][39m,
      isPrimitive: [36m[Function: deprecated][39m,
      log: [36m[Function: deprecated][39m,
      promisify: [36m[Function][39m,
      stripVTControlCharacters: [36m[Function: stripVTControlCharacters][39m,
      toUSVString: [36m[Function: toUSVString][39m,
      transferableAbortSignal: [36m[Getter][39m,
      transferableAbortController: [36m[Getter][39m,
      aborted: [36m[Getter][39m,
      types: [36m[Object][39m,
      parseEnv: [36m[Function: parseEnv][39m,
      parseArgs: [36m[Function: parseArgs][39m,
      TextDecoder: [36m[class TextDecoder][39m,
      TextEncoder: [36m[class TextEncoder][39m,
      MIMEType: [36m[class MIMEType][39m,
      MIMEParams: [36m[class MIMEParams][39m,
      diff: [36m[Function: diff][39m,
      setTraceSigInt: [36m[Function: setTraceSigInt][39m
    },
    timers: {
      setTimeout: [36m[Function][39m,
      clearTimeout: [36m[Function: clearTimeout][39m,
      setImmediate: [36m[Function][39m,
      clearImmediate: [36m[Function: clearImmediate][39m,
      setInterval: [36m[Function: setInterval][39m,
      clearInterval: [36m[Function: clearInterval][39m,
      _unrefActive: [36m[Function: deprecated][39m,
      active: [36m[Function: deprecated][39m,
      unenroll: [36m[Function: deprecated][39m,
      enroll: [36m[Function: deprecated][39m,
      promises: [36m[Getter][39m
    },
    timersPromises: {
      setTimeout: [36m[Function: setTimeout][39m,
      setImmediate: [36m[Function: setImmediate][39m,
      setInterval: [36m[AsyncGeneratorFunction: setInterval][39m,
      scheduler: [36m[Scheduler][39m
    }
  },
  ch: [33m107[39m,
  ResizeObserver: [36m[class ResizeObserverMock][39m,
  [[32mSymbol(vitest:SAFE_TIMERS)[39m]: {
    nextTick: [36m[Function: nextTick][39m,
    setTimeout: [Function: setTimeout] {
      [[32mSymbol(nodejs.util.promisify.custom)[39m]: [36m[Getter][39m
    },
    setInterval: [36m[Function: setInterval][39m,
    clearInterval: [36m[Function: clearInterval][39m,
    clearTimeout: [36m[Function: clearTimeout][39m,
    setImmediate: [Function: setImmediate] {
      [[32mSymbol(nodejs.util.promisify.custom)[39m]: [36m[Getter][39m
    },
    clearImmediate: [36m[Function: clearImmediate][39m,
    queueMicrotask: [36m[Function: queueMicrotask][39m
  }
}

[90mstderr[2m | src/components/__tests__/tutorial-spotlight.test.ts[2m > 
[22m[2minitializeTutorialSpotlight[2m > [22m[2mshould add spotlight to document body
[22m[39mBaseComponent.on: Target is not HTMLElement, Document, or Window [36m<ref *1>[39m Object [global] {
  global: [36m[Circular *1][39m,
  clearImmediate: [36m[Function: clearImmediate][39m,
  setImmediate: [Function: setImmediate] {
    [[32mSymbol(nodejs.util.promisify.custom)[39m]: [36m[Getter][39m
  },
  clearInterval: [36m[Function: clearInterval][39m,
  clearTimeout: [36m[Function: clearTimeout][39m,
  setInterval: [36m[Function: setInterval][39m,
  setTimeout: [Function: setTimeout] {
    [[32mSymbol(nodejs.util.promisify.custom)[39m]: [36m[Getter][39m
  },
  queueMicrotask: [36m[Function: queueMicrotask][39m,
  structuredClone: [36m[Function: structuredClone][39m,
  atob: [36m[Function: atob][39m,
  btoa: [36m[Function: btoa][39m,
  performance: [36m[Getter/Setter][39m,
  fetch: [36m[Function: fetch][39m,
  navigator: [36m[Getter/Setter][39m,
  crypto: [36m[Getter][39m,
  window: [36m[Circular *1][39m,
  self: [36m[Circular *1][39m,
  top: [36m[Circular *1][39m,
  parent: [36m[Circular *1][39m,
  jsdom: JSDOM {
    [[32mSymbol(window)[39m]: [36m<ref *2>[39m Window {
      StyleSheet: [36m[Function: StyleSheet][39m,
      MediaList: [36m[Function: MediaList][39m,
      CSSStyleSheet: [36m[Function: CSSStyleSheet][39m,
      CSSRule: [36m[Function][39m,
      CSSStyleRule: [36m[Function][39m,
      CSSMediaRule: [36m[Function: CSSMediaRule][39m,
      CSSImportRule: [36m[Function: CSSImportRule][39m,
      CSSStyleDeclaration: [36m[class CSSStyleDeclaration][39m,
      XPathException: [36m[Function][39m,
      XPathExpression: [36m[Function: XPathExpression][39m,
      XPathResult: [36m[Function][39m,
      XPathEvaluator: [36m[Function: XPathEvaluator][39m,
      onafterprint: [36m[Getter/Setter][39m,
      onbeforeprint: [36m[Getter/Setter][39m,
      onbeforeunload: [36m[Getter/Setter][39m,
      onhashchange: [36m[Getter/Setter][39m,
      onlanguagechange: [36m[Getter/Setter][39m,
      onmessage: [36m[Getter/Setter][39m,
      onmessageerror: [36m[Getter/Setter][39m,
      onoffline: [36m[Getter/Setter][39m,
      ononline: [36m[Getter/Setter][39m,
      onpagehide: [36m[Getter/Setter][39m,
      onpageshow: [36m[Getter/Setter][39m,
      onpopstate: [36m[Getter/Setter][39m,
      onrejectionhandled: [36m[Getter/Setter][39m,
      onstorage: [36m[Getter/Setter][39m,
      onunhandledrejection: [36m[Getter/Setter][39m,
      onunload: [36m[Getter/Setter][39m,
      onblur: [36m[Getter/Setter][39m,
      onerror: [36m[Getter/Setter][39m,
      onfocus: [36m[Getter/Setter][39m,
      onload: [36m[Getter/Setter][39m,
      onresize: [36m[Getter/Setter][39m,
      onscroll: [36m[Getter/Setter][39m,
      onabort: [36m[Getter/Setter][39m,
      onauxclick: [36m[Getter/Setter][39m,
      onbeforeinput: [36m[Getter/Setter][39m,
      onbeforematch: [36m[Getter/Setter][39m,
      onbeforetoggle: [36m[Getter/Setter][39m,
      oncancel: [36m[Getter/Setter][39m,
      oncanplay: [36m[Getter/Setter][39m,
      oncanplaythrough: [36m[Getter/Setter][39m,
      onchange: [36m[Getter/Setter][39m,
      onclick: [36m[Getter/Setter][39m,
      onclose: [36m[Getter/Setter][39m,
      oncontextlost: [36m[Getter/Setter][39m,
      oncontextmenu: [36m[Getter/Setter][39m,
      oncontextrestored: [36m[Getter/Setter][39m,
      oncopy: [36m[Getter/Setter][39m,
      oncuechange: [36m[Getter/Setter][39m,
      oncut: [36m[Getter/Setter][39m,
      ondblclick: [36m[Getter/Setter][39m,
      ondrag: [36m[Getter/Setter][39m,
      ondragend: [36m[Getter/Setter][39m,
      ondragenter: [36m[Getter/Setter][39m,
      ondragleave: [36m[Getter/Setter][39m,
      ondragover: [36m[Getter/Setter][39m,
      ondragstart: [36m[Getter/Setter][39m,
      ondrop: [36m[Getter/Setter][39m,
      ondurationchange: [36m[Getter/Setter][39m,
      onemptied: [36m[Getter/Setter][39m,
      onended: [36m[Getter/Setter][39m,
      onformdata: [36m[Getter/Setter][39m,
      oninput: [36m[Getter/Setter][39m,
      oninvalid: [36m[Getter/Setter][39m,
      onkeydown: [36m[Getter/Setter][39m,
      onkeypress: [36m[Getter/Setter][39m,
      onkeyup: [36m[Getter/Setter][39m,
      onloadeddata: [36m[Getter/Setter][39m,
      onloadedmetadata: [36m[Getter/Setter][39m,
      onloadstart: [36m[Getter/Setter][39m,
      onmousedown: [36m[Getter/Setter][39m,
      onmouseenter: [36m[Getter/Setter][39m,
      onmouseleave: [36m[Getter/Setter][39m,
      onmousemove: [36m[Getter/Setter][39m,
      onmouseout: [36m[Getter/Setter][39m,
      onmouseover: [36m[Getter/Setter][39m,
      onmouseup: [36m[Getter/Setter][39m,
      onpaste: [36m[Getter/Setter][39m,
      onpause: [36m[Getter/Setter][39m,
      onplay: [36m[Getter/Setter][39m,
      onplaying: [36m[Getter/Setter][39m,
      onprogress: [36m[Getter/Setter][39m,
      onratechange: [36m[Getter/Setter][39m,
      onreset: [36m[Getter/Setter][39m,
      onscrollend: [36m[Getter/Setter][39m,
      onsecuritypolicyviolation: [36m[Getter/Setter][39m,
      onseeked: [36m[Getter/Setter][39m,
      onseeking: [36m[Getter/Setter][39m,
      onselect: [36m[Getter/Setter][39m,
      onslotchange: [36m[Getter/Setter][39m,
      onstalled: [36m[Getter/Setter][39m,
      onsubmit: [36m[Getter/Setter][39m,
      onsuspend: [36m[Getter/Setter][39m,
      ontimeupdate: [36m[Getter/Setter][39m,
      ontoggle: [36m[Getter/Setter][39m,
      onvolumechange: [36m[Getter/Setter][39m,
      onwaiting: [36m[Getter/Setter][39m,
      onwebkitanimationend: [36m[Getter/Setter][39m,
      onwebkitanimationiteration: [36m[Getter/Setter][39m,
      onwebkitanimationstart: [36m[Getter/Setter][39m,
      onwebkittransitionend: [36m[Getter/Setter][39m,
      onwheel: [36m[Getter/Setter][39m,
      ontouchstart: [36m[Getter/Setter][39m,
      ontouchend: [36m[Getter/Setter][39m,
      ontouchmove: [36m[Getter/Setter][39m,
      ontouchcancel: [36m[Getter/Setter][39m,
      _registeredHandlers: Set(0) {},
      _eventHandlers: [Object: null prototype] {},
      onautocomplete: [36m[Getter/Setter][39m,
      onautocompleteerror: [36m[Getter/Setter][39m,
      onsort: [36m[Getter/Setter][39m,
      _globalObject: [36m[Circular *2][39m,
      _resourceLoader: [36m[NoOpResourceLoader][39m,
      _globalProxy: [36m[Object [Window]][39m,
      _document: [36m[Document][39m,
      _origin: [32m'http://localhost:3000'[39m,
      _sessionHistory: [36m[SessionHistory][39m,
      _virtualConsole: [36m[VirtualConsole][39m,
      _runScripts: [32m'dangerously'[39m,
      _top: [36m[Object [Window]][39m,
      _parent: [36m[Object [Window]][39m,
      _frameElement: [1mnull[22m,
      _length: [33m0[39m,
 [32mΓ£ô[39m src/components/__tests__/theme-switcher.test.ts[2m > [22mThemeSwitcher[2m > [22mState Management[2m > [22mshould get component state[32m 107[2mms[22m[39m
      _currentEvent: [90mundefined[39m,
      _pretendToBeVisual: [33mtrue[39m,
      _storageQuota: [33m5000000[39m,
      _commonForOrigin: [36m[Object][39m,
      _currentOriginData: [36m[Object][39m,
      _localStorage: Storage {},
      _sessionStorage: Storage {},
      _selection: [36m[SelectionImpl][39m,
      getSelection: [36m[Function (anonymous)][39m,
      _customElementRegistry: CustomElementRegistry {},
      length: [36m[Getter/Setter][39m,
      window: [36m[Getter][39m,
      frameElement: [36m[Getter][39m,
      frames: [36m[Getter/Setter][39m,
      self: [36m[Getter/Setter][39m,
      parent: [36m[Getter/Setter][39m,
      top: [36m[Getter][39m,
      document: [36m[Getter][39m,
      external: [36m[Getter/Setter][39m,
      location: [36m[Getter/Setter][39m,
      history: [36m[Getter][39m,
      navigator: [36m[Getter][39m,
      locationbar: [36m[Getter/Setter][39m,
      menubar: [36m[Getter/Setter][39m,
      personalbar: [36m[Getter/Setter][39m,
      scrollbars: [36m[Getter/Setter][39m,
      statusbar: [36m[Getter/Setter][39m,
      toolbar: [36m[Getter/Setter][39m,
      performance: [36m[Getter][39m,
      screen: [36m[Getter/Setter][39m,
      crypto: [36m[Getter][39m,
      origin: [36m[Getter/Setter][39m,
      localStorage: [36m[Getter][39m,
      sessionStorage: [36m[Getter][39m,
      customElements: [36m[Getter][39m,
      event: [36m[Getter/Setter][39m,
      setTimeout: [36m[Function (anonymous)][39m,
      setInterval: [36m[Function (anonymous)][39m,
      clearTimeout: [36m[Function (anonymous)][39m,
      clearInterval: [36m[Function (anonymous)][39m,
      queueMicrotask: [36m[Function (anonymous)][39m,
      requestAnimationFrame: [36m[Function (anonymous)][39m,
      cancelAnimationFrame: [36m[Function (anonymous)][39m,
      postMessage: [36m[Function (anonymous)][39m,
      atob: [36m[Function (anonymous)][39m,
      btoa: [36m[Function (anonymous)][39m,
      stop: [36m[Function (anonymous)][39m,
      close: [36m[Function (anonymous)][39m,
      getComputedStyle: [36m[Function (anonymous)][39m,
      captureEvents: [36m[Function (anonymous)][39m,
      releaseEvents: [36m[Function (anonymous)][39m,
      console: [36m[Object][39m,
      name: [32m''[39m,
      status: [32m''[39m,
      devicePixelRatio: [33m1[39m,
      innerWidth: [33m1024[39m,
      innerHeight: [33m768[39m,
      outerWidth: [33m1024[39m,
      outerHeight: [33m768[39m,
      pageXOffset: [33m0[39m,
      pageYOffset: [33m0[39m,
      screenX: [33m0[39m,
      screenLeft: [33m0[39m,
      screenY: [33m0[39m,
      screenTop: [33m0[39m,
      scrollX: [33m0[39m,
      scrollY: [33m0[39m,
      alert: [36m[Function (anonymous)][39m,
      blur: [36m[Function (anonymous)][39m,
      confirm: [36m[Function (anonymous)][39m,
      focus: [36m[Function (anonymous)][39m,
      moveBy: [36m[Function (anonymous)][39m,
      moveTo: [36m[Function (anonymous)][39m,
      open: [36m[Function (anonymous)][39m,
      print: [36m[Function (anonymous)][39m,
      prompt: [36m[Function (anonymous)][39m,
      resizeBy: [36m[Function (anonymous)][39m,
      resizeTo: [36m[Function (anonymous)][39m,
      scroll: [36m[Function (anonymous)][39m,
      scrollBy: [36m[Function (anonymous)][39m,
      scrollTo: [36m[Function (anonymous)][39m,
      [[32mSymbol([webidl2js] constructor registry)[39m]: [36m[Object: null prototype][39m,
      [[32mSymbol(named property tracker)[39m]: [36m[NamedPropertiesTracker][39m
    }
  },
  suite: [Function: chain] {
    each: [36m[Function (anonymous)][39m,
    for: [36m[Function (anonymous)][39m,
    skipIf: [36m[Function (anonymous)][39m,
    runIf: [36m[Function (anonymous)][39m,
    withContext: [36m[Function (anonymous)][39m,
    setContext: [36m[Function (anonymous)][39m,
    mergeContext: [36m[Function (anonymous)][39m,
    fn: [Function: suiteFn] {
      each: [36m[Function (anonymous)][39m,
      for: [36m[Function (anonymous)][39m,
      skipIf: [36m[Function (anonymous)][39m,
      runIf: [36m[Function (anonymous)][39m
    }
  },
  test: [Function: chain] {
    each: [36m[Function (anonymous)][39m,
    for: [36m[Function (anonymous)][39m,
    skipIf: [36m[Function (anonymous)][39m,
    runIf: [36m[Function (anonymous)][39m,
    scoped: [36m[Function (anonymous)][39m,
    extend: [36m[Function (anonymous)][39m,
    beforeEach: [36m[Function: beforeEach][39m,
    afterEach: [36m[Function: afterEach][39m,
    beforeAll: [36m[Function: beforeAll][39m,
    afterAll: [36m[Function: afterAll][39m,
    withContext: [36m[Function (anonymous)][39m,
    setContext: [36m[Function (anonymous)][39m,
    mergeContext: [36m[Function (anonymous)][39m,
    fn: [Function (anonymous)] {
      each: [36m[Function (anonymous)][39m,
      for: [36m[Function (anonymous)][39m,
      skipIf: [36m[Function (anonymous)][39m,
      runIf: [36m[Function (anonymous)][39m,
      scoped: [36m[Function (anonymous)][39m,
      extend: [36m[Function (anonymous)][39m,
      beforeEach: [36m[Function: beforeEach][39m,
      afterEach: [36m[Function: afterEach][39m,
      beforeAll: [36m[Function: beforeAll][39m,
      afterAll: [36m[Function: afterAll][39m
    }
  },
  describe: [Function: chain] {
    each: [36m[Function (anonymous)][39m,
    for: [36m[Function (anonymous)][39m,
    skipIf: [36m[Function (anonymous)][39m,
    runIf: [36m[Function (anonymous)][39m,
    withContext: [36m[Function (anonymous)][39m,
    setContext: [36m[Function (anonymous)][39m,
    mergeContext: [36m[Function (anonymous)][39m,
    fn: [Function: suiteFn] {
      each: [36m[Function (anonymous)][39m,
      for: [36m[Function (anonymous)][39m,
      skipIf: [36m[Function (anonymous)][39m,
      runIf: [36m[Function (anonymous)][39m
    }
  },
  it: [Function: chain] {
    each: [36m[Function (anonymous)][39m,
    for: [36m[Function (anonymous)][39m,
    skipIf: [36m[Function (anonymous)][39m,
    runIf: [36m[Function (anonymous)][39m,
    scoped: [36m[Function (anonymous)][39m,
    extend: [36m[Function (anonymous)][39m,
    beforeEach: [36m[Function: beforeEach][39m,
    afterEach: [36m[Function: afterEach][39m,
    beforeAll: [36m[Function: beforeAll][39m,
    afterAll: [36m[Function: afterAll][39m,
    withContext: [36m[Function (anonymous)][39m,
    setContext: [36m[Function (anonymous)][39m,
    mergeContext: [36m[Function (anonymous)][39m,
    fn: [Function (anonymous)] {
      each: [36m[Function (anonymous)][39m,
      for: [36m[Function (anonymous)][39m,
      skipIf: [36m[Function (anonymous)][39m,
      runIf: [36m[Function (anonymous)][39m,
      scoped: [36m[Function (anonymous)][39m,
      extend: [36m[Function (anonymous)][39m,
      beforeEach: [36m[Function: beforeEach][39m,
      afterEach: [36m[Function: afterEach][39m,
      beforeAll: [36m[Function: beforeAll][39m,
      afterAll: [36m[Function: afterAll][39m
    }
  },
  chai: [Module: null prototype] {
    Assertion: [36m[class Assertion][39m,
    AssertionError: [36m[class AssertionError extends Error][39m,
    Should: [36m[Function: loadShould][39m,
    assert: [Function: assert] {
      fail: [36m[Function (anonymous)][39m,
      isOk: [36m[Function (anonymous)][39m,
      isNotOk: [36m[Function (anonymous)][39m,
      equal: [36m[Function (anonymous)][39m,
      notEqual: [36m[Function (anonymous)][39m,
      strictEqual: [36m[Function (anonymous)][39m,
      notStrictEqual: [36m[Function (anonymous)][39m,
      deepStrictEqual: [36m[Function (anonymous)][39m,
      deepEqual: [36m[Function (anonymous)][39m,
      notDeepEqual: [36m[Function (anonymous)][39m,
      isAbove: [36m[Function (anonymous)][39m,
      isAtLeast: [36m[Function (anonymous)][39m,
      isBelow: [36m[Function (anonymous)][39m,
      isAtMost: [36m[Function (anonymous)][39m,
      isTrue: [36m[Function (anonymous)][39m,
      isNotTrue: [36m[Function (anonymous)][39m,
      isFalse: [36m[Function (anonymous)][39m,
      isNotFalse: [36m[Function (anonymous)][39m,
      isNull: [36m[Function (anonymous)][39m,
      isNotNull: [36m[Function (anonymous)][39m,
      isNaN: [36m[Function (anonymous)][39m,
      isNotNaN: [36m[Function (anonymous)][39m,
      exists: [36m[Function (anonymous)][39m,
      notExists: [36m[Function (anonymous)][39m,
      isUndefined: [36m[Function (anonymous)][39m,
      isDefined: [36m[Function (anonymous)][39m,
      isCallable: [36m[Function (anonymous)][39m,
      isNotCallable: [36m[Function (anonymous)][39m,
      isObject: [36m[Function (anonymous)][39m,
      isNotObject: [36m[Function (anonymous)][39m,
      isArray: [36m[Function (anonymous)][39m,
      isNotArray: [36m[Function (anonymous)][39m,
      isString: [36m[Function (anonymous)][39m,
      isNotString: [36m[Function (anonymous)][39m,
      isNumber: [36m[Function (anonymous)][39m,
      isNotNumber: [36m[Function (anonymous)][39m,
      isNumeric: [36m[Function (anonymous)][39m,
      isNotNumeric: [36m[Function (anonymous)][39m,
      isFinite: [36m[Function (anonymous)][39m,
      isBoolean: [36m[Function (anonymous)][39m,
      isNotBoolean: [36m[Function (anonymous)][39m,
      typeOf: [36m[Function (anonymous)][39m,
      notTypeOf: [36m[Function (anonymous)][39m,
      instanceOf: [36m[Function (anonymous)][39m,
      notInstanceOf: [36m[Function (anonymous)][39m,
      include: [36m[Function (anonymous)][39m,
      notInclude: [36m[Function (anonymous)][39m,
      deepInclude: [36m[Function (anonymous)][39m,
      notDeepInclude: [36m[Function (anonymous)][39m,
      nestedInclude: [36m[Function (anonymous)][39m,
      notNestedInclude: [36m[Function (anonymous)][39m,
      deepNestedInclude: [36m[Function (anonymous)][39m,
      notDeepNestedInclude: [36m[Function (anonymous)][39m,
      ownInclude: [36m[Function (anonymous)][39m,
      notOwnInclude: [36m[Function (anonymous)][39m,
      deepOwnInclude: [36m[Function (anonymous)][39m,
      notDeepOwnInclude: [36m[Function (anonymous)][39m,
      match: [36m[Function (anonymous)][39m,
      notMatch: [36m[Function (anonymous)][39m,
      property: [36m[Function (anonymous)][39m,
      notProperty: [36m[Function (anonymous)][39m,
      propertyVal: [36m[Function (anonymous)][39m,
      notPropertyVal: [36m[Function (anonymous)][39m,
      deepPropertyVal: [36m[Function (anonymous)][39m,
      notDeepPropertyVal: [36m[Function (anonymous)][39m,
      ownProperty: [36m[Function (anonymous)][39m,
      notOwnProperty: [36m[Function (anonymous)][39m,
      ownPropertyVal: [36m[Function (anonymous)][39m,
      notOwnPropertyVal: [36m[Function (anonymous)][39m,
      deepOwnPropertyVal: [36m[Function (anonymous)][39m,
      notDeepOwnPropertyVal: [36m[Function (anonymous)][39m,
      nestedProperty: [36m[Function (anonymous)][39m,
      notNestedProperty: [36m[Function (anonymous)][39m,
      nestedPropertyVal: [36m[Function (anonymous)][39m,
      notNestedPropertyVal: [36m[Function (anonymous)][39m,
      deepNestedPropertyVal: [36m[Function (anonymous)][39m,
      notDeepNestedPropertyVal: [36m[Function (anonymous)][39m,
      lengthOf: [36m[Function (anonymous)][39m,
      hasAnyKeys: [36m[Function (anonymous)][39m,
      hasAllKeys: [36m[Function (anonymous)][39m,
      containsAllKeys: [36m[Function (anonymous)][39m,
      doesNotHaveAnyKeys: [36m[Function (anonymous)][39m,
      doesNotHaveAllKeys: [36m[Function (anonymous)][39m,
      hasAnyDeepKeys: [36m[Function (anonymous)][39m,
      hasAllDeepKeys: [36m[Function (anonymous)][39m,
      containsAllDeepKeys: [36m[Function (anonymous)][39m,
      doesNotHaveAnyDeepKeys: [36m[Function (anonymous)][39m,
      doesNotHaveAllDeepKeys: [36m[Function (anonymous)][39m,
      throws: [36m[Function (anonymous)][39m,
      doesNotThrow: [36m[Function (anonymous)][39m,
      operator: [36m[Function (anonymous)][39m,
      closeTo: [36m[Function (anonymous)][39m,
      approximately: [36m[Function (anonymous)][39m,
      sameMembers: [36m[Function (anonymous)][39m,
      notSameMembers: [36m[Function (anonymous)][39m,
      sameDeepMembers: [36m[Function (anonymous)][39m,
      notSameDeepMembers: [36m[Function (anonymous)][39m,
      sameOrderedMembers: [36m[Function (anonymous)][39m,
      notSameOrderedMembers: [36m[Function (anonymous)][39m,
      sameDeepOrderedMembers: [36m[Function (anonymous)][39m,
      notSameDeepOrderedMembers: [36m[Function (anonymous)][39m,
      includeMembers: [36m[Function (anonymous)][39m,
      notIncludeMembers: [36m[Function (anonymous)][39m,
      includeDeepMembers: [36m[Function (anonymous)][39m,
      notIncludeDeepMembers: [36m[Function (anonymous)][39m,
      includeOrderedMembers: [36m[Function (anonymous)][39m,
      notIncludeOrderedMembers: [36m[Function (anonymous)][39m,
      includeDeepOrderedMembers: [36m[Function (anonymous)][39m,
      notIncludeDeepOrderedMembers: [36m[Function (anonymous)][39m,
      oneOf: [36m[Function (anonymous)][39m,
      isIterable: [36m[Function (anonymous)][39m,
      changes: [36m[Function (anonymous)][39m,
      changesBy: [36m[Function (anonymous)][39m,
      doesNotChange: [36m[Function (anonymous)][39m,
      changesButNotBy: [36m[Function (anonymous)][39m,
      increases: [36m[Function (anonymous)][39m,
      increasesBy: [36m[Function (anonymous)][39m,
      doesNotIncrease: [36m[Function (anonymous)][39m,
      increasesButNotBy: [36m[Function (anonymous)][39m,
      decreases: [36m[Function (anonymous)][39m,
      decreasesBy: [36m[Function (anonymous)][39m,
      doesNotDecrease: [36m[Function (anonymous)][39m,
      doesNotDecreaseBy: [36m[Function (anonymous)][39m,
      decreasesButNotBy: [36m[Function (anonymous)][39m,
      ifError: [36m[Function (anonymous)][39m,
      isExtensible: [36m[Function (anonymous)][39m,
      isNotExtensible: [36m[Function (anonymous)][39m,
      isSealed: [36m[Function (anonymous)][39m,
      isNotSealed: [36m[Function (anonymous)][39m,
      isFrozen: [36m[Function (anonymous)][39m,
      isNotFrozen: [36m[Function (anonymous)][39m,
      isEmpty: [36m[Function (anonymous)][39m,
      isNotEmpty: [36m[Function (anonymous)][39m,
      containsSubset: [36m[Function (anonymous)][39m,
      doesNotContainSubset: [36m[Function (anonymous)][39m,
      ok: [36m[Function (anonymous)][39m,
      notOk: [36m[Function (anonymous)][39m,
      throw: [36m[Function (anonymous)][39m,
      Throw: [36m[Function (anonymous)][39m,
      extensible: [36m[Function (anonymous)][39m,
      notExtensible: [36m[Function (anonymous)][39m,
      sealed: [36m[Function (anonymous)][39m,
      notSealed: [36m[Function (anonymous)][39m,
      frozen: [36m[Function (anonymous)][39m,
      notFrozen: [36m[Function (anonymous)][39m,
      empty: [36m[Function (anonymous)][39m,
      notEmpty: [36m[Function (anonymous)][39m,
      isFunction: [36m[Function (anonymous)][39m,
      isNotFunction: [36m[Function (anonymous)][39m,
      containSubset: [36m[Function (anonymous)][39m
    },
    config: {
      includeStack: [33mfalse[39m,
      showDiff: [33mtrue[39m,
      truncateThreshold: [33m40[39m,
      useProxy: [33mtrue[39m,
      proxyExcludedKeys: [36m[Array][39m,
      deepEqual: [1mnull[22m
    },
    expect: [Function: expect] {
      fail: [36m[Function (anonymous)][39m,
      extend: [36m[Function: methodWrapper][39m,
      addSnapshotSerializer: [36m[Function: methodWrapper][39m,
      anything: [36m[Function: methodWrapper][39m,
      any: [36m[Function: methodWrapper][39m,
      stringContaining: [36m[Function: methodWrapper][39m,
      objectContaining: [36m[Function: methodWrapper][39m,
      arrayContaining: [36m[Function: methodWrapper][39m,
      stringMatching: [36m[Function: methodWrapper][39m,
      closeTo: [36m[Function: methodWrapper][39m,
      schemaMatching: [36m[Function: methodWrapper][39m,
      not: [36m[Object][39m,
      __flags: [36m[Object: null prototype][39m
    },
    should: [36m[Function: loadShould][39m,
    use: [36m[Function: use][39m,
    util: {
      addChainableMethod: [36m[Getter][39m,
      addLengthGuard: [36m[Getter][39m,
      addMethod: [36m[Getter][39m,
      addProperty: [36m[Getter][39m,
      checkError: [36m[Getter][39m,
      compareByInspect: [36m[Getter][39m,
      eql: [36m[Getter][39m,
      events: [36m[Getter][39m,
      expectTypes: [36m[Getter][39m,
      flag: [36m[Getter][39m,
      getActual: [36m[Getter][39m,
      getMessage: [36m[Getter][39m,
      getName: [36m[Getter][39m,
      getOperator: [36m[Getter][39m,
      getOwnEnumerableProperties: [36m[Getter][39m,
      getOwnEnumerablePropertySymbols: [36m[Getter][39m,
      getPathInfo: [36m[Getter][39m,
      hasProperty: [36m[Getter][39m,
      inspect: [36m[Getter][39m,
      isNaN: [36m[Getter][39m,
      isNumeric: [36m[Getter][39m,
      isProxyEnabled: [36m[Getter][39m,
      isRegExp: [36m[Getter][39m,
      objDisplay: [36m[Getter][39m,
      overwriteChainableMethod: [36m[Getter][39m,
      overwriteMethod: [36m[Getter][39m,
      overwriteProperty: [36m[Getter][39m,
      proxify: [36m[Getter][39m,
      test: [36m[Getter][39m,
      transferFlags: [36m[Getter][39m,
      type: [36m[Getter][39m
    }
  },
  expect: [Function: expect] {
    fail: [36m[Function (anonymous)][39m,
    extend: [36m[Function (anonymous)][39m,
    addSnapshotSerializer: [36m[Function: methodWrapper][39m,
    anything: [36m[Function: methodWrapper][39m,
    any: [36m[Function: methodWrapper][39m,
    stringContaining: [36m[Function: methodWrapper][39m,
    objectContaining: [36m[Function: methodWrapper][39m,
    arrayContaining: [36m[Function: methodWrapper][39m,
    stringMatching: [36m[Function: methodWrapper][39m,
    closeTo: [36m[Function: methodWrapper][39m,
    schemaMatching: [36m[Function: methodWrapper][39m,
    not: {
      stringContaining: [36m[Function: stringContaining][39m,
      objectContaining: [36m[Function: objectContaining][39m,
      arrayContaining: [36m[Function: arrayContaining][39m,
      stringMatching: [36m[Function: stringMatching][39m,
      closeTo: [36m[Function: closeTo][39m,
      schemaMatching: [36m[Function: schemaMatching][39m,
      toSatisfy: [36m[Function: value][39m,
      toBeOneOf: [36m[Function: value][39m
    },
    getState: [36m[Function (anonymous)][39m,
    setState: [36m[Function (anonymous)][39m,
    assert: [Function: assert] {
      fail: [36m[Function (anonymous)][39m,
      isOk: [36m[Function (anonymous)][39m,
      isNotOk: [36m[Function (anonymous)][39m,
      equal: [36m[Function (anonymous)][39m,
      notEqual: [36m[Function (anonymous)][39m,
      strictEqual: [36m[Function (anonymous)][39m,
      notStrictEqual: [36m[Function (anonymous)][39m,
      deepStrictEqual: [36m[Function (anonymous)][39m,
      deepEqual: [36m[Function (anonymous)][39m,
      notDeepEqual: [36m[Function (anonymous)][39m,
      isAbove: [36m[Function (anonymous)][39m,
      isAtLeast: [36m[Function (anonymous)][39m,
      isBelow: [36m[Function (anonymous)][39m,
      isAtMost: [36m[Function (anonymous)][39m,
      isTrue: [36m[Function (anonymous)][39m,
      isNotTrue: [36m[Function (anonymous)][39m,
      isFalse: [36m[Function (anonymous)][39m,
      isNotFalse: [36m[Function (anonymous)][39m,
      isNull: [36m[Function (anonymous)][39m,
      isNotNull: [36m[Function (anonymous)][39m,
      isNaN: [36m[Function (anonymous)][39m,
      isNotNaN: [36m[Function (anonymous)][39m,
      exists: [36m[Function (anonymous)][39m,
      notExists: [36m[Function (anonymous)][39m,
      isUndefined: [36m[Function (anonymous)][39m,
      isDefined: [36m[Function (anonymous)][39m,
      isCallable: [36m[Function (anonymous)][39m,
      isNotCallable: [36m[Function (anonymous)][39m,
      isObject: [36m[Function (anonymous)][39m,
      isNotObject: [36m[Function (anonymous)][39m,
      isArray: [36m[Function (anonymous)][39m,
      isNotArray: [36m[Function (anonymous)][39m,
      isString: [36m[Function (anonymous)][39m,
      isNotString: [36m[Function (anonymous)][39m,
      isNumber: [36m[Function (anonymous)][39m,
      isNotNumber: [36m[Function (anonymous)][39m,
      isNumeric: [36m[Function (anonymous)][39m,
      isNotNumeric: [36m[Function (anonymous)][39m,
      isFinite: [36m[Function (anonymous)][39m,
      isBoolean: [36m[Function (anonymous)][39m,
      isNotBoolean: [36m[Function (anonymous)][39m,
      typeOf: [36m[Function (anonymous)][39m,
      notTypeOf: [36m[Function (anonymous)][39m,
      instanceOf: [36m[Function (anonymous)][39m,
      notInstanceOf: [36m[Function (anonymous)][39m,
      include: [36m[Function (anonymous)][39m,
      notInclude: [36m[Function (anonymous)][39m,
      deepInclude: [36m[Function (anonymous)][39m,
      notDeepInclude: [36m[Function (anonymous)][39m,
      nestedInclude: [36m[Function (anonymous)][39m,
      notNestedInclude: [36m[Function (anonymous)][39m,
      deepNestedInclude: [36m[Function (anonymous)][39m,
      notDeepNestedInclude: [36m[Function (anonymous)][39m,
      ownInclude: [36m[Function (anonymous)][39m,
      notOwnInclude: [36m[Function (anonymous)][39m,
      deepOwnInclude: [36m[Function (anonymous)][39m,
      notDeepOwnInclude: [36m[Function (anonymous)][39m,
      match: [36m[Function (anonymous)][39m,
      notMatch: [36m[Function (anonymous)][39m,
      property: [36m[Function (anonymous)][39m,
      notProperty: [36m[Function (anonymous)][39m,
      propertyVal: [36m[Function (anonymous)][39m,
      notPropertyVal: [36m[Function (anonymous)][39m,
      deepPropertyVal: [36m[Function (anonymous)][39m,
      notDeepPropertyVal: [36m[Function (anonymous)][39m,
      ownProperty: [36m[Function (anonymous)][39m,
      notOwnProperty: [36m[Function (anonymous)][39m,
      ownPropertyVal: [36m[Function (anonymous)][39m,
      notOwnPropertyVal: [36m[Function (anonymous)][39m,
      deepOwnPropertyVal: [36m[Function (anonymous)][39m,
      notDeepOwnPropertyVal: [36m[Function (anonymous)][39m,
      nestedProperty: [36m[Function (anonymous)][39m,
      notNestedProperty: [36m[Function (anonymous)][39m,
      nestedPropertyVal: [36m[Function (anonymous)][39m,
      notNestedPropertyVal: [36m[Function (anonymous)][39m,
      deepNestedPropertyVal: [36m[Function (anonymous)][39m,
      notDeepNestedPropertyVal: [36m[Function (anonymous)][39m,
      lengthOf: [36m[Function (anonymous)][39m,
      hasAnyKeys: [36m[Function (anonymous)][39m,
      hasAllKeys: [36m[Function (anonymous)][39m,
      containsAllKeys: [36m[Function (anonymous)][39m,
      doesNotHaveAnyKeys: [36m[Function (anonymous)][39m,
      doesNotHaveAllKeys: [36m[Function (anonymous)][39m,
      hasAnyDeepKeys: [36m[Function (anonymous)][39m,
      hasAllDeepKeys: [36m[Function (anonymous)][39m,
      containsAllDeepKeys: [36m[Function (anonymous)][39m,
      doesNotHaveAnyDeepKeys: [36m[Function (anonymous)][39m,
      doesNotHaveAllDeepKeys: [36m[Function (anonymous)][39m,
      throws: [36m[Function (anonymous)][39m,
      doesNotThrow: [36m[Function (anonymous)][39m,
      operator: [36m[Function (anonymous)][39m,
      closeTo: [36m[Function (anonymous)][39m,
      approximately: [36m[Function (anonymous)][39m,
      sameMembers: [36m[Function (anonymous)][39m,
      notSameMembers: [36m[Function (anonymous)][39m,
      sameDeepMembers: [36m[Function (anonymous)][39m,
      notSameDeepMembers: [36m[Function (anonymous)][39m,
      sameOrderedMembers: [36m[Function (anonymous)][39m,
      notSameOrderedMembers: [36m[Function (anonymous)][39m,
      sameDeepOrderedMembers: [36m[Function (anonymous)][39m,
      notSameDeepOrderedMembers: [36m[Function (anonymous)][39m,
      includeMembers: [36m[Function (anonymous)][39m,
      notIncludeMembers: [36m[Function (anonymous)][39m,
      includeDeepMembers: [36m[Function (anonymous)][39m,
      notIncludeDeepMembers: [36m[Function (anonymous)][39m,
      includeOrderedMembers: [36m[Function (anonymous)][39m,
      notIncludeOrderedMembers: [36m[Function (anonymous)][39m,
      includeDeepOrderedMembers: [36m[Function (anonymous)][39m,
      notIncludeDeepOrderedMembers: [36m[Function (anonymous)][39m,
      oneOf: [36m[Function (anonymous)][39m,
      isIterable: [36m[Function (anonymous)][39m,
      changes: [36m[Function (anonymous)][39m,
      changesBy: [36m[Function (anonymous)][39m,
      doesNotChange: [36m[Function (anonymous)][39m,
      changesButNotBy: [36m[Function (anonymous)][39m,
      increases: [36m[Function (anonymous)][39m,
      increasesBy: [36m[Function (anonymous)][39m,
      doesNotIncrease: [36m[Function (anonymous)][39m,
      increasesButNotBy: [36m[Function (anonymous)][39m,
      decreases: [36m[Function (anonymous)][39m,
      decreasesBy: [36m[Function (anonymous)][39m,
      doesNotDecrease: [36m[Function (anonymous)][39m,
      doesNotDecreaseBy: [36m[Function (anonymous)][39m,
      decreasesButNotBy: [36m[Function (anonymous)][39m,
      ifError: [36m[Function (anonymous)][39m,
      isExtensible: [36m[Function (anonymous)][39m,
      isNotExtensible: [36m[Function (anonymous)][39m,
      isSealed: [36m[Function (anonymous)][39m,
      isNotSealed: [36m[Function (anonymous)][39m,
      isFrozen: [36m[Function (anonymous)][39m,
      isNotFrozen: [36m[Function (anonymous)][39m,
      isEmpty: [36m[Function (anonymous)][39m,
      isNotEmpty: [36m[Function (anonymous)][39m,
      containsSubset: [36m[Function (anonymous)][39m,
      doesNotContainSubset: [36m[Function (anonymous)][39m,
      ok: [36m[Function (anonymous)][39m,
      notOk: [36m[Function (anonymous)][39m,
      throw: [36m[Function (anonymous)][39m,
      Throw: [36m[Function (anonymous)][39m,
      extensible: [36m[Function (anonymous)][39m,
      notExtensible: [36m[Function (anonymous)][39m,
      sealed: [36m[Function (anonymous)][39m,
      notSealed: [36m[Function (anonymous)][39m,
      frozen: [36m[Function (anonymous)][39m,
      notFrozen: [36m[Function (anonymous)][39m,
      empty: [36m[Function (anonymous)][39m,
      notEmpty: [36m[Function (anonymous)][39m,
      isFunction: [36m[Function (anonymous)][39m,
      isNotFunction: [36m[Function (anonymous)][39m,
      containSubset: [36m[Function (anonymous)][39m
    },
    addEqualityTesters: [36m[Function (anonymous)][39m,
    soft: [36m[Function (anonymous)][39m,
    poll: [36m[Function: poll][39m,
    unreachable: [36m[Function (anonymous)][39m,
    assertions: [36m[Function: methodWrapper][39m,
    hasAssertions: [36m[Function: methodWrapper][39m,
    toSatisfy: [36m[Function: customMatcher][39m,
    toBeOneOf: [36m[Function: customMatcher][39m
  },
  assert: [Function: assert] {
    fail: [36m[Function (anonymous)][39m,
    isOk: [36m[Function (anonymous)][39m,
    isNotOk: [36m[Function (anonymous)][39m,
    equal: [36m[Function (anonymous)][39m,
    notEqual: [36m[Function (anonymous)][39m,
    strictEqual: [36m[Function (anonymous)][39m,
    notStrictEqual: [36m[Function (anonymous)][39m,
    deepStrictEqual: [36m[Function (anonymous)][39m,
    deepEqual: [36m[Function (anonymous)][39m,
    notDeepEqual: [36m[Function (anonymous)][39m,
    isAbove: [36m[Function (anonymous)][39m,
    isAtLeast: [36m[Function (anonymous)][39m,
    isBelow: [36m[Function (anonymous)][39m,
    isAtMost: [36m[Function (anonymous)][39m,
    isTrue: [36m[Function (anonymous)][39m,
    isNotTrue: [36m[Function (anonymous)][39m,
    isFalse: [36m[Function (anonymous)][39m,
    isNotFalse: [36m[Function (anonymous)][39m,
    isNull: [36m[Function (anonymous)][39m,
    isNotNull: [36m[Function (anonymous)][39m,
    isNaN: [36m[Function (anonymous)][39m,
    isNotNaN: [36m[Function (anonymous)][39m,
    exists: [36m[Function (anonymous)][39m,
    notExists: [36m[Function (anonymous)][39m,
    isUndefined: [36m[Function (anonymous)][39m,
    isDefined: [36m[Function (anonymous)][39m,
    isCallable: [36m[Function (anonymous)][39m,
    isNotCallable: [36m[Function (anonymous)][39m,
    isObject: [36m[Function (anonymous)][39m,
    isNotObject: [36m[Function (anonymous)][39m,
    isArray: [36m[Function (anonymous)][39m,
    isNotArray: [36m[Function (anonymous)][39m,
    isString: [36m[Function (anonymous)][39m,
    isNotString: [36m[Function (anonymous)][39m,
    isNumber: [36m[Function (anonymous)][39m,
    isNotNumber: [36m[Function (anonymous)][39m,
    isNumeric: [36m[Function (anonymous)][39m,
    isNotNumeric: [36m[Function (anonymous)][39m,
    isFinite: [36m[Function (anonymous)][39m,
    isBoolean: [36m[Function (anonymous)][39m,
    isNotBoolean: [36m[Function (anonymous)][39m,
    typeOf: [36m[Function (anonymous)][39m,
    notTypeOf: [36m[Function (anonymous)][39m,
    instanceOf: [36m[Function (anonymous)][39m,
    notInstanceOf: [36m[Function (anonymous)][39m,
    include: [36m[Function (anonymous)][39m,
    notInclude: [36m[Function (anonymous)][39m,
    deepInclude: [36m[Function (anonymous)][39m,
    notDeepInclude: [36m[Function (anonymous)][39m,
    nestedInclude: [36m[Function (anonymous)][39m,
    notNestedInclude: [36m[Function (anonymous)][39m,
    deepNestedInclude: [36m[Function (anonymous)][39m,
    notDeepNestedInclude: [36m[Function (anonymous)][39m,
    ownInclude: [36m[Function (anonymous)][39m,
    notOwnInclude: [36m[Function (anonymous)][39m,
    deepOwnInclude: [36m[Function (anonymous)][39m,
    notDeepOwnInclude: [36m[Function (anonymous)][39m,
    match: [36m[Function (anonymous)][39m,
    notMatch: [36m[Function (anonymous)][39m,
    property: [36m[Function (anonymous)][39m,
    notProperty: [36m[Function (anonymous)][39m,
    propertyVal: [36m[Function (anonymous)][39m,
    notPropertyVal: [36m[Function (anonymous)][39m,
    deepPropertyVal: [36m[Function (anonymous)][39m,
    notDeepPropertyVal: [36m[Function (anonymous)][39m,
    ownProperty: [36m[Function (anonymous)][39m,
    notOwnProperty: [36m[Function (anonymous)][39m,
    ownPropertyVal: [36m[Function (anonymous)][39m,
    notOwnPropertyVal: [36m[Function (anonymous)][39m,
    deepOwnPropertyVal: [36m[Function (anonymous)][39m,
    notDeepOwnPropertyVal: [36m[Function (anonymous)][39m,
    nestedProperty: [36m[Function (anonymous)][39m,
    notNestedProperty: [36m[Function (anonymous)][39m,
    nestedPropertyVal: [36m[Function (anonymous)][39m,
    notNestedPropertyVal: [36m[Function (anonymous)][39m,
    deepNestedPropertyVal: [36m[Function (anonymous)][39m,
    notDeepNestedPropertyVal: [36m[Function (anonymous)][39m,
    lengthOf: [36m[Function (anonymous)][39m,
    hasAnyKeys: [36m[Function (anonymous)][39m,
    hasAllKeys: [36m[Function (anonymous)][39m,
    containsAllKeys: [36m[Function (anonymous)][39m,
    doesNotHaveAnyKeys: [36m[Function (anonymous)][39m,
    doesNotHaveAllKeys: [36m[Function (anonymous)][39m,
    hasAnyDeepKeys: [36m[Function (anonymous)][39m,
    hasAllDeepKeys: [36m[Function (anonymous)][39m,
    containsAllDeepKeys: [36m[Function (anonymous)][39m,
    doesNotHaveAnyDeepKeys: [36m[Function (anonymous)][39m,
    doesNotHaveAllDeepKeys: [36m[Function (anonymous)][39m,
    throws: [36m[Function (anonymous)][39m,
    doesNotThrow: [36m[Function (anonymous)][39m,
    operator: [36m[Function (anonymous)][39m,
    closeTo: [36m[Function (anonymous)][39m,
    approximately: [36m[Function (anonymous)][39m,
    sameMembers: [36m[Function (anonymous)][39m,
    notSameMembers: [36m[Function (anonymous)][39m,
    sameDeepMembers: [36m[Function (anonymous)][39m,
    notSameDeepMembers: [36m[Function (anonymous)][39m,
    sameOrderedMembers: [36m[Function (anonymous)][39m,
    notSameOrderedMembers: [36m[Function (anonymous)][39m,
    sameDeepOrderedMembers: [36m[Function (anonymous)][39m,
    notSameDeepOrderedMembers: [36m[Function (anonymous)][39m,
    includeMembers: [36m[Function (anonymous)][39m,
    notIncludeMembers: [36m[Function (anonymous)][39m,
    includeDeepMembers: [36m[Function (anonymous)][39m,
    notIncludeDeepMembers: [36m[Function (anonymous)][39m,
    includeOrderedMembers: [36m[Function (anonymous)][39m,
    notIncludeOrderedMembers: [36m[Function (anonymous)][39m,
    includeDeepOrderedMembers: [36m[Function (anonymous)][39m,
    notIncludeDeepOrderedMembers: [36m[Function (anonymous)][39m,
    oneOf: [36m[Function (anonymous)][39m,
    isIterable: [36m[Function (anonymous)][39m,
    changes: [36m[Function (anonymous)][39m,
    changesBy: [36m[Function (anonymous)][39m,
    doesNotChange: [36m[Function (anonymous)][39m,
    changesButNotBy: [36m[Function (anonymous)][39m,
    increases: [36m[Function (anonymous)][39m,
    increasesBy: [36m[Function (anonymous)][39m,
    doesNotIncrease: [36m[Function (anonymous)][39m,
    increasesButNotBy: [36m[Function (anonymous)][39m,
    decreases: [36m[Function (anonymous)][39m,
    decreasesBy: [36m[Function (anonymous)][39m,
    doesNotDecrease: [36m[Function (anonymous)][39m,
    doesNotDecreaseBy: [36m[Function (anonymous)][39m,
    decreasesButNotBy: [36m[Function (anonymous)][39m,
    ifError: [36m[Function (anonymous)][39m,
    isExtensible: [36m[Function (anonymous)][39m,
    isNotExtensible: [36m[Function (anonymous)][39m,
    isSealed: [36m[Function (anonymous)][39m,
    isNotSealed: [36m[Function (anonymous)][39m,
    isFrozen: [36m[Function (anonymous)][39m,
    isNotFrozen: [36m[Function (anonymous)][39m,
    isEmpty: [36m[Function (anonymous)][39m,
    isNotEmpty: [36m[Function (anonymous)][39m,
    containsSubset: [36m[Function (anonymous)][39m,
    doesNotContainSubset: [36m[Function (anonymous)][39m,
    ok: [36m[Function (anonymous)][39m,
    notOk: [36m[Function (anonymous)][39m,
    throw: [36m[Function (anonymous)][39m,
    Throw: [36m[Function (anonymous)][39m,
    extensible: [36m[Function (anonymous)][39m,
    notExtensible: [36m[Function (anonymous)][39m,
    sealed: [36m[Function (anonymous)][39m,
    notSealed: [36m[Function (anonymous)][39m,
    frozen: [36m[Function (anonymous)][39m,
    notFrozen: [36m[Function (anonymous)][39m,
    empty: [36m[Function (anonymous)][39m,
    notEmpty: [36m[Function (anonymous)][39m,
    isFunction: [36m[Function (anonymous)][39m,
    isNotFunction: [36m[Function (anonymous)][39m,
    containSubset: [36m[Function (anonymous)][39m
  },
  expectTypeOf: [36m[Function: expectTypeOf][39m,
  assertType: [36m[Function: assertType][39m,
  vitest: {
    useFakeTimers: [36m[Function: useFakeTimers][39m,
    isFakeTimers: [36m[Function: isFakeTimers][39m,
    useRealTimers: [36m[Function: useRealTimers][39m,
    runOnlyPendingTimers: [36m[Function: runOnlyPendingTimers][39m,
    runOnlyPendingTimersAsync: [36m[AsyncFunction: runOnlyPendingTimersAsync][39m,
    runAllTimers: [36m[Function: runAllTimers][39m,
    runAllTimersAsync: [36m[AsyncFunction: runAllTimersAsync][39m,
    runAllTicks: [36m[Function: runAllTicks][39m,
    advanceTimersByTime: [36m[Function: advanceTimersByTime][39m,
    advanceTimersByTimeAsync: [36m[AsyncFunction: advanceTimersByTimeAsync][39m,
    advanceTimersToNextTimer: [36m[Function: advanceTimersToNextTimer][39m,
    advanceTimersToNextTimerAsync: [36m[AsyncFunction: advanceTimersToNextTimerAsync][39m,
    advanceTimersToNextFrame: [36m[Function: advanceTimersToNextFrame][39m,
    getTimerCount: [36m[Function: getTimerCount][39m,
    setSystemTime: [36m[Function: setSystemTime][39m,
    getMockedSystemTime: [36m[Function: getMockedSystemTime][39m,
    getRealSystemTime: [36m[Function: getRealSystemTime][39m,
    clearAllTimers: [36m[Function: clearAllTimers][39m,
    spyOn: [36m[Function: spyOn][39m,
    fn: [36m[Function: fn][39m,
    waitFor: [36m[Function: waitFor][39m,
    waitUntil: [36m[Function: waitUntil][39m,
    hoisted: [36m[Function: hoisted][39m,
    mock: [36m[Function: mock][39m,
    unmock: [36m[Function: unmock][39m,
    doMock: [36m[Function: doMock][39m,
    doUnmock: [36m[Function: doUnmock][39m,
    importActual: [36m[AsyncFunction: importActual][39m,
    importMock: [36m[AsyncFunction: importMock][39m,
    mockObject: [36m[Function: mockObject][39m,
    mocked: [36m[Function: mocked][39m,
    isMockFunction: [36m[Function: isMockFunction][39m,
    clearAllMocks: [36m[Function: clearAllMocks][39m,
    resetAllMocks: [36m[Function: resetAllMocks][39m,
    restoreAllMocks: [36m[Function: restoreAllMocks][39m,
    stubGlobal: [36m[Function: stubGlobal][39m,
    stubEnv: [36m[Function: stubEnv][39m,
    unstubAllGlobals: [36m[Function: unstubAllGlobals][39m,
    unstubAllEnvs: [36m[Function: unstubAllEnvs][39m,
    resetModules: [36m[Function: resetModules][39m,
    dynamicImportSettled: [36m[AsyncFunction: dynamicImportSettled][39m,
    setConfig: [36m[Function: setConfig][39m,
    resetConfig: [36m[Function: resetConfig][39m
  },
  vi: {
    useFakeTimers: [36m[Function: useFakeTimers][39m,
    isFakeTimers: [36m[Function: isFakeTimers][39m,
    useRealTimers: [36m[Function: useRealTimers][39m,
    runOnlyPendingTimers: [36m[Function: runOnlyPendingTimers][39m,
    runOnlyPendingTimersAsync: [36m[AsyncFunction: runOnlyPendingTimersAsync][39m,
    runAllTimers: [36m[Function: runAllTimers][39m,
    runAllTimersAsync: [36m[AsyncFunction: runAllTimersAsync][39m,
    runAllTicks: [36m[Function: runAllTicks][39m,
    advanceTimersByTime: [36m[Function: advanceTimersByTime][39m,
    advanceTimersByTimeAsync: [36m[AsyncFunction: advanceTimersByTimeAsync][39m,
    advanceTimersToNextTimer: [36m[Function: advanceTimersToNextTimer][39m,
    advanceTimersToNextTimerAsync: [36m[AsyncFunction: advanceTimersToNextTimerAsync][39m,
    advanceTimersToNextFrame: [36m[Function: advanceTimersToNextFrame][39m,
    getTimerCount: [36m[Function: getTimerCount][39m,
    setSystemTime: [36m[Function: setSystemTime][39m,
    getMockedSystemTime: [36m[Function: getMockedSystemTime][39m,
    getRealSystemTime: [36m[Function: getRealSystemTime][39m,
    clearAllTimers: [36m[Function: clearAllTimers][39m,
    spyOn: [36m[Function: spyOn][39m,
    fn: [36m[Function: fn][39m,
    waitFor: [36m[Function: waitFor][39m,
    waitUntil: [36m[Function: waitUntil][39m,
    hoisted: [36m[Function: hoisted][39m,
    mock: [36m[Function: mock][39m,
    unmock: [36m[Function: unmock][39m,
    doMock: [36m[Function: doMock][39m,
    doUnmock: [36m[Function: doUnmock][39m,
    importActual: [36m[AsyncFunction: importActual][39m,
    importMock: [36m[AsyncFunction: importMock][39m,
    mockObject: [36m[Function: mockObject][39m,
    mocked: [36m[Function: mocked][39m,
    isMockFunction: [36m[Function: isMockFunction][39m,
    clearAllMocks: [36m[Function: clearAllMocks][39m,
    resetAllMocks: [36m[Function: resetAllMocks][39m,
    restoreAllMocks: [36m[Function: restoreAllMocks][39m,
    stubGlobal: [36m[Function: stubGlobal][39m,
    stubEnv: [36m[Function: stubEnv][39m,
    unstubAllGlobals: [36m[Function: unstubAllGlobals][39m,
    unstubAllEnvs: [36m[Function: unstubAllEnvs][39m,
    resetModules: [36m[Function: resetModules][39m,
    dynamicImportSettled: [36m[AsyncFunction: dynamicImportSettled][39m,
    setConfig: [36m[Function: setConfig][39m,
    resetConfig: [36m[Function: resetConfig][39m
  },
  beforeAll: [36m[Function: beforeAll][39m,
  afterAll: [36m[Function: afterAll][39m,
  beforeEach: [36m[Function: beforeEach][39m,
  afterEach: [36m[Function: afterEach][39m,
  onTestFinished: [36m[Function (anonymous)][39m,
  onTestFailed: [36m[Function (anonymous)][39m,
  __vitest_required__: {
    util: {
      _errnoException: [36m[Function: _errnoException][39m,
      _exceptionWithHostPort: [36m[Function: _exceptionWithHostPort][39m,
      _extend: [36m[Function: deprecated][39m,
      callbackify: [36m[Function: callbackify][39m,
      debug: [36m[Function: debuglog][39m,
      debuglog: [36m[Function: debuglog][39m,
      deprecate: [36m[Function: deprecate][39m,
      format: [36m[Function: format][39m,
      styleText: [36m[Function: styleText][39m,
      formatWithOptions: [36m[Function: formatWithOptions][39m,
      getCallSite: [36m[Function: deprecated][39m,
      getCallSites: [36m[Function: getCallSites][39m,
      getSystemErrorMap: [36m[Function: getSystemErrorMap][39m,
      getSystemErrorName: [36m[Function: getSystemErrorName][39m,
      getSystemErrorMessage: [36m[Function: getSystemErrorMessage][39m,
      inherits: [36m[Function: inherits][39m,
      inspect: [36m[Function][39m,
      isArray: [36m[Function: deprecated][39m,
      isBoolean: [36m[Function: deprecated][39m,
      isBuffer: [36m[Function: deprecated][39m,
      isDeepStrictEqual: [36m[Function: isDeepStrictEqual][39m,
      isNull: [36m[Function: deprecated][39m,
      isNullOrUndefined: [36m[Function: deprecated][39m,
      isNumber: [36m[Function: deprecated][39m,
      isString: [36m[Function: deprecated][39m,
      isSymbol: [36m[Function: deprecated][39m,
      isUndefined: [36m[Function: deprecated][39m,
      isRegExp: [36m[Function: deprecated][39m,
      isObject: [36m[Function: deprecated][39m,
      isDate: [36m[Function: deprecated][39m,
      isError: [36m[Function: deprecated][39m,
      isFunction: [36m[Function: deprecated][39m,
      isPrimitive: [36m[Function: deprecated][39m,
      log: [36m[Function: deprecated][39m,
      promisify: [36m[Function][39m,
      stripVTControlCharacters: [36m[Function: stripVTControlCharacters][39m,
      toUSVString: [36m[Function: toUSVString][39m,
      transferableAbortSignal: [36m[Getter][39m,
      transferableAbortController: [36m[Getter][39m,
      aborted: [36m[Getter][39m,
      types: [36m[Object][39m,
      parseEnv: [36m[Function: parseEnv][39m,
      parseArgs: [36m[Function: parseArgs][39m,
      TextDecoder: [36m[class TextDecoder][39m,
      TextEncoder: [36m[class TextEncoder][39m,
      MIMEType: [36m[class MIMEType][39m,
      MIMEParams: [36m[class MIMEParams][39m,
      diff: [36m[Function: diff][39m,
      setTraceSigInt: [36m[Function: setTraceSigInt][39m
    },
    timers: {
      setTimeout: [36m[Function][39m,
      clearTimeout: [36m[Function: clearTimeout][39m,
      setImmediate: [36m[Function][39m,
      clearImmediate: [36m[Function: clearImmediate][39m,
      setInterval: [36m[Function: setInterval][39m,
      clearInterval: [36m[Function: clearInterval][39m,
      _unrefActive: [36m[Function: deprecated][39m,
      active: [36m[Function: deprecated][39m,
      unenroll: [36m[Function: deprecated][39m,
      enroll: [36m[Function: deprecated][39m,
      promises: [36m[Getter][39m
    },
    timersPromises: {
      setTimeout: [36m[Function: setTimeout][39m,
      setImmediate: [36m[Function: setImmediate][39m,
      setInterval: [36m[AsyncGeneratorFunction: setInterval][39m,
      scheduler: [36m[Scheduler][39m
    }
  },
  ch: [33m107[39m,
  ResizeObserver: [36m[class ResizeObserverMock][39m,
  [[32mSymbol(vitest:SAFE_TIMERS)[39m]: {
    nextTick: [36m[Function: nextTick][39m,
    setTimeout: [Function: setTimeout] {
      [[32mSymbol(nodejs.util.promisify.custom)[39m]: [36m[Getter][39m
    },
    setInterval: [36m[Function: setInterval][39m,
    clearInterval: [36m[Function: clearInterval][39m,
    clearTimeout: [36m[Function: clearTimeout][39m,
    setImmediate: [Function: setImmediate] {
      [[32mSymbol(nodejs.util.promisify.custom)[39m]: [36m[Getter][39m
    },
    clearImmediate: [36m[Function: clearImmediate][39m,
    queueMicrotask: [36m[Function: queueMicrotask][39m
  }
}

 [32mΓ£ô[39m src/components/__tests__/theme-switcher.test.ts[2m > [22mThemeSwitcher[2m > [22mState Management[2m > [22mshould set component state[32m 121[2mms[22m[39m
 [32mΓ£ô[39m src/components/__tests__/theme-switcher.test.ts[2m > [22mThemeSwitcher[2m > [22mState Management[2m > [22mshould track dropdown open state[32m 129[2mms[22m[39m
 [31m├ù[39m src/components/__tests__/tutorial-spotlight.test.ts[2m > [22mTutorialSpotlight[2m > [22mTutorial End Event[2m > [22mshould hide on tutorial:end event[32m 8[2mms[22m[39m
[31m   ΓåÆ expected 'block' to be 'none' // Object.is equality[39m
 [32mΓ£ô[39m src/components/__tests__/tutorial-spotlight.test.ts[2m > [22mTutorialSpotlight[2m > [22mCleanup[2m > [22mshould unsubscribe from TutorialService on destroy[32m 10[2mms[22m[39m
 [32mΓ£ô[39m src/components/__tests__/tutorial-spotlight.test.ts[2m > [22minitializeTutorialSpotlight[2m > [22mshould create and return TutorialSpotlight instance[32m 7[2mms[22m[39m
 [32mΓ£ô[39m src/components/__tests__/tutorial-spotlight.test.ts[2m > [22minitializeTutorialSpotlight[2m > [22mshould add spotlight to document body[32m 6[2mms[22m[39m
 [32mΓ£ô[39m src/components/__tests__/theme-switcher.test.ts[2m > [22mThemeSwitcher[2m > [22mLifecycle[2m > [22mshould clean up event listeners on destroy[32m 107[2mms[22m[39m
 [32mΓ£ô[39m src/components/__tests__/theme-switcher.test.ts[2m > [22mThemeSwitcher[2m > [22mLifecycle[2m > [22mshould re-render correctly on update[33m 315[2mms[22m[39m
 [32mΓ£ô[39m src/components/__tests__/theme-switcher.test.ts[2m > [22mThemeSwitcher[2m > [22mLifecycle[2m > [22mshould maintain functionality after update[32m 156[2mms[22m[39m
[90mstdout[2m | src/components/__tests__/palette-exporter.test.ts
[22m[39mΓ£à Dye database loaded: 136 dyes

[90mstdout[2m | src/components/__tests__/color-display.test.ts
[22m[39mΓ£à Dye database loaded: 136 dyes

[90mstdout[2m | src/components/__tests__/tools-dropdown.test.ts
[22m[39mΓ£à Dye database loaded: 136 dyes

[90mstdout[2m | src/components/__tests__/color-distance-matrix.test.ts
[22m[39mΓ£à Dye database loaded: 136 dyes

[90mstdout[2m | src/components/__tests__/colorblindness-display.test.ts
[22m[39mΓ£à Dye database loaded: 136 dyes

 [32mΓ£ô[39m src/services/__tests__/storage-service.test.ts[2m > [22mStorageService[2m > [22misAvailable[2m > [22mshould check if localStorage is available[32m 3[2mms[22m[39m
 [32mΓ£ô[39m src/services/__tests__/storage-service.test.ts[2m > [22mStorageService[2m > [22msetItem and getItem[2m > [22mshould store and retrieve string values[32m 1[2mms[22m[39m
 [32mΓ£ô[39m src/services/__tests__/storage-service.test.ts[2m > [22mStorageService[2m > [22msetItem and getItem[2m > [22mshould store and retrieve objects[32m 1[2mms[22m[39m
 [32mΓ£ô[39m src/services/__tests__/storage-service.test.ts[2m > [22mStorageService[2m > [22msetItem and getItem[2m > [22mshould store and retrieve numbers[32m 1[2mms[22m[39m
 [32mΓ£ô[39m src/services/__tests__/storage-service.test.ts[2m > [22mStorageService[2m > [22msetItem and getItem[2m > [22mshould return null for non-existent keys[32m 0[2mms[22m[39m
 [32mΓ£ô[39m src/services/__tests__/storage-service.test.ts[2m > [22mStorageService[2m > [22msetItem and getItem[2m > [22mshould return default value for non-existent keys[32m 0[2mms[22m[39m
 [32mΓ£ô[39m src/services/__tests__/storage-service.test.ts[2m > [22mStorageService[2m > [22mremoveItem[2m > [22mshould remove stored item[32m 1[2mms[22m[39m
 [32mΓ£ô[39m src/services/__tests__/storage-service.test.ts[2m > [22mStorageService[2m > [22mremoveItem[2m > [22mshould handle removing non-existent items[32m 1[2mms[22m[39m
 [32mΓ£ô[39m src/services/__tests__/storage-service.test.ts[2m > [22mStorageService[2m > [22mclear[2m > [22mshould clear all items[32m 1[2mms[22m[39m
 [32mΓ£ô[39m src/services/__tests__/storage-service.test.ts[2m > [22mStorageService[2m > [22mgetKeys[2m > [22mshould return array of all keys[32m 1[2mms[22m[39m
 [32mΓ£ô[39m src/services/__tests__/storage-service.test.ts[2m > [22mStorageService[2m > [22mhasItem[2m > [22mshould check if item exists[32m 0[2mms[22m[39m
 [32mΓ£ô[39m src/services/__tests__/storage-service.test.ts[2m > [22mStorageService[2m > [22mgetItemCount[2m > [22mshould return number of stored items[32m 0[2mms[22m[39m
 [32mΓ£ô[39m src/services/__tests__/storage-service.test.ts[2m > [22mStorageService[2m > [22mgetItemsByPrefix[2m > [22mshould retrieve items matching prefix[32m 1[2mms[22m[39m
 [32mΓ£ô[39m src/services/__tests__/storage-service.test.ts[2m > [22mStorageService[2m > [22mremoveByPrefix[2m > [22mshould remove items matching prefix[32m 1[2mms[22m[39m
 [32mΓ£ô[39m src/services/__tests__/storage-service.test.ts[2m > [22mStorageService[2m > [22msetItemWithTTL and getItemWithTTL[2m > [22mshould store and retrieve items with TTL[32m 0[2mms[22m[39m
 [32mΓ£ô[39m src/services/__tests__/storage-service.test.ts[2m > [22mStorageService[2m > [22msetItemWithTTL and getItemWithTTL[2m > [22mshould return null for expired items[32m 61[2mms[22m[39m
 [32mΓ£ô[39m src/components/__tests__/saved-palettes-modal.test.ts[2m > [22mshowSavedPalettesModal[2m > [22mModal Configuration[2m > [22mshould call ModalService.show with custom type[32m 96[2mms[22m[39m
 [32mΓ£ô[39m src/services/__tests__/storage-service.test.ts[2m > [22mStorageService[2m > [22msetItemWithTTL and getItemWithTTL[2m > [22mshould return default value for expired items[32m 62[2mms[22m[39m
 [32mΓ£ô[39m src/services/__tests__/storage-service.test.ts[2m > [22mStorageService[2m > [22mNamespacedStorage[2m > [22mshould prefix all keys[32m 0[2mms[22m[39m
 [32mΓ£ô[39m src/services/__tests__/storage-service.test.ts[2m > [22mStorageService[2m > [22mNamespacedStorage[2m > [22mshould isolate namespaces[32m 0[2mms[22m[39m
 [32mΓ£ô[39m src/services/__tests__/storage-service.test.ts[2m > [22mStorageService[2m > [22mNamespacedStorage[2m > [22mshould support clear within namespace[32m 1[2mms[22m[39m
 [32mΓ£ô[39m src/components/__tests__/saved-palettes-modal.test.ts[2m > [22mshowSavedPalettesModal[2m > [22mModal Configuration[2m > [22mshould set correct title[32m 12[2mms[22m[39m
 [32mΓ£ô[39m src/components/__tests__/saved-palettes-modal.test.ts[2m > [22mshowSavedPalettesModal[2m > [22mModal Configuration[2m > [22mshould set size to md[32m 11[2mms[22m[39m
 [32mΓ£ô[39m src/components/__tests__/saved-palettes-modal.test.ts[2m > [22mshowSavedPalettesModal[2m > [22mContent with Palettes[2m > [22mshould display palette count[32m 8[2mms[22m[39m
 [32mΓ£ô[39m src/components/__tests__/saved-palettes-modal.test.ts[2m > [22mshowSavedPalettesModal[2m > [22mContent with Palettes[2m > [22mshould render export button[32m 17[2mms[22m[39m
 [32mΓ£ô[39m src/components/__tests__/saved-palettes-modal.test.ts[2m > [22mshowSavedPalettesModal[2m > [22mContent with Palettes[2m > [22mshould render import button[32m 14[2mms[22m[39m
 [32mΓ£ô[39m src/components/__tests__/saved-palettes-modal.test.ts[2m > [22mshowSavedPalettesModal[2m > [22mContent with Palettes[2m > [22mshould render palette items[32m 12[2mms[22m[39m
 [32mΓ£ô[39m src/components/__tests__/saved-palettes-modal.test.ts[2m > [22mshowSavedPalettesModal[2m > [22mContent with Palettes[2m > [22mshould display palette names[32m 10[2mms[22m[39m
 [32mΓ£ô[39m src/components/__tests__/saved-palettes-modal.test.ts[2m > [22mshowSavedPalettesModal[2m > [22mContent with Palettes[2m > [22mshould display harmony types[32m 10[2mms[22m[39m
 [32mΓ£ô[39m src/components/__tests__/saved-palettes-modal.test.ts[2m > [22mshowSavedPalettesModal[2m > [22mContent with Palettes[2m > [22mshould truncate companion list with +N indicator[32m 10[2mms[22m[39m
 [32mΓ£ô[39m src/services/__tests__/storage-service.test.ts[2m > [22mStorageService[2m > [22mNamespacedStorage[2m > [22mshould support TTL in namespace[32m 62[2mms[22m[39m
 [32mΓ£ô[39m src/services/__tests__/storage-service.test.ts[2m > [22mStorageService[2m > [22mgetSize[2m > [22mshould calculate storage size[32m 1[2mms[22m[39m
 [32mΓ£ô[39m src/services/__tests__/storage-service.test.ts[2m > [22mStorageService[2m > [22mgetSize[2m > [22mshould return 0 when localStorage is unavailable[32m 1[2mms[22m[39m
 [32mΓ£ô[39m src/services/__tests__/storage-service.test.ts[2m > [22mStorageService[2m > [22mError Handling[2m > [22mshould handle QuotaExceededError gracefully[32m 1[2mms[22m[39m
 [32mΓ£ô[39m src/services/__tests__/storage-service.test.ts[2m > [22mStorageService[2m > [22mError Handling[2m > [22mshould handle corrupted JSON data gracefully[32m 1[2mms[22m[39m
 [32mΓ£ô[39m src/services/__tests__/storage-service.test.ts[2m > [22mStorageService[2m > [22mError Handling[2m > [22mshould handle getItem when JSON parsing fails for array-like string[32m 1[2mms[22m[39m
 [32mΓ£ô[39m src/services/__tests__/storage-service.test.ts[2m > [22mStorageService[2m > [22mError Handling[2m > [22mshould handle getItemWithTTL with invalid data structure[32m 0[2mms[22m[39m
 [32mΓ£ô[39m src/services/__tests__/storage-service.test.ts[2m > [22mStorageService[2m > [22mError Handling[2m > [22mshould handle getItemWithTTL with missing expiresAt[32m 0[2mms[22m[39m
 [32mΓ£ô[39m src/services/__tests__/storage-service.test.ts[2m > [22mStorageService[2m > [22mError Handling[2m > [22mshould handle getItemWithTTL with missing value[32m 0[2mms[22m[39m
 [32mΓ£ô[39m src/services/__tests__/storage-service.test.ts[2m > [22mStorageService[2m > [22mConcurrent Operations[2m > [22mshould handle concurrent reads[32m 1[2mms[22m[39m
 [32mΓ£ô[39m src/services/__tests__/storage-service.test.ts[2m > [22mStorageService[2m > [22mConcurrent Operations[2m > [22mshould handle concurrent writes[32m 1[2mms[22m[39m
 [32mΓ£ô[39m src/services/__tests__/storage-service.test.ts[2m > [22mStorageService[2m > [22mConcurrent Operations[2m > [22mshould handle read while write[32m 0[2mms[22m[39m
 [32mΓ£ô[39m src/services/__tests__/storage-service.test.ts[2m > [22mStorageService[2m > [22mLarge Dataset Performance[2m > [22mshould handle large number of items[32m 8[2mms[22m[39m
 [32mΓ£ô[39m src/services/__tests__/storage-service.test.ts[2m > [22mStorageService[2m > [22mLarge Dataset Performance[2m > [22mshould handle large item values[32m 5[2mms[22m[39m
 [32mΓ£ô[39m src/services/__tests__/storage-service.test.ts[2m > [22mStorageService[2m > [22mLarge Dataset Performance[2m > [22mshould handle large objects[32m 14[2mms[22m[39m
 [32mΓ£ô[39m src/services/__tests__/storage-service.test.ts[2m > [22mStorageService[2m > [22mNamespacedStorage Additional[2m > [22mshould support getAll method[32m 3[2mms[22m[39m
 [32mΓ£ô[39m src/services/__tests__/storage-service.test.ts[2m > [22mStorageService[2m > [22mNamespacedStorage Additional[2m > [22mshould handle getAll with objects[32m 1[2mms[22m[39m
 [32mΓ£ô[39m src/services/__tests__/storage-service.test.ts[2m > [22mStorageService[2m > [22mgetItemsByPrefix Edge Cases[2m > [22mshould handle corrupted JSON in prefixed items[32m 0[2mms[22m[39m
 [32mΓ£ô[39m src/services/__tests__/storage-service.test.ts[2m > [22mStorageService[2m > [22mgetItemsByPrefix Edge Cases[2m > [22mshould return empty object when no items match prefix[32m 0[2mms[22m[39m
 [32mΓ£ô[39m src/services/__tests__/storage-service.test.ts[2m > [22mStorageService[2m > [22mUnavailable localStorage[2m > [22mshould handle all operations when localStorage is unavailable[32m 1[2mms[22m[39m
 [32mΓ£ô[39m src/services/__tests__/storage-service.test.ts[2m > [22mStorageService[2m > [22mError Path Coverage[2m > [22mshould handle localStorage.key() throwing error in getKeys()[32m 0[2mms[22m[39m
 [32mΓ£ô[39m src/services/__tests__/storage-service.test.ts[2m > [22mStorageService[2m > [22mError Path Coverage[2m > [22mshould handle error during getItemsByPrefix iteration[32m 0[2mms[22m[39m
 [32mΓ£ô[39m src/services/__tests__/storage-service.test.ts[2m > [22mStorageService[2m > [22mError Path Coverage[2m > [22mshould handle error in hasItem()[32m 0[2mms[22m[39m
 [32mΓ£ô[39m src/services/__tests__/storage-service.test.ts[2m > [22mStorageService[2m > [22mError Path Coverage[2m > [22mshould handle error during getSize() calculation[32m 0[2mms[22m[39m
 [32mΓ£ô[39m src/services/__tests__/storage-service.test.ts[2m > [22mStorageService[2m > [22mError Path Coverage[2m > [22mshould handle error in getItemCount()[32m 0[2mms[22m[39m
 [32mΓ£ô[39m src/services/__tests__/storage-service.test.ts[2m > [22mStorageService[2m > [22mError Path Coverage[2m > [22mshould handle error during removeByPrefix iteration[32m 0[2mms[22m[39m
 [32mΓ£ô[39m src/services/__tests__/storage-service.test.ts[2m > [22mStorageService[2m > [22mTTL Error Handling[2m > [22mshould handle error in setItemWithTTL[32m 1[2mms[22m[39m
 [32mΓ£ô[39m src/services/__tests__/storage-service.test.ts[2m > [22mStorageService[2m > [22mTTL Error Handling[2m > [22mshould handle error when getItemWithTTL throws[32m 0[2mms[22m[39m
 [32mΓ£ô[39m src/services/__tests__/storage-service.test.ts[2m > [22mStorageService[2m > [22mTTL Error Handling[2m > [22mshould handle null data in getItemWithTTL[32m 0[2mms[22m[39m
 [32mΓ£ô[39m src/services/__tests__/storage-service.test.ts[2m > [22mStorageService[2m > [22mNamespacedStorage Error Handling[2m > [22mshould handle hasItem when localStorage is unavailable[32m 0[2mms[22m[39m
 [32mΓ£ô[39m src/services/__tests__/storage-service.test.ts[2m > [22mStorageService[2m > [22mNamespacedStorage Error Handling[2m > [22mshould handle getAll with empty results[32m 0[2mms[22m[39m
 [32mΓ£ô[39m src/services/__tests__/storage-service.test.ts[2m > [22mStorageService[2m > [22mNamespacedStorage Error Handling[2m > [22mshould handle clear with no matching keys[32m 0[2mms[22m[39m
 [32mΓ£ô[39m src/services/__tests__/storage-service.test.ts[2m > [22mStorageService[2m > [22mNamespacedStorage Error Handling[2m > [22mshould handle quota exceeded in namespace[32m 1[2mms[22m[39m
 [32mΓ£ô[39m src/services/__tests__/storage-service.test.ts[2m > [22mStorageService[2m > [22mNamespacedStorage Error Handling[2m > [22mshould handle TTL in namespace with error[32m 1[2mms[22m[39m
 [32mΓ£ô[39m src/services/__tests__/storage-service.test.ts[2m > [22mStorageService[2m > [22mAdvanced Concurrent Operations[2m > [22mshould handle simultaneous reads to same key[32m 4[2mms[22m[39m
 [32mΓ£ô[39m src/services/__tests__/storage-service.test.ts[2m > [22mStorageService[2m > [22mAdvanced Concurrent Operations[2m > [22mshould handle simultaneous writes to same key[32m 2[2mms[22m[39m
 [32mΓ£ô[39m src/services/__tests__/storage-service.test.ts[2m > [22mStorageService[2m > [22mAdvanced Concurrent Operations[2m > [22mshould handle namespace isolation under concurrent access[32m 0[2mms[22m[39m
 [32mΓ£ô[39m src/services/__tests__/storage-service.test.ts[2m > [22mStorageService[2m > [22mLarge Dataset Edge Cases[2m > [22mshould handle getItemsByPrefix with large result set[32m 2[2mms[22m[39m
 [32mΓ£ô[39m src/services/__tests__/storage-service.test.ts[2m > [22mStorageService[2m > [22mLarge Dataset Edge Cases[2m > [22mshould handle removeByPrefix with large number of items[32m 7[2mms[22m[39m
 [32mΓ£ô[39m src/services/__tests__/storage-service.test.ts[2m > [22mStorageService[2m > [22mLarge Dataset Edge Cases[2m > [22mshould calculate size correctly with large data[32m 1[2mms[22m[39m
 [32mΓ£ô[39m src/components/__tests__/saved-palettes-modal.test.ts[2m > [22mshowSavedPalettesModal[2m > [22mEmpty State[2m > [22mshould show empty state when no palettes[32m 4[2mms[22m[39m
 [32mΓ£ô[39m src/components/__tests__/saved-palettes-modal.test.ts[2m > [22mshowSavedPalettesModal[2m > [22mEmpty State[2m > [22mshould disable export button when no palettes[32m 4[2mms[22m[39m
 [32mΓ£ô[39m src/components/__tests__/saved-palettes-modal.test.ts[2m > [22mshowSavedPalettesModal[2m > [22mActions[2m > [22mshould call downloadPalettes on export click[32m 17[2mms[22m[39m
 [32mΓ£ô[39m src/components/__tests__/saved-palettes-modal.test.ts[2m > [22mshowSavedPalettesModal[2m > [22mActions[2m > [22mshould call onLoad callback when load button clicked[32m 23[2mms[22m[39m
 [32mΓ£ô[39m src/components/__tests__/saved-palettes-modal.test.ts[2m > [22mshowSavedPalettesModal[2m > [22mActions[2m > [22mshould delete palette when delete clicked and confirmed[32m 20[2mms[22m[39m
 [32mΓ£ô[39m src/components/__tests__/saved-palettes-modal.test.ts[2m > [22mshowSavedPalettesModal[2m > [22mActions[2m > [22mshould not delete palette when confirm is cancelled[32m 21[2mms[22m[39m
 [32mΓ£ô[39m src/components/__tests__/saved-palettes-modal.test.ts[2m > [22mshowSavePaletteDialog[2m > [22mModal Configuration[2m > [22mshould call ModalService.show with custom type[32m 8[2mms[22m[39m
 [32mΓ£ô[39m src/components/__tests__/saved-palettes-modal.test.ts[2m > [22mshowSavePaletteDialog[2m > [22mModal Configuration[2m > [22mshould set correct title[32m 2[2mms[22m[39m
 [32mΓ£ô[39m src/components/__tests__/saved-palettes-modal.test.ts[2m > [22mshowSavePaletteDialog[2m > [22mModal Configuration[2m > [22mshould set size to sm[32m 2[2mms[22m[39m
 [32mΓ£ô[39m src/components/__tests__/saved-palettes-modal.test.ts[2m > [22mshowSavePaletteDialog[2m > [22mContent[2m > [22mshould display preview section[32m 4[2mms[22m[39m
 [32mΓ£ô[39m src/components/__tests__/saved-palettes-modal.test.ts[2m > [22mshowSavePaletteDialog[2m > [22mContent[2m > [22mshould display harmony type[32m 4[2mms[22m[39m
 [32mΓ£ô[39m src/components/__tests__/saved-palettes-modal.test.ts[2m > [22mshowSavePaletteDialog[2m > [22mContent[2m > [22mshould have name input with default value[32m 7[2mms[22m[39m
 [32mΓ£ô[39m src/components/__tests__/saved-palettes-modal.test.ts[2m > [22mshowSavePaletteDialog[2m > [22mContent[2m > [22mshould display companion colors[32m 3[2mms[22m[39m
 [32mΓ£ô[39m src/components/__tests__/saved-palettes-modal.test.ts[2m > [22mshowSavePaletteDialog[2m > [22mContent[2m > [22mshould have cancel button[32m 3[2mms[22m[39m
 [32mΓ£ô[39m src/components/__tests__/saved-palettes-modal.test.ts[2m > [22mshowSavePaletteDialog[2m > [22mContent[2m > [22mshould have save button[32m 6[2mms[22m[39m
 [32mΓ£ô[39m src/components/__tests__/saved-palettes-modal.test.ts[2m > [22mshowSavePaletteDialog[2m > [22mActions[2m > [22mshould dismiss modal on cancel click[32m 4[2mms[22m[39m
 [32mΓ£ô[39m src/components/__tests__/saved-palettes-modal.test.ts[2m > [22mshowSavePaletteDialog[2m > [22mActions[2m > [22mshould save palette on save click[32m 4[2mms[22m[39m
 [32mΓ£ô[39m src/components/__tests__/saved-palettes-modal.test.ts[2m > [22mshowSavePaletteDialog[2m > [22mActions[2m > [22mshould use custom name from input[32m 3[2mms[22m[39m
 [32mΓ£ô[39m src/components/__tests__/saved-palettes-modal.test.ts[2m > [22mshowSavePaletteDialog[2m > [22mActions[2m > [22mshould use default name if input is empty[32m 5[2mms[22m[39m
 [32mΓ£ô[39m src/components/__tests__/saved-palettes-modal.test.ts[2m > [22mshowSavePaletteDialog[2m > [22mActions[2m > [22mshould show error toast if save fails[32m 4[2mms[22m[39m
 [32mΓ£ô[39m src/components/__tests__/theme-switcher.test.ts[2m > [22mThemeSwitcher[2m > [22mEdge Cases[2m > [22mshould handle rapid theme changes[33m 652[2mms[22m[39m
 [32mΓ£ô[39m src/components/__tests__/theme-switcher.test.ts[2m > [22mThemeSwitcher[2m > [22mEdge Cases[2m > [22mshould handle empty dropdown state[32m 170[2mms[22m[39m
 [32mΓ£ô[39m src/components/__tests__/theme-switcher.test.ts[2m > [22mThemeSwitcher[2m > [22mClose Dropdown Behavior[2m > [22mshould close dropdown when clicking outside component[32m 169[2mms[22m[39m
 [32mΓ£ô[39m src/components/__tests__/language-selector.test.ts[2m > [22mLanguageSelector[2m > [22mrendering[2m > [22mshould render the language selector button[32m 66[2mms[22m[39m
 [32mΓ£ô[39m src/components/__tests__/language-selector.test.ts[2m > [22mLanguageSelector[2m > [22mrendering[2m > [22mshould render dropdown menu (hidden by default)[32m 19[2mms[22m[39m
 [32mΓ£ô[39m src/components/__tests__/theme-switcher.test.ts[2m > [22mThemeSwitcher[2m > [22mClose Dropdown Behavior[2m > [22mshould NOT close dropdown when clicking inside component[32m 171[2mms[22m[39m
 [32mΓ£ô[39m src/components/__tests__/language-selector.test.ts[2m > [22mLanguageSelector[2m > [22mrendering[2m > [22mshould render all available locales in dropdown[32m 12[2mms[22m[39m
 [32mΓ£ô[39m src/components/__tests__/language-selector.test.ts[2m > [22mLanguageSelector[2m > [22mrendering[2m > [22mshould display flag and language name in button[32m 12[2mms[22m[39m
 [32mΓ£ô[39m src/components/__tests__/language-selector.test.ts[2m > [22mLanguageSelector[2m > [22mrendering[2m > [22mshould mark current locale as selected[32m 11[2mms[22m[39m
 [32mΓ£ô[39m src/components/__tests__/language-selector.test.ts[2m > [22mLanguageSelector[2m > [22mdropdown behavior[2m > [22mshould toggle dropdown on button click[32m 18[2mms[22m[39m
 [32mΓ£ô[39m src/components/__tests__/language-selector.test.ts[2m > [22mLanguageSelector[2m > [22mdropdown behavior[2m > [22mshould close dropdown when clicking outside[32m 34[2mms[22m[39m
 [32mΓ£ô[39m src/components/__tests__/outfit-slot-selector.test.ts[2m > [22mOutfitSlotSelector[2m > [22mrendering[2m > [22mshould render the outfit slot selector[32m 29[2mms[22m[39m
 [32mΓ£ô[39m src/components/__tests__/outfit-slot-selector.test.ts[2m > [22mOutfitSlotSelector[2m > [22mrendering[2m > [22mshould render all 6 equipment slots[32m 9[2mms[22m[39m
 [32mΓ£ô[39m src/components/__tests__/outfit-slot-selector.test.ts[2m > [22mOutfitSlotSelector[2m > [22mrendering[2m > [22mshould render slot icons[32m 6[2mms[22m[39m
 [32mΓ£ô[39m src/components/__tests__/outfit-slot-selector.test.ts[2m > [22mOutfitSlotSelector[2m > [22mrendering[2m > [22mshould render dual dyes toggle[32m 8[2mms[22m[39m
 [32mΓ£ô[39m src/components/__tests__/outfit-slot-selector.test.ts[2m > [22mOutfitSlotSelector[2m > [22mrendering[2m > [22mshould render primary dye selector containers for each slot[32m 6[2mms[22m[39m
 [32mΓ£ô[39m src/components/__tests__/outfit-slot-selector.test.ts[2m > [22mOutfitSlotSelector[2m > [22mrendering[2m > [22mshould not render secondary selectors when dual dyes disabled[32m 10[2mms[22m[39m
 [32mΓ£ô[39m src/components/__tests__/outfit-slot-selector.test.ts[2m > [22mOutfitSlotSelector[2m > [22mrendering[2m > [22mshould render secondary selectors when dual dyes enabled[32m 8[2mms[22m[39m
 [32mΓ£ô[39m src/components/__tests__/outfit-slot-selector.test.ts[2m > [22mOutfitSlotSelector[2m > [22mdual dyes toggle[2m > [22mshould initialize with dual dyes disabled by default[32m 6[2mms[22m[39m
 [32mΓ£ô[39m src/components/__tests__/outfit-slot-selector.test.ts[2m > [22mOutfitSlotSelector[2m > [22mdual dyes toggle[2m > [22mshould initialize with dual dyes enabled when passed true[32m 9[2mms[22m[39m
Error: Not implemented: navigation (except hash changes)
    at module.exports (C:\Users\DrawF\OneDrive\Projects\CodingProjects\XIVProjects\xivdyetools-web-app\node_modul
es\jsdom\lib\jsdom\browser\not-implemented.js:9:17)
    at navigateFetch (C:\Users\DrawF\OneDrive\Projects\CodingProjects\XIVProjects\xivdyetools-web-app\node_module
s\jsdom\lib\jsdom\living\window\navigation.js:77:3)
    at exports.navigate (C:\Users\DrawF\OneDrive\Projects\CodingProjects\XIVProjects\xivdyetools-web-app\node_mod
ules\jsdom\lib\jsdom\living\window\navigation.js:55:3)
    at Timeout._onTimeout (C:\Users\DrawF\OneDrive\Projects\CodingProjects\XIVProjects\xivdyetools-web-app\node_m
odules\jsdom\lib\jsdom\living\nodes\HTMLHyperlinkElementUtils-impl.js:81:7)
    at listOnTimeout (node:internal/timers:588:17)
    at processTimers (node:internal/timers:523:7) undefined
 [32mΓ£ô[39m src/components/__tests__/palette-exporter.test.ts[2m > [22mPaletteExporter[2m > [22mrendering[2m > [22mshould render the exporter component[32m 16[2mms[22m[39m
 [32mΓ£ô[39m src/components/__tests__/palette-exporter.test.ts[2m > [22mPaletteExporter[2m > [22mrendering[2m > [22mshould render default title[32m 5[2mms[22m[39m
 [32mΓ£ô[39m src/components/__tests__/palette-exporter.test.ts[2m > [22mPaletteExporter[2m > [22mrendering[2m > [22mshould render custom title[32m 3[2mms[22m[39m
 [32mΓ£ô[39m src/components/__tests__/palette-exporter.test.ts[2m > [22mPaletteExporter[2m > [22mrendering[2m > [22mshould render JSON export button[32m 11[2mms[22m[39m
 [32mΓ£ô[39m src/components/__tests__/palette-exporter.test.ts[2m > [22mPaletteExporter[2m > [22mrendering[2m > [22mshould render CSS export button[32m 4[2mms[22m[39m
 [32mΓ£ô[39m src/components/__tests__/palette-exporter.test.ts[2m > [22mPaletteExporter[2m > [22mrendering[2m > [22mshould render SCSS export button[32m 3[2mms[22m[39m
 [32mΓ£ô[39m src/components/__tests__/palette-exporter.test.ts[2m > [22mPaletteExporter[2m > [22mrendering[2m > [22mshould render copy hex codes button[32m 3[2mms[22m[39m
 [32mΓ£ô[39m src/components/__tests__/palette-exporter.test.ts[2m > [22mPaletteExporter[2m > [22mbutton states[2m > [22mshould have enabled buttons by default[32m 8[2mms[22m[39m
 [32mΓ£ô[39m src/components/__tests__/palette-exporter.test.ts[2m > [22mPaletteExporter[2m > [22mbutton states[2m > [22mshould disable buttons when enabled returns false[32m 6[2mms[22m[39m
 [32mΓ£ô[39m src/components/__tests__/palette-exporter.test.ts[2m > [22mPaletteExporter[2m > [22mbutton states[2m > [22mshould add not-allowed cursor when disabled[32m 4[2mms[22m[39m
 [32mΓ£ô[39m src/components/__tests__/palette-exporter.test.ts[2m > [22mPaletteExporter[2m > [22mJSON export[2m > [22mshould call dataProvider on JSON export[32m 18[2mms[22m[39m
 [32mΓ£ô[39m src/components/__tests__/tools-dropdown.test.ts[2m > [22mToolsDropdown[2m > [22mRendering[2m > [22mshould render dropdown button with correct attributes[32m 68[2mms[22m[39m
 [32mΓ£ô[39m src/components/__tests__/tools-dropdown.test.ts[2m > [22mToolsDropdown[2m > [22mRendering[2m > [22mshould render dropdown menu with hidden class initially[32m 18[2mms[22m[39m
 [32mΓ£ô[39m src/components/__tests__/colorblindness-display.test.ts[2m > [22mColorblindnessDisplay[2m > [22mrendering[2m > [22mshould render the colorblindness display[32m 37[2mms[22m[39m
 [32mΓ£ô[39m src/components/__tests__/colorblindness-display.test.ts[2m > [22mColorblindnessDisplay[2m > [22mrendering[2m > [22mshould render title[32m 10[2mms[22m[39m
 [32mΓ£ô[39m src/components/__tests__/colorblindness-display.test.ts[2m > [22mColorblindnessDisplay[2m > [22mrendering[2m > [22mshould render description[32m 8[2mms[22m[39m
 [32mΓ£ô[39m src/components/__tests__/colorblindness-display.test.ts[2m > [22mColorblindnessDisplay[2m > [22mrendering[2m > [22mshould render all 5 vision types[32m 7[2mms[22m[39m
 [32mΓ£ô[39m src/components/__tests__/colorblindness-display.test.ts[2m > [22mColorblindnessDisplay[2m > [22mrendering[2m > [22mshould render vision type cards[32m 16[2mms[22m[39m
 [32mΓ£ô[39m src/components/__tests__/colorblindness-display.test.ts[2m > [22mColorblindnessDisplay[2m > [22mrendering[2m > [22mshould render color values section[32m 9[2mms[22m[39m
 [32mΓ£ô[39m src/components/__tests__/color-display.test.ts[2m > [22mColorDisplay[2m > [22mrendering - empty state[2m > [22mshould render empty state when no dye is set[32m 16[2mms[22m[39m
 [32mΓ£ô[39m src/components/__tests__/color-display.test.ts[2m > [22mColorDisplay[2m > [22mrendering - empty state[2m > [22mshould render with dashed border in empty state[32m 5[2mms[22m[39m
 [32mΓ£ô[39m src/components/__tests__/color-display.test.ts[2m > [22mColorDisplay[2m > [22mrendering - with dye[2m > [22mshould render dye name[32m 63[2mms[22m[39m
 [32mΓ£ô[39m src/components/__tests__/mobile-bottom-nav.test.ts[2m > [22mMobileBottomNav[2m > [22mRendering[2m > [22mshould render navigation element with correct attributes[32m 28[2mms[22m[39m
 [32mΓ£ô[39m src/components/__tests__/mobile-bottom-nav.test.ts[2m > [22mMobileBottomNav[2m > [22mRendering[2m > [22mshould render all tool buttons[32m 7[2mms[22m[39m
 [32mΓ£ô[39m src/components/__tests__/mobile-bottom-nav.test.ts[2m > [22mMobileBottomNav[2m > [22mRendering[2m > [22mshould render tool buttons with correct data-tool-id[32m 9[2mms[22m[39m
 [32mΓ£ô[39m src/components/__tests__/mobile-bottom-nav.test.ts[2m > [22mMobileBottomNav[2m > [22mRendering[2m > [22mshould render tool icon and name[32m 6[2mms[22m[39m
 [32mΓ£ô[39m src/components/__tests__/mobile-bottom-nav.test.ts[2m > [22mMobileBottomNav[2m > [22mRendering[2m > [22mshould set title attribute with tool description[32m 4[2mms[22m[39m
 [32mΓ£ô[39m src/components/__tests__/mobile-bottom-nav.test.ts[2m > [22mMobileBottomNav[2m > [22mRendering[2m > [22mshould set aria-label with tool name[32m 5[2mms[22m[39m
 [32mΓ£ô[39m src/components/__tests__/mobile-bottom-nav.test.ts[2m > [22mMobileBottomNav[2m > [22mRendering[2m > [22mshould set role="tab" on all buttons[32m 6[2mms[22m[39m
 [32mΓ£ô[39m src/components/__tests__/mobile-bottom-nav.test.ts[2m > [22mMobileBottomNav[2m > [22mRendering[2m > [22mshould highlight default active tool (harmony)[32m 6[2mms[22m[39m
 [32mΓ£ô[39m src/components/__tests__/mobile-bottom-nav.test.ts[2m > [22mMobileBottomNav[2m > [22mRendering[2m > [22mshould not highlight non-active tools[32m 8[2mms[22m[39m
 [32mΓ£ô[39m src/components/__tests__/mobile-bottom-nav.test.ts[2m > [22mMobileBottomNav[2m > [22mRendering[2m > [22mshould render with empty tools array[32m 2[2mms[22m[39m
 [32mΓ£ô[39m src/components/__tests__/color-distance-matrix.test.ts[2m > [22mColorDistanceMatrix[2m > [22mrendering - empty state[2m > [22mshould render empty state when no dyes provided[32m 8[2mms[22m[39m
 [32mΓ£ô[39m src/components/__tests__/color-distance-matrix.test.ts[2m > [22mColorDistanceMatrix[2m > [22mrendering - empty state[2m > [22mshould render empty state with empty array[32m 2[2mms[22m[39m
 [32mΓ£ô[39m src/components/__tests__/color-distance-matrix.test.ts[2m > [22mColorDistanceMatrix[2m > [22mrendering - with dyes[2m > [22mshould render matrix with dyes[32m 33[2mms[22m[39m
 [32mΓ£ô[39m src/components/__tests__/color-distance-matrix.test.ts[2m > [22mColorDistanceMatrix[2m > [22mrendering - with dyes[2m > [22mshould render title[32m 14[2mms[22m[39m
 [32mΓ£ô[39m src/components/__tests__/color-distance-matrix.test.ts[2m > [22mColorDistanceMatrix[2m > [22mrendering - with dyes[2m > [22mshould render description[32m 9[2mms[22m[39m
 [32mΓ£ô[39m src/components/__tests__/color-distance-matrix.test.ts[2m > [22mColorDistanceMatrix[2m > [22mrendering - with dyes[2m > [22mshould render table element[32m 5[2mms[22m[39m
 [32mΓ£ô[39m src/components/__tests__/color-distance-matrix.test.ts[2m > [22mColorDistanceMatrix[2m > [22mrendering - with dyes[2m > [22mshould render correct number of rows[32m 12[2mms[22m[39m
 [32mΓ£ô[39m src/components/__tests__/color-distance-matrix.test.ts[2m > [22mColorDistanceMatrix[2m > [22mrendering - with dyes[2m > [22mshould render correct number of columns[32m 6[2mms[22m[39m
 [32mΓ£ô[39m src/components/__tests__/language-selector.test.ts[2m > [22mLanguageSelector[2m > [22mdropdown behavior[2m > [22mshould close dropdown on Escape key[32m 30[2mms[22m[39m
 [32mΓ£ô[39m src/components/__tests__/language-selector.test.ts[2m > [22mLanguageSelector[2m > [22mdropdown behavior[2m > [22mshould close when other dropdowns request close[32m 29[2mms[22m[39m
 [32mΓ£ô[39m src/components/__tests__/language-selector.test.ts[2m > [22mLanguageSelector[2m > [22mdropdown behavior[2m > [22mshould dispatch close event for other dropdowns when opening[32m 20[2mms[22m[39m
 [32mΓ£ô[39m src/components/__tests__/language-selector.test.ts[2m > [22mLanguageSelector[2m > [22mlanguage selection[2m > [22mshould change language when locale button clicked[32m 12[2mms[22m[39m
 [32mΓ£ô[39m src/components/__tests__/language-selector.test.ts[2m > [22mLanguageSelector[2m > [22mlanguage selection[2m > [22mshould emit language-changed event on selection[32m 19[2mms[22m[39m
 [32mΓ£ô[39m src/components/__tests__/outfit-slot-selector.test.ts[2m > [22mOutfitSlotSelector[2m > [22mgetSelectedSlots[2m > [22mshould return all slots with null values initially[32m 7[2mms[22m[39m
 [32mΓ£ô[39m src/components/__tests__/outfit-slot-selector.test.ts[2m > [22mOutfitSlotSelector[2m > [22mgetSelectedSlots[2m > [22mshould return copy of slot data[32m 8[2mms[22m[39m
 [32mΓ£ô[39m src/components/__tests__/outfit-slot-selector.test.ts[2m > [22mOutfitSlotSelector[2m > [22mgetPrimaryColors[2m > [22mshould return empty object when no dyes selected[32m 5[2mms[22m[39m
 [32mΓ£ô[39m src/components/__tests__/outfit-slot-selector.test.ts[2m > [22mOutfitSlotSelector[2m > [22mgetSecondaryColors[2m > [22mshould return empty object when no dyes selected[32m 4[2mms[22m[39m
 [32mΓ£ô[39m src/components/__tests__/outfit-slot-selector.test.ts[2m > [22mOutfitSlotSelector[2m > [22mstate management[2m > [22mshould return correct state via getState[32m 12[2mms[22m[39m
 [32mΓ£ô[39m src/components/__tests__/outfit-slot-selector.test.ts[2m > [22mOutfitSlotSelector[2m > [22mevent emission[2m > [22mshould have slot-changed event handler setup[32m 8[2mms[22m[39m
 [32mΓ£ô[39m src/components/__tests__/outfit-slot-selector.test.ts[2m > [22mOutfitSlotSelector[2m > [22mcleanup[2m > [22mshould clean up on destroy without error[32m 6[2mms[22m[39m
 [32mΓ£ô[39m src/components/__tests__/outfit-slot-selector.test.ts[2m > [22mOutfitSlotSelector[2m > [22mcleanup[2m > [22mshould allow creating new component after destroy[32m 12[2mms[22m[39m
 [32mΓ£ô[39m src/components/__tests__/outfit-slot-selector.test.ts[2m > [22mOutfitSlotSelector[2m > [22mslot structure[2m > [22mshould have correct slot IDs[32m 6[2mms[22m[39m
 [32mΓ£ô[39m src/components/__tests__/outfit-slot-selector.test.ts[2m > [22mOutfitSlotSelector[2m > [22mslot structure[2m > [22mshould have correct slot names[32m 5[2mms[22m[39m
 [32mΓ£ô[39m src/components/__tests__/outfit-slot-selector.test.ts[2m > [22mOutfitSlotSelector[2m > [22mslot structure[2m > [22mshould have correct slot icons[32m 6[2mms[22m[39m
 [32mΓ£ô[39m src/components/__tests__/outfit-slot-selector.test.ts[2m > [22mOutfitSlotSelector[2m > [22mlabels[2m > [22mshould render Primary Dye labels[32m 4[2mms[22m[39m
 [32mΓ£ô[39m src/components/__tests__/outfit-slot-selector.test.ts[2m > [22mOutfitSlotSelector[2m > [22mlabels[2m > [22mshould render Secondary Dye labels when dual dyes enabled[32m 8[2mms[22m[39m
 [32mΓ£ô[39m src/components/__tests__/outfit-slot-selector.test.ts[2m > [22mOutfitSlotSelector[2m > [22mdual dyes toggle change event[2m > [22mshould update enableDualDyes when toggle is changed[32m 10[2mms[22m[39m
 [32mΓ£ô[39m src/components/__tests__/palette-exporter.test.ts[2m > [22mPaletteExporter[2m > [22mJSON export[2m > [22mshould trigger download on JSON export[32m 17[2mms[22m[39m
 [32mΓ£ô[39m src/components/__tests__/palette-exporter.test.ts[2m > [22mPaletteExporter[2m > [22mJSON export[2m > [22mshould emit export-downloaded event[32m 12[2mms[22m[39m
 [32mΓ£ô[39m src/components/__tests__/palette-exporter.test.ts[2m > [22mPaletteExporter[2m > [22mCSS export[2m > [22mshould call dataProvider on CSS export[32m 14[2mms[22m[39m
 [32mΓ£ô[39m src/components/__tests__/palette-exporter.test.ts[2m > [22mPaletteExporter[2m > [22mSCSS export[2m > [22mshould call dataProvider on SCSS export[32m 16[2mms[22m[39m
 [32mΓ£ô[39m src/components/__tests__/palette-exporter.test.ts[2m > [22mPaletteExporter[2m > [22mcopy hex codes[2m > [22mshould call dataProvider on copy[32m 16[2mms[22m[39m
 [32mΓ£ô[39m src/components/__tests__/palette-exporter.test.ts[2m > [22mPaletteExporter[2m > [22mcopy hex codes[2m > [22mshould copy hex codes to clipboard[32m 15[2mms[22m[39m
 [32mΓ£ô[39m src/components/__tests__/palette-exporter.test.ts[2m > [22mPaletteExporter[2m > [22mcopy hex codes[2m > [22mshould emit export-copied event[32m 15[2mms[22m[39m
 [32mΓ£ô[39m src/components/__tests__/tools-dropdown.test.ts[2m > [22mToolsDropdown[2m > [22mRendering[2m > [22mshould render all tool buttons[32m 14[2mms[22m[39m
 [32mΓ£ô[39m src/components/__tests__/tools-dropdown.test.ts[2m > [22mToolsDropdown[2m > [22mRendering[2m > [22mshould render tool buttons with correct data-tool-id[32m 24[2mms[22m[39m
 [32mΓ£ô[39m src/components/__tests__/tools-dropdown.test.ts[2m > [22mToolsDropdown[2m > [22mRendering[2m > [22mshould render tool name and description[32m 17[2mms[22m[39m
 [32mΓ£ô[39m src/components/__tests__/tools-dropdown.test.ts[2m > [22mToolsDropdown[2m > [22mRendering[2m > [22mshould render tool icon[32m 13[2mms[22m[39m
 [32mΓ£ô[39m src/components/__tests__/tools-dropdown.test.ts[2m > [22mToolsDropdown[2m > [22mRendering[2m > [22mshould render with empty tools array[32m 5[2mms[22m[39m
 [32mΓ£ô[39m src/components/__tests__/tools-dropdown.test.ts[2m > [22mToolsDropdown[2m > [22mRendering[2m > [22mshould set title attribute with tool description[32m 9[2mms[22m[39m
 [32mΓ£ô[39m src/components/__tests__/tools-dropdown.test.ts[2m > [22mToolsDropdown[2m > [22mDropdown Toggle[2m > [22mshould open dropdown when button is clicked[32m 16[2mms[22m[39m
 [32mΓ£ô[39m src/components/__tests__/tools-dropdown.test.ts[2m > [22mToolsDropdown[2m > [22mDropdown Toggle[2m > [22mshould close dropdown when button is clicked twice[32m 10[2mms[22m[39m
 [32mΓ£ô[39m src/components/__tests__/theme-switcher.test.ts[2m > [22mThemeSwitcher[2m > [22mClose Dropdown Behavior[2m > [22mshould close dropdown when receiving close-other-dropdowns event from non-theme source[32m 204[2mms[22m[39m
 [32mΓ£ô[39m src/components/__tests__/mobile-bottom-nav.test.ts[2m > [22mMobileBottomNav[2m > [22mRendering[2m > [22mshould emit mobile-nav-ready event after rendering[32m 31[2mms[22m[39m
 [32mΓ£ô[39m src/components/__tests__/mobile-bottom-nav.test.ts[2m > [22mMobileBottomNav[2m > [22mTool Selection[2m > [22mshould emit tool-selected event when tool is clicked[32m 9[2mms[22m[39m
 [32mΓ£ô[39m src/components/__tests__/mobile-bottom-nav.test.ts[2m > [22mMobileBottomNav[2m > [22mTool Selection[2m > [22mshould emit correct toolId in event detail[32m 7[2mms[22m[39m
 [32mΓ£ô[39m src/components/__tests__/mobile-bottom-nav.test.ts[2m > [22mMobileBottomNav[2m > [22mTool Selection[2m > [22mshould update active tool when clicked[32m 5[2mms[22m[39m
 [32mΓ£ô[39m src/components/__tests__/mobile-bottom-nav.test.ts[2m > [22mMobileBottomNav[2m > [22mTool Selection[2m > [22mshould highlight newly selected tool[32m 6[2mms[22m[39m
 [32mΓ£ô[39m src/components/__tests__/mobile-bottom-nav.test.ts[2m > [22mMobileBottomNav[2m > [22mTool Selection[2m > [22mshould remove highlight from previously active tool[32m 7[2mms[22m[39m
 [32mΓ£ô[39m src/components/__tests__/mobile-bottom-nav.test.ts[2m > [22mMobileBottomNav[2m > [22mTool Selection[2m > [22mshould emit events for all tools[32m 11[2mms[22m[39m
 [32mΓ£ô[39m src/components/__tests__/mobile-bottom-nav.test.ts[2m > [22mMobileBottomNav[2m > [22mTool Selection[2m > [22mshould bubble custom event[32m 5[2mms[22m[39m
 [32mΓ£ô[39m src/components/__tests__/mobile-bottom-nav.test.ts[2m > [22mMobileBottomNav[2m > [22mTool Selection[2m > [22mshould not emit event if toolId is invalid[32m 3[2mms[22m[39m
 [32mΓ£ô[39m src/components/__tests__/mobile-bottom-nav.test.ts[2m > [22mMobileBottomNav[2m > [22mActive State Management[2m > [22mshould set active tool via setActiveToolId[32m 6[2mms[22m[39m
 [32mΓ£ô[39m src/components/__tests__/mobile-bottom-nav.test.ts[2m > [22mMobileBottomNav[2m > [22mActive State Management[2m > [22mshould update button styles when setting active tool[32m 10[2mms[22m[39m
 [32mΓ£ô[39m src/components/__tests__/mobile-bottom-nav.test.ts[2m > [22mMobileBottomNav[2m > [22mActive State Management[2m > [22mshould do nothing if setting same tool as current[32m 2[2mms[22m[39m
 [32mΓ£ô[39m src/components/__tests__/mobile-bottom-nav.test.ts[2m > [22mMobileBottomNav[2m > [22mActive State Management[2m > [22mshould get active tool id[32m 3[2mms[22m[39m
 [32mΓ£ô[39m src/components/__tests__/mobile-bottom-nav.test.ts[2m > [22mMobileBottomNav[2m > [22mActive State Management[2m > [22mshould update active tool multiple times[32m 9[2mms[22m[39m
 [32mΓ£ô[39m src/components/__tests__/mobile-bottom-nav.test.ts[2m > [22mMobileBottomNav[2m > [22mActive State Management[2m > [22mshould maintain only one active tool at a time[32m 6[2mms[22m[39m
 [32mΓ£ô[39m src/components/__tests__/mobile-bottom-nav.test.ts[2m > [22mMobileBottomNav[2m > [22mState Management[2m > [22mshould return correct state on init[32m 4[2mms[22m[39m
 [32mΓ£ô[39m src/components/__tests__/colorblindness-display.test.ts[2m > [22mColorblindnessDisplay[2m > [22mvision type information[2m > [22mshould display normal vision description[32m 17[2mms[22m[39m
 [32mΓ£ô[39m src/components/__tests__/colorblindness-display.test.ts[2m > [22mColorblindnessDisplay[2m > [22mvision type information[2m > [22mshould display deuteranopia description[32m 11[2mms[22m[39m
 [32mΓ£ô[39m src/components/__tests__/colorblindness-display.test.ts[2m > [22mColorblindnessDisplay[2m > [22mvision type information[2m > [22mshould display protanopia description[32m 8[2mms[22m[39m
 [32mΓ£ô[39m src/components/__tests__/colorblindness-display.test.ts[2m > [22mColorblindnessDisplay[2m > [22mvision type information[2m > [22mshould display tritanopia description[32m 9[2mms[22m[39m
 [32mΓ£ô[39m src/components/__tests__/colorblindness-display.test.ts[2m > [22mColorblindnessDisplay[2m > [22mvision type information[2m > [22mshould display achromatopsia description[32m 6[2mms[22m[39m
 [32mΓ£ô[39m src/components/__tests__/colorblindness-display.test.ts[2m > [22mColorblindnessDisplay[2m > [22mvision type information[2m > [22mshould display prevalence information[32m 6[2mms[22m[39m
 [32mΓ£ô[39m src/components/__tests__/colorblindness-display.test.ts[2m > [22mColorblindnessDisplay[2m > [22mcolor simulation[2m > [22mshould use default red color[32m 5[2mms[22m[39m
 [32mΓ£ô[39m src/components/__tests__/colorblindness-display.test.ts[2m > [22mColorblindnessDisplay[2m > [22mcolor simulation[2m > [22mshould accept custom initial color[32m 6[2mms[22m[39m
 [32mΓ£ô[39m src/components/__tests__/colorblindness-display.test.ts[2m > [22mColorblindnessDisplay[2m > [22mcolor simulation[2m > [22mshould display simulated colors for each vision type[32m 8[2mms[22m[39m
 [32mΓ£ô[39m src/components/__tests__/colorblindness-display.test.ts[2m > [22mColorblindnessDisplay[2m > [22mcolor simulation[2m > [22mshould display RGB values[32m 5[2mms[22m[39m
 [32mΓ£ô[39m src/components/__tests__/colorblindness-display.test.ts[2m > [22mColorblindnessDisplay[2m > [22mupdateColor[2m > [22mshould update display when color changes[32m 10[2mms[22m[39m
 [32mΓ£ô[39m src/components/__tests__/colorblindness-display.test.ts[2m > [22mColorblindnessDisplay[2m > [22mupdateColor[2m > [22mshould update simulated colors[32m 20[2mms[22m[39m
 [32mΓ£ô[39m src/components/__tests__/color-distance-matrix.test.ts[2m > [22mColorDistanceMatrix[2m > [22mrendering - with dyes[2m > [22mshould render color swatches in headers[32m 12[2mms[22m[39m
 [32mΓ£ô[39m src/components/__tests__/color-distance-matrix.test.ts[2m > [22mColorDistanceMatrix[2m > [22mdistance calculations[2m > [22mshould show 0.0 on diagonal cells[32m 10[2mms[22m[39m
 [32mΓ£ô[39m src/components/__tests__/color-distance-matrix.test.ts[2m > [22mColorDistanceMatrix[2m > [22mdistance calculations[2m > [22mshould display distance values in cells[32m 7[2mms[22m[39m
 [32mΓ£ô[39m src/components/__tests__/color-distance-matrix.test.ts[2m > [22mColorDistanceMatrix[2m > [22mdistance calculations[2m > [22mshould have symmetric matrix[32m 11[2mms[22m[39m
 [32mΓ£ô[39m src/components/__tests__/color-distance-matrix.test.ts[2m > [22mColorDistanceMatrix[2m > [22mcolor coding[2m > [22mshould color code distance cells[32m 8[2mms[22m[39m
 [32mΓ£ô[39m src/components/__tests__/color-distance-matrix.test.ts[2m > [22mColorDistanceMatrix[2m > [22mcolor coding[2m > [22mshould set text color for readability[32m 12[2mms[22m[39m
 [32mΓ£ô[39m src/components/__tests__/color-distance-matrix.test.ts[2m > [22mColorDistanceMatrix[2m > [22mupdateDyes[2m > [22mshould update matrix when dyes change[32m 17[2mms[22m[39m
 [32mΓ£ô[39m src/components/__tests__/color-distance-matrix.test.ts[2m > [22mColorDistanceMatrix[2m > [22mupdateDyes[2m > [22mshould show empty state after clearing dyes[32m 22[2mms[22m[39m
 [32mΓ£ô[39m src/components/__tests__/language-selector.test.ts[2m > [22mLanguageSelector[2m > [22mlanguage selection[2m > [22mshould close dropdown after language selection[32m 26[2mms[22m[39m
 [32mΓ£ô[39m src/components/__tests__/language-selector.test.ts[2m > [22mLanguageSelector[2m > [22mlanguage selection[2m > [22mshould close dropdown when same language selected[32m 31[2mms[22m[39m
 [32mΓ£ô[39m src/components/__tests__/language-selector.test.ts[2m > [22mLanguageSelector[2m > [22maccessibility[2m > [22mshould have proper ARIA attributes[32m 12[2mms[22m[39m
 [32mΓ£ô[39m src/components/__tests__/language-selector.test.ts[2m > [22mLanguageSelector[2m > [22maccessibility[2m > [22mshould update aria-expanded when dropdown opens/closes[32m 34[2mms[22m[39m
 [32mΓ£ô[39m src/components/__tests__/language-selector.test.ts[2m > [22mLanguageSelector[2m > [22mstate management[2m > [22mshould return correct state via getState[32m 7[2mms[22m[39m
 [32mΓ£ô[39m src/components/__tests__/language-selector.test.ts[2m > [22mLanguageSelector[2m > [22mhover effects[2m > [22mshould apply hover style on button mouseenter[32m 7[2mms[22m[39m
 [32mΓ£ô[39m src/components/__tests__/language-selector.test.ts[2m > [22mLanguageSelector[2m > [22mhover effects[2m > [22mshould remove hover style on button mouseleave[32m 7[2mms[22m[39m
 [32mΓ£ô[39m src/components/__tests__/color-display.test.ts[2m > [22mColorDisplay[2m > [22mrendering - with dye[2m > [22mshould render color swatch with correct background[32m 19[2mms[22m[39m
 [32mΓ£ô[39m src/components/__tests__/color-display.test.ts[2m > [22mColorDisplay[2m > [22mrendering - with dye[2m > [22mshould render hex value by default[32m 17[2mms[22m[39m
 [32mΓ£ô[39m src/components/__tests__/color-display.test.ts[2m > [22mColorDisplay[2m > [22mrendering - with dye[2m > [22mshould render RGB values by default[32m 8[2mms[22m[39m
 [32mΓ£ô[39m src/components/__tests__/color-display.test.ts[2m > [22mColorDisplay[2m > [22mrendering - with dye[2m > [22mshould render HSV values by default[32m 10[2mms[22m[39m
 [32mΓ£ô[39m src/components/__tests__/color-display.test.ts[2m > [22mColorDisplay[2m > [22mrendering - with dye[2m > [22mshould render color properties section[32m 16[2mms[22m[39m
 [32mΓ£ô[39m src/components/__tests__/color-display.test.ts[2m > [22mColorDisplay[2m > [22mrendering - with dye[2m > [22mshould render accessibility section by default[32m 12[2mms[22m[39m
 [32mΓ£ô[39m src/components/__tests__/color-display.test.ts[2m > [22mColorDisplay[2m > [22moptions[2m > [22mshould hide hex when showHex is false[32m 12[2mms[22m[39m
 [32mΓ£ô[39m src/components/__tests__/color-display.test.ts[2m > [22mColorDisplay[2m > [22moptions[2m > [22mshould hide RGB when showRGB is false[32m 9[2mms[22m[39m
 [32mΓ£ô[39m src/components/__tests__/color-display.test.ts[2m > [22mColorDisplay[2m > [22moptions[2m > [22mshould hide accessibility when showAccessibility is false[32m 11[2mms[22m[39m
 [32mΓ£ô[39m src/components/__tests__/outfit-slot-selector.test.ts[2m > [22mOutfitSlotSelector[2m > [22mdual dyes toggle change event[2m > [22mshould re-render secondary selectors after toggle enabled[32m 9[2mms[22m[39m
 [32mΓ£ô[39m src/components/__tests__/outfit-slot-selector.test.ts[2m > [22mOutfitSlotSelector[2m > [22mprimary dye selection events[2m > [22mshould handle selection-changed event on primary container[32m 8[2mms[22m[39m
 [32mΓ£ô[39m src/components/__tests__/outfit-slot-selector.test.ts[2m > [22mOutfitSlotSelector[2m > [22mprimary dye selection events[2m > [22mshould handle empty selection on primary container[32m 7[2mms[22m[39m
 [32mΓ£ô[39m src/components/__tests__/outfit-slot-selector.test.ts[2m > [22mOutfitSlotSelector[2m > [22mprimary dye selection events[2m > [22mshould handle selection-changed without detail[32m 10[2mms[22m[39m
 [32mΓ£ô[39m src/components/__tests__/outfit-slot-selector.test.ts[2m > [22mOutfitSlotSelector[2m > [22msecondary dye selection events[2m > [22mshould handle selection-changed event on secondary container[32m 11[2mms[22m[39m
 [32mΓ£ô[39m src/components/__tests__/outfit-slot-selector.test.ts[2m > [22mOutfitSlotSelector[2m > [22msecondary dye selection events[2m > [22mshould handle empty selection on secondary container[32m 13[2mms[22m[39m
 [32mΓ£ô[39m src/components/__tests__/outfit-slot-selector.test.ts[2m > [22mOutfitSlotSelector[2m > [22mgetPrimaryColors with selected dyes[2m > [22mshould return primary colors when dyes are selected[32m 5[2mms[22m[39m
 [32mΓ£ô[39m src/components/__tests__/outfit-slot-selector.test.ts[2m > [22mOutfitSlotSelector[2m > [22mgetSecondaryColors with selected dyes[2m > [22mshould return secondary colors when dyes are selected[32m 8[2mms[22m[39m
 [32mΓ£ô[39m src/components/__tests__/language-selector.test.ts[2m > [22mLanguageSelector[2m > [22mcleanup[2m > [22mshould clean up event listeners on destroy[32m 15[2mms[22m[39m
 [32mΓ£ô[39m src/components/__tests__/palette-exporter.test.ts[2m > [22mPaletteExporter[2m > [22mcopy hex codes[2m > [22mshould include count in export-copied event[32m 9[2mms[22m[39m
 [32mΓ£ô[39m src/components/__tests__/palette-exporter.test.ts[2m > [22mPaletteExporter[2m > [22mexport content generation[2m > [22mshould include base color in exports[32m 5[2mms[22m[39m
 [32mΓ£ô[39m src/components/__tests__/palette-exporter.test.ts[2m > [22mPaletteExporter[2m > [22mexport content generation[2m > [22mshould include group colors in exports[32m 15[2mms[22m[39m
 [32mΓ£ô[39m src/components/__tests__/palette-exporter.test.ts[2m > [22mPaletteExporter[2m > [22mexport content generation[2m > [22mshould remove duplicate hex codes[32m 16[2mms[22m[39m
 [32mΓ£ô[39m src/components/__tests__/palette-exporter.test.ts[2m > [22mPaletteExporter[2m > [22mempty data handling[2m > [22mshould handle empty palette data[32m 5[2mms[22m[39m
 [32mΓ£ô[39m src/components/__tests__/palette-exporter.test.ts[2m > [22mPaletteExporter[2m > [22mempty data handling[2m > [22mshould handle null base color[32m 9[2mms[22m[39m
 [32mΓ£ô[39m src/components/__tests__/palette-exporter.test.ts[2m > [22mPaletteExporter[2m > [22mhover effects[2m > [22mshould change opacity on mouseenter[32m 4[2mms[22m[39m
 [32mΓ£ô[39m src/components/__tests__/palette-exporter.test.ts[2m > [22mPaletteExporter[2m > [22mhover effects[2m > [22mshould restore opacity on mouseleave[32m 7[2mms[22m[39m
 [32mΓ£ô[39m src/components/__tests__/palette-exporter.test.ts[2m > [22mPaletteExporter[2m > [22mstate management[2m > [22mshould return correct state[32m 3[2mms[22m[39m
 [32mΓ£ô[39m src/components/__tests__/palette-exporter.test.ts[2m > [22mPaletteExporter[2m > [22mupdate method[2m > [22mshould update button states on update call[32m 3[2mms[22m[39m
 [32mΓ£ô[39m src/components/__tests__/palette-exporter.test.ts[2m > [22mPaletteExporter[2m > [22mcleanup[2m > [22mshould clean up without error[32m 2[2mms[22m[39m
 [32mΓ£ô[39m src/components/__tests__/palette-exporter.test.ts[2m > [22mPaletteExporter[2m > [22merror handling in export handlers[2m > [22mshould handle error in JSON export when dataProvider throws[32m 3[2mms[22m[39m
 [32mΓ£ô[39m src/components/__tests__/palette-exporter.test.ts[2m > [22mPaletteExporter[2m > [22merror handling in export handlers[2m > [22mshould handle error in CSS export when dataProvider throws[32m 3[2mms[22m[39m
 [32mΓ£ô[39m src/components/__tests__/palette-exporter.test.ts[2m > [22mPaletteExporter[2m > [22merror handling in export handlers[2m > [22mshould handle error in SCSS export when dataProvider throws[32m 3[2mms[22m[39m
 [32mΓ£ô[39m src/components/__tests__/palette-exporter.test.ts[2m > [22mPaletteExporter[2m > [22merror handling in export handlers[2m > [22mshould handle error in copy hex codes when dataProvider throws[32m 18[2mms[22m[39m
 [32mΓ£ô[39m src/components/__tests__/mobile-bottom-nav.test.ts[2m > [22mMobileBottomNav[2m > [22mState Management[2m > [22mshould return updated state after tool selection[32m 3[2mms[22m[39m
 [32mΓ£ô[39m src/components/__tests__/mobile-bottom-nav.test.ts[2m > [22mMobileBottomNav[2m > [22mState Management[2m > [22mshould return correct toolCount for empty tools array[32m 1[2mms[22m[39m
 [32mΓ£ô[39m src/components/__tests__/mobile-bottom-nav.test.ts[2m > [22mMobileBottomNav[2m > [22mLifecycle[2m > [22mshould initialize component correctly[32m 2[2mms[22m[39m
 [32mΓ£ô[39m src/components/__tests__/mobile-bottom-nav.test.ts[2m > [22mMobileBottomNav[2m > [22mLifecycle[2m > [22mshould clean up event listeners on destroy[32m 2[2mms[22m[39m
 [32mΓ£ô[39m src/components/__tests__/mobile-bottom-nav.test.ts[2m > [22mMobileBottomNav[2m > [22mLifecycle[2m > [22mshould update component correctly[32m 5[2mms[22m[39m
 [32mΓ£ô[39m src/components/__tests__/mobile-bottom-nav.test.ts[2m > [22mMobileBottomNav[2m > [22mLifecycle[2m > [22mshould preserve active tool state after update[32m 7[2mms[22m[39m
 [32mΓ£ô[39m src/components/__tests__/mobile-bottom-nav.test.ts[2m > [22mMobileBottomNav[2m > [22mEdge Cases[2m > [22mshould handle single tool[32m 4[2mms[22m[39m
 [32mΓ£ô[39m src/components/__tests__/mobile-bottom-nav.test.ts[2m > [22mMobileBottomNav[2m > [22mEdge Cases[2m > [22mshould handle tool with long name (truncation)[32m 8[2mms[22m[39m
 [32mΓ£ô[39m src/components/__tests__/mobile-bottom-nav.test.ts[2m > [22mMobileBottomNav[2m > [22mEdge Cases[2m > [22mshould handle tool with special characters in description[32m 6[2mms[22m[39m
 [32mΓ£ô[39m src/components/__tests__/mobile-bottom-nav.test.ts[2m > [22mMobileBottomNav[2m > [22mEdge Cases[2m > [22mshould handle rapid tool selection[32m 8[2mms[22m[39m
 [32mΓ£ô[39m src/components/__tests__/mobile-bottom-nav.test.ts[2m > [22mMobileBottomNav[2m > [22mEdge Cases[2m > [22mshould handle clicking same tool multiple times[32m 3[2mms[22m[39m
 [32mΓ£ô[39m src/components/__tests__/mobile-bottom-nav.test.ts[2m > [22mMobileBottomNav[2m > [22mEdge Cases[2m > [22mshould handle setActiveToolId with non-existent tool id[32m 4[2mms[22m[39m
 [32mΓ£ô[39m src/components/__tests__/mobile-bottom-nav.test.ts[2m > [22mMobileBottomNav[2m > [22mEdge Cases[2m > [22mshould handle all tools being clicked in sequence[32m 5[2mms[22m[39m
 [32mΓ£ô[39m src/components/__tests__/color-distance-matrix.test.ts[2m > [22mColorDistanceMatrix[2m > [22mstate management[2m > [22mshould return correct state[32m 15[2mms[22m[39m
 [32mΓ£ô[39m src/components/__tests__/color-distance-matrix.test.ts[2m > [22mColorDistanceMatrix[2m > [22mstate management[2m > [22mshould return empty state when no dyes[32m 1[2mms[22m[39m
 [32mΓ£ô[39m src/components/__tests__/color-distance-matrix.test.ts[2m > [22mColorDistanceMatrix[2m > [22mtable structure[2m > [22mshould have overflow container for horizontal scroll[32m 6[2mms[22m[39m
 [32mΓ£ô[39m src/components/__tests__/color-distance-matrix.test.ts[2m > [22mColorDistanceMatrix[2m > [22mtable structure[2m > [22mshould have proper table borders[32m 7[2mms[22m[39m
 [32mΓ£ô[39m src/components/__tests__/color-distance-matrix.test.ts[2m > [22mColorDistanceMatrix[2m > [22mtable structure[2m > [22mshould have thead and tbody[32m 6[2mms[22m[39m
 [32mΓ£ô[39m src/components/__tests__/color-distance-matrix.test.ts[2m > [22mColorDistanceMatrix[2m > [22mdye names[2m > [22mshould display dye names in headers[32m 19[2mms[22m[39m
 [32mΓ£ô[39m src/components/__tests__/color-distance-matrix.test.ts[2m > [22mColorDistanceMatrix[2m > [22mdye names[2m > [22mshould truncate long dye names[32m 6[2mms[22m[39m
 [32mΓ£ô[39m src/components/__tests__/color-distance-matrix.test.ts[2m > [22mColorDistanceMatrix[2m > [22msingle dye[2m > [22mshould render 1x1 matrix for single dye[32m 3[2mms[22m[39m
 [32mΓ£ô[39m src/components/__tests__/color-distance-matrix.test.ts[2m > [22mColorDistanceMatrix[2m > [22msingle dye[2m > [22mshould show 0.0 for single dye diagonal[32m 2[2mms[22m[39m
 [32mΓ£ô[39m src/components/__tests__/color-distance-matrix.test.ts[2m > [22mColorDistanceMatrix[2m > [22mcleanup[2m > [22mshould clean up without error[32m 5[2mms[22m[39m
 [32mΓ£ô[39m src/components/__tests__/outfit-slot-selector.test.ts[2m > [22mOutfitSlotSelector[2m > [22mslot card display with selected dyes[2m > [22mshould render primary dye display when primary is set[32m 43[2mms[22m[39m
 [32mΓ£ô[39m src/components/__tests__/outfit-slot-selector.test.ts[2m > [22mOutfitSlotSelector[2m > [22mslot card display with selected dyes[2m > [22mshould render secondary dye display when secondary is set and dual dyes enabled[32m 23[2mms[22m[39m
 [32mΓ£ô[39m src/components/__tests__/outfit-slot-selector.test.ts[2m > [22mOutfitSlotSelector[2m > [22mslot card display with selected dyes[2m > [22mshould render color swatch with correct background color[32m 15[2mms[22m[39m
 [32mΓ£ô[39m src/components/__tests__/outfit-slot-selector.test.ts[2m > [22mOutfitSlotSelector[2m > [22mgetSelectedSlots with selected dyes[2m > [22mshould return copies of dye objects[32m 5[2mms[22m[39m
 [32mΓ£ô[39m src/components/__tests__/colorblindness-display.test.ts[2m > [22mColorblindnessDisplay[2m > [22mcolor swatches[2m > [22mshould render color swatches for each vision type[32m 11[2mms[22m[39m
 [32mΓ£ô[39m src/components/__tests__/colorblindness-display.test.ts[2m > [22mColorblindnessDisplay[2m > [22mcolor swatches[2m > [22mshould display original color for normal vision[32m 5[2mms[22m[39m
 [32mΓ£ô[39m src/components/__tests__/colorblindness-display.test.ts[2m > [22mColorblindnessDisplay[2m > [22mstate management[2m > [22mshould return correct state[32m 6[2mms[22m[39m
 [32mΓ£ô[39m src/components/__tests__/colorblindness-display.test.ts[2m > [22mColorblindnessDisplay[2m > [22mstate management[2m > [22mshould include all vision types in simulated colors[32m 6[2mms[22m[39m
 [32mΓ£ô[39m src/components/__tests__/colorblindness-display.test.ts[2m > [22mColorblindnessDisplay[2m > [22mcolor values section[2m > [22mshould display hex values for each vision type[32m 13[2mms[22m[39m
 [32mΓ£ô[39m src/components/__tests__/colorblindness-display.test.ts[2m > [22mColorblindnessDisplay[2m > [22mcolor values section[2m > [22mshould display vision type names in values section[32m 16[2mms[22m[39m
 [32mΓ£ô[39m src/components/__tests__/colorblindness-display.test.ts[2m > [22mColorblindnessDisplay[2m > [22machromatopsia simulation[2m > [22mshould convert color to grayscale[32m 4[2mms[22m[39m
 [32mΓ£ô[39m src/components/__tests__/colorblindness-display.test.ts[2m > [22mColorblindnessDisplay[2m > [22mvisual layout[2m > [22mshould use grid layout for vision type cards[32m 5[2mms[22m[39m
 [32mΓ£ô[39m src/components/__tests__/colorblindness-display.test.ts[2m > [22mColorblindnessDisplay[2m > [22mvisual layout[2m > [22mshould have responsive columns[32m 7[2mms[22m[39m
 [32mΓ£ô[39m src/components/__tests__/colorblindness-display.test.ts[2m > [22mColorblindnessDisplay[2m > [22mcleanup[2m > [22mshould clean up without error[32m 6[2mms[22m[39m
 [32mΓ£ô[39m src/components/__tests__/tools-dropdown.test.ts[2m > [22mToolsDropdown[2m > [22mDropdown Toggle[2m > [22mshould toggle dropdown state correctly[32m 11[2mms[22m[39m
 [32mΓ£ô[39m src/components/__tests__/tools-dropdown.test.ts[2m > [22mToolsDropdown[2m > [22mDropdown Toggle[2m > [22mshould update aria-expanded when toggling[32m 7[2mms[22m[39m
 [32mΓ£ô[39m src/components/__tests__/tools-dropdown.test.ts[2m > [22mToolsDropdown[2m > [22mTool Selection[2m > [22mshould emit tool-selected event when tool is clicked[32m 8[2mms[22m[39m
 [32mΓ£ô[39m src/components/__tests__/tools-dropdown.test.ts[2m > [22mToolsDropdown[2m > [22mTool Selection[2m > [22mshould emit correct toolId in event detail[32m 9[2mms[22m[39m
 [32mΓ£ô[39m src/components/__tests__/tools-dropdown.test.ts[2m > [22mToolsDropdown[2m > [22mTool Selection[2m > [22mshould close dropdown after tool selection[32m 9[2mms[22m[39m
 [32mΓ£ô[39m src/components/__tests__/tools-dropdown.test.ts[2m > [22mToolsDropdown[2m > [22mTool Selection[2m > [22mshould emit events for all tools[32m 20[2mms[22m[39m
 [32mΓ£ô[39m src/components/__tests__/tools-dropdown.test.ts[2m > [22mToolsDropdown[2m > [22mTool Selection[2m > [22mshould bubble custom event[32m 7[2mms[22m[39m
 [32mΓ£ô[39m src/components/__tests__/tools-dropdown.test.ts[2m > [22mToolsDropdown[2m > [22mOutside Click[2m > [22mshould close dropdown when clicking outside[32m 7[2mms[22m[39m
 [32mΓ£ô[39m src/components/__tests__/tools-dropdown.test.ts[2m > [22mToolsDropdown[2m > [22mOutside Click[2m > [22mshould not close dropdown when clicking inside dropdown[32m 13[2mms[22m[39m
 [32mΓ£ô[39m src/components/__tests__/tools-dropdown.test.ts[2m > [22mToolsDropdown[2m > [22mOutside Click[2m > [22mshould not close if dropdown is already closed[32m 5[2mms[22m[39m
 [32mΓ£ô[39m src/components/__tests__/color-display.test.ts[2m > [22mColorDisplay[2m > [22mcomparison mode[2m > [22mshould render comparison dye when set[32m 27[2mms[22m[39m
 [32mΓ£ô[39m src/components/__tests__/color-display.test.ts[2m > [22mColorDisplay[2m > [22mcomparison mode[2m > [22mshould render comparison metrics section[32m 16[2mms[22m[39m
 [32mΓ£ô[39m src/components/__tests__/color-display.test.ts[2m > [22mColorDisplay[2m > [22mcomparison mode[2m > [22mshould render contrast ratio[32m 22[2mms[22m[39m
 [32mΓ£ô[39m src/components/__tests__/color-display.test.ts[2m > [22mColorDisplay[2m > [22mcomparison mode[2m > [22mshould render WCAG compliance information[32m 16[2mms[22m[39m
 [32mΓ£ô[39m src/components/__tests__/color-display.test.ts[2m > [22mColorDisplay[2m > [22mcomparison mode[2m > [22mshould show Pass for high contrast colors[32m 18[2mms[22m[39m
 [32mΓ£ô[39m src/components/__tests__/color-display.test.ts[2m > [22mColorDisplay[2m > [22mcomparison mode[2m > [22mshould accept comparison dye via constructor options[32m 11[2mms[22m[39m
 [32mΓ£ô[39m src/components/__tests__/color-display.test.ts[2m > [22mColorDisplay[2m > [22mstate management[2m > [22mshould return current dye via getDye[32m 15[2mms[22m[39m
 [32mΓ£ô[39m src/components/__tests__/palette-exporter.test.ts[2m > [22mPaletteExporter[2m > [22mclipboard fallback[2m > [22mshould use fallback when navigator.clipboard.writeText rejects[32m 10[2mms[22m[39m
 [32mΓ£ô[39m src/components/__tests__/palette-exporter.test.ts[2m > [22mPaletteExporter[2m > [22mclipboard fallback[2m > [22mshould handle fallback copy error gracefully[32m 7[2mms[22m[39m
 [32mΓ£ô[39m src/components/__tests__/palette-exporter.test.ts[2m > [22mPaletteExporter[2m > [22mexport with empty groups[2m > [22mshould handle groups with empty arrays in CSS export[32m 15[2mms[22m[39m
 [32mΓ£ô[39m src/components/__tests__/palette-exporter.test.ts[2m > [22mPaletteExporter[2m > [22mexport with empty groups[2m > [22mshould handle groups with empty arrays in SCSS export[32m 16[2mms[22m[39m
 [32mΓ£ô[39m src/components/__tests__/palette-exporter.test.ts[2m > [22mPaletteExporter[2m > [22mexport with empty groups[2m > [22mshould skip empty groups when copying hex codes[32m 5[2mms[22m[39m
 [32mΓ£ô[39m src/components/__tests__/palette-exporter.test.ts[2m > [22mPaletteExporter[2m > [22mexport with empty groups[2m > [22mshould handle null dyes array in groups[32m 14[2mms[22m[39m
 [32mΓ£ô[39m src/components/__tests__/palette-exporter.test.ts[2m > [22mPaletteExporter[2m > [22mJSON export content[2m > [22mshould include metadata in JSON export[32m 13[2mms[22m[39m
 [32mΓ£ô[39m src/components/__tests__/palette-exporter.test.ts[2m > [22mPaletteExporter[2m > [22mJSON export content[2m > [22mshould include groups in JSON export[32m 15[2mms[22m[39m
 [32mΓ£ô[39m src/components/__tests__/tools-dropdown.test.ts[2m > [22mToolsDropdown[2m > [22mKeyboard[2m > [22mshould close dropdown on Escape key[32m 21[2mms[22m[39m
 [32mΓ£ô[39m src/components/__tests__/tools-dropdown.test.ts[2m > [22mToolsDropdown[2m > [22mKeyboard[2m > [22mshould not close dropdown on other keys[32m 20[2mms[22m[39m
 [32mΓ£ô[39m src/components/__tests__/tools-dropdown.test.ts[2m > [22mToolsDropdown[2m > [22mKeyboard[2m > [22mshould not close if dropdown is already closed on Escape[32m 10[2mms[22m[39m
 [32mΓ£ô[39m src/components/__tests__/tools-dropdown.test.ts[2m > [22mToolsDropdown[2m > [22mState Management[2m > [22mshould return correct state when closed[32m 8[2mms[22m[39m
 [32mΓ£ô[39m src/components/__tests__/tools-dropdown.test.ts[2m > [22mToolsDropdown[2m > [22mState Management[2m > [22mshould return correct state when open[32m 25[2mms[22m[39m
 [32mΓ£ô[39m src/components/__tests__/tools-dropdown.test.ts[2m > [22mToolsDropdown[2m > [22mState Management[2m > [22mshould return correct toolCount for empty tools array[32m 4[2mms[22m[39m
 [32mΓ£ô[39m src/components/__tests__/tools-dropdown.test.ts[2m > [22mToolsDropdown[2m > [22mLifecycle[2m > [22mshould initialize component correctly[32m 7[2mms[22m[39m
 [32mΓ£ô[39m src/components/__tests__/tools-dropdown.test.ts[2m > [22mToolsDropdown[2m > [22mLifecycle[2m > [22mshould clean up event listeners on destroy[32m 7[2mms[22m[39m
 [32mΓ£ô[39m src/components/__tests__/tools-dropdown.test.ts[2m > [22mToolsDropdown[2m > [22mLifecycle[2m > [22mshould update component correctly[32m 16[2mms[22m[39m
 [32mΓ£ô[39m src/components/__tests__/color-display.test.ts[2m > [22mColorDisplay[2m > [22mstate management[2m > [22mshould return null when no dye is set[32m 1[2mms[22m[39m
 [32mΓ£ô[39m src/components/__tests__/color-display.test.ts[2m > [22mColorDisplay[2m > [22mstate management[2m > [22mshould update display when setDye is called[32m 7[2mms[22m[39m
 [32mΓ£ô[39m src/components/__tests__/color-display.test.ts[2m > [22mColorDisplay[2m > [22mstate management[2m > [22mshould return correct state via getState[32m 6[2mms[22m[39m
 [32mΓ£ô[39m src/components/__tests__/color-display.test.ts[2m > [22mColorDisplay[2m > [22mcopy functionality[2m > [22mshould have data-copy attribute on hex value[32m 7[2mms[22m[39m
 [32mΓ£ô[39m src/components/__tests__/color-display.test.ts[2m > [22mColorDisplay[2m > [22mcopy functionality[2m > [22mshould show "Click to copy" tooltip[32m 7[2mms[22m[39m
 [32mΓ£ô[39m src/components/__tests__/color-display.test.ts[2m > [22mColorDisplay[2m > [22mproperty display[2m > [22mshould display acquisition method[32m 6[2mms[22m[39m
 [32mΓ£ô[39m src/components/__tests__/color-display.test.ts[2m > [22mColorDisplay[2m > [22mproperty display[2m > [22mshould display item ID[32m 6[2mms[22m[39m
 [32mΓ£ô[39m src/components/__tests__/color-display.test.ts[2m > [22mColorDisplay[2m > [22mproperty display[2m > [22mshould display cost when available[32m 6[2mms[22m[39m
 [32mΓ£ô[39m src/components/__tests__/color-display.test.ts[2m > [22mColorDisplay[2m > [22mproperty display[2m > [22mshould display N/A when cost is not available[32m 7[2mms[22m[39m
 [32mΓ£ô[39m src/components/__tests__/color-display.test.ts[2m > [22mColorDisplay[2m > [22mproperty display[2m > [22mshould display brightness percentage[32m 4[2mms[22m[39m
 [32mΓ£ô[39m src/components/__tests__/color-display.test.ts[2m > [22mColorDisplay[2m > [22mproperty display[2m > [22mshould display saturation percentage[32m 4[2mms[22m[39m
 [32mΓ£ô[39m src/components/__tests__/color-display.test.ts[2m > [22mColorDisplay[2m > [22maccessibility information[2m > [22mshould display perceived luminance[32m 5[2mms[22m[39m
 [32mΓ£ô[39m src/components/__tests__/color-display.test.ts[2m > [22mColorDisplay[2m > [22maccessibility information[2m > [22mshould display brightness classification[32m 6[2mms[22m[39m
 [32mΓ£ô[39m src/components/__tests__/color-display.test.ts[2m > [22mColorDisplay[2m > [22maccessibility information[2m > [22mshould display optimal text color[32m 7[2mms[22m[39m
 [32mΓ£ô[39m src/components/__tests__/color-display.test.ts[2m > [22mColorDisplay[2m > [22mcleanup[2m > [22mshould clean up without error[32m 7[2mms[22m[39m
 [32mΓ£ô[39m src/components/__tests__/theme-switcher.test.ts[2m > [22mThemeSwitcher[2m > [22mClose Dropdown Behavior[2m > [22mshould NOT close dropdown when receiving close-other-dropdowns from theme source[32m 190[2mms[22m[39m
 [32mΓ£ô[39m src/components/__tests__/color-display.test.ts[2m > [22mColorDisplay[2m > [22mcleanup[2m > [22mshould clear comparison dye[32m 23[2mms[22m[39m
 [32mΓ£ô[39m src/components/__tests__/tools-dropdown.test.ts[2m > [22mToolsDropdown[2m > [22mHover Effects[2m > [22mshould change background on button mouseenter[32m 10[2mms[22m[39m
 [32mΓ£ô[39m src/components/__tests__/tools-dropdown.test.ts[2m > [22mToolsDropdown[2m > [22mHover Effects[2m > [22mshould reset background on button mouseleave[32m 5[2mms[22m[39m
 [32mΓ£ô[39m src/components/__tests__/tools-dropdown.test.ts[2m > [22mToolsDropdown[2m > [22mHover Effects[2m > [22mshould change background on tool button mouseenter[32m 6[2mms[22m[39m
 [32mΓ£ô[39m src/components/__tests__/tools-dropdown.test.ts[2m > [22mToolsDropdown[2m > [22mHover Effects[2m > [22mshould reset background on tool button mouseleave[32m 6[2mms[22m[39m
 [32mΓ£ô[39m src/components/__tests__/tools-dropdown.test.ts[2m > [22mToolsDropdown[2m > [22mDropdown Coordination[2m > [22mshould close when receiving close-other-dropdowns event from another source[32m 6[2mms[22m[39m
 [32mΓ£ô[39m src/components/__tests__/tools-dropdown.test.ts[2m > [22mToolsDropdown[2m > [22mDropdown Coordination[2m > [22mshould NOT close when receiving close-other-dropdowns event from self[32m 8[2mms[22m[39m
 [32mΓ£ô[39m src/components/__tests__/tools-dropdown.test.ts[2m > [22mToolsDropdown[2m > [22mDropdown Coordination[2m > [22mshould ignore close-other-dropdowns when already closed[32m 7[2mms[22m[39m
 [32mΓ£ô[39m src/components/__tests__/tools-dropdown.test.ts[2m > [22mToolsDropdown[2m > [22mDropdown Coordination[2m > [22mshould dispatch close-other-dropdowns when opening[32m 9[2mms[22m[39m
 [32mΓ£ô[39m src/components/__tests__/tools-dropdown.test.ts[2m > [22mToolsDropdown[2m > [22mEdge Cases[2m > [22mshould handle single tool[32m 5[2mms[22m[39m
 [32mΓ£ô[39m src/components/__tests__/tools-dropdown.test.ts[2m > [22mToolsDropdown[2m > [22mEdge Cases[2m > [22mshould handle tool with special characters in description[32m 8[2mms[22m[39m
 [32mΓ£ô[39m src/components/__tests__/tools-dropdown.test.ts[2m > [22mToolsDropdown[2m > [22mEdge Cases[2m > [22mshould handle rapid toggle clicks[32m 12[2mms[22m[39m
 [32mΓ£ô[39m src/components/__tests__/tools-dropdown.test.ts[2m > [22mToolsDropdown[2m > [22mEdge Cases[2m > [22mshould handle clicking same tool multiple times[32m 8[2mms[22m[39m
[90mstdout[2m | src/components/__tests__/dye-grid.test.ts
[22m[39mΓ£à Dye database loaded: 136 dyes

 [32mΓ£ô[39m src/components/__tests__/theme-switcher.test.ts[2m > [22mThemeSwitcher[2m > [22mClose Dropdown Behavior[2m > [22mshould NOT close dropdown when receiving close event while already closed[32m 243[2mms[22m[39m
[90mstderr[2m | src/services/__tests__/api-service-wrapper.test.ts[2m > [22m[2mAPIService Wrapper[2m > 
[22m[2mgetPriceData[2m > [22m[2mshould accept worldID parameter
[22m[39mFailed to fetch price data: AppError: Failed to fetch price data for item 99999999: HTTP 404: Not Found
    at APIService.fetchPriceData [90m(file:///C:/Users/DrawF/OneDrive/Projects/CodingProjects/XIVProjects/xivdye
tools-web-app/[39mnode_modules/[4mxivdyetools-core[24m/dist/services/APIService.js:225:19[90m)[39m
[90m    at processTicksAndRejections (node:internal/process/task_queues:105:5)[39m
    at APIService.getPriceData [90m(file:///C:/Users/DrawF/OneDrive/Projects/CodingProjects/XIVProjects/xivdyeto
ols-web-app/[39mnode_modules/[4mxivdyetools-core[24m/dist/services/APIService.js:200:20[90m)[39m
    at C:/Users/DrawF/OneDrive/Projects/CodingProjects/XIVProjects/xivdyetools-web-app/src/services/__tests__/api
-service-wrapper.test.ts:104:22
    at [90mfile:///C:/Users/DrawF/OneDrive/Projects/CodingProjects/XIVProjects/xivdyetools-web-app/[39mnode_mod
ules/[4m@vitest/runner[24m/dist/index.js:912:20 {
  code: [32m'API_CALL_FAILED'[39m,
  severity: [32m'warning'[39m
}

 [32mΓ£ô[39m src/services/__tests__/api-service-wrapper.test.ts[2m > [22mAPIService Wrapper[2m > [22mgetPriceData[2m > [22mshould accept worldID parameter[33m 3480[2mms[22m[39m
 [32mΓ£ô[39m src/components/__tests__/dye-action-dropdown.test.ts[2m > [22mcreateDyeActionDropdown[2m > [22mRendering[2m > [22mshould create dropdown container[32m 24[2mms[22m[39m
 [32mΓ£ô[39m src/components/__tests__/dye-action-dropdown.test.ts[2m > [22mcreateDyeActionDropdown[2m > [22mRendering[2m > [22mshould have a trigger button with three dots icon[32m 12[2mms[22m[39m
 [32mΓ£ô[39m src/components/__tests__/dye-action-dropdown.test.ts[2m > [22mcreateDyeActionDropdown[2m > [22mRendering[2m > [22mshould have a hidden menu initially[32m 7[2mms[22m[39m
 [32mΓ£ô[39m src/components/__tests__/dye-action-dropdown.test.ts[2m > [22mcreateDyeActionDropdown[2m > [22mRendering[2m > [22mshould render three menu items[32m 10[2mms[22m[39m
 [32mΓ£ô[39m src/components/__tests__/dye-action-dropdown.test.ts[2m > [22mcreateDyeActionDropdown[2m > [22mRendering[2m > [22mshould have correct menu item labels[32m 9[2mms[22m[39m
 [32mΓ£ô[39m src/components/__tests__/dye-action-dropdown.test.ts[2m > [22mcreateDyeActionDropdown[2m > [22mMenu Toggle[2m > [22mshould open menu on button click[32m 11[2mms[22m[39m
 [32mΓ£ô[39m src/components/__tests__/dye-action-dropdown.test.ts[2m > [22mcreateDyeActionDropdown[2m > [22mMenu Toggle[2m > [22mshould close menu on second button click[32m 7[2mms[22m[39m
 [32mΓ£ô[39m src/components/__tests__/dye-action-dropdown.test.ts[2m > [22mcreateDyeActionDropdown[2m > [22mMenu Toggle[2m > [22mshould close menu on escape key[32m 11[2mms[22m[39m
 [32mΓ£ô[39m src/shared/__tests__/utils.test.ts[2m > [22mMath Utilities[2m > [22mclamp[2m > [22mshould return value when within range[32m 2[2mms[22m[39m
 [32mΓ£ô[39m src/shared/__tests__/utils.test.ts[2m > [22mMath Utilities[2m > [22mclamp[2m > [22mshould return min when value is below range[32m 0[2mms[22m[39m
 [32mΓ£ô[39m src/shared/__tests__/utils.test.ts[2m > [22mMath Utilities[2m > [22mclamp[2m > [22mshould return max when value is above range[32m 0[2mms[22m[39m
 [32mΓ£ô[39m src/shared/__tests__/utils.test.ts[2m > [22mMath Utilities[2m > [22mclamp[2m > [22mshould handle equal min and max[32m 0[2mms[22m[39m
 [32mΓ£ô[39m src/shared/__tests__/utils.test.ts[2m > [22mMath Utilities[2m > [22mlerp[2m > [22mshould return a when t is 0[32m 0[2mms[22m[39m
 [32mΓ£ô[39m src/shared/__tests__/utils.test.ts[2m > [22mMath Utilities[2m > [22mlerp[2m > [22mshould return b when t is 1[32m 0[2mms[22m[39m
 [32mΓ£ô[39m src/shared/__tests__/utils.test.ts[2m > [22mMath Utilities[2m > [22mlerp[2m > [22mshould return midpoint when t is 0.5[32m 0[2mms[22m[39m
 [32mΓ£ô[39m src/shared/__tests__/utils.test.ts[2m > [22mMath Utilities[2m > [22mlerp[2m > [22mshould handle negative values[32m 0[2mms[22m[39m
 [32mΓ£ô[39m src/shared/__tests__/utils.test.ts[2m > [22mMath Utilities[2m > [22mtoRadians[2m > [22mshould convert 0 degrees to 0 radians[32m 1[2mms[22m[39m
 [32mΓ£ô[39m src/shared/__tests__/utils.test.ts[2m > [22mMath Utilities[2m > [22mtoRadians[2m > [22mshould convert 180 degrees to PI radians[32m 0[2mms[22m[39m
 [32mΓ£ô[39m src/shared/__tests__/utils.test.ts[2m > [22mMath Utilities[2m > [22mtoRadians[2m > [22mshould convert 90 degrees to PI/2 radians[32m 0[2mms[22m[39m
 [32mΓ£ô[39m src/shared/__tests__/utils.test.ts[2m > [22mMath Utilities[2m > [22mtoDegrees[2m > [22mshould convert 0 radians to 0 degrees[32m 0[2mms[22m[39m
 [32mΓ£ô[39m src/shared/__tests__/utils.test.ts[2m > [22mMath Utilities[2m > [22mtoDegrees[2m > [22mshould convert PI radians to 180 degrees[32m 0[2mms[22m[39m
 [32mΓ£ô[39m src/shared/__tests__/utils.test.ts[2m > [22mMath Utilities[2m > [22mtoDegrees[2m > [22mshould convert PI/2 radians to 90 degrees[32m 0[2mms[22m[39m
 [32mΓ£ô[39m src/shared/__tests__/utils.test.ts[2m > [22mMath Utilities[2m > [22mround[2m > [22mshould round to integers by default[32m 0[2mms[22m[39m
 [32mΓ£ô[39m src/shared/__tests__/utils.test.ts[2m > [22mMath Utilities[2m > [22mround[2m > [22mshould round to specified decimals[32m 0[2mms[22m[39m
 [32mΓ£ô[39m src/shared/__tests__/utils.test.ts[2m > [22mMath Utilities[2m > [22mround[2m > [22mshould handle negative numbers[32m 0[2mms[22m[39m
 [32mΓ£ô[39m src/shared/__tests__/utils.test.ts[2m > [22mMath Utilities[2m > [22mdistance[2m > [22mshould return 0 for same point[32m 0[2mms[22m[39m
 [32mΓ£ô[39m src/shared/__tests__/utils.test.ts[2m > [22mMath Utilities[2m > [22mdistance[2m > [22mshould calculate horizontal distance[32m 0[2mms[22m[39m
 [32mΓ£ô[39m src/shared/__tests__/utils.test.ts[2m > [22mMath Utilities[2m > [22mdistance[2m > [22mshould calculate vertical distance[32m 0[2mms[22m[39m
 [32mΓ£ô[39m src/shared/__tests__/utils.test.ts[2m > [22mMath Utilities[2m > [22mdistance[2m > [22mshould calculate diagonal distance[32m 0[2mms[22m[39m
 [32mΓ£ô[39m src/shared/__tests__/utils.test.ts[2m > [22mMath Utilities[2m > [22misEven[2m > [22mshould return true for even numbers[32m 0[2mms[22m[39m
 [32mΓ£ô[39m src/shared/__tests__/utils.test.ts[2m > [22mMath Utilities[2m > [22misEven[2m > [22mshould return false for odd numbers[32m 0[2mms[22m[39m
 [32mΓ£ô[39m src/shared/__tests__/utils.test.ts[2m > [22mMath Utilities[2m > [22misOdd[2m > [22mshould return true for odd numbers[32m 0[2mms[22m[39m
 [32mΓ£ô[39m src/shared/__tests__/utils.test.ts[2m > [22mMath Utilities[2m > [22misOdd[2m > [22mshould return false for even numbers[32m 0[2mms[22m[39m
 [32mΓ£ô[39m src/shared/__tests__/utils.test.ts[2m > [22mString Utilities[2m > [22mescapeHTML[2m > [22mshould escape HTML special characters[32m 2[2mms[22m[39m
 [32mΓ£ô[39m src/shared/__tests__/utils.test.ts[2m > [22mString Utilities[2m > [22mescapeHTML[2m > [22mshould handle plain text[32m 1[2mms[22m[39m
 [32mΓ£ô[39m src/shared/__tests__/utils.test.ts[2m > [22mString Utilities[2m > [22mescapeHTML[2m > [22mshould handle ampersands[32m 1[2mms[22m[39m
 [32mΓ£ô[39m src/shared/__tests__/utils.test.ts[2m > [22mString Utilities[2m > [22mformatNumber[2m > [22mshould format number with thousand separators[32m 31[2mms[22m[39m
 [32mΓ£ô[39m src/shared/__tests__/utils.test.ts[2m > [22mString Utilities[2m > [22mformatNumber[2m > [22mshould format with decimal places[32m 0[2mms[22m[39m
 [32mΓ£ô[39m src/shared/__tests__/utils.test.ts[2m > [22mString Utilities[2m > [22mformatNumber[2m > [22mshould handle zero[32m 0[2mms[22m[39m
 [32mΓ£ô[39m src/shared/__tests__/utils.test.ts[2m > [22mString Utilities[2m > [22mslugify[2m > [22mshould convert to lowercase[32m 0[2mms[22m[39m
 [32mΓ£ô[39m src/shared/__tests__/utils.test.ts[2m > [22mString Utilities[2m > [22mslugify[2m > [22mshould replace spaces with hyphens[32m 0[2mms[22m[39m
 [32mΓ£ô[39m src/shared/__tests__/utils.test.ts[2m > [22mString Utilities[2m > [22mslugify[2m > [22mshould remove special characters[32m 0[2mms[22m[39m
 [32mΓ£ô[39m src/shared/__tests__/utils.test.ts[2m > [22mString Utilities[2m > [22mslugify[2m > [22mshould handle multiple spaces[32m 0[2mms[22m[39m
 [32mΓ£ô[39m src/shared/__tests__/utils.test.ts[2m > [22mString Utilities[2m > [22mcapitalize[2m > [22mshould capitalize first letter[32m 0[2mms[22m[39m
 [32mΓ£ô[39m src/shared/__tests__/utils.test.ts[2m > [22mString Utilities[2m > [22mcapitalize[2m > [22mshould lowercase rest of string[32m 0[2mms[22m[39m
 [32mΓ£ô[39m src/shared/__tests__/utils.test.ts[2m > [22mString Utilities[2m > [22mcapitalize[2m > [22mshould handle single character[32m 0[2mms[22m[39m
 [32mΓ£ô[39m src/shared/__tests__/utils.test.ts[2m > [22mString Utilities[2m > [22mcamelToTitle[2m > [22mshould convert camelCase to Title Case[32m 0[2mms[22m[39m
 [32mΓ£ô[39m src/shared/__tests__/utils.test.ts[2m > [22mString Utilities[2m > [22mcamelToTitle[2m > [22mshould handle consecutive capitals[32m 0[2mms[22m[39m
 [32mΓ£ô[39m src/shared/__tests__/utils.test.ts[2m > [22mString Utilities[2m > [22mcamelToTitle[2m > [22mshould handle single word[32m 0[2mms[22m[39m
 [32mΓ£ô[39m src/shared/__tests__/utils.test.ts[2m > [22mString Utilities[2m > [22mtruncate[2m > [22mshould truncate long strings with ellipsis[32m 0[2mms[22m[39m
 [32mΓ£ô[39m src/shared/__tests__/utils.test.ts[2m > [22mString Utilities[2m > [22mtruncate[2m > [22mshould not truncate short strings[32m 1[2mms[22m[39m
 [32mΓ£ô[39m src/shared/__tests__/utils.test.ts[2m > [22mString Utilities[2m > [22mtruncate[2m > [22mshould handle exact length[32m 0[2mms[22m[39m
 [32mΓ£ô[39m src/shared/__tests__/utils.test.ts[2m > [22mString Utilities[2m > [22mrepeatString[2m > [22mshould repeat string n times[32m 0[2mms[22m[39m
 [32mΓ£ô[39m src/shared/__tests__/utils.test.ts[2m > [22mString Utilities[2m > [22mrepeatString[2m > [22mshould return empty for 0 times[32m 0[2mms[22m[39m
 [32mΓ£ô[39m src/shared/__tests__/utils.test.ts[2m > [22mString Utilities[2m > [22mrepeatString[2m > [22mshould handle negative times[32m 0[2mms[22m[39m
 [32mΓ£ô[39m src/shared/__tests__/utils.test.ts[2m > [22mArray Utilities[2m > [22munique[2m > [22mshould remove duplicates[32m 1[2mms[22m[39m
 [32mΓ£ô[39m src/shared/__tests__/utils.test.ts[2m > [22mArray Utilities[2m > [22munique[2m > [22mshould handle empty array[32m 0[2mms[22m[39m
 [32mΓ£ô[39m src/shared/__tests__/utils.test.ts[2m > [22mArray Utilities[2m > [22munique[2m > [22mshould work with strings[32m 0[2mms[22m[39m
 [32mΓ£ô[39m src/shared/__tests__/utils.test.ts[2m > [22mArray Utilities[2m > [22mgroupBy[2m > [22mshould group by key function[32m 0[2mms[22m[39m
 [32mΓ£ô[39m src/shared/__tests__/utils.test.ts[2m > [22mArray Utilities[2m > [22mgroupBy[2m > [22mshould handle empty array[32m 0[2mms[22m[39m
 [32mΓ£ô[39m src/shared/__tests__/utils.test.ts[2m > [22mArray Utilities[2m > [22msortByProperty[2m > [22mshould sort ascending by default[32m 0[2mms[22m[39m
 [32mΓ£ô[39m src/shared/__tests__/utils.test.ts[2m > [22mArray Utilities[2m > [22msortByProperty[2m > [22mshould sort descending[32m 0[2mms[22m[39m
 [32mΓ£ô[39m src/shared/__tests__/utils.test.ts[2m > [22mArray Utilities[2m > [22mfilterNulls[2m > [22mshould remove null values[32m 0[2mms[22m[39m
 [32mΓ£ô[39m src/shared/__tests__/utils.test.ts[2m > [22mArray Utilities[2m > [22mfilterNulls[2m > [22mshould remove undefined values[32m 0[2mms[22m[39m
 [32mΓ£ô[39m src/shared/__tests__/utils.test.ts[2m > [22mArray Utilities[2m > [22mfilterNulls[2m > [22mshould keep falsy values that are not null/undefined[32m 0[2mms[22m[39m
 [32mΓ£ô[39m src/shared/__tests__/utils.test.ts[2m > [22mArray Utilities[2m > [22mflatten[2m > [22mshould flatten nested arrays[32m 0[2mms[22m[39m
 [32mΓ£ô[39m src/shared/__tests__/utils.test.ts[2m > [22mArray Utilities[2m > [22mflatten[2m > [22mshould handle empty arrays[32m 0[2mms[22m[39m
 [32mΓ£ô[39m src/shared/__tests__/utils.test.ts[2m > [22mArray Utilities[2m > [22mflatten[2m > [22mshould handle non-nested arrays[32m 0[2mms[22m[39m
 [32mΓ£ô[39m src/shared/__tests__/utils.test.ts[2m > [22mArray Utilities[2m > [22mchunk[2m > [22mshould split array into chunks[32m 0[2mms[22m[39m
 [32mΓ£ô[39m src/shared/__tests__/utils.test.ts[2m > [22mArray Utilities[2m > [22mchunk[2m > [22mshould handle empty array[32m 0[2mms[22m[39m
 [32mΓ£ô[39m src/shared/__tests__/utils.test.ts[2m > [22mArray Utilities[2m > [22mchunk[2m > [22mshould handle chunk size larger than array[32m 0[2mms[22m[39m
 [32mΓ£ô[39m src/shared/__tests__/utils.test.ts[2m > [22mArray Utilities[2m > [22mdifference[2m > [22mshould find elements in first array not in second[32m 0[2mms[22m[39m
 [32mΓ£ô[39m src/shared/__tests__/utils.test.ts[2m > [22mArray Utilities[2m > [22mdifference[2m > [22mshould handle empty arrays[32m 0[2mms[22m[39m
 [32mΓ£ô[39m src/shared/__tests__/utils.test.ts[2m > [22mArray Utilities[2m > [22mintersection[2m > [22mshould find common elements[32m 0[2mms[22m[39m
 [32mΓ£ô[39m src/shared/__tests__/utils.test.ts[2m > [22mArray Utilities[2m > [22mintersection[2m > [22mshould handle no common elements[32m 0[2mms[22m[39m
 [32mΓ£ô[39m src/shared/__tests__/utils.test.ts[2m > [22mObject Utilities[2m > [22mdeepClone[2m > [22mshould clone primitive values[32m 0[2mms[22m[39m
 [32mΓ£ô[39m src/shared/__tests__/utils.test.ts[2m > [22mObject Utilities[2m > [22mdeepClone[2m > [22mshould clone arrays[32m 1[2mms[22m[39m
 [32mΓ£ô[39m src/shared/__tests__/utils.test.ts[2m > [22mObject Utilities[2m > [22mdeepClone[2m > [22mshould clone objects[32m 1[2mms[22m[39m
 [32mΓ£ô[39m src/shared/__tests__/utils.test.ts[2m > [22mObject Utilities[2m > [22mdeepClone[2m > [22mshould clone Date objects[32m 0[2mms[22m[39m
 [32mΓ£ô[39m src/shared/__tests__/utils.test.ts[2m > [22mObject Utilities[2m > [22mmergeObjects[2m > [22mshould merge objects[32m 1[2mms[22m[39m
 [32mΓ£ô[39m src/shared/__tests__/utils.test.ts[2m > [22mObject Utilities[2m > [22mmergeObjects[2m > [22mshould merge nested objects[32m 1[2mms[22m[39m
 [32mΓ£ô[39m src/shared/__tests__/utils.test.ts[2m > [22mObject Utilities[2m > [22mpick[2m > [22mshould pick specified properties[32m 0[2mms[22m[39m
 [32mΓ£ô[39m src/shared/__tests__/utils.test.ts[2m > [22mObject Utilities[2m > [22mpick[2m > [22mshould handle missing properties[32m 0[2mms[22m[39m
 [32mΓ£ô[39m src/shared/__tests__/utils.test.ts[2m > [22mObject Utilities[2m > [22momit[2m > [22mshould omit specified properties[32m 0[2mms[22m[39m
 [32mΓ£ô[39m src/shared/__tests__/utils.test.ts[2m > [22mObject Utilities[2m > [22momit[2m > [22mshould handle missing properties[32m 0[2mms[22m[39m
 [32mΓ£ô[39m src/shared/__tests__/utils.test.ts[2m > [22mDOM Utilities[2m > [22mcreateElement[2m > [22mshould create element with tag name[32m 4[2mms[22m[39m
 [32mΓ£ô[39m src/shared/__tests__/utils.test.ts[2m > [22mDOM Utilities[2m > [22mcreateElement[2m > [22mshould set className[32m 3[2mms[22m[39m
 [32mΓ£ô[39m src/shared/__tests__/utils.test.ts[2m > [22mDOM Utilities[2m > [22mcreateElement[2m > [22mshould set id[32m 1[2mms[22m[39m
 [32mΓ£ô[39m src/shared/__tests__/utils.test.ts[2m > [22mDOM Utilities[2m > [22mcreateElement[2m > [22mshould set textContent[32m 2[2mms[22m[39m
 [32mΓ£ô[39m src/shared/__tests__/utils.test.ts[2m > [22mDOM Utilities[2m > [22mcreateElement[2m > [22mshould set innerHTML[32m 11[2mms[22m[39m
 [32mΓ£ô[39m src/shared/__tests__/utils.test.ts[2m > [22mDOM Utilities[2m > [22mquerySelector[2m > [22mshould find element in document[32m 13[2mms[22m[39m
 [32mΓ£ô[39m src/components/__tests__/dye-action-dropdown.test.ts[2m > [22mcreateDyeActionDropdown[2m > [22mMenu Toggle[2m > [22mshould close menu when clicking outside[32m 33[2mms[22m[39m
 [32mΓ£ô[39m src/components/__tests__/dye-action-dropdown.test.ts[2m > [22mcreateDyeActionDropdown[2m > [22mActions[2m > [22mshould call onAction callback for comparison action[32m 9[2mms[22m[39m
 [32mΓ£ô[39m src/components/__tests__/dye-action-dropdown.test.ts[2m > [22mcreateDyeActionDropdown[2m > [22mActions[2m > [22mshould call onAction callback for mixer action[32m 6[2mms[22m[39m
 [32mΓ£ô[39m src/components/__tests__/dye-action-dropdown.test.ts[2m > [22mcreateDyeActionDropdown[2m > [22mActions[2m > [22mshould copy hex to clipboard for copy action[32m 31[2mms[22m[39m
 [32mΓ£ô[39m src/components/__tests__/dye-action-dropdown.test.ts[2m > [22mcreateDyeActionDropdown[2m > [22mActions[2m > [22mshould close menu after action[32m 5[2mms[22m[39m
 [32mΓ£ô[39m src/components/__tests__/dye-action-dropdown.test.ts[2m > [22mcreateDyeActionDropdown[2m > [22mGlobal Close Event[2m > [22mshould close when another dropdown opens[32m 6[2mms[22m[39m
 [32mΓ£ô[39m src/components/__tests__/dye-action-dropdown.test.ts[2m > [22mcreateDyeActionDropdown[2m > [22mCleanup[2m > [22mshould have cleanup function attached[32m 3[2mms[22m[39m
 [32mΓ£ô[39m src/components/__tests__/dye-action-dropdown.test.ts[2m > [22mcreateDyeActionDropdown[2m > [22mCleanup[2m > [22mshould cleanup properly when called[32m 5[2mms[22m[39m
 [32mΓ£ô[39m src/shared/__tests__/utils.test.ts[2m > [22mDOM Utilities[2m > [22mquerySelector[2m > [22mshould find element within parent[32m 4[2mms[22m[39m
 [32mΓ£ô[39m src/shared/__tests__/utils.test.ts[2m > [22mDOM Utilities[2m > [22mquerySelector[2m > [22mshould return null for non-existent element[32m 2[2mms[22m[39m
 [32mΓ£ô[39m src/shared/__tests__/utils.test.ts[2m > [22mDOM Utilities[2m > [22mquerySelectorAll[2m > [22mshould find all matching elements[32m 6[2mms[22m[39m
 [32mΓ£ô[39m src/shared/__tests__/utils.test.ts[2m > [22mDOM Utilities[2m > [22mquerySelectorAll[2m > [22mshould return array[32m 4[2mms[22m[39m
 [32mΓ£ô[39m src/shared/__tests__/utils.test.ts[2m > [22mDOM Utilities[2m > [22maddClass[2m > [22mshould add class to element[32m 3[2mms[22m[39m
 [32mΓ£ô[39m src/shared/__tests__/utils.test.ts[2m > [22mDOM Utilities[2m > [22mremoveClass[2m > [22mshould remove class from element[32m 1[2mms[22m[39m
 [32mΓ£ô[39m src/shared/__tests__/utils.test.ts[2m > [22mDOM Utilities[2m > [22mtoggleClass[2m > [22mshould toggle class on element[32m 1[2mms[22m[39m
 [32mΓ£ô[39m src/shared/__tests__/utils.test.ts[2m > [22mDOM Utilities[2m > [22mtoggleClass[2m > [22mshould force class state[32m 1[2mms[22m[39m
 [32mΓ£ô[39m src/shared/__tests__/utils.test.ts[2m > [22mDOM Utilities[2m > [22mhasClass[2m > [22mshould return true if element has class[32m 1[2mms[22m[39m
 [32mΓ£ô[39m src/shared/__tests__/utils.test.ts[2m > [22mDOM Utilities[2m > [22mhasClass[2m > [22mshould return false if element does not have class[32m 1[2mms[22m[39m
 [32mΓ£ô[39m src/shared/__tests__/utils.test.ts[2m > [22mDOM Utilities[2m > [22mclearContainer[2m > [22mshould remove all children[32m 3[2mms[22m[39m
 [32mΓ£ô[39m src/shared/__tests__/utils.test.ts[2m > [22mDOM Utilities[2m > [22mclearContainer[2m > [22mshould handle empty container[32m 0[2mms[22m[39m
 [32mΓ£ô[39m src/shared/__tests__/utils.test.ts[2m > [22mValidation Utilities[2m > [22misValidHexColor[2m > [22mshould validate 3-digit hex colors[32m 1[2mms[22m[39m
 [32mΓ£ô[39m src/shared/__tests__/utils.test.ts[2m > [22mValidation Utilities[2m > [22misValidHexColor[2m > [22mshould validate 6-digit hex colors[32m 0[2mms[22m[39m
 [32mΓ£ô[39m src/shared/__tests__/utils.test.ts[2m > [22mValidation Utilities[2m > [22misValidHexColor[2m > [22mshould reject invalid hex colors[32m 0[2mms[22m[39m
 [32mΓ£ô[39m src/shared/__tests__/utils.test.ts[2m > [22mValidation Utilities[2m > [22misValidRGB[2m > [22mshould validate valid RGB values[32m 0[2mms[22m[39m
 [32mΓ£ô[39m src/shared/__tests__/utils.test.ts[2m > [22mValidation Utilities[2m > [22misValidRGB[2m > [22mshould reject invalid RGB values[32m 0[2mms[22m[39m
 [32mΓ£ô[39m src/shared/__tests__/utils.test.ts[2m > [22mValidation Utilities[2m > [22misValidHSV[2m > [22mshould validate valid HSV values[32m 0[2mms[22m[39m
 [32mΓ£ô[39m src/shared/__tests__/utils.test.ts[2m > [22mValidation Utilities[2m > [22misValidHSV[2m > [22mshould reject invalid HSV values[32m 1[2mms[22m[39m
 [32mΓ£ô[39m src/shared/__tests__/utils.test.ts[2m > [22mValidation Utilities[2m > [22misValidEmail[2m > [22mshould validate valid emails[32m 1[2mms[22m[39m
 [32mΓ£ô[39m src/shared/__tests__/utils.test.ts[2m > [22mValidation Utilities[2m > [22misValidEmail[2m > [22mshould reject invalid emails[32m 0[2mms[22m[39m
 [32mΓ£ô[39m src/shared/__tests__/utils.test.ts[2m > [22mValidation Utilities[2m > [22misValidURL[2m > [22mshould validate valid URLs[32m 1[2mms[22m[39m
 [32mΓ£ô[39m src/shared/__tests__/utils.test.ts[2m > [22mValidation Utilities[2m > [22misValidURL[2m > [22mshould reject invalid URLs[32m 0[2mms[22m[39m
 [32mΓ£ô[39m src/shared/__tests__/utils.test.ts[2m > [22mDebounce and Throttle[2m > [22mdebounce[2m > [22mshould delay function execution[32m 5[2mms[22m[39m
 [32mΓ£ô[39m src/shared/__tests__/utils.test.ts[2m > [22mDebounce and Throttle[2m > [22mdebounce[2m > [22mshould only call function once for rapid calls[32m 2[2mms[22m[39m
 [32mΓ£ô[39m src/shared/__tests__/utils.test.ts[2m > [22mDebounce and Throttle[2m > [22mdebounce[2m > [22mshould provide cleanup function to cancel pending execution[32m 1[2mms[22m[39m
 [32mΓ£ô[39m src/shared/__tests__/utils.test.ts[2m > [22mDebounce and Throttle[2m > [22mthrottle[2m > [22mshould call function immediately on first call[32m 1[2mms[22m[39m
 [32mΓ£ô[39m src/shared/__tests__/utils.test.ts[2m > [22mDebounce and Throttle[2m > [22mthrottle[2m > [22mshould limit function calls[32m 1[2mms[22m[39m
 [32mΓ£ô[39m src/shared/__tests__/utils.test.ts[2m > [22mDebounce and Throttle[2m > [22mthrottle[2m > [22mshould provide cleanup function to cancel trailing call[32m 1[2mms[22m[39m
 [32mΓ£ô[39m src/shared/__tests__/utils.test.ts[2m > [22mPromise Utilities[2m > [22msleep[2m > [22mshould resolve after specified time[32m 2[2mms[22m[39m
 [32mΓ£ô[39m src/shared/__tests__/utils.test.ts[2m > [22mPromise Utilities[2m > [22mretry[2m > [22mshould return result on first success[32m 0[2mms[22m[39m
 [32mΓ£ô[39m src/shared/__tests__/utils.test.ts[2m > [22mPromise Utilities[2m > [22mretry[2m > [22mshould retry on failure[32m 17[2mms[22m[39m
 [32mΓ£ô[39m src/shared/__tests__/utils.test.ts[2m > [22mPromise Utilities[2m > [22mretry[2m > [22mshould throw after max attempts[32m 48[2mms[22m[39m
 [32mΓ£ô[39m src/shared/__tests__/utils.test.ts[2m > [22mPromise Utilities[2m > [22mwithTimeout[2m > [22mshould resolve before timeout[32m 0[2mms[22m[39m
 [32mΓ£ô[39m src/shared/__tests__/utils.test.ts[2m > [22mPromise Utilities[2m > [22mwithTimeout[2m > [22mshould reject on timeout[32m 1[2mms[22m[39m
 [32mΓ£ô[39m src/shared/__tests__/utils.test.ts[2m > [22mType Guards[2m > [22misString[2m > [22mshould return true for strings[32m 0[2mms[22m[39m
 [32mΓ£ô[39m src/shared/__tests__/utils.test.ts[2m > [22mType Guards[2m > [22misString[2m > [22mshould return false for non-strings[32m 0[2mms[22m[39m
 [32mΓ£ô[39m src/shared/__tests__/utils.test.ts[2m > [22mType Guards[2m > [22misNumber[2m > [22mshould return true for numbers[32m 0[2mms[22m[39m
 [32mΓ£ô[39m src/shared/__tests__/utils.test.ts[2m > [22mType Guards[2m > [22misNumber[2m > [22mshould return false for NaN[32m 1[2mms[22m[39m
 [32mΓ£ô[39m src/shared/__tests__/utils.test.ts[2m > [22mType Guards[2m > [22misNumber[2m > [22mshould return false for non-numbers[32m 0[2mms[22m[39m
 [32mΓ£ô[39m src/shared/__tests__/utils.test.ts[2m > [22mType Guards[2m > [22misArray[2m > [22mshould return true for arrays[32m 0[2mms[22m[39m
 [32mΓ£ô[39m src/shared/__tests__/utils.test.ts[2m > [22mType Guards[2m > [22misArray[2m > [22mshould return false for non-arrays[32m 0[2mms[22m[39m
 [32mΓ£ô[39m src/shared/__tests__/utils.test.ts[2m > [22mType Guards[2m > [22misObject[2m > [22mshould return true for objects[32m 0[2mms[22m[39m
 [32mΓ£ô[39m src/shared/__tests__/utils.test.ts[2m > [22mType Guards[2m > [22misObject[2m > [22mshould return false for null[32m 0[2mms[22m[39m
 [32mΓ£ô[39m src/shared/__tests__/utils.test.ts[2m > [22mType Guards[2m > [22misObject[2m > [22mshould return false for arrays[32m 0[2mms[22m[39m
 [32mΓ£ô[39m src/shared/__tests__/utils.test.ts[2m > [22mType Guards[2m > [22misNullish[2m > [22mshould return true for null[32m 0[2mms[22m[39m
 [32mΓ£ô[39m src/shared/__tests__/utils.test.ts[2m > [22mType Guards[2m > [22misNullish[2m > [22mshould return true for undefined[32m 0[2mms[22m[39m
 [32mΓ£ô[39m src/shared/__tests__/utils.test.ts[2m > [22mType Guards[2m > [22misNullish[2m > [22mshould return false for other values[32m 0[2mms[22m[39m
 [32mΓ£ô[39m src/shared/__tests__/utils.test.ts[2m > [22mgenerateChecksum[2m > [22mshould generate consistent checksum for same data[32m 0[2mms[22m[39m
 [32mΓ£ô[39m src/shared/__tests__/utils.test.ts[2m > [22mgenerateChecksum[2m > [22mshould generate different checksums for different data[32m 1[2mms[22m[39m
 [32mΓ£ô[39m src/shared/__tests__/utils.test.ts[2m > [22mgenerateChecksum[2m > [22mshould return string[32m 0[2mms[22m[39m
 [32mΓ£ô[39m src/components/__tests__/welcome-modal.test.ts[2m > [22mWelcomeModal[2m > [22mStatic Methods[2m > [22mshouldShow[2m > [22mshould return true when welcome not seen[32m 5[2mms[22m[39m
 [32mΓ£ô[39m src/components/__tests__/welcome-modal.test.ts[2m > [22mWelcomeModal[2m > [22mStatic Methods[2m > [22mshouldShow[2m > [22mshould return false when welcome already seen[32m 1[2mms[22m[39m
 [32mΓ£ô[39m src/components/__tests__/welcome-modal.test.ts[2m > [22mWelcomeModal[2m > [22mStatic Methods[2m > [22mmarkAsSeen[2m > [22mshould set welcome seen flag[32m 3[2mms[22m[39m
 [32mΓ£ô[39m src/components/__tests__/welcome-modal.test.ts[2m > [22mWelcomeModal[2m > [22mStatic Methods[2m > [22mmarkAsSeen[2m > [22mshould set version to prevent changelog[32m 1[2mms[22m[39m
 [32mΓ£ô[39m src/components/__tests__/welcome-modal.test.ts[2m > [22mWelcomeModal[2m > [22mStatic Methods[2m > [22mreset[2m > [22mshould remove welcome seen flag[32m 1[2mms[22m[39m
 [32mΓ£ô[39m src/components/__tests__/welcome-modal.test.ts[2m > [22mWelcomeModal[2m > [22mshow[2m > [22mshould call ModalService.showWelcome[32m 26[2mms[22m[39m
 [32mΓ£ô[39m src/components/__tests__/welcome-modal.test.ts[2m > [22mWelcomeModal[2m > [22mshow[2m > [22mshould set correct title[32m 10[2mms[22m[39m
 [32mΓ£ô[39m src/components/__tests__/welcome-modal.test.ts[2m > [22mWelcomeModal[2m > [22mshow[2m > [22mshould set size to lg[32m 6[2mms[22m[39m
 [32mΓ£ô[39m src/components/__tests__/welcome-modal.test.ts[2m > [22mWelcomeModal[2m > [22mshow[2m > [22mshould be closable[32m 6[2mms[22m[39m
 [32mΓ£ô[39m src/components/__tests__/welcome-modal.test.ts[2m > [22mWelcomeModal[2m > [22mshow[2m > [22mshould not show again if already showing[32m 5[2mms[22m[39m
 [32mΓ£ô[39m src/components/__tests__/welcome-modal.test.ts[2m > [22mWelcomeModal[2m > [22mContent[2m > [22mshould include introduction text[32m 7[2mms[22m[39m
 [32mΓ£ô[39m src/components/__tests__/welcome-modal.test.ts[2m > [22mWelcomeModal[2m > [22mContent[2m > [22mshould render 5 tool cards[32m 12[2mms[22m[39m
 [32mΓ£ô[39m src/components/__tests__/welcome-modal.test.ts[2m > [22mWelcomeModal[2m > [22mContent[2m > [22mshould display tool names[32m 6[2mms[22m[39m
 [32mΓ£ô[39m src/components/__tests__/theme-switcher.test.ts[2m > [22mThemeSwitcher[2m > [22mLanguage Service Integration[2m > [22mshould update when language changes[33m 646[2mms[22m[39m
 [32mΓ£ô[39m src/components/__tests__/welcome-modal.test.ts[2m > [22mWelcomeModal[2m > [22mContent[2m > [22mshould include quick tips section[32m 5[2mms[22m[39m
 [32mΓ£ô[39m src/components/__tests__/welcome-modal.test.ts[2m > [22mWelcomeModal[2m > [22mContent[2m > [22mshould have "dont show again" checkbox[32m 6[2mms[22m[39m
 [32mΓ£ô[39m src/components/__tests__/welcome-modal.test.ts[2m > [22mWelcomeModal[2m > [22mContent[2m > [22mshould have "Get Started" button[32m 6[2mms[22m[39m
 [32mΓ£ô[39m src/components/__tests__/welcome-modal.test.ts[2m > [22mWelcomeModal[2m > [22mclose[2m > [22mshould dismiss modal[32m 4[2mms[22m[39m
 [32mΓ£ô[39m src/components/__tests__/welcome-modal.test.ts[2m > [22mWelcomeModal[2m > [22mclose[2m > [22mshould do nothing if not showing[32m 0[2mms[22m[39m
 [32mΓ£ô[39m src/components/__tests__/welcome-modal.test.ts[2m > [22mWelcomeModal[2m > [22mGet Started Button[2m > [22mshould close modal and mark as seen on click[32m 7[2mms[22m[39m
 [32mΓ£ô[39m src/components/__tests__/welcome-modal.test.ts[2m > [22mWelcomeModal[2m > [22mDont Show Again Checkbox[2m > [22mshould mark as seen on close if checkbox is checked[32m 7[2mms[22m[39m
 [32mΓ£ô[39m src/components/__tests__/welcome-modal.test.ts[2m > [22mWelcomeModal[2m > [22mDont Show Again Checkbox[2m > [22mshould not mark as seen on close if checkbox is not checked[32m 8[2mms[22m[39m
 [32mΓ£ô[39m src/components/__tests__/welcome-modal.test.ts[2m > [22mWelcomeModal[2m > [22mTool Card Interactions[2m > [22mshould have hover effects on tool cards[32m 3[2mms[22m[39m
 [32mΓ£ô[39m src/components/__tests__/welcome-modal.test.ts[2m > [22mWelcomeModal[2m > [22mTool Card Interactions[2m > [22mshould have tool descriptions as tooltips[32m 3[2mms[22m[39m
 [32mΓ£ô[39m src/components/__tests__/welcome-modal.test.ts[2m > [22mshowWelcomeIfFirstVisit[2m > [22mshould show modal if first visit[32m 5[2mms[22m[39m
 [32mΓ£ô[39m src/components/__tests__/welcome-modal.test.ts[2m > [22mshowWelcomeIfFirstVisit[2m > [22mshould not show modal if already seen[32m 0[2mms[22m[39m
 [32mΓ£ô[39m src/components/__tests__/welcome-modal.test.ts[2m > [22mshowWelcomeIfFirstVisit[2m > [22mshould delay showing modal[32m 5[2mms[22m[39m
 [32mΓ£ô[39m src/components/__tests__/theme-switcher.test.ts[2m > [22mThemeSwitcher[2m > [22mLanguage Service Integration[2m > [22mshould subscribe to language changes on mount[32m 151[2mms[22m[39m
[90mstderr[2m | src/components/__tests__/dye-grid.test.ts[2m > [22m[2mDyeGrid[2m > 
[22m[2mInteractions[2m > [22m[2mshould emit dye-selected event on click
[22m[39mButton clicked! [33m1[39m

 [32mΓ£ô[39m src/components/__tests__/dye-grid.test.ts[2m > [22mDyeGrid[2m > [22mInitialization[2m > [22mshould initialize with default options[32m 10[2mms[22m[39m
 [32mΓ£ô[39m src/components/__tests__/dye-grid.test.ts[2m > [22mDyeGrid[2m > [22mInitialization[2m > [22mshould accept custom options[32m 4[2mms[22m[39m
 [32mΓ£ô[39m src/components/__tests__/dye-grid.test.ts[2m > [22mDyeGrid[2m > [22mRendering[2m > [22mshould render dye buttons[32m 29[2mms[22m[39m
 [32mΓ£ô[39m src/components/__tests__/dye-grid.test.ts[2m > [22mDyeGrid[2m > [22mRendering[2m > [22mshould render dye information correctly[32m 7[2mms[22m[39m
 [32mΓ£ô[39m src/components/__tests__/dye-grid.test.ts[2m > [22mDyeGrid[2m > [22mRendering[2m > [22mshould show category when showCategories is true[32m 4[2mms[22m[39m
 [32mΓ£ô[39m src/components/__tests__/dye-grid.test.ts[2m > [22mDyeGrid[2m > [22mRendering[2m > [22mshould not show category when showCategories is false[32m 5[2mms[22m[39m
 [32mΓ£ô[39m src/components/__tests__/dye-grid.test.ts[2m > [22mDyeGrid[2m > [22mEmpty States[2m > [22mshould render search empty state[32m 5[2mms[22m[39m
 [32mΓ£ô[39m src/components/__tests__/dye-grid.test.ts[2m > [22mDyeGrid[2m > [22mEmpty States[2m > [22mshould render category empty state[32m 3[2mms[22m[39m
 [32mΓ£ô[39m src/components/__tests__/dye-grid.test.ts[2m > [22mDyeGrid[2m > [22mInteractions[2m > [22mshould emit dye-selected event on click[32m 8[2mms[22m[39m
 [32mΓ£ô[39m src/components/__tests__/dye-grid.test.ts[2m > [22mDyeGrid[2m > [22mInteractions[2m > [22mshould update selection visuals[32m 4[2mms[22m[39m
 [32mΓ£ô[39m src/components/__tests__/dye-grid.test.ts[2m > [22mDyeGrid[2m > [22mKeyboard Navigation[2m > [22mshould handle arrow keys[32m 8[2mms[22m[39m
 [32mΓ£ô[39m src/components/__tests__/dye-grid.test.ts[2m > [22mDyeGrid[2m > [22mKeyboard Navigation[2m > [22mshould select with Enter key[32m 66[2mms[22m[39m
[90mstdout[2m | src/components/__tests__/color-picker-display.test.ts
[22m[39mΓ£à Dye database loaded: 136 dyes

 [32mΓ£ô[39m src/components/__tests__/theme-switcher.test.ts[2m > [22mThemeSwitcher[2m > [22mDropdown Coordination[2m > [22mshould dispatch close-other-dropdowns event when opening dropdown[32m 137[2mms[22m[39m
 [32mΓ£ô[39m src/components/__tests__/theme-switcher.test.ts[2m > [22mThemeSwitcher[2m > [22mDropdown Coordination[2m > [22mshould NOT dispatch close-other-dropdowns event when closing dropdown[32m 160[2mms[22m[39m
 [32mΓ£ô[39m src/components/__tests__/recent-colors-panel.test.ts[2m > [22mRecentColorsPanel[2m > [22mshould render hidden initially if no recent colors[32m 12[2mms[22m[39m
 [32mΓ£ô[39m src/components/__tests__/recent-colors-panel.test.ts[2m > [22mRecentColorsPanel[2m > [22mshould load recent colors from storage on init[32m 27[2mms[22m[39m
 [32mΓ£ô[39m src/components/__tests__/recent-colors-panel.test.ts[2m > [22mRecentColorsPanel[2m > [22mshould add recent color and save to storage[32m 17[2mms[22m[39m
 [32mΓ£ô[39m src/components/__tests__/recent-colors-panel.test.ts[2m > [22mRecentColorsPanel[2m > [22mshould limit recent colors to max[32m 37[2mms[22m[39m
 [32mΓ£ô[39m src/components/__tests__/recent-colors-panel.test.ts[2m > [22mRecentColorsPanel[2m > [22mshould emit callback when color clicked[32m 9[2mms[22m[39m
 [32mΓ£ô[39m src/components/__tests__/recent-colors-panel.test.ts[2m > [22mRecentColorsPanel[2m > [22mshould clear history[32m 4[2mms[22m[39m
 [32mΓ£ô[39m src/components/__tests__/image-zoom-controller.test.ts[2m > [22mImageZoomController[2m > [22mshould render zoom controls and canvas container when image is set[32m 42[2mms[22m[39m
 [32mΓ£ô[39m src/components/__tests__/image-zoom-controller.test.ts[2m > [22mImageZoomController[2m > [22mshould initialize zoom level to 100%[32m 8[2mms[22m[39m
 [32mΓ£ô[39m src/components/__tests__/image-zoom-controller.test.ts[2m > [22mImageZoomController[2m > [22mshould handle zoom in[32m 12[2mms[22m[39m
 [32mΓ£ô[39m src/components/__tests__/image-zoom-controller.test.ts[2m > [22mImageZoomController[2m > [22mshould handle zoom out[32m 10[2mms[22m[39m
 [32mΓ£ô[39m src/components/__tests__/image-zoom-controller.test.ts[2m > [22mImageZoomController[2m > [22mshould handle reset zoom[32m 10[2mms[22m[39m
 [32mΓ£ô[39m src/components/__tests__/image-zoom-controller.test.ts[2m > [22mImageZoomController[2m > [22mshould emit color sampled event on image click[32m 12[2mms[22m[39m
 [32mΓ£ô[39m src/shared/__tests__/logger.test.ts[2m > [22mLogger Module[2m > [22mlogger[2m > [22mdebug[2m > [22mshould call console.debug in dev mode[32m 4[2mms[22m[39m
 [32mΓ£ô[39m src/shared/__tests__/logger.test.ts[2m > [22mLogger Module[2m > [22mlogger[2m > [22mdebug[2m > [22mshould handle multiple arguments[32m 1[2mms[22m[39m
 [32mΓ£ô[39m src/shared/__tests__/logger.test.ts[2m > [22mLogger Module[2m > [22mlogger[2m > [22minfo[2m > [22mshould call console.info in dev mode[32m 1[2mms[22m[39m
 [32mΓ£ô[39m src/shared/__tests__/logger.test.ts[2m > [22mLogger Module[2m > [22mlogger[2m > [22minfo[2m > [22mshould handle objects and numbers[32m 1[2mms[22m[39m
 [32mΓ£ô[39m src/shared/__tests__/logger.test.ts[2m > [22mLogger Module[2m > [22mlogger[2m > [22mwarn[2m > [22mshould call console.warn in dev mode[32m 1[2mms[22m[39m
 [32mΓ£ô[39m src/shared/__tests__/logger.test.ts[2m > [22mLogger Module[2m > [22mlogger[2m > [22mwarn[2m > [22mshould handle error objects[32m 1[2mms[22m[39m
 [32mΓ£ô[39m src/shared/__tests__/logger.test.ts[2m > [22mLogger Module[2m > [22mlogger[2m > [22merror[2m > [22mshould always call console.error[32m 1[2mms[22m[39m
 [32mΓ£ô[39m src/shared/__tests__/logger.test.ts[2m > [22mLogger Module[2m > [22mlogger[2m > [22merror[2m > [22mshould handle Error instances[32m 0[2mms[22m[39m
 [32mΓ£ô[39m src/shared/__tests__/logger.test.ts[2m > [22mLogger Module[2m > [22mlogger[2m > [22merror[2m > [22mshould handle multiple arguments with Error[32m 1[2mms[22m[39m
 [32mΓ£ô[39m src/shared/__tests__/logger.test.ts[2m > [22mLogger Module[2m > [22mlogger[2m > [22mlog[2m > [22mshould call console.log in dev mode[32m 0[2mms[22m[39m
 [32mΓ£ô[39m src/shared/__tests__/logger.test.ts[2m > [22mLogger Module[2m > [22mlogger[2m > [22mgroup[2m > [22mshould call console.group in dev mode[32m 0[2mms[22m[39m
 [32mΓ£ô[39m src/shared/__tests__/logger.test.ts[2m > [22mLogger Module[2m > [22mlogger[2m > [22mgroupEnd[2m > [22mshould call console.groupEnd in dev mode[32m 0[2mms[22m[39m
 [32mΓ£ô[39m src/shared/__tests__/logger.test.ts[2m > [22mLogger Module[2m > [22mlogger[2m > [22mtable[2m > [22mshould call console.table in dev mode[32m 0[2mms[22m[39m
 [32mΓ£ô[39m src/shared/__tests__/logger.test.ts[2m > [22mLogger Module[2m > [22mperf[2m > [22mstart and end[2m > [22mshould track timing between start and end[32m 1[2mms[22m[39m
 [32mΓ£ô[39m src/shared/__tests__/logger.test.ts[2m > [22mLogger Module[2m > [22mperf[2m > [22mstart and end[2m > [22mshould return -1 for non-existent timer[32m 0[2mms[22m[39m
 [32mΓ£ô[39m src/shared/__tests__/logger.test.ts[2m > [22mLogger Module[2m > [22mperf[2m > [22mstart and end[2m > [22mshould record metrics correctly[32m 0[2mms[22m[39m
 [32mΓ£ô[39m src/shared/__tests__/logger.test.ts[2m > [22mLogger Module[2m > [22mperf[2m > [22mstart and end[2m > [22mshould accumulate metrics over multiple calls[32m 0[2mms[22m[39m
 [32mΓ£ô[39m src/shared/__tests__/logger.test.ts[2m > [22mLogger Module[2m > [22mperf[2m > [22mmeasure (async)[2m > [22mshould measure async function execution time[32m 17[2mms[22m[39m
 [32mΓ£ô[39m src/shared/__tests__/logger.test.ts[2m > [22mLogger Module[2m > [22mperf[2m > [22mmeasure (async)[2m > [22mshould record metrics even if function throws[32m 2[2mms[22m[39m
 [32mΓ£ô[39m src/shared/__tests__/logger.test.ts[2m > [22mLogger Module[2m > [22mperf[2m > [22mmeasureSync[2m > [22mshould measure sync function execution time[32m 1[2mms[22m[39m
 [32mΓ£ô[39m src/shared/__tests__/logger.test.ts[2m > [22mLogger Module[2m > [22mperf[2m > [22mmeasureSync[2m > [22mshould record metrics even if function throws[32m 0[2mms[22m[39m
 [32mΓ£ô[39m src/shared/__tests__/logger.test.ts[2m > [22mLogger Module[2m > [22mperf[2m > [22mgetMetrics[2m > [22mshould return null for non-existent label[32m 0[2mms[22m[39m
 [32mΓ£ô[39m src/shared/__tests__/logger.test.ts[2m > [22mLogger Module[2m > [22mperf[2m > [22mgetMetrics[2m > [22mshould return correct structure[32m 1[2mms[22m[39m
 [32mΓ£ô[39m src/shared/__tests__/logger.test.ts[2m > [22mLogger Module[2m > [22mperf[2m > [22mgetAllMetrics[2m > [22mshould return empty object when no metrics recorded[32m 0[2mms[22m[39m
 [32mΓ£ô[39m src/shared/__tests__/logger.test.ts[2m > [22mLogger Module[2m > [22mperf[2m > [22mgetAllMetrics[2m > [22mshould return all recorded metrics[32m 1[2mms[22m[39m
 [32mΓ£ô[39m src/shared/__tests__/logger.test.ts[2m > [22mLogger Module[2m > [22mperf[2m > [22mlogMetrics[2m > [22mshould log metrics in dev mode[32m 1[2mms[22m[39m
 [32mΓ£ô[39m src/shared/__tests__/logger.test.ts[2m > [22mLogger Module[2m > [22mperf[2m > [22mlogMetrics[2m > [22mshould handle no metrics gracefully[32m 0[2mms[22m[39m
 [32mΓ£ô[39m src/shared/__tests__/logger.test.ts[2m > [22mLogger Module[2m > [22mperf[2m > [22mclearMetrics[2m > [22mshould clear all recorded metrics[32m 0[2mms[22m[39m
 [32mΓ£ô[39m src/shared/__tests__/logger.test.ts[2m > [22mLogger Module[2m > [22mperf[2m > [22mclearMetrics[2m > [22mshould clear active timers[32m 0[2mms[22m[39m
 [32mΓ£ô[39m src/shared/__tests__/logger.test.ts[2m > [22mLogger Module[2m > [22minitErrorTracking[2m > [22mshould initialize error tracker[32m 0[2mms[22m[39m
 [32mΓ£ô[39m src/shared/__tests__/logger.test.ts[2m > [22mPerformance Metrics Edge Cases[2m > [22mshould handle min/max time tracking correctly[32m 6[2mms[22m[39m
 [32mΓ£ô[39m src/shared/__tests__/logger.test.ts[2m > [22mPerformance Metrics Edge Cases[2m > [22mshould handle zero count case in getAllMetrics[32m 0[2mms[22m[39m
 [32mΓ£ô[39m src/shared/__tests__/logger.test.ts[2m > [22mError Tracker Integration[2m > [22merror tracker initialization[2m > [22mshould accept a valid error tracker interface[32m 1[2mms[22m[39m
 [32mΓ£ô[39m src/shared/__tests__/logger.test.ts[2m > [22mError Tracker Integration[2m > [22mwarn() behavior with error tracker configured[2m > [22mshould still call console.warn in dev mode even with tracker[32m 1[2mms[22m[39m
 [32mΓ£ô[39m src/shared/__tests__/logger.test.ts[2m > [22mError Tracker Integration[2m > [22mwarn() behavior with error tracker configured[2m > [22mshould NOT call error tracker in dev mode[32m 0[2mms[22m[39m
 [32mΓ£ô[39m src/shared/__tests__/logger.test.ts[2m > [22mError Tracker Integration[2m > [22merror() behavior with error tracker configured[2m > [22mshould always call console.error regardless of environment[32m 0[2mms[22m[39m
 [32mΓ£ô[39m src/shared/__tests__/logger.test.ts[2m > [22mError Tracker Integration[2m > [22merror() behavior with error tracker configured[2m > [22mshould handle Error instances correctly[32m 0[2mms[22m[39m
 [32mΓ£ô[39m src/shared/__tests__/logger.test.ts[2m > [22mError Tracker Integration[2m > [22merror() behavior with error tracker configured[2m > [22mshould handle Error with additional context[32m 0[2mms[22m[39m
 [32mΓ£ô[39m src/shared/__tests__/logger.test.ts[2m > [22mError Tracker Integration[2m > [22merror() behavior with error tracker configured[2m > [22mshould NOT call error tracker in dev mode[32m 0[2mms[22m[39m
 [32mΓ£ô[39m src/shared/__tests__/logger.test.ts[2m > [22mDev Mode Logging Behavior[2m > [22mshould call console.debug in dev mode[32m 0[2mms[22m[39m
 [32mΓ£ô[39m src/shared/__tests__/logger.test.ts[2m > [22mDev Mode Logging Behavior[2m > [22mshould call console.info in dev mode[32m 0[2mms[22m[39m
 [32mΓ£ô[39m src/shared/__tests__/logger.test.ts[2m > [22mDev Mode Logging Behavior[2m > [22mshould call console.log in dev mode[32m 0[2mms[22m[39m
 [32mΓ£ô[39m src/shared/__tests__/logger.test.ts[2m > [22mDev Mode Logging Behavior[2m > [22mshould call console.group in dev mode[32m 0[2mms[22m[39m
 [32mΓ£ô[39m src/shared/__tests__/logger.test.ts[2m > [22mDev Mode Logging Behavior[2m > [22mshould call console.groupEnd in dev mode[32m 0[2mms[22m[39m
 [32mΓ£ô[39m src/shared/__tests__/logger.test.ts[2m > [22mDev Mode Logging Behavior[2m > [22mshould call console.table in dev mode[32m 0[2mms[22m[39m
 [32mΓ£ô[39m src/shared/__tests__/logger.test.ts[2m > [22mPerformance Monitoring Dev Mode[2m > [22mshould log perf timing in dev mode[32m 0[2mms[22m[39m
 [32mΓ£ô[39m src/shared/__tests__/logger.test.ts[2m > [22mPerformance Monitoring Dev Mode[2m > [22mshould include duration in timing output[32m 0[2mms[22m[39m
 [32mΓ£ô[39m src/shared/__tests__/logger.test.ts[2m > [22mProduction Mode Error Tracking[2m > [22mwarn() in production mode (lines 300-301)[2m > [22mshould NOT call console.warn in production mode[32m 0[2mms[22m[39m
 [32mΓ£ô[39m src/shared/__tests__/logger.test.ts[2m > [22mProduction Mode Error Tracking[2m > [22mwarn() in production mode (lines 300-301)[2m > [22mshould send warning to error tracker in production mode[32m 0[2mms[22m[39m
 [32mΓ£ô[39m src/shared/__tests__/logger.test.ts[2m > [22mProduction Mode Error Tracking[2m > [22mwarn() in production mode (lines 300-301)[2m > [22mshould concatenate multiple warn arguments[32m 0[2mms[22m[39m
 [32mΓ£ô[39m src/shared/__tests__/logger.test.ts[2m > [22mProduction Mode Error Tracking[2m > [22mwarn() in production mode (lines 300-301)[2m > [22mshould convert non-string arguments to strings[32m 2[2mms[22m[39m
 [32mΓ£ô[39m src/shared/__tests__/logger.test.ts[2m > [22mProduction Mode Error Tracking[2m > [22merror() in production mode (lines 314-321)[2m > [22mshould always call console.error even in production mode[32m 0[2mms[22m[39m
 [32mΓ£ô[39m src/shared/__tests__/logger.test.ts[2m > [22mProduction Mode Error Tracking[2m > [22merror() in production mode (lines 314-321)[2m > [22mshould capture Error instances with captureException[32m 1[2mms[22m[39m
 [32mΓ£ô[39m src/shared/__tests__/logger.test.ts[2m > [22mProduction Mode Error Tracking[2m > [22merror() in production mode (lines 314-321)[2m > [22mshould include extra context when capturing Error[32m 1[2mms[22m[39m
 [32mΓ£ô[39m src/shared/__tests__/logger.test.ts[2m > [22mProduction Mode Error Tracking[2m > [22merror() in production mode (lines 314-321)[2m > [22mshould capture non-Error messages with captureMessage[32m 0[2mms[22m[39m
 [32mΓ£ô[39m src/shared/__tests__/logger.test.ts[2m > [22mProduction Mode Error Tracking[2m > [22merror() in production mode (lines 314-321)[2m > [22mshould concatenate multiple non-Error arguments[32m 0[2mms[22m[39m
 [32mΓ£ô[39m src/shared/__tests__/logger.test.ts[2m > [22mProduction Mode Error Tracking[2m > [22mproduction mode without error tracker[2m > [22mshould not throw when error tracker is configured[32m 1[2mms[22m[39m
 [32mΓ£ô[39m src/shared/__tests__/logger.test.ts[2m > [22m__setTestEnvironment[2m > [22mshould allow overriding to production mode[32m 0[2mms[22m[39m
 [32mΓ£ô[39m src/shared/__tests__/logger.test.ts[2m > [22m__setTestEnvironment[2m > [22mshould restore normal behavior when set to null[32m 3[2mms[22m[39m
 [32mΓ£ô[39m src/components/__tests__/color-picker-display.test.ts[2m > [22mColorPickerDisplay[2m > [22mInitialization[2m > [22mshould initialize with default color[32m 28[2mms[22m[39m
 [32mΓ£ô[39m src/components/__tests__/color-picker-display.test.ts[2m > [22mColorPickerDisplay[2m > [22mInitialization[2m > [22mshould initialize with provided color[32m 7[2mms[22m[39m
 [32mΓ£ô[39m src/components/__tests__/color-picker-display.test.ts[2m > [22mColorPickerDisplay[2m > [22mRendering[2m > [22mshould render hex input[32m 4[2mms[22m[39m
 [32mΓ£ô[39m src/components/__tests__/color-picker-display.test.ts[2m > [22mColorPickerDisplay[2m > [22mRendering[2m > [22mshould render color picker input[32m 2[2mms[22m[39m
 [32mΓ£ô[39m src/components/__tests__/color-picker-display.test.ts[2m > [22mColorPickerDisplay[2m > [22mRendering[2m > [22mshould render color preview[32m 2[2mms[22m[39m
 [32mΓ£ô[39m src/components/__tests__/color-picker-display.test.ts[2m > [22mColorPickerDisplay[2m > [22mRendering[2m > [22mshould render RGB and HSV values[32m 2[2mms[22m[39m
 [32mΓ£ô[39m src/components/__tests__/color-picker-display.test.ts[2m > [22mColorPickerDisplay[2m > [22mInteractions[2m > [22mshould update color on hex input[32m 5[2mms[22m[39m
 [32mΓ£ô[39m src/components/__tests__/color-picker-display.test.ts[2m > [22mColorPickerDisplay[2m > [22mInteractions[2m > [22mshould auto-prepend hash on hex input[32m 3[2mms[22m[39m
 [32mΓ£ô[39m src/components/__tests__/color-picker-display.test.ts[2m > [22mColorPickerDisplay[2m > [22mInteractions[2m > [22mshould update color on picker input[32m 3[2mms[22m[39m
 [32mΓ£ô[39m src/components/__tests__/color-picker-display.test.ts[2m > [22mColorPickerDisplay[2m > [22mPublic Methods[2m > [22mshould set color programmatically[32m 4[2mms[22m[39m
 [32mΓ£ô[39m src/components/__tests__/color-picker-display.test.ts[2m > [22mColorPickerDisplay[2m > [22mPublic Methods[2m > [22mshould ignore invalid color in setColor[32m 2[2mms[22m[39m
 [32mΓ£ô[39m src/components/__tests__/color-picker-display.test.ts[2m > [22mColorPickerDisplay[2m > [22mEyedropper[2m > [22mshould show eyedropper button if supported[32m 9[2mms[22m[39m
 [32mΓ£ô[39m src/components/__tests__/color-picker-display.test.ts[2m > [22mColorPickerDisplay[2m > [22mEyedropper[2m > [22mshould not show eyedropper button if not supported[32m 2[2mms[22m[39m
 [32mΓ£ô[39m src/components/__tests__/color-picker-display.test.ts[2m > [22mColorPickerDisplay[2m > [22mEyedropper[2m > [22mshould use eyedropper when clicked[32m 6[2mms[22m[39m
[90mstdout[2m | src/components/__tests__/dye-comparison-chart.test.ts
[22m[39mΓ£à Dye database loaded: 136 dyes

 [32mΓ£ô[39m src/components/__tests__/dye-comparison-chart.test.ts[2m > [22mDyeComparisonChart[2m > [22mshould render successfully[32m 18[2mms[22m[39m
 [32mΓ£ô[39m src/components/__tests__/dye-comparison-chart.test.ts[2m > [22mDyeComparisonChart[2m > [22mshould initialize with default chart type[32m 4[2mms[22m[39m
 [32mΓ£ô[39m src/components/__tests__/dye-comparison-chart.test.ts[2m > [22mDyeComparisonChart[2m > [22mshould switch chart types[32m 4[2mms[22m[39m
 [32mΓ£ô[39m src/components/__tests__/dye-comparison-chart.test.ts[2m > [22mDyeComparisonChart[2m > [22mshould update dyes[32m 3[2mms[22m[39m
 [32mΓ£ô[39m src/components/__tests__/dye-comparison-chart.test.ts[2m > [22mDyeComparisonChart[2m > [22mshould draw on canvas when dyes are present[32m 29[2mms[22m[39m
 [32mΓ£ô[39m src/components/__tests__/dye-comparison-chart.test.ts[2m > [22mDyeComparisonChart[2m > [22mshould redraw when theme changes[32m 2[2mms[22m[39m
 [32mΓ£ô[39m src/components/__tests__/dye-comparison-chart.test.ts[2m > [22mDyeComparisonChart[2m > [22mshould handle empty dye list gracefully[32m 2[2mms[22m[39m
[90mstdout[2m | src/components/__tests__/dye-search-box.test.ts
[22m[39mΓ£à Dye database loaded: 136 dyes

 [32mΓ£ô[39m src/components/__tests__/toast-container.test.ts[2m > [22mToastContainer[2m > [22mInitialization[2m > [22mshould subscribe to ToastService on init[32m 10[2mms[22m[39m
 [32mΓ£ô[39m src/components/__tests__/toast-container.test.ts[2m > [22mToastContainer[2m > [22mRendering[2m > [22mshould render toasts[32m 24[2mms[22m[39m
 [32mΓ£ô[39m src/components/__tests__/toast-container.test.ts[2m > [22mToastContainer[2m > [22mRendering[2m > [22mshould render details if provided[32m 5[2mms[22m[39m
 [32mΓ£ô[39m src/components/__tests__/toast-container.test.ts[2m > [22mToastContainer[2m > [22mRendering[2m > [22mshould apply correct classes for types[32m 15[2mms[22m[39m
 [32mΓ£ô[39m src/components/__tests__/toast-container.test.ts[2m > [22mToastContainer[2m > [22mRendering[2m > [22mshould set correct ARIA roles[32m 7[2mms[22m[39m
 [32mΓ£ô[39m src/components/__tests__/toast-container.test.ts[2m > [22mToastContainer[2m > [22mInteractions[2m > [22mshould dismiss toast on button click[32m 9[2mms[22m[39m
 [32mΓ£ô[39m src/components/__tests__/toast-container.test.ts[2m > [22mToastContainer[2m > [22mInteractions[2m > [22mshould dismiss toast on Escape key[32m 6[2mms[22m[39m
 [32mΓ£ô[39m src/components/__tests__/toast-container.test.ts[2m > [22mToastContainer[2m > [22mInteractions[2m > [22mshould NOT dismiss non-dismissible toast on Escape key[32m 2[2mms[22m[39m
 [32mΓ£ô[39m src/components/__tests__/camera-preview-modal.test.ts[2m > [22mshowCameraPreviewModal[2m > [22mshould show warning if no camera available[32m 5[2mms[22m[39m
 [32mΓ£ô[39m src/components/__tests__/camera-preview-modal.test.ts[2m > [22mshowCameraPreviewModal[2m > [22mshould show modal if camera available[32m 22[2mms[22m[39m
 [32mΓ£ô[39m src/components/__tests__/camera-preview-modal.test.ts[2m > [22mshowCameraPreviewModal[2m > [22mshould start camera stream after delay[32m 6[2mms[22m[39m
 [32mΓ£ô[39m src/components/__tests__/camera-preview-modal.test.ts[2m > [22mshowCameraPreviewModal[2m > [22mshould handle capture[32m 12[2mms[22m[39m
 [32mΓ£ô[39m src/components/__tests__/camera-preview-modal.test.ts[2m > [22mshowCameraPreviewModal[2m > [22mshould handle multiple cameras[32m 10[2mms[22m[39m
 [32mΓ£ô[39m src/components/__tests__/camera-preview-modal.test.ts[2m > [22mshowCameraPreviewModal[2m > [22mshould cleanup on close[32m 5[2mms[22m[39m
[90mstderr[2m | src/services/__tests__/api-service-wrapper.test.ts[2m > [22m[2mAPIService Wrapper[2m > 
[22m[2mgetPriceData[2m > [22m[2mshould accept dataCenterID parameter
[22m[39mFailed to fetch price data: AppError: Failed to fetch price data for item 99999999: HTTP 400: Bad 
Request
    at APIService.fetchPriceData [90m(file:///C:/Users/DrawF/OneDrive/Projects/CodingProjects/XIVProjects/xivdye
tools-web-app/[39mnode_modules/[4mxivdyetools-core[24m/dist/services/APIService.js:225:19[90m)[39m
[90m    at processTicksAndRejections (node:internal/process/task_queues:105:5)[39m
    at APIService.getPriceData [90m(file:///C:/Users/DrawF/OneDrive/Projects/CodingProjects/XIVProjects/xivdyeto
ols-web-app/[39mnode_modules/[4mxivdyetools-core[24m/dist/services/APIService.js:200:20[90m)[39m
    at C:/Users/DrawF/OneDrive/Projects/CodingProjects/XIVProjects/xivdyetools-web-app/src/services/__tests__/api
-service-wrapper.test.ts:110:22
    at [90mfile:///C:/Users/DrawF/OneDrive/Projects/CodingProjects/XIVProjects/xivdyetools-web-app/[39mnode_mod
ules/[4m@vitest/runner[24m/dist/index.js:912:20 {
  code: [32m'API_CALL_FAILED'[39m,
  severity: [32m'warning'[39m
}

 [32mΓ£ô[39m src/services/__tests__/api-service-wrapper.test.ts[2m > [22mAPIService Wrapper[2m > [22mgetPriceData[2m > [22mshould accept dataCenterID parameter[33m 3457[2mms[22m[39m
 [32mΓ£ô[39m src/services/__tests__/api-service-wrapper.test.ts[2m > [22mLocalStorageCacheBackend[2m > [22mcache operations via localStorage[2m > [22mshould store data with correct prefix[32m 1[2mms[22m[39m
 [32mΓ£ô[39m src/services/__tests__/api-service-wrapper.test.ts[2m > [22mLocalStorageCacheBackend[2m > [22mcache operations via localStorage[2m > [22mshould retrieve stored data[32m 0[2mms[22m[39m
 [32mΓ£ô[39m src/services/__tests__/api-service-wrapper.test.ts[2m > [22mLocalStorageCacheBackend[2m > [22mcache operations via localStorage[2m > [22mshould return null for non-existent keys[32m 0[2mms[22m[39m
 [32mΓ£ô[39m src/services/__tests__/api-service-wrapper.test.ts[2m > [22mLocalStorageCacheBackend[2m > [22mcache operations via localStorage[2m > [22mshould handle removal of keys[32m 0[2mms[22m[39m
 [32mΓ£ô[39m src/services/__tests__/api-service-wrapper.test.ts[2m > [22mLocalStorageCacheBackend[2m > [22mcache operations via localStorage[2m > [22mshould clear keys with prefix[32m 1[2mms[22m[39m
 [32mΓ£ô[39m src/services/__tests__/api-service-wrapper.test.ts[2m > [22mLocalStorageCacheBackend[2m > [22mcache operations via localStorage[2m > [22mshould list keys with prefix[32m 1[2mms[22m[39m
 [32mΓ£ô[39m src/services/__tests__/api-service-wrapper.test.ts[2m > [22mLocalStorageCacheBackend[2m > [22merror handling[2m > [22mshould handle JSON parse errors gracefully[32m 1[2mms[22m[39m
 [32mΓ£ô[39m src/services/__tests__/api-service-wrapper.test.ts[2m > [22mLocalStorageCacheBackend[2m > [22merror handling[2m > [22mshould handle storage quota errors gracefully[32m 1[2mms[22m[39m
 [32mΓ£ô[39m src/services/__tests__/api-service-wrapper.test.ts[2m > [22mapiService export[2m > [22mshould export a singleton instance[32m 0[2mms[22m[39m
 [32mΓ£ô[39m src/services/__tests__/api-service-wrapper.test.ts[2m > [22mLocalStorageCacheBackend Direct Methods[2m > [22mget() method[2m > [22mshould return parsed data when key exists[32m 0[2mms[22m[39m
 [32mΓ£ô[39m src/services/__tests__/api-service-wrapper.test.ts[2m > [22mLocalStorageCacheBackend Direct Methods[2m > [22mget() method[2m > [22mshould return null when key does not exist[32m 0[2mms[22m[39m
 [32mΓ£ô[39m src/services/__tests__/api-service-wrapper.test.ts[2m > [22mLocalStorageCacheBackend Direct Methods[2m > [22mget() method[2m > [22mshould return null when localStorage throws an error[32m 0[2mms[22m[39m
 [32mΓ£ô[39m src/services/__tests__/api-service-wrapper.test.ts[2m > [22mLocalStorageCacheBackend Direct Methods[2m > [22mget() method[2m > [22mshould return null when JSON parsing fails[32m 0[2mms[22m[39m
 [32mΓ£ô[39m src/services/__tests__/api-service-wrapper.test.ts[2m > [22mLocalStorageCacheBackend Direct Methods[2m > [22mset() method[2m > [22mshould store data successfully[32m 0[2mms[22m[39m
 [32mΓ£ô[39m src/services/__tests__/api-service-wrapper.test.ts[2m > [22mLocalStorageCacheBackend Direct Methods[2m > [22mset() method[2m > [22mshould handle error when localStorage throws (quota exceeded)[32m 1[2mms[22m[39m
 [32mΓ£ô[39m src/services/__tests__/api-service-wrapper.test.ts[2m > [22mLocalStorageCacheBackend Direct Methods[2m > [22mdelete() method[2m > [22mshould remove key successfully[32m 0[2mms[22m[39m
 [32mΓ£ô[39m src/services/__tests__/api-service-wrapper.test.ts[2m > [22mLocalStorageCacheBackend Direct Methods[2m > [22mdelete() method[2m > [22mshould handle error when localStorage throws[32m 0[2mms[22m[39m
 [32mΓ£ô[39m src/services/__tests__/api-service-wrapper.test.ts[2m > [22mLocalStorageCacheBackend Direct Methods[2m > [22mdelete() method[2m > [22mshould handle deleting non-existent key[32m 0[2mms[22m[39m
 [32mΓ£ô[39m src/services/__tests__/api-service-wrapper.test.ts[2m > [22mLocalStorageCacheBackend Direct Methods[2m > [22mclear() method[2m > [22mshould clear all keys with prefix[32m 0[2mms[22m[39m
 [32mΓ£ô[39m src/services/__tests__/api-service-wrapper.test.ts[2m > [22mLocalStorageCacheBackend Direct Methods[2m > [22mclear() method[2m > [22mshould handle when no keys have the prefix[32m 0[2mms[22m[39m
 [32mΓ£ô[39m src/services/__tests__/api-service-wrapper.test.ts[2m > [22mLocalStorageCacheBackend Direct Methods[2m > [22mclear() method[2m > [22mshould skip keys when localStorage.key returns null[32m 0[2mms[22m[39m
 [32mΓ£ô[39m src/services/__tests__/api-service-wrapper.test.ts[2m > [22mLocalStorageCacheBackend Direct Methods[2m > [22mclear() method[2m > [22mshould handle error when localStorage throws during iteration[32m 0[2mms[22m[39m
 [32mΓ£ô[39m src/services/__tests__/api-service-wrapper.test.ts[2m > [22mLocalStorageCacheBackend Direct Methods[2m > [22mkeys() method[2m > [22mshould return all keys with prefix (without prefix)[32m 1[2mms[22m[39m
 [32mΓ£ô[39m src/services/__tests__/api-service-wrapper.test.ts[2m > [22mLocalStorageCacheBackend Direct Methods[2m > [22mkeys() method[2m > [22mshould return empty array when no keys have the prefix[32m 0[2mms[22m[39m
 [32mΓ£ô[39m src/services/__tests__/api-service-wrapper.test.ts[2m > [22mLocalStorageCacheBackend Direct Methods[2m > [22mkeys() method[2m > [22mshould skip null keys from localStorage.key[32m 0[2mms[22m[39m
 [32mΓ£ô[39m src/services/__tests__/api-service-wrapper.test.ts[2m > [22mLocalStorageCacheBackend Direct Methods[2m > [22mkeys() method[2m > [22mshould return empty array when localStorage throws during iteration[32m 0[2mms[22m[39m
 [32mΓ£ô[39m src/services/__tests__/api-service-wrapper.test.ts[2m > [22mLocalStorageCacheBackend Direct Methods[2m > [22mkeys() method[2m > [22mshould handle empty localStorage[32m 1[2mms[22m[39m
 [32mΓ£ô[39m src/components/__tests__/modal-container.test.ts[2m > [22mModalContainer[2m > [22mInitialization[2m > [22mshould subscribe to ModalService on init[32m 8[2mms[22m[39m
 [32mΓ£ô[39m src/components/__tests__/modal-container.test.ts[2m > [22mModalContainer[2m > [22mRendering[2m > [22mshould render nothing when no modals[32m 3[2mms[22m[39m
 [32mΓ£ô[39m src/components/__tests__/modal-container.test.ts[2m > [22mModalContainer[2m > [22mRendering[2m > [22mshould render a modal when added[32m 28[2mms[22m[39m
 [32mΓ£ô[39m src/components/__tests__/modal-container.test.ts[2m > [22mModalContainer[2m > [22mRendering[2m > [22mshould lock body scroll when modal is open[32m 5[2mms[22m[39m
 [32mΓ£ô[39m src/components/__tests__/modal-container.test.ts[2m > [22mModalContainer[2m > [22mRendering[2m > [22mshould unlock body scroll when modal closes[32m 4[2mms[22m[39m
 [32mΓ£ô[39m src/components/__tests__/modal-container.test.ts[2m > [22mModalContainer[2m > [22mInteractions[2m > [22mshould dismiss modal on close button click[32m 9[2mms[22m[39m
 [32mΓ£ô[39m src/components/__tests__/modal-container.test.ts[2m > [22mModalContainer[2m > [22mInteractions[2m > [22mshould dismiss modal on backdrop click if allowed[32m 6[2mms[22m[39m
 [32mΓ£ô[39m src/components/__tests__/modal-container.test.ts[2m > [22mModalContainer[2m > [22mInteractions[2m > [22mshould NOT dismiss modal on backdrop click if NOT allowed[32m 4[2mms[22m[39m
 [32mΓ£ô[39m src/components/__tests__/modal-container.test.ts[2m > [22mModalContainer[2m > [22mInteractions[2m > [22mshould handle confirm button click[32m 4[2mms[22m[39m
 [32mΓ£ô[39m src/components/__tests__/dye-search-box.test.ts[2m > [22mDyeSearchBox[2m > [22mInitialization[2m > [22mshould initialize with default options[32m 34[2mms[22m[39m
 [32mΓ£ô[39m src/components/__tests__/dye-search-box.test.ts[2m > [22mDyeSearchBox[2m > [22mInitialization[2m > [22mshould accept custom options[32m 7[2mms[22m[39m
 [32mΓ£ô[39m src/components/__tests__/dye-search-box.test.ts[2m > [22mDyeSearchBox[2m > [22mRendering[2m > [22mshould render search input[32m 6[2mms[22m[39m
 [32mΓ£ô[39m src/components/__tests__/dye-search-box.test.ts[2m > [22mDyeSearchBox[2m > [22mRendering[2m > [22mshould render sort dropdown[32m 6[2mms[22m[39m
 [32mΓ£ô[39m src/components/__tests__/dye-search-box.test.ts[2m > [22mDyeSearchBox[2m > [22mRendering[2m > [22mshould render categories[32m 8[2mms[22m[39m
 [32mΓ£ô[39m src/components/__tests__/dye-search-box.test.ts[2m > [22mDyeSearchBox[2m > [22mInteractions[2m > [22mshould emit search-changed on input[32m 9[2mms[22m[39m
 [32mΓ£ô[39m src/components/__tests__/dye-search-box.test.ts[2m > [22mDyeSearchBox[2m > [22mInteractions[2m > [22mshould emit clear-all on clear button click[32m 7[2mms[22m[39m
 [32mΓ£ô[39m src/components/__tests__/changelog-modal.test.ts[2m > [22mChangelogModal[2m > [22mshouldShow[2m > [22mshould return false if no last version (first visit)[32m 2[2mms[22m[39m
 [32mΓ£ô[39m src/components/__tests__/changelog-modal.test.ts[2m > [22mChangelogModal[2m > [22mshouldShow[2m > [22mshould return false if version matches[32m 0[2mms[22m[39m
 [32mΓ£ô[39m src/components/__tests__/changelog-modal.test.ts[2m > [22mChangelogModal[2m > [22mshouldShow[2m > [22mshould return true if version differs[32m 0[2mms[22m[39m
 [32mΓ£ô[39m src/components/__tests__/changelog-modal.test.ts[2m > [22mChangelogModal[2m > [22mmarkAsViewed[2m > [22mshould save current version to storage[32m 2[2mms[22m[39m
 [32mΓ£ô[39m src/components/__tests__/changelog-modal.test.ts[2m > [22mChangelogModal[2m > [22mreset[2m > [22mshould remove version from storage[32m 0[2mms[22m[39m
 [32mΓ£ô[39m src/components/__tests__/changelog-modal.test.ts[2m > [22mChangelogModal[2m > [22mshow[2m > [22mshould call ModalService.showChangelog[32m 16[2mms[22m[39m
 [32mΓ£ô[39m src/components/__tests__/changelog-modal.test.ts[2m > [22mChangelogModal[2m > [22mshow[2m > [22mshould not show if already showing[32m 5[2mms[22m[39m
 [32mΓ£ô[39m src/components/__tests__/changelog-modal.test.ts[2m > [22mChangelogModal[2m > [22mshow[2m > [22mshould mark as viewed on close[32m 4[2mms[22m[39m
 [32mΓ£ô[39m src/components/__tests__/changelog-modal.test.ts[2m > [22mChangelogModal[2m > [22mContent Generation[2m > [22mshould generate content with highlights[32m 4[2mms[22m[39m
 [32mΓ£ô[39m src/components/__tests__/changelog-modal.test.ts[2m > [22mChangelogModal[2m > [22mContent Generation[2m > [22mshould include previous updates summary[32m 5[2mms[22m[39m
 [32mΓ£ô[39m src/components/__tests__/changelog-modal.test.ts[2m > [22mChangelogModal[2m > [22mshowChangelogIfUpdated[2m > [22mshould show modal if update detected[32m 7[2mms[22m[39m
 [32mΓ£ô[39m src/components/__tests__/changelog-modal.test.ts[2m > [22mChangelogModal[2m > [22mshowChangelogIfUpdated[2m > [22mshould NOT show modal if no update[32m 1[2mms[22m[39m
[90mstdout[2m | src/services/__tests__/dye-service-wrapper.test.ts
[22m[39mΓ£à Dye database loaded: 136 dyes

[90mstdout[2m | src/services/__tests__/dye-service.test.ts
[22m[39mΓ£à Dye database loaded: 136 dyes

[90mstdout[2m | src/services/__tests__/dye-service-wrapper.test.ts[2m > [22m[2mDyeService Wrapper[2m > [22m[2mgetInstance[2m > [22m[2mshould return a singleton instance
[22m[39mΓ£à Dye database loaded: 136 dyes

[90mstdout[2m | src/services/__tests__/dye-service-wrapper.test.ts[2m > [22m[2mDyeService Wrapper[2m > [22m[2mgetInstance[2m > [22m[2mshould create instance with dye database
[22m[39mΓ£à Dye database loaded: 136 dyes

[90mstdout[2m | src/services/__tests__/dye-service-wrapper.test.ts[2m > [22m[2mDyeService Wrapper[2m > [22m[2mgetInstance[2m > [22m[2mshould create new instance after reset
[22m[39mΓ£à Dye database loaded: 136 dyes
Γ£à Dye database loaded: 136 dyes

[90mstdout[2m | src/services/__tests__/dye-service-wrapper.test.ts[2m > [22m[2mDyeService Wrapper[2m > [22m[2mresetInstance[2m > [22m[2mshould reset the singleton to null
[22m[39mΓ£à Dye database loaded: 136 dyes
Γ£à Dye database loaded: 136 dyes

[90mstdout[2m | src/services/__tests__/dye-service-wrapper.test.ts[2m > [22m[2mDyeService Wrapper[2m > [22m[2mresetInstance[2m > [22m[2mshould allow re-initialization
[22m[39mΓ£à Dye database loaded: 136 dyes
Γ£à Dye database loaded: 136 dyes

[90mstdout[2m | src/services/__tests__/dye-service-wrapper.test.ts[2m > [22m[2mDyeService Wrapper[2m > [22m[2minstance methods[2m > [22m[2mshould have getAllDyes method that returns dye array
[22m[39mΓ£à Dye database loaded: 136 dyes

[90mstdout[2m | src/services/__tests__/dye-service-wrapper.test.ts[2m > [22m[2mDyeService Wrapper[2m > [22m[2minstance methods[2m > [22m[2mshould have getDyeById method
[22m[39mΓ£à Dye database loaded: 136 dyes

[90mstdout[2m | src/services/__tests__/dye-service-wrapper.test.ts[2m > [22m[2mDyeService Wrapper[2m > [22m[2minstance methods[2m > [22m[2mshould return null for non-existent dye
[22m[39mΓ£à Dye database loaded: 136 dyes

[90mstdout[2m | src/services/__tests__/dye-service.test.ts[2m > [22m[2mDyeService[2m > [22m[2mgetInstance[2m > [22m[2mshould return singleton instance
[22m[39mΓ£à Dye database loaded: 136 dyes

[90mstdout[2m | src/services/__tests__/dye-service-wrapper.test.ts[2m > [22m[2mDyeService Wrapper[2m > [22m[2minstance methods[2m > [22m[2mshould have searchByName method
[22m[39mΓ£à Dye database loaded: 136 dyes

[90mstdout[2m | src/services/__tests__/dye-service-wrapper.test.ts[2m > [22m[2mDyeService Wrapper[2m > [22m[2minstance methods[2m > [22m[2mshould have findClosestDye method
[22m[39mΓ£à Dye database loaded: 136 dyes

[90mstdout[2m | src/services/__tests__/dye-service.test.ts[2m > [22m[2mDyeService[2m > [22m[2mgetInstance[2m > [22m[2mshould initialize with dye database loaded
[22m[39mΓ£à Dye database loaded: 136 dyes

[90mstdout[2m | src/services/__tests__/dye-service-wrapper.test.ts[2m > [22m[2mdyeService export[2m > [22m[2mshould have core DyeService methods
[22m[39mΓ£à Dye database loaded: 136 dyes

[90mstdout[2m | src/services/__tests__/dye-service-wrapper.test.ts[2m > [22m[2mDyeService integration[2m > [22m[2mshould maintain singleton across multiple imports
[22m[39mΓ£à Dye database loaded: 136 dyes

[90mstdout[2m | src/services/__tests__/dye-service-wrapper.test.ts[2m > [22m[2mDyeService integration[2m > [22m[2mshould work correctly after reset and re-get
[22m[39mΓ£à Dye database loaded: 136 dyes
Γ£à Dye database loaded: 136 dyes

[90mstdout[2m | src/services/__tests__/dye-service-wrapper.test.ts[2m > [22m[2mDyeService integration[2m > [22m[2mshould return 136 dyes total
[22m[39mΓ£à Dye database loaded: 136 dyes

[90mstdout[2m | src/services/__tests__/dye-service.test.ts[2m > [22m[2mDyeService[2m > [22m[2mgetAllDyes[2m > [22m[2mshould return array of dyes
[22m[39mΓ£à Dye database loaded: 136 dyes

 [32mΓ£ô[39m src/services/__tests__/dye-service-wrapper.test.ts[2m > [22mDyeService Wrapper[2m > [22mgetInstance[2m > [22mshould return a singleton instance[32m 3[2mms[22m[39m
 [32mΓ£ô[39m src/services/__tests__/dye-service-wrapper.test.ts[2m > [22mDyeService Wrapper[2m > [22mgetInstance[2m > [22mshould create instance with dye database[32m 1[2mms[22m[39m
 [32mΓ£ô[39m src/services/__tests__/dye-service-wrapper.test.ts[2m > [22mDyeService Wrapper[2m > [22mgetInstance[2m > [22mshould create new instance after reset[32m 2[2mms[22m[39m
 [32mΓ£ô[39m src/services/__tests__/dye-service-wrapper.test.ts[2m > [22mDyeService Wrapper[2m > [22mresetInstance[2m > [22mshould reset the singleton to null[32m 1[2mms[22m[39m
 [32mΓ£ô[39m src/services/__tests__/dye-service-wrapper.test.ts[2m > [22mDyeService Wrapper[2m > [22mresetInstance[2m > [22mshould allow re-initialization[32m 1[2mms[22m[39m
 [32mΓ£ô[39m src/services/__tests__/dye-service-wrapper.test.ts[2m > [22mDyeService Wrapper[2m > [22minstance methods[2m > [22mshould have getAllDyes method that returns dye array[32m 1[2mms[22m[39m
 [32mΓ£ô[39m src/services/__tests__/dye-service-wrapper.test.ts[2m > [22mDyeService Wrapper[2m > [22minstance methods[2m > [22mshould have getDyeById method[32m 1[2mms[22m[39m
 [32mΓ£ô[39m src/services/__tests__/dye-service-wrapper.test.ts[2m > [22mDyeService Wrapper[2m > [22minstance methods[2m > [22mshould return null for non-existent dye[32m 0[2mms[22m[39m
 [32mΓ£ô[39m src/services/__tests__/dye-service-wrapper.test.ts[2m > [22mDyeService Wrapper[2m > [22minstance methods[2m > [22mshould have searchByName method[32m 1[2mms[22m[39m
 [32mΓ£ô[39m src/services/__tests__/dye-service-wrapper.test.ts[2m > [22mDyeService Wrapper[2m > [22minstance methods[2m > [22mshould have findClosestDye method[32m 1[2mms[22m[39m
 [32mΓ£ô[39m src/services/__tests__/dye-service-wrapper.test.ts[2m > [22mdyeService export[2m > [22mshould export a singleton instance[32m 0[2mms[22m[39m
 [32mΓ£ô[39m src/services/__tests__/dye-service-wrapper.test.ts[2m > [22mdyeService export[2m > [22mshould have core DyeService methods[32m 0[2mms[22m[39m
 [32mΓ£ô[39m src/services/__tests__/dye-service-wrapper.test.ts[2m > [22mDyeService integration[2m > [22mshould maintain singleton across multiple imports[32m 0[2mms[22m[39m
 [32mΓ£ô[39m src/services/__tests__/dye-service-wrapper.test.ts[2m > [22mDyeService integration[2m > [22mshould work correctly after reset and re-get[32m 1[2mms[22m[39m
 [32mΓ£ô[39m src/services/__tests__/dye-service-wrapper.test.ts[2m > [22mDyeService integration[2m > [22mshould return 136 dyes total[32m 0[2mms[22m[39m
[90mstdout[2m | src/services/__tests__/dye-service.test.ts[2m > [22m[2mDyeService[2m > [22m[2mgetAllDyes[2m > [22m[2mshould return copy of dye array
[22m[39mΓ£à Dye database loaded: 136 dyes

[90mstdout[2m | src/services/__tests__/dye-service.test.ts[2m > [22m[2mDyeService[2m > [22m[2mgetDyeById[2m > [22m[2mshould return null for non-existent dye
[22m[39mΓ£à Dye database loaded: 136 dyes

[90mstdout[2m | src/services/__tests__/dye-service.test.ts[2m > [22m[2mDyeService[2m > [22m[2misLoadedStatus[2m > [22m[2mshould indicate database status
[22m[39mΓ£à Dye database loaded: 136 dyes

[90mstdout[2m | src/services/__tests__/dye-service.test.ts[2m > [22m[2mDyeService[2m > [22m[2msearchByName[2m > [22m[2mshould return empty array for empty query
[22m[39mΓ£à Dye database loaded: 136 dyes

[90mstdout[2m | src/services/__tests__/dye-service.test.ts[2m > [22m[2mDyeService[2m > [22m[2msearchByName[2m > [22m[2mshould be case-insensitive
[22m[39mΓ£à Dye database loaded: 136 dyes

[90mstdout[2m | src/services/__tests__/dye-service.test.ts[2m > [22m[2mDyeService[2m > [22m[2msearchByName[2m > [22m[2mshould perform partial matching
[22m[39mΓ£à Dye database loaded: 136 dyes

[90mstdout[2m | src/services/__tests__/dye-service.test.ts[2m > [22m[2mDyeService[2m > [22m[2msearchByCategory[2m > [22m[2mshould filter by category
[22m[39mΓ£à Dye database loaded: 136 dyes

[90mstdout[2m | src/services/__tests__/dye-service.test.ts[2m > [22m[2mDyeService[2m > [22m[2msearchByCategory[2m > [22m[2mshould be case-sensitive for category
[22m[39mΓ£à Dye database loaded: 136 dyes

[90mstdout[2m | src/services/__tests__/dye-service.test.ts[2m > [22m[2mDyeService[2m > [22m[2mgetCategories[2m > [22m[2mshould return array of category names
[22m[39mΓ£à Dye database loaded: 136 dyes

[90mstdout[2m | src/services/__tests__/dye-service.test.ts[2m > [22m[2mDyeService[2m > [22m[2mgetCategories[2m > [22m[2mshould return sorted categories
[22m[39mΓ£à Dye database loaded: 136 dyes

[90mstdout[2m | src/services/__tests__/dye-service.test.ts[2m > [22m[2mDyeService[2m > [22m[2mfilterDyes[2m > [22m[2mshould filter by category
[22m[39mΓ£à Dye database loaded: 136 dyes

[90mstdout[2m | src/services/__tests__/dye-service.test.ts[2m > [22m[2mDyeService[2m > [22m[2mfilterDyes[2m > [22m[2mshould exclude specified dye IDs
[22m[39mΓ£à Dye database loaded: 136 dyes

[90mstdout[2m | src/services/__tests__/dye-service.test.ts[2m > [22m[2mDyeService[2m > [22m[2mfilterDyes[2m > [22m[2mshould filter by price range
[22m[39mΓ£à Dye database loaded: 136 dyes

[90mstdout[2m | src/services/__tests__/dye-service.test.ts[2m > [22m[2mDyeService[2m > [22m[2mfindClosestDye[2m > [22m[2mshould find closest dye to red
[22m[39mΓ£à Dye database loaded: 136 dyes

[90mstdout[2m | src/services/__tests__/dye-service.test.ts[2m > [22m[2mDyeService[2m > [22m[2mfindClosestDye[2m > [22m[2mshould exclude specified dyes
[22m[39mΓ£à Dye database loaded: 136 dyes

[90mstdout[2m | src/services/__tests__/dye-service.test.ts[2m > [22m[2mDyeService[2m > [22m[2mfindDyesWithinDistance[2m > [22m[2mshould return empty array for impossible distance
[22m[39mΓ£à Dye database loaded: 136 dyes

[90mstdout[2m | src/services/__tests__/dye-service.test.ts[2m > [22m[2mDyeService[2m > [22m[2mfindDyesWithinDistance[2m > [22m[2mshould respect limit parameter
[22m[39mΓ£à Dye database loaded: 136 dyes

[90mstdout[2m | src/services/__tests__/dye-service.test.ts[2m > [22m[2mDyeService[2m > [22m[2mgetDyesSortedByBrightness[2m > [22m[2mshould return sorted array
[22m[39mΓ£à Dye database loaded: 136 dyes

[90mstdout[2m | src/services/__tests__/dye-service.test.ts[2m > [22m[2mDyeService[2m > [22m[2mgetDyesSortedByBrightness[2m > [22m[2mshould support descending order
[22m[39mΓ£à Dye database loaded: 136 dyes

[90mstdout[2m | src/services/__tests__/dye-service.test.ts[2m > [22m[2mDyeService[2m > [22m[2mgetDyesSortedBySaturation[2m > [22m[2mshould sort by saturation
[22m[39mΓ£à Dye database loaded: 136 dyes

[90mstdout[2m | src/services/__tests__/dye-service.test.ts[2m > [22m[2mDyeService[2m > [22m[2mgetDyesSortedByHue[2m > [22m[2mshould sort by hue
[22m[39mΓ£à Dye database loaded: 136 dyes

[90mstdout[2m | src/services/__tests__/dye-service.test.ts[2m > [22m[2mDyeService[2m > [22m[2mfindComplementaryPair[2m > [22m[2mshould find complementary color
[22m[39mΓ£à Dye database loaded: 136 dyes

[90mstdout[2m | src/services/__tests__/dye-service.test.ts[2m > [22m[2mDyeService[2m > [22m[2mfindAnalogousDyes[2m > [22m[2mshould find analogous colors
[22m[39mΓ£à Dye database loaded: 136 dyes

[90mstdout[2m | src/services/__tests__/dye-service.test.ts[2m > [22m[2mDyeService[2m > [22m[2mfindAnalogousDyes[2m > [22m[2mshould respect angle parameter
[22m[39mΓ£à Dye database loaded: 136 dyes

[90mstdout[2m | src/services/__tests__/dye-service.test.ts[2m > [22m[2mDyeService[2m > [22m[2mfindTriadicDyes[2m > [22m[2mshould find triadic color scheme
[22m[39mΓ£à Dye database loaded: 136 dyes

[90mstdout[2m | src/services/__tests__/dye-service.test.ts[2m > [22m[2mDyeService[2m > [22m[2mFacewear exclusion (Phase 12.5 fix)[2m > [22m[2mshould exclude Facewear dyes from findClosestDye
[22m[39mΓ£à Dye database loaded: 136 dyes

[90mstdout[2m | src/services/__tests__/dye-service.test.ts[2m > [22m[2mDyeService[2m > [22m[2mFacewear exclusion (Phase 12.5 fix)[2m > [22m[2mshould find dyes matching red color
[22m[39mΓ£à Dye database loaded: 136 dyes

[90mstdout[2m | src/services/__tests__/dye-service.test.ts[2m > [22m[2mDyeService[2m > [22m[2mTriadic harmony (Phase 12.5 fix)[2m > [22m[2mshould return triadic colors for input
[22m[39mΓ£à Dye database loaded: 136 dyes

[90mstdout[2m | src/services/__tests__/dye-service.test.ts[2m > [22m[2mDyeService[2m > [22m[2mTriadic harmony (Phase 12.5 fix)[2m > [22m[2mshould return up to 3 companion colors for triadic
[22m[39mΓ£à Dye database loaded: 136 dyes

[90mstdout[2m | src/services/__tests__/dye-service.test.ts[2m > [22m[2mDyeService[2m > [22m[2mHarmony suggestion limiting (Phase 12.5 fix)[2m > [22m[2mshould respect result limiting in filterDyes
[22m[39mΓ£à Dye database loaded: 136 dyes

[90mstdout[2m | src/services/__tests__/dye-service.test.ts[2m > [22m[2mDyeService[2m > [22m[2merror handling[2m > [22m[2mshould throw error when database not loaded
[22m[39mΓ£à Dye database loaded: 136 dyes

 [32mΓ£ô[39m src/services/__tests__/dye-service.test.ts[2m > [22mDyeService[2m > [22mgetInstance[2m > [22mshould return singleton instance[32m 4[2mms[22m[39m
 [32mΓ£ô[39m src/services/__tests__/dye-service.test.ts[2m > [22mDyeService[2m > [22mgetInstance[2m > [22mshould initialize with dye database loaded[32m 1[2mms[22m[39m
 [32mΓ£ô[39m src/services/__tests__/dye-service.test.ts[2m > [22mDyeService[2m > [22mgetAllDyes[2m > [22mshould return array of dyes[32m 2[2mms[22m[39m
 [32mΓ£ô[39m src/services/__tests__/dye-service.test.ts[2m > [22mDyeService[2m > [22mgetAllDyes[2m > [22mshould return copy of dye array[32m 4[2mms[22m[39m
 [32mΓ£ô[39m src/services/__tests__/dye-service.test.ts[2m > [22mDyeService[2m > [22mgetDyeById[2m > [22mshould return null for non-existent dye[32m 1[2mms[22m[39m
 [32mΓ£ô[39m src/services/__tests__/dye-service.test.ts[2m > [22mDyeService[2m > [22misLoadedStatus[2m > [22mshould indicate database status[32m 2[2mms[22m[39m
 [32mΓ£ô[39m src/services/__tests__/dye-service.test.ts[2m > [22mDyeService[2m > [22msearchByName[2m > [22mshould return empty array for empty query[32m 1[2mms[22m[39m
 [32mΓ£ô[39m src/services/__tests__/dye-service.test.ts[2m > [22mDyeService[2m > [22msearchByName[2m > [22mshould be case-insensitive[32m 1[2mms[22m[39m
 [32mΓ£ô[39m src/services/__tests__/dye-service.test.ts[2m > [22mDyeService[2m > [22msearchByName[2m > [22mshould perform partial matching[32m 1[2mms[22m[39m
 [32mΓ£ô[39m src/services/__tests__/dye-service.test.ts[2m > [22mDyeService[2m > [22msearchByCategory[2m > [22mshould filter by category[32m 1[2mms[22m[39m
 [32mΓ£ô[39m src/services/__tests__/dye-service.test.ts[2m > [22mDyeService[2m > [22msearchByCategory[2m > [22mshould be case-sensitive for category[32m 1[2mms[22m[39m
 [32mΓ£ô[39m src/services/__tests__/dye-service.test.ts[2m > [22mDyeService[2m > [22mgetCategories[2m > [22mshould return array of category names[32m 1[2mms[22m[39m
 [32mΓ£ô[39m src/services/__tests__/dye-service.test.ts[2m > [22mDyeService[2m > [22mgetCategories[2m > [22mshould return sorted categories[32m 1[2mms[22m[39m
 [32mΓ£ô[39m src/services/__tests__/dye-service.test.ts[2m > [22mDyeService[2m > [22mfilterDyes[2m > [22mshould filter by category[32m 1[2mms[22m[39m
 [32mΓ£ô[39m src/services/__tests__/dye-service.test.ts[2m > [22mDyeService[2m > [22mfilterDyes[2m > [22mshould exclude specified dye IDs[32m 1[2mms[22m[39m
 [32mΓ£ô[39m src/services/__tests__/dye-service.test.ts[2m > [22mDyeService[2m > [22mfilterDyes[2m > [22mshould filter by price range[32m 0[2mms[22m[39m
 [32mΓ£ô[39m src/services/__tests__/dye-service.test.ts[2m > [22mDyeService[2m > [22mfindClosestDye[2m > [22mshould find closest dye to red[32m 1[2mms[22m[39m
 [32mΓ£ô[39m src/services/__tests__/dye-service.test.ts[2m > [22mDyeService[2m > [22mfindClosestDye[2m > [22mshould exclude specified dyes[32m 1[2mms[22m[39m
 [32mΓ£ô[39m src/services/__tests__/dye-service.test.ts[2m > [22mDyeService[2m > [22mfindDyesWithinDistance[2m > [22mshould return empty array for impossible distance[32m 1[2mms[22m[39m
 [32mΓ£ô[39m src/services/__tests__/dye-service.test.ts[2m > [22mDyeService[2m > [22mfindDyesWithinDistance[2m > [22mshould respect limit parameter[32m 1[2mms[22m[39m
 [32mΓ£ô[39m src/services/__tests__/dye-service.test.ts[2m > [22mDyeService[2m > [22mgetDyesSortedByBrightness[2m > [22mshould return sorted array[32m 6[2mms[22m[39m
 [32mΓ£ô[39m src/services/__tests__/dye-service.test.ts[2m > [22mDyeService[2m > [22mgetDyesSortedByBrightness[2m > [22mshould support descending order[32m 1[2mms[22m[39m
 [32mΓ£ô[39m src/services/__tests__/dye-service.test.ts[2m > [22mDyeService[2m > [22mgetDyesSortedBySaturation[2m > [22mshould sort by saturation[32m 8[2mms[22m[39m
 [32mΓ£ô[39m src/services/__tests__/dye-service.test.ts[2m > [22mDyeService[2m > [22mgetDyesSortedByHue[2m > [22mshould sort by hue[32m 4[2mms[22m[39m
 [32mΓ£ô[39m src/services/__tests__/dye-service.test.ts[2m > [22mDyeService[2m > [22mfindComplementaryPair[2m > [22mshould find complementary color[32m 1[2mms[22m[39m
 [32mΓ£ô[39m src/services/__tests__/dye-service.test.ts[2m > [22mDyeService[2m > [22mfindAnalogousDyes[2m > [22mshould find analogous colors[32m 1[2mms[22m[39m
 [32mΓ£ô[39m src/services/__tests__/dye-service.test.ts[2m > [22mDyeService[2m > [22mfindAnalogousDyes[2m > [22mshould respect angle parameter[32m 0[2mms[22m[39m
 [32mΓ£ô[39m src/services/__tests__/dye-service.test.ts[2m > [22mDyeService[2m > [22mfindTriadicDyes[2m > [22mshould find triadic color scheme[32m 1[2mms[22m[39m
 [32mΓ£ô[39m src/services/__tests__/dye-service.test.ts[2m > [22mDyeService[2m > [22mFacewear exclusion (Phase 12.5 fix)[2m > [22mshould exclude Facewear dyes from findClosestDye[32m 1[2mms[22m[39m
 [32mΓ£ô[39m src/services/__tests__/dye-service.test.ts[2m > [22mDyeService[2m > [22mFacewear exclusion (Phase 12.5 fix)[2m > [22mshould find dyes matching red color[32m 1[2mms[22m[39m
 [32mΓ£ô[39m src/services/__tests__/dye-service.test.ts[2m > [22mDyeService[2m > [22mTriadic harmony (Phase 12.5 fix)[2m > [22mshould return triadic colors for input[32m 1[2mms[22m[39m
 [32mΓ£ô[39m src/services/__tests__/dye-service.test.ts[2m > [22mDyeService[2m > [22mTriadic harmony (Phase 12.5 fix)[2m > [22mshould return up to 3 companion colors for triadic[32m 1[2mms[22m[39m
 [32mΓ£ô[39m src/services/__tests__/dye-service.test.ts[2m > [22mDyeService[2m > [22mHarmony suggestion limiting (Phase 12.5 fix)[2m > [22mshould respect result limiting in filterDyes[32m 0[2mms[22m[39m
 [32mΓ£ô[39m src/services/__tests__/dye-service.test.ts[2m > [22mDyeService[2m > [22merror handling[2m > [22mshould throw error when database not loaded[32m 1[2mms[22m[39m
 [32mΓ£ô[39m src/services/__tests__/theme-service.test.ts[2m > [22mThemeService Integration[2m > [22mInitialization[2m > [22mshould initialize with default theme[32m 3[2mms[22m[39m
 [32mΓ£ô[39m src/services/__tests__/theme-service.test.ts[2m > [22mThemeService Integration[2m > [22mInitialization[2m > [22mshould load saved theme from storage[32m 1[2mms[22m[39m
 [32mΓ£ô[39m src/services/__tests__/theme-service.test.ts[2m > [22mThemeService Integration[2m > [22mInitialization[2m > [22mshould have a valid theme object[32m 1[2mms[22m[39m
 [32mΓ£ô[39m src/services/__tests__/theme-service.test.ts[2m > [22mThemeService Integration[2m > [22mTheme Selection[2m > [22mshould support all 11 theme variants[32m 1[2mms[22m[39m
 [32mΓ£ô[39m src/services/__tests__/theme-service.test.ts[2m > [22mThemeService Integration[2m > [22mTheme Selection[2m > [22mshould switch between light and dark themes[32m 2[2mms[22m[39m
 [32mΓ£ô[39m src/services/__tests__/theme-service.test.ts[2m > [22mThemeService Integration[2m > [22mTheme Selection[2m > [22mshould toggle dark mode[32m 2[2mms[22m[39m
 [32mΓ£ô[39m src/services/__tests__/theme-service.test.ts[2m > [22mThemeService Integration[2m > [22mTheme Selection[2m > [22mshould validate theme names[32m 2[2mms[22m[39m
 [32mΓ£ô[39m src/services/__tests__/theme-service.test.ts[2m > [22mThemeService Integration[2m > [22mTheme Selection[2m > [22mshould reset to default theme[32m 2[2mms[22m[39m
 [32mΓ£ô[39m src/services/__tests__/theme-service.test.ts[2m > [22mThemeService Integration[2m > [22mTheme Variants[2m > [22mshould get light variant of a theme[32m 1[2mms[22m[39m
 [32mΓ£ô[39m src/services/__tests__/theme-service.test.ts[2m > [22mThemeService Integration[2m > [22mTheme Variants[2m > [22mshould get dark variant of a theme[32m 0[2mms[22m[39m
 [32mΓ£ô[39m src/services/__tests__/theme-service.test.ts[2m > [22mThemeService Integration[2m > [22mTheme Variants[2m > [22mshould get theme variants by base name[32m 1[2mms[22m[39m
 [32mΓ£ô[39m src/services/__tests__/theme-service.test.ts[2m > [22mThemeService Integration[2m > [22mTheme Variants[2m > [22mshould identify dark mode correctly[32m 1[2mms[22m[39m
 [32mΓ£ô[39m src/services/__tests__/theme-service.test.ts[2m > [22mThemeService Integration[2m > [22mTheme Palettes and Colors[2m > [22mshould provide complete palette with all required colors[32m 1[2mms[22m[39m
 [32mΓ£ô[39m src/services/__tests__/theme-service.test.ts[2m > [22mThemeService Integration[2m > [22mTheme Palettes and Colors[2m > [22mshould get color from current theme palette[32m 1[2mms[22m[39m
 [32mΓ£ô[39m src/services/__tests__/theme-service.test.ts[2m > [22mThemeService Integration[2m > [22mTheme Palettes and Colors[2m > [22mshould have valid hex colors in all palettes[32m 3[2mms[22m[39m
 [32mΓ£ô[39m src/services/__tests__/theme-service.test.ts[2m > [22mThemeService Integration[2m > [22mTheme Palettes and Colors[2m > [22mshould distinguish light and dark theme backgrounds[32m 2[2mms[22m[39m
 [32mΓ£ô[39m src/services/__tests__/theme-service.test.ts[2m > [22mThemeService Integration[2m > [22mTheme Persistence[2m > [22mshould persist theme selection in storage[32m 1[2mms[22m[39m
 [32mΓ£ô[39m src/services/__tests__/theme-service.test.ts[2m > [22mThemeService Integration[2m > [22mTheme Persistence[2m > [22mshould maintain theme selection across calls[32m 1[2mms[22m[39m
 [32mΓ£ô[39m src/services/__tests__/theme-service.test.ts[2m > [22mThemeService Integration[2m > [22mTheme Persistence[2m > [22mshould fall back to default if storage is invalid[32m 1[2mms[22m[39m
 [32mΓ£ô[39m src/services/__tests__/theme-service.test.ts[2m > [22mThemeService Integration[2m > [22mTheme Change Subscriptions[2m > [22mshould notify subscribers when theme changes[32m 1[2mms[22m[39m
 [32mΓ£ô[39m src/services/__tests__/theme-service.test.ts[2m > [22mThemeService Integration[2m > [22mTheme Change Subscriptions[2m > [22mshould allow multiple subscribers[32m 1[2mms[22m[39m
 [32mΓ£ô[39m src/services/__tests__/theme-service.test.ts[2m > [22mThemeService Integration[2m > [22mTheme Change Subscriptions[2m > [22mshould unsubscribe properly[32m 1[2mms[22m[39m
 [32mΓ£ô[39m src/services/__tests__/theme-service.test.ts[2m > [22mThemeService Integration[2m > [22mDOM Integration[2m > [22mshould apply theme class to document element[32m 1[2mms[22m[39m
 [32mΓ£ô[39m src/services/__tests__/theme-service.test.ts[2m > [22mThemeService Integration[2m > [22mDOM Integration[2m > [22mshould set CSS custom properties[32m 1[2mms[22m[39m
 [32mΓ£ô[39m src/services/__tests__/theme-service.test.ts[2m > [22mThemeService Integration[2m > [22mDOM Integration[2m > [22mshould remove old theme classes when switching[32m 1[2mms[22m[39m
 [32mΓ£ô[39m src/services/__tests__/theme-service.test.ts[2m > [22mThemeService Integration[2m > [22mAll 9 Theme Coverage[2m > [22mshould support standard-light theme[32m 1[2mms[22m[39m
 [32mΓ£ô[39m src/services/__tests__/theme-service.test.ts[2m > [22mThemeService Integration[2m > [22mAll 9 Theme Coverage[2m > [22mshould provide valid palette for standard-light[32m 1[2mms[22m[39m
 [32mΓ£ô[39m src/services/__tests__/theme-service.test.ts[2m > [22mThemeService Integration[2m > [22mAll 9 Theme Coverage[2m > [22mshould support standard-dark theme[32m 1[2mms[22m[39m
 [32mΓ£ô[39m src/services/__tests__/theme-service.test.ts[2m > [22mThemeService Integration[2m > [22mAll 9 Theme Coverage[2m > [22mshould provide valid palette for standard-dark[32m 1[2mms[22m[39m
 [32mΓ£ô[39m src/services/__tests__/theme-service.test.ts[2m > [22mThemeService Integration[2m > [22mAll 9 Theme Coverage[2m > [22mshould support hydaelyn-light theme[32m 1[2mms[22m[39m
 [32mΓ£ô[39m src/services/__tests__/theme-service.test.ts[2m > [22mThemeService Integration[2m > [22mAll 9 Theme Coverage[2m > [22mshould provide valid palette for hydaelyn-light[32m 1[2mms[22m[39m
 [32mΓ£ô[39m src/services/__tests__/theme-service.test.ts[2m > [22mThemeService Integration[2m > [22mAll 9 Theme Coverage[2m > [22mshould support og-classic-dark theme[32m 1[2mms[22m[39m
 [32mΓ£ô[39m src/services/__tests__/theme-service.test.ts[2m > [22mThemeService Integration[2m > [22mAll 9 Theme Coverage[2m > [22mshould provide valid palette for og-classic-dark[32m 1[2mms[22m[39m
 [32mΓ£ô[39m src/services/__tests__/theme-service.test.ts[2m > [22mThemeService Integration[2m > [22mAll 9 Theme Coverage[2m > [22mshould support parchment-light theme[32m 1[2mms[22m[39m
 [32mΓ£ô[39m src/services/__tests__/theme-service.test.ts[2m > [22mThemeService Integration[2m > [22mAll 9 Theme Coverage[2m > [22mshould provide valid palette for parchment-light[32m 1[2mms[22m[39m
 [32mΓ£ô[39m src/services/__tests__/theme-service.test.ts[2m > [22mThemeService Integration[2m > [22mAll 9 Theme Coverage[2m > [22mshould support cotton-candy theme[32m 1[2mms[22m[39m
 [32mΓ£ô[39m src/services/__tests__/theme-service.test.ts[2m > [22mThemeService Integration[2m > [22mAll 9 Theme Coverage[2m > [22mshould provide valid palette for cotton-candy[32m 1[2mms[22m[39m
 [32mΓ£ô[39m src/services/__tests__/theme-service.test.ts[2m > [22mThemeService Integration[2m > [22mAll 9 Theme Coverage[2m > [22mshould support sugar-riot theme[32m 1[2mms[22m[39m
 [32mΓ£ô[39m src/services/__tests__/theme-service.test.ts[2m > [22mThemeService Integration[2m > [22mAll 9 Theme Coverage[2m > [22mshould provide valid palette for sugar-riot[32m 1[2mms[22m[39m
 [32mΓ£ô[39m src/services/__tests__/theme-service.test.ts[2m > [22mThemeService Integration[2m > [22mAll 9 Theme Coverage[2m > [22mshould support grayscale-light theme[32m 1[2mms[22m[39m
 [32mΓ£ô[39m src/services/__tests__/theme-service.test.ts[2m > [22mThemeService Integration[2m > [22mAll 9 Theme Coverage[2m > [22mshould provide valid palette for grayscale-light[32m 2[2mms[22m[39m
 [32mΓ£ô[39m src/services/__tests__/theme-service.test.ts[2m > [22mThemeService Integration[2m > [22mAll 9 Theme Coverage[2m > [22mshould support grayscale-dark theme[32m 1[2mms[22m[39m
 [32mΓ£ô[39m src/services/__tests__/theme-service.test.ts[2m > [22mThemeService Integration[2m > [22mAll 9 Theme Coverage[2m > [22mshould provide valid palette for grayscale-dark[32m 1[2mms[22m[39m
 [32mΓ£ô[39m src/services/__tests__/color-service.test.ts[2m > [22mColorService[2m > [22mhexToRgb[2m > [22mshould convert standard hex color to RGB[32m 3[2mms[22m[39m
 [32mΓ£ô[39m src/services/__tests__/color-service.test.ts[2m > [22mColorService[2m > [22mhexToRgb[2m > [22mshould convert shorthand hex to RGB[32m 0[2mms[22m[39m
 [32mΓ£ô[39m src/services/__tests__/color-service.test.ts[2m > [22mColorService[2m > [22mhexToRgb[2m > [22mshould handle lowercase hex[32m 0[2mms[22m[39m
 [32mΓ£ô[39m src/services/__tests__/color-service.test.ts[2m > [22mColorService[2m > [22mhexToRgb[2m > [22mshould convert white color[32m 0[2mms[22m[39m
 [32mΓ£ô[39m src/services/__tests__/color-service.test.ts[2m > [22mColorService[2m > [22mhexToRgb[2m > [22mshould convert black color[32m 1[2mms[22m[39m
 [32mΓ£ô[39m src/services/__tests__/color-service.test.ts[2m > [22mColorService[2m > [22mhexToRgb[2m > [22mshould throw error for invalid hex[32m 2[2mms[22m[39m
 [32mΓ£ô[39m src/services/__tests__/color-service.test.ts[2m > [22mColorService[2m > [22mrgbToHex[2m > [22mshould convert RGB to hex[32m 1[2mms[22m[39m
 [32mΓ£ô[39m src/services/__tests__/color-service.test.ts[2m > [22mColorService[2m > [22mrgbToHex[2m > [22mshould handle leading zeros in hex[32m 1[2mms[22m[39m
 [32mΓ£ô[39m src/services/__tests__/color-service.test.ts[2m > [22mColorService[2m > [22mrgbToHex[2m > [22mshould throw error for invalid RGB values[32m 1[2mms[22m[39m
 [32mΓ£ô[39m src/services/__tests__/color-service.test.ts[2m > [22mColorService[2m > [22mrgbToHsv[2m > [22mshould convert red to HSV[32m 1[2mms[22m[39m
 [32mΓ£ô[39m src/services/__tests__/color-service.test.ts[2m > [22mColorService[2m > [22mrgbToHsv[2m > [22mshould convert green to HSV[32m 0[2mms[22m[39m
 [32mΓ£ô[39m src/services/__tests__/color-service.test.ts[2m > [22mColorService[2m > [22mrgbToHsv[2m > [22mshould convert grayscale to zero saturation[32m 0[2mms[22m[39m
 [32mΓ£ô[39m src/services/__tests__/color-service.test.ts[2m > [22mColorService[2m > [22mrgbToHsv[2m > [22mshould convert black to HSV[32m 0[2mms[22m[39m
 [32mΓ£ô[39m src/services/__tests__/color-service.test.ts[2m > [22mColorService[2m > [22mhsvToRgb[2m > [22mshould convert red HSV to RGB[32m 1[2mms[22m[39m
 [32mΓ£ô[39m src/services/__tests__/color-service.test.ts[2m > [22mColorService[2m > [22mhsvToRgb[2m > [22mshould convert green HSV to RGB[32m 0[2mms[22m[39m
 [32mΓ£ô[39m src/services/__tests__/color-service.test.ts[2m > [22mColorService[2m > [22mhsvToRgb[2m > [22mshould handle invalid HSV values[32m 0[2mms[22m[39m
 [32mΓ£ô[39m src/services/__tests__/color-service.test.ts[2m > [22mColorService[2m > [22mgetColorDistance[2m > [22mshould return 0 for identical colors[32m 0[2mms[22m[39m
 [32mΓ£ô[39m src/services/__tests__/color-service.test.ts[2m > [22mColorService[2m > [22mgetColorDistance[2m > [22mshould calculate distance between red and blue[32m 0[2mms[22m[39m
 [32mΓ£ô[39m src/services/__tests__/color-service.test.ts[2m > [22mColorService[2m > [22mgetColorDistance[2m > [22mshould calculate distance between white and black[32m 0[2mms[22m[39m
 [32mΓ£ô[39m src/services/__tests__/color-service.test.ts[2m > [22mColorService[2m > [22mgetColorDistance[2m > [22mshould be symmetric[32m 0[2mms[22m[39m
 [32mΓ£ô[39m src/services/__tests__/color-service.test.ts[2m > [22mColorService[2m > [22msimulateColorblindness[2m > [22mshould return same color for normal vision[32m 0[2mms[22m[39m
 [32mΓ£ô[39m src/services/__tests__/color-service.test.ts[2m > [22mColorService[2m > [22msimulateColorblindness[2m > [22mshould transform color for deuteranopia[32m 0[2mms[22m[39m
 [32mΓ£ô[39m src/services/__tests__/color-service.test.ts[2m > [22mColorService[2m > [22msimulateColorblindness[2m > [22mshould transform color for protanopia[32m 0[2mms[22m[39m
 [32mΓ£ô[39m src/services/__tests__/color-service.test.ts[2m > [22mColorService[2m > [22msimulateColorblindness[2m > [22mshould transform color for tritanopia[32m 0[2mms[22m[39m
 [32mΓ£ô[39m src/services/__tests__/color-service.test.ts[2m > [22mColorService[2m > [22msimulateColorblindness[2m > [22mshould desaturate color for achromatopsia[32m 1[2mms[22m[39m
 [32mΓ£ô[39m src/services/__tests__/color-service.test.ts[2m > [22mColorService[2m > [22mgetContrastRatio[2m > [22mshould return 21 for white on black[32m 1[2mms[22m[39m
 [32mΓ£ô[39m src/services/__tests__/color-service.test.ts[2m > [22mColorService[2m > [22mgetContrastRatio[2m > [22mshould return 1 for identical colors[32m 0[2mms[22m[39m
 [32mΓ£ô[39m src/services/__tests__/color-service.test.ts[2m > [22mColorService[2m > [22mgetContrastRatio[2m > [22mshould meet WCAG AA for high contrast[32m 0[2mms[22m[39m
 [32mΓ£ô[39m src/services/__tests__/color-service.test.ts[2m > [22mColorService[2m > [22mgetContrastRatio[2m > [22mshould not meet WCAG AA for low contrast[32m 0[2mms[22m[39m
 [32mΓ£ô[39m src/services/__tests__/color-service.test.ts[2m > [22mColorService[2m > [22madjustBrightness[2m > [22mshould increase brightness[32m 0[2mms[22m[39m
 [32mΓ£ô[39m src/services/__tests__/color-service.test.ts[2m > [22mColorService[2m > [22madjustBrightness[2m > [22mshould clamp brightness to valid range[32m 0[2mms[22m[39m
 [32mΓ£ô[39m src/services/__tests__/color-service.test.ts[2m > [22mColorService[2m > [22minvert[2m > [22mshould invert red to cyan[32m 0[2mms[22m[39m
 [32mΓ£ô[39m src/services/__tests__/color-service.test.ts[2m > [22mColorService[2m > [22minvert[2m > [22mshould invert white to black[32m 0[2mms[22m[39m
 [32mΓ£ô[39m src/services/__tests__/color-service.test.ts[2m > [22mColorService[2m > [22mdesaturate[2m > [22mshould convert color to grayscale[32m 0[2mms[22m[39m
 [32mΓ£ô[39m src/services/__tests__/color-service.test.ts[2m > [22mColorService[2m > [22misLightColor[2m > [22mshould identify white as light[32m 0[2mms[22m[39m
 [32mΓ£ô[39m src/services/__tests__/color-service.test.ts[2m > [22mColorService[2m > [22misLightColor[2m > [22mshould identify black as dark[32m 0[2mms[22m[39m
 [32mΓ£ô[39m src/services/__tests__/color-service.test.ts[2m > [22mColorService[2m > [22misLightColor[2m > [22mshould identify yellow as light[32m 0[2mms[22m[39m
 [32mΓ£ô[39m src/services/__tests__/color-service.test.ts[2m > [22mColorService[2m > [22mgetOptimalTextColor[2m > [22mshould return black text for light background[32m 0[2mms[22m[39m
 [32mΓ£ô[39m src/services/__tests__/color-service.test.ts[2m > [22mColorService[2m > [22mgetOptimalTextColor[2m > [22mshould return white text for dark background[32m 1[2mms[22m[39m
 [32mΓ£ô[39m src/shared/__tests__/error-handler.test.ts[2m > [22mErrorHandler[2m > [22mnormalize[2m > [22mshould return AppError unchanged[32m 2[2mms[22m[39m
 [32mΓ£ô[39m src/shared/__tests__/error-handler.test.ts[2m > [22mErrorHandler[2m > [22mnormalize[2m > [22mshould convert Error to AppError[32m 1[2mms[22m[39m
 [32mΓ£ô[39m src/shared/__tests__/error-handler.test.ts[2m > [22mErrorHandler[2m > [22mnormalize[2m > [22mshould convert string to AppError[32m 0[2mms[22m[39m
 [32mΓ£ô[39m src/shared/__tests__/error-handler.test.ts[2m > [22mErrorHandler[2m > [22mnormalize[2m > [22mshould handle unknown error types[32m 1[2mms[22m[39m
 [32mΓ£ô[39m src/shared/__tests__/error-handler.test.ts[2m > [22mErrorHandler[2m > [22mnormalize[2m > [22mshould handle null[32m 0[2mms[22m[39m
 [32mΓ£ô[39m src/shared/__tests__/error-handler.test.ts[2m > [22mErrorHandler[2m > [22mnormalize[2m > [22mshould handle undefined[32m 0[2mms[22m[39m
 [32mΓ£ô[39m src/shared/__tests__/error-handler.test.ts[2m > [22mErrorHandler[2m > [22mlog[2m > [22mshould log error severity to console[32m 0[2mms[22m[39m
 [32mΓ£ô[39m src/shared/__tests__/error-handler.test.ts[2m > [22mErrorHandler[2m > [22mlog[2m > [22mshould log critical severity to console[32m 0[2mms[22m[39m
 [32mΓ£ô[39m src/shared/__tests__/error-handler.test.ts[2m > [22mErrorHandler[2m > [22mlog[2m > [22mshould log warning severity to console[32m 0[2mms[22m[39m
 [32mΓ£ô[39m src/shared/__tests__/error-handler.test.ts[2m > [22mErrorHandler[2m > [22mlog[2m > [22mshould log info severity to console[32m 0[2mms[22m[39m
 [32mΓ£ô[39m src/shared/__tests__/error-handler.test.ts[2m > [22mErrorHandler[2m > [22mlog[2m > [22mshould normalize non-AppError before logging[32m 0[2mms[22m[39m
 [32mΓ£ô[39m src/shared/__tests__/error-handler.test.ts[2m > [22mErrorHandler[2m > [22mlog[2m > [22mshould return AppError[32m 0[2mms[22m[39m
 [32mΓ£ô[39m src/shared/__tests__/error-handler.test.ts[2m > [22mErrorHandler[2m > [22mcreateUserMessage[2m > [22mshould return user-friendly message for INVALID_HEX_COLOR[32m 0[2mms[22m[39m
 [32mΓ£ô[39m src/shared/__tests__/error-handler.test.ts[2m > [22mErrorHandler[2m > [22mcreateUserMessage[2m > [22mshould return user-friendly message for INVALID_RGB_VALUE[32m 0[2mms[22m[39m
 [32mΓ£ô[39m src/shared/__tests__/error-handler.test.ts[2m > [22mErrorHandler[2m > [22mcreateUserMessage[2m > [22mshould return user-friendly message for DYE_NOT_FOUND[32m 0[2mms[22m[39m
 [32mΓ£ô[39m src/shared/__tests__/error-handler.test.ts[2m > [22mErrorHandler[2m > [22mcreateUserMessage[2m > [22mshould return generic message for unknown error codes[32m 0[2mms[22m[39m
 [32mΓ£ô[39m src/shared/__tests__/error-handler.test.ts[2m > [22mErrorHandler[2m > [22mcreateUserMessage[2m > [22mshould normalize non-AppError before creating message[32m 0[2mms[22m[39m
 [32mΓ£ô[39m src/shared/__tests__/error-handler.test.ts[2m > [22mErrorHandler[2m > [22misCritical[2m > [22mshould return true for critical severity[32m 0[2mms[22m[39m
 [32mΓ£ô[39m src/shared/__tests__/error-handler.test.ts[2m > [22mErrorHandler[2m > [22misCritical[2m > [22mshould return false for non-critical severity[32m 0[2mms[22m[39m
 [32mΓ£ô[39m src/shared/__tests__/error-handler.test.ts[2m > [22mErrorHandler[2m > [22misCritical[2m > [22mshould return false for warning severity[32m 0[2mms[22m[39m
 [32mΓ£ô[39m src/shared/__tests__/error-handler.test.ts[2m > [22mErrorHandler[2m > [22misCritical[2m > [22mshould normalize non-AppError before checking[32m 0[2mms[22m[39m
 [32mΓ£ô[39m src/shared/__tests__/error-handler.test.ts[2m > [22mErrorHandler[2m > [22mreport[2m > [22mshould not throw without Sentry[32m 1[2mms[22m[39m
 [32mΓ£ô[39m src/shared/__tests__/error-handler.test.ts[2m > [22mErrorHandler[2m > [22mreport[2m > [22mshould call Sentry if available[32m 2[2mms[22m[39m
 [32mΓ£ô[39m src/shared/__tests__/error-handler.test.ts[2m > [22mErrorHandler[2m > [22mclear[2m > [22mshould not throw[32m 0[2mms[22m[39m
 [32mΓ£ô[39m src/shared/__tests__/error-handler.test.ts[2m > [22mwithErrorHandling[2m > [22mshould return function result on success[32m 0[2mms[22m[39m
 [32mΓ£ô[39m src/shared/__tests__/error-handler.test.ts[2m > [22mwithErrorHandling[2m > [22mshould return fallback on error[32m 0[2mms[22m[39m
 [32mΓ£ô[39m src/shared/__tests__/error-handler.test.ts[2m > [22mwithErrorHandling[2m > [22mshould return undefined on error without fallback[32m 0[2mms[22m[39m
 [32mΓ£ô[39m src/shared/__tests__/error-handler.test.ts[2m > [22mwithErrorHandling[2m > [22mshould log error[32m 0[2mms[22m[39m
 [32mΓ£ô[39m src/shared/__tests__/error-handler.test.ts[2m > [22mwithAsyncErrorHandling[2m > [22mshould return promise result on success[32m 0[2mms[22m[39m
 [32mΓ£ô[39m src/shared/__tests__/error-handler.test.ts[2m > [22mwithAsyncErrorHandling[2m > [22mshould return fallback on error[32m 0[2mms[22m[39m
 [32mΓ£ô[39m src/shared/__tests__/error-handler.test.ts[2m > [22mwithAsyncErrorHandling[2m > [22mshould return undefined on error without fallback[32m 0[2mms[22m[39m
 [32mΓ£ô[39m src/shared/__tests__/error-handler.test.ts[2m > [22mwithAsyncErrorHandling[2m > [22mshould log error[32m 0[2mms[22m[39m
 [32mΓ£ô[39m src/shared/__tests__/error-handler.test.ts[2m > [22mcreateResult[2m > [22mshould return ok result on success[32m 0[2mms[22m[39m
 [32mΓ£ô[39m src/shared/__tests__/error-handler.test.ts[2m > [22mcreateResult[2m > [22mshould return error result on failure[32m 0[2mms[22m[39m
 [32mΓ£ô[39m src/shared/__tests__/error-handler.test.ts[2m > [22mcreateAsyncResult[2m > [22mshould return ok result on success[32m 0[2mms[22m[39m
 [32mΓ£ô[39m src/shared/__tests__/error-handler.test.ts[2m > [22mcreateAsyncResult[2m > [22mshould return error result on failure[32m 0[2mms[22m[39m
 [32mΓ£ô[39m src/shared/__tests__/error-handler.test.ts[2m > [22mhandleError[2m > [22mshould return normalized AppError[32m 0[2mms[22m[39m
 [32mΓ£ô[39m src/shared/__tests__/error-handler.test.ts[2m > [22mhandleError[2m > [22mshould log with context[32m 2[2mms[22m[39m
 [32mΓ£ô[39m src/shared/__tests__/error-handler.test.ts[2m > [22mhandleError[2m > [22mshould not log without context[32m 0[2mms[22m[39m
 [32mΓ£ô[39m src/shared/__tests__/error-handler.test.ts[2m > [22mhandleAsyncError[2m > [22mshould return promise result on success[32m 0[2mms[22m[39m
 [32mΓ£ô[39m src/shared/__tests__/error-handler.test.ts[2m > [22mhandleAsyncError[2m > [22mshould return fallback on error[32m 0[2mms[22m[39m
 [32mΓ£ô[39m src/shared/__tests__/error-handler.test.ts[2m > [22mhandleAsyncError[2m > [22mshould return undefined without fallback[32m 0[2mms[22m[39m
 [32mΓ£ô[39m src/shared/__tests__/error-handler.test.ts[2m > [22mvalidateCondition[2m > [22mshould not throw when condition is true[32m 0[2mms[22m[39m
 [32mΓ£ô[39m src/shared/__tests__/error-handler.test.ts[2m > [22mvalidateCondition[2m > [22mshould throw AppError when condition is false[32m 0[2mms[22m[39m
 [32mΓ£ô[39m src/shared/__tests__/error-handler.test.ts[2m > [22mvalidateCondition[2m > [22mshould throw with correct error code[32m 0[2mms[22m[39m
 [32mΓ£ô[39m src/shared/__tests__/error-handler.test.ts[2m > [22mvalidateCondition[2m > [22mshould throw with correct severity[32m 0[2mms[22m[39m
 [32mΓ£ô[39m src/shared/__tests__/error-handler.test.ts[2m > [22mvalidateNotNull[2m > [22mshould return value when not null[32m 0[2mms[22m[39m
 [32mΓ£ô[39m src/shared/__tests__/error-handler.test.ts[2m > [22mvalidateNotNull[2m > [22mshould return value when falsy but not null/undefined[32m 0[2mms[22m[39m
 [32mΓ£ô[39m src/shared/__tests__/error-handler.test.ts[2m > [22mvalidateNotNull[2m > [22mshould throw when null[32m 0[2mms[22m[39m
 [32mΓ£ô[39m src/shared/__tests__/error-handler.test.ts[2m > [22mvalidateNotNull[2m > [22mshould throw when undefined[32m 0[2mms[22m[39m
 [32mΓ£ô[39m src/shared/__tests__/error-handler.test.ts[2m > [22mvalidateNotEmpty[2m > [22mshould return trimmed value when not empty[32m 0[2mms[22m[39m
 [32mΓ£ô[39m src/shared/__tests__/error-handler.test.ts[2m > [22mvalidateNotEmpty[2m > [22mshould throw when empty string[32m 0[2mms[22m[39m
 [32mΓ£ô[39m src/shared/__tests__/error-handler.test.ts[2m > [22mvalidateNotEmpty[2m > [22mshould throw when whitespace only[32m 0[2mms[22m[39m
 [32mΓ£ô[39m src/shared/__tests__/error-handler.test.ts[2m > [22mvalidateRange[2m > [22mshould return value when in range[32m 0[2mms[22m[39m
 [32mΓ£ô[39m src/shared/__tests__/error-handler.test.ts[2m > [22mvalidateRange[2m > [22mshould throw when below range[32m 0[2mms[22m[39m
 [32mΓ£ô[39m src/shared/__tests__/error-handler.test.ts[2m > [22mvalidateRange[2m > [22mshould throw when above range[32m 0[2mms[22m[39m
 [32mΓ£ô[39m src/services/__tests__/dye-selection-context.test.ts[2m > [22mDyeSelectionContext[2m > [22mshould store and retrieve selections[32m 2[2mms[22m[39m
 [32mΓ£ô[39m src/services/__tests__/dye-selection-context.test.ts[2m > [22mDyeSelectionContext[2m > [22mshould return empty array for unknown tool[32m 0[2mms[22m[39m
 [32mΓ£ô[39m src/services/__tests__/dye-selection-context.test.ts[2m > [22mDyeSelectionContext[2m > [22mshould notify subscribers when selection changes[32m 2[2mms[22m[39m
 [32mΓ£ô[39m src/services/__tests__/dye-selection-context.test.ts[2m > [22mDyeSelectionContext[2m > [22mshould unsubscribe correctly[32m 1[2mms[22m[39m
 [32mΓ£ô[39m src/services/__tests__/dye-selection-context.test.ts[2m > [22mDyeSelectionContext[2m > [22mshould copy selection from one tool to another[32m 1[2mms[22m[39m
 [32mΓ£ô[39m src/components/__tests__/dye-card-renderer.test.ts[2m > [22mDyeCardRenderer[2m > [22mRendering[2m > [22mshould render basic dye card[32m 23[2mms[22m[39m
 [32mΓ£ô[39m src/components/__tests__/dye-card-renderer.test.ts[2m > [22mDyeCardRenderer[2m > [22mRendering[2m > [22mshould render sampled color swatch[32m 8[2mms[22m[39m
 [32mΓ£ô[39m src/components/__tests__/dye-card-renderer.test.ts[2m > [22mDyeCardRenderer[2m > [22mRendering[2m > [22mshould render distance info[32m 2[2mms[22m[39m
 [32mΓ£ô[39m src/components/__tests__/dye-card-renderer.test.ts[2m > [22mDyeCardRenderer[2m > [22mRendering[2m > [22mshould render price when enabled[32m 2[2mms[22m[39m
 [32mΓ£ô[39m src/components/__tests__/dye-card-renderer.test.ts[2m > [22mDyeCardRenderer[2m > [22mRendering[2m > [22mshould render N/A price when missing data[32m 1[2mms[22m[39m
 [32mΓ£ô[39m src/components/__tests__/dye-card-renderer.test.ts[2m > [22mDyeCardRenderer[2m > [22mRendering[2m > [22mshould render extra info string[32m 1[2mms[22m[39m
 [32mΓ£ô[39m src/components/__tests__/dye-card-renderer.test.ts[2m > [22mDyeCardRenderer[2m > [22mRendering[2m > [22mshould render extra info element[32m 1[2mms[22m[39m
 [32mΓ£ô[39m src/components/__tests__/dye-card-renderer.test.ts[2m > [22mDyeCardRenderer[2m > [22mRendering[2m > [22mshould render actions[32m 2[2mms[22m[39m
 [32mΓ£ô[39m src/components/__tests__/dye-card-renderer.test.ts[2m > [22mDyeCardRenderer[2m > [22mEvents[2m > [22mshould handle hover events[32m 5[2mms[22m[39m
 [32mΓ£ô[39m src/components/__tests__/dye-card-renderer.test.ts[2m > [22mDyeCardRenderer[2m > [22mEvents[2m > [22mshould handle click events[32m 2[2mms[22m[39m
 [32mΓ£ô[39m src/components/__tests__/info-tooltip.test.ts[2m > [22mInfoTooltip[2m > [22mcreateInfoIcon[2m > [22mshould create an icon button[32m 6[2mms[22m[39m
 [32mΓ£ô[39m src/components/__tests__/info-tooltip.test.ts[2m > [22mInfoTooltip[2m > [22mcreateInfoIcon[2m > [22mshould attach tooltip via service[32m 3[2mms[22m[39m
 [32mΓ£ô[39m src/components/__tests__/info-tooltip.test.ts[2m > [22mInfoTooltip[2m > [22mcreateInfoIcon[2m > [22mshould use default aria-label if not provided[32m 1[2mms[22m[39m
 [32mΓ£ô[39m src/components/__tests__/info-tooltip.test.ts[2m > [22mInfoTooltip[2m > [22mcreateLabelWithInfo[2m > [22mshould create container with label and icon[32m 7[2mms[22m[39m
 [32mΓ£ô[39m src/components/__tests__/info-tooltip.test.ts[2m > [22mInfoTooltip[2m > [22maddInfoIconTo[2m > [22mshould append icon to element[32m 1[2mms[22m[39m
 [32mΓ£ô[39m src/components/__tests__/info-tooltip.test.ts[2m > [22mInfoTooltip[2m > [22mConstants[2m > [22mshould export TOOLTIP_CONTENT[32m 0[2mms[22m[39m
 [32mΓ£ô[39m src/components/__tests__/empty-state.test.ts[2m > [22mEmptyState[2m > [22mRendering[2m > [22mshould render basic empty state[32m 15[2mms[22m[39m
 [32mΓ£ô[39m src/components/__tests__/empty-state.test.ts[2m > [22mEmptyState[2m > [22mRendering[2m > [22mshould render SVG icon correctly[32m 5[2mms[22m[39m
 [32mΓ£ô[39m src/components/__tests__/empty-state.test.ts[2m > [22mEmptyState[2m > [22mRendering[2m > [22mshould render action buttons[32m 6[2mms[22m[39m
 [32mΓ£ô[39m src/components/__tests__/empty-state.test.ts[2m > [22mEmptyState[2m > [22mFactory Functions[2m > [22mcreateEmptyState should return initialized component[32m 2[2mms[22m[39m
 [32mΓ£ô[39m src/components/__tests__/empty-state.test.ts[2m > [22mEmptyState[2m > [22mFactory Functions[2m > [22mgetEmptyStateHTML should return HTML string[32m 0[2mms[22m[39m
 [32mΓ£ô[39m src/components/__tests__/empty-state.test.ts[2m > [22mEmptyState[2m > [22mFactory Functions[2m > [22mgetEmptyStateHTML should handle SVG icons[32m 0[2mms[22m[39m
 [32mΓ£ô[39m src/components/__tests__/empty-state.test.ts[2m > [22mEmptyState[2m > [22mFactory Functions[2m > [22mgetEmptyStateHTML should escape non-SVG icons[32m 0[2mms[22m[39m
 [32mΓ£ô[39m src/components/__tests__/empty-state.test.ts[2m > [22mEmptyState[2m > [22mPresets[2m > [22mshould have presets defined[32m 0[2mms[22m[39m
 [32mΓ£ô[39m src/components/__tests__/loading-spinner.test.ts[2m > [22mLoadingSpinner[2m > [22mInitialization[2m > [22mshould initialize with default options[32m 13[2mms[22m[39m
 [32mΓ£ô[39m src/components/__tests__/loading-spinner.test.ts[2m > [22mLoadingSpinner[2m > [22mInitialization[2m > [22mshould accept custom options[32m 4[2mms[22m[39m
 [32mΓ£ô[39m src/components/__tests__/loading-spinner.test.ts[2m > [22mLoadingSpinner[2m > [22mRendering[2m > [22mshould render spinner svg[32m 7[2mms[22m[39m
 [32mΓ£ô[39m src/components/__tests__/loading-spinner.test.ts[2m > [22mLoadingSpinner[2m > [22mRendering[2m > [22mshould render message when provided[32m 5[2mms[22m[39m
 [32mΓ£ô[39m src/components/__tests__/loading-spinner.test.ts[2m > [22mLoadingSpinner[2m > [22mRendering[2m > [22mshould render sr-only text when no message provided[32m 2[2mms[22m[39m
 [32mΓ£ô[39m src/components/__tests__/loading-spinner.test.ts[2m > [22mLoadingSpinner[2m > [22mRendering[2m > [22mshould apply size classes[32m 3[2mms[22m[39m
 [32mΓ£ô[39m src/components/__tests__/loading-spinner.test.ts[2m > [22mLoadingSpinner[2m > [22mUpdates[2m > [22mshould update message[32m 3[2mms[22m[39m
 [32mΓ£ô[39m src/components/__tests__/loading-spinner.test.ts[2m > [22mLoadingSpinner[2m > [22mUpdates[2m > [22mshould update size[32m 3[2mms[22m[39m
 [32mΓ£ô[39m src/components/__tests__/loading-spinner.test.ts[2m > [22mLoadingSpinner[2m > [22mFactory Functions[2m > [22mcreateInlineSpinner should create inline spinner[32m 2[2mms[22m[39m
 [32mΓ£ô[39m src/components/__tests__/loading-spinner.test.ts[2m > [22mLoadingSpinner[2m > [22mFactory Functions[2m > [22mcreateBlockSpinner should create block spinner[32m 1[2mms[22m[39m
 [32mΓ£ô[39m src/components/__tests__/loading-spinner.test.ts[2m > [22mLoadingSpinner[2m > [22mFactory Functions[2m > [22mgetSpinnerHTML should return HTML string[32m 0[2mms[22m[39m

[31mΓÄ»ΓÄ»ΓÄ»ΓÄ»ΓÄ»ΓÄ»[39m[1m[41m Failed Suites 1 [49m[22m[31mΓÄ»ΓÄ»ΓÄ»ΓÄ»ΓÄ»ΓÄ»ΓÄ»[39m

[41m[1m FAIL [22m[49m src/components/__tests__/shortcuts-panel.test.ts[2m [ 
src/components/__tests__/shortcuts-panel.test.ts ][22m
[31m[1mError[22m: [vitest] There was an error when mocking a module. If you are using "vi.mock" factory, make 
sure there are no top level variables inside, since this call is hoisted to top of the file. Read more: 
https://vitest.dev/api/vi.html#vi-mock[39m
[36m [2mΓ¥»[22m src/components/shortcuts-panel.ts:[2m10:1[22m[39m
    [90m  8| [39m */[39m
    [90m  9| [39m
    [90m 10| [39m[35mimport[39m { [33mModalService[39m } [35mfrom[39m 
[32m'@services/index'[39m[33m;[39m
    [90m   | [39m[31m^[39m
    [90m 11| [39m[35mimport[39m { [33mLanguageService[39m } [35mfrom[39m 
[32m'@services/index'[39m[33m;[39m
    [90m 12| [39m

[31m[1mCaused by: ReferenceError[22m: Cannot access 'mockShow' before initialization[39m
[36m [2mΓ¥»[22m src/components/__tests__/shortcuts-panel.test.ts:[2m14:11[22m[39m

[31m[2mΓÄ»ΓÄ»ΓÄ»ΓÄ»ΓÄ»ΓÄ»ΓÄ»ΓÄ»ΓÄ»ΓÄ»ΓÄ»ΓÄ»ΓÄ»ΓÄ»ΓÄ»ΓÄ»ΓÄ»ΓÄ»ΓÄ»ΓÄ»ΓÄ»ΓÄ»ΓÄ»[1/83]ΓÄ»[22m[39m


[31mΓÄ»ΓÄ»ΓÄ»ΓÄ»ΓÄ»ΓÄ»[39m[1m[41m Failed Tests 82 [49m[22m[31mΓÄ»ΓÄ»ΓÄ»ΓÄ»ΓÄ»ΓÄ»ΓÄ»[39m

[41m[1m FAIL [22m[49m src/components/__tests__/app-layout.test.ts[2m > [22mAppLayout[2m > [22mEdge 
Cases[2m > [22mshould handle multiple init calls gracefully
[31m[1mAssertionError[22m: expected "warn" to be called with arguments: [ 'Component already initialized' 
][90m

Number of calls: [1m0[22m
[31m[39m
[36m [2mΓ¥»[22m src/components/__tests__/app-layout.test.ts:[2m685:26[22m[39m
    [90m683| [39m      component[33m.[39m[34minit[39m()[33m;[39m
    [90m684| [39m
    [90m685| [39m      expect(consoleSpy).toHaveBeenCalledWith('Component already initiΓÇª
    [90m   | [39m                         [31m^[39m
    [90m686| [39m      consoleSpy[33m.[39m[34mmockRestore[39m()[33m;[39m
    [90m687| [39m    })[33m;[39m

[31m[2mΓÄ»ΓÄ»ΓÄ»ΓÄ»ΓÄ»ΓÄ»ΓÄ»ΓÄ»ΓÄ»ΓÄ»ΓÄ»ΓÄ»ΓÄ»ΓÄ»ΓÄ»ΓÄ»ΓÄ»ΓÄ»ΓÄ»ΓÄ»ΓÄ»ΓÄ»ΓÄ»[2/83]ΓÄ»[22m[39m

[41m[1m FAIL [22m[49m src/components/__tests__/base-component.test.ts[2m > [22mBaseComponent[2m > 
[22mLifecycle[2m > [22mshould not double-initialize component
[31m[1mAssertionError[22m: expected "warn" to be called with arguments: [ 'Component already initialized' 
][90m

Number of calls: [1m0[22m
[31m[39m
[36m [2mΓ¥»[22m src/components/__tests__/base-component.test.ts:[2m132:26[22m[39m
    [90m130| [39m
    [90m131| [39m      [34mexpect[39m(component[33m.[39m[34mgetRenderCount[39m())[33m.[39m[34mtoBe[39
m(firstRenderCount)[33m;[39m
    [90m132| [39m      expect(consoleSpy).toHaveBeenCalledWith('Component already initiΓÇª
    [90m   | [39m                         [31m^[39m
    [90m133| [39m      consoleSpy[33m.[39m[34mmockRestore[39m()[33m;[39m
    [90m134| [39m    })[33m;[39m

[31m[2mΓÄ»ΓÄ»ΓÄ»ΓÄ»ΓÄ»ΓÄ»ΓÄ»ΓÄ»ΓÄ»ΓÄ»ΓÄ»ΓÄ»ΓÄ»ΓÄ»ΓÄ»ΓÄ»ΓÄ»ΓÄ»ΓÄ»ΓÄ»ΓÄ»ΓÄ»ΓÄ»[3/83]ΓÄ»[22m[39m

[41m[1m FAIL [22m[49m src/components/__tests__/base-component.test.ts[2m > [22mBaseComponent[2m > 
[22mLifecycle[2m > [22mshould warn when update() called before init()
[31m[1mAssertionError[22m: expected "warn" to be called with arguments: [ 'Component not initialized' ][90m

Number of calls: [1m0[22m
[31m[39m
[36m [2mΓ¥»[22m src/components/__tests__/base-component.test.ts:[2m174:26[22m[39m
    [90m172| [39m      component[33m.[39m[34mupdate[39m()[33m;[39m
    [90m173| [39m
    [90m174| [39m      expect(consoleSpy).toHaveBeenCalledWith('Component not initializΓÇª
    [90m   | [39m                         [31m^[39m
    [90m175| [39m      consoleSpy[33m.[39m[34mmockRestore[39m()[33m;[39m
    [90m176| [39m    })[33m;[39m

[31m[2mΓÄ»ΓÄ»ΓÄ»ΓÄ»ΓÄ»ΓÄ»ΓÄ»ΓÄ»ΓÄ»ΓÄ»ΓÄ»ΓÄ»ΓÄ»ΓÄ»ΓÄ»ΓÄ»ΓÄ»ΓÄ»ΓÄ»ΓÄ»ΓÄ»ΓÄ»ΓÄ»[4/83]ΓÄ»[22m[39m

[41m[1m FAIL [22m[49m src/components/__tests__/base-component.test.ts[2m > [22mBaseComponent[2m > 
[22mDebug Utilities[2m > [22mshould log debug info
[31m[1mAssertionError[22m: expected "info" to be called with arguments: [ StringContaining{ΓÇª} ][90m

Number of calls: [1m0[22m
[31m[39m
[36m [2mΓ¥»[22m src/components/__tests__/base-component.test.ts:[2m530:26[22m[39m
    [90m528| [39m      component[33m.[39m[34mdebug[39m()[33m;[39m
    [90m529| [39m
    [90m530| [39m      expect(consoleSpy).toHaveBeenCalledWith(expect.stringContaining(ΓÇª
    [90m   | [39m                         [31m^[39m
    [90m531| [39m      consoleSpy[33m.[39m[34mmockRestore[39m()[33m;[39m
    [90m532| [39m    })[33m;[39m

[31m[2mΓÄ»ΓÄ»ΓÄ»ΓÄ»ΓÄ»ΓÄ»ΓÄ»ΓÄ»ΓÄ»ΓÄ»ΓÄ»ΓÄ»ΓÄ»ΓÄ»ΓÄ»ΓÄ»ΓÄ»ΓÄ»ΓÄ»ΓÄ»ΓÄ»ΓÄ»ΓÄ»[5/83]ΓÄ»[22m[39m

[41m[1m FAIL [22m[49m src/components/__tests__/base-component.test.ts[2m > [22mBaseComponent[2m > 
[22mCustom Event Handling (onCustom)[2m > [22mshould store custom event listener in listeners map
[31m[1mAssertionError[22m: expected false to be true // Object.is equality[39m

[32m- Expected[39m
[31m+ Received[39m

[32m- true[39m
[31m+ false[39m

[36m [2mΓ¥»[22m src/components/__tests__/base-component.test.ts:[2m747:67[22m[39m
    [90m745| [39m
    [90m746| [39m      [90m// Should be stored with custom_ prefix[39m
    [90m747| [39m      expect(component.getListeners().has('custom_stored-event')).toBeΓÇª
    [90m   | [39m                                                                  [31m^[39m
    [90m748| [39m    })[33m;[39m
    [90m749| [39m

[31m[2mΓÄ»ΓÄ»ΓÄ»ΓÄ»ΓÄ»ΓÄ»ΓÄ»ΓÄ»ΓÄ»ΓÄ»ΓÄ»ΓÄ»ΓÄ»ΓÄ»ΓÄ»ΓÄ»ΓÄ»ΓÄ»ΓÄ»ΓÄ»ΓÄ»ΓÄ»ΓÄ»[6/83]ΓÄ»[22m[39m

[41m[1m FAIL [22m[49m src/components/__tests__/base-component.test.ts[2m > [22mBaseComponent[2m > 
[22mCustom Event Handling (onCustom)[2m > [22mshould clean up custom event listeners on destroy
[31m[1mAssertionError[22m: expected false to be true // Object.is equality[39m

[32m- Expected[39m
[31m+ Received[39m

[32m- true[39m
[31m+ false[39m

[36m [2mΓ¥»[22m src/components/__tests__/base-component.test.ts:[2m756:68[22m[39m
    [90m754| [39m
    [90m755| [39m      [90m// Verify listener is added[39m
    [90m756| [39m      expect(component.getListeners().has('custom_cleanup-event')).toBΓÇª
    [90m   | [39m                                                                   [31m^[39m
    [90m757| [39m
    [90m758| [39m      [90m// Destroy component[39m

[31m[2mΓÄ»ΓÄ»ΓÄ»ΓÄ»ΓÄ»ΓÄ»ΓÄ»ΓÄ»ΓÄ»ΓÄ»ΓÄ»ΓÄ»ΓÄ»ΓÄ»ΓÄ»ΓÄ»ΓÄ»ΓÄ»ΓÄ»ΓÄ»ΓÄ»ΓÄ»ΓÄ»[7/83]ΓÄ»[22m[39m

[41m[1m FAIL [22m[49m src/components/__tests__/color-matcher-tool.test.ts[2m > [22mColorMatcherTool[2m > 
[22mdelegates to ImageZoomController when image-loaded event fires
[31m[1mAssertionError[22m: expected "vi.fn()" to be called with arguments: [ <img></img> ][90m

Number of calls: [1m0[22m
[31m[39m
[36m [2mΓ¥»[22m src/components/__tests__/color-matcher-tool.test.ts:[2m281:45[22m[39m
    [90m279| [39m    uploadContainer!.dispatchEvent(new CustomEvent('image-loaded', { dΓÇª
    [90m280| [39m
    [90m281| [39m    expect(imageZoomControllerSetImageMock).toHaveBeenCalledWith(imageΓÇª
    [90m   | [39m                                            [31m^[39m
    [90m282| [39m  })[33m;[39m
    [90m283| [39m

[31m[2mΓÄ»ΓÄ»ΓÄ»ΓÄ»ΓÄ»ΓÄ»ΓÄ»ΓÄ»ΓÄ»ΓÄ»ΓÄ»ΓÄ»ΓÄ»ΓÄ»ΓÄ»ΓÄ»ΓÄ»ΓÄ»ΓÄ»ΓÄ»ΓÄ»ΓÄ»ΓÄ»[8/83]ΓÄ»[22m[39m

[41m[1m FAIL [22m[49m src/components/__tests__/color-matcher-tool.test.ts[2m > [22mColorMatcherTool[2m > 
[22mevent handling[2m > [22mshould handle color-selected event from color picker
[31m[1mAssertionError[22m: expected "findClosestDye" to be called with arguments: [ '#AABBCC' ][90m

Number of calls: [1m0[22m
[31m[39m
[36m [2mΓ¥»[22m src/components/__tests__/color-matcher-tool.test.ts:[2m606:41[22m[39m
    [90m604| [39m      )[33m;[39m
    [90m605| [39m
    [90m606| [39m      expect(dyeService.findClosestDye).toHaveBeenCalledWith('#AABBCC'ΓÇª
    [90m   | [39m                                        [31m^[39m
    [90m607| [39m    })[33m;[39m
    [90m608| [39m  })[33m;[39m

[31m[2mΓÄ»ΓÄ»ΓÄ»ΓÄ»ΓÄ»ΓÄ»ΓÄ»ΓÄ»ΓÄ»ΓÄ»ΓÄ»ΓÄ»ΓÄ»ΓÄ»ΓÄ»ΓÄ»ΓÄ»ΓÄ»ΓÄ»ΓÄ»ΓÄ»ΓÄ»ΓÄ»[9/83]ΓÄ»[22m[39m

[41m[1m FAIL [22m[49m src/components/__tests__/color-matcher-tool.test.ts[2m > [22mColorMatcherTool[2m > 
[22mimage error handling branch coverage[2m > [22mshould handle error event from image upload
[31m[1mAssertionError[22m[39m: expected "vi.fn()" to be called with arguments: [ 'Test error message' ][90m

Number of calls: [1m0[22m
[39m

Ignored nodes: comments, script, style
[36m<html[39m
  [33mclass[39m=[32m"theme-standard-light"[39m
  [33mstyle[39m=[32m"--theme-primary: #8B1A1A; --theme-background: #D3D3D3; --theme-text: #1A1A1A; 
--theme-text-header: #FFFFFF; --theme-border: #6B1515; --theme-background-secondary: #E0E0E0; 
--theme-card-background: #F5F5F5; --theme-card-hover: #FFFFFF; --theme-text-muted: #4A4A4A;"[39m
[36m>[39m
  [36m<head />[39m
  [36m<body>[39m
    [36m<div[39m
      [33mid[39m=[32m"test-container"[39m
    [36m>[39m
      [36m<div[39m
        [33mclass[39m=[32m"space-y-8"[39m
      [36m>[39m
        [36m<div[39m
          [33mclass[39m=[32m"space-y-4 text-center mb-8"[39m
        [36m>[39m
          [36m<h2[39m
            [33mclass[39m=[32m"text-2xl font-bold text-gray-900 dark:text-white flex items-center 
justify-center gap-2"[39m
          [36m>[39m
            [0mColor Matcher[0m
          [36m</h2>[39m
          [36m<p[39m
            [33mclass[39m=[32m"text-gray-600 dark:text-gray-400 max-w-2xl mx-auto"[39m
          [36m>[39m
            [0mUpload an image or select a color to find the closest matching FFXIV dyes.[0m
          [36m</p>[39m
        [36m</div>[39m
        [36m<div[39m
          [33mclass[39m=[32m"grid grid-cols-1 lg:grid-cols-2 gap-6"[39m
        [36m>[39m
          [36m<div[39m
            [33mclass[39m=[32m"bg-white dark:bg-gray-800 rounded-lg border border-gray-200 
dark:border-gray-700 p-6"[39m
          [36m>[39m
            [36m<h3[39m
              [33mclass[39m=[32m"text-lg font-semibold text-gray-900 dark:text-white mb-4"[39m
            [36m>[39m
              [0mImage Upload[0m
            [36m</h3>[39m
            [36m<div[39m
              [33mid[39m=[32m"image-upload-container"[39m
            [36m/>[39m
          [36m</div>[39m
          [36m<div[39m
            [33mclass[39m=[32m"bg-white dark:bg-gray-800 rounded-lg border border-gray-200 
dark:border-gray-700 p-6"[39m
          [36m>[39m
            [36m<h3[39m
              [33mclass[39m=[32m"text-lg font-semibold text-gray-900 dark:text-white mb-4"[39m
            [36m>[39m
              [0mManual Color Input[0m
            [36m</h3>[39m
            [36m<div[39m
              [33mid[39m=[32m"color-picker-container"[39m
            [36m/>[39m
          [36m</div>[39m
        [36m</div>[39m
        [36m<div[39m
          [33mclass[39m=[32m"bg-white dark:bg-gray-800 rounded-lg border border-gray-200 dark:border-gray-700 
p-6 space-y-4"[39m
        [36m>[39m
          [36m<h3[39m
            [33mclass[39m=[32m"text-lg font-semibold text-gray-900 dark:text-white mb-4"[39m
          [36m>[39m
            [0mSample Settings[0m
          [36m</h3>[39m
          [36m<div[39m
            [33mclass[39m=[32m"space-y-2"[39m
          [36m>[39m
            [36m<label[39m
              [33mclass[39m=[32m"block text-sm font-semibold text-gray-700 dark:text-gray-300"[39m
            [36m>[39m
              [0mSample Size (for image color averaging)[0m
              [36m<button[39m
                [33maria-describedby[39m=[32m"tooltip_1764681223442_yr4x3lm"[39m
                [33maria-label[39m=[32m"More information"[39m
                [33mclass[39m=[32m"info-tooltip-icon inline-flex items-center justify-center w-4 h-4 ml-1 
text-xs text-gray-400 dark:text-gray-500 hover:text-blue-500 dark:hover:text-blue-400 focus:outline-none 
focus:ring-2 focus:ring-blue-500 focus:ring-offset-1 rounded-full cursor-help transition-colors"[39m
                [33mdata-tooltip-id[39m=[32m"tooltip_1764681223442_yr4x3lm"[39m
                [33mtabindex[39m=[32m"0"[39m
                [33mtype[39m=[32m"button"[39m
              [36m>[39m
                [0mΓôÿ[0m
              [36m</button>[39m
            [36m</label>[39m
            [36m<div[39m
              [33mclass[39m=[32m"flex items-center gap-4"[39m
            [36m>[39m
              [36m<input[39m
                [33mclass[39m=[32m"flex-1 px-4 py-2 border border-gray-300 dark:border-gray-600 rounded-lg 
bg-white dark:bg-gray-700 text-gray-900 dark:text-white focus:outline-none"[39m
                [33mid[39m=[32m"sample-size-input"[39m
                [33mmax[39m=[32m"64"[39m
                [33mmin[39m=[32m"1"[39m
                [33mstyle[39m=[32m"accent-color: var(--theme-primary);"[39m
                [33mtype[39m=[32m"range"[39m
                [33mvalue[39m=[32m"5"[39m
              [36m/>[39m
              [36m<div[39m
                [33mclass[39m=[32m"text-lg font-bold text-gray-900 dark:text-white w-12 text-center"[39m
                [33mid[39m=[32m"sample-size-value"[39m
              [36m>[39m
                [0m5[0m
              [36m</div>[39m
            [36m</div>[39m
            [36m<p[39m
              [33mclass[39m=[32m"text-xs text-gray-600 dark:text-gray-400"[39m
            [36m>[39m
              [0mLarger sizes produce more accurate color matching but ignore fine details[0m
            [36m</p>[39m
          [36m</div>[39m
        [36m</div>[39m
        [36m<div[39m
          [33mid[39m=[32m"recent-colors-wrapper"[39m
        [36m/>[39m
        [36m<div[39m
          [33mclass[39m=[32m"bg-white dark:bg-gray-800 rounded-lg border border-gray-200 dark:border-gray-700 
p-6"[39m
        [36m>[39m
          [36m<div[39m
            [33mid[39m=[32m"colormatcher-filters-container"[39m
          [36m>[39m
            [36m<div[39m
              [33mclass[39m=[32m"space-y-3"[39m
            [36m>[39m
              [36m<button[39m
                [33mclass[39m=[32m"w-full flex items-center justify-between p-2 -m-2 text-left 
hover:bg-gray-50 dark:hover:bg-gray-700/50 rounded transition-colors"[39m
                [33mtype[39m=[32m"button"[39m
              [36m>[39m
                [36m<label[39m
                  [33mclass[39m=[32m"text-sm font-semibold text-gray-700 dark:text-gray-300 
cursor-pointer"[39m
                [36m>[39m
                  [0mAdvanced Dye Filters[0m
                [36m</label>[39m
                [36m<span[39m
                  [33mclass[39m=[32m"text-gray-400 dark:text-gray-500 text-xs transition-transform"[39m
                  [33mid[39m=[32m"colormatcher-filters-container-toggle-chevron"[39m
                  [33mstyle[39m=[32m"transform: rotate(-90deg); transition: transform 300ms ease-in-out;"[39m
                [36m>[39m
                  [0mΓû╝[0m
                [36m</span>[39m
              [36m</button>[39m
              [36m<div[39m
                [33mclass[39m=[32m"space-y-2 max-h-96 overflow-hidden transition-all duration-300 
ease-in-out"[39m
                [33mid[39m=[32m"colormatcher-filters-container-checkboxes-container"[39m
                [33mstyle[39m=[32m"max-height: 0px; opacity: 0; margin-top: 0px; transition: max-height 300ms 
ease-in-out, opacity 300ms ease-in-out, margin-top 300ms ease-in-out;"[39m
              [36m>[39m
                [36m<div[39m
                  [33mclass[39m=[32m"flex items-start gap-3"[39m
                [36m>[39m
                  [36m<input[39m
                    [33mclass[39m=[32m"mt-1 w-4 h-4 text-blue-600 border-gray-300 rounded focus:ring-2 
focus:ring-blue-500 cursor-pointer"[39m
                    [33mid[39m=[32m"colormatcher-filters-container-excludeMetallic"[39m
                    [33mtype[39m=[32m"checkbox"[39m
                  [36m/>[39m
                  [36m<label[39m
                    [33mclass[39m=[32m"cursor-pointer flex-1"[39m
                    [33mfor[39m=[32m"colormatcher-filters-container-excludeMetallic"[39m
                  [36m>[39m
                    [36m<div[39m
                      [33mclass[39m=[32m"text-sm font-medium text-gray-700 dark:text-gray-300"[39m
                    [36m>[39m
                      [0mExclude Metallic Dyes[0m
                    [36m</div>[39m
                    [36m<div[39m
                      [33mclass[39m=[32m"text-xs text-gray-500 dark:text-gray-400"[39m
                    [36m>[39m
                      [0mHide dyes with "Metallic" in the name[0m
                    [36m</div>[39m
                  [36m</label>[39m
                [36m</div>[39m
                [36m<div[39m
                  [33mclass[39m=[32m"flex items-start gap-3"[39m
                [36m>[39m
                  [36m<input[39m
                    [33mclass[39m=[32m"mt-1 w-4 h-4 text-blue-600 border-gray-300 rounded focus:ring-2 
focus:ring-blue-500 cursor-pointer"[39m
                    [33mid[39m=[32m"colormatcher-filters-container-excludePastel"[39m
                    [33mtype[39m=[32m"checkbox"[39m
                  [36m/>[39m
                  [36m<label[39m
                    [33mclass[39m=[32m"cursor-pointer flex-1"[39m
                    [33mfor[39m=[32m"colormatcher-filters-container-excludePastel"[39m
                  [36m>[39m
                    [36m<div[39m
                      [33mclass[39m=[32m"text-sm font-medium text-gray-700 dark:text-gray-300"[39m
                    [36m>[39m
                      [0mExclude Pastel Dyes[0m
                    [36m</div>[39m
                    [36m<div[39m
                      [33mclass[39m=[32m"text-xs text-gray-500 dark:text-gray-400"[39m
                    [36m>[39m
                      [0mHide dyes with "Pastel" in the name[0m
                    [36m</div>[39m
                  [36m</label>[39m
                [36m</div>[39m
                [36m<div[39m
                  [33mclass[39m=[32m"flex items-start gap-3"[39m
                [36m>[39m
                  [36m<input[39m
                    [33mclass[39m=[32m"mt-1 w-4 h-4 text-blue-600 border-gray-300 rounded focus:ring-2 
focus:ring-blue-500 cursor-pointer"[39m
                    [33mid[39m=[32m"colormatcher-filters-container-excludeDark"[39m
                    [33mtype[39m=[32m"checkbox"[39m
                  [36m/>[39m
                  [36m<label[39m
                    [33mclass[39m=[32m"cursor-pointer flex-1"[39m
                    [33mfor[39m=[32m"colormatcher-filters-container-excludeDark"[39m
                  [36m>[39m
                    [36m<div[39m
                      [33mclass[39m=[32m"text-sm font-medium text-gray-700 dark:text-gray-300"[39m
                    [36m>[39m
                      [0mExclude Dark Dyes[0m
                    [36m</div>[39m
                    [36m<div[39m
                      [33mclass[39m=[32m"text-xs text-gray-500 dark:text-gray-400"[39m
                    [36m>[39m
                      [0mHide dyes that begin with "Dark"[0m
                    [36m</div>[39m
                  [36m</label>[39m
                [36m</div>[39m
                [36m<div[39m
                  [33mclass[39m=[32m"flex items-start gap-3"[39m
                [36m>[39m
                  [36m<input[39m
                    [33mclass[39m=[32m"mt-1 w-4 h-4 text-blue-600 border-gray-300 rounded focus:ring-2 
focus:ring-blue-500 cursor-pointer"[39m
                    [33mid[39m=[32m"colormatcher-filters-container-excludeCosmic"[39m
                    [33mtype[39m=[32m"checkbox"[39m
                  [36m/>[39m
                  [36m<label[39m
                    [33mclass[39m=[32m"cursor-pointer flex-1"[39m
                    [33mfor[39m=[32m"colormatcher-filters-container-excludeCosmic"[39m
                  [36m>[39m
                    [36m<div[39m
                      [33mclass[39m=[32m"text-sm font-medium text-gray-700 dark:text-gray-300"[39m
                    [36m>[39m
                      [0mExclude Cosmic Dyes[0m
                    [36m</div>[39m
                    [36m<div[39m
                      [33mclass[39m=[32m"text-xs text-gray-500 dark:text-gray-400"[39m
                    [36m>[39m
                      [0mHide dyes from Cosmic Exploration & Cosmic Fortunes[0m
                    [36m</div>[39m
                  [36m</label>[39m
                [36m</div>[39m
                [36m<div[39m
                  [33mclass[39m=[32m"flex items-start gap-3"[39m
                [36m>[39m
                  [36m<input[39m
                    [33mclass[39m=[32m"mt-1 w-4 h-4 text-blue-600 border-gray-300 rounded focus:ring-2 
focus:ring-blue-500 cursor-pointer"[39m
                    [33mid[39m=[32m"colormatcher-filters-container-excludeExpensive"[39m
                    [33mtype[39m=[32m"checkbox"[39m
                  [36m/>[39m
                  [36m<label[39m
                    [33mclass[39m=[32m"cursor-pointer flex-1"[39m
                    [33mfor[39m=[32m"colormatcher-filters-container-excludeExpensive"[39m
                  [36m>[39m
                    [36m<div[39m
                      [33mclass[39m=[32m"text-sm font-medium text-gray-700 dark:text-gray-300"[39m
                    [36m>[39m
                      [0mExclude Expensive Dyes[0m
                    [36m</div>[39m
                    [36m<div[39m
                      [33mclass[39m=[32m"text-xs text-gray-500 dark:text-gray-400"[39m
                    [36m>[39m
                      [0mHide Jet Black & Pure White[0m
                    [36m</div>[39m
                  [36m</label>[39m
                [36m</div>[39m
              [36m</div>[39m
            [36m</div>[39m
          [36m</div>[39m
        [36m</div>[39m
        [36m<div[39m
          [33mclass[39m=[32m"bg-white dark:bg-gray-800 rounded-lg border border-gray-200 dark:border-gray-700 
p-6"[39m
        [36m>[39m
          [36m<div[39m
            [33mid[39m=[32m"market-board-container"[39m
          [36m/>[39m
        [36m</div>[39m
        [36m<div[39m
          [33mid[39m=[32m"results-container"[39m
        [36m/>[39m
      [36m</div>[39m
    [36m</div>[39m
  [36m</body>[39m
[36m</html>[39m
[36m [2mΓ¥»[22m src/components/__tests__/color-matcher-tool.test.ts:[2m1007:39[22m[39m
    [90m1005| [39m      [90m// Should show error toast[39m
    [90m1006| [39m      [35mawait[39m [34mwaitFor[39m(() [33m=>[39m {
    [90m1007| [39m        expect(toastServiceErrorMock).toHaveBeenCalledWith('Test errorΓÇª
    [90m   | [39m                                      [31m^[39m
    [90m1008| [39m      })[33m;[39m
    [90m1009| [39m    })[33m;[39m
[90m [2mΓ¥»[22m runWithExpensiveErrorDiagnosticsDisabled 
node_modules/@testing-library/dom/dist/config.js:[2m47:12[22m[39m
[90m [2mΓ¥»[22m checkCallback node_modules/@testing-library/dom/dist/wait-for.js:[2m124:77[22m[39m
[90m [2mΓ¥»[22m Timeout.checkRealTimersCallback 
node_modules/@testing-library/dom/dist/wait-for.js:[2m118:16[22m[39m

[31m[2mΓÄ»ΓÄ»ΓÄ»ΓÄ»ΓÄ»ΓÄ»ΓÄ»ΓÄ»ΓÄ»ΓÄ»ΓÄ»ΓÄ»ΓÄ»ΓÄ»ΓÄ»ΓÄ»ΓÄ»ΓÄ»ΓÄ»ΓÄ»ΓÄ»ΓÄ»[10/83]ΓÄ»[22m[39m

[41m[1m FAIL [22m[49m src/components/__tests__/color-matcher-tool.test.ts[2m > [22mColorMatcherTool[2m > 
[22mimage error handling branch coverage[2m > [22mshould handle error event without message
[31m[1mAssertionError[22m[39m: expected "vi.fn()" to be called with arguments: [ 'Failed to load image' 
][90m

Number of calls: [1m0[22m
[39m

Ignored nodes: comments, script, style
[36m<html[39m
  [33mclass[39m=[32m"theme-standard-light"[39m
  [33mstyle[39m=[32m"--theme-primary: #8B1A1A; --theme-background: #D3D3D3; --theme-text: #1A1A1A; 
--theme-text-header: #FFFFFF; --theme-border: #6B1515; --theme-background-secondary: #E0E0E0; 
--theme-card-background: #F5F5F5; --theme-card-hover: #FFFFFF; --theme-text-muted: #4A4A4A;"[39m
[36m>[39m
  [36m<head />[39m
  [36m<body>[39m
    [36m<div[39m
      [33mid[39m=[32m"test-container"[39m
    [36m>[39m
      [36m<div[39m
        [33mclass[39m=[32m"space-y-8"[39m
      [36m>[39m
        [36m<div[39m
          [33mclass[39m=[32m"space-y-4 text-center mb-8"[39m
        [36m>[39m
          [36m<h2[39m
            [33mclass[39m=[32m"text-2xl font-bold text-gray-900 dark:text-white flex items-center 
justify-center gap-2"[39m
          [36m>[39m
            [0mColor Matcher[0m
          [36m</h2>[39m
          [36m<p[39m
            [33mclass[39m=[32m"text-gray-600 dark:text-gray-400 max-w-2xl mx-auto"[39m
          [36m>[39m
            [0mUpload an image or select a color to find the closest matching FFXIV dyes.[0m
          [36m</p>[39m
        [36m</div>[39m
        [36m<div[39m
          [33mclass[39m=[32m"grid grid-cols-1 lg:grid-cols-2 gap-6"[39m
        [36m>[39m
          [36m<div[39m
            [33mclass[39m=[32m"bg-white dark:bg-gray-800 rounded-lg border border-gray-200 
dark:border-gray-700 p-6"[39m
          [36m>[39m
            [36m<h3[39m
              [33mclass[39m=[32m"text-lg font-semibold text-gray-900 dark:text-white mb-4"[39m
            [36m>[39m
              [0mImage Upload[0m
            [36m</h3>[39m
            [36m<div[39m
              [33mid[39m=[32m"image-upload-container"[39m
            [36m/>[39m
          [36m</div>[39m
          [36m<div[39m
            [33mclass[39m=[32m"bg-white dark:bg-gray-800 rounded-lg border border-gray-200 
dark:border-gray-700 p-6"[39m
          [36m>[39m
            [36m<h3[39m
              [33mclass[39m=[32m"text-lg font-semibold text-gray-900 dark:text-white mb-4"[39m
            [36m>[39m
              [0mManual Color Input[0m
            [36m</h3>[39m
            [36m<div[39m
              [33mid[39m=[32m"color-picker-container"[39m
            [36m/>[39m
          [36m</div>[39m
        [36m</div>[39m
        [36m<div[39m
          [33mclass[39m=[32m"bg-white dark:bg-gray-800 rounded-lg border border-gray-200 dark:border-gray-700 
p-6 space-y-4"[39m
        [36m>[39m
          [36m<h3[39m
            [33mclass[39m=[32m"text-lg font-semibold text-gray-900 dark:text-white mb-4"[39m
          [36m>[39m
            [0mSample Settings[0m
          [36m</h3>[39m
          [36m<div[39m
            [33mclass[39m=[32m"space-y-2"[39m
          [36m>[39m
            [36m<label[39m
              [33mclass[39m=[32m"block text-sm font-semibold text-gray-700 dark:text-gray-300"[39m
            [36m>[39m
              [0mSample Size (for image color averaging)[0m
              [36m<button[39m
                [33maria-describedby[39m=[32m"tooltip_1764681224495_cfpyt7g"[39m
                [33maria-label[39m=[32m"More information"[39m
                [33mclass[39m=[32m"info-tooltip-icon inline-flex items-center justify-center w-4 h-4 ml-1 
text-xs text-gray-400 dark:text-gray-500 hover:text-blue-500 dark:hover:text-blue-400 focus:outline-none 
focus:ring-2 focus:ring-blue-500 focus:ring-offset-1 rounded-full cursor-help transition-colors"[39m
                [33mdata-tooltip-id[39m=[32m"tooltip_1764681224495_cfpyt7g"[39m
                [33mtabindex[39m=[32m"0"[39m
                [33mtype[39m=[32m"button"[39m
              [36m>[39m
                [0mΓôÿ[0m
              [36m</button>[39m
            [36m</label>[39m
            [36m<div[39m
              [33mclass[39m=[32m"flex items-center gap-4"[39m
            [36m>[39m
              [36m<input[39m
                [33mclass[39m=[32m"flex-1 px-4 py-2 border border-gray-300 dark:border-gray-600 rounded-lg 
bg-white dark:bg-gray-700 text-gray-900 dark:text-white focus:outline-none"[39m
                [33mid[39m=[32m"sample-size-input"[39m
                [33mmax[39m=[32m"64"[39m
                [33mmin[39m=[32m"1"[39m
                [33mstyle[39m=[32m"accent-color: var(--theme-primary);"[39m
                [33mtype[39m=[32m"range"[39m
                [33mvalue[39m=[32m"5"[39m
              [36m/>[39m
              [36m<div[39m
                [33mclass[39m=[32m"text-lg font-bold text-gray-900 dark:text-white w-12 text-center"[39m
                [33mid[39m=[32m"sample-size-value"[39m
              [36m>[39m
                [0m5[0m
              [36m</div>[39m
            [36m</div>[39m
            [36m<p[39m
              [33mclass[39m=[32m"text-xs text-gray-600 dark:text-gray-400"[39m
            [36m>[39m
              [0mLarger sizes produce more accurate color matching but ignore fine details[0m
            [36m</p>[39m
          [36m</div>[39m
        [36m</div>[39m
        [36m<div[39m
          [33mid[39m=[32m"recent-colors-wrapper"[39m
        [36m/>[39m
        [36m<div[39m
          [33mclass[39m=[32m"bg-white dark:bg-gray-800 rounded-lg border border-gray-200 dark:border-gray-700 
p-6"[39m
        [36m>[39m
          [36m<div[39m
            [33mid[39m=[32m"colormatcher-filters-container"[39m
          [36m>[39m
            [36m<div[39m
              [33mclass[39m=[32m"space-y-3"[39m
            [36m>[39m
              [36m<button[39m
                [33mclass[39m=[32m"w-full flex items-center justify-between p-2 -m-2 text-left 
hover:bg-gray-50 dark:hover:bg-gray-700/50 rounded transition-colors"[39m
                [33mtype[39m=[32m"button"[39m
              [36m>[39m
                [36m<label[39m
                  [33mclass[39m=[32m"text-sm font-semibold text-gray-700 dark:text-gray-300 
cursor-pointer"[39m
                [36m>[39m
                  [0mAdvanced Dye Filters[0m
                [36m</label>[39m
                [36m<span[39m
                  [33mclass[39m=[32m"text-gray-400 dark:text-gray-500 text-xs transition-transform"[39m
                  [33mid[39m=[32m"colormatcher-filters-container-toggle-chevron"[39m
                  [33mstyle[39m=[32m"transform: rotate(-90deg); transition: transform 300ms ease-in-out;"[39m
                [36m>[39m
                  [0mΓû╝[0m
                [36m</span>[39m
              [36m</button>[39m
              [36m<div[39m
                [33mclass[39m=[32m"space-y-2 max-h-96 overflow-hidden transition-all duration-300 
ease-in-out"[39m
                [33mid[39m=[32m"colormatcher-filters-container-checkboxes-container"[39m
                [33mstyle[39m=[32m"max-height: 0px; opacity: 0; margin-top: 0px; transition: max-height 300ms 
ease-in-out, opacity 300ms ease-in-out, margin-top 300ms ease-in-out;"[39m
              [36m>[39m
                [36m<div[39m
                  [33mclass[39m=[32m"flex items-start gap-3"[39m
                [36m>[39m
                  [36m<input[39m
                    [33mclass[39m=[32m"mt-1 w-4 h-4 text-blue-600 border-gray-300 rounded focus:ring-2 
focus:ring-blue-500 cursor-pointer"[39m
                    [33mid[39m=[32m"colormatcher-filters-container-excludeMetallic"[39m
                    [33mtype[39m=[32m"checkbox"[39m
                  [36m/>[39m
                  [36m<label[39m
                    [33mclass[39m=[32m"cursor-pointer flex-1"[39m
                    [33mfor[39m=[32m"colormatcher-filters-container-excludeMetallic"[39m
                  [36m>[39m
                    [36m<div[39m
                      [33mclass[39m=[32m"text-sm font-medium text-gray-700 dark:text-gray-300"[39m
                    [36m>[39m
                      [0mExclude Metallic Dyes[0m
                    [36m</div>[39m
                    [36m<div[39m
                      [33mclass[39m=[32m"text-xs text-gray-500 dark:text-gray-400"[39m
                    [36m>[39m
                      [0mHide dyes with "Metallic" in the name[0m
                    [36m</div>[39m
                  [36m</label>[39m
                [36m</div>[39m
                [36m<div[39m
                  [33mclass[39m=[32m"flex items-start gap-3"[39m
                [36m>[39m
                  [36m<input[39m
                    [33mclass[39m=[32m"mt-1 w-4 h-4 text-blue-600 border-gray-300 rounded focus:ring-2 
focus:ring-blue-500 cursor-pointer"[39m
                    [33mid[39m=[32m"colormatcher-filters-container-excludePastel"[39m
                    [33mtype[39m=[32m"checkbox"[39m
                  [36m/>[39m
                  [36m<label[39m
                    [33mclass[39m=[32m"cursor-pointer flex-1"[39m
                    [33mfor[39m=[32m"colormatcher-filters-container-excludePastel"[39m
                  [36m>[39m
                    [36m<div[39m
                      [33mclass[39m=[32m"text-sm font-medium text-gray-700 dark:text-gray-300"[39m
                    [36m>[39m
                      [0mExclude Pastel Dyes[0m
                    [36m</div>[39m
                    [36m<div[39m
                      [33mclass[39m=[32m"text-xs text-gray-500 dark:text-gray-400"[39m
                    [36m>[39m
                      [0mHide dyes with "Pastel" in the name[0m
                    [36m</div>[39m
                  [36m</label>[39m
                [36m</div>[39m
                [36m<div[39m
                  [33mclass[39m=[32m"flex items-start gap-3"[39m
                [36m>[39m
                  [36m<input[39m
                    [33mclass[39m=[32m"mt-1 w-4 h-4 text-blue-600 border-gray-300 rounded focus:ring-2 
focus:ring-blue-500 cursor-pointer"[39m
                    [33mid[39m=[32m"colormatcher-filters-container-excludeDark"[39m
                    [33mtype[39m=[32m"checkbox"[39m
                  [36m/>[39m
                  [36m<label[39m
                    [33mclass[39m=[32m"cursor-pointer flex-1"[39m
                    [33mfor[39m=[32m"colormatcher-filters-container-excludeDark"[39m
                  [36m>[39m
                    [36m<div[39m
                      [33mclass[39m=[32m"text-sm font-medium text-gray-700 dark:text-gray-300"[39m
                    [36m>[39m
                      [0mExclude Dark Dyes[0m
                    [36m</div>[39m
                    [36m<div[39m
                      [33mclass[39m=[32m"text-xs text-gray-500 dark:text-gray-400"[39m
                    [36m>[39m
                      [0mHide dyes that begin with "Dark"[0m
                    [36m</div>[39m
                  [36m</label>[39m
                [36m</div>[39m
                [36m<div[39m
                  [33mclass[39m=[32m"flex items-start gap-3"[39m
                [36m>[39m
                  [36m<input[39m
                    [33mclass[39m=[32m"mt-1 w-4 h-4 text-blue-600 border-gray-300 rounded focus:ring-2 
focus:ring-blue-500 cursor-pointer"[39m
                    [33mid[39m=[32m"colormatcher-filters-container-excludeCosmic"[39m
                    [33mtype[39m=[32m"checkbox"[39m
                  [36m/>[39m
                  [36m<label[39m
                    [33mclass[39m=[32m"cursor-pointer flex-1"[39m
                    [33mfor[39m=[32m"colormatcher-filters-container-excludeCosmic"[39m
                  [36m>[39m
                    [36m<div[39m
                      [33mclass[39m=[32m"text-sm font-medium text-gray-700 dark:text-gray-300"[39m
                    [36m>[39m
                      [0mExclude Cosmic Dyes[0m
                    [36m</div>[39m
                    [36m<div[39m
                      [33mclass[39m=[32m"text-xs text-gray-500 dark:text-gray-400"[39m
                    [36m>[39m
                      [0mHide dyes from Cosmic Exploration & Cosmic Fortunes[0m
                    [36m</div>[39m
                  [36m</label>[39m
                [36m</div>[39m
                [36m<div[39m
                  [33mclass[39m=[32m"flex items-start gap-3"[39m
                [36m>[39m
                  [36m<input[39m
                    [33mclass[39m=[32m"mt-1 w-4 h-4 text-blue-600 border-gray-300 rounded focus:ring-2 
focus:ring-blue-500 cursor-pointer"[39m
                    [33mid[39m=[32m"colormatcher-filters-container-excludeExpensive"[39m
                    [33mtype[39m=[32m"checkbox"[39m
                  [36m/>[39m
                  [36m<label[39m
                    [33mclass[39m=[32m"cursor-pointer flex-1"[39m
                    [33mfor[39m=[32m"colormatcher-filters-container-excludeExpensive"[39m
                  [36m>[39m
                    [36m<div[39m
                      [33mclass[39m=[32m"text-sm font-medium text-gray-700 dark:text-gray-300"[39m
                    [36m>[39m
                      [0mExclude Expensive Dyes[0m
                    [36m</div>[39m
                    [36m<div[39m
                      [33mclass[39m=[32m"text-xs text-gray-500 dark:text-gray-400"[39m
                    [36m>[39m
                      [0mHide Jet Black & Pure White[0m
                    [36m</div>[39m
                  [36m</label>[39m
                [36m</div>[39m
              [36m</div>[39m
            [36m</div>[39m
          [36m</div>[39m
        [36m</div>[39m
        [36m<div[39m
          [33mclass[39m=[32m"bg-white dark:bg-gray-800 rounded-lg border border-gray-200 dark:border-gray-700 
p-6"[39m
        [36m>[39m
          [36m<div[39m
            [33mid[39m=[32m"market-board-container"[39m
          [36m/>[39m
        [36m</div>[39m
        [36m<div[39m
          [33mid[39m=[32m"results-container"[39m
        [36m/>[39m
      [36m</div>[39m
    [36m</div>[39m
  [36m</body>[39m
[36m</html>[39m
[36m [2mΓ¥»[22m src/components/__tests__/color-matcher-tool.test.ts:[2m1020:39[22m[39m
    [90m1018| [39m      [90m// Should show default error message[39m
    [90m1019| [39m      [35mawait[39m [34mwaitFor[39m(() [33m=>[39m {
    [90m1020| [39m        expect(toastServiceErrorMock).toHaveBeenCalledWith('Failed to ΓÇª
    [90m   | [39m                                      [31m^[39m
    [90m1021| [39m      })[33m;[39m
    [90m1022| [39m    })[33m;[39m
[90m [2mΓ¥»[22m runWithExpensiveErrorDiagnosticsDisabled 
node_modules/@testing-library/dom/dist/config.js:[2m47:12[22m[39m
[90m [2mΓ¥»[22m checkCallback node_modules/@testing-library/dom/dist/wait-for.js:[2m124:77[22m[39m
[90m [2mΓ¥»[22m Timeout.checkRealTimersCallback 
node_modules/@testing-library/dom/dist/wait-for.js:[2m118:16[22m[39m

[31m[2mΓÄ»ΓÄ»ΓÄ»ΓÄ»ΓÄ»ΓÄ»ΓÄ»ΓÄ»ΓÄ»ΓÄ»ΓÄ»ΓÄ»ΓÄ»ΓÄ»ΓÄ»ΓÄ»ΓÄ»ΓÄ»ΓÄ»ΓÄ»ΓÄ»ΓÄ»[11/83]ΓÄ»[22m[39m

[41m[1m FAIL [22m[49m src/components/__tests__/dye-comparison-tool.test.ts[2m > [22mDyeComparisonTool 
Component[2m > [22mfetchPricesForSelectedDyes branch coverage[2m > [22mshould return early when marketBoard 
is null
[31m[1mTypeError[22m: instance.fetchPricesForSelectedDyes is not a function[39m
[36m [2mΓ¥»[22m src/components/__tests__/dye-comparison-tool.test.ts:[2m961:9[22m[39m
    [90m959| [39m      [35mawait[39m (
    [90m960| [39m        instance as unknown as { fetchPricesForSelectedDyes: () => ProΓÇª
    [90m961| [39m      )[33m.[39m[34mfetchPricesForSelectedDyes[39m()[33m;[39m
    [90m   | [39m        [31m^[39m
    [90m962| [39m
    [90m963| [39m      
[34mexpect[39m(mockFetchPrices)[33m.[39mnot[33m.[39m[34mtoHaveBeenCalled[39m()[33m;[39m

[31m[2mΓÄ»ΓÄ»ΓÄ»ΓÄ»ΓÄ»ΓÄ»ΓÄ»ΓÄ»ΓÄ»ΓÄ»ΓÄ»ΓÄ»ΓÄ»ΓÄ»ΓÄ»ΓÄ»ΓÄ»ΓÄ»ΓÄ»ΓÄ»ΓÄ»ΓÄ»[12/83]ΓÄ»[22m[39m

[41m[1m FAIL [22m[49m src/components/__tests__/dye-comparison-tool.test.ts[2m > [22mDyeComparisonTool 
Component[2m > [22mfetchPricesForSelectedDyes branch coverage[2m > [22mshould return early when showPrices 
is false
[31m[1mTypeError[22m: instance.fetchPricesForSelectedDyes is not a function[39m
[36m [2mΓ¥»[22m src/components/__tests__/dye-comparison-tool.test.ts:[2m975:9[22m[39m
    [90m973| [39m      [35mawait[39m (
    [90m974| [39m        instance as unknown as { fetchPricesForSelectedDyes: () => ProΓÇª
    [90m975| [39m      )[33m.[39m[34mfetchPricesForSelectedDyes[39m()[33m;[39m
    [90m   | [39m        [31m^[39m
    [90m976| [39m
    [90m977| [39m      
[34mexpect[39m(mockFetchPrices)[33m.[39mnot[33m.[39m[34mtoHaveBeenCalled[39m()[33m;[39m

[31m[2mΓÄ»ΓÄ»ΓÄ»ΓÄ»ΓÄ»ΓÄ»ΓÄ»ΓÄ»ΓÄ»ΓÄ»ΓÄ»ΓÄ»ΓÄ»ΓÄ»ΓÄ»ΓÄ»ΓÄ»ΓÄ»ΓÄ»ΓÄ»ΓÄ»ΓÄ»[13/83]ΓÄ»[22m[39m

[41m[1m FAIL [22m[49m src/components/__tests__/dye-comparison-tool.test.ts[2m > [22mDyeComparisonTool 
Component[2m > [22mfetchPricesForSelectedDyes branch coverage[2m > [22mshould return early when selectedDyes 
is empty
[31m[1mTypeError[22m: instance.fetchPricesForSelectedDyes is not a function[39m
[36m [2mΓ¥»[22m src/components/__tests__/dye-comparison-tool.test.ts:[2m989:9[22m[39m
    [90m987| [39m      [35mawait[39m (
    [90m988| [39m        instance as unknown as { fetchPricesForSelectedDyes: () => ProΓÇª
    [90m989| [39m      )[33m.[39m[34mfetchPricesForSelectedDyes[39m()[33m;[39m
    [90m   | [39m        [31m^[39m
    [90m990| [39m
    [90m991| [39m      
[34mexpect[39m(mockFetchPrices)[33m.[39mnot[33m.[39m[34mtoHaveBeenCalled[39m()[33m;[39m

[31m[2mΓÄ»ΓÄ»ΓÄ»ΓÄ»ΓÄ»ΓÄ»ΓÄ»ΓÄ»ΓÄ»ΓÄ»ΓÄ»ΓÄ»ΓÄ»ΓÄ»ΓÄ»ΓÄ»ΓÄ»ΓÄ»ΓÄ»ΓÄ»ΓÄ»ΓÄ»[14/83]ΓÄ»[22m[39m

[41m[1m FAIL [22m[49m src/components/__tests__/dye-filters.test.ts[2m > [22mDyeFilters[2m > [22mfilter 
logic[2m > [22mshould exclude metallic dyes when filter is enabled
[31m[1mAssertionError[22m: expected false to be true // Object.is equality[39m

[32m- Expected[39m
[31m+ Received[39m

[32m- true[39m
[31m+ false[39m

[36m [2mΓ¥»[22m src/components/__tests__/dye-filters.test.ts:[2m199:52[22m[39m
    [90m197| [39m      [35mconst[39m regularDye [33m=[39m [34mcreateMockDye[39m({ name[33m:[39m 
[32m'Dalamud Red'[39m })[33m;[39m
    [90m198| [39m
    [90m199| [39m      [34mexpect[39m(component[33m.[39m[34misDyeExcluded[39m(metallicDye))[33m.[39m[3
4mtoBe[39m([35mtrue[39m)[33m;[39m
    [90m   | [39m                                                   [31m^[39m
    [90m200| [39m      [34mexpect[39m(component[33m.[39m[34misDyeExcluded[39m(regularDye))[33m.[39m[34
mtoBe[39m([35mfalse[39m)[33m;[39m
    [90m201| [39m    })[33m;[39m

[31m[2mΓÄ»ΓÄ»ΓÄ»ΓÄ»ΓÄ»ΓÄ»ΓÄ»ΓÄ»ΓÄ»ΓÄ»ΓÄ»ΓÄ»ΓÄ»ΓÄ»ΓÄ»ΓÄ»ΓÄ»ΓÄ»ΓÄ»ΓÄ»ΓÄ»ΓÄ»[15/83]ΓÄ»[22m[39m

[41m[1m FAIL [22m[49m src/components/__tests__/dye-filters.test.ts[2m > [22mDyeFilters[2m > [22mfilter 
logic[2m > [22mshould exclude pastel dyes when filter is enabled
[31m[1mAssertionError[22m: expected false to be true // Object.is equality[39m

[32m- Expected[39m
[31m+ Received[39m

[32m- true[39m
[31m+ false[39m

[36m [2mΓ¥»[22m src/components/__tests__/dye-filters.test.ts:[2m213:50[22m[39m
    [90m211| [39m      [35mconst[39m regularDye [33m=[39m [34mcreateMockDye[39m({ name[33m:[39m 
[32m'Coral Pink'[39m })[33m;[39m
    [90m212| [39m
    [90m213| [39m      [34mexpect[39m(component[33m.[39m[34misDyeExcluded[39m(pastelDye))[33m.[39m[34m
toBe[39m([35mtrue[39m)[33m;[39m
    [90m   | [39m                                                 [31m^[39m
    [90m214| [39m      [34mexpect[39m(component[33m.[39m[34misDyeExcluded[39m(regularDye))[33m.[39m[34
mtoBe[39m([35mfalse[39m)[33m;[39m
    [90m215| [39m    })[33m;[39m

[31m[2mΓÄ»ΓÄ»ΓÄ»ΓÄ»ΓÄ»ΓÄ»ΓÄ»ΓÄ»ΓÄ»ΓÄ»ΓÄ»ΓÄ»ΓÄ»ΓÄ»ΓÄ»ΓÄ»ΓÄ»ΓÄ»ΓÄ»ΓÄ»ΓÄ»ΓÄ»[16/83]ΓÄ»[22m[39m

[41m[1m FAIL [22m[49m src/components/__tests__/dye-filters.test.ts[2m > [22mDyeFilters[2m > [22mfilter 
logic[2m > [22mshould exclude dark dyes when filter is enabled
[31m[1mAssertionError[22m: expected false to be true // Object.is equality[39m

[32m- Expected[39m
[31m+ Received[39m

[32m- true[39m
[31m+ false[39m

[36m [2mΓ¥»[22m src/components/__tests__/dye-filters.test.ts:[2m227:48[22m[39m
    [90m225| [39m      [35mconst[39m regularDye [33m=[39m [34mcreateMockDye[39m({ name[33m:[39m 
[32m'Blood Red'[39m })[33m;[39m
    [90m226| [39m
    [90m227| [39m      [34mexpect[39m(component[33m.[39m[34misDyeExcluded[39m(darkDye))[33m.[39m[34mto
Be[39m([35mtrue[39m)[33m;[39m
    [90m   | [39m                                               [31m^[39m
    [90m228| [39m      [34mexpect[39m(component[33m.[39m[34misDyeExcluded[39m(regularDye))[33m.[39m[34
mtoBe[39m([35mfalse[39m)[33m;[39m
    [90m229| [39m    })[33m;[39m

[31m[2mΓÄ»ΓÄ»ΓÄ»ΓÄ»ΓÄ»ΓÄ»ΓÄ»ΓÄ»ΓÄ»ΓÄ»ΓÄ»ΓÄ»ΓÄ»ΓÄ»ΓÄ»ΓÄ»ΓÄ»ΓÄ»ΓÄ»ΓÄ»ΓÄ»ΓÄ»[17/83]ΓÄ»[22m[39m

[41m[1m FAIL [22m[49m src/components/__tests__/dye-filters.test.ts[2m > [22mDyeFilters[2m > [22mfilter 
logic[2m > [22mshould exclude cosmic dyes when filter is enabled
[31m[1mAssertionError[22m: expected false to be true // Object.is equality[39m

[32m- Expected[39m
[31m+ Received[39m

[32m- true[39m
[31m+ false[39m

[36m [2mΓ¥»[22m src/components/__tests__/dye-filters.test.ts:[2m242:57[22m[39m
    [90m240| [39m      [35mconst[39m regularDye [33m=[39m [34mcreateMockDye[39m({ acquisition[33m:[39m 
[32m'Vendor'[39m })[33m;[39m
    [90m241| [39m
    [90m242| [39m      [34mexpect[39m(component[33m.[39m[34misDyeExcluded[39m(cosmicExploreDye))[33m.[3
9m[34mtoBe[39m([35mtrue[39m)[33m;[39m
    [90m   | [39m                                                        [31m^[39m
    [90m243| [39m      [34mexpect[39m(component[33m.[39m[34misDyeExcluded[39m(cosmicFortuneDye))[33m.[3
9m[34mtoBe[39m([35mtrue[39m)[33m;[39m
    [90m244| [39m      [34mexpect[39m(component[33m.[39m[34misDyeExcluded[39m(regularDye))[33m.[39m[34
mtoBe[39m([35mfalse[39m)[33m;[39m

[31m[2mΓÄ»ΓÄ»ΓÄ»ΓÄ»ΓÄ»ΓÄ»ΓÄ»ΓÄ»ΓÄ»ΓÄ»ΓÄ»ΓÄ»ΓÄ»ΓÄ»ΓÄ»ΓÄ»ΓÄ»ΓÄ»ΓÄ»ΓÄ»ΓÄ»ΓÄ»[18/83]ΓÄ»[22m[39m

[41m[1m FAIL [22m[49m src/components/__tests__/dye-filters.test.ts[2m > [22mDyeFilters[2m > 
[22mfilterDyes method[2m > [22mshould filter out excluded dyes from array
[31m[1mAssertionError[22m: expected 4 to be 2 // Object.is equality[39m

[32m- Expected[39m
[31m+ Received[39m

[32m- 2[39m
[31m+ 4[39m

[36m [2mΓ¥»[22m src/components/__tests__/dye-filters.test.ts:[2m294:31[22m[39m
    [90m292| [39m      [35mconst[39m filtered [33m=[39m 
component[33m.[39m[34mfilterDyes[39m(dyes)[33m;[39m
    [90m293| [39m
    [90m294| [39m      
[34mexpect[39m(filtered[33m.[39mlength)[33m.[39m[34mtoBe[39m([34m2[39m)[33m;[39m
    [90m   | [39m                              [31m^[39m
    [90m295| [39m      [34mexpect[39m(filtered[33m.[39m[34mmap[39m((d) [33m=>[39m 
d[33m.[39mid))[33m.[39m[34mtoEqual[39m([[34m2[39m[33m,[39m [34m4[39m])[33m;[39m
    [90m296| [39m    })[33m;[39m

[31m[2mΓÄ»ΓÄ»ΓÄ»ΓÄ»ΓÄ»ΓÄ»ΓÄ»ΓÄ»ΓÄ»ΓÄ»ΓÄ»ΓÄ»ΓÄ»ΓÄ»ΓÄ»ΓÄ»ΓÄ»ΓÄ»ΓÄ»ΓÄ»ΓÄ»ΓÄ»[19/83]ΓÄ»[22m[39m

[41m[1m FAIL [22m[49m src/components/__tests__/dye-mixer-tool.test.ts[2m > [22mDyeMixerTool[2m > 
[22mshowToast method[2m > [22mshould create toast container
[31m[1mTypeError[22m: instance.showToast is not a function[39m
[36m [2mΓ¥»[22m src/components/__tests__/dye-mixer-tool.test.ts:[2m576:53[22m[39m
    [90m574| [39m      [35mconst[39m instance [33m=[39m [34minitComponent[39m()[33m;[39m
    [90m575| [39m
    [90m576| [39m      (instance as unknown as ComponentWithPrivate).showToast('Test meΓÇª
    [90m   | [39m                                                    [31m^[39m
    [90m577| [39m
    [90m578| [39m      const toastContainer = document.getElementById('toast-container'ΓÇª

[31m[2mΓÄ»ΓÄ»ΓÄ»ΓÄ»ΓÄ»ΓÄ»ΓÄ»ΓÄ»ΓÄ»ΓÄ»ΓÄ»ΓÄ»ΓÄ»ΓÄ»ΓÄ»ΓÄ»ΓÄ»ΓÄ»ΓÄ»ΓÄ»ΓÄ»ΓÄ»[20/83]ΓÄ»[22m[39m

[41m[1m FAIL [22m[49m src/components/__tests__/dye-mixer-tool.test.ts[2m > [22mDyeMixerTool[2m > 
[22mshowToast method[2m > [22mshould display message in toast
[31m[1mTypeError[22m: instance.showToast is not a function[39m
[36m [2mΓ¥»[22m src/components/__tests__/dye-mixer-tool.test.ts:[2m585:53[22m[39m
    [90m583| [39m      [35mconst[39m instance [33m=[39m [34minitComponent[39m()[33m;[39m
    [90m584| [39m
    [90m585| [39m      (instance as unknown as ComponentWithPrivate).showToast('Custom ΓÇª
    [90m   | [39m                                                    [31m^[39m
    [90m586| [39m
    [90m587| [39m      const toastContainer = document.getElementById('toast-container'ΓÇª

[31m[2mΓÄ»ΓÄ»ΓÄ»ΓÄ»ΓÄ»ΓÄ»ΓÄ»ΓÄ»ΓÄ»ΓÄ»ΓÄ»ΓÄ»ΓÄ»ΓÄ»ΓÄ»ΓÄ»ΓÄ»ΓÄ»ΓÄ»ΓÄ»ΓÄ»ΓÄ»[21/83]ΓÄ»[22m[39m

[41m[1m FAIL [22m[49m src/components/__tests__/dye-mixer-tool.test.ts[2m > [22mDyeMixerTool[2m > 
[22msaveGradient branches[2m > [22mshould show error when less than 2 dyes
[31m[1mError[22m: The property "showToast" is not defined on the object.[39m
[36m [2mΓ¥»[22m src/components/__tests__/dye-mixer-tool.test.ts:[2m747:31[22m[39m
    [90m745| [39m    [34mit[39m([32m'should show error when less than 2 dyes'[39m[33m,[39m () 
[33m=>[39m {
    [90m746| [39m      [35mconst[39m instance [33m=[39m [34minitComponent[39m()[33m;[39m
    [90m747| [39m      const showToastSpy = vi.spyOn(instance as unknown as ComponentWiΓÇª
    [90m   | [39m                              [31m^[39m
    [90m748| [39m      (instance [35mas[39m unknown [35mas[39m 
[33mComponentWithPrivate[39m)[33m.[39mselectedDyes [33m=[39m [][33m;[39m
    [90m749| [39m      (instance [35mas[39m unknown [35mas[39m 
[33mComponentWithPrivate[39m)[33m.[39m[34msaveGradient[39m()[33m;[39m

[31m[2mΓÄ»ΓÄ»ΓÄ»ΓÄ»ΓÄ»ΓÄ»ΓÄ»ΓÄ»ΓÄ»ΓÄ»ΓÄ»ΓÄ»ΓÄ»ΓÄ»ΓÄ»ΓÄ»ΓÄ»ΓÄ»ΓÄ»ΓÄ»ΓÄ»ΓÄ»[22/83]ΓÄ»[22m[39m

[41m[1m FAIL [22m[49m src/components/__tests__/dye-mixer-tool.test.ts[2m > [22mDyeMixerTool[2m > 
[22mloadSavedGradient branches[2m > [22mshould show error for invalid index
[31m[1mError[22m: The property "showToast" is not defined on the object.[39m
[36m [2mΓ¥»[22m src/components/__tests__/dye-mixer-tool.test.ts:[2m774:31[22m[39m
    [90m772| [39m      
localStorage[33m.[39m[34msetItem[39m([32m'xivdyetools_dyemixer_gradients'[39m[33m,[39m 
[32m'[]'[39m)[33m;[39m
    [90m773| [39m      [35mconst[39m instance [33m=[39m [34minitComponent[39m()[33m;[39m
    [90m774| [39m      const showToastSpy = vi.spyOn(instance as unknown as ComponentWiΓÇª
    [90m   | [39m                              [31m^[39m
    [90m775| [39m      (instance as unknown as ComponentWithPrivate).loadSavedGradient(ΓÇª
    [90m776| [39m      expect(showToastSpy).toHaveBeenCalledWith('Gradient not found', ΓÇª

[31m[2mΓÄ»ΓÄ»ΓÄ»ΓÄ»ΓÄ»ΓÄ»ΓÄ»ΓÄ»ΓÄ»ΓÄ»ΓÄ»ΓÄ»ΓÄ»ΓÄ»ΓÄ»ΓÄ»ΓÄ»ΓÄ»ΓÄ»ΓÄ»ΓÄ»ΓÄ»[23/83]ΓÄ»[22m[39m

[41m[1m FAIL [22m[49m src/components/__tests__/dye-mixer-tool.test.ts[2m > [22mDyeMixerTool[2m > 
[22mloadSavedGradient branches[2m > [22mshould show error when dye not found
[31m[1mError[22m: The property "showToast" is not defined on the object.[39m
[36m [2mΓ¥»[22m src/components/__tests__/dye-mixer-tool.test.ts:[2m788:31[22m[39m
    [90m786| [39m      vi[33m.[39m[34mspyOn[39m(dyeService[33m,[39m 
[32m'getDyeById'[39m)[33m.[39m[34mmockReturnValue[39m([35mnull[39m)[33m;[39m
    [90m787| [39m      [35mconst[39m instance [33m=[39m [34minitComponent[39m()[33m;[39m
    [90m788| [39m      const showToastSpy = vi.spyOn(instance as unknown as ComponentWiΓÇª
    [90m   | [39m                              [31m^[39m
    [90m789| [39m      (instance as unknown as ComponentWithPrivate).loadSavedGradient(ΓÇª
    [90m790| [39m      [34mexpect[39m(showToastSpy)[33m.[39m[34mtoHaveBeenCalled[39m()[33m;[39m

[31m[2mΓÄ»ΓÄ»ΓÄ»ΓÄ»ΓÄ»ΓÄ»ΓÄ»ΓÄ»ΓÄ»ΓÄ»ΓÄ»ΓÄ»ΓÄ»ΓÄ»ΓÄ»ΓÄ»ΓÄ»ΓÄ»ΓÄ»ΓÄ»ΓÄ»ΓÄ»[24/83]ΓÄ»[22m[39m

[41m[1m FAIL [22m[49m src/components/__tests__/dye-mixer-tool.test.ts[2m > [22mDyeMixerTool[2m > 
[22mdeleteSavedGradient branches[2m > [22mshould show error for invalid index
[31m[1mError[22m: The property "showToast" is not defined on the object.[39m
[36m [2mΓ¥»[22m src/components/__tests__/dye-mixer-tool.test.ts:[2m802:31[22m[39m
    [90m800| [39m      
localStorage[33m.[39m[34msetItem[39m([32m'xivdyetools_dyemixer_gradients'[39m[33m,[39m 
[32m'[]'[39m)[33m;[39m
    [90m801| [39m      [35mconst[39m instance [33m=[39m [34minitComponent[39m()[33m;[39m
    [90m802| [39m      const showToastSpy = vi.spyOn(instance as unknown as ComponentWiΓÇª
    [90m   | [39m                              [31m^[39m
    [90m803| [39m      (instance as unknown as ComponentWithPrivate).deleteSavedGradienΓÇª
    [90m804| [39m      expect(showToastSpy).toHaveBeenCalledWith(expect.any(String), 'eΓÇª

[31m[2mΓÄ»ΓÄ»ΓÄ»ΓÄ»ΓÄ»ΓÄ»ΓÄ»ΓÄ»ΓÄ»ΓÄ»ΓÄ»ΓÄ»ΓÄ»ΓÄ»ΓÄ»ΓÄ»ΓÄ»ΓÄ»ΓÄ»ΓÄ»ΓÄ»ΓÄ»[25/83]ΓÄ»[22m[39m

[41m[1m FAIL [22m[49m src/components/__tests__/dye-mixer-tool.test.ts[2m > [22mDyeMixerTool[2m > 
[22mcopyShareUrl branches[2m > [22mshould show error when less than 2 dyes
[31m[1mError[22m: The property "showToast" is not defined on the object.[39m
[36m [2mΓ¥»[22m src/components/__tests__/dye-mixer-tool.test.ts:[2m815:31[22m[39m
    [90m813| [39m    [34mit[39m([32m'should show error when less than 2 dyes'[39m[33m,[39m () 
[33m=>[39m {
    [90m814| [39m      [35mconst[39m instance [33m=[39m [34minitComponent[39m()[33m;[39m
    [90m815| [39m      const showToastSpy = vi.spyOn(instance as unknown as ComponentWiΓÇª
    [90m   | [39m                              [31m^[39m
    [90m816| [39m      (instance [35mas[39m unknown [35mas[39m 
[33mComponentWithPrivate[39m)[33m.[39mselectedDyes [33m=[39m [][33m;[39m
    [90m817| [39m      (instance [35mas[39m unknown [35mas[39m 
[33mComponentWithPrivate[39m)[33m.[39m[34mcopyShareUrl[39m()[33m;[39m

[31m[2mΓÄ»ΓÄ»ΓÄ»ΓÄ»ΓÄ»ΓÄ»ΓÄ»ΓÄ»ΓÄ»ΓÄ»ΓÄ»ΓÄ»ΓÄ»ΓÄ»ΓÄ»ΓÄ»ΓÄ»ΓÄ»ΓÄ»ΓÄ»ΓÄ»ΓÄ»[26/83]ΓÄ»[22m[39m

[41m[1m FAIL [22m[49m src/components/__tests__/dye-mixer-tool.test.ts[2m > [22mDyeMixerTool[2m > 
[22monMount method[2m > [22mshould call update when language changes
[31m[1mAssertionError[22m: expected "update" to be called at least once[39m
[36m [2mΓ¥»[22m src/components/__tests__/dye-mixer-tool.test.ts:[2m903:25[22m[39m
    [90m901| [39m      [34mlanguageCallback[39m[33m![39m([32m'en'[39m)[33m;[39m
    [90m902| [39m
    [90m903| [39m      [34mexpect[39m(updateSpy)[33m.[39m[34mtoHaveBeenCalled[39m()[33m;[39m
    [90m   | [39m                        [31m^[39m
    [90m904| [39m    })[33m;[39m
    [90m905| [39m

[31m[2mΓÄ»ΓÄ»ΓÄ»ΓÄ»ΓÄ»ΓÄ»ΓÄ»ΓÄ»ΓÄ»ΓÄ»ΓÄ»ΓÄ»ΓÄ»ΓÄ»ΓÄ»ΓÄ»ΓÄ»ΓÄ»ΓÄ»ΓÄ»ΓÄ»ΓÄ»[27/83]ΓÄ»[22m[39m

[41m[1m FAIL [22m[49m src/components/__tests__/dye-mixer-tool.test.ts[2m > [22mDyeMixerTool[2m > 
[22mbindEvents child components[2m > [22mshould bind save button click handler
[31m[1mError[22m: The property "showToast" is not defined on the object.[39m
[36m [2mΓ¥»[22m src/components/__tests__/dye-mixer-tool.test.ts:[2m946:31[22m[39m
    [90m944| [39m      [35mconst[39m instance [33m=[39m [34minitComponent[39m()[33m;[39m
    [90m945| [39m      const saveBtn = container.querySelector<HTMLButtonElement>('#savΓÇª
    [90m946| [39m      const showToastSpy = vi.spyOn(instance as unknown as ComponentWiΓÇª
    [90m   | [39m                              [31m^[39m
    [90m947| [39m
    [90m948| [39m      (instance [35mas[39m unknown [35mas[39m 
[33mComponentWithPrivate[39m)[33m.[39mselectedDyes [33m=[39m [][33m;[39m

[31m[2mΓÄ»ΓÄ»ΓÄ»ΓÄ»ΓÄ»ΓÄ»ΓÄ»ΓÄ»ΓÄ»ΓÄ»ΓÄ»ΓÄ»ΓÄ»ΓÄ»ΓÄ»ΓÄ»ΓÄ»ΓÄ»ΓÄ»ΓÄ»ΓÄ»ΓÄ»[28/83]ΓÄ»[22m[39m

[41m[1m FAIL [22m[49m src/components/__tests__/dye-mixer-tool.test.ts[2m > [22mDyeMixerTool[2m > 
[22mbindEvents child components[2m > [22mshould bind share button click handler
[31m[1mError[22m: The property "showToast" is not defined on the object.[39m
[36m [2mΓ¥»[22m src/components/__tests__/dye-mixer-tool.test.ts:[2m957:31[22m[39m
    [90m955| [39m      [35mconst[39m instance [33m=[39m [34minitComponent[39m()[33m;[39m
    [90m956| [39m      const shareBtn = container.querySelector<HTMLButtonElement>('#coΓÇª
    [90m957| [39m      const showToastSpy = vi.spyOn(instance as unknown as ComponentWiΓÇª
    [90m   | [39m                              [31m^[39m
    [90m958| [39m
    [90m959| [39m      (instance [35mas[39m unknown [35mas[39m 
[33mComponentWithPrivate[39m)[33m.[39mselectedDyes [33m=[39m [][33m;[39m

[31m[2mΓÄ»ΓÄ»ΓÄ»ΓÄ»ΓÄ»ΓÄ»ΓÄ»ΓÄ»ΓÄ»ΓÄ»ΓÄ»ΓÄ»ΓÄ»ΓÄ»ΓÄ»ΓÄ»ΓÄ»ΓÄ»ΓÄ»ΓÄ»ΓÄ»ΓÄ»[29/83]ΓÄ»[22m[39m

[41m[1m FAIL [22m[49m src/components/__tests__/dye-mixer-tool.test.ts[2m > [22mDyeMixerTool[2m > 
[22msaveGradient success path[2m > [22mshould save gradient to localStorage when valid
[31m[1mError[22m: The property "showToast" is not defined on the object.[39m
[36m [2mΓ¥»[22m src/components/__tests__/dye-mixer-tool.test.ts:[2m1022:31[22m[39m
    [90m1020| [39m      vi[33m.[39m[34mspyOn[39m(window[33m,[39m 
[32m'prompt'[39m)[33m.[39m[34mmockReturnValue[39m([32m'My Test Gradient'[39m)[33m;[39m
    [90m1021| [39m      [35mconst[39m instance [33m=[39m [34minitComponent[39m()[33m;[39m
    [90m1022| [39m      const showToastSpy = vi.spyOn(instance as unknown as ComponentWiΓÇª
    [90m   | [39m                              [31m^[39m
    [90m1023| [39m
    [90m1024| [39m      (instance [35mas[39m unknown [35mas[39m 
[33mComponentWithPrivate[39m)[33m.[39mselectedDyes [33m=[39m [

[31m[2mΓÄ»ΓÄ»ΓÄ»ΓÄ»ΓÄ»ΓÄ»ΓÄ»ΓÄ»ΓÄ»ΓÄ»ΓÄ»ΓÄ»ΓÄ»ΓÄ»ΓÄ»ΓÄ»ΓÄ»ΓÄ»ΓÄ»ΓÄ»ΓÄ»ΓÄ»[30/83]ΓÄ»[22m[39m

[41m[1m FAIL [22m[49m src/components/__tests__/dye-mixer-tool.test.ts[2m > [22mDyeMixerTool[2m > 
[22mloadSavedGradient success path[2m > [22mshould load gradient and set selected dyes
[31m[1mError[22m: The property "showToast" is not defined on the object.[39m
[36m [2mΓ¥»[22m src/components/__tests__/dye-mixer-tool.test.ts:[2m1088:31[22m[39m
    [90m1086| [39m
    [90m1087| [39m      [35mconst[39m instance [33m=[39m [34minitComponent[39m()[33m;[39m
    [90m1088| [39m      const showToastSpy = vi.spyOn(instance as unknown as ComponentWiΓÇª
    [90m   | [39m                              [31m^[39m
    [90m1089| [39m
    [90m1090| [39m      (instance as unknown as ComponentWithPrivate).loadSavedGradient(ΓÇª

[31m[2mΓÄ»ΓÄ»ΓÄ»ΓÄ»ΓÄ»ΓÄ»ΓÄ»ΓÄ»ΓÄ»ΓÄ»ΓÄ»ΓÄ»ΓÄ»ΓÄ»ΓÄ»ΓÄ»ΓÄ»ΓÄ»ΓÄ»ΓÄ»ΓÄ»ΓÄ»[31/83]ΓÄ»[22m[39m

[41m[1m FAIL [22m[49m src/components/__tests__/dye-mixer-tool.test.ts[2m > [22mDyeMixerTool[2m > 
[22mdeleteSavedGradient success path[2m > [22mshould delete gradient from localStorage
[31m[1mError[22m: The property "showToast" is not defined on the object.[39m
[36m [2mΓ¥»[22m src/components/__tests__/dye-mixer-tool.test.ts:[2m1183:31[22m[39m
    [90m1181| [39m
    [90m1182| [39m      [35mconst[39m instance [33m=[39m [34minitComponent[39m()[33m;[39m
    [90m1183| [39m      const showToastSpy = vi.spyOn(instance as unknown as ComponentWiΓÇª
    [90m   | [39m                              [31m^[39m
    [90m1184| [39m
    [90m1185| [39m      (instance as unknown as ComponentWithPrivate).deleteSavedGradienΓÇª

[31m[2mΓÄ»ΓÄ»ΓÄ»ΓÄ»ΓÄ»ΓÄ»ΓÄ»ΓÄ»ΓÄ»ΓÄ»ΓÄ»ΓÄ»ΓÄ»ΓÄ»ΓÄ»ΓÄ»ΓÄ»ΓÄ»ΓÄ»ΓÄ»ΓÄ»ΓÄ»[32/83]ΓÄ»[22m[39m

[41m[1m FAIL [22m[49m src/components/__tests__/dye-mixer-tool.test.ts[2m > [22mDyeMixerTool[2m > 
[22mcopyShareUrl success path[2m > [22mshould copy URL to clipboard when valid
[31m[1mError[22m: The property "showToast" is not defined on the object.[39m
[36m [2mΓ¥»[22m src/components/__tests__/dye-mixer-tool.test.ts:[2m1219:31[22m[39m
    [90m1217| [39m
    [90m1218| [39m      [35mconst[39m instance [33m=[39m [34minitComponent[39m()[33m;[39m
    [90m1219| [39m      const showToastSpy = vi.spyOn(instance as unknown as ComponentWiΓÇª
    [90m   | [39m                              [31m^[39m
    [90m1220| [39m
    [90m1221| [39m      (instance [35mas[39m unknown [35mas[39m 
[33mComponentWithPrivate[39m)[33m.[39mselectedDyes [33m=[39m [

[31m[2mΓÄ»ΓÄ»ΓÄ»ΓÄ»ΓÄ»ΓÄ»ΓÄ»ΓÄ»ΓÄ»ΓÄ»ΓÄ»ΓÄ»ΓÄ»ΓÄ»ΓÄ»ΓÄ»ΓÄ»ΓÄ»ΓÄ»ΓÄ»ΓÄ»ΓÄ»[33/83]ΓÄ»[22m[39m

[41m[1m FAIL [22m[49m src/components/__tests__/dye-mixer-tool.test.ts[2m > [22mDyeMixerTool[2m > 
[22mcopyShareUrl success path[2m > [22mshould show error when clipboard fails
[31m[1mError[22m: The property "showToast" is not defined on the object.[39m
[36m [2mΓ¥»[22m src/components/__tests__/dye-mixer-tool.test.ts:[2m1247:31[22m[39m
    [90m1245| [39m
    [90m1246| [39m      [35mconst[39m instance [33m=[39m [34minitComponent[39m()[33m;[39m
    [90m1247| [39m      const showToastSpy = vi.spyOn(instance as unknown as ComponentWiΓÇª
    [90m   | [39m                              [31m^[39m
    [90m1248| [39m
    [90m1249| [39m      (instance [35mas[39m unknown [35mas[39m 
[33mComponentWithPrivate[39m)[33m.[39mselectedDyes [33m=[39m [

[31m[2mΓÄ»ΓÄ»ΓÄ»ΓÄ»ΓÄ»ΓÄ»ΓÄ»ΓÄ»ΓÄ»ΓÄ»ΓÄ»ΓÄ»ΓÄ»ΓÄ»ΓÄ»ΓÄ»ΓÄ»ΓÄ»ΓÄ»ΓÄ»ΓÄ»ΓÄ»[34/83]ΓÄ»[22m[39m

[41m[1m FAIL [22m[49m src/components/__tests__/dye-mixer-tool.test.ts[2m > [22mDyeMixerTool[2m > 
[22mshowToast variations[2m > [22mshould use green for success toast
[31m[1mTypeError[22m: instance.showToast is not a function[39m
[36m [2mΓ¥»[22m src/components/__tests__/dye-mixer-tool.test.ts:[2m1380:53[22m[39m
    [90m1378| [39m    [34mit[39m([32m'should use green for success toast'[39m[33m,[39m () [33m=>[39m {
    [90m1379| [39m      [35mconst[39m instance [33m=[39m [34minitComponent[39m()[33m;[39m
    [90m1380| [39m      (instance as unknown as ComponentWithPrivate).showToast('SuccessΓÇª
    [90m   | [39m                                                    [31m^[39m
    [90m1381| [39m
    [90m1382| [39m      const toast = document.getElementById('toast-container')?.firstEΓÇª

[31m[2mΓÄ»ΓÄ»ΓÄ»ΓÄ»ΓÄ»ΓÄ»ΓÄ»ΓÄ»ΓÄ»ΓÄ»ΓÄ»ΓÄ»ΓÄ»ΓÄ»ΓÄ»ΓÄ»ΓÄ»ΓÄ»ΓÄ»ΓÄ»ΓÄ»ΓÄ»[35/83]ΓÄ»[22m[39m

[41m[1m FAIL [22m[49m src/components/__tests__/dye-mixer-tool.test.ts[2m > [22mDyeMixerTool[2m > 
[22mshowToast variations[2m > [22mshould use red for error toast
[31m[1mTypeError[22m: instance.showToast is not a function[39m
[36m [2mΓ¥»[22m src/components/__tests__/dye-mixer-tool.test.ts:[2m1388:53[22m[39m
    [90m1386| [39m    [34mit[39m([32m'should use red for error toast'[39m[33m,[39m () [33m=>[39m {
    [90m1387| [39m      [35mconst[39m instance [33m=[39m [34minitComponent[39m()[33m;[39m
    [90m1388| [39m      (instance as unknown as ComponentWithPrivate).showToast('Error!'ΓÇª
    [90m   | [39m                                                    [31m^[39m
    [90m1389| [39m
    [90m1390| [39m      const toast = document.getElementById('toast-container')?.firstEΓÇª

[31m[2mΓÄ»ΓÄ»ΓÄ»ΓÄ»ΓÄ»ΓÄ»ΓÄ»ΓÄ»ΓÄ»ΓÄ»ΓÄ»ΓÄ»ΓÄ»ΓÄ»ΓÄ»ΓÄ»ΓÄ»ΓÄ»ΓÄ»ΓÄ»ΓÄ»ΓÄ»[36/83]ΓÄ»[22m[39m

[41m[1m FAIL [22m[49m src/components/__tests__/dye-mixer-tool.test.ts[2m > [22mDyeMixerTool[2m > 
[22mshowToast variations[2m > [22mshould use existing toast container if present
[31m[1mTypeError[22m: instance.showToast is not a function[39m
[36m [2mΓ¥»[22m src/components/__tests__/dye-mixer-tool.test.ts:[2m1400:53[22m[39m
    [90m1398| [39m
    [90m1399| [39m      [35mconst[39m instance [33m=[39m [34minitComponent[39m()[33m;[39m
    [90m1400| [39m      (instance as unknown as ComponentWithPrivate).showToast('Test', ΓÇª
    [90m   | [39m                                                    [31m^[39m
    [90m1401| [39m
    [90m1402| [39m      [35mconst[39m containers [33m=[39m 
document[33m.[39m[34mquerySelectorAll[39m([32m'#toast-container'[39m)[33m;[39m

[31m[2mΓÄ»ΓÄ»ΓÄ»ΓÄ»ΓÄ»ΓÄ»ΓÄ»ΓÄ»ΓÄ»ΓÄ»ΓÄ»ΓÄ»ΓÄ»ΓÄ»ΓÄ»ΓÄ»ΓÄ»ΓÄ»ΓÄ»ΓÄ»ΓÄ»ΓÄ»[37/83]ΓÄ»[22m[39m

[41m[1m FAIL [22m[49m src/components/__tests__/dye-mixer-tool.test.ts[2m > [22mDyeMixerTool[2m > 
[22mshowToast variations[2m > [22mshould allow click to dismiss toast
[31m[1mTypeError[22m: instance.showToast is not a function[39m
[36m [2mΓ¥»[22m src/components/__tests__/dye-mixer-tool.test.ts:[2m1409:53[22m[39m
    [90m1407| [39m      vi[33m.[39m[34museFakeTimers[39m()[33m;[39m
    [90m1408| [39m      [35mconst[39m instance [33m=[39m [34minitComponent[39m()[33m;[39m
    [90m1409| [39m      (instance as unknown as ComponentWithPrivate).showToast('DismissΓÇª
    [90m   | [39m                                                    [31m^[39m
    [90m1410| [39m
    [90m1411| [39m      const toast = document.getElementById('toast-container')?.firstEΓÇª

[31m[2mΓÄ»ΓÄ»ΓÄ»ΓÄ»ΓÄ»ΓÄ»ΓÄ»ΓÄ»ΓÄ»ΓÄ»ΓÄ»ΓÄ»ΓÄ»ΓÄ»ΓÄ»ΓÄ»ΓÄ»ΓÄ»ΓÄ»ΓÄ»ΓÄ»ΓÄ»[38/83]ΓÄ»[22m[39m

[41m[1m FAIL [22m[49m src/components/__tests__/dye-mixer-tool.test.ts[2m > [22mDyeMixerTool[2m > 
[22mshowToast variations[2m > [22mshould auto-remove toast after timeout
[31m[1mTypeError[22m: instance.showToast is not a function[39m
[36m [2mΓ¥»[22m src/components/__tests__/dye-mixer-tool.test.ts:[2m1425:53[22m[39m
    [90m1423| [39m      vi[33m.[39m[34museFakeTimers[39m()[33m;[39m
    [90m1424| [39m      [35mconst[39m instance [33m=[39m [34minitComponent[39m()[33m;[39m
    [90m1425| [39m      (instance as unknown as ComponentWithPrivate).showToast('Auto reΓÇª
    [90m   | [39m                                                    [31m^[39m
    [90m1426| [39m
    [90m1427| [39m      [90m// Wait for auto-remove (3000ms + 300ms animation)[39m

[31m[2mΓÄ»ΓÄ»ΓÄ»ΓÄ»ΓÄ»ΓÄ»ΓÄ»ΓÄ»ΓÄ»ΓÄ»ΓÄ»ΓÄ»ΓÄ»ΓÄ»ΓÄ»ΓÄ»ΓÄ»ΓÄ»ΓÄ»ΓÄ»ΓÄ»ΓÄ»[39/83]ΓÄ»[22m[39m

[41m[1m FAIL [22m[49m src/components/__tests__/dye-preview-overlay.test.ts[2m > [22mDyePreviewOverlay[2m 
> [22mShow Preview[2m > [22mshould remove previous overlay before showing new one
[31m[1mError[22m: A function to advance timers was called but the timers APIs are not mocked. Call 
`vi.useFakeTimers()` in the test file first.[39m
[36m [2mΓ¥»[22m src/components/__tests__/dye-preview-overlay.test.ts:[2m208:10[22m[39m
    [90m206| [39m
    [90m207| [39m      [90m// Wait for animation[39m
    [90m208| [39m      vi[33m.[39m[34madvanceTimersByTime[39m([34m200[39m)[33m;[39m
    [90m   | [39m         [31m^[39m
    [90m209| [39m
    [90m210| [39m      const overlays = document.querySelectorAll('.dye-preview-overlayΓÇª

[31m[2mΓÄ»ΓÄ»ΓÄ»ΓÄ»ΓÄ»ΓÄ»ΓÄ»ΓÄ»ΓÄ»ΓÄ»ΓÄ»ΓÄ»ΓÄ»ΓÄ»ΓÄ»ΓÄ»ΓÄ»ΓÄ»ΓÄ»ΓÄ»ΓÄ»ΓÄ»[40/83]ΓÄ»[22m[39m

[41m[1m FAIL [22m[49m src/components/__tests__/dye-preview-overlay.test.ts[2m > [22mDyePreviewOverlay[2m 
> [22mViewport Boundary Handling[2m > [22mshould adjust position when near right edge
[31m[1mAssertionError[22m: expected 1144 to be less than 1024[39m
[36m [2mΓ¥»[22m src/components/__tests__/dye-preview-overlay.test.ts:[2m310:20[22m[39m
    [90m308| [39m      [35mconst[39m left [33m=[39m 
[34mparseInt[39m(overlay[33m.[39mstyle[33m.[39mleft)[33m;[39m
    [90m309| [39m      [90m// Should be positioned to not overflow[39m
    [90m310| [39m      
[34mexpect[39m(left)[33m.[39m[34mtoBeLessThan[39m(window[33m.[39minnerWidth)[33m;[39m
    [90m   | [39m                   [31m^[39m
    [90m311| [39m    })[33m;[39m
    [90m312| [39m

[31m[2mΓÄ»ΓÄ»ΓÄ»ΓÄ»ΓÄ»ΓÄ»ΓÄ»ΓÄ»ΓÄ»ΓÄ»ΓÄ»ΓÄ»ΓÄ»ΓÄ»ΓÄ»ΓÄ»ΓÄ»ΓÄ»ΓÄ»ΓÄ»ΓÄ»ΓÄ»[41/83]ΓÄ»[22m[39m

[41m[1m FAIL [22m[49m src/components/__tests__/dye-selector.test.ts[2m > [22mDyeSelector[2m > 
[22mRendering[2m > [22mshould render dye cards
[31m[1mAssertionError[22m: expected 0 to be greater than 0[39m
[36m [2mΓ¥»[22m src/components/__tests__/dye-selector.test.ts:[2m119:31[22m[39m
    [90m117| [39m
    [90m118| [39m      [35mconst[39m dyeCards [33m=[39m 
container[33m.[39m[34mquerySelectorAll[39m([32m'.dye-select-btn'[39m)[33m;[39m
    [90m119| [39m      
[34mexpect[39m(dyeCards[33m.[39mlength)[33m.[39m[34mtoBeGreaterThan[39m([34m0[39m)[33m;[39m
    [90m   | [39m                              [31m^[39m
    [90m120| [39m    })[33m;[39m
    [90m121| [39m

[31m[2mΓÄ»ΓÄ»ΓÄ»ΓÄ»ΓÄ»ΓÄ»ΓÄ»ΓÄ»ΓÄ»ΓÄ»ΓÄ»ΓÄ»ΓÄ»ΓÄ»ΓÄ»ΓÄ»ΓÄ»ΓÄ»ΓÄ»ΓÄ»ΓÄ»ΓÄ»[42/83]ΓÄ»[22m[39m

[41m[1m FAIL [22m[49m src/components/__tests__/dye-selector.test.ts[2m > [22mDyeSelector[2m > 
[22mRendering[2m > [22mshould render selected dyes counter when allowMultiple is true
[31m[1mAssertionError[22m: expected '' to contain 'Selected: 0/4'[39m

[32m- Expected[39m
[31m+ Received[39m

[32m- Selected: 0/4[39m

[36m [2mΓ¥»[22m src/components/__tests__/dye-selector.test.ts:[2m127:42[22m[39m
    [90m125| [39m      const selectedLabel = container.querySelector('#selected-dyes-laΓÇª
    [90m126| [39m      [34mexpect[39m(selectedLabel)[33m.[39mnot[33m.[39m[34mtoBeNull[39m()[33m;[39m
    [90m127| [39m      
[34mexpect[39m(selectedLabel[33m?.[39mtextContent)[33m.[39m[34mtoContain[39m([32m'Selected: 
0/4'[39m)[33m;[39m
    [90m   | [39m                                         [31m^[39m
    [90m128| [39m    })[33m;[39m
    [90m129| [39m

[31m[2mΓÄ»ΓÄ»ΓÄ»ΓÄ»ΓÄ»ΓÄ»ΓÄ»ΓÄ»ΓÄ»ΓÄ»ΓÄ»ΓÄ»ΓÄ»ΓÄ»ΓÄ»ΓÄ»ΓÄ»ΓÄ»ΓÄ»ΓÄ»ΓÄ»ΓÄ»[43/83]ΓÄ»[22m[39m

[41m[1m FAIL [22m[49m src/components/__tests__/dye-selector.test.ts[2m > [22mDyeSelector[2m > [22mDye 
Selection[2m > [22mshould select a dye when clicked
[31m[1mAssertionError[22m: expected +0 to be 1 // Object.is equality[39m

[32m- Expected[39m
[31m+ Received[39m

[32m- 1[39m
[31m+ 0[39m

[36m [2mΓ¥»[22m src/components/__tests__/dye-selector.test.ts:[2m345:35[22m[39m
    [90m343| [39m
    [90m344| [39m      [35mconst[39m selectedDyes [33m=[39m 
component[33m.[39m[34mgetSelectedDyes[39m()[33m;[39m
    [90m345| [39m      
[34mexpect[39m(selectedDyes[33m.[39mlength)[33m.[39m[34mtoBe[39m([34m1[39m)[33m;[39m
    [90m   | [39m                                  [31m^[39m
    [90m346| [39m    })[33m;[39m
    [90m347| [39m

[31m[2mΓÄ»ΓÄ»ΓÄ»ΓÄ»ΓÄ»ΓÄ»ΓÄ»ΓÄ»ΓÄ»ΓÄ»ΓÄ»ΓÄ»ΓÄ»ΓÄ»ΓÄ»ΓÄ»ΓÄ»ΓÄ»ΓÄ»ΓÄ»ΓÄ»ΓÄ»[44/83]ΓÄ»[22m[39m

[41m[1m FAIL [22m[49m src/components/__tests__/dye-selector.test.ts[2m > [22mDyeSelector[2m > [22mDye 
Selection[2m > [22mshould emit selection-changed event when dye is selected
[31m[1mAssertionError[22m: expected "vi.fn()" to be called 1 times, but got 0 times[39m
[36m [2mΓ¥»[22m src/components/__tests__/dye-selector.test.ts:[2m357:28[22m[39m
    [90m355| [39m      dyeCard[33m?.[39m[34mclick[39m()[33m;[39m
    [90m356| [39m
    [90m357| [39m      
[34mexpect[39m(eventHandler)[33m.[39m[34mtoHaveBeenCalledTimes[39m([34m1[39m)[33m;[39m
    [90m   | [39m                           [31m^[39m
    [90m358| [39m    })[33m;[39m
    [90m359| [39m

[31m[2mΓÄ»ΓÄ»ΓÄ»ΓÄ»ΓÄ»ΓÄ»ΓÄ»ΓÄ»ΓÄ»ΓÄ»ΓÄ»ΓÄ»ΓÄ»ΓÄ»ΓÄ»ΓÄ»ΓÄ»ΓÄ»ΓÄ»ΓÄ»ΓÄ»ΓÄ»[45/83]ΓÄ»[22m[39m

[41m[1m FAIL [22m[49m src/components/__tests__/dye-selector.test.ts[2m > [22mDyeSelector[2m > [22mDye 
Selection[2m > [22mshould respect maxSelections limit
[31m[1mAssertionError[22m: expected +0 to be 2 // Object.is equality[39m

[32m- Expected[39m
[31m+ Received[39m

[32m- 2[39m
[31m+ 0[39m

[36m [2mΓ¥»[22m src/components/__tests__/dye-selector.test.ts:[2m376:35[22m[39m
    [90m374| [39m
    [90m375| [39m      [35mconst[39m selectedDyes [33m=[39m 
component[33m.[39m[34mgetSelectedDyes[39m()[33m;[39m
    [90m376| [39m      
[34mexpect[39m(selectedDyes[33m.[39mlength)[33m.[39m[34mtoBe[39m([34m2[39m)[33m;[39m [90m// Should 
stop at 2[39m
    [90m   | [39m                                  [31m^[39m
    [90m377| [39m    })[33m;[39m
    [90m378| [39m

[31m[2mΓÄ»ΓÄ»ΓÄ»ΓÄ»ΓÄ»ΓÄ»ΓÄ»ΓÄ»ΓÄ»ΓÄ»ΓÄ»ΓÄ»ΓÄ»ΓÄ»ΓÄ»ΓÄ»ΓÄ»ΓÄ»ΓÄ»ΓÄ»ΓÄ»ΓÄ»[46/83]ΓÄ»[22m[39m

[41m[1m FAIL [22m[49m src/components/__tests__/dye-selector.test.ts[2m > [22mDyeSelector[2m > [22mDye 
Selection[2m > [22mshould toggle selection when clicking same dye twice (no duplicates)
[31m[1mAssertionError[22m: expected +0 to be 1 // Object.is equality[39m

[32m- Expected[39m
[31m+ Received[39m

[32m- 1[39m
[31m+ 0[39m

[36m [2mΓ¥»[22m src/components/__tests__/dye-selector.test.ts:[2m389:50[22m[39m
    [90m387| [39m      const dyeCard1 = container.querySelector(`[data-dye-id="${dyeId}ΓÇª
    [90m388| [39m      dyeCard1[33m?.[39m[34mclick[39m()[33m;[39m
    [90m389| [39m      [34mexpect[39m(component[33m.[39m[34mgetSelectedDyes[39m()[33m.[39mlength)[33m.
[39m[34mtoBe[39m([34m1[39m)[33m;[39m
    [90m   | [39m                                                 [31m^[39m
    [90m390| [39m
    [90m391| [39m      [90m// Click again - re-query after component update[39m

[31m[2mΓÄ»ΓÄ»ΓÄ»ΓÄ»ΓÄ»ΓÄ»ΓÄ»ΓÄ»ΓÄ»ΓÄ»ΓÄ»ΓÄ»ΓÄ»ΓÄ»ΓÄ»ΓÄ»ΓÄ»ΓÄ»ΓÄ»ΓÄ»ΓÄ»ΓÄ»[47/83]ΓÄ»[22m[39m

[41m[1m FAIL [22m[49m src/components/__tests__/dye-selector.test.ts[2m > [22mDyeSelector[2m > [22mDye 
Selection[2m > [22mshould allow duplicates when allowDuplicates is true
[31m[1mAssertionError[22m: expected +0 to be 1 // Object.is equality[39m

[32m- Expected[39m
[31m+ Received[39m

[32m- 1[39m
[31m+ 0[39m

[36m [2mΓ¥»[22m src/components/__tests__/dye-selector.test.ts:[2m412:50[22m[39m
    [90m410| [39m      dyeCard1[33m?.[39m[34mclick[39m()[33m;[39m
    [90m411| [39m
    [90m412| [39m      expect(component.getSelectedDyes().length).toBe(1); // First cliΓÇª
    [90m   | [39m                                                 [31m^[39m
    [90m413| [39m
    [90m414| [39m      // Re-query specifically for the dye grid button (not the removeΓÇª

[31m[2mΓÄ»ΓÄ»ΓÄ»ΓÄ»ΓÄ»ΓÄ»ΓÄ»ΓÄ»ΓÄ»ΓÄ»ΓÄ»ΓÄ»ΓÄ»ΓÄ»ΓÄ»ΓÄ»ΓÄ»ΓÄ»ΓÄ»ΓÄ»ΓÄ»ΓÄ»[48/83]ΓÄ»[22m[39m

[41m[1m FAIL [22m[49m src/components/__tests__/dye-selector.test.ts[2m > [22mDyeSelector[2m > [22mDye 
Selection[2m > [22mshould only allow single selection when allowMultiple is false
[31m[1mAssertionError[22m: expected +0 to be 1 // Object.is equality[39m

[32m- Expected[39m
[31m+ Received[39m

[32m- 1[39m
[31m+ 0[39m

[36m [2mΓ¥»[22m src/components/__tests__/dye-selector.test.ts:[2m438:35[22m[39m
    [90m436| [39m
    [90m437| [39m      [35mconst[39m selectedDyes [33m=[39m 
component[33m.[39m[34mgetSelectedDyes[39m()[33m;[39m
    [90m438| [39m      expect(selectedDyes.length).toBe(1); // Only last selection shouΓÇª
    [90m   | [39m                                  [31m^[39m
    [90m439| [39m    })[33m;[39m
    [90m440| [39m

[31m[2mΓÄ»ΓÄ»ΓÄ»ΓÄ»ΓÄ»ΓÄ»ΓÄ»ΓÄ»ΓÄ»ΓÄ»ΓÄ»ΓÄ»ΓÄ»ΓÄ»ΓÄ»ΓÄ»ΓÄ»ΓÄ»ΓÄ»ΓÄ»ΓÄ»ΓÄ»[49/83]ΓÄ»[22m[39m

[41m[1m FAIL [22m[49m src/components/__tests__/dye-selector.test.ts[2m > [22mDyeSelector[2m > [22mDye 
Selection[2m > [22mshould update selected dyes counter
[31m[1mAssertionError[22m: expected '' to contain '0/4'[39m

[32m- Expected[39m
[31m+ Received[39m

[32m- 0/4[39m

[36m [2mΓ¥»[22m src/components/__tests__/dye-selector.test.ts:[2m445:42[22m[39m
    [90m443| [39m
    [90m444| [39m      const selectedLabel = container.querySelector('#selected-dyes-laΓÇª
    [90m445| [39m      
[34mexpect[39m(selectedLabel[33m?.[39mtextContent)[33m.[39m[34mtoContain[39m([32m'0/4'[39m)[33m;[39m
    [90m   | [39m                                         [31m^[39m
    [90m446| [39m
    [90m447| [39m      const dyeCard = container.querySelector('.dye-select-btn') as HTΓÇª

[31m[2mΓÄ»ΓÄ»ΓÄ»ΓÄ»ΓÄ»ΓÄ»ΓÄ»ΓÄ»ΓÄ»ΓÄ»ΓÄ»ΓÄ»ΓÄ»ΓÄ»ΓÄ»ΓÄ»ΓÄ»ΓÄ»ΓÄ»ΓÄ»ΓÄ»ΓÄ»[50/83]ΓÄ»[22m[39m

[41m[1m FAIL [22m[49m src/components/__tests__/dye-selector.test.ts[2m > [22mDyeSelector[2m > [22mDye 
Selection[2m > [22mshould display selected dye tags
[31m[1mAssertionError[22m: expected +0 to be 1 // Object.is equality[39m

[32m- Expected[39m
[31m+ Received[39m

[32m- 1[39m
[31m+ 0[39m

[36m [2mΓ¥»[22m src/components/__tests__/dye-selector.test.ts:[2m462:31[22m[39m
    [90m460| [39m      [35mconst[39m dyeTags [33m=[39m selectedList[33m?.[39mchildren[33m;[39m
    [90m461| [39m
    [90m462| [39m      
[34mexpect[39m(dyeTags[33m?.[39mlength)[33m.[39m[34mtoBe[39m([34m1[39m)[33m;[39m
    [90m   | [39m                              [31m^[39m
    [90m463| [39m    })[33m;[39m
    [90m464| [39m  })[33m;[39m

[31m[2mΓÄ»ΓÄ»ΓÄ»ΓÄ»ΓÄ»ΓÄ»ΓÄ»ΓÄ»ΓÄ»ΓÄ»ΓÄ»ΓÄ»ΓÄ»ΓÄ»ΓÄ»ΓÄ»ΓÄ»ΓÄ»ΓÄ»ΓÄ»ΓÄ»ΓÄ»[51/83]ΓÄ»[22m[39m

[41m[1m FAIL [22m[49m src/components/__tests__/dye-selector.test.ts[2m > [22mDyeSelector[2m > [22mClear 
Functionality[2m > [22mshould clear all selections when clear button is clicked
[31m[1mAssertionError[22m: expected +0 to be 2 // Object.is equality[39m

[32m- Expected[39m
[31m+ Received[39m

[32m- 2[39m
[31m+ 0[39m

[36m [2mΓ¥»[22m src/components/__tests__/dye-selector.test.ts:[2m484:50[22m[39m
    [90m482| [39m      })[33m;[39m
    [90m483| [39m
    [90m484| [39m      [34mexpect[39m(component[33m.[39m[34mgetSelectedDyes[39m()[33m.[39mlength)[33m.
[39m[34mtoBe[39m([34m2[39m)[33m;[39m
    [90m   | [39m                                                 [31m^[39m
    [90m485| [39m
    [90m486| [39m      [90m// Click clear button[39m

[31m[2mΓÄ»ΓÄ»ΓÄ»ΓÄ»ΓÄ»ΓÄ»ΓÄ»ΓÄ»ΓÄ»ΓÄ»ΓÄ»ΓÄ»ΓÄ»ΓÄ»ΓÄ»ΓÄ»ΓÄ»ΓÄ»ΓÄ»ΓÄ»ΓÄ»ΓÄ»[52/83]ΓÄ»[22m[39m

[41m[1m FAIL [22m[49m src/components/__tests__/dye-selector.test.ts[2m > [22mDyeSelector[2m > [22mClear 
Functionality[2m > [22mshould emit selection-changed event when cleared
[31m[1mAssertionError[22m: expected "vi.fn()" to be called 1 times, but got 2 times[39m
[36m [2mΓ¥»[22m src/components/__tests__/dye-selector.test.ts:[2m509:28[22m[39m
    [90m507| [39m      clearBtn[33m?.[39m[34mclick[39m()[33m;[39m
    [90m508| [39m
    [90m509| [39m      
[34mexpect[39m(eventHandler)[33m.[39m[34mtoHaveBeenCalledTimes[39m([34m1[39m)[33m;[39m
    [90m   | [39m                           [31m^[39m
    [90m510| [39m      expect(eventHandler.mock.calls[0][0].detail.selectedDyes.length)ΓÇª
    [90m511| [39m    })[33m;[39m

[31m[2mΓÄ»ΓÄ»ΓÄ»ΓÄ»ΓÄ»ΓÄ»ΓÄ»ΓÄ»ΓÄ»ΓÄ»ΓÄ»ΓÄ»ΓÄ»ΓÄ»ΓÄ»ΓÄ»ΓÄ»ΓÄ»ΓÄ»ΓÄ»ΓÄ»ΓÄ»[53/83]ΓÄ»[22m[39m

[41m[1m FAIL [22m[49m src/components/__tests__/dye-selector.test.ts[2m > [22mDyeSelector[2m > [22mRemove 
Dye[2m > [22mshould remove individual dyes from selection
[31m[1mAssertionError[22m: expected +0 to be 2 // Object.is equality[39m

[32m- Expected[39m
[31m+ Received[39m

[32m- 2[39m
[31m+ 0[39m

[36m [2mΓ¥»[22m src/components/__tests__/dye-selector.test.ts:[2m534:50[22m[39m
    [90m532| [39m      [35mawait[39m [34mwaitForComponent[39m([34m50[39m)[33m;[39m
    [90m533| [39m
    [90m534| [39m      [34mexpect[39m(component[33m.[39m[34mgetSelectedDyes[39m()[33m.[39mlength)[33m.
[39m[34mtoBe[39m([34m2[39m)[33m;[39m
    [90m   | [39m                                                 [31m^[39m
    [90m535| [39m
    [90m536| [39m      [90m// Click remove button on first dye[39m

[31m[2mΓÄ»ΓÄ»ΓÄ»ΓÄ»ΓÄ»ΓÄ»ΓÄ»ΓÄ»ΓÄ»ΓÄ»ΓÄ»ΓÄ»ΓÄ»ΓÄ»ΓÄ»ΓÄ»ΓÄ»ΓÄ»ΓÄ»ΓÄ»ΓÄ»ΓÄ»[54/83]ΓÄ»[22m[39m

[41m[1m FAIL [22m[49m src/components/__tests__/dye-selector.test.ts[2m > [22mDyeSelector[2m > [22mRemove 
Dye[2m > [22mshould emit selection-changed event when dye is removed
[31m[1mAssertionError[22m: expected "vi.fn()" to be called 1 times, but got 0 times[39m
[36m [2mΓ¥»[22m src/components/__tests__/dye-selector.test.ts:[2m563:28[22m[39m
    [90m561| [39m      removeBtn[33m?.[39m[34mclick[39m()[33m;[39m
    [90m562| [39m
    [90m563| [39m      
[34mexpect[39m(eventHandler)[33m.[39m[34mtoHaveBeenCalledTimes[39m([34m1[39m)[33m;[39m
    [90m   | [39m                           [31m^[39m
    [90m564| [39m    })[33m;[39m
    [90m565| [39m  })[33m;[39m

[31m[2mΓÄ»ΓÄ»ΓÄ»ΓÄ»ΓÄ»ΓÄ»ΓÄ»ΓÄ»ΓÄ»ΓÄ»ΓÄ»ΓÄ»ΓÄ»ΓÄ»ΓÄ»ΓÄ»ΓÄ»ΓÄ»ΓÄ»ΓÄ»ΓÄ»ΓÄ»[55/83]ΓÄ»[22m[39m

[41m[1m FAIL [22m[49m src/components/__tests__/dye-selector.test.ts[2m > [22mDyeSelector[2m > [22mState 
Management[2m > [22mshould get selected dyes
[31m[1mAssertionError[22m: expected +0 to be 1 // Object.is equality[39m

[32m- Expected[39m
[31m+ Received[39m

[32m- 1[39m
[31m+ 0[39m

[36m [2mΓ¥»[22m src/components/__tests__/dye-selector.test.ts:[2m649:35[22m[39m
    [90m647| [39m      [35mconst[39m selectedDyes [33m=[39m 
component[33m.[39m[34mgetSelectedDyes[39m()[33m;[39m
    [90m648| [39m      [34mexpect[39m([33mArray[39m[33m.[39m[34misArray[39m(selectedDyes))[33m.[39m[
34mtoBe[39m([35mtrue[39m)[33m;[39m
    [90m649| [39m      
[34mexpect[39m(selectedDyes[33m.[39mlength)[33m.[39m[34mtoBe[39m([34m1[39m)[33m;[39m
    [90m   | [39m                                  [31m^[39m
    [90m650| [39m    })[33m;[39m
    [90m651| [39m

[31m[2mΓÄ»ΓÄ»ΓÄ»ΓÄ»ΓÄ»ΓÄ»ΓÄ»ΓÄ»ΓÄ»ΓÄ»ΓÄ»ΓÄ»ΓÄ»ΓÄ»ΓÄ»ΓÄ»ΓÄ»ΓÄ»ΓÄ»ΓÄ»ΓÄ»ΓÄ»[56/83]ΓÄ»[22m[39m

[41m[1m FAIL [22m[49m src/components/__tests__/dye-selector.test.ts[2m > [22mDyeSelector[2m > 
[22mbindEvents branch coverage[2m > [22mshould handle click on child element of dye-select-btn
[31m[1mAssertionError[22m: expected +0 to be 1 // Object.is equality[39m

[32m- Expected[39m
[31m+ Received[39m

[32m- 1[39m
[31m+ 0[39m

[36m [2mΓ¥»[22m src/components/__tests__/dye-selector.test.ts:[2m889:50[22m[39m
    [90m887| [39m
    [90m888| [39m      [90m// Should still select the dye by traversing up to the button[39m
    [90m889| [39m      [34mexpect[39m(component[33m.[39m[34mgetSelectedDyes[39m()[33m.[39mlength)[33m.
[39m[34mtoBe[39m([34m1[39m)[33m;[39m
    [90m   | [39m                                                 [31m^[39m
    [90m890| [39m    })[33m;[39m
    [90m891| [39m

[31m[2mΓÄ»ΓÄ»ΓÄ»ΓÄ»ΓÄ»ΓÄ»ΓÄ»ΓÄ»ΓÄ»ΓÄ»ΓÄ»ΓÄ»ΓÄ»ΓÄ»ΓÄ»ΓÄ»ΓÄ»ΓÄ»ΓÄ»ΓÄ»ΓÄ»ΓÄ»[57/83]ΓÄ»[22m[39m

[41m[1m FAIL [22m[49m src/components/__tests__/dye-selector.test.ts[2m > [22mDyeSelector[2m > [22mupdate 
branch coverage[2m > [22mshould handle missing selectedLabel gracefully
[31m[1mAssertionError[22m: expected +0 to be 1 // Object.is equality[39m

[32m- Expected[39m
[31m+ Received[39m

[32m- 1[39m
[31m+ 0[39m

[36m [2mΓ¥»[22m src/components/__tests__/dye-selector.test.ts:[2m937:50[22m[39m
    [90m935| [39m
    [90m936| [39m      [90m// Should not throw[39m
    [90m937| [39m      [34mexpect[39m(component[33m.[39m[34mgetSelectedDyes[39m()[33m.[39mlength)[33m.
[39m[34mtoBe[39m([34m1[39m)[33m;[39m
    [90m   | [39m                                                 [31m^[39m
    [90m938| [39m    })[33m;[39m
    [90m939| [39m

[31m[2mΓÄ»ΓÄ»ΓÄ»ΓÄ»ΓÄ»ΓÄ»ΓÄ»ΓÄ»ΓÄ»ΓÄ»ΓÄ»ΓÄ»ΓÄ»ΓÄ»ΓÄ»ΓÄ»ΓÄ»ΓÄ»ΓÄ»ΓÄ»ΓÄ»ΓÄ»[58/83]ΓÄ»[22m[39m

[41m[1m FAIL [22m[49m src/components/__tests__/harmony-generator-tool.test.ts[2m > 
[22mHarmonyGeneratorTool[2m > [22mfetchPricesForCurrentDyes function coverage[2m > [22mshould return early 
when marketBoard is null
[31m[1mTypeError[22m: component.fetchPricesForCurrentDyes is not a function[39m
[36m [2mΓ¥»[22m src/components/__tests__/harmony-generator-tool.test.ts:[2m1378:11[22m[39m
    [90m1376| [39m        (
    [90m1377| [39m          component as unknown as { fetchPricesForCurrentDyes: () => PΓÇª
    [90m1378| [39m        )[33m.[39m[34mfetchPricesForCurrentDyes[39m()
    [90m   | [39m          [31m^[39m
    [90m1379| [39m      )[33m.[39mresolves[33m.[39mnot[33m.[39m[34mtoThrow[39m()[33m;[39m
    [90m1380| [39m    })[33m;[39m

[31m[2mΓÄ»ΓÄ»ΓÄ»ΓÄ»ΓÄ»ΓÄ»ΓÄ»ΓÄ»ΓÄ»ΓÄ»ΓÄ»ΓÄ»ΓÄ»ΓÄ»ΓÄ»ΓÄ»ΓÄ»ΓÄ»ΓÄ»ΓÄ»ΓÄ»ΓÄ»[59/83]ΓÄ»[22m[39m

[41m[1m FAIL [22m[49m src/components/__tests__/harmony-generator-tool.test.ts[2m > 
[22mHarmonyGeneratorTool[2m > [22mfetchPricesForCurrentDyes function coverage[2m > [22mshould return early 
when showPrices is false
[31m[1mTypeError[22m: component.fetchPricesForCurrentDyes is not a function[39m
[36m [2mΓ¥»[22m src/components/__tests__/harmony-generator-tool.test.ts:[2m1398:9[22m[39m
    [90m1396| [39m      [35mawait[39m (
    [90m1397| [39m        component as unknown as { fetchPricesForCurrentDyes: () => ProΓÇª
    [90m1398| [39m      )[33m.[39m[34mfetchPricesForCurrentDyes[39m()[33m;[39m
    [90m   | [39m        [31m^[39m
    [90m1399| [39m
    [90m1400| [39m      expect(mockMarketBoard.fetchPricesForDyes).not.toHaveBeenCalled(ΓÇª

[31m[2mΓÄ»ΓÄ»ΓÄ»ΓÄ»ΓÄ»ΓÄ»ΓÄ»ΓÄ»ΓÄ»ΓÄ»ΓÄ»ΓÄ»ΓÄ»ΓÄ»ΓÄ»ΓÄ»ΓÄ»ΓÄ»ΓÄ»ΓÄ»ΓÄ»ΓÄ»[60/83]ΓÄ»[22m[39m

[41m[1m FAIL [22m[49m src/components/__tests__/harmony-generator-tool.test.ts[2m > 
[22mHarmonyGeneratorTool[2m > [22mfetchPricesForCurrentDyes function coverage[2m > [22mshould collect 
unique dyes from harmony displays
[31m[1mTypeError[22m: component.fetchPricesForCurrentDyes is not a function[39m
[36m [2mΓ¥»[22m src/components/__tests__/harmony-generator-tool.test.ts:[2m1423:9[22m[39m
    [90m1421| [39m      [35mawait[39m (
    [90m1422| [39m        component as unknown as { fetchPricesForCurrentDyes: () => ProΓÇª
    [90m1423| [39m      )[33m.[39m[34mfetchPricesForCurrentDyes[39m()[33m;[39m
    [90m   | [39m        [31m^[39m
    [90m1424| [39m
    [90m1425| [39m      
[34mexpect[39m(mockMarketBoard[33m.[39mfetchPricesForDyes)[33m.[39m[34mtoHaveBeenCalled[39m()[33m;[39m

[31m[2mΓÄ»ΓÄ»ΓÄ»ΓÄ»ΓÄ»ΓÄ»ΓÄ»ΓÄ»ΓÄ»ΓÄ»ΓÄ»ΓÄ»ΓÄ»ΓÄ»ΓÄ»ΓÄ»ΓÄ»ΓÄ»ΓÄ»ΓÄ»ΓÄ»ΓÄ»[61/83]ΓÄ»[22m[39m

[41m[1m FAIL [22m[49m src/components/__tests__/harmony-generator-tool.test.ts[2m > 
[22mHarmonyGeneratorTool[2m > [22mfetchPricesForCurrentDyes function coverage[2m > [22mshould update all 
displays after fetching prices
[31m[1mTypeError[22m: component.fetchPricesForCurrentDyes is not a function[39m
[36m [2mΓ¥»[22m src/components/__tests__/harmony-generator-tool.test.ts:[2m1448:9[22m[39m
    [90m1446| [39m      [35mawait[39m (
    [90m1447| [39m        component as unknown as { fetchPricesForCurrentDyes: () => ProΓÇª
    [90m1448| [39m      )[33m.[39m[34mfetchPricesForCurrentDyes[39m()[33m;[39m
    [90m   | [39m        [31m^[39m
    [90m1449| [39m
    [90m1450| [39m      [34mexpect[39m(updateSpy)[33m.[39m[34mtoHaveBeenCalled[39m()[33m;[39m

[31m[2mΓÄ»ΓÄ»ΓÄ»ΓÄ»ΓÄ»ΓÄ»ΓÄ»ΓÄ»ΓÄ»ΓÄ»ΓÄ»ΓÄ»ΓÄ»ΓÄ»ΓÄ»ΓÄ»ΓÄ»ΓÄ»ΓÄ»ΓÄ»ΓÄ»ΓÄ»[62/83]ΓÄ»[22m[39m

[41m[1m FAIL [22m[49m src/components/__tests__/harmony-generator-tool.test.ts[2m > 
[22mHarmonyGeneratorTool[2m > [22mfetchPricesForCurrentDyes function coverage[2m > [22mshould avoid 
duplicate dyes when collecting from displays
[31m[1mTypeError[22m: component.fetchPricesForCurrentDyes is not a function[39m
[36m [2mΓ¥»[22m src/components/__tests__/harmony-generator-tool.test.ts:[2m1474:9[22m[39m
    [90m1472| [39m      [35mawait[39m (
    [90m1473| [39m        component as unknown as { fetchPricesForCurrentDyes: () => ProΓÇª
    [90m1474| [39m      )[33m.[39m[34mfetchPricesForCurrentDyes[39m()[33m;[39m
    [90m   | [39m        [31m^[39m
    [90m1475| [39m
    [90m1476| [39m      [90m// Check that fetched dyes have unique itemIDs[39m

[31m[2mΓÄ»ΓÄ»ΓÄ»ΓÄ»ΓÄ»ΓÄ»ΓÄ»ΓÄ»ΓÄ»ΓÄ»ΓÄ»ΓÄ»ΓÄ»ΓÄ»ΓÄ»ΓÄ»ΓÄ»ΓÄ»ΓÄ»ΓÄ»ΓÄ»ΓÄ»[63/83]ΓÄ»[22m[39m

[41m[1m FAIL [22m[49m src/components/__tests__/harmony-generator-tool.test.ts[2m > 
[22mHarmonyGeneratorTool[2m > [22mdestroy with child components[2m > [22mshould destroy marketBoard if 
exists
[31m[1mAssertionError[22m: expected "vi.fn()" to be called at least once[39m
[36m [2mΓ¥»[22m src/components/__tests__/harmony-generator-tool.test.ts:[2m1517:39[22m[39m
    [90m1515| [39m      component[33m.[39m[34mdestroy[39m()[33m;[39m
    [90m1516| [39m
    [90m1517| [39m      
[34mexpect[39m(mockMarketBoard[33m.[39mdestroy)[33m.[39m[34mtoHaveBeenCalled[39m()[33m;[39m
    [90m   | [39m                                      [31m^[39m
    [90m1518| [39m    })[33m;[39m
    [90m1519| [39m

[31m[2mΓÄ»ΓÄ»ΓÄ»ΓÄ»ΓÄ»ΓÄ»ΓÄ»ΓÄ»ΓÄ»ΓÄ»ΓÄ»ΓÄ»ΓÄ»ΓÄ»ΓÄ»ΓÄ»ΓÄ»ΓÄ»ΓÄ»ΓÄ»ΓÄ»ΓÄ»[64/83]ΓÄ»[22m[39m

[41m[1m FAIL [22m[49m src/components/__tests__/harmony-generator-tool.test.ts[2m > 
[22mHarmonyGeneratorTool[2m > [22mdestroy with child components[2m > [22mshould destroy paletteExporter if 
exists
[31m[1mAssertionError[22m: expected "vi.fn()" to be called at least once[39m
[36m [2mΓ¥»[22m src/components/__tests__/harmony-generator-tool.test.ts:[2m1533:43[22m[39m
    [90m1531| [39m      component[33m.[39m[34mdestroy[39m()[33m;[39m
    [90m1532| [39m
    [90m1533| [39m      
[34mexpect[39m(mockPaletteExporter[33m.[39mdestroy)[33m.[39m[34mtoHaveBeenCalled[39m()[33m;[39m
    [90m   | [39m                                          [31m^[39m
    [90m1534| [39m    })[33m;[39m
    [90m1535| [39m

[31m[2mΓÄ»ΓÄ»ΓÄ»ΓÄ»ΓÄ»ΓÄ»ΓÄ»ΓÄ»ΓÄ»ΓÄ»ΓÄ»ΓÄ»ΓÄ»ΓÄ»ΓÄ»ΓÄ»ΓÄ»ΓÄ»ΓÄ»ΓÄ»ΓÄ»ΓÄ»[65/83]ΓÄ»[22m[39m

[41m[1m FAIL [22m[49m src/components/__tests__/harmony-type.test.ts[2m > [22mHarmonyType Component[2m > 
[22mgetState function coverage[2m > [22mshould return component state
[31m[1mAssertionError[22m: expected undefined to be 1 // Object.is equality[39m

[32m- Expected:[39m 
1

[31m+ Received:[39m 
undefined

[36m [2mΓ¥»[22m src/components/__tests__/harmony-type.test.ts:[2m560:30[22m[39m
    [90m558| [39m      
[34mexpect[39m(state[33m.[39mharmonyType)[33m.[39m[34mtoBe[39m([32m'complementary'[39m)[33m;[39m
    [90m559| [39m      
[34mexpect[39m(state[33m.[39mbaseColor)[33m.[39m[34mtoBe[39m([32m'#FF0000'[39m)[33m;[39m
    [90m560| [39m      
[34mexpect[39m(state[33m.[39mdyeCount)[33m.[39m[34mtoBe[39m([34m1[39m)[33m;[39m
    [90m   | [39m                             [31m^[39m
    [90m561| [39m    })[33m;[39m
    [90m562| [39m

[31m[2mΓÄ»ΓÄ»ΓÄ»ΓÄ»ΓÄ»ΓÄ»ΓÄ»ΓÄ»ΓÄ»ΓÄ»ΓÄ»ΓÄ»ΓÄ»ΓÄ»ΓÄ»ΓÄ»ΓÄ»ΓÄ»ΓÄ»ΓÄ»ΓÄ»ΓÄ»[66/83]ΓÄ»[22m[39m

[41m[1m FAIL [22m[49m src/components/__tests__/harmony-type.test.ts[2m > [22mHarmonyType Component[2m > 
[22mgetState function coverage[2m > [22mshould return 0 dyeCount when no dyes
[31m[1mAssertionError[22m: expected undefined to be +0 // Object.is equality[39m

[32m- Expected:[39m 
0

[31m+ Received:[39m 
undefined

[36m [2mΓ¥»[22m src/components/__tests__/harmony-type.test.ts:[2m571:30[22m[39m
    [90m569| [39m      )[33m.[39m[34mgetState[39m()[33m;[39m
    [90m570| [39m
    [90m571| [39m      
[34mexpect[39m(state[33m.[39mdyeCount)[33m.[39m[34mtoBe[39m([34m0[39m)[33m;[39m
    [90m   | [39m                             [31m^[39m
    [90m572| [39m    })[33m;[39m
    [90m573| [39m

[31m[2mΓÄ»ΓÄ»ΓÄ»ΓÄ»ΓÄ»ΓÄ»ΓÄ»ΓÄ»ΓÄ»ΓÄ»ΓÄ»ΓÄ»ΓÄ»ΓÄ»ΓÄ»ΓÄ»ΓÄ»ΓÄ»ΓÄ»ΓÄ»ΓÄ»ΓÄ»[67/83]ΓÄ»[22m[39m

[41m[1m FAIL [22m[49m src/components/__tests__/harmony-type.test.ts[2m > [22mHarmonyType Component[2m > 
[22mgetState function coverage[2m > [22mshould update state after updating dyes
[31m[1mAssertionError[22m: expected undefined to be 2 // Object.is equality[39m

[32m- Expected:[39m 
2

[31m+ Received:[39m 
undefined

[36m [2mΓ¥»[22m src/components/__tests__/harmony-type.test.ts:[2m588:30[22m[39m
    [90m586| [39m      )[33m.[39m[34mgetState[39m()[33m;[39m
    [90m587| [39m
    [90m588| [39m      
[34mexpect[39m(state[33m.[39mdyeCount)[33m.[39m[34mtoBe[39m([34m2[39m)[33m;[39m
    [90m   | [39m                             [31m^[39m
    [90m589| [39m    })[33m;[39m
    [90m590| [39m

[31m[2mΓÄ»ΓÄ»ΓÄ»ΓÄ»ΓÄ»ΓÄ»ΓÄ»ΓÄ»ΓÄ»ΓÄ»ΓÄ»ΓÄ»ΓÄ»ΓÄ»ΓÄ»ΓÄ»ΓÄ»ΓÄ»ΓÄ»ΓÄ»ΓÄ»ΓÄ»[68/83]ΓÄ»[22m[39m

[41m[1m FAIL [22m[49m src/components/__tests__/offline-banner.test.ts[2m > [22mOfflineBanner[2m > 
[22mShow/Hide Banner[2m > [22mshould remove body padding when hidden
[31m[1mAssertionError[22m: expected '0px' to be '0' // Object.is equality[39m

Expected: [32m"0"[39m
Received: [31m"0[7mpx[27m"[39m

[36m [2mΓ¥»[22m src/components/__tests__/offline-banner.test.ts:[2m186:46[22m[39m
    [90m184| [39m      banner[33m.[39m[34mhideBanner[39m()[33m;[39m
    [90m185| [39m
    [90m186| [39m      [34mexpect[39m(document[33m.[39mbody[33m.[39mstyle[33m.[39mpaddingTop)[33m.[39
m[34mtoBe[39m([32m'0'[39m)[33m;[39m
    [90m   | [39m                                             [31m^[39m
    [90m187| [39m    })[33m;[39m
    [90m188| [39m  })[33m;[39m

[31m[2mΓÄ»ΓÄ»ΓÄ»ΓÄ»ΓÄ»ΓÄ»ΓÄ»ΓÄ»ΓÄ»ΓÄ»ΓÄ»ΓÄ»ΓÄ»ΓÄ»ΓÄ»ΓÄ»ΓÄ»ΓÄ»ΓÄ»ΓÄ»ΓÄ»ΓÄ»[69/83]ΓÄ»[22m[39m

[41m[1m FAIL [22m[49m src/components/__tests__/offline-banner.test.ts[2m > [22mOfflineBanner[2m > 
[22mCleanup[2m > [22mshould reset body padding on destroy
[31m[1mAssertionError[22m: expected '0px' to be '0' // Object.is equality[39m

Expected: [32m"0"[39m
Received: [31m"0[7mpx[27m"[39m

[36m [2mΓ¥»[22m src/components/__tests__/offline-banner.test.ts:[2m264:46[22m[39m
    [90m262| [39m      banner[33m.[39m[34mdestroy[39m()[33m;[39m
    [90m263| [39m
    [90m264| [39m      [34mexpect[39m(document[33m.[39mbody[33m.[39mstyle[33m.[39mpaddingTop)[33m.[39
m[34mtoBe[39m([32m'0'[39m)[33m;[39m
    [90m   | [39m                                             [31m^[39m
    [90m265| [39m    })[33m;[39m
    [90m266| [39m

[31m[2mΓÄ»ΓÄ»ΓÄ»ΓÄ»ΓÄ»ΓÄ»ΓÄ»ΓÄ»ΓÄ»ΓÄ»ΓÄ»ΓÄ»ΓÄ»ΓÄ»ΓÄ»ΓÄ»ΓÄ»ΓÄ»ΓÄ»ΓÄ»ΓÄ»ΓÄ»[70/83]ΓÄ»[22m[39m

[41m[1m FAIL [22m[49m src/components/__tests__/tool-header.test.ts[2m > [22mToolHeader[2m > 
[22mRendering[2m > [22mshould render title
[31m[1mTypeError[22m: this.bindEvents is not a function[39m
[36m [2mΓ¥»[22m ToolHeader.init src/components/base-component.ts:[2m86:12[22m[39m
    [90m 84| [39m    [35mtry[39m {
    [90m 85| [39m      [35mthis[39m[33m.[39m[34mrender[39m()[33m;[39m
    [90m 86| [39m      [35mthis[39m[33m.[39m[34mbindEvents[39m()[33m;[39m
    [90m   | [39m           [31m^[39m
    [90m 87| [39m      [35mthis[39m[33m.[39misInitialized [33m=[39m [35mtrue[39m[33m;[39m
    [90m 88| [39m      [35mthis[39m[33m.[39m[34monMount[39m[33m?.[39m()[33m;[39m
[90m [2mΓ¥»[22m src/components/__tests__/tool-header.test.ts:[2m39:17[22m[39m

[31m[2mΓÄ»ΓÄ»ΓÄ»ΓÄ»ΓÄ»ΓÄ»ΓÄ»ΓÄ»ΓÄ»ΓÄ»ΓÄ»ΓÄ»ΓÄ»ΓÄ»ΓÄ»ΓÄ»ΓÄ»ΓÄ»ΓÄ»ΓÄ»ΓÄ»ΓÄ»[71/83]ΓÄ»[22m[39m

[41m[1m FAIL [22m[49m src/components/__tests__/tool-header.test.ts[2m > [22mToolHeader[2m > 
[22mRendering[2m > [22mshould render title with icon
[31m[1mTypeError[22m: this.bindEvents is not a function[39m
[36m [2mΓ¥»[22m ToolHeader.init src/components/base-component.ts:[2m86:12[22m[39m
    [90m 84| [39m    [35mtry[39m {
    [90m 85| [39m      [35mthis[39m[33m.[39m[34mrender[39m()[33m;[39m
    [90m 86| [39m      [35mthis[39m[33m.[39m[34mbindEvents[39m()[33m;[39m
    [90m   | [39m           [31m^[39m
    [90m 87| [39m      [35mthis[39m[33m.[39misInitialized [33m=[39m [35mtrue[39m[33m;[39m
    [90m 88| [39m      [35mthis[39m[33m.[39m[34monMount[39m[33m?.[39m()[33m;[39m
[90m [2mΓ¥»[22m src/components/__tests__/tool-header.test.ts:[2m52:17[22m[39m

[31m[2mΓÄ»ΓÄ»ΓÄ»ΓÄ»ΓÄ»ΓÄ»ΓÄ»ΓÄ»ΓÄ»ΓÄ»ΓÄ»ΓÄ»ΓÄ»ΓÄ»ΓÄ»ΓÄ»ΓÄ»ΓÄ»ΓÄ»ΓÄ»ΓÄ»ΓÄ»[72/83]ΓÄ»[22m[39m

[41m[1m FAIL [22m[49m src/components/__tests__/tool-header.test.ts[2m > [22mToolHeader[2m > 
[22mRendering[2m > [22mshould render description when provided
[31m[1mTypeError[22m: this.bindEvents is not a function[39m
[36m [2mΓ¥»[22m ToolHeader.init src/components/base-component.ts:[2m86:12[22m[39m
    [90m 84| [39m    [35mtry[39m {
    [90m 85| [39m      [35mthis[39m[33m.[39m[34mrender[39m()[33m;[39m
    [90m 86| [39m      [35mthis[39m[33m.[39m[34mbindEvents[39m()[33m;[39m
    [90m   | [39m           [31m^[39m
    [90m 87| [39m      [35mthis[39m[33m.[39misInitialized [33m=[39m [35mtrue[39m[33m;[39m
    [90m 88| [39m      [35mthis[39m[33m.[39m[34monMount[39m[33m?.[39m()[33m;[39m
[90m [2mΓ¥»[22m src/components/__tests__/tool-header.test.ts:[2m65:17[22m[39m

[31m[2mΓÄ»ΓÄ»ΓÄ»ΓÄ»ΓÄ»ΓÄ»ΓÄ»ΓÄ»ΓÄ»ΓÄ»ΓÄ»ΓÄ»ΓÄ»ΓÄ»ΓÄ»ΓÄ»ΓÄ»ΓÄ»ΓÄ»ΓÄ»ΓÄ»ΓÄ»[73/83]ΓÄ»[22m[39m

[41m[1m FAIL [22m[49m src/components/__tests__/tool-header.test.ts[2m > [22mToolHeader[2m > 
[22mRendering[2m > [22mshould not render description when not provided
[31m[1mTypeError[22m: this.bindEvents is not a function[39m
[36m [2mΓ¥»[22m ToolHeader.init src/components/base-component.ts:[2m86:12[22m[39m
    [90m 84| [39m    [35mtry[39m {
    [90m 85| [39m      [35mthis[39m[33m.[39m[34mrender[39m()[33m;[39m
    [90m 86| [39m      [35mthis[39m[33m.[39m[34mbindEvents[39m()[33m;[39m
    [90m   | [39m           [31m^[39m
    [90m 87| [39m      [35mthis[39m[33m.[39misInitialized [33m=[39m [35mtrue[39m[33m;[39m
    [90m 88| [39m      [35mthis[39m[33m.[39m[34monMount[39m[33m?.[39m()[33m;[39m
[90m [2mΓ¥»[22m src/components/__tests__/tool-header.test.ts:[2m77:17[22m[39m

[31m[2mΓÄ»ΓÄ»ΓÄ»ΓÄ»ΓÄ»ΓÄ»ΓÄ»ΓÄ»ΓÄ»ΓÄ»ΓÄ»ΓÄ»ΓÄ»ΓÄ»ΓÄ»ΓÄ»ΓÄ»ΓÄ»ΓÄ»ΓÄ»ΓÄ»ΓÄ»[74/83]ΓÄ»[22m[39m

[41m[1m FAIL [22m[49m src/components/__tests__/tool-header.test.ts[2m > [22mToolHeader[2m > 
[22mRendering[2m > [22mshould render action buttons when provided
[31m[1mTypeError[22m: this.bindEvents is not a function[39m
[36m [2mΓ¥»[22m ToolHeader.init src/components/base-component.ts:[2m86:12[22m[39m
    [90m 84| [39m    [35mtry[39m {
    [90m 85| [39m      [35mthis[39m[33m.[39m[34mrender[39m()[33m;[39m
    [90m 86| [39m      [35mthis[39m[33m.[39m[34mbindEvents[39m()[33m;[39m
    [90m   | [39m           [31m^[39m
    [90m 87| [39m      [35mthis[39m[33m.[39misInitialized [33m=[39m [35mtrue[39m[33m;[39m
    [90m 88| [39m      [35mthis[39m[33m.[39m[34monMount[39m[33m?.[39m()[33m;[39m
[90m [2mΓ¥»[22m src/components/__tests__/tool-header.test.ts:[2m94:17[22m[39m

[31m[2mΓÄ»ΓÄ»ΓÄ»ΓÄ»ΓÄ»ΓÄ»ΓÄ»ΓÄ»ΓÄ»ΓÄ»ΓÄ»ΓÄ»ΓÄ»ΓÄ»ΓÄ»ΓÄ»ΓÄ»ΓÄ»ΓÄ»ΓÄ»ΓÄ»ΓÄ»[75/83]ΓÄ»[22m[39m

[41m[1m FAIL [22m[49m src/components/__tests__/tool-header.test.ts[2m > [22mToolHeader[2m > 
[22mRendering[2m > [22mshould not render actions container when actions is empty array
[31m[1mTypeError[22m: this.bindEvents is not a function[39m
[36m [2mΓ¥»[22m ToolHeader.init src/components/base-component.ts:[2m86:12[22m[39m
    [90m 84| [39m    [35mtry[39m {
    [90m 85| [39m      [35mthis[39m[33m.[39m[34mrender[39m()[33m;[39m
    [90m 86| [39m      [35mthis[39m[33m.[39m[34mbindEvents[39m()[33m;[39m
    [90m   | [39m           [31m^[39m
    [90m 87| [39m      [35mthis[39m[33m.[39misInitialized [33m=[39m [35mtrue[39m[33m;[39m
    [90m 88| [39m      [35mthis[39m[33m.[39m[34monMount[39m[33m?.[39m()[33m;[39m
[90m [2mΓ¥»[22m src/components/__tests__/tool-header.test.ts:[2m108:17[22m[39m

[31m[2mΓÄ»ΓÄ»ΓÄ»ΓÄ»ΓÄ»ΓÄ»ΓÄ»ΓÄ»ΓÄ»ΓÄ»ΓÄ»ΓÄ»ΓÄ»ΓÄ»ΓÄ»ΓÄ»ΓÄ»ΓÄ»ΓÄ»ΓÄ»ΓÄ»ΓÄ»[76/83]ΓÄ»[22m[39m

[41m[1m FAIL [22m[49m src/components/__tests__/tool-header.test.ts[2m > [22mToolHeader[2m > 
[22mStyling[2m > [22mshould have centered text alignment
[31m[1mTypeError[22m: this.bindEvents is not a function[39m
[36m [2mΓ¥»[22m ToolHeader.init src/components/base-component.ts:[2m86:12[22m[39m
    [90m 84| [39m    [35mtry[39m {
    [90m 85| [39m      [35mthis[39m[33m.[39m[34mrender[39m()[33m;[39m
    [90m 86| [39m      [35mthis[39m[33m.[39m[34mbindEvents[39m()[33m;[39m
    [90m   | [39m           [31m^[39m
    [90m 87| [39m      [35mthis[39m[33m.[39misInitialized [33m=[39m [35mtrue[39m[33m;[39m
    [90m 88| [39m      [35mthis[39m[33m.[39m[34monMount[39m[33m?.[39m()[33m;[39m
[90m [2mΓ¥»[22m src/components/__tests__/tool-header.test.ts:[2m122:17[22m[39m

[31m[2mΓÄ»ΓÄ»ΓÄ»ΓÄ»ΓÄ»ΓÄ»ΓÄ»ΓÄ»ΓÄ»ΓÄ»ΓÄ»ΓÄ»ΓÄ»ΓÄ»ΓÄ»ΓÄ»ΓÄ»ΓÄ»ΓÄ»ΓÄ»ΓÄ»ΓÄ»[77/83]ΓÄ»[22m[39m

[41m[1m FAIL [22m[49m src/components/__tests__/tool-header.test.ts[2m > [22mToolHeader[2m > 
[22mStyling[2m > [22mshould have proper spacing
[31m[1mTypeError[22m: this.bindEvents is not a function[39m
[36m [2mΓ¥»[22m ToolHeader.init src/components/base-component.ts:[2m86:12[22m[39m
    [90m 84| [39m    [35mtry[39m {
    [90m 85| [39m      [35mthis[39m[33m.[39m[34mrender[39m()[33m;[39m
    [90m 86| [39m      [35mthis[39m[33m.[39m[34mbindEvents[39m()[33m;[39m
    [90m   | [39m           [31m^[39m
    [90m 87| [39m      [35mthis[39m[33m.[39misInitialized [33m=[39m [35mtrue[39m[33m;[39m
    [90m 88| [39m      [35mthis[39m[33m.[39m[34monMount[39m[33m?.[39m()[33m;[39m
[90m [2mΓ¥»[22m src/components/__tests__/tool-header.test.ts:[2m133:17[22m[39m

[31m[2mΓÄ»ΓÄ»ΓÄ»ΓÄ»ΓÄ»ΓÄ»ΓÄ»ΓÄ»ΓÄ»ΓÄ»ΓÄ»ΓÄ»ΓÄ»ΓÄ»ΓÄ»ΓÄ»ΓÄ»ΓÄ»ΓÄ»ΓÄ»ΓÄ»ΓÄ»[78/83]ΓÄ»[22m[39m

[41m[1m FAIL [22m[49m src/components/__tests__/tutorial-spotlight.test.ts[2m > [22mTutorialSpotlight[2m > 
[22mShow/Hide[2m > [22mshould hide when tutorial becomes inactive
[31m[1mAssertionError[22m: expected 'block' to be 'none' // Object.is equality[39m

Expected: [32m"none"[39m
Received: [31m"block"[39m

[36m [2mΓ¥»[22m src/components/__tests__/tutorial-spotlight.test.ts:[2m194:48[22m[39m
    [90m192| [39m        [32m'.tutorial-spotlight-container'[39m
    [90m193| [39m      ) [35mas[39m [33mHTMLElement[39m[33m;[39m
    [90m194| [39m      [34mexpect[39m(spotlightContainer[33m.[39mstyle[33m.[39mdisplay)[33m.[39m[34mto
Be[39m([32m'none'[39m)[33m;[39m
    [90m   | [39m                                               [31m^[39m
    [90m195| [39m    })[33m;[39m
    [90m196| [39m  })[33m;[39m

[31m[2mΓÄ»ΓÄ»ΓÄ»ΓÄ»ΓÄ»ΓÄ»ΓÄ»ΓÄ»ΓÄ»ΓÄ»ΓÄ»ΓÄ»ΓÄ»ΓÄ»ΓÄ»ΓÄ»ΓÄ»ΓÄ»ΓÄ»ΓÄ»ΓÄ»ΓÄ»[79/83]ΓÄ»[22m[39m

[41m[1m FAIL [22m[49m src/components/__tests__/tutorial-spotlight.test.ts[2m > [22mTutorialSpotlight[2m > 
[22mKeyboard Navigation[2m > [22mshould not skip if tutorial is not active
[31m[1mAssertionError[22m: expected "vi.fn()" to not be called at all, but actually been called 2 times[90m

Received: 

[1m  1st vi.fn() call:

[22m    Array []

[1m  2nd vi.fn() call:

[22m    Array []
[31m[90m

Number of calls: [1m2[22m
[31m[39m
[36m [2mΓ¥»[22m src/components/__tests__/tutorial-spotlight.test.ts:[2m449:40[22m[39m
    [90m447| [39m      document.dispatchEvent(new KeyboardEvent('keydown', { key: 'EscaΓÇª
    [90m448| [39m
    [90m449| [39m      [34mexpect[39m([33mTutorialService[39m[33m.[39mskip)[33m.[39mnot[33m.[39m[34m
toHaveBeenCalled[39m()[33m;[39m
    [90m   | [39m                                       [31m^[39m
    [90m450| [39m    })[33m;[39m
    [90m451| [39m  })[33m;[39m

[31m[2mΓÄ»ΓÄ»ΓÄ»ΓÄ»ΓÄ»ΓÄ»ΓÄ»ΓÄ»ΓÄ»ΓÄ»ΓÄ»ΓÄ»ΓÄ»ΓÄ»ΓÄ»ΓÄ»ΓÄ»ΓÄ»ΓÄ»ΓÄ»ΓÄ»ΓÄ»[80/83]ΓÄ»[22m[39m

[41m[1m FAIL [22m[49m src/components/__tests__/tutorial-spotlight.test.ts[2m > [22mTutorialSpotlight[2m > 
[22mTutorial End Event[2m > [22mshould hide on tutorial:end event
[31m[1mAssertionError[22m: expected 'block' to be 'none' // Object.is equality[39m

Expected: [32m"none"[39m
Received: [31m"block"[39m

[36m [2mΓ¥»[22m src/components/__tests__/tutorial-spotlight.test.ts:[2m493:48[22m[39m
    [90m491| [39m        [32m'.tutorial-spotlight-container'[39m
    [90m492| [39m      ) [35mas[39m [33mHTMLElement[39m[33m;[39m
    [90m493| [39m      [34mexpect[39m(spotlightContainer[33m.[39mstyle[33m.[39mdisplay)[33m.[39m[34mto
Be[39m([32m'none'[39m)[33m;[39m
    [90m   | [39m                                               [31m^[39m
    [90m494| [39m    })[33m;[39m
    [90m495| [39m  })[33m;[39m

[31m[2mΓÄ»ΓÄ»ΓÄ»ΓÄ»ΓÄ»ΓÄ»ΓÄ»ΓÄ»ΓÄ»ΓÄ»ΓÄ»ΓÄ»ΓÄ»ΓÄ»ΓÄ»ΓÄ»ΓÄ»ΓÄ»ΓÄ»ΓÄ»ΓÄ»ΓÄ»[81/83]ΓÄ»[22m[39m

[41m[1m FAIL [22m[49m src/services/__tests__/language-service.test.ts[2m > [22mLanguageService Browser 
Locale Detection Branches[2m > [22munsupported browser language path (lines 259-260)[2m > [22mshould log 
info and return default when browser language is unsupported
[31m[1mAssertionError[22m: expected "info" to be called at least once[39m
[36m [2mΓ¥»[22m src/services/__tests__/language-service.test.ts:[2m816:30[22m[39m
    [90m814| [39m      // The info log about unsupported language should have been callΓÇª
    [90m815| [39m      [90m// (via the detectBrowserLocale path)[39m
    [90m816| [39m      [34mexpect[39m(consoleInfoSpy)[33m.[39m[34mtoHaveBeenCalled[39m()[33m;[39m
    [90m   | [39m                             [31m^[39m
    [90m817| [39m    })[33m;[39m
    [90m818| [39m

[31m[2mΓÄ»ΓÄ»ΓÄ»ΓÄ»ΓÄ»ΓÄ»ΓÄ»ΓÄ»ΓÄ»ΓÄ»ΓÄ»ΓÄ»ΓÄ»ΓÄ»ΓÄ»ΓÄ»ΓÄ»ΓÄ»ΓÄ»ΓÄ»ΓÄ»ΓÄ»[82/83]ΓÄ»[22m[39m

[41m[1m FAIL [22m[49m src/services/__tests__/secure-storage.test.ts[2m > [22mSecureStorage[2m > 
[22menforceSizeLimit error handling (line 554)[2m > [22mshould log warning when enforceSizeLimit fails
[31m[1mAssertionError[22m: expected "warn" to be called at least once[39m
[36m [2mΓ¥»[22m src/services/__tests__/secure-storage.test.ts:[2m849:30[22m[39m
    [90m847| [39m
    [90m848| [39m      [90m// Warning should have been logged due to the error[39m
    [90m849| [39m      [34mexpect[39m(consoleWarnSpy)[33m.[39m[34mtoHaveBeenCalled[39m()[33m;[39m
    [90m   | [39m                             [31m^[39m
    [90m850| [39m
    [90m851| [39m      consoleWarnSpy[33m.[39m[34mmockRestore[39m()[33m;[39m

[31m[2mΓÄ»ΓÄ»ΓÄ»ΓÄ»ΓÄ»ΓÄ»ΓÄ»ΓÄ»ΓÄ»ΓÄ»ΓÄ»ΓÄ»ΓÄ»ΓÄ»ΓÄ»ΓÄ»ΓÄ»ΓÄ»ΓÄ»ΓÄ»ΓÄ»ΓÄ»[83/83]ΓÄ»[22m[39m

[31mΓÄ»ΓÄ»ΓÄ»ΓÄ»ΓÄ»ΓÄ»[39m[1m[41m Unhandled Errors [49m[22m[31mΓÄ»ΓÄ»ΓÄ»ΓÄ»ΓÄ»ΓÄ»[39m
[31m[1m
Vitest caught 4 unhandled errors during the test run.
This might cause false positive tests. Resolve unhandled errors to make sure your tests are not 
affected.[22m[39m

[31mΓÄ»ΓÄ»ΓÄ»ΓÄ»[39m[1m[41m Unhandled Rejection [49m[22m[31mΓÄ»ΓÄ»ΓÄ»ΓÄ»ΓÄ»[39m
[31m[1mTypeError[22m: Cannot read properties of null (reading 'init')[39m
[36m [2mΓ¥»[22m DyeComparisonTool.initMarketBoard src/services/pricing-mixin.ts:[2m21:24[22m[39m
    [90m 19| [39m      [35mthis[39m[33m.[39mmarketBoard [33m=[39m [35mnew[39m 
[33mMarketBoard[39m(container)[33m;[39m
    [90m 20| [39m      [35mawait[39m 
[35mthis[39m[33m.[39mmarketBoard[33m.[39m[34mloadServerData[39m()[33m;[39m
    [90m 21| [39m      [35mthis[39m[33m.[39mmarketBoard[33m.[39m[34minit[39m()[33m;[39m
    [90m   | [39m                       [31m^[39m
    [90m 22| [39m      [35mthis[39m[33m.[39m[34msetupMarketBoardListeners[39m(container)[33m;[39m
    [90m 23| [39m
[90m [2mΓ¥»[22m processTicksAndRejections node:internal/process/task_queues:[2m105:5[22m[39m
[90m [2mΓ¥»[22m DyeComparisonTool.bindEvents src/components/dye-comparison-tool.ts:[2m179:7[22m[39m

[31mThis error originated in "[1msrc/components/__tests__/dye-comparison-tool.test.ts[22m" test file. It 
doesn't mean the error was thrown inside the file itself, but while it was running.[39m

[31mΓÄ»ΓÄ»ΓÄ»ΓÄ»[39m[1m[41m Unhandled Rejection [49m[22m[31mΓÄ»ΓÄ»ΓÄ»ΓÄ»ΓÄ»[39m
[31m[1mTypeError[22m: Cannot read properties of null (reading 'init')[39m
[36m [2mΓ¥»[22m DyeComparisonTool.initMarketBoard src/services/pricing-mixin.ts:[2m21:24[22m[39m
    [90m 19| [39m      [35mthis[39m[33m.[39mmarketBoard [33m=[39m [35mnew[39m 
[33mMarketBoard[39m(container)[33m;[39m
    [90m 20| [39m      [35mawait[39m 
[35mthis[39m[33m.[39mmarketBoard[33m.[39m[34mloadServerData[39m()[33m;[39m
    [90m 21| [39m      [35mthis[39m[33m.[39mmarketBoard[33m.[39m[34minit[39m()[33m;[39m
    [90m   | [39m                       [31m^[39m
    [90m 22| [39m      [35mthis[39m[33m.[39m[34msetupMarketBoardListeners[39m(container)[33m;[39m
    [90m 23| [39m
[90m [2mΓ¥»[22m processTicksAndRejections node:internal/process/task_queues:[2m105:5[22m[39m
[90m [2mΓ¥»[22m DyeComparisonTool.bindEvents src/components/dye-comparison-tool.ts:[2m179:7[22m[39m

[31mThis error originated in "[1msrc/components/__tests__/dye-comparison-tool.test.ts[22m" test file. It 
doesn't mean the error was thrown inside the file itself, but while it was running.[39m

[31mΓÄ»ΓÄ»ΓÄ»ΓÄ»[39m[1m[41m Unhandled Rejection [49m[22m[31mΓÄ»ΓÄ»ΓÄ»ΓÄ»ΓÄ»[39m
[31m[1mTypeError[22m: __vite_ssr_import_2__.logger.debug is not a function[39m
[36m [2mΓ¥»[22m src/services/api-service-wrapper.ts:[2m215:16[22m[39m
    [90m213| [39m      [35mvoid[39m 
[33mAPIService[39m[33m.[39mcacheBackend[33m.[39m[34minitialize[39m()[33m.[39m[34mthen[39m(() 
[33m=>[39m {
    [90m214| [39m        [33mAPIService[39m[33m.[39minitialized [33m=[39m [35mtrue[39m[33m;[39m
    [90m215| [39m        logger[33m.[39m[34mdebug[39m([32m'IndexedDB cache backend 
initialized'[39m)[33m;[39m
    [90m   | [39m               [31m^[39m
    [90m216| [39m      })[33m;[39m
    [90m217| [39m    }
[90m [2mΓ¥»[22m processTicksAndRejections node:internal/process/task_queues:[2m105:5[22m[39m

[31mThis error originated in "[1msrc/components/__tests__/color-picker-display.test.ts[22m" test file. It 
doesn't mean the error was thrown inside the file itself, but while it was running.[39m

[31mΓÄ»ΓÄ»ΓÄ»ΓÄ»[39m[1m[41m Unhandled Rejection [49m[22m[31mΓÄ»ΓÄ»ΓÄ»ΓÄ»ΓÄ»[39m
[31m[1mTypeError[22m: __vite_ssr_import_2__.logger.debug is not a function[39m
[36m [2mΓ¥»[22m src/services/api-service-wrapper.ts:[2m215:16[22m[39m
    [90m213| [39m      [35mvoid[39m 
[33mAPIService[39m[33m.[39mcacheBackend[33m.[39m[34minitialize[39m()[33m.[39m[34mthen[39m(() 
[33m=>[39m {
    [90m214| [39m        [33mAPIService[39m[33m.[39minitialized [33m=[39m [35mtrue[39m[33m;[39m
    [90m215| [39m        logger[33m.[39m[34mdebug[39m([32m'IndexedDB cache backend 
initialized'[39m)[33m;[39m
    [90m   | [39m               [31m^[39m
    [90m216| [39m      })[33m;[39m
    [90m217| [39m    }
[90m [2mΓ¥»[22m processTicksAndRejections node:internal/process/task_queues:[2m105:5[22m[39m

[31mThis error originated in "[1msrc/components/__tests__/dye-search-box.test.ts[22m" test file. It doesn't 
mean the error was thrown inside the file itself, but while it was running.[39m
[31mΓÄ»ΓÄ»ΓÄ»ΓÄ»ΓÄ»ΓÄ»ΓÄ»ΓÄ»ΓÄ»ΓÄ»ΓÄ»ΓÄ»ΓÄ»ΓÄ»ΓÄ»ΓÄ»ΓÄ»ΓÄ»ΓÄ»ΓÄ»ΓÄ»ΓÄ»ΓÄ»ΓÄ»ΓÄ»ΓÄ»ΓÄ»ΓÄ»ΓÄ»ΓÄ»[39m


[2m Test Files [22m [1m[31m16 failed[39m[22m[2m | [22m[1m[32m41 passed[39m[22m[90m (57)[39m
[2m      Tests [22m [1m[31m82 failed[39m[22m[2m | [22m[1m[32m1927 passed[39m[22m[90m (2009)[39m
[2m     Errors [22m [1m[31m4 errors[39m[22m
[2m   Start at [22m 08:13:35
[2m   Duration [22m 19.09s[2m (transform 5.91s, setup 17.01s, collect 40.55s, tests 41.72s, environment 255.79s, prepare 1.72s)[22m

